2024-05-19 13:28:35 [INFO] [task_scheduler.cc:160] Initializing Task #1: "fused_nn_contrib_conv2d_NCHWc_add_1"
2024-05-19 13:28:35 [INFO] [task_scheduler.cc:35] 
# from tvm.script import ir as I
# from tvm.script import tir as T

@I.ir_module
class Module:
    @T.prim_func
    def main(p0: T.Buffer((T.int64(1), T.int64(64), T.int64(4), T.int64(4), T.int64(8)), "float32"), p1: T.Buffer((T.int64(128), T.int64(64), T.int64(1), T.int64(1), T.int64(8), T.int64(8)), "float32"), p2: T.Buffer((T.int64(1), T.int64(128), T.int64(1), T.int64(1), T.int64(8)), "float32"), T_add: T.Buffer((T.int64(1), T.int64(128), T.int64(2), T.int64(2), T.int64(8)), "float32")):
        T.func_attr({"tir.noalias": T.bool(True)})
        # with T.block("root"):
        conv2d_NCHWc = T.alloc_buffer((T.int64(1), T.int64(128), T.int64(2), T.int64(2), T.int64(8)))
        for n, oc_chunk, oh, ow, oc_block, ic, kh, kw in T.grid(T.int64(1), T.int64(128), T.int64(2), T.int64(2), T.int64(8), T.int64(512), T.int64(1), T.int64(1)):
            with T.block("conv2d_NCHWc"):
                v_n, v_oc_chunk, v_oh, v_ow, v_oc_block, v_ic, v_kh, v_kw = T.axis.remap("SSSSSRRR", [n, oc_chunk, oh, ow, oc_block, ic, kh, kw])
                T.reads(p0[v_n, v_ic // T.int64(8), v_oh * T.int64(2) + v_kh, v_ow * T.int64(2) + v_kw, v_ic % T.int64(8)], p1[v_oc_chunk, v_ic // T.int64(8), v_kh, v_kw, v_ic % T.int64(8), v_oc_block])
                T.writes(conv2d_NCHWc[v_n, v_oc_chunk, v_oh, v_ow, v_oc_block])
                with T.init():
                    conv2d_NCHWc[v_n, v_oc_chunk, v_oh, v_ow, v_oc_block] = T.float32(0)
                conv2d_NCHWc[v_n, v_oc_chunk, v_oh, v_ow, v_oc_block] = conv2d_NCHWc[v_n, v_oc_chunk, v_oh, v_ow, v_oc_block] + p0[v_n, v_ic // T.int64(8), v_oh * T.int64(2) + v_kh, v_ow * T.int64(2) + v_kw, v_ic % T.int64(8)] * p1[v_oc_chunk, v_ic // T.int64(8), v_kh, v_kw, v_ic % T.int64(8), v_oc_block]
        for ax0, ax1, ax2, ax3, ax4 in T.grid(T.int64(1), T.int64(128), T.int64(2), T.int64(2), T.int64(8)):
            with T.block("T_add"):
                v_ax0, v_ax1, v_ax2, v_ax3, v_ax4 = T.axis.remap("SSSSS", [ax0, ax1, ax2, ax3, ax4])
                T.reads(conv2d_NCHWc[v_ax0, v_ax1, v_ax2, v_ax3, v_ax4], p2[v_ax0, v_ax1, T.int64(0), T.int64(0), v_ax4])
                T.writes(T_add[v_ax0, v_ax1, v_ax2, v_ax3, v_ax4])
                T_add[v_ax0, v_ax1, v_ax2, v_ax3, v_ax4] = conv2d_NCHWc[v_ax0, v_ax1, v_ax2, v_ax3, v_ax4] + p2[v_ax0, v_ax1, T.int64(0), T.int64(0), v_ax4]
2024-05-19 13:28:35 [INFO] [task_scheduler.cc:164] Total 3 design space(s) generated
2024-05-19 13:28:35 [INFO] [task_scheduler.cc:170] Design space #0:
# from tvm.script import ir as I
# from tvm.script import tir as T

@I.ir_module
class Module:
    @T.prim_func
    def main(p0: T.Buffer((T.int64(1), T.int64(64), T.int64(4), T.int64(4), T.int64(8)), "float32"), p1: T.Buffer((T.int64(128), T.int64(64), T.int64(1), T.int64(1), T.int64(8), T.int64(8)), "float32"), p2: T.Buffer((T.int64(1), T.int64(128), T.int64(1), T.int64(1), T.int64(8)), "float32"), T_add: T.Buffer((T.int64(1), T.int64(128), T.int64(2), T.int64(2), T.int64(8)), "float32")):
        T.func_attr({"tir.noalias": T.bool(True)})
        with T.block("root"):
            T.reads()
            T.writes()
            T.block_attr({"meta_schedule.parallel": 96, "meta_schedule.unroll_explicit": 64, "meta_schedule.vectorize": 64})
            conv2d_NCHWc = T.alloc_buffer((T.int64(1), T.int64(128), T.int64(2), T.int64(2), T.int64(8)))
            for n_0, oc_chunk_0, oh_0, ow_0, oc_block_0, n_1, oc_chunk_1, oh_1, ow_1, oc_block_1, ic_0, kh_0, kw_0, n_2, oc_chunk_2, oh_2, ow_2, oc_block_2, ic_1, kh_1, kw_1, n_3, oc_chunk_3, oh_3, ow_3, oc_block_3 in T.grid(T.int64(1), T.int64(1), T.int64(1), T.int64(1), T.int64(1), T.int64(1), T.int64(4), T.int64(2), T.int64(2), T.int64(2), T.int64(16), T.int64(1), T.int64(1), T.int64(1), T.int64(4), T.int64(1), T.int64(1), T.int64(1), T.int64(32), T.int64(1), T.int64(1), T.int64(1), T.int64(8), T.int64(1), T.int64(1), T.int64(4)):
                with T.block("conv2d_NCHWc"):
                    v_n = T.axis.spatial(T.int64(1), n_0 + n_1 + n_2 + n_3)
                    v_oc_chunk = T.axis.spatial(T.int64(128), oc_chunk_0 * T.int64(128) + oc_chunk_1 * T.int64(32) + oc_chunk_2 * T.int64(8) + oc_chunk_3)
                    v_oh = T.axis.spatial(T.int64(2), oh_0 * T.int64(2) + oh_1 + oh_2 + oh_3)
                    v_ow = T.axis.spatial(T.int64(2), ow_0 * T.int64(2) + ow_1 + ow_2 + ow_3)
                    v_oc_block = T.axis.spatial(T.int64(8), oc_block_0 * T.int64(8) + oc_block_1 * T.int64(4) + oc_block_2 * T.int64(4) + oc_block_3)
                    v_ic = T.axis.reduce(T.int64(512), ic_0 * T.int64(32) + ic_1)
                    v_kh = T.axis.reduce(T.int64(1), kh_0 + kh_1)
                    v_kw = T.axis.reduce(T.int64(1), kw_0 + kw_1)
                    T.reads(p0[v_n, v_ic // T.int64(8), v_oh * T.int64(2) + v_kh, v_ow * T.int64(2) + v_kw, v_ic % T.int64(8)], p1[v_oc_chunk, v_ic // T.int64(8), v_kh, v_kw, v_ic % T.int64(8), v_oc_block])
                    T.writes(conv2d_NCHWc[v_n, v_oc_chunk, v_oh, v_ow, v_oc_block])
                    T.block_attr({"meta_schedule.tiling_structure": "SSRSRS"})
                    with T.init():
                        conv2d_NCHWc[v_n, v_oc_chunk, v_oh, v_ow, v_oc_block] = T.float32(0)
                    conv2d_NCHWc[v_n, v_oc_chunk, v_oh, v_ow, v_oc_block] = conv2d_NCHWc[v_n, v_oc_chunk, v_oh, v_ow, v_oc_block] + p0[v_n, v_ic // T.int64(8), v_oh * T.int64(2) + v_kh, v_ow * T.int64(2) + v_kw, v_ic % T.int64(8)] * p1[v_oc_chunk, v_ic // T.int64(8), v_kh, v_kw, v_ic % T.int64(8), v_oc_block]
            for ax0, ax1, ax2, ax3, ax4 in T.grid(T.int64(1), T.int64(128), T.int64(2), T.int64(2), T.int64(8)):
                with T.block("T_add"):
                    v_ax0, v_ax1, v_ax2, v_ax3, v_ax4 = T.axis.remap("SSSSS", [ax0, ax1, ax2, ax3, ax4])
                    T.reads(conv2d_NCHWc[v_ax0, v_ax1, v_ax2, v_ax3, v_ax4], p2[v_ax0, v_ax1, T.int64(0), T.int64(0), v_ax4])
                    T.writes(T_add[v_ax0, v_ax1, v_ax2, v_ax3, v_ax4])
                    T_add[v_ax0, v_ax1, v_ax2, v_ax3, v_ax4] = conv2d_NCHWc[v_ax0, v_ax1, v_ax2, v_ax3, v_ax4] + p2[v_ax0, v_ax1, T.int64(0), T.int64(0), v_ax4]
b0 = sch.get_block(name="conv2d_NCHWc", func_name="main")
b1 = sch.get_block(name="root", func_name="main")
sch.annotate(block_or_loop=b0, ann_key="meta_schedule.tiling_structure", ann_val="SSRSRS")
l2, l3, l4, l5, l6, l7, l8, l9 = sch.get_loops(block=b0)
v10, v11, v12, v13 = sch.sample_perfect_tile(loop=l2, n=4, max_innermost_factor=64, decision=[1, 1, 1, 1])
l14, l15, l16, l17 = sch.split(loop=l2, factors=[v10, v11, v12, v13], preserve_unit_iters=True, disable_predication=False)
v18, v19, v20, v21 = sch.sample_perfect_tile(loop=l3, n=4, max_innermost_factor=64, decision=[1, 4, 4, 8])
l22, l23, l24, l25 = sch.split(loop=l3, factors=[v18, v19, v20, v21], preserve_unit_iters=True, disable_predication=False)
v26, v27, v28, v29 = sch.sample_perfect_tile(loop=l4, n=4, max_innermost_factor=64, decision=[1, 2, 1, 1])
l30, l31, l32, l33 = sch.split(loop=l4, factors=[v26, v27, v28, v29], preserve_unit_iters=True, disable_predication=False)
v34, v35, v36, v37 = sch.sample_perfect_tile(loop=l5, n=4, max_innermost_factor=64, decision=[1, 2, 1, 1])
l38, l39, l40, l41 = sch.split(loop=l5, factors=[v34, v35, v36, v37], preserve_unit_iters=True, disable_predication=False)
v42, v43, v44, v45 = sch.sample_perfect_tile(loop=l6, n=4, max_innermost_factor=64, decision=[1, 2, 1, 4])
l46, l47, l48, l49 = sch.split(loop=l6, factors=[v42, v43, v44, v45], preserve_unit_iters=True, disable_predication=False)
v50, v51 = sch.sample_perfect_tile(loop=l7, n=2, max_innermost_factor=64, decision=[16, 32])
l52, l53 = sch.split(loop=l7, factors=[v50, v51], preserve_unit_iters=True, disable_predication=False)
v54, v55 = sch.sample_perfect_tile(loop=l8, n=2, max_innermost_factor=64, decision=[1, 1])
l56, l57 = sch.split(loop=l8, factors=[v54, v55], preserve_unit_iters=True, disable_predication=False)
v58, v59 = sch.sample_perfect_tile(loop=l9, n=2, max_innermost_factor=64, decision=[1, 1])
l60, l61 = sch.split(loop=l9, factors=[v58, v59], preserve_unit_iters=True, disable_predication=False)
sch.reorder(l14, l22, l30, l38, l46, l15, l23, l31, l39, l47, l52, l56, l60, l16, l24, l32, l40, l48, l53, l57, l61, l17, l25, l33, l41, l49)
sch.annotate(block_or_loop=b1, ann_key="meta_schedule.parallel", ann_val=96)
sch.annotate(block_or_loop=b1, ann_key="meta_schedule.vectorize", ann_val=64)
v62 = sch.sample_categorical(candidates=[0, 16, 64, 512], probs=[0.25, 0.25, 0.25, 0.25], decision=2)
sch.annotate(block_or_loop=b1, ann_key="meta_schedule.unroll_explicit", ann_val=v62)
2024-05-19 13:28:35 [INFO] [task_scheduler.cc:170] Design space #1:
# from tvm.script import ir as I
# from tvm.script import tir as T

@I.ir_module
class Module:
    @T.prim_func
    def main(p0: T.Buffer((T.int64(1), T.int64(64), T.int64(4), T.int64(4), T.int64(8)), "float32"), p1: T.Buffer((T.int64(128), T.int64(64), T.int64(1), T.int64(1), T.int64(8), T.int64(8)), "float32"), p2: T.Buffer((T.int64(1), T.int64(128), T.int64(1), T.int64(1), T.int64(8)), "float32"), T_add: T.Buffer((T.int64(1), T.int64(128), T.int64(2), T.int64(2), T.int64(8)), "float32")):
        T.func_attr({"tir.noalias": T.bool(True)})
        with T.block("root"):
            T.reads()
            T.writes()
            T.block_attr({"meta_schedule.parallel": 96, "meta_schedule.unroll_explicit": 512, "meta_schedule.vectorize": 64})
            conv2d_NCHWc = T.alloc_buffer((T.int64(1), T.int64(128), T.int64(2), T.int64(2), T.int64(8)))
            for n_0, oc_chunk_0, oh_0, ow_0, oc_block_0, n_1, oc_chunk_1, oh_1, ow_1, oc_block_1 in T.grid(T.int64(1), T.int64(1), T.int64(1), T.int64(1), T.int64(1), T.int64(1), T.int64(4), T.int64(2), T.int64(2), T.int64(2)):
                for ic_0, kh_0, kw_0, n_2, oc_chunk_2, oh_2, ow_2, oc_block_2, ic_1, kh_1, kw_1, n_3, oc_chunk_3, oh_3, ow_3, oc_block_3 in T.grid(T.int64(16), T.int64(1), T.int64(1), T.int64(1), T.int64(4), T.int64(1), T.int64(1), T.int64(1), T.int64(32), T.int64(1), T.int64(1), T.int64(1), T.int64(8), T.int64(1), T.int64(1), T.int64(4)):
                    with T.block("conv2d_NCHWc"):
                        v_n = T.axis.spatial(T.int64(1), n_0 + n_1 + n_2 + n_3)
                        v_oc_chunk = T.axis.spatial(T.int64(128), oc_chunk_0 * T.int64(128) + oc_chunk_1 * T.int64(32) + oc_chunk_2 * T.int64(8) + oc_chunk_3)
                        v_oh = T.axis.spatial(T.int64(2), oh_0 * T.int64(2) + oh_1 + oh_2 + oh_3)
                        v_ow = T.axis.spatial(T.int64(2), ow_0 * T.int64(2) + ow_1 + ow_2 + ow_3)
                        v_oc_block = T.axis.spatial(T.int64(8), oc_block_0 * T.int64(8) + oc_block_1 * T.int64(4) + oc_block_2 * T.int64(4) + oc_block_3)
                        v_ic = T.axis.reduce(T.int64(512), ic_0 * T.int64(32) + ic_1)
                        v_kh = T.axis.reduce(T.int64(1), kh_0 + kh_1)
                        v_kw = T.axis.reduce(T.int64(1), kw_0 + kw_1)
                        T.reads(p0[v_n, v_ic // T.int64(8), v_oh * T.int64(2) + v_kh, v_ow * T.int64(2) + v_kw, v_ic % T.int64(8)], p1[v_oc_chunk, v_ic // T.int64(8), v_kh, v_kw, v_ic % T.int64(8), v_oc_block])
                        T.writes(conv2d_NCHWc[v_n, v_oc_chunk, v_oh, v_ow, v_oc_block])
                        T.block_attr({"meta_schedule.tiling_structure": "SSRSRS"})
                        with T.init():
                            conv2d_NCHWc[v_n, v_oc_chunk, v_oh, v_ow, v_oc_block] = T.float32(0)
                        conv2d_NCHWc[v_n, v_oc_chunk, v_oh, v_ow, v_oc_block] = conv2d_NCHWc[v_n, v_oc_chunk, v_oh, v_ow, v_oc_block] + p0[v_n, v_ic // T.int64(8), v_oh * T.int64(2) + v_kh, v_ow * T.int64(2) + v_kw, v_ic % T.int64(8)] * p1[v_oc_chunk, v_ic // T.int64(8), v_kh, v_kw, v_ic % T.int64(8), v_oc_block]
                for ax0, ax1, ax2, ax3, ax4 in T.grid(T.int64(1), T.int64(32), T.int64(1), T.int64(1), T.int64(4)):
                    with T.block("T_add"):
                        v_ax0 = T.axis.spatial(T.int64(1), ax0)
                        v_ax1 = T.axis.spatial(T.int64(128), oc_chunk_1 * T.int64(32) + ax1)
                        v_ax2 = T.axis.spatial(T.int64(2), oh_1 + ax2)
                        v_ax3 = T.axis.spatial(T.int64(2), ow_1 + ax3)
                        v_ax4 = T.axis.spatial(T.int64(8), oc_block_1 * T.int64(4) + ax4)
                        T.reads(conv2d_NCHWc[v_ax0, v_ax1, v_ax2, v_ax3, v_ax4], p2[v_ax0, v_ax1, T.int64(0), T.int64(0), v_ax4])
                        T.writes(T_add[v_ax0, v_ax1, v_ax2, v_ax3, v_ax4])
                        T_add[v_ax0, v_ax1, v_ax2, v_ax3, v_ax4] = conv2d_NCHWc[v_ax0, v_ax1, v_ax2, v_ax3, v_ax4] + p2[v_ax0, v_ax1, T.int64(0), T.int64(0), v_ax4]
b0 = sch.get_block(name="conv2d_NCHWc", func_name="main")
b1 = sch.get_block(name="root", func_name="main")
sch.annotate(block_or_loop=b0, ann_key="meta_schedule.tiling_structure", ann_val="SSRSRS")
l2, l3, l4, l5, l6, l7, l8, l9 = sch.get_loops(block=b0)
v10, v11, v12, v13 = sch.sample_perfect_tile(loop=l2, n=4, max_innermost_factor=64, decision=[1, 1, 1, 1])
l14, l15, l16, l17 = sch.split(loop=l2, factors=[v10, v11, v12, v13], preserve_unit_iters=True, disable_predication=False)
v18, v19, v20, v21 = sch.sample_perfect_tile(loop=l3, n=4, max_innermost_factor=64, decision=[1, 4, 4, 8])
l22, l23, l24, l25 = sch.split(loop=l3, factors=[v18, v19, v20, v21], preserve_unit_iters=True, disable_predication=False)
v26, v27, v28, v29 = sch.sample_perfect_tile(loop=l4, n=4, max_innermost_factor=64, decision=[1, 2, 1, 1])
l30, l31, l32, l33 = sch.split(loop=l4, factors=[v26, v27, v28, v29], preserve_unit_iters=True, disable_predication=False)
v34, v35, v36, v37 = sch.sample_perfect_tile(loop=l5, n=4, max_innermost_factor=64, decision=[1, 2, 1, 1])
l38, l39, l40, l41 = sch.split(loop=l5, factors=[v34, v35, v36, v37], preserve_unit_iters=True, disable_predication=False)
v42, v43, v44, v45 = sch.sample_perfect_tile(loop=l6, n=4, max_innermost_factor=64, decision=[1, 2, 1, 4])
l46, l47, l48, l49 = sch.split(loop=l6, factors=[v42, v43, v44, v45], preserve_unit_iters=True, disable_predication=False)
v50, v51 = sch.sample_perfect_tile(loop=l7, n=2, max_innermost_factor=64, decision=[16, 32])
l52, l53 = sch.split(loop=l7, factors=[v50, v51], preserve_unit_iters=True, disable_predication=False)
v54, v55 = sch.sample_perfect_tile(loop=l8, n=2, max_innermost_factor=64, decision=[1, 1])
l56, l57 = sch.split(loop=l8, factors=[v54, v55], preserve_unit_iters=True, disable_predication=False)
v58, v59 = sch.sample_perfect_tile(loop=l9, n=2, max_innermost_factor=64, decision=[1, 1])
l60, l61 = sch.split(loop=l9, factors=[v58, v59], preserve_unit_iters=True, disable_predication=False)
sch.reorder(l14, l22, l30, l38, l46, l15, l23, l31, l39, l47, l52, l56, l60, l16, l24, l32, l40, l48, l53, l57, l61, l17, l25, l33, l41, l49)
b62, = sch.get_consumers(block=b0)
sch.reverse_compute_at(block=b62, loop=l47, preserve_unit_loops=True, index=-1)
sch.annotate(block_or_loop=b1, ann_key="meta_schedule.parallel", ann_val=96)
sch.annotate(block_or_loop=b1, ann_key="meta_schedule.vectorize", ann_val=64)
v63 = sch.sample_categorical(candidates=[0, 16, 64, 512], probs=[0.25, 0.25, 0.25, 0.25], decision=3)
sch.annotate(block_or_loop=b1, ann_key="meta_schedule.unroll_explicit", ann_val=v63)
2024-05-19 13:28:35 [INFO] [task_scheduler.cc:170] Design space #2:
# from tvm.script import ir as I
# from tvm.script import tir as T

@I.ir_module
class Module:
    @T.prim_func
    def main(p0: T.Buffer((T.int64(1), T.int64(64), T.int64(4), T.int64(4), T.int64(8)), "float32"), p1: T.Buffer((T.int64(128), T.int64(64), T.int64(1), T.int64(1), T.int64(8), T.int64(8)), "float32"), p2: T.Buffer((T.int64(1), T.int64(128), T.int64(1), T.int64(1), T.int64(8)), "float32"), T_add: T.Buffer((T.int64(1), T.int64(128), T.int64(2), T.int64(2), T.int64(8)), "float32")):
        T.func_attr({"tir.noalias": T.bool(True)})
        with T.block("root"):
            T.reads()
            T.writes()
            T.block_attr({"meta_schedule.parallel": 96, "meta_schedule.unroll_explicit": 64, "meta_schedule.vectorize": 64})
            conv2d_NCHWc = T.alloc_buffer((T.int64(1), T.int64(128), T.int64(2), T.int64(2), T.int64(8)))
            for n_0, oc_chunk_0, oh_0, ow_0, oc_block_0 in T.grid(T.int64(1), T.int64(1), T.int64(1), T.int64(1), T.int64(1)):
                for n_1, oc_chunk_1, oh_1, ow_1, oc_block_1, ic_0, kh_0, kw_0, n_2, oc_chunk_2, oh_2, ow_2, oc_block_2, ic_1, kh_1, kw_1, n_3, oc_chunk_3, oh_3, ow_3, oc_block_3 in T.grid(T.int64(1), T.int64(4), T.int64(2), T.int64(2), T.int64(2), T.int64(16), T.int64(1), T.int64(1), T.int64(1), T.int64(4), T.int64(1), T.int64(1), T.int64(1), T.int64(32), T.int64(1), T.int64(1), T.int64(1), T.int64(8), T.int64(1), T.int64(1), T.int64(4)):
                    with T.block("conv2d_NCHWc"):
                        v_n = T.axis.spatial(T.int64(1), n_0 + n_1 + n_2 + n_3)
                        v_oc_chunk = T.axis.spatial(T.int64(128), oc_chunk_0 * T.int64(128) + oc_chunk_1 * T.int64(32) + oc_chunk_2 * T.int64(8) + oc_chunk_3)
                        v_oh = T.axis.spatial(T.int64(2), oh_0 * T.int64(2) + oh_1 + oh_2 + oh_3)
                        v_ow = T.axis.spatial(T.int64(2), ow_0 * T.int64(2) + ow_1 + ow_2 + ow_3)
                        v_oc_block = T.axis.spatial(T.int64(8), oc_block_0 * T.int64(8) + oc_block_1 * T.int64(4) + oc_block_2 * T.int64(4) + oc_block_3)
                        v_ic = T.axis.reduce(T.int64(512), ic_0 * T.int64(32) + ic_1)
                        v_kh = T.axis.reduce(T.int64(1), kh_0 + kh_1)
                        v_kw = T.axis.reduce(T.int64(1), kw_0 + kw_1)
                        T.reads(p0[v_n, v_ic // T.int64(8), v_oh * T.int64(2) + v_kh, v_ow * T.int64(2) + v_kw, v_ic % T.int64(8)], p1[v_oc_chunk, v_ic // T.int64(8), v_kh, v_kw, v_ic % T.int64(8), v_oc_block])
                        T.writes(conv2d_NCHWc[v_n, v_oc_chunk, v_oh, v_ow, v_oc_block])
                        T.block_attr({"meta_schedule.tiling_structure": "SSRSRS"})
                        with T.init():
                            conv2d_NCHWc[v_n, v_oc_chunk, v_oh, v_ow, v_oc_block] = T.float32(0)
                        conv2d_NCHWc[v_n, v_oc_chunk, v_oh, v_ow, v_oc_block] = conv2d_NCHWc[v_n, v_oc_chunk, v_oh, v_ow, v_oc_block] + p0[v_n, v_ic // T.int64(8), v_oh * T.int64(2) + v_kh, v_ow * T.int64(2) + v_kw, v_ic % T.int64(8)] * p1[v_oc_chunk, v_ic // T.int64(8), v_kh, v_kw, v_ic % T.int64(8), v_oc_block]
                for ax0, ax1, ax2, ax3, ax4 in T.grid(T.int64(1), T.int64(128), T.int64(2), T.int64(2), T.int64(8)):
                    with T.block("T_add"):
                        v_ax0, v_ax1, v_ax2, v_ax3, v_ax4 = T.axis.remap("SSSSS", [ax0, ax1, ax2, ax3, ax4])
                        T.reads(conv2d_NCHWc[v_ax0, v_ax1, v_ax2, v_ax3, v_ax4], p2[v_ax0, v_ax1, T.int64(0), T.int64(0), v_ax4])
                        T.writes(T_add[v_ax0, v_ax1, v_ax2, v_ax3, v_ax4])
                        T_add[v_ax0, v_ax1, v_ax2, v_ax3, v_ax4] = conv2d_NCHWc[v_ax0, v_ax1, v_ax2, v_ax3, v_ax4] + p2[v_ax0, v_ax1, T.int64(0), T.int64(0), v_ax4]
b0 = sch.get_block(name="conv2d_NCHWc", func_name="main")
b1 = sch.get_block(name="root", func_name="main")
sch.annotate(block_or_loop=b0, ann_key="meta_schedule.tiling_structure", ann_val="SSRSRS")
l2, l3, l4, l5, l6, l7, l8, l9 = sch.get_loops(block=b0)
v10, v11, v12, v13 = sch.sample_perfect_tile(loop=l2, n=4, max_innermost_factor=64, decision=[1, 1, 1, 1])
l14, l15, l16, l17 = sch.split(loop=l2, factors=[v10, v11, v12, v13], preserve_unit_iters=True, disable_predication=False)
v18, v19, v20, v21 = sch.sample_perfect_tile(loop=l3, n=4, max_innermost_factor=64, decision=[1, 4, 4, 8])
l22, l23, l24, l25 = sch.split(loop=l3, factors=[v18, v19, v20, v21], preserve_unit_iters=True, disable_predication=False)
v26, v27, v28, v29 = sch.sample_perfect_tile(loop=l4, n=4, max_innermost_factor=64, decision=[1, 2, 1, 1])
l30, l31, l32, l33 = sch.split(loop=l4, factors=[v26, v27, v28, v29], preserve_unit_iters=True, disable_predication=False)
v34, v35, v36, v37 = sch.sample_perfect_tile(loop=l5, n=4, max_innermost_factor=64, decision=[1, 2, 1, 1])
l38, l39, l40, l41 = sch.split(loop=l5, factors=[v34, v35, v36, v37], preserve_unit_iters=True, disable_predication=False)
v42, v43, v44, v45 = sch.sample_perfect_tile(loop=l6, n=4, max_innermost_factor=64, decision=[1, 2, 1, 4])
l46, l47, l48, l49 = sch.split(loop=l6, factors=[v42, v43, v44, v45], preserve_unit_iters=True, disable_predication=False)
v50, v51 = sch.sample_perfect_tile(loop=l7, n=2, max_innermost_factor=64, decision=[16, 32])
l52, l53 = sch.split(loop=l7, factors=[v50, v51], preserve_unit_iters=True, disable_predication=False)
v54, v55 = sch.sample_perfect_tile(loop=l8, n=2, max_innermost_factor=64, decision=[1, 1])
l56, l57 = sch.split(loop=l8, factors=[v54, v55], preserve_unit_iters=True, disable_predication=False)
v58, v59 = sch.sample_perfect_tile(loop=l9, n=2, max_innermost_factor=64, decision=[1, 1])
l60, l61 = sch.split(loop=l9, factors=[v58, v59], preserve_unit_iters=True, disable_predication=False)
sch.reorder(l14, l22, l30, l38, l46, l15, l23, l31, l39, l47, l52, l56, l60, l16, l24, l32, l40, l48, l53, l57, l61, l17, l25, l33, l41, l49)
b62, = sch.get_consumers(block=b0)
sch.reverse_compute_at(block=b62, loop=l46, preserve_unit_loops=True, index=-1)
sch.annotate(block_or_loop=b1, ann_key="meta_schedule.parallel", ann_val=96)
sch.annotate(block_or_loop=b1, ann_key="meta_schedule.vectorize", ann_val=64)
v63 = sch.sample_categorical(candidates=[0, 16, 64, 512], probs=[0.25, 0.25, 0.25, 0.25], decision=2)
sch.annotate(block_or_loop=b1, ann_key="meta_schedule.unroll_explicit", ann_val=v63)
2024-05-19 13:30:43 [INFO] [evolutionary_search.cc:713] Generating candidates......
2024-05-19 13:30:43 [INFO] [evolutionary_search.cc:715] Picked top 0 candidate(s) from database
2024-05-19 13:30:44 [INFO] [evolutionary_search.cc:533] Sample-Init-Population summary:
Postproc #0 [meta_schedule.DisallowDynamicLoop(0xdcfb958)]: 0 failure(s)
Postproc #1 [meta_schedule.RewriteParallelVectorizeUnroll(0xd0b4438)]: 0 failure(s)
Postproc #2 [meta_schedule.RewriteReductionBlock(0x137c11e8)]: 0 failure(s)
Postproc #3 [meta_schedule.RewriteLayout(0x14bd81b8)]: 0 failure(s)
2024-05-19 13:30:44 [INFO] [evolutionary_search.cc:723] Sampled 512 candidate(s)
2024-05-19 13:30:45 [INFO] [evolutionary_search.cc:621] Evolve iter #0 done. Summary:
Postproc #0 [meta_schedule.DisallowDynamicLoop(0xdcfb958)]: 0 failure(s)
Postproc #1 [meta_schedule.RewriteParallelVectorizeUnroll(0xd0b4438)]: 0 failure(s)
Postproc #2 [meta_schedule.RewriteReductionBlock(0x137c11e8)]: 0 failure(s)
Postproc #3 [meta_schedule.RewriteLayout(0x14bd81b8)]: 0 failure(s)
2024-05-19 13:30:46 [INFO] [evolutionary_search.cc:621] Evolve iter #1 done. Summary:
Postproc #0 [meta_schedule.DisallowDynamicLoop(0xdcfb958)]: 0 failure(s)
Postproc #1 [meta_schedule.RewriteParallelVectorizeUnroll(0xd0b4438)]: 0 failure(s)
Postproc #2 [meta_schedule.RewriteReductionBlock(0x137c11e8)]: 0 failure(s)
Postproc #3 [meta_schedule.RewriteLayout(0x14bd81b8)]: 0 failure(s)
2024-05-19 13:30:47 [INFO] [evolutionary_search.cc:621] Evolve iter #2 done. Summary:
Postproc #0 [meta_schedule.DisallowDynamicLoop(0xdcfb958)]: 0 failure(s)
Postproc #1 [meta_schedule.RewriteParallelVectorizeUnroll(0xd0b4438)]: 0 failure(s)
Postproc #2 [meta_schedule.RewriteReductionBlock(0x137c11e8)]: 0 failure(s)
Postproc #3 [meta_schedule.RewriteLayout(0x14bd81b8)]: 0 failure(s)
2024-05-19 13:30:48 [INFO] [evolutionary_search.cc:621] Evolve iter #3 done. Summary:
Postproc #0 [meta_schedule.DisallowDynamicLoop(0xdcfb958)]: 0 failure(s)
Postproc #1 [meta_schedule.RewriteParallelVectorizeUnroll(0xd0b4438)]: 0 failure(s)
Postproc #2 [meta_schedule.RewriteReductionBlock(0x137c11e8)]: 0 failure(s)
Postproc #3 [meta_schedule.RewriteLayout(0x14bd81b8)]: 0 failure(s)
2024-05-19 13:30:48 [INFO] [evolutionary_search.cc:649] Scores of the best 64 candidates:
[1 : 16]:	0.9997  0.9995  0.9993  0.9978  0.9975  0.9974  0.9973  0.9970  0.9967  0.9964  0.9963  0.9962  0.9958  0.9958  0.9942  0.9940
[17 : 32]:	0.9929  0.9926  0.9921  0.9918  0.9916  0.9916  0.9915  0.9914  0.9907  0.9905  0.9904  0.9900  0.9895  0.9887  0.9883  0.9844
[33 : 48]:	0.9831  0.9813  0.9807  0.9804  0.9802  0.9799  0.9797  0.9796  0.9793  0.9787  0.9783  0.9782  0.9778  0.9773  0.9772  0.9769
[49 : 64]:	0.9767  0.9765  0.9763  0.9746  0.9736  0.9731  0.9730  0.9716  0.9714  0.9696  0.9693  0.9693  0.9692  0.9686  0.9677  0.9671
2024-05-19 13:30:48 [INFO] [evolutionary_search.cc:727] Got 64 candidate(s) with evolutionary search
2024-05-19 13:30:48 [INFO] [evolutionary_search.cc:730] Sending 64 candidates(s) for measurement
2024-05-19 14:19:02 [INFO] [task_scheduler.cc:131] [Task #1: fused_nn_contrib_conv2d_NCHWc_add_1] Trial #1: GFLOPs: 14.1997. Time: 295.6688 us. Best GFLOPs: 14.1997
2024-05-19 14:19:02 [INFO] [task_scheduler.cc:131] [Task #1: fused_nn_contrib_conv2d_NCHWc_add_1] Trial #2: GFLOPs: 32.1149. Time: 130.7306 us. Best GFLOPs: 32.1149
2024-05-19 14:19:02 [INFO] [task_scheduler.cc:131] [Task #1: fused_nn_contrib_conv2d_NCHWc_add_1] Trial #3: GFLOPs: 8.8411. Time: 474.8746 us. Best GFLOPs: 32.1149
2024-05-19 14:19:02 [INFO] [task_scheduler.cc:131] [Task #1: fused_nn_contrib_conv2d_NCHWc_add_1] Trial #4: GFLOPs: 29.3667. Time: 142.9646 us. Best GFLOPs: 32.1149
2024-05-19 14:19:02 [INFO] [task_scheduler.cc:131] [Task #1: fused_nn_contrib_conv2d_NCHWc_add_1] Trial #5: GFLOPs: 12.9237. Time: 324.8601 us. Best GFLOPs: 32.1149
2024-05-19 14:19:02 [INFO] [task_scheduler.cc:131] [Task #1: fused_nn_contrib_conv2d_NCHWc_add_1] Trial #6: GFLOPs: 12.3522. Time: 339.8895 us. Best GFLOPs: 32.1149
2024-05-19 14:19:02 [INFO] [task_scheduler.cc:131] [Task #1: fused_nn_contrib_conv2d_NCHWc_add_1] Trial #7: GFLOPs: 8.0803. Time: 519.5833 us. Best GFLOPs: 32.1149
2024-05-19 14:19:02 [INFO] [task_scheduler.cc:131] [Task #1: fused_nn_contrib_conv2d_NCHWc_add_1] Trial #8: GFLOPs: 14.4529. Time: 290.4886 us. Best GFLOPs: 32.1149
2024-05-19 14:19:02 [INFO] [task_scheduler.cc:131] [Task #1: fused_nn_contrib_conv2d_NCHWc_add_1] Trial #9: GFLOPs: 8.9648. Time: 468.3217 us. Best GFLOPs: 32.1149
2024-05-19 14:19:02 [INFO] [task_scheduler.cc:131] [Task #1: fused_nn_contrib_conv2d_NCHWc_add_1] Trial #10: GFLOPs: 19.7562. Time: 212.5100 us. Best GFLOPs: 32.1149
2024-05-19 14:19:02 [INFO] [task_scheduler.cc:131] [Task #1: fused_nn_contrib_conv2d_NCHWc_add_1] Trial #11: GFLOPs: 15.8389. Time: 265.0686 us. Best GFLOPs: 32.1149
2024-05-19 14:19:02 [INFO] [task_scheduler.cc:131] [Task #1: fused_nn_contrib_conv2d_NCHWc_add_1] Trial #12: GFLOPs: 7.7560. Time: 541.3074 us. Best GFLOPs: 32.1149
2024-05-19 14:19:02 [INFO] [task_scheduler.cc:131] [Task #1: fused_nn_contrib_conv2d_NCHWc_add_1] Trial #13: GFLOPs: 7.8579. Time: 534.2900 us. Best GFLOPs: 32.1149
2024-05-19 14:19:02 [INFO] [task_scheduler.cc:131] [Task #1: fused_nn_contrib_conv2d_NCHWc_add_1] Trial #14: GFLOPs: 31.1611. Time: 134.7319 us. Best GFLOPs: 32.1149
2024-05-19 14:19:02 [INFO] [task_scheduler.cc:131] [Task #1: fused_nn_contrib_conv2d_NCHWc_add_1] Trial #15: GFLOPs: 8.4046. Time: 499.5368 us. Best GFLOPs: 32.1149
2024-05-19 14:19:02 [INFO] [task_scheduler.cc:131] [Task #1: fused_nn_contrib_conv2d_NCHWc_add_1] Trial #16: GFLOPs: 4.7956. Time: 875.4734 us. Best GFLOPs: 32.1149
2024-05-19 14:19:02 [INFO] [task_scheduler.cc:131] [Task #1: fused_nn_contrib_conv2d_NCHWc_add_1] Trial #17: GFLOPs: 17.2928. Time: 242.7830 us. Best GFLOPs: 32.1149
2024-05-19 14:19:02 [INFO] [task_scheduler.cc:131] [Task #1: fused_nn_contrib_conv2d_NCHWc_add_1] Trial #18: GFLOPs: 45.4268. Time: 92.4213 us. Best GFLOPs: 45.4268
2024-05-19 14:19:02 [INFO] [task_scheduler.cc:131] [Task #1: fused_nn_contrib_conv2d_NCHWc_add_1] Trial #19: GFLOPs: 25.8626. Time: 162.3348 us. Best GFLOPs: 45.4268
2024-05-19 14:19:02 [INFO] [task_scheduler.cc:131] [Task #1: fused_nn_contrib_conv2d_NCHWc_add_1] Trial #20: GFLOPs: 4.8790. Time: 860.5055 us. Best GFLOPs: 45.4268
2024-05-19 14:19:02 [INFO] [task_scheduler.cc:131] [Task #1: fused_nn_contrib_conv2d_NCHWc_add_1] Trial #21: GFLOPs: 21.3561. Time: 196.5907 us. Best GFLOPs: 45.4268
2024-05-19 14:19:02 [INFO] [task_scheduler.cc:131] [Task #1: fused_nn_contrib_conv2d_NCHWc_add_1] Trial #22: GFLOPs: 14.0466. Time: 298.8915 us. Best GFLOPs: 45.4268
2024-05-19 14:19:02 [INFO] [task_scheduler.cc:131] [Task #1: fused_nn_contrib_conv2d_NCHWc_add_1] Trial #23: GFLOPs: 2.7801. Time: 1510.1586 us. Best GFLOPs: 45.4268
2024-05-19 14:19:02 [INFO] [task_scheduler.cc:131] [Task #1: fused_nn_contrib_conv2d_NCHWc_add_1] Trial #24: GFLOPs: 26.3888. Time: 159.0980 us. Best GFLOPs: 45.4268
2024-05-19 14:19:02 [INFO] [task_scheduler.cc:131] [Task #1: fused_nn_contrib_conv2d_NCHWc_add_1] Trial #25: GFLOPs: 29.4120. Time: 142.7444 us. Best GFLOPs: 45.4268
2024-05-19 14:19:02 [INFO] [task_scheduler.cc:131] [Task #1: fused_nn_contrib_conv2d_NCHWc_add_1] Trial #26: GFLOPs: 17.9359. Time: 234.0785 us. Best GFLOPs: 45.4268
2024-05-19 14:19:02 [INFO] [task_scheduler.cc:131] [Task #1: fused_nn_contrib_conv2d_NCHWc_add_1] Trial #27: GFLOPs: 14.0956. Time: 297.8511 us. Best GFLOPs: 45.4268
2024-05-19 14:19:02 [INFO] [task_scheduler.cc:131] [Task #1: fused_nn_contrib_conv2d_NCHWc_add_1] Trial #28: GFLOPs: 36.1062. Time: 116.2793 us. Best GFLOPs: 45.4268
2024-05-19 14:19:02 [INFO] [task_scheduler.cc:131] [Task #1: fused_nn_contrib_conv2d_NCHWc_add_1] Trial #29: GFLOPs: 26.8415. Time: 156.4142 us. Best GFLOPs: 45.4268
2024-05-19 14:19:02 [INFO] [task_scheduler.cc:131] [Task #1: fused_nn_contrib_conv2d_NCHWc_add_1] Trial #30: GFLOPs: 19.6659. Time: 213.4858 us. Best GFLOPs: 45.4268
2024-05-19 14:19:02 [INFO] [task_scheduler.cc:131] [Task #1: fused_nn_contrib_conv2d_NCHWc_add_1] Trial #31: GFLOPs: 0.6039. Time: 6952.7017 us. Best GFLOPs: 45.4268
2024-05-19 14:19:02 [INFO] [task_scheduler.cc:131] [Task #1: fused_nn_contrib_conv2d_NCHWc_add_1] Trial #32: GFLOPs: 19.5237. Time: 215.0415 us. Best GFLOPs: 45.4268
2024-05-19 14:19:02 [INFO] [task_scheduler.cc:131] [Task #1: fused_nn_contrib_conv2d_NCHWc_add_1] Trial #33: GFLOPs: 14.3590. Time: 292.3877 us. Best GFLOPs: 45.4268
2024-05-19 14:19:02 [INFO] [task_scheduler.cc:131] [Task #1: fused_nn_contrib_conv2d_NCHWc_add_1] Trial #34: GFLOPs: 17.8128. Time: 235.6955 us. Best GFLOPs: 45.4268
2024-05-19 14:19:02 [INFO] [task_scheduler.cc:131] [Task #1: fused_nn_contrib_conv2d_NCHWc_add_1] Trial #35: GFLOPs: 8.3052. Time: 505.5138 us. Best GFLOPs: 45.4268
2024-05-19 14:19:02 [INFO] [task_scheduler.cc:131] [Task #1: fused_nn_contrib_conv2d_NCHWc_add_1] Trial #36: GFLOPs: 16.2556. Time: 258.2747 us. Best GFLOPs: 45.4268
2024-05-19 14:19:02 [INFO] [task_scheduler.cc:131] [Task #1: fused_nn_contrib_conv2d_NCHWc_add_1] Trial #37: GFLOPs: 29.3186. Time: 143.1991 us. Best GFLOPs: 45.4268
2024-05-19 14:19:02 [INFO] [task_scheduler.cc:131] [Task #1: fused_nn_contrib_conv2d_NCHWc_add_1] Trial #38: GFLOPs: 5.1875. Time: 809.3274 us. Best GFLOPs: 45.4268
2024-05-19 14:19:02 [INFO] [task_scheduler.cc:131] [Task #1: fused_nn_contrib_conv2d_NCHWc_add_1] Trial #39: GFLOPs: 17.1172. Time: 245.2739 us. Best GFLOPs: 45.4268
2024-05-19 14:19:02 [INFO] [task_scheduler.cc:131] [Task #1: fused_nn_contrib_conv2d_NCHWc_add_1] Trial #40: GFLOPs: 10.8702. Time: 386.2310 us. Best GFLOPs: 45.4268
2024-05-19 14:19:02 [INFO] [task_scheduler.cc:131] [Task #1: fused_nn_contrib_conv2d_NCHWc_add_1] Trial #41: GFLOPs: 75.6076. Time: 55.5288 us. Best GFLOPs: 75.6076
2024-05-19 14:19:02 [INFO] [task_scheduler.cc:131] [Task #1: fused_nn_contrib_conv2d_NCHWc_add_1] Trial #42: GFLOPs: 38.5127. Time: 109.0133 us. Best GFLOPs: 75.6076
2024-05-19 14:19:02 [INFO] [task_scheduler.cc:131] [Task #1: fused_nn_contrib_conv2d_NCHWc_add_1] Trial #43: GFLOPs: 19.0504. Time: 220.3833 us. Best GFLOPs: 75.6076
2024-05-19 14:19:02 [INFO] [task_scheduler.cc:131] [Task #1: fused_nn_contrib_conv2d_NCHWc_add_1] Trial #44: GFLOPs: 9.9784. Time: 420.7486 us. Best GFLOPs: 75.6076
2024-05-19 14:19:02 [INFO] [task_scheduler.cc:131] [Task #1: fused_nn_contrib_conv2d_NCHWc_add_1] Trial #45: GFLOPs: 37.7429. Time: 111.2368 us. Best GFLOPs: 75.6076
2024-05-19 14:19:02 [INFO] [task_scheduler.cc:131] [Task #1: fused_nn_contrib_conv2d_NCHWc_add_1] Trial #46: GFLOPs: 18.0023. Time: 233.2140 us. Best GFLOPs: 75.6076
2024-05-19 14:19:02 [INFO] [task_scheduler.cc:131] [Task #1: fused_nn_contrib_conv2d_NCHWc_add_1] Trial #47: GFLOPs: 25.8034. Time: 162.7073 us. Best GFLOPs: 75.6076
2024-05-19 14:19:02 [INFO] [task_scheduler.cc:131] [Task #1: fused_nn_contrib_conv2d_NCHWc_add_1] Trial #48: GFLOPs: 18.5237. Time: 226.6503 us. Best GFLOPs: 75.6076
2024-05-19 14:19:02 [INFO] [task_scheduler.cc:131] [Task #1: fused_nn_contrib_conv2d_NCHWc_add_1] Trial #49: GFLOPs: 18.4566. Time: 227.4745 us. Best GFLOPs: 75.6076
2024-05-19 14:19:02 [INFO] [task_scheduler.cc:131] [Task #1: fused_nn_contrib_conv2d_NCHWc_add_1] Trial #50: GFLOPs: 14.2017. Time: 295.6270 us. Best GFLOPs: 75.6076
2024-05-19 14:19:02 [INFO] [task_scheduler.cc:131] [Task #1: fused_nn_contrib_conv2d_NCHWc_add_1] Trial #51: GFLOPs: 39.1056. Time: 107.3607 us. Best GFLOPs: 75.6076
2024-05-19 14:19:02 [INFO] [task_scheduler.cc:131] [Task #1: fused_nn_contrib_conv2d_NCHWc_add_1] Trial #52: GFLOPs: 10.7093. Time: 392.0349 us. Best GFLOPs: 75.6076
2024-05-19 14:19:02 [INFO] [task_scheduler.cc:131] [Task #1: fused_nn_contrib_conv2d_NCHWc_add_1] Trial #53: GFLOPs: 5.9661. Time: 703.7050 us. Best GFLOPs: 75.6076
2024-05-19 14:19:02 [INFO] [task_scheduler.cc:131] [Task #1: fused_nn_contrib_conv2d_NCHWc_add_1] Trial #54: GFLOPs: 19.9327. Time: 210.6282 us. Best GFLOPs: 75.6076
2024-05-19 14:19:02 [INFO] [task_scheduler.cc:131] [Task #1: fused_nn_contrib_conv2d_NCHWc_add_1] Trial #55: GFLOPs: 21.9385. Time: 191.3711 us. Best GFLOPs: 75.6076
2024-05-19 14:19:02 [INFO] [task_scheduler.cc:131] [Task #1: fused_nn_contrib_conv2d_NCHWc_add_1] Trial #56: GFLOPs: 17.6551. Time: 237.8010 us. Best GFLOPs: 75.6076
2024-05-19 14:19:02 [INFO] [task_scheduler.cc:131] [Task #1: fused_nn_contrib_conv2d_NCHWc_add_1] Trial #57: GFLOPs: 1.2883. Time: 3258.8638 us. Best GFLOPs: 75.6076
2024-05-19 14:19:02 [INFO] [task_scheduler.cc:131] [Task #1: fused_nn_contrib_conv2d_NCHWc_add_1] Trial #58: GFLOPs: 8.9480. Time: 469.1982 us. Best GFLOPs: 75.6076
2024-05-19 14:19:02 [INFO] [task_scheduler.cc:131] [Task #1: fused_nn_contrib_conv2d_NCHWc_add_1] Trial #59: GFLOPs: 13.4952. Time: 311.1042 us. Best GFLOPs: 75.6076
2024-05-19 14:19:02 [INFO] [task_scheduler.cc:131] [Task #1: fused_nn_contrib_conv2d_NCHWc_add_1] Trial #60: GFLOPs: 12.4277. Time: 337.8265 us. Best GFLOPs: 75.6076
2024-05-19 14:19:02 [INFO] [task_scheduler.cc:131] [Task #1: fused_nn_contrib_conv2d_NCHWc_add_1] Trial #61: GFLOPs: 10.8527. Time: 386.8521 us. Best GFLOPs: 75.6076
2024-05-19 14:19:02 [INFO] [task_scheduler.cc:131] [Task #1: fused_nn_contrib_conv2d_NCHWc_add_1] Trial #62: GFLOPs: 16.1968. Time: 259.2117 us. Best GFLOPs: 75.6076
2024-05-19 14:19:02 [INFO] [task_scheduler.cc:131] [Task #1: fused_nn_contrib_conv2d_NCHWc_add_1] Trial #63: GFLOPs: 27.2849. Time: 153.8727 us. Best GFLOPs: 75.6076
2024-05-19 14:19:02 [INFO] [task_scheduler.cc:131] [Task #1: fused_nn_contrib_conv2d_NCHWc_add_1] Trial #64: GFLOPs: 1.1266. Time: 3726.5209 us. Best GFLOPs: 75.6076
2024-05-19 14:52:14 [INFO] [evolutionary_search.cc:713] Generating candidates......
2024-05-19 14:52:14 [INFO] [evolutionary_search.cc:715] Picked top 64 candidate(s) from database
2024-05-19 14:52:15 [INFO] [evolutionary_search.cc:533] Sample-Init-Population summary:
Postproc #0 [meta_schedule.DisallowDynamicLoop(0xdcfb958)]: 0 failure(s)
Postproc #1 [meta_schedule.RewriteParallelVectorizeUnroll(0xd0b4438)]: 0 failure(s)
Postproc #2 [meta_schedule.RewriteReductionBlock(0x137c11e8)]: 0 failure(s)
Postproc #3 [meta_schedule.RewriteLayout(0x14bd81b8)]: 0 failure(s)
2024-05-19 14:52:15 [INFO] [evolutionary_search.cc:723] Sampled 448 candidate(s)
2024-05-19 14:52:17 [INFO] [evolutionary_search.cc:621] Evolve iter #0 done. Summary:
Postproc #0 [meta_schedule.DisallowDynamicLoop(0xdcfb958)]: 0 failure(s)
Postproc #1 [meta_schedule.RewriteParallelVectorizeUnroll(0xd0b4438)]: 0 failure(s)
Postproc #2 [meta_schedule.RewriteReductionBlock(0x137c11e8)]: 0 failure(s)
Postproc #3 [meta_schedule.RewriteLayout(0x14bd81b8)]: 0 failure(s)
2024-05-19 14:52:19 [INFO] [evolutionary_search.cc:621] Evolve iter #1 done. Summary:
Postproc #0 [meta_schedule.DisallowDynamicLoop(0xdcfb958)]: 0 failure(s)
Postproc #1 [meta_schedule.RewriteParallelVectorizeUnroll(0xd0b4438)]: 0 failure(s)
Postproc #2 [meta_schedule.RewriteReductionBlock(0x137c11e8)]: 0 failure(s)
Postproc #3 [meta_schedule.RewriteLayout(0x14bd81b8)]: 0 failure(s)
2024-05-19 14:52:22 [INFO] [evolutionary_search.cc:621] Evolve iter #2 done. Summary:
Postproc #0 [meta_schedule.DisallowDynamicLoop(0xdcfb958)]: 0 failure(s)
Postproc #1 [meta_schedule.RewriteParallelVectorizeUnroll(0xd0b4438)]: 0 failure(s)
Postproc #2 [meta_schedule.RewriteReductionBlock(0x137c11e8)]: 0 failure(s)
Postproc #3 [meta_schedule.RewriteLayout(0x14bd81b8)]: 0 failure(s)
2024-05-19 14:52:24 [INFO] [evolutionary_search.cc:621] Evolve iter #3 done. Summary:
Postproc #0 [meta_schedule.DisallowDynamicLoop(0xdcfb958)]: 0 failure(s)
Postproc #1 [meta_schedule.RewriteParallelVectorizeUnroll(0xd0b4438)]: 0 failure(s)
Postproc #2 [meta_schedule.RewriteReductionBlock(0x137c11e8)]: 0 failure(s)
Postproc #3 [meta_schedule.RewriteLayout(0x14bd81b8)]: 0 failure(s)
2024-05-19 14:52:26 [INFO] [evolutionary_search.cc:649] Scores of the best 64 candidates:
[1 : 16]:	0.9808  0.9772  0.9453  0.9453  0.9451  0.9436  0.9430  0.9427  0.9427  0.9427  0.9415  0.9382  0.9312  0.9312  0.9269  0.9256
[17 : 32]:	0.9247  0.9245  0.9232  0.9231  0.9231  0.9218  0.9216  0.9215  0.9175  0.9163  0.9163  0.9161  0.9157  0.9148  0.9029  0.9024
[33 : 48]:	0.9024  0.9003  0.9003  0.8980  0.8980  0.8929  0.8929  0.8929  0.8909  0.8902  0.8736  0.8732  0.8711  0.8706  0.8704  0.8704
[49 : 64]:	0.8695  0.8691  0.8689  0.8665  0.8664  0.8643  0.8639  0.8620  0.8612  0.8606  0.8606  0.8587  0.8543  0.8519  0.8514  0.8504
2024-05-19 14:52:26 [INFO] [evolutionary_search.cc:727] Got 64 candidate(s) with evolutionary search
2024-05-19 14:52:26 [INFO] [evolutionary_search.cc:730] Sending 64 candidates(s) for measurement
2024-05-19 14:54:03 [INFO] [task_scheduler.cc:131] [Task #1: fused_nn_contrib_conv2d_NCHWc_add_1] Trial #65: GFLOPs: 134.3956. Time: 31.2391 us. Best GFLOPs: 134.3956
2024-05-19 14:54:03 [INFO] [task_scheduler.cc:131] [Task #1: fused_nn_contrib_conv2d_NCHWc_add_1] Trial #66: GFLOPs: 62.6298. Time: 67.0352 us. Best GFLOPs: 134.3956
2024-05-19 14:54:03 [INFO] [task_scheduler.cc:131] [Task #1: fused_nn_contrib_conv2d_NCHWc_add_1] Trial #67: GFLOPs: 63.4902. Time: 66.1267 us. Best GFLOPs: 134.3956
2024-05-19 14:54:03 [INFO] [task_scheduler.cc:131] [Task #1: fused_nn_contrib_conv2d_NCHWc_add_1] Trial #68: GFLOPs: 63.5862. Time: 66.0269 us. Best GFLOPs: 134.3956
2024-05-19 14:54:03 [INFO] [task_scheduler.cc:131] [Task #1: fused_nn_contrib_conv2d_NCHWc_add_1] Trial #69: GFLOPs: 61.0067. Time: 68.8187 us. Best GFLOPs: 134.3956
2024-05-19 14:54:03 [INFO] [task_scheduler.cc:131] [Task #1: fused_nn_contrib_conv2d_NCHWc_add_1] Trial #70: GFLOPs: 121.9956. Time: 34.4143 us. Best GFLOPs: 134.3956
2024-05-19 14:54:03 [INFO] [task_scheduler.cc:131] [Task #1: fused_nn_contrib_conv2d_NCHWc_add_1] Trial #71: GFLOPs: 61.2686. Time: 68.5244 us. Best GFLOPs: 134.3956
2024-05-19 14:54:03 [INFO] [task_scheduler.cc:131] [Task #1: fused_nn_contrib_conv2d_NCHWc_add_1] Trial #72: GFLOPs: 40.6686. Time: 103.2345 us. Best GFLOPs: 134.3956
2024-05-19 14:54:03 [INFO] [task_scheduler.cc:131] [Task #1: fused_nn_contrib_conv2d_NCHWc_add_1] Trial #73: GFLOPs: 67.7332. Time: 61.9844 us. Best GFLOPs: 134.3956
2024-05-19 14:54:03 [INFO] [task_scheduler.cc:131] [Task #1: fused_nn_contrib_conv2d_NCHWc_add_1] Trial #74: GFLOPs: 68.7514. Time: 61.0664 us. Best GFLOPs: 134.3956
2024-05-19 14:54:03 [INFO] [task_scheduler.cc:131] [Task #1: fused_nn_contrib_conv2d_NCHWc_add_1] Trial #75: GFLOPs: 61.8051. Time: 67.9297 us. Best GFLOPs: 134.3956
2024-05-19 14:54:03 [INFO] [task_scheduler.cc:131] [Task #1: fused_nn_contrib_conv2d_NCHWc_add_1] Trial #76: GFLOPs: 60.7978. Time: 69.0552 us. Best GFLOPs: 134.3956
2024-05-19 14:54:03 [INFO] [task_scheduler.cc:131] [Task #1: fused_nn_contrib_conv2d_NCHWc_add_1] Trial #77: GFLOPs: 132.3475. Time: 31.7226 us. Best GFLOPs: 134.3956
2024-05-19 14:54:03 [INFO] [task_scheduler.cc:131] [Task #1: fused_nn_contrib_conv2d_NCHWc_add_1] Trial #78: GFLOPs: 127.0521. Time: 33.0447 us. Best GFLOPs: 134.3956
2024-05-19 14:54:03 [INFO] [task_scheduler.cc:131] [Task #1: fused_nn_contrib_conv2d_NCHWc_add_1] Trial #79: GFLOPs: 154.3671. Time: 27.1975 us. Best GFLOPs: 154.3671
2024-05-19 14:54:03 [INFO] [task_scheduler.cc:131] [Task #1: fused_nn_contrib_conv2d_NCHWc_add_1] Trial #80: GFLOPs: 136.6431. Time: 30.7253 us. Best GFLOPs: 154.3671
2024-05-19 14:54:03 [INFO] [task_scheduler.cc:131] [Task #1: fused_nn_contrib_conv2d_NCHWc_add_1] Trial #81: GFLOPs: 125.5885. Time: 33.4298 us. Best GFLOPs: 154.3671
2024-05-19 14:54:03 [INFO] [task_scheduler.cc:131] [Task #1: fused_nn_contrib_conv2d_NCHWc_add_1] Trial #82: GFLOPs: 126.7275. Time: 33.1294 us. Best GFLOPs: 154.3671
2024-05-19 14:54:03 [INFO] [task_scheduler.cc:131] [Task #1: fused_nn_contrib_conv2d_NCHWc_add_1] Trial #83: GFLOPs: 110.5262. Time: 37.9856 us. Best GFLOPs: 154.3671
2024-05-19 14:54:03 [INFO] [task_scheduler.cc:131] [Task #1: fused_nn_contrib_conv2d_NCHWc_add_1] Trial #84: GFLOPs: 129.4270. Time: 32.4384 us. Best GFLOPs: 154.3671
2024-05-19 14:54:03 [INFO] [task_scheduler.cc:131] [Task #1: fused_nn_contrib_conv2d_NCHWc_add_1] Trial #85: GFLOPs: 128.7954. Time: 32.5974 us. Best GFLOPs: 154.3671
2024-05-19 14:54:03 [INFO] [task_scheduler.cc:131] [Task #1: fused_nn_contrib_conv2d_NCHWc_add_1] Trial #86: GFLOPs: 147.0665. Time: 28.5476 us. Best GFLOPs: 154.3671
2024-05-19 14:54:03 [INFO] [task_scheduler.cc:131] [Task #1: fused_nn_contrib_conv2d_NCHWc_add_1] Trial #87: GFLOPs: 125.5506. Time: 33.4399 us. Best GFLOPs: 154.3671
2024-05-19 14:54:03 [INFO] [task_scheduler.cc:131] [Task #1: fused_nn_contrib_conv2d_NCHWc_add_1] Trial #88: GFLOPs: 122.6896. Time: 34.2197 us. Best GFLOPs: 154.3671
2024-05-19 14:54:03 [INFO] [task_scheduler.cc:131] [Task #1: fused_nn_contrib_conv2d_NCHWc_add_1] Trial #89: GFLOPs: 130.0165. Time: 32.2913 us. Best GFLOPs: 154.3671
2024-05-19 14:54:03 [INFO] [task_scheduler.cc:131] [Task #1: fused_nn_contrib_conv2d_NCHWc_add_1] Trial #90: GFLOPs: 115.7943. Time: 36.2574 us. Best GFLOPs: 154.3671
2024-05-19 14:54:03 [INFO] [task_scheduler.cc:131] [Task #1: fused_nn_contrib_conv2d_NCHWc_add_1] Trial #91: GFLOPs: 117.5792. Time: 35.7070 us. Best GFLOPs: 154.3671
2024-05-19 14:54:03 [INFO] [task_scheduler.cc:131] [Task #1: fused_nn_contrib_conv2d_NCHWc_add_1] Trial #92: GFLOPs: 117.0780. Time: 35.8599 us. Best GFLOPs: 154.3671
2024-05-19 14:54:03 [INFO] [task_scheduler.cc:131] [Task #1: fused_nn_contrib_conv2d_NCHWc_add_1] Trial #93: GFLOPs: 129.3662. Time: 32.4536 us. Best GFLOPs: 154.3671
2024-05-19 14:54:03 [INFO] [task_scheduler.cc:131] [Task #1: fused_nn_contrib_conv2d_NCHWc_add_1] Trial #94: GFLOPs: 126.2611. Time: 33.2517 us. Best GFLOPs: 154.3671
2024-05-19 14:54:03 [INFO] [task_scheduler.cc:131] [Task #1: fused_nn_contrib_conv2d_NCHWc_add_1] Trial #95: GFLOPs: 82.3348. Time: 50.9918 us. Best GFLOPs: 154.3671
2024-05-19 14:54:03 [INFO] [task_scheduler.cc:131] [Task #1: fused_nn_contrib_conv2d_NCHWc_add_1] Trial #96: GFLOPs: 80.8664. Time: 51.9177 us. Best GFLOPs: 154.3671
2024-05-19 14:54:03 [INFO] [task_scheduler.cc:131] [Task #1: fused_nn_contrib_conv2d_NCHWc_add_1] Trial #97: GFLOPs: 80.1438. Time: 52.3858 us. Best GFLOPs: 154.3671
2024-05-19 14:54:03 [INFO] [task_scheduler.cc:131] [Task #1: fused_nn_contrib_conv2d_NCHWc_add_1] Trial #98: GFLOPs: 79.3016. Time: 52.9422 us. Best GFLOPs: 154.3671
2024-05-19 14:54:03 [INFO] [task_scheduler.cc:131] [Task #1: fused_nn_contrib_conv2d_NCHWc_add_1] Trial #99: GFLOPs: 79.5851. Time: 52.7536 us. Best GFLOPs: 154.3671
2024-05-19 14:54:03 [INFO] [task_scheduler.cc:131] [Task #1: fused_nn_contrib_conv2d_NCHWc_add_1] Trial #100: GFLOPs: 82.0576. Time: 51.1641 us. Best GFLOPs: 154.3671
2024-05-19 14:54:03 [INFO] [task_scheduler.cc:131] [Task #1: fused_nn_contrib_conv2d_NCHWc_add_1] Trial #101: GFLOPs: 83.2611. Time: 50.4245 us. Best GFLOPs: 154.3671
2024-05-19 14:54:03 [INFO] [task_scheduler.cc:131] [Task #1: fused_nn_contrib_conv2d_NCHWc_add_1] Trial #102: GFLOPs: 116.9461. Time: 35.9003 us. Best GFLOPs: 154.3671
2024-05-19 14:54:03 [INFO] [task_scheduler.cc:131] [Task #1: fused_nn_contrib_conv2d_NCHWc_add_1] Trial #103: GFLOPs: 117.4644. Time: 35.7419 us. Best GFLOPs: 154.3671
2024-05-19 14:54:03 [INFO] [task_scheduler.cc:131] [Task #1: fused_nn_contrib_conv2d_NCHWc_add_1] Trial #104: GFLOPs: 118.5623. Time: 35.4109 us. Best GFLOPs: 154.3671
2024-05-19 14:54:03 [INFO] [task_scheduler.cc:131] [Task #1: fused_nn_contrib_conv2d_NCHWc_add_1] Trial #105: GFLOPs: 129.6265. Time: 32.3884 us. Best GFLOPs: 154.3671
2024-05-19 14:54:03 [INFO] [task_scheduler.cc:131] [Task #1: fused_nn_contrib_conv2d_NCHWc_add_1] Trial #106: GFLOPs: 45.1589. Time: 92.9694 us. Best GFLOPs: 154.3671
2024-05-19 14:54:03 [INFO] [task_scheduler.cc:131] [Task #1: fused_nn_contrib_conv2d_NCHWc_add_1] Trial #107: GFLOPs: 64.9061. Time: 64.6842 us. Best GFLOPs: 154.3671
2024-05-19 14:54:03 [INFO] [task_scheduler.cc:131] [Task #1: fused_nn_contrib_conv2d_NCHWc_add_1] Trial #108: GFLOPs: 138.7611. Time: 30.2563 us. Best GFLOPs: 154.3671
2024-05-19 14:54:03 [INFO] [task_scheduler.cc:131] [Task #1: fused_nn_contrib_conv2d_NCHWc_add_1] Trial #109: GFLOPs: 127.6010. Time: 32.9026 us. Best GFLOPs: 154.3671
2024-05-19 14:54:03 [INFO] [task_scheduler.cc:131] [Task #1: fused_nn_contrib_conv2d_NCHWc_add_1] Trial #110: GFLOPs: 82.7465. Time: 50.7381 us. Best GFLOPs: 154.3671
2024-05-19 14:54:03 [INFO] [task_scheduler.cc:131] [Task #1: fused_nn_contrib_conv2d_NCHWc_add_1] Trial #111: GFLOPs: 126.2249. Time: 33.2613 us. Best GFLOPs: 154.3671
2024-05-19 14:54:03 [INFO] [task_scheduler.cc:131] [Task #1: fused_nn_contrib_conv2d_NCHWc_add_1] Trial #112: GFLOPs: 94.3354. Time: 44.5050 us. Best GFLOPs: 154.3671
2024-05-19 14:54:03 [INFO] [task_scheduler.cc:131] [Task #1: fused_nn_contrib_conv2d_NCHWc_add_1] Trial #113: GFLOPs: 69.3745. Time: 60.5179 us. Best GFLOPs: 154.3671
2024-05-19 14:54:03 [INFO] [task_scheduler.cc:131] [Task #1: fused_nn_contrib_conv2d_NCHWc_add_1] Trial #114: GFLOPs: 67.5401. Time: 62.1616 us. Best GFLOPs: 154.3671
2024-05-19 14:54:03 [INFO] [task_scheduler.cc:131] [Task #1: fused_nn_contrib_conv2d_NCHWc_add_1] Trial #115: GFLOPs: 62.7812. Time: 66.8736 us. Best GFLOPs: 154.3671
2024-05-19 14:54:03 [INFO] [task_scheduler.cc:131] [Task #1: fused_nn_contrib_conv2d_NCHWc_add_1] Trial #116: GFLOPs: 161.5337. Time: 25.9909 us. Best GFLOPs: 161.5337
2024-05-19 14:54:03 [INFO] [task_scheduler.cc:131] [Task #1: fused_nn_contrib_conv2d_NCHWc_add_1] Trial #117: GFLOPs: 84.6219. Time: 49.6136 us. Best GFLOPs: 161.5337
2024-05-19 14:54:03 [INFO] [task_scheduler.cc:131] [Task #1: fused_nn_contrib_conv2d_NCHWc_add_1] Trial #118: GFLOPs: 66.4106. Time: 63.2189 us. Best GFLOPs: 161.5337
2024-05-19 14:54:03 [INFO] [task_scheduler.cc:131] [Task #1: fused_nn_contrib_conv2d_NCHWc_add_1] Trial #119: GFLOPs: 69.0919. Time: 60.7654 us. Best GFLOPs: 161.5337
2024-05-19 14:54:03 [INFO] [task_scheduler.cc:131] [Task #1: fused_nn_contrib_conv2d_NCHWc_add_1] Trial #120: GFLOPs: 124.9262. Time: 33.6070 us. Best GFLOPs: 161.5337
2024-05-19 14:54:03 [INFO] [task_scheduler.cc:131] [Task #1: fused_nn_contrib_conv2d_NCHWc_add_1] Trial #121: GFLOPs: 88.6119. Time: 47.3796 us. Best GFLOPs: 161.5337
2024-05-19 14:54:03 [INFO] [task_scheduler.cc:131] [Task #1: fused_nn_contrib_conv2d_NCHWc_add_1] Trial #122: GFLOPs: 65.5186. Time: 64.0795 us. Best GFLOPs: 161.5337
2024-05-19 14:54:03 [INFO] [task_scheduler.cc:131] [Task #1: fused_nn_contrib_conv2d_NCHWc_add_1] Trial #123: GFLOPs: 65.9535. Time: 63.6570 us. Best GFLOPs: 161.5337
2024-05-19 14:54:03 [INFO] [task_scheduler.cc:131] [Task #1: fused_nn_contrib_conv2d_NCHWc_add_1] Trial #124: GFLOPs: 139.8142. Time: 30.0284 us. Best GFLOPs: 161.5337
2024-05-19 14:54:03 [INFO] [task_scheduler.cc:131] [Task #1: fused_nn_contrib_conv2d_NCHWc_add_1] Trial #125: GFLOPs: 91.8469. Time: 45.7108 us. Best GFLOPs: 161.5337
2024-05-19 14:54:03 [INFO] [task_scheduler.cc:131] [Task #1: fused_nn_contrib_conv2d_NCHWc_add_1] Trial #126: GFLOPs: 8.1966. Time: 512.2128 us. Best GFLOPs: 161.5337
2024-05-19 14:54:03 [INFO] [task_scheduler.cc:131] [Task #1: fused_nn_contrib_conv2d_NCHWc_add_1] Trial #127: GFLOPs: 28.4089. Time: 147.7845 us. Best GFLOPs: 161.5337
2024-05-19 14:54:03 [INFO] [task_scheduler.cc:131] [Task #1: fused_nn_contrib_conv2d_NCHWc_add_1] Trial #128: GFLOPs: 66.4690. Time: 63.1632 us. Best GFLOPs: 161.5337
2024-05-19 16:17:06 [INFO] [evolutionary_search.cc:713] Generating candidates......
2024-05-19 16:17:06 [INFO] [evolutionary_search.cc:715] Picked top 102 candidate(s) from database
2024-05-19 16:17:07 [INFO] [evolutionary_search.cc:533] Sample-Init-Population summary:
Postproc #0 [meta_schedule.DisallowDynamicLoop(0xdcfb958)]: 0 failure(s)
Postproc #1 [meta_schedule.RewriteParallelVectorizeUnroll(0xd0b4438)]: 0 failure(s)
Postproc #2 [meta_schedule.RewriteReductionBlock(0x137c11e8)]: 0 failure(s)
Postproc #3 [meta_schedule.RewriteLayout(0x14bd81b8)]: 0 failure(s)
2024-05-19 16:17:07 [INFO] [evolutionary_search.cc:723] Sampled 410 candidate(s)
2024-05-19 16:17:09 [INFO] [evolutionary_search.cc:621] Evolve iter #0 done. Summary:
Postproc #0 [meta_schedule.DisallowDynamicLoop(0xdcfb958)]: 0 failure(s)
Postproc #1 [meta_schedule.RewriteParallelVectorizeUnroll(0xd0b4438)]: 0 failure(s)
Postproc #2 [meta_schedule.RewriteReductionBlock(0x137c11e8)]: 0 failure(s)
Postproc #3 [meta_schedule.RewriteLayout(0x14bd81b8)]: 0 failure(s)
2024-05-19 16:17:12 [INFO] [evolutionary_search.cc:621] Evolve iter #1 done. Summary:
Postproc #0 [meta_schedule.DisallowDynamicLoop(0xdcfb958)]: 0 failure(s)
Postproc #1 [meta_schedule.RewriteParallelVectorizeUnroll(0xd0b4438)]: 0 failure(s)
Postproc #2 [meta_schedule.RewriteReductionBlock(0x137c11e8)]: 0 failure(s)
Postproc #3 [meta_schedule.RewriteLayout(0x14bd81b8)]: 0 failure(s)
2024-05-19 16:17:14 [INFO] [evolutionary_search.cc:621] Evolve iter #2 done. Summary:
Postproc #0 [meta_schedule.DisallowDynamicLoop(0xdcfb958)]: 0 failure(s)
Postproc #1 [meta_schedule.RewriteParallelVectorizeUnroll(0xd0b4438)]: 0 failure(s)
Postproc #2 [meta_schedule.RewriteReductionBlock(0x137c11e8)]: 0 failure(s)
Postproc #3 [meta_schedule.RewriteLayout(0x14bd81b8)]: 0 failure(s)
2024-05-19 16:17:17 [INFO] [evolutionary_search.cc:621] Evolve iter #3 done. Summary:
Postproc #0 [meta_schedule.DisallowDynamicLoop(0xdcfb958)]: 0 failure(s)
Postproc #1 [meta_schedule.RewriteParallelVectorizeUnroll(0xd0b4438)]: 0 failure(s)
Postproc #2 [meta_schedule.RewriteReductionBlock(0x137c11e8)]: 0 failure(s)
Postproc #3 [meta_schedule.RewriteLayout(0x14bd81b8)]: 0 failure(s)
2024-05-19 16:17:18 [INFO] [evolutionary_search.cc:649] Scores of the best 64 candidates:
[1 : 16]:	0.9396  0.9051  0.8921  0.8871  0.8736  0.8721  0.8670  0.8579  0.8579  0.8526  0.8455  0.8438  0.8431  0.8419  0.8406  0.8378
[17 : 32]:	0.8350  0.8350  0.8339  0.8330  0.8320  0.8285  0.8262  0.8218  0.8218  0.8180  0.8176  0.8172  0.8172  0.8131  0.8105  0.8105
[33 : 48]:	0.8105  0.8105  0.8074  0.8062  0.8052  0.8029  0.8027  0.8027  0.8004  0.8004  0.7967  0.7964  0.7964  0.7958  0.7941  0.7934
[49 : 64]:	0.7927  0.7922  0.7908  0.7880  0.7880  0.7874  0.7852  0.7849  0.7848  0.7843  0.7839  0.7824  0.7820  0.7810  0.7792  0.7779
2024-05-19 16:17:18 [INFO] [evolutionary_search.cc:727] Got 64 candidate(s) with evolutionary search
2024-05-19 16:17:18 [INFO] [evolutionary_search.cc:730] Sending 64 candidates(s) for measurement
2024-05-19 16:18:59 [INFO] [task_scheduler.cc:131] [Task #1: fused_nn_contrib_conv2d_NCHWc_add_1] Trial #129: GFLOPs: 173.0937. Time: 24.2551 us. Best GFLOPs: 173.0937
2024-05-19 16:18:59 [INFO] [task_scheduler.cc:131] [Task #1: fused_nn_contrib_conv2d_NCHWc_add_1] Trial #130: GFLOPs: 139.9830. Time: 29.9922 us. Best GFLOPs: 173.0937
2024-05-19 16:18:59 [INFO] [task_scheduler.cc:131] [Task #1: fused_nn_contrib_conv2d_NCHWc_add_1] Trial #131: GFLOPs: 171.3653. Time: 24.4997 us. Best GFLOPs: 173.0937
2024-05-19 16:18:59 [INFO] [task_scheduler.cc:131] [Task #1: fused_nn_contrib_conv2d_NCHWc_add_1] Trial #132: GFLOPs: 153.7650. Time: 27.3040 us. Best GFLOPs: 173.0937
2024-05-19 16:18:59 [INFO] [task_scheduler.cc:131] [Task #1: fused_nn_contrib_conv2d_NCHWc_add_1] Trial #133: GFLOPs: 172.1868. Time: 24.3828 us. Best GFLOPs: 173.0937
2024-05-19 16:18:59 [INFO] [task_scheduler.cc:131] [Task #1: fused_nn_contrib_conv2d_NCHWc_add_1] Trial #134: GFLOPs: 173.0585. Time: 24.2600 us. Best GFLOPs: 173.0937
2024-05-19 16:18:59 [INFO] [task_scheduler.cc:131] [Task #1: fused_nn_contrib_conv2d_NCHWc_add_1] Trial #135: GFLOPs: 156.0102. Time: 26.9111 us. Best GFLOPs: 173.0937
2024-05-19 16:18:59 [INFO] [task_scheduler.cc:131] [Task #1: fused_nn_contrib_conv2d_NCHWc_add_1] Trial #136: GFLOPs: 119.4747. Time: 35.1405 us. Best GFLOPs: 173.0937
2024-05-19 16:18:59 [INFO] [task_scheduler.cc:131] [Task #1: fused_nn_contrib_conv2d_NCHWc_add_1] Trial #137: GFLOPs: 118.7780. Time: 35.3466 us. Best GFLOPs: 173.0937
2024-05-19 16:18:59 [INFO] [task_scheduler.cc:131] [Task #1: fused_nn_contrib_conv2d_NCHWc_add_1] Trial #138: GFLOPs: 168.6781. Time: 24.8900 us. Best GFLOPs: 173.0937
2024-05-19 16:18:59 [INFO] [task_scheduler.cc:131] [Task #1: fused_nn_contrib_conv2d_NCHWc_add_1] Trial #139: GFLOPs: 155.8258. Time: 26.9429 us. Best GFLOPs: 173.0937
2024-05-19 16:18:59 [INFO] [task_scheduler.cc:131] [Task #1: fused_nn_contrib_conv2d_NCHWc_add_1] Trial #140: GFLOPs: 153.7278. Time: 27.3106 us. Best GFLOPs: 173.0937
2024-05-19 16:18:59 [INFO] [task_scheduler.cc:131] [Task #1: fused_nn_contrib_conv2d_NCHWc_add_1] Trial #141: GFLOPs: 167.5437. Time: 25.0585 us. Best GFLOPs: 173.0937
2024-05-19 16:18:59 [INFO] [task_scheduler.cc:131] [Task #1: fused_nn_contrib_conv2d_NCHWc_add_1] Trial #142: GFLOPs: 155.0035. Time: 27.0858 us. Best GFLOPs: 173.0937
2024-05-19 16:18:59 [INFO] [task_scheduler.cc:131] [Task #1: fused_nn_contrib_conv2d_NCHWc_add_1] Trial #143: GFLOPs: 153.5588. Time: 27.3407 us. Best GFLOPs: 173.0937
2024-05-19 16:18:59 [INFO] [task_scheduler.cc:131] [Task #1: fused_nn_contrib_conv2d_NCHWc_add_1] Trial #144: GFLOPs: 147.1994. Time: 28.5219 us. Best GFLOPs: 173.0937
2024-05-19 16:18:59 [INFO] [task_scheduler.cc:131] [Task #1: fused_nn_contrib_conv2d_NCHWc_add_1] Trial #145: GFLOPs: 143.1449. Time: 29.3297 us. Best GFLOPs: 173.0937
2024-05-19 16:18:59 [INFO] [task_scheduler.cc:131] [Task #1: fused_nn_contrib_conv2d_NCHWc_add_1] Trial #146: GFLOPs: 144.6443. Time: 29.0257 us. Best GFLOPs: 173.0937
2024-05-19 16:18:59 [INFO] [task_scheduler.cc:131] [Task #1: fused_nn_contrib_conv2d_NCHWc_add_1] Trial #147: GFLOPs: 143.7536. Time: 29.2055 us. Best GFLOPs: 173.0937
2024-05-19 16:18:59 [INFO] [task_scheduler.cc:131] [Task #1: fused_nn_contrib_conv2d_NCHWc_add_1] Trial #148: GFLOPs: 146.0419. Time: 28.7479 us. Best GFLOPs: 173.0937
2024-05-19 16:18:59 [INFO] [task_scheduler.cc:131] [Task #1: fused_nn_contrib_conv2d_NCHWc_add_1] Trial #149: GFLOPs: 168.0307. Time: 24.9859 us. Best GFLOPs: 173.0937
2024-05-19 16:18:59 [INFO] [task_scheduler.cc:131] [Task #1: fused_nn_contrib_conv2d_NCHWc_add_1] Trial #150: GFLOPs: 140.6982. Time: 29.8397 us. Best GFLOPs: 173.0937
2024-05-19 16:18:59 [INFO] [task_scheduler.cc:131] [Task #1: fused_nn_contrib_conv2d_NCHWc_add_1] Trial #151: GFLOPs: 136.4357. Time: 30.7720 us. Best GFLOPs: 173.0937
2024-05-19 16:18:59 [INFO] [task_scheduler.cc:131] [Task #1: fused_nn_contrib_conv2d_NCHWc_add_1] Trial #152: GFLOPs: 118.6503. Time: 35.3846 us. Best GFLOPs: 173.0937
2024-05-19 16:18:59 [INFO] [task_scheduler.cc:131] [Task #1: fused_nn_contrib_conv2d_NCHWc_add_1] Trial #153: GFLOPs: 117.8523. Time: 35.6242 us. Best GFLOPs: 173.0937
2024-05-19 16:18:59 [INFO] [task_scheduler.cc:131] [Task #1: fused_nn_contrib_conv2d_NCHWc_add_1] Trial #154: GFLOPs: 134.1202. Time: 31.3033 us. Best GFLOPs: 173.0937
2024-05-19 16:18:59 [INFO] [task_scheduler.cc:131] [Task #1: fused_nn_contrib_conv2d_NCHWc_add_1] Trial #155: GFLOPs: 150.8951. Time: 27.8233 us. Best GFLOPs: 173.0937
2024-05-19 16:18:59 [INFO] [task_scheduler.cc:131] [Task #1: fused_nn_contrib_conv2d_NCHWc_add_1] Trial #156: GFLOPs: 135.3096. Time: 31.0281 us. Best GFLOPs: 173.0937
2024-05-19 16:18:59 [INFO] [task_scheduler.cc:131] [Task #1: fused_nn_contrib_conv2d_NCHWc_add_1] Trial #157: GFLOPs: 133.9133. Time: 31.3516 us. Best GFLOPs: 173.0937
2024-05-19 16:18:59 [INFO] [task_scheduler.cc:131] [Task #1: fused_nn_contrib_conv2d_NCHWc_add_1] Trial #158: GFLOPs: 117.1246. Time: 35.8456 us. Best GFLOPs: 173.0937
2024-05-19 16:18:59 [INFO] [task_scheduler.cc:131] [Task #1: fused_nn_contrib_conv2d_NCHWc_add_1] Trial #159: GFLOPs: 128.4292. Time: 32.6904 us. Best GFLOPs: 173.0937
2024-05-19 16:18:59 [INFO] [task_scheduler.cc:131] [Task #1: fused_nn_contrib_conv2d_NCHWc_add_1] Trial #160: GFLOPs: 124.2251. Time: 33.7967 us. Best GFLOPs: 173.0937
2024-05-19 16:18:59 [INFO] [task_scheduler.cc:131] [Task #1: fused_nn_contrib_conv2d_NCHWc_add_1] Trial #161: GFLOPs: 124.5631. Time: 33.7050 us. Best GFLOPs: 173.0937
2024-05-19 16:18:59 [INFO] [task_scheduler.cc:131] [Task #1: fused_nn_contrib_conv2d_NCHWc_add_1] Trial #162: GFLOPs: 125.9773. Time: 33.3266 us. Best GFLOPs: 173.0937
2024-05-19 16:18:59 [INFO] [task_scheduler.cc:131] [Task #1: fused_nn_contrib_conv2d_NCHWc_add_1] Trial #163: GFLOPs: 152.0345. Time: 27.6148 us. Best GFLOPs: 173.0937
2024-05-19 16:18:59 [INFO] [task_scheduler.cc:131] [Task #1: fused_nn_contrib_conv2d_NCHWc_add_1] Trial #164: GFLOPs: 148.8753. Time: 28.2008 us. Best GFLOPs: 173.0937
2024-05-19 16:18:59 [INFO] [task_scheduler.cc:131] [Task #1: fused_nn_contrib_conv2d_NCHWc_add_1] Trial #165: GFLOPs: 111.5012. Time: 37.6534 us. Best GFLOPs: 173.0937
2024-05-19 16:18:59 [INFO] [task_scheduler.cc:131] [Task #1: fused_nn_contrib_conv2d_NCHWc_add_1] Trial #166: GFLOPs: 123.2950. Time: 34.0517 us. Best GFLOPs: 173.0937
2024-05-19 16:18:59 [INFO] [task_scheduler.cc:131] [Task #1: fused_nn_contrib_conv2d_NCHWc_add_1] Trial #167: GFLOPs: 130.3698. Time: 32.2038 us. Best GFLOPs: 173.0937
2024-05-19 16:18:59 [INFO] [task_scheduler.cc:131] [Task #1: fused_nn_contrib_conv2d_NCHWc_add_1] Trial #168: GFLOPs: 129.7384. Time: 32.3605 us. Best GFLOPs: 173.0937
2024-05-19 16:18:59 [INFO] [task_scheduler.cc:131] [Task #1: fused_nn_contrib_conv2d_NCHWc_add_1] Trial #169: GFLOPs: 124.4624. Time: 33.7323 us. Best GFLOPs: 173.0937
2024-05-19 16:18:59 [INFO] [task_scheduler.cc:131] [Task #1: fused_nn_contrib_conv2d_NCHWc_add_1] Trial #170: GFLOPs: 120.5318. Time: 34.8323 us. Best GFLOPs: 173.0937
2024-05-19 16:18:59 [INFO] [task_scheduler.cc:131] [Task #1: fused_nn_contrib_conv2d_NCHWc_add_1] Trial #171: GFLOPs: 121.4744. Time: 34.5620 us. Best GFLOPs: 173.0937
2024-05-19 16:18:59 [INFO] [task_scheduler.cc:131] [Task #1: fused_nn_contrib_conv2d_NCHWc_add_1] Trial #172: GFLOPs: 127.6807. Time: 32.8820 us. Best GFLOPs: 173.0937
2024-05-19 16:18:59 [INFO] [task_scheduler.cc:131] [Task #1: fused_nn_contrib_conv2d_NCHWc_add_1] Trial #173: GFLOPs: 126.9587. Time: 33.0690 us. Best GFLOPs: 173.0937
2024-05-19 16:18:59 [INFO] [task_scheduler.cc:131] [Task #1: fused_nn_contrib_conv2d_NCHWc_add_1] Trial #174: GFLOPs: 125.2147. Time: 33.5296 us. Best GFLOPs: 173.0937
2024-05-19 16:18:59 [INFO] [task_scheduler.cc:131] [Task #1: fused_nn_contrib_conv2d_NCHWc_add_1] Trial #175: GFLOPs: 126.3326. Time: 33.2329 us. Best GFLOPs: 173.0937
2024-05-19 16:18:59 [INFO] [task_scheduler.cc:131] [Task #1: fused_nn_contrib_conv2d_NCHWc_add_1] Trial #176: GFLOPs: 123.5842. Time: 33.9720 us. Best GFLOPs: 173.0937
2024-05-19 16:18:59 [INFO] [task_scheduler.cc:131] [Task #1: fused_nn_contrib_conv2d_NCHWc_add_1] Trial #177: GFLOPs: 162.4547. Time: 25.8435 us. Best GFLOPs: 173.0937
2024-05-19 16:18:59 [INFO] [task_scheduler.cc:131] [Task #1: fused_nn_contrib_conv2d_NCHWc_add_1] Trial #178: GFLOPs: 110.6063. Time: 37.9581 us. Best GFLOPs: 173.0937
2024-05-19 16:18:59 [INFO] [task_scheduler.cc:131] [Task #1: fused_nn_contrib_conv2d_NCHWc_add_1] Trial #179: GFLOPs: 163.3491. Time: 25.7020 us. Best GFLOPs: 173.0937
2024-05-19 16:18:59 [INFO] [task_scheduler.cc:131] [Task #1: fused_nn_contrib_conv2d_NCHWc_add_1] Trial #180: GFLOPs: 131.5009. Time: 31.9268 us. Best GFLOPs: 173.0937
2024-05-19 16:18:59 [INFO] [task_scheduler.cc:131] [Task #1: fused_nn_contrib_conv2d_NCHWc_add_1] Trial #181: GFLOPs: 111.2020. Time: 37.7547 us. Best GFLOPs: 173.0937
2024-05-19 16:18:59 [INFO] [task_scheduler.cc:131] [Task #1: fused_nn_contrib_conv2d_NCHWc_add_1] Trial #182: GFLOPs: 155.4559. Time: 27.0070 us. Best GFLOPs: 173.0937
2024-05-19 16:18:59 [INFO] [task_scheduler.cc:131] [Task #1: fused_nn_contrib_conv2d_NCHWc_add_1] Trial #183: GFLOPs: 122.8336. Time: 34.1796 us. Best GFLOPs: 173.0937
2024-05-19 16:18:59 [INFO] [task_scheduler.cc:131] [Task #1: fused_nn_contrib_conv2d_NCHWc_add_1] Trial #184: GFLOPs: 130.6418. Time: 32.1367 us. Best GFLOPs: 173.0937
2024-05-19 16:18:59 [INFO] [task_scheduler.cc:131] [Task #1: fused_nn_contrib_conv2d_NCHWc_add_1] Trial #185: GFLOPs: 142.4416. Time: 29.4745 us. Best GFLOPs: 173.0937
2024-05-19 16:18:59 [INFO] [task_scheduler.cc:131] [Task #1: fused_nn_contrib_conv2d_NCHWc_add_1] Trial #186: GFLOPs: 96.6576. Time: 43.4358 us. Best GFLOPs: 173.0937
2024-05-19 16:18:59 [INFO] [task_scheduler.cc:131] [Task #1: fused_nn_contrib_conv2d_NCHWc_add_1] Trial #187: GFLOPs: 144.7941. Time: 28.9957 us. Best GFLOPs: 173.0937
2024-05-19 16:18:59 [INFO] [task_scheduler.cc:131] [Task #1: fused_nn_contrib_conv2d_NCHWc_add_1] Trial #188: GFLOPs: 125.9113. Time: 33.3441 us. Best GFLOPs: 173.0937
2024-05-19 16:18:59 [INFO] [task_scheduler.cc:131] [Task #1: fused_nn_contrib_conv2d_NCHWc_add_1] Trial #189: GFLOPs: 124.1157. Time: 33.8265 us. Best GFLOPs: 173.0937
2024-05-19 16:18:59 [INFO] [task_scheduler.cc:131] [Task #1: fused_nn_contrib_conv2d_NCHWc_add_1] Trial #190: GFLOPs: 7.6150. Time: 551.3346 us. Best GFLOPs: 173.0937
2024-05-19 16:18:59 [INFO] [task_scheduler.cc:131] [Task #1: fused_nn_contrib_conv2d_NCHWc_add_1] Trial #191: GFLOPs: 10.1141. Time: 415.1038 us. Best GFLOPs: 173.0937
2024-05-19 16:18:59 [INFO] [task_scheduler.cc:131] [Task #1: fused_nn_contrib_conv2d_NCHWc_add_1] Trial #192: GFLOPs: 19.9841. Time: 210.0870 us. Best GFLOPs: 173.0937
