2024-05-19 13:28:35 [INFO] [task_scheduler.cc:160] Initializing Task #16: "fused_nn_contrib_conv2d_NCHWc_add_nn_relu_8"
2024-05-19 13:28:35 [INFO] [task_scheduler.cc:35] 
# from tvm.script import ir as I
# from tvm.script import tir as T

@I.ir_module
class Module:
    @T.prim_func
    def main(p0: T.Buffer((T.int64(1), T.int64(64), T.int64(4), T.int64(4), T.int64(8)), "float32"), p1: T.Buffer((T.int64(32), T.int64(64), T.int64(1), T.int64(1), T.int64(8), T.int64(8)), "float32"), p2: T.Buffer((T.int64(1), T.int64(32), T.int64(1), T.int64(1), T.int64(8)), "float32"), T_relu: T.Buffer((T.int64(1), T.int64(32), T.int64(4), T.int64(4), T.int64(8)), "float32")):
        T.func_attr({"tir.noalias": T.bool(True)})
        # with T.block("root"):
        conv2d_NCHWc = T.alloc_buffer((T.int64(1), T.int64(32), T.int64(4), T.int64(4), T.int64(8)))
        T_add = T.alloc_buffer((T.int64(1), T.int64(32), T.int64(4), T.int64(4), T.int64(8)))
        for n, oc_chunk, oh, ow, oc_block, ic, kh, kw in T.grid(T.int64(1), T.int64(32), T.int64(4), T.int64(4), T.int64(8), T.int64(512), T.int64(1), T.int64(1)):
            with T.block("conv2d_NCHWc"):
                v_n, v_oc_chunk, v_oh, v_ow, v_oc_block, v_ic, v_kh, v_kw = T.axis.remap("SSSSSRRR", [n, oc_chunk, oh, ow, oc_block, ic, kh, kw])
                T.reads(p0[v_n, v_ic // T.int64(8), v_oh + v_kh, v_ow + v_kw, v_ic % T.int64(8)], p1[v_oc_chunk, v_ic // T.int64(8), v_kh, v_kw, v_ic % T.int64(8), v_oc_block])
                T.writes(conv2d_NCHWc[v_n, v_oc_chunk, v_oh, v_ow, v_oc_block])
                with T.init():
                    conv2d_NCHWc[v_n, v_oc_chunk, v_oh, v_ow, v_oc_block] = T.float32(0)
                conv2d_NCHWc[v_n, v_oc_chunk, v_oh, v_ow, v_oc_block] = conv2d_NCHWc[v_n, v_oc_chunk, v_oh, v_ow, v_oc_block] + p0[v_n, v_ic // T.int64(8), v_oh + v_kh, v_ow + v_kw, v_ic % T.int64(8)] * p1[v_oc_chunk, v_ic // T.int64(8), v_kh, v_kw, v_ic % T.int64(8), v_oc_block]
        for ax0, ax1, ax2, ax3, ax4 in T.grid(T.int64(1), T.int64(32), T.int64(4), T.int64(4), T.int64(8)):
            with T.block("T_add"):
                v_ax0, v_ax1, v_ax2, v_ax3, v_ax4 = T.axis.remap("SSSSS", [ax0, ax1, ax2, ax3, ax4])
                T.reads(conv2d_NCHWc[v_ax0, v_ax1, v_ax2, v_ax3, v_ax4], p2[v_ax0, v_ax1, T.int64(0), T.int64(0), v_ax4])
                T.writes(T_add[v_ax0, v_ax1, v_ax2, v_ax3, v_ax4])
                T_add[v_ax0, v_ax1, v_ax2, v_ax3, v_ax4] = conv2d_NCHWc[v_ax0, v_ax1, v_ax2, v_ax3, v_ax4] + p2[v_ax0, v_ax1, T.int64(0), T.int64(0), v_ax4]
        for ax0, ax1, ax2, ax3, ax4 in T.grid(T.int64(1), T.int64(32), T.int64(4), T.int64(4), T.int64(8)):
            with T.block("T_relu"):
                v_ax0, v_ax1, v_ax2, v_ax3, v_ax4 = T.axis.remap("SSSSS", [ax0, ax1, ax2, ax3, ax4])
                T.reads(T_add[v_ax0, v_ax1, v_ax2, v_ax3, v_ax4])
                T.writes(T_relu[v_ax0, v_ax1, v_ax2, v_ax3, v_ax4])
                T_relu[v_ax0, v_ax1, v_ax2, v_ax3, v_ax4] = T.max(T_add[v_ax0, v_ax1, v_ax2, v_ax3, v_ax4], T.float32(0))
2024-05-19 13:28:35 [INFO] [task_scheduler.cc:164] Total 3 design space(s) generated
2024-05-19 13:28:35 [INFO] [task_scheduler.cc:170] Design space #0:
# from tvm.script import ir as I
# from tvm.script import tir as T

@I.ir_module
class Module:
    @T.prim_func
    def main(p0: T.Buffer((T.int64(1), T.int64(64), T.int64(4), T.int64(4), T.int64(8)), "float32"), p1: T.Buffer((T.int64(32), T.int64(64), T.int64(1), T.int64(1), T.int64(8), T.int64(8)), "float32"), p2: T.Buffer((T.int64(1), T.int64(32), T.int64(1), T.int64(1), T.int64(8)), "float32"), T_relu: T.Buffer((T.int64(1), T.int64(32), T.int64(4), T.int64(4), T.int64(8)), "float32")):
        T.func_attr({"tir.noalias": T.bool(True)})
        with T.block("root"):
            T.reads()
            T.writes()
            T.block_attr({"meta_schedule.parallel": 96, "meta_schedule.unroll_explicit": 512, "meta_schedule.vectorize": 64})
            conv2d_NCHWc = T.alloc_buffer((T.int64(1), T.int64(32), T.int64(4), T.int64(4), T.int64(8)))
            for n_0, oc_chunk_0, oh_0, ow_0, oc_block_0, n_1, oc_chunk_1, oh_1, ow_1, oc_block_1, ic_0, kh_0, kw_0, n_2, oc_chunk_2, oh_2, ow_2, oc_block_2, ic_1, kh_1, kw_1, n_3, oc_chunk_3, oh_3, ow_3, oc_block_3 in T.grid(T.int64(1), T.int64(2), T.int64(2), T.int64(2), T.int64(1), T.int64(1), T.int64(1), T.int64(2), T.int64(2), T.int64(1), T.int64(64), T.int64(1), T.int64(1), T.int64(1), T.int64(1), T.int64(1), T.int64(1), T.int64(1), T.int64(8), T.int64(1), T.int64(1), T.int64(1), T.int64(16), T.int64(1), T.int64(1), T.int64(8)):
                with T.block("conv2d_NCHWc"):
                    v_n = T.axis.spatial(T.int64(1), n_0 + n_1 + n_2 + n_3)
                    v_oc_chunk = T.axis.spatial(T.int64(32), oc_chunk_0 * T.int64(16) + oc_chunk_1 * T.int64(16) + oc_chunk_2 * T.int64(16) + oc_chunk_3)
                    v_oh = T.axis.spatial(T.int64(4), oh_0 * T.int64(2) + oh_1 + oh_2 + oh_3)
                    v_ow = T.axis.spatial(T.int64(4), ow_0 * T.int64(2) + ow_1 + ow_2 + ow_3)
                    v_oc_block = T.axis.spatial(T.int64(8), oc_block_0 * T.int64(8) + oc_block_1 * T.int64(8) + oc_block_2 * T.int64(8) + oc_block_3)
                    v_ic = T.axis.reduce(T.int64(512), ic_0 * T.int64(8) + ic_1)
                    v_kh = T.axis.reduce(T.int64(1), kh_0 + kh_1)
                    v_kw = T.axis.reduce(T.int64(1), kw_0 + kw_1)
                    T.reads(p0[v_n, v_ic // T.int64(8), v_oh + v_kh, v_ow + v_kw, v_ic % T.int64(8)], p1[v_oc_chunk, v_ic // T.int64(8), v_kh, v_kw, v_ic % T.int64(8), v_oc_block])
                    T.writes(conv2d_NCHWc[v_n, v_oc_chunk, v_oh, v_ow, v_oc_block])
                    T.block_attr({"meta_schedule.tiling_structure": "SSRSRS"})
                    with T.init():
                        conv2d_NCHWc[v_n, v_oc_chunk, v_oh, v_ow, v_oc_block] = T.float32(0)
                    conv2d_NCHWc[v_n, v_oc_chunk, v_oh, v_ow, v_oc_block] = conv2d_NCHWc[v_n, v_oc_chunk, v_oh, v_ow, v_oc_block] + p0[v_n, v_ic // T.int64(8), v_oh + v_kh, v_ow + v_kw, v_ic % T.int64(8)] * p1[v_oc_chunk, v_ic // T.int64(8), v_kh, v_kw, v_ic % T.int64(8), v_oc_block]
            for ax0, ax1, ax2, ax3, ax4 in T.grid(T.int64(1), T.int64(32), T.int64(4), T.int64(4), T.int64(8)):
                with T.block("T_relu"):
                    v_ax0, v_ax1, v_ax2, v_ax3, v_ax4 = T.axis.remap("SSSSS", [ax0, ax1, ax2, ax3, ax4])
                    T.reads(conv2d_NCHWc[v_ax0, v_ax1, v_ax2, v_ax3, v_ax4], p2[v_ax0, v_ax1, T.int64(0), T.int64(0), v_ax4])
                    T.writes(T_relu[v_ax0, v_ax1, v_ax2, v_ax3, v_ax4])
                    T_relu[v_ax0, v_ax1, v_ax2, v_ax3, v_ax4] = T.max(conv2d_NCHWc[v_ax0, v_ax1, v_ax2, v_ax3, v_ax4] + p2[v_ax0, v_ax1, T.int64(0), T.int64(0), v_ax4], T.float32(0))
b0 = sch.get_block(name="conv2d_NCHWc", func_name="main")
b1 = sch.get_block(name="T_add", func_name="main")
b2 = sch.get_block(name="root", func_name="main")
sch.compute_inline(block=b1)
sch.annotate(block_or_loop=b0, ann_key="meta_schedule.tiling_structure", ann_val="SSRSRS")
l3, l4, l5, l6, l7, l8, l9, l10 = sch.get_loops(block=b0)
v11, v12, v13, v14 = sch.sample_perfect_tile(loop=l3, n=4, max_innermost_factor=64, decision=[1, 1, 1, 1])
l15, l16, l17, l18 = sch.split(loop=l3, factors=[v11, v12, v13, v14], preserve_unit_iters=True, disable_predication=False)
v19, v20, v21, v22 = sch.sample_perfect_tile(loop=l4, n=4, max_innermost_factor=64, decision=[2, 1, 1, 16])
l23, l24, l25, l26 = sch.split(loop=l4, factors=[v19, v20, v21, v22], preserve_unit_iters=True, disable_predication=False)
v27, v28, v29, v30 = sch.sample_perfect_tile(loop=l5, n=4, max_innermost_factor=64, decision=[2, 2, 1, 1])
l31, l32, l33, l34 = sch.split(loop=l5, factors=[v27, v28, v29, v30], preserve_unit_iters=True, disable_predication=False)
v35, v36, v37, v38 = sch.sample_perfect_tile(loop=l6, n=4, max_innermost_factor=64, decision=[2, 2, 1, 1])
l39, l40, l41, l42 = sch.split(loop=l6, factors=[v35, v36, v37, v38], preserve_unit_iters=True, disable_predication=False)
v43, v44, v45, v46 = sch.sample_perfect_tile(loop=l7, n=4, max_innermost_factor=64, decision=[1, 1, 1, 8])
l47, l48, l49, l50 = sch.split(loop=l7, factors=[v43, v44, v45, v46], preserve_unit_iters=True, disable_predication=False)
v51, v52 = sch.sample_perfect_tile(loop=l8, n=2, max_innermost_factor=64, decision=[64, 8])
l53, l54 = sch.split(loop=l8, factors=[v51, v52], preserve_unit_iters=True, disable_predication=False)
v55, v56 = sch.sample_perfect_tile(loop=l9, n=2, max_innermost_factor=64, decision=[1, 1])
l57, l58 = sch.split(loop=l9, factors=[v55, v56], preserve_unit_iters=True, disable_predication=False)
v59, v60 = sch.sample_perfect_tile(loop=l10, n=2, max_innermost_factor=64, decision=[1, 1])
l61, l62 = sch.split(loop=l10, factors=[v59, v60], preserve_unit_iters=True, disable_predication=False)
sch.reorder(l15, l23, l31, l39, l47, l16, l24, l32, l40, l48, l53, l57, l61, l17, l25, l33, l41, l49, l54, l58, l62, l18, l26, l34, l42, l50)
sch.annotate(block_or_loop=b2, ann_key="meta_schedule.parallel", ann_val=96)
sch.annotate(block_or_loop=b2, ann_key="meta_schedule.vectorize", ann_val=64)
v63 = sch.sample_categorical(candidates=[0, 16, 64, 512], probs=[0.25, 0.25, 0.25, 0.25], decision=3)
sch.annotate(block_or_loop=b2, ann_key="meta_schedule.unroll_explicit", ann_val=v63)
2024-05-19 13:28:35 [INFO] [task_scheduler.cc:170] Design space #1:
# from tvm.script import ir as I
# from tvm.script import tir as T

@I.ir_module
class Module:
    @T.prim_func
    def main(p0: T.Buffer((T.int64(1), T.int64(64), T.int64(4), T.int64(4), T.int64(8)), "float32"), p1: T.Buffer((T.int64(32), T.int64(64), T.int64(1), T.int64(1), T.int64(8), T.int64(8)), "float32"), p2: T.Buffer((T.int64(1), T.int64(32), T.int64(1), T.int64(1), T.int64(8)), "float32"), T_relu: T.Buffer((T.int64(1), T.int64(32), T.int64(4), T.int64(4), T.int64(8)), "float32")):
        T.func_attr({"tir.noalias": T.bool(True)})
        with T.block("root"):
            T.reads()
            T.writes()
            T.block_attr({"meta_schedule.parallel": 96, "meta_schedule.unroll_explicit": 512, "meta_schedule.vectorize": 64})
            conv2d_NCHWc = T.alloc_buffer((T.int64(1), T.int64(32), T.int64(4), T.int64(4), T.int64(8)))
            for n_0, oc_chunk_0, oh_0, ow_0, oc_block_0, n_1, oc_chunk_1, oh_1, ow_1, oc_block_1 in T.grid(T.int64(1), T.int64(2), T.int64(2), T.int64(2), T.int64(1), T.int64(1), T.int64(1), T.int64(2), T.int64(2), T.int64(1)):
                for ic_0, kh_0, kw_0, n_2, oc_chunk_2, oh_2, ow_2, oc_block_2, ic_1, kh_1, kw_1, n_3, oc_chunk_3, oh_3, ow_3, oc_block_3 in T.grid(T.int64(64), T.int64(1), T.int64(1), T.int64(1), T.int64(1), T.int64(1), T.int64(1), T.int64(1), T.int64(8), T.int64(1), T.int64(1), T.int64(1), T.int64(16), T.int64(1), T.int64(1), T.int64(8)):
                    with T.block("conv2d_NCHWc"):
                        v_n = T.axis.spatial(T.int64(1), n_0 + n_1 + n_2 + n_3)
                        v_oc_chunk = T.axis.spatial(T.int64(32), oc_chunk_0 * T.int64(16) + oc_chunk_1 * T.int64(16) + oc_chunk_2 * T.int64(16) + oc_chunk_3)
                        v_oh = T.axis.spatial(T.int64(4), oh_0 * T.int64(2) + oh_1 + oh_2 + oh_3)
                        v_ow = T.axis.spatial(T.int64(4), ow_0 * T.int64(2) + ow_1 + ow_2 + ow_3)
                        v_oc_block = T.axis.spatial(T.int64(8), oc_block_0 * T.int64(8) + oc_block_1 * T.int64(8) + oc_block_2 * T.int64(8) + oc_block_3)
                        v_ic = T.axis.reduce(T.int64(512), ic_0 * T.int64(8) + ic_1)
                        v_kh = T.axis.reduce(T.int64(1), kh_0 + kh_1)
                        v_kw = T.axis.reduce(T.int64(1), kw_0 + kw_1)
                        T.reads(p0[v_n, v_ic // T.int64(8), v_oh + v_kh, v_ow + v_kw, v_ic % T.int64(8)], p1[v_oc_chunk, v_ic // T.int64(8), v_kh, v_kw, v_ic % T.int64(8), v_oc_block])
                        T.writes(conv2d_NCHWc[v_n, v_oc_chunk, v_oh, v_ow, v_oc_block])
                        T.block_attr({"meta_schedule.tiling_structure": "SSRSRS"})
                        with T.init():
                            conv2d_NCHWc[v_n, v_oc_chunk, v_oh, v_ow, v_oc_block] = T.float32(0)
                        conv2d_NCHWc[v_n, v_oc_chunk, v_oh, v_ow, v_oc_block] = conv2d_NCHWc[v_n, v_oc_chunk, v_oh, v_ow, v_oc_block] + p0[v_n, v_ic // T.int64(8), v_oh + v_kh, v_ow + v_kw, v_ic % T.int64(8)] * p1[v_oc_chunk, v_ic // T.int64(8), v_kh, v_kw, v_ic % T.int64(8), v_oc_block]
                for ax0, ax1, ax2, ax3, ax4 in T.grid(T.int64(1), T.int64(16), T.int64(1), T.int64(1), T.int64(8)):
                    with T.block("T_relu"):
                        v_ax0 = T.axis.spatial(T.int64(1), ax0)
                        v_ax1 = T.axis.spatial(T.int64(32), oc_chunk_0 * T.int64(16) + ax1)
                        v_ax2 = T.axis.spatial(T.int64(4), oh_0 * T.int64(2) + oh_1 + ax2)
                        v_ax3 = T.axis.spatial(T.int64(4), ow_0 * T.int64(2) + ow_1 + ax3)
                        v_ax4 = T.axis.spatial(T.int64(8), ax4)
                        T.reads(conv2d_NCHWc[v_ax0, v_ax1, v_ax2, v_ax3, v_ax4], p2[v_ax0, v_ax1, T.int64(0), T.int64(0), v_ax4])
                        T.writes(T_relu[v_ax0, v_ax1, v_ax2, v_ax3, v_ax4])
                        T_relu[v_ax0, v_ax1, v_ax2, v_ax3, v_ax4] = T.max(conv2d_NCHWc[v_ax0, v_ax1, v_ax2, v_ax3, v_ax4] + p2[v_ax0, v_ax1, T.int64(0), T.int64(0), v_ax4], T.float32(0))
b0 = sch.get_block(name="conv2d_NCHWc", func_name="main")
b1 = sch.get_block(name="T_add", func_name="main")
b2 = sch.get_block(name="root", func_name="main")
sch.compute_inline(block=b1)
sch.annotate(block_or_loop=b0, ann_key="meta_schedule.tiling_structure", ann_val="SSRSRS")
l3, l4, l5, l6, l7, l8, l9, l10 = sch.get_loops(block=b0)
v11, v12, v13, v14 = sch.sample_perfect_tile(loop=l3, n=4, max_innermost_factor=64, decision=[1, 1, 1, 1])
l15, l16, l17, l18 = sch.split(loop=l3, factors=[v11, v12, v13, v14], preserve_unit_iters=True, disable_predication=False)
v19, v20, v21, v22 = sch.sample_perfect_tile(loop=l4, n=4, max_innermost_factor=64, decision=[2, 1, 1, 16])
l23, l24, l25, l26 = sch.split(loop=l4, factors=[v19, v20, v21, v22], preserve_unit_iters=True, disable_predication=False)
v27, v28, v29, v30 = sch.sample_perfect_tile(loop=l5, n=4, max_innermost_factor=64, decision=[2, 2, 1, 1])
l31, l32, l33, l34 = sch.split(loop=l5, factors=[v27, v28, v29, v30], preserve_unit_iters=True, disable_predication=False)
v35, v36, v37, v38 = sch.sample_perfect_tile(loop=l6, n=4, max_innermost_factor=64, decision=[2, 2, 1, 1])
l39, l40, l41, l42 = sch.split(loop=l6, factors=[v35, v36, v37, v38], preserve_unit_iters=True, disable_predication=False)
v43, v44, v45, v46 = sch.sample_perfect_tile(loop=l7, n=4, max_innermost_factor=64, decision=[1, 1, 1, 8])
l47, l48, l49, l50 = sch.split(loop=l7, factors=[v43, v44, v45, v46], preserve_unit_iters=True, disable_predication=False)
v51, v52 = sch.sample_perfect_tile(loop=l8, n=2, max_innermost_factor=64, decision=[64, 8])
l53, l54 = sch.split(loop=l8, factors=[v51, v52], preserve_unit_iters=True, disable_predication=False)
v55, v56 = sch.sample_perfect_tile(loop=l9, n=2, max_innermost_factor=64, decision=[1, 1])
l57, l58 = sch.split(loop=l9, factors=[v55, v56], preserve_unit_iters=True, disable_predication=False)
v59, v60 = sch.sample_perfect_tile(loop=l10, n=2, max_innermost_factor=64, decision=[1, 1])
l61, l62 = sch.split(loop=l10, factors=[v59, v60], preserve_unit_iters=True, disable_predication=False)
sch.reorder(l15, l23, l31, l39, l47, l16, l24, l32, l40, l48, l53, l57, l61, l17, l25, l33, l41, l49, l54, l58, l62, l18, l26, l34, l42, l50)
b63, = sch.get_consumers(block=b0)
sch.reverse_compute_at(block=b63, loop=l48, preserve_unit_loops=True, index=-1)
sch.annotate(block_or_loop=b2, ann_key="meta_schedule.parallel", ann_val=96)
sch.annotate(block_or_loop=b2, ann_key="meta_schedule.vectorize", ann_val=64)
v64 = sch.sample_categorical(candidates=[0, 16, 64, 512], probs=[0.25, 0.25, 0.25, 0.25], decision=3)
sch.annotate(block_or_loop=b2, ann_key="meta_schedule.unroll_explicit", ann_val=v64)
2024-05-19 13:28:35 [INFO] [task_scheduler.cc:170] Design space #2:
# from tvm.script import ir as I
# from tvm.script import tir as T

@I.ir_module
class Module:
    @T.prim_func
    def main(p0: T.Buffer((T.int64(1), T.int64(64), T.int64(4), T.int64(4), T.int64(8)), "float32"), p1: T.Buffer((T.int64(32), T.int64(64), T.int64(1), T.int64(1), T.int64(8), T.int64(8)), "float32"), p2: T.Buffer((T.int64(1), T.int64(32), T.int64(1), T.int64(1), T.int64(8)), "float32"), T_relu: T.Buffer((T.int64(1), T.int64(32), T.int64(4), T.int64(4), T.int64(8)), "float32")):
        T.func_attr({"tir.noalias": T.bool(True)})
        with T.block("root"):
            T.reads()
            T.writes()
            T.block_attr({"meta_schedule.parallel": 96, "meta_schedule.unroll_explicit": 16, "meta_schedule.vectorize": 64})
            conv2d_NCHWc = T.alloc_buffer((T.int64(1), T.int64(32), T.int64(4), T.int64(4), T.int64(8)))
            for n_0, oc_chunk_0, oh_0, ow_0, oc_block_0 in T.grid(T.int64(1), T.int64(2), T.int64(2), T.int64(2), T.int64(1)):
                for n_1, oc_chunk_1, oh_1, ow_1, oc_block_1, ic_0, kh_0, kw_0, n_2, oc_chunk_2, oh_2, ow_2, oc_block_2, ic_1, kh_1, kw_1, n_3, oc_chunk_3, oh_3, ow_3, oc_block_3 in T.grid(T.int64(1), T.int64(1), T.int64(2), T.int64(2), T.int64(1), T.int64(64), T.int64(1), T.int64(1), T.int64(1), T.int64(1), T.int64(1), T.int64(1), T.int64(1), T.int64(8), T.int64(1), T.int64(1), T.int64(1), T.int64(16), T.int64(1), T.int64(1), T.int64(8)):
                    with T.block("conv2d_NCHWc"):
                        v_n = T.axis.spatial(T.int64(1), n_0 + n_1 + n_2 + n_3)
                        v_oc_chunk = T.axis.spatial(T.int64(32), oc_chunk_0 * T.int64(16) + oc_chunk_1 * T.int64(16) + oc_chunk_2 * T.int64(16) + oc_chunk_3)
                        v_oh = T.axis.spatial(T.int64(4), oh_0 * T.int64(2) + oh_1 + oh_2 + oh_3)
                        v_ow = T.axis.spatial(T.int64(4), ow_0 * T.int64(2) + ow_1 + ow_2 + ow_3)
                        v_oc_block = T.axis.spatial(T.int64(8), oc_block_0 * T.int64(8) + oc_block_1 * T.int64(8) + oc_block_2 * T.int64(8) + oc_block_3)
                        v_ic = T.axis.reduce(T.int64(512), ic_0 * T.int64(8) + ic_1)
                        v_kh = T.axis.reduce(T.int64(1), kh_0 + kh_1)
                        v_kw = T.axis.reduce(T.int64(1), kw_0 + kw_1)
                        T.reads(p0[v_n, v_ic // T.int64(8), v_oh + v_kh, v_ow + v_kw, v_ic % T.int64(8)], p1[v_oc_chunk, v_ic // T.int64(8), v_kh, v_kw, v_ic % T.int64(8), v_oc_block])
                        T.writes(conv2d_NCHWc[v_n, v_oc_chunk, v_oh, v_ow, v_oc_block])
                        T.block_attr({"meta_schedule.tiling_structure": "SSRSRS"})
                        with T.init():
                            conv2d_NCHWc[v_n, v_oc_chunk, v_oh, v_ow, v_oc_block] = T.float32(0)
                        conv2d_NCHWc[v_n, v_oc_chunk, v_oh, v_ow, v_oc_block] = conv2d_NCHWc[v_n, v_oc_chunk, v_oh, v_ow, v_oc_block] + p0[v_n, v_ic // T.int64(8), v_oh + v_kh, v_ow + v_kw, v_ic % T.int64(8)] * p1[v_oc_chunk, v_ic // T.int64(8), v_kh, v_kw, v_ic % T.int64(8), v_oc_block]
                for ax0, ax1, ax2, ax3, ax4 in T.grid(T.int64(1), T.int64(16), T.int64(2), T.int64(2), T.int64(8)):
                    with T.block("T_relu"):
                        v_ax0 = T.axis.spatial(T.int64(1), ax0)
                        v_ax1 = T.axis.spatial(T.int64(32), oc_chunk_0 * T.int64(16) + ax1)
                        v_ax2 = T.axis.spatial(T.int64(4), oh_0 * T.int64(2) + ax2)
                        v_ax3 = T.axis.spatial(T.int64(4), ow_0 * T.int64(2) + ax3)
                        v_ax4 = T.axis.spatial(T.int64(8), ax4)
                        T.reads(conv2d_NCHWc[v_ax0, v_ax1, v_ax2, v_ax3, v_ax4], p2[v_ax0, v_ax1, T.int64(0), T.int64(0), v_ax4])
                        T.writes(T_relu[v_ax0, v_ax1, v_ax2, v_ax3, v_ax4])
                        T_relu[v_ax0, v_ax1, v_ax2, v_ax3, v_ax4] = T.max(conv2d_NCHWc[v_ax0, v_ax1, v_ax2, v_ax3, v_ax4] + p2[v_ax0, v_ax1, T.int64(0), T.int64(0), v_ax4], T.float32(0))
b0 = sch.get_block(name="conv2d_NCHWc", func_name="main")
b1 = sch.get_block(name="T_add", func_name="main")
b2 = sch.get_block(name="root", func_name="main")
sch.compute_inline(block=b1)
sch.annotate(block_or_loop=b0, ann_key="meta_schedule.tiling_structure", ann_val="SSRSRS")
l3, l4, l5, l6, l7, l8, l9, l10 = sch.get_loops(block=b0)
v11, v12, v13, v14 = sch.sample_perfect_tile(loop=l3, n=4, max_innermost_factor=64, decision=[1, 1, 1, 1])
l15, l16, l17, l18 = sch.split(loop=l3, factors=[v11, v12, v13, v14], preserve_unit_iters=True, disable_predication=False)
v19, v20, v21, v22 = sch.sample_perfect_tile(loop=l4, n=4, max_innermost_factor=64, decision=[2, 1, 1, 16])
l23, l24, l25, l26 = sch.split(loop=l4, factors=[v19, v20, v21, v22], preserve_unit_iters=True, disable_predication=False)
v27, v28, v29, v30 = sch.sample_perfect_tile(loop=l5, n=4, max_innermost_factor=64, decision=[2, 2, 1, 1])
l31, l32, l33, l34 = sch.split(loop=l5, factors=[v27, v28, v29, v30], preserve_unit_iters=True, disable_predication=False)
v35, v36, v37, v38 = sch.sample_perfect_tile(loop=l6, n=4, max_innermost_factor=64, decision=[2, 2, 1, 1])
l39, l40, l41, l42 = sch.split(loop=l6, factors=[v35, v36, v37, v38], preserve_unit_iters=True, disable_predication=False)
v43, v44, v45, v46 = sch.sample_perfect_tile(loop=l7, n=4, max_innermost_factor=64, decision=[1, 1, 1, 8])
l47, l48, l49, l50 = sch.split(loop=l7, factors=[v43, v44, v45, v46], preserve_unit_iters=True, disable_predication=False)
v51, v52 = sch.sample_perfect_tile(loop=l8, n=2, max_innermost_factor=64, decision=[64, 8])
l53, l54 = sch.split(loop=l8, factors=[v51, v52], preserve_unit_iters=True, disable_predication=False)
v55, v56 = sch.sample_perfect_tile(loop=l9, n=2, max_innermost_factor=64, decision=[1, 1])
l57, l58 = sch.split(loop=l9, factors=[v55, v56], preserve_unit_iters=True, disable_predication=False)
v59, v60 = sch.sample_perfect_tile(loop=l10, n=2, max_innermost_factor=64, decision=[1, 1])
l61, l62 = sch.split(loop=l10, factors=[v59, v60], preserve_unit_iters=True, disable_predication=False)
sch.reorder(l15, l23, l31, l39, l47, l16, l24, l32, l40, l48, l53, l57, l61, l17, l25, l33, l41, l49, l54, l58, l62, l18, l26, l34, l42, l50)
b63, = sch.get_consumers(block=b0)
sch.reverse_compute_at(block=b63, loop=l47, preserve_unit_loops=True, index=-1)
sch.annotate(block_or_loop=b2, ann_key="meta_schedule.parallel", ann_val=96)
sch.annotate(block_or_loop=b2, ann_key="meta_schedule.vectorize", ann_val=64)
v64 = sch.sample_categorical(candidates=[0, 16, 64, 512], probs=[0.25, 0.25, 0.25, 0.25], decision=1)
sch.annotate(block_or_loop=b2, ann_key="meta_schedule.unroll_explicit", ann_val=v64)
2024-05-19 13:57:00 [INFO] [evolutionary_search.cc:713] Generating candidates......
2024-05-19 13:57:00 [INFO] [evolutionary_search.cc:715] Picked top 0 candidate(s) from database
2024-05-19 13:57:01 [INFO] [evolutionary_search.cc:533] Sample-Init-Population summary:
Postproc #0 [meta_schedule.DisallowDynamicLoop(0xc0f22c8)]: 0 failure(s)
Postproc #1 [meta_schedule.RewriteParallelVectorizeUnroll(0xdc7f8c8)]: 0 failure(s)
Postproc #2 [meta_schedule.RewriteReductionBlock(0x14bc78c8)]: 0 failure(s)
Postproc #3 [meta_schedule.RewriteLayout(0x13495c38)]: 0 failure(s)
2024-05-19 13:57:01 [INFO] [evolutionary_search.cc:723] Sampled 512 candidate(s)
2024-05-19 13:57:02 [INFO] [evolutionary_search.cc:621] Evolve iter #0 done. Summary:
Postproc #0 [meta_schedule.DisallowDynamicLoop(0xc0f22c8)]: 0 failure(s)
Postproc #1 [meta_schedule.RewriteParallelVectorizeUnroll(0xdc7f8c8)]: 0 failure(s)
Postproc #2 [meta_schedule.RewriteReductionBlock(0x14bc78c8)]: 0 failure(s)
Postproc #3 [meta_schedule.RewriteLayout(0x13495c38)]: 0 failure(s)
2024-05-19 13:57:03 [INFO] [evolutionary_search.cc:621] Evolve iter #1 done. Summary:
Postproc #0 [meta_schedule.DisallowDynamicLoop(0xc0f22c8)]: 0 failure(s)
Postproc #1 [meta_schedule.RewriteParallelVectorizeUnroll(0xdc7f8c8)]: 0 failure(s)
Postproc #2 [meta_schedule.RewriteReductionBlock(0x14bc78c8)]: 0 failure(s)
Postproc #3 [meta_schedule.RewriteLayout(0x13495c38)]: 0 failure(s)
2024-05-19 13:57:05 [INFO] [evolutionary_search.cc:621] Evolve iter #2 done. Summary:
Postproc #0 [meta_schedule.DisallowDynamicLoop(0xc0f22c8)]: 0 failure(s)
Postproc #1 [meta_schedule.RewriteParallelVectorizeUnroll(0xdc7f8c8)]: 0 failure(s)
Postproc #2 [meta_schedule.RewriteReductionBlock(0x14bc78c8)]: 0 failure(s)
Postproc #3 [meta_schedule.RewriteLayout(0x13495c38)]: 0 failure(s)
2024-05-19 13:57:06 [INFO] [evolutionary_search.cc:621] Evolve iter #3 done. Summary:
Postproc #0 [meta_schedule.DisallowDynamicLoop(0xc0f22c8)]: 0 failure(s)
Postproc #1 [meta_schedule.RewriteParallelVectorizeUnroll(0xdc7f8c8)]: 0 failure(s)
Postproc #2 [meta_schedule.RewriteReductionBlock(0x14bc78c8)]: 0 failure(s)
Postproc #3 [meta_schedule.RewriteLayout(0x13495c38)]: 0 failure(s)
2024-05-19 13:57:06 [INFO] [evolutionary_search.cc:649] Scores of the best 64 candidates:
[1 : 16]:	0.9998  0.9996  0.9995  0.9994  0.9987  0.9986  0.9982  0.9977  0.9969  0.9968  0.9966  0.9950  0.9946  0.9943  0.9942  0.9941
[17 : 32]:	0.9931  0.9927  0.9922  0.9919  0.9917  0.9917  0.9915  0.9913  0.9912  0.9908  0.9892  0.9891  0.9884  0.9877  0.9875  0.9858
[33 : 48]:	0.9846  0.9843  0.9839  0.9837  0.9833  0.9829  0.9824  0.9813  0.9811  0.9794  0.9793  0.9787  0.9782  0.9781  0.9776  0.9774
[49 : 64]:	0.9767  0.9763  0.9761  0.9756  0.9755  0.9748  0.9742  0.9741  0.9737  0.9730  0.9729  0.9727  0.9720  0.9715  0.9713  0.9700
2024-05-19 13:57:06 [INFO] [evolutionary_search.cc:727] Got 64 candidate(s) with evolutionary search
2024-05-19 13:57:06 [INFO] [evolutionary_search.cc:730] Sending 64 candidates(s) for measurement
2024-05-19 14:19:07 [INFO] [task_scheduler.cc:131] [Task #16: fused_nn_contrib_conv2d_NCHWc_add_nn_relu_8] Trial #1: GFLOPs: 58.6080. Time: 71.7052 us. Best GFLOPs: 58.6080
2024-05-19 14:19:07 [INFO] [task_scheduler.cc:131] [Task #16: fused_nn_contrib_conv2d_NCHWc_add_nn_relu_8] Trial #2: GFLOPs: 15.4841. Time: 271.4080 us. Best GFLOPs: 58.6080
2024-05-19 14:19:07 [INFO] [task_scheduler.cc:131] [Task #16: fused_nn_contrib_conv2d_NCHWc_add_nn_relu_8] Trial #3: GFLOPs: 73.5938. Time: 57.1040 us. Best GFLOPs: 73.5938
2024-05-19 14:19:07 [INFO] [task_scheduler.cc:131] [Task #16: fused_nn_contrib_conv2d_NCHWc_add_nn_relu_8] Trial #4: GFLOPs: 12.4281. Time: 338.1455 us. Best GFLOPs: 73.5938
2024-05-19 14:19:07 [INFO] [task_scheduler.cc:131] [Task #16: fused_nn_contrib_conv2d_NCHWc_add_nn_relu_8] Trial #5: GFLOPs: 39.1652. Time: 107.3018 us. Best GFLOPs: 73.5938
2024-05-19 14:19:07 [INFO] [task_scheduler.cc:131] [Task #16: fused_nn_contrib_conv2d_NCHWc_add_nn_relu_8] Trial #6: GFLOPs: 19.5884. Time: 214.5396 us. Best GFLOPs: 73.5938
2024-05-19 14:19:07 [INFO] [task_scheduler.cc:131] [Task #16: fused_nn_contrib_conv2d_NCHWc_add_nn_relu_8] Trial #7: GFLOPs: 9.9588. Time: 421.9883 us. Best GFLOPs: 73.5938
2024-05-19 14:19:07 [INFO] [task_scheduler.cc:131] [Task #16: fused_nn_contrib_conv2d_NCHWc_add_nn_relu_8] Trial #8: GFLOPs: 2.2215. Time: 1891.7430 us. Best GFLOPs: 73.5938
2024-05-19 14:19:07 [INFO] [task_scheduler.cc:131] [Task #16: fused_nn_contrib_conv2d_NCHWc_add_nn_relu_8] Trial #9: GFLOPs: 64.1417. Time: 65.5189 us. Best GFLOPs: 73.5938
2024-05-19 14:19:07 [INFO] [task_scheduler.cc:131] [Task #16: fused_nn_contrib_conv2d_NCHWc_add_nn_relu_8] Trial #10: GFLOPs: 25.4549. Time: 165.0958 us. Best GFLOPs: 73.5938
2024-05-19 14:19:07 [INFO] [task_scheduler.cc:131] [Task #16: fused_nn_contrib_conv2d_NCHWc_add_nn_relu_8] Trial #11: GFLOPs: 17.9413. Time: 234.2358 us. Best GFLOPs: 73.5938
2024-05-19 14:19:07 [INFO] [task_scheduler.cc:131] [Task #16: fused_nn_contrib_conv2d_NCHWc_add_nn_relu_8] Trial #12: GFLOPs: 29.7858. Time: 141.0907 us. Best GFLOPs: 73.5938
2024-05-19 14:19:07 [INFO] [task_scheduler.cc:131] [Task #16: fused_nn_contrib_conv2d_NCHWc_add_nn_relu_8] Trial #13: GFLOPs: 31.4345. Time: 133.6904 us. Best GFLOPs: 73.5938
2024-05-19 14:19:07 [INFO] [task_scheduler.cc:131] [Task #16: fused_nn_contrib_conv2d_NCHWc_add_nn_relu_8] Trial #14: GFLOPs: 18.1831. Time: 231.1206 us. Best GFLOPs: 73.5938
2024-05-19 14:19:07 [INFO] [task_scheduler.cc:131] [Task #16: fused_nn_contrib_conv2d_NCHWc_add_nn_relu_8] Trial #15: GFLOPs: 12.9425. Time: 324.7045 us. Best GFLOPs: 73.5938
2024-05-19 14:19:07 [INFO] [task_scheduler.cc:131] [Task #16: fused_nn_contrib_conv2d_NCHWc_add_nn_relu_8] Trial #16: GFLOPs: 30.1659. Time: 139.3128 us. Best GFLOPs: 73.5938
2024-05-19 14:19:07 [INFO] [task_scheduler.cc:131] [Task #16: fused_nn_contrib_conv2d_NCHWc_add_nn_relu_8] Trial #17: GFLOPs: 7.4407. Time: 564.7957 us. Best GFLOPs: 73.5938
2024-05-19 14:19:07 [INFO] [task_scheduler.cc:131] [Task #16: fused_nn_contrib_conv2d_NCHWc_add_nn_relu_8] Trial #18: GFLOPs: 12.6600. Time: 331.9513 us. Best GFLOPs: 73.5938
2024-05-19 14:19:07 [INFO] [task_scheduler.cc:131] [Task #16: fused_nn_contrib_conv2d_NCHWc_add_nn_relu_8] Trial #19: GFLOPs: 22.6102. Time: 185.8674 us. Best GFLOPs: 73.5938
2024-05-19 14:19:07 [INFO] [task_scheduler.cc:131] [Task #16: fused_nn_contrib_conv2d_NCHWc_add_nn_relu_8] Trial #20: GFLOPs: 23.9656. Time: 175.3554 us. Best GFLOPs: 73.5938
2024-05-19 14:19:07 [INFO] [task_scheduler.cc:131] [Task #16: fused_nn_contrib_conv2d_NCHWc_add_nn_relu_8] Trial #21: GFLOPs: 15.2800. Time: 275.0320 us. Best GFLOPs: 73.5938
2024-05-19 14:19:07 [INFO] [task_scheduler.cc:131] [Task #16: fused_nn_contrib_conv2d_NCHWc_add_nn_relu_8] Trial #22: GFLOPs: 72.5335. Time: 57.9387 us. Best GFLOPs: 73.5938
2024-05-19 14:19:07 [INFO] [task_scheduler.cc:131] [Task #16: fused_nn_contrib_conv2d_NCHWc_add_nn_relu_8] Trial #23: GFLOPs: 16.3034. Time: 257.7688 us. Best GFLOPs: 73.5938
2024-05-19 14:19:07 [INFO] [task_scheduler.cc:131] [Task #16: fused_nn_contrib_conv2d_NCHWc_add_nn_relu_8] Trial #24: GFLOPs: 59.3639. Time: 70.7921 us. Best GFLOPs: 73.5938
2024-05-19 14:19:07 [INFO] [task_scheduler.cc:131] [Task #16: fused_nn_contrib_conv2d_NCHWc_add_nn_relu_8] Trial #25: GFLOPs: 22.4182. Time: 187.4592 us. Best GFLOPs: 73.5938
2024-05-19 14:19:07 [INFO] [task_scheduler.cc:131] [Task #16: fused_nn_contrib_conv2d_NCHWc_add_nn_relu_8] Trial #26: GFLOPs: 11.2115. Time: 374.8375 us. Best GFLOPs: 73.5938
2024-05-19 14:19:07 [INFO] [task_scheduler.cc:131] [Task #16: fused_nn_contrib_conv2d_NCHWc_add_nn_relu_8] Trial #27: GFLOPs: 21.2339. Time: 197.9143 us. Best GFLOPs: 73.5938
2024-05-19 14:19:07 [INFO] [task_scheduler.cc:131] [Task #16: fused_nn_contrib_conv2d_NCHWc_add_nn_relu_8] Trial #28: GFLOPs: 26.6839. Time: 157.4920 us. Best GFLOPs: 73.5938
2024-05-19 14:19:07 [INFO] [task_scheduler.cc:131] [Task #16: fused_nn_contrib_conv2d_NCHWc_add_nn_relu_8] Trial #29: GFLOPs: 27.5503. Time: 152.5389 us. Best GFLOPs: 73.5938
2024-05-19 14:19:07 [INFO] [task_scheduler.cc:131] [Task #16: fused_nn_contrib_conv2d_NCHWc_add_nn_relu_8] Trial #30: GFLOPs: 27.0453. Time: 155.3870 us. Best GFLOPs: 73.5938
2024-05-19 14:19:07 [INFO] [task_scheduler.cc:131] [Task #16: fused_nn_contrib_conv2d_NCHWc_add_nn_relu_8] Trial #31: GFLOPs: 21.0417. Time: 199.7221 us. Best GFLOPs: 73.5938
2024-05-19 14:19:07 [INFO] [task_scheduler.cc:131] [Task #16: fused_nn_contrib_conv2d_NCHWc_add_nn_relu_8] Trial #32: GFLOPs: 9.3105. Time: 451.3713 us. Best GFLOPs: 73.5938
2024-05-19 14:19:07 [INFO] [task_scheduler.cc:131] [Task #16: fused_nn_contrib_conv2d_NCHWc_add_nn_relu_8] Trial #33: GFLOPs: 14.8463. Time: 283.0672 us. Best GFLOPs: 73.5938
2024-05-19 14:19:07 [INFO] [task_scheduler.cc:131] [Task #16: fused_nn_contrib_conv2d_NCHWc_add_nn_relu_8] Trial #34: GFLOPs: 14.2789. Time: 294.3156 us. Best GFLOPs: 73.5938
2024-05-19 14:19:07 [INFO] [task_scheduler.cc:131] [Task #16: fused_nn_contrib_conv2d_NCHWc_add_nn_relu_8] Trial #35: GFLOPs: 22.3405. Time: 188.1107 us. Best GFLOPs: 73.5938
2024-05-19 14:19:07 [INFO] [task_scheduler.cc:131] [Task #16: fused_nn_contrib_conv2d_NCHWc_add_nn_relu_8] Trial #36: GFLOPs: 14.5884. Time: 288.0713 us. Best GFLOPs: 73.5938
2024-05-19 14:19:07 [INFO] [task_scheduler.cc:131] [Task #16: fused_nn_contrib_conv2d_NCHWc_add_nn_relu_8] Trial #37: GFLOPs: 14.5575. Time: 288.6834 us. Best GFLOPs: 73.5938
2024-05-19 14:19:07 [INFO] [task_scheduler.cc:131] [Task #16: fused_nn_contrib_conv2d_NCHWc_add_nn_relu_8] Trial #38: GFLOPs: 8.2275. Time: 510.7842 us. Best GFLOPs: 73.5938
2024-05-19 14:19:07 [INFO] [task_scheduler.cc:131] [Task #16: fused_nn_contrib_conv2d_NCHWc_add_nn_relu_8] Trial #39: GFLOPs: 79.1070. Time: 53.1242 us. Best GFLOPs: 79.1070
2024-05-19 14:19:07 [INFO] [task_scheduler.cc:131] [Task #16: fused_nn_contrib_conv2d_NCHWc_add_nn_relu_8] Trial #40: GFLOPs: 18.7292. Time: 224.3821 us. Best GFLOPs: 79.1070
2024-05-19 14:19:07 [INFO] [task_scheduler.cc:131] [Task #16: fused_nn_contrib_conv2d_NCHWc_add_nn_relu_8] Trial #41: GFLOPs: 10.5887. Time: 396.8846 us. Best GFLOPs: 79.1070
2024-05-19 14:19:07 [INFO] [task_scheduler.cc:131] [Task #16: fused_nn_contrib_conv2d_NCHWc_add_nn_relu_8] Trial #42: GFLOPs: 19.1614. Time: 219.3214 us. Best GFLOPs: 79.1070
2024-05-19 14:19:07 [INFO] [task_scheduler.cc:131] [Task #16: fused_nn_contrib_conv2d_NCHWc_add_nn_relu_8] Trial #43: GFLOPs: 14.3181. Time: 293.5090 us. Best GFLOPs: 79.1070
2024-05-19 14:19:07 [INFO] [task_scheduler.cc:131] [Task #16: fused_nn_contrib_conv2d_NCHWc_add_nn_relu_8] Trial #44: GFLOPs: 10.1736. Time: 413.0777 us. Best GFLOPs: 79.1070
2024-05-19 14:19:07 [INFO] [task_scheduler.cc:131] [Task #16: fused_nn_contrib_conv2d_NCHWc_add_nn_relu_8] Trial #45: GFLOPs: 71.8218. Time: 58.5128 us. Best GFLOPs: 79.1070
2024-05-19 14:19:07 [INFO] [task_scheduler.cc:131] [Task #16: fused_nn_contrib_conv2d_NCHWc_add_nn_relu_8] Trial #46: GFLOPs: 46.7515. Time: 89.8900 us. Best GFLOPs: 79.1070
2024-05-19 14:19:07 [INFO] [task_scheduler.cc:131] [Task #16: fused_nn_contrib_conv2d_NCHWc_add_nn_relu_8] Trial #47: GFLOPs: 28.6286. Time: 146.7935 us. Best GFLOPs: 79.1070
2024-05-19 14:19:07 [INFO] [task_scheduler.cc:131] [Task #16: fused_nn_contrib_conv2d_NCHWc_add_nn_relu_8] Trial #48: GFLOPs: 30.9423. Time: 135.8170 us. Best GFLOPs: 79.1070
2024-05-19 14:19:07 [INFO] [task_scheduler.cc:131] [Task #16: fused_nn_contrib_conv2d_NCHWc_add_nn_relu_8] Trial #49: GFLOPs: 29.0096. Time: 144.8659 us. Best GFLOPs: 79.1070
2024-05-19 14:19:07 [INFO] [task_scheduler.cc:131] [Task #16: fused_nn_contrib_conv2d_NCHWc_add_nn_relu_8] Trial #50: GFLOPs: 72.7508. Time: 57.7657 us. Best GFLOPs: 79.1070
2024-05-19 14:19:07 [INFO] [task_scheduler.cc:131] [Task #16: fused_nn_contrib_conv2d_NCHWc_add_nn_relu_8] Trial #51: GFLOPs: 58.4889. Time: 71.8512 us. Best GFLOPs: 79.1070
2024-05-19 14:19:07 [INFO] [task_scheduler.cc:131] [Task #16: fused_nn_contrib_conv2d_NCHWc_add_nn_relu_8] Trial #52: GFLOPs: 87.3246. Time: 48.1250 us. Best GFLOPs: 87.3246
2024-05-19 14:19:07 [INFO] [task_scheduler.cc:131] [Task #16: fused_nn_contrib_conv2d_NCHWc_add_nn_relu_8] Trial #53: GFLOPs: 12.0936. Time: 347.4980 us. Best GFLOPs: 87.3246
2024-05-19 14:19:07 [INFO] [task_scheduler.cc:131] [Task #16: fused_nn_contrib_conv2d_NCHWc_add_nn_relu_8] Trial #54: GFLOPs: 13.4233. Time: 313.0755 us. Best GFLOPs: 87.3246
2024-05-19 14:19:07 [INFO] [task_scheduler.cc:131] [Task #16: fused_nn_contrib_conv2d_NCHWc_add_nn_relu_8] Trial #55: GFLOPs: 8.6365. Time: 486.5997 us. Best GFLOPs: 87.3246
2024-05-19 14:19:07 [INFO] [task_scheduler.cc:131] [Task #16: fused_nn_contrib_conv2d_NCHWc_add_nn_relu_8] Trial #56: GFLOPs: 31.9252. Time: 131.6356 us. Best GFLOPs: 87.3246
2024-05-19 14:19:07 [INFO] [task_scheduler.cc:131] [Task #16: fused_nn_contrib_conv2d_NCHWc_add_nn_relu_8] Trial #57: GFLOPs: 10.1593. Time: 413.6597 us. Best GFLOPs: 87.3246
2024-05-19 14:19:07 [INFO] [task_scheduler.cc:131] [Task #16: fused_nn_contrib_conv2d_NCHWc_add_nn_relu_8] Trial #58: GFLOPs: 30.5271. Time: 137.6642 us. Best GFLOPs: 87.3246
2024-05-19 14:19:07 [INFO] [task_scheduler.cc:131] [Task #16: fused_nn_contrib_conv2d_NCHWc_add_nn_relu_8] Trial #59: GFLOPs: 16.3744. Time: 256.6506 us. Best GFLOPs: 87.3246
2024-05-19 14:19:07 [INFO] [task_scheduler.cc:131] [Task #16: fused_nn_contrib_conv2d_NCHWc_add_nn_relu_8] Trial #60: GFLOPs: 39.4840. Time: 106.4354 us. Best GFLOPs: 87.3246
2024-05-19 14:19:07 [INFO] [task_scheduler.cc:131] [Task #16: fused_nn_contrib_conv2d_NCHWc_add_nn_relu_8] Trial #61: GFLOPs: 26.8238. Time: 156.6702 us. Best GFLOPs: 87.3246
2024-05-19 14:19:07 [INFO] [task_scheduler.cc:131] [Task #16: fused_nn_contrib_conv2d_NCHWc_add_nn_relu_8] Trial #62: GFLOPs: 40.9409. Time: 102.6480 us. Best GFLOPs: 87.3246
2024-05-19 14:19:07 [INFO] [task_scheduler.cc:131] [Task #16: fused_nn_contrib_conv2d_NCHWc_add_nn_relu_8] Trial #63: GFLOPs: 22.3468. Time: 188.0582 us. Best GFLOPs: 87.3246
2024-05-19 14:19:07 [INFO] [task_scheduler.cc:131] [Task #16: fused_nn_contrib_conv2d_NCHWc_add_nn_relu_8] Trial #64: GFLOPs: 14.6361. Time: 287.1329 us. Best GFLOPs: 87.3246
2024-05-19 14:58:00 [INFO] [evolutionary_search.cc:713] Generating candidates......
2024-05-19 14:58:00 [INFO] [evolutionary_search.cc:715] Picked top 64 candidate(s) from database
2024-05-19 14:58:01 [INFO] [evolutionary_search.cc:533] Sample-Init-Population summary:
Postproc #0 [meta_schedule.DisallowDynamicLoop(0xc0f22c8)]: 0 failure(s)
Postproc #1 [meta_schedule.RewriteParallelVectorizeUnroll(0xdc7f8c8)]: 0 failure(s)
Postproc #2 [meta_schedule.RewriteReductionBlock(0x14bc78c8)]: 0 failure(s)
Postproc #3 [meta_schedule.RewriteLayout(0x13495c38)]: 0 failure(s)
2024-05-19 14:58:01 [INFO] [evolutionary_search.cc:723] Sampled 448 candidate(s)
2024-05-19 14:58:04 [INFO] [evolutionary_search.cc:621] Evolve iter #0 done. Summary:
Postproc #0 [meta_schedule.DisallowDynamicLoop(0xc0f22c8)]: 0 failure(s)
Postproc #1 [meta_schedule.RewriteParallelVectorizeUnroll(0xdc7f8c8)]: 0 failure(s)
Postproc #2 [meta_schedule.RewriteReductionBlock(0x14bc78c8)]: 0 failure(s)
Postproc #3 [meta_schedule.RewriteLayout(0x13495c38)]: 0 failure(s)
2024-05-19 14:58:06 [INFO] [evolutionary_search.cc:621] Evolve iter #1 done. Summary:
Postproc #0 [meta_schedule.DisallowDynamicLoop(0xc0f22c8)]: 0 failure(s)
Postproc #1 [meta_schedule.RewriteParallelVectorizeUnroll(0xdc7f8c8)]: 0 failure(s)
Postproc #2 [meta_schedule.RewriteReductionBlock(0x14bc78c8)]: 0 failure(s)
Postproc #3 [meta_schedule.RewriteLayout(0x13495c38)]: 0 failure(s)
2024-05-19 14:58:09 [INFO] [evolutionary_search.cc:621] Evolve iter #2 done. Summary:
Postproc #0 [meta_schedule.DisallowDynamicLoop(0xc0f22c8)]: 0 failure(s)
Postproc #1 [meta_schedule.RewriteParallelVectorizeUnroll(0xdc7f8c8)]: 0 failure(s)
Postproc #2 [meta_schedule.RewriteReductionBlock(0x14bc78c8)]: 0 failure(s)
Postproc #3 [meta_schedule.RewriteLayout(0x13495c38)]: 0 failure(s)
2024-05-19 14:58:11 [INFO] [evolutionary_search.cc:621] Evolve iter #3 done. Summary:
Postproc #0 [meta_schedule.DisallowDynamicLoop(0xc0f22c8)]: 0 failure(s)
Postproc #1 [meta_schedule.RewriteParallelVectorizeUnroll(0xdc7f8c8)]: 0 failure(s)
Postproc #2 [meta_schedule.RewriteReductionBlock(0x14bc78c8)]: 0 failure(s)
Postproc #3 [meta_schedule.RewriteLayout(0x13495c38)]: 0 failure(s)
2024-05-19 14:58:13 [INFO] [evolutionary_search.cc:649] Scores of the best 64 candidates:
[1 : 16]:	0.9950  0.9672  0.9660  0.9529  0.9473  0.9469  0.9406  0.9378  0.9314  0.9312  0.9277  0.9233  0.9171  0.9113  0.9093  0.9084
[17 : 32]:	0.9053  0.9037  0.9028  0.8900  0.8871  0.8851  0.8846  0.8843  0.8787  0.8771  0.8764  0.8759  0.8684  0.8675  0.8550  0.8537
[33 : 48]:	0.8528  0.8527  0.8515  0.8515  0.8504  0.8496  0.8490  0.8464  0.8452  0.8448  0.8427  0.8422  0.8401  0.8378  0.8362  0.8345
[49 : 64]:	0.8336  0.8334  0.8333  0.8324  0.8310  0.8299  0.8294  0.8292  0.8288  0.8285  0.8279  0.8277  0.8272  0.8257  0.8249  0.8247
2024-05-19 14:58:13 [INFO] [evolutionary_search.cc:727] Got 64 candidate(s) with evolutionary search
2024-05-19 14:58:13 [INFO] [evolutionary_search.cc:730] Sending 63 candidates(s) for measurement
2024-05-19 14:59:53 [INFO] [task_scheduler.cc:131] [Task #16: fused_nn_contrib_conv2d_NCHWc_add_nn_relu_8] Trial #65: GFLOPs: 30.6601. Time: 137.0672 us. Best GFLOPs: 87.3246
2024-05-19 14:59:53 [INFO] [task_scheduler.cc:131] [Task #16: fused_nn_contrib_conv2d_NCHWc_add_nn_relu_8] Trial #66: GFLOPs: 71.6285. Time: 58.6707 us. Best GFLOPs: 87.3246
2024-05-19 14:59:53 [INFO] [task_scheduler.cc:131] [Task #16: fused_nn_contrib_conv2d_NCHWc_add_nn_relu_8] Trial #67: GFLOPs: 115.3023. Time: 36.4476 us. Best GFLOPs: 115.3023
2024-05-19 14:59:53 [INFO] [task_scheduler.cc:131] [Task #16: fused_nn_contrib_conv2d_NCHWc_add_nn_relu_8] Trial #68: GFLOPs: 107.4263. Time: 39.1198 us. Best GFLOPs: 115.3023
2024-05-19 14:59:53 [INFO] [task_scheduler.cc:131] [Task #16: fused_nn_contrib_conv2d_NCHWc_add_nn_relu_8] Trial #69: GFLOPs: 102.2240. Time: 41.1107 us. Best GFLOPs: 115.3023
2024-05-19 14:59:53 [INFO] [task_scheduler.cc:131] [Task #16: fused_nn_contrib_conv2d_NCHWc_add_nn_relu_8] Trial #70: GFLOPs: 178.9745. Time: 23.4810 us. Best GFLOPs: 178.9745
2024-05-19 14:59:53 [INFO] [task_scheduler.cc:131] [Task #16: fused_nn_contrib_conv2d_NCHWc_add_nn_relu_8] Trial #71: GFLOPs: 99.9902. Time: 42.0291 us. Best GFLOPs: 178.9745
2024-05-19 14:59:53 [INFO] [task_scheduler.cc:131] [Task #16: fused_nn_contrib_conv2d_NCHWc_add_nn_relu_8] Trial #72: GFLOPs: 106.8613. Time: 39.3266 us. Best GFLOPs: 178.9745
2024-05-19 14:59:53 [INFO] [task_scheduler.cc:131] [Task #16: fused_nn_contrib_conv2d_NCHWc_add_nn_relu_8] Trial #73: GFLOPs: 43.4886. Time: 96.6344 us. Best GFLOPs: 178.9745
2024-05-19 14:59:53 [INFO] [task_scheduler.cc:131] [Task #16: fused_nn_contrib_conv2d_NCHWc_add_nn_relu_8] Trial #74: GFLOPs: 45.2274. Time: 92.9193 us. Best GFLOPs: 178.9745
2024-05-19 14:59:53 [INFO] [task_scheduler.cc:131] [Task #16: fused_nn_contrib_conv2d_NCHWc_add_nn_relu_8] Trial #75: GFLOPs: 80.3037. Time: 52.3326 us. Best GFLOPs: 178.9745
2024-05-19 14:59:53 [INFO] [task_scheduler.cc:131] [Task #16: fused_nn_contrib_conv2d_NCHWc_add_nn_relu_8] Trial #76: GFLOPs: 177.7341. Time: 23.6449 us. Best GFLOPs: 178.9745
2024-05-19 14:59:53 [INFO] [task_scheduler.cc:131] [Task #16: fused_nn_contrib_conv2d_NCHWc_add_nn_relu_8] Trial #77: GFLOPs: 123.6685. Time: 33.9819 us. Best GFLOPs: 178.9745
2024-05-19 14:59:53 [INFO] [task_scheduler.cc:131] [Task #16: fused_nn_contrib_conv2d_NCHWc_add_nn_relu_8] Trial #78: GFLOPs: 48.3906. Time: 86.8452 us. Best GFLOPs: 178.9745
2024-05-19 14:59:53 [INFO] [task_scheduler.cc:131] [Task #16: fused_nn_contrib_conv2d_NCHWc_add_nn_relu_8] Trial #79: GFLOPs: 105.6744. Time: 39.7683 us. Best GFLOPs: 178.9745
2024-05-19 14:59:53 [INFO] [task_scheduler.cc:131] [Task #16: fused_nn_contrib_conv2d_NCHWc_add_nn_relu_8] Trial #80: GFLOPs: 62.1901. Time: 67.5750 us. Best GFLOPs: 178.9745
2024-05-19 14:59:53 [INFO] [task_scheduler.cc:131] [Task #16: fused_nn_contrib_conv2d_NCHWc_add_nn_relu_8] Trial #81: GFLOPs: 70.8557. Time: 59.3106 us. Best GFLOPs: 178.9745
2024-05-19 14:59:53 [INFO] [task_scheduler.cc:131] [Task #16: fused_nn_contrib_conv2d_NCHWc_add_nn_relu_8] Trial #82: GFLOPs: 78.5644. Time: 53.4911 us. Best GFLOPs: 178.9745
2024-05-19 14:59:53 [INFO] [task_scheduler.cc:131] [Task #16: fused_nn_contrib_conv2d_NCHWc_add_nn_relu_8] Trial #83: GFLOPs: 118.4048. Time: 35.4926 us. Best GFLOPs: 178.9745
2024-05-19 14:59:53 [INFO] [task_scheduler.cc:131] [Task #16: fused_nn_contrib_conv2d_NCHWc_add_nn_relu_8] Trial #84: GFLOPs: 121.3998. Time: 34.6170 us. Best GFLOPs: 178.9745
2024-05-19 14:59:53 [INFO] [task_scheduler.cc:131] [Task #16: fused_nn_contrib_conv2d_NCHWc_add_nn_relu_8] Trial #85: GFLOPs: 77.7287. Time: 54.0662 us. Best GFLOPs: 178.9745
2024-05-19 14:59:53 [INFO] [task_scheduler.cc:131] [Task #16: fused_nn_contrib_conv2d_NCHWc_add_nn_relu_8] Trial #86: GFLOPs: 178.7604. Time: 23.5091 us. Best GFLOPs: 178.9745
2024-05-19 14:59:53 [INFO] [task_scheduler.cc:131] [Task #16: fused_nn_contrib_conv2d_NCHWc_add_nn_relu_8] Trial #87: GFLOPs: 121.6560. Time: 34.5441 us. Best GFLOPs: 178.9745
2024-05-19 14:59:53 [INFO] [task_scheduler.cc:131] [Task #16: fused_nn_contrib_conv2d_NCHWc_add_nn_relu_8] Trial #88: GFLOPs: 107.3418. Time: 39.1506 us. Best GFLOPs: 178.9745
2024-05-19 14:59:53 [INFO] [task_scheduler.cc:131] [Task #16: fused_nn_contrib_conv2d_NCHWc_add_nn_relu_8] Trial #89: GFLOPs: 75.2421. Time: 55.8530 us. Best GFLOPs: 178.9745
2024-05-19 14:59:53 [INFO] [task_scheduler.cc:131] [Task #16: fused_nn_contrib_conv2d_NCHWc_add_nn_relu_8] Trial #90: GFLOPs: 122.4509. Time: 34.3198 us. Best GFLOPs: 178.9745
2024-05-19 14:59:53 [INFO] [task_scheduler.cc:131] [Task #16: fused_nn_contrib_conv2d_NCHWc_add_nn_relu_8] Trial #91: GFLOPs: 74.1977. Time: 56.6391 us. Best GFLOPs: 178.9745
2024-05-19 14:59:53 [INFO] [task_scheduler.cc:131] [Task #16: fused_nn_contrib_conv2d_NCHWc_add_nn_relu_8] Trial #92: GFLOPs: 77.5384. Time: 54.1989 us. Best GFLOPs: 178.9745
2024-05-19 14:59:53 [INFO] [task_scheduler.cc:131] [Task #16: fused_nn_contrib_conv2d_NCHWc_add_nn_relu_8] Trial #93: GFLOPs: 45.8310. Time: 91.6955 us. Best GFLOPs: 178.9745
2024-05-19 14:59:53 [INFO] [task_scheduler.cc:131] [Task #16: fused_nn_contrib_conv2d_NCHWc_add_nn_relu_8] Trial #94: GFLOPs: 151.0851. Time: 27.8154 us. Best GFLOPs: 178.9745
2024-05-19 14:59:53 [INFO] [task_scheduler.cc:131] [Task #16: fused_nn_contrib_conv2d_NCHWc_add_nn_relu_8] Trial #95: GFLOPs: 77.8339. Time: 53.9931 us. Best GFLOPs: 178.9745
2024-05-19 14:59:53 [INFO] [task_scheduler.cc:131] [Task #16: fused_nn_contrib_conv2d_NCHWc_add_nn_relu_8] Trial #96: GFLOPs: 76.6656. Time: 54.8160 us. Best GFLOPs: 178.9745
2024-05-19 14:59:53 [INFO] [task_scheduler.cc:131] [Task #16: fused_nn_contrib_conv2d_NCHWc_add_nn_relu_8] Trial #97: GFLOPs: 68.6426. Time: 61.2229 us. Best GFLOPs: 178.9745
2024-05-19 14:59:53 [INFO] [task_scheduler.cc:131] [Task #16: fused_nn_contrib_conv2d_NCHWc_add_nn_relu_8] Trial #98: GFLOPs: 156.9745. Time: 26.7718 us. Best GFLOPs: 178.9745
2024-05-19 14:59:53 [INFO] [task_scheduler.cc:131] [Task #16: fused_nn_contrib_conv2d_NCHWc_add_nn_relu_8] Trial #99: GFLOPs: 93.5577. Time: 44.9188 us. Best GFLOPs: 178.9745
2024-05-19 14:59:53 [INFO] [task_scheduler.cc:131] [Task #16: fused_nn_contrib_conv2d_NCHWc_add_nn_relu_8] Trial #100: GFLOPs: 76.6438. Time: 54.8315 us. Best GFLOPs: 178.9745
2024-05-19 14:59:53 [INFO] [task_scheduler.cc:131] [Task #16: fused_nn_contrib_conv2d_NCHWc_add_nn_relu_8] Trial #101: GFLOPs: 133.6220. Time: 31.4506 us. Best GFLOPs: 178.9745
2024-05-19 14:59:53 [INFO] [task_scheduler.cc:131] [Task #16: fused_nn_contrib_conv2d_NCHWc_add_nn_relu_8] Trial #102: GFLOPs: 96.6659. Time: 43.4744 us. Best GFLOPs: 178.9745
2024-05-19 14:59:53 [INFO] [task_scheduler.cc:131] [Task #16: fused_nn_contrib_conv2d_NCHWc_add_nn_relu_8] Trial #103: GFLOPs: 45.4110. Time: 92.5436 us. Best GFLOPs: 178.9745
2024-05-19 14:59:53 [INFO] [task_scheduler.cc:131] [Task #16: fused_nn_contrib_conv2d_NCHWc_add_nn_relu_8] Trial #104: GFLOPs: 74.1811. Time: 56.6519 us. Best GFLOPs: 178.9745
2024-05-19 14:59:53 [INFO] [task_scheduler.cc:131] [Task #16: fused_nn_contrib_conv2d_NCHWc_add_nn_relu_8] Trial #105: GFLOPs: 117.1380. Time: 35.8764 us. Best GFLOPs: 178.9745
2024-05-19 14:59:53 [INFO] [task_scheduler.cc:131] [Task #16: fused_nn_contrib_conv2d_NCHWc_add_nn_relu_8] Trial #106: GFLOPs: 58.2996. Time: 72.0845 us. Best GFLOPs: 178.9745
2024-05-19 14:59:53 [INFO] [task_scheduler.cc:131] [Task #16: fused_nn_contrib_conv2d_NCHWc_add_nn_relu_8] Trial #107: GFLOPs: 36.2079. Time: 116.0659 us. Best GFLOPs: 178.9745
2024-05-19 14:59:53 [INFO] [task_scheduler.cc:131] [Task #16: fused_nn_contrib_conv2d_NCHWc_add_nn_relu_8] Trial #108: GFLOPs: 108.1307. Time: 38.8650 us. Best GFLOPs: 178.9745
2024-05-19 14:59:53 [INFO] [task_scheduler.cc:131] [Task #16: fused_nn_contrib_conv2d_NCHWc_add_nn_relu_8] Trial #109: GFLOPs: 82.6535. Time: 50.8447 us. Best GFLOPs: 178.9745
2024-05-19 14:59:53 [INFO] [task_scheduler.cc:131] [Task #16: fused_nn_contrib_conv2d_NCHWc_add_nn_relu_8] Trial #110: GFLOPs: 86.5997. Time: 48.5278 us. Best GFLOPs: 178.9745
2024-05-19 14:59:53 [INFO] [task_scheduler.cc:131] [Task #16: fused_nn_contrib_conv2d_NCHWc_add_nn_relu_8] Trial #111: GFLOPs: 104.7891. Time: 40.1043 us. Best GFLOPs: 178.9745
2024-05-19 14:59:53 [INFO] [task_scheduler.cc:131] [Task #16: fused_nn_contrib_conv2d_NCHWc_add_nn_relu_8] Trial #112: GFLOPs: 83.1264. Time: 50.5555 us. Best GFLOPs: 178.9745
2024-05-19 14:59:53 [INFO] [task_scheduler.cc:131] [Task #16: fused_nn_contrib_conv2d_NCHWc_add_nn_relu_8] Trial #113: GFLOPs: 79.8279. Time: 52.6445 us. Best GFLOPs: 178.9745
2024-05-19 14:59:53 [INFO] [task_scheduler.cc:131] [Task #16: fused_nn_contrib_conv2d_NCHWc_add_nn_relu_8] Trial #114: GFLOPs: 82.1168. Time: 51.1771 us. Best GFLOPs: 178.9745
2024-05-19 14:59:53 [INFO] [task_scheduler.cc:131] [Task #16: fused_nn_contrib_conv2d_NCHWc_add_nn_relu_8] Trial #115: GFLOPs: 58.4058. Time: 71.9534 us. Best GFLOPs: 178.9745
2024-05-19 14:59:53 [INFO] [task_scheduler.cc:131] [Task #16: fused_nn_contrib_conv2d_NCHWc_add_nn_relu_8] Trial #116: GFLOPs: 84.1690. Time: 49.9293 us. Best GFLOPs: 178.9745
2024-05-19 14:59:53 [INFO] [task_scheduler.cc:131] [Task #16: fused_nn_contrib_conv2d_NCHWc_add_nn_relu_8] Trial #117: GFLOPs: 94.9682. Time: 44.2516 us. Best GFLOPs: 178.9745
2024-05-19 14:59:53 [INFO] [task_scheduler.cc:131] [Task #16: fused_nn_contrib_conv2d_NCHWc_add_nn_relu_8] Trial #118: GFLOPs: 43.9620. Time: 95.5938 us. Best GFLOPs: 178.9745
2024-05-19 14:59:53 [INFO] [task_scheduler.cc:131] [Task #16: fused_nn_contrib_conv2d_NCHWc_add_nn_relu_8] Trial #119: GFLOPs: 106.5992. Time: 39.4233 us. Best GFLOPs: 178.9745
2024-05-19 14:59:53 [INFO] [task_scheduler.cc:131] [Task #16: fused_nn_contrib_conv2d_NCHWc_add_nn_relu_8] Trial #120: GFLOPs: 71.1633. Time: 59.0543 us. Best GFLOPs: 178.9745
2024-05-19 14:59:53 [INFO] [task_scheduler.cc:131] [Task #16: fused_nn_contrib_conv2d_NCHWc_add_nn_relu_8] Trial #121: GFLOPs: 57.0799. Time: 73.6248 us. Best GFLOPs: 178.9745
2024-05-19 14:59:53 [INFO] [task_scheduler.cc:131] [Task #16: fused_nn_contrib_conv2d_NCHWc_add_nn_relu_8] Trial #122: GFLOPs: 78.0317. Time: 53.8563 us. Best GFLOPs: 178.9745
2024-05-19 14:59:53 [INFO] [task_scheduler.cc:131] [Task #16: fused_nn_contrib_conv2d_NCHWc_add_nn_relu_8] Trial #123: GFLOPs: 39.7264. Time: 105.7861 us. Best GFLOPs: 178.9745
2024-05-19 14:59:53 [INFO] [task_scheduler.cc:131] [Task #16: fused_nn_contrib_conv2d_NCHWc_add_nn_relu_8] Trial #124: GFLOPs: 49.0915. Time: 85.6053 us. Best GFLOPs: 178.9745
2024-05-19 14:59:53 [INFO] [task_scheduler.cc:131] [Task #16: fused_nn_contrib_conv2d_NCHWc_add_nn_relu_8] Trial #125: GFLOPs: 127.7108. Time: 32.9063 us. Best GFLOPs: 178.9745
2024-05-19 14:59:53 [INFO] [task_scheduler.cc:131] [Task #16: fused_nn_contrib_conv2d_NCHWc_add_nn_relu_8] Trial #126: GFLOPs: 16.2912. Time: 257.9615 us. Best GFLOPs: 178.9745
2024-05-19 14:59:53 [INFO] [task_scheduler.cc:131] [Task #16: fused_nn_contrib_conv2d_NCHWc_add_nn_relu_8] Trial #127: GFLOPs: 22.9817. Time: 182.8625 us. Best GFLOPs: 178.9745
2024-05-19 16:18:59 [INFO] [evolutionary_search.cc:713] Generating candidates......
2024-05-19 16:19:00 [INFO] [evolutionary_search.cc:715] Picked top 102 candidate(s) from database
2024-05-19 16:19:01 [INFO] [evolutionary_search.cc:533] Sample-Init-Population summary:
Postproc #0 [meta_schedule.DisallowDynamicLoop(0xc0f22c8)]: 0 failure(s)
Postproc #1 [meta_schedule.RewriteParallelVectorizeUnroll(0xdc7f8c8)]: 0 failure(s)
Postproc #2 [meta_schedule.RewriteReductionBlock(0x14bc78c8)]: 0 failure(s)
Postproc #3 [meta_schedule.RewriteLayout(0x13495c38)]: 0 failure(s)
2024-05-19 16:19:01 [INFO] [evolutionary_search.cc:723] Sampled 410 candidate(s)
2024-05-19 16:19:03 [INFO] [evolutionary_search.cc:621] Evolve iter #0 done. Summary:
Postproc #0 [meta_schedule.DisallowDynamicLoop(0xc0f22c8)]: 0 failure(s)
Postproc #1 [meta_schedule.RewriteParallelVectorizeUnroll(0xdc7f8c8)]: 0 failure(s)
Postproc #2 [meta_schedule.RewriteReductionBlock(0x14bc78c8)]: 0 failure(s)
Postproc #3 [meta_schedule.RewriteLayout(0x13495c38)]: 0 failure(s)
2024-05-19 16:19:06 [INFO] [evolutionary_search.cc:621] Evolve iter #1 done. Summary:
Postproc #0 [meta_schedule.DisallowDynamicLoop(0xc0f22c8)]: 0 failure(s)
Postproc #1 [meta_schedule.RewriteParallelVectorizeUnroll(0xdc7f8c8)]: 0 failure(s)
Postproc #2 [meta_schedule.RewriteReductionBlock(0x14bc78c8)]: 0 failure(s)
Postproc #3 [meta_schedule.RewriteLayout(0x13495c38)]: 0 failure(s)
2024-05-19 16:19:08 [INFO] [evolutionary_search.cc:621] Evolve iter #2 done. Summary:
Postproc #0 [meta_schedule.DisallowDynamicLoop(0xc0f22c8)]: 0 failure(s)
Postproc #1 [meta_schedule.RewriteParallelVectorizeUnroll(0xdc7f8c8)]: 0 failure(s)
Postproc #2 [meta_schedule.RewriteReductionBlock(0x14bc78c8)]: 0 failure(s)
Postproc #3 [meta_schedule.RewriteLayout(0x13495c38)]: 0 failure(s)
2024-05-19 16:19:11 [INFO] [evolutionary_search.cc:621] Evolve iter #3 done. Summary:
Postproc #0 [meta_schedule.DisallowDynamicLoop(0xc0f22c8)]: 0 failure(s)
Postproc #1 [meta_schedule.RewriteParallelVectorizeUnroll(0xdc7f8c8)]: 0 failure(s)
Postproc #2 [meta_schedule.RewriteReductionBlock(0x14bc78c8)]: 0 failure(s)
Postproc #3 [meta_schedule.RewriteLayout(0x13495c38)]: 0 failure(s)
2024-05-19 16:19:12 [INFO] [evolutionary_search.cc:649] Scores of the best 64 candidates:
[1 : 16]:	0.9013  0.8861  0.8810  0.8810  0.8810  0.8810  0.8795  0.8795  0.8737  0.8737  0.8704  0.8663  0.8663  0.8597  0.8597  0.8585
[17 : 32]:	0.8557  0.8516  0.8504  0.8493  0.8493  0.8453  0.8374  0.8371  0.8361  0.8359  0.8357  0.8281  0.8271  0.8252  0.8252  0.8252
[33 : 48]:	0.8252  0.8247  0.8223  0.8217  0.8217  0.8209  0.8160  0.8114  0.8109  0.8069  0.8065  0.8052  0.8040  0.7999  0.7862  0.7841
[49 : 64]:	0.7830  0.7814  0.7801  0.7750  0.7705  0.7703  0.7672  0.7649  0.7613  0.7613  0.7581  0.7548  0.7543  0.7536  0.7524  0.7498
2024-05-19 16:19:13 [INFO] [evolutionary_search.cc:727] Got 64 candidate(s) with evolutionary search
2024-05-19 16:19:13 [INFO] [evolutionary_search.cc:730] Sending 64 candidates(s) for measurement
2024-05-19 16:20:54 [INFO] [task_scheduler.cc:131] [Task #16: fused_nn_contrib_conv2d_NCHWc_add_nn_relu_8] Trial #128: GFLOPs: 181.3389. Time: 23.1748 us. Best GFLOPs: 181.3389
2024-05-19 16:20:54 [INFO] [task_scheduler.cc:131] [Task #16: fused_nn_contrib_conv2d_NCHWc_add_nn_relu_8] Trial #129: GFLOPs: 174.4804. Time: 24.0858 us. Best GFLOPs: 181.3389
2024-05-19 16:20:54 [INFO] [task_scheduler.cc:131] [Task #16: fused_nn_contrib_conv2d_NCHWc_add_nn_relu_8] Trial #130: GFLOPs: 149.6623. Time: 28.0799 us. Best GFLOPs: 181.3389
2024-05-19 16:20:54 [INFO] [task_scheduler.cc:131] [Task #16: fused_nn_contrib_conv2d_NCHWc_add_nn_relu_8] Trial #131: GFLOPs: 148.7824. Time: 28.2459 us. Best GFLOPs: 181.3389
2024-05-19 16:20:54 [INFO] [task_scheduler.cc:131] [Task #16: fused_nn_contrib_conv2d_NCHWc_add_nn_relu_8] Trial #132: GFLOPs: 144.5390. Time: 29.0752 us. Best GFLOPs: 181.3389
2024-05-19 16:20:54 [INFO] [task_scheduler.cc:131] [Task #16: fused_nn_contrib_conv2d_NCHWc_add_nn_relu_8] Trial #133: GFLOPs: 145.6896. Time: 28.8455 us. Best GFLOPs: 181.3389
2024-05-19 16:20:54 [INFO] [task_scheduler.cc:131] [Task #16: fused_nn_contrib_conv2d_NCHWc_add_nn_relu_8] Trial #134: GFLOPs: 170.4523. Time: 24.6550 us. Best GFLOPs: 181.3389
2024-05-19 16:20:54 [INFO] [task_scheduler.cc:131] [Task #16: fused_nn_contrib_conv2d_NCHWc_add_nn_relu_8] Trial #135: GFLOPs: 182.2771. Time: 23.0555 us. Best GFLOPs: 182.2771
2024-05-19 16:20:54 [INFO] [task_scheduler.cc:131] [Task #16: fused_nn_contrib_conv2d_NCHWc_add_nn_relu_8] Trial #136: GFLOPs: 159.9666. Time: 26.2711 us. Best GFLOPs: 182.2771
2024-05-19 16:20:54 [INFO] [task_scheduler.cc:131] [Task #16: fused_nn_contrib_conv2d_NCHWc_add_nn_relu_8] Trial #137: GFLOPs: 158.2704. Time: 26.5526 us. Best GFLOPs: 182.2771
2024-05-19 16:20:54 [INFO] [task_scheduler.cc:131] [Task #16: fused_nn_contrib_conv2d_NCHWc_add_nn_relu_8] Trial #138: GFLOPs: 178.6962. Time: 23.5175 us. Best GFLOPs: 182.2771
2024-05-19 16:20:54 [INFO] [task_scheduler.cc:131] [Task #16: fused_nn_contrib_conv2d_NCHWc_add_nn_relu_8] Trial #139: GFLOPs: 168.7814. Time: 24.8990 us. Best GFLOPs: 182.2771
2024-05-19 16:20:54 [INFO] [task_scheduler.cc:131] [Task #16: fused_nn_contrib_conv2d_NCHWc_add_nn_relu_8] Trial #140: GFLOPs: 156.8378. Time: 26.7952 us. Best GFLOPs: 182.2771
2024-05-19 16:20:54 [INFO] [task_scheduler.cc:131] [Task #16: fused_nn_contrib_conv2d_NCHWc_add_nn_relu_8] Trial #141: GFLOPs: 149.9984. Time: 28.0169 us. Best GFLOPs: 182.2771
2024-05-19 16:20:54 [INFO] [task_scheduler.cc:131] [Task #16: fused_nn_contrib_conv2d_NCHWc_add_nn_relu_8] Trial #142: GFLOPs: 134.5102. Time: 31.2430 us. Best GFLOPs: 182.2771
2024-05-19 16:20:54 [INFO] [task_scheduler.cc:131] [Task #16: fused_nn_contrib_conv2d_NCHWc_add_nn_relu_8] Trial #143: GFLOPs: 156.1633. Time: 26.9109 us. Best GFLOPs: 182.2771
2024-05-19 16:20:54 [INFO] [task_scheduler.cc:131] [Task #16: fused_nn_contrib_conv2d_NCHWc_add_nn_relu_8] Trial #144: GFLOPs: 170.4610. Time: 24.6537 us. Best GFLOPs: 182.2771
2024-05-19 16:20:54 [INFO] [task_scheduler.cc:131] [Task #16: fused_nn_contrib_conv2d_NCHWc_add_nn_relu_8] Trial #145: GFLOPs: 158.1752. Time: 26.5686 us. Best GFLOPs: 182.2771
2024-05-19 16:20:54 [INFO] [task_scheduler.cc:131] [Task #16: fused_nn_contrib_conv2d_NCHWc_add_nn_relu_8] Trial #146: GFLOPs: 145.7534. Time: 28.8329 us. Best GFLOPs: 182.2771
2024-05-19 16:20:54 [INFO] [task_scheduler.cc:131] [Task #16: fused_nn_contrib_conv2d_NCHWc_add_nn_relu_8] Trial #147: GFLOPs: 147.1895. Time: 28.5516 us. Best GFLOPs: 182.2771
2024-05-19 16:20:54 [INFO] [task_scheduler.cc:131] [Task #16: fused_nn_contrib_conv2d_NCHWc_add_nn_relu_8] Trial #148: GFLOPs: 137.9441. Time: 30.4652 us. Best GFLOPs: 182.2771
2024-05-19 16:20:54 [INFO] [task_scheduler.cc:131] [Task #16: fused_nn_contrib_conv2d_NCHWc_add_nn_relu_8] Trial #149: GFLOPs: 133.2934. Time: 31.5282 us. Best GFLOPs: 182.2771
2024-05-19 16:20:54 [INFO] [task_scheduler.cc:131] [Task #16: fused_nn_contrib_conv2d_NCHWc_add_nn_relu_8] Trial #150: GFLOPs: 146.5786. Time: 28.6706 us. Best GFLOPs: 182.2771
2024-05-19 16:20:54 [INFO] [task_scheduler.cc:131] [Task #16: fused_nn_contrib_conv2d_NCHWc_add_nn_relu_8] Trial #151: GFLOPs: 150.9944. Time: 27.8321 us. Best GFLOPs: 182.2771
2024-05-19 16:20:54 [INFO] [task_scheduler.cc:131] [Task #16: fused_nn_contrib_conv2d_NCHWc_add_nn_relu_8] Trial #152: GFLOPs: 156.6543. Time: 26.8266 us. Best GFLOPs: 182.2771
2024-05-19 16:20:54 [INFO] [task_scheduler.cc:131] [Task #16: fused_nn_contrib_conv2d_NCHWc_add_nn_relu_8] Trial #153: GFLOPs: 160.8847. Time: 26.1212 us. Best GFLOPs: 182.2771
2024-05-19 16:20:54 [INFO] [task_scheduler.cc:131] [Task #16: fused_nn_contrib_conv2d_NCHWc_add_nn_relu_8] Trial #154: GFLOPs: 134.8777. Time: 31.1578 us. Best GFLOPs: 182.2771
2024-05-19 16:20:54 [INFO] [task_scheduler.cc:131] [Task #16: fused_nn_contrib_conv2d_NCHWc_add_nn_relu_8] Trial #155: GFLOPs: 176.5040. Time: 23.8096 us. Best GFLOPs: 182.2771
2024-05-19 16:20:54 [INFO] [task_scheduler.cc:131] [Task #16: fused_nn_contrib_conv2d_NCHWc_add_nn_relu_8] Trial #156: GFLOPs: 184.2051. Time: 22.8142 us. Best GFLOPs: 184.2051
2024-05-19 16:20:54 [INFO] [task_scheduler.cc:131] [Task #16: fused_nn_contrib_conv2d_NCHWc_add_nn_relu_8] Trial #157: GFLOPs: 142.0345. Time: 29.5878 us. Best GFLOPs: 184.2051
2024-05-19 16:20:54 [INFO] [task_scheduler.cc:131] [Task #16: fused_nn_contrib_conv2d_NCHWc_add_nn_relu_8] Trial #158: GFLOPs: 156.2774. Time: 26.8913 us. Best GFLOPs: 184.2051
2024-05-19 16:20:54 [INFO] [task_scheduler.cc:131] [Task #16: fused_nn_contrib_conv2d_NCHWc_add_nn_relu_8] Trial #159: GFLOPs: 147.8187. Time: 28.4301 us. Best GFLOPs: 184.2051
2024-05-19 16:20:54 [INFO] [task_scheduler.cc:131] [Task #16: fused_nn_contrib_conv2d_NCHWc_add_nn_relu_8] Trial #160: GFLOPs: 156.2034. Time: 26.9040 us. Best GFLOPs: 184.2051
2024-05-19 16:20:54 [INFO] [task_scheduler.cc:131] [Task #16: fused_nn_contrib_conv2d_NCHWc_add_nn_relu_8] Trial #161: GFLOPs: 124.7531. Time: 33.6865 us. Best GFLOPs: 184.2051
2024-05-19 16:20:54 [INFO] [task_scheduler.cc:131] [Task #16: fused_nn_contrib_conv2d_NCHWc_add_nn_relu_8] Trial #162: GFLOPs: 169.0918. Time: 24.8533 us. Best GFLOPs: 184.2051
2024-05-19 16:20:54 [INFO] [task_scheduler.cc:131] [Task #16: fused_nn_contrib_conv2d_NCHWc_add_nn_relu_8] Trial #163: GFLOPs: 144.8487. Time: 29.0130 us. Best GFLOPs: 184.2051
2024-05-19 16:20:54 [INFO] [task_scheduler.cc:131] [Task #16: fused_nn_contrib_conv2d_NCHWc_add_nn_relu_8] Trial #164: GFLOPs: 145.7359. Time: 28.8364 us. Best GFLOPs: 184.2051
2024-05-19 16:20:54 [INFO] [task_scheduler.cc:131] [Task #16: fused_nn_contrib_conv2d_NCHWc_add_nn_relu_8] Trial #165: GFLOPs: 161.8516. Time: 25.9651 us. Best GFLOPs: 184.2051
2024-05-19 16:20:54 [INFO] [task_scheduler.cc:131] [Task #16: fused_nn_contrib_conv2d_NCHWc_add_nn_relu_8] Trial #166: GFLOPs: 158.7033. Time: 26.4802 us. Best GFLOPs: 184.2051
2024-05-19 16:20:54 [INFO] [task_scheduler.cc:131] [Task #16: fused_nn_contrib_conv2d_NCHWc_add_nn_relu_8] Trial #167: GFLOPs: 144.4675. Time: 29.0896 us. Best GFLOPs: 184.2051
2024-05-19 16:20:54 [INFO] [task_scheduler.cc:131] [Task #16: fused_nn_contrib_conv2d_NCHWc_add_nn_relu_8] Trial #168: GFLOPs: 155.8948. Time: 26.9573 us. Best GFLOPs: 184.2051
2024-05-19 16:20:54 [INFO] [task_scheduler.cc:131] [Task #16: fused_nn_contrib_conv2d_NCHWc_add_nn_relu_8] Trial #169: GFLOPs: 147.8611. Time: 28.4219 us. Best GFLOPs: 184.2051
2024-05-19 16:20:54 [INFO] [task_scheduler.cc:131] [Task #16: fused_nn_contrib_conv2d_NCHWc_add_nn_relu_8] Trial #170: GFLOPs: 118.0946. Time: 35.5859 us. Best GFLOPs: 184.2051
2024-05-19 16:20:54 [INFO] [task_scheduler.cc:131] [Task #16: fused_nn_contrib_conv2d_NCHWc_add_nn_relu_8] Trial #171: GFLOPs: 132.5687. Time: 31.7005 us. Best GFLOPs: 184.2051
2024-05-19 16:20:54 [INFO] [task_scheduler.cc:131] [Task #16: fused_nn_contrib_conv2d_NCHWc_add_nn_relu_8] Trial #172: GFLOPs: 168.1159. Time: 24.9976 us. Best GFLOPs: 184.2051
2024-05-19 16:20:54 [INFO] [task_scheduler.cc:131] [Task #16: fused_nn_contrib_conv2d_NCHWc_add_nn_relu_8] Trial #173: GFLOPs: 143.1191. Time: 29.3636 us. Best GFLOPs: 184.2051
2024-05-19 16:20:54 [INFO] [task_scheduler.cc:131] [Task #16: fused_nn_contrib_conv2d_NCHWc_add_nn_relu_8] Trial #174: GFLOPs: 148.8395. Time: 28.2351 us. Best GFLOPs: 184.2051
2024-05-19 16:20:54 [INFO] [task_scheduler.cc:131] [Task #16: fused_nn_contrib_conv2d_NCHWc_add_nn_relu_8] Trial #175: GFLOPs: 146.9074. Time: 28.6064 us. Best GFLOPs: 184.2051
2024-05-19 16:20:54 [INFO] [task_scheduler.cc:131] [Task #16: fused_nn_contrib_conv2d_NCHWc_add_nn_relu_8] Trial #176: GFLOPs: 154.1583. Time: 27.2609 us. Best GFLOPs: 184.2051
2024-05-19 16:20:54 [INFO] [task_scheduler.cc:131] [Task #16: fused_nn_contrib_conv2d_NCHWc_add_nn_relu_8] Trial #177: GFLOPs: 125.4544. Time: 33.4982 us. Best GFLOPs: 184.2051
2024-05-19 16:20:54 [INFO] [task_scheduler.cc:131] [Task #16: fused_nn_contrib_conv2d_NCHWc_add_nn_relu_8] Trial #178: GFLOPs: 154.8613. Time: 27.1372 us. Best GFLOPs: 184.2051
2024-05-19 16:20:54 [INFO] [task_scheduler.cc:131] [Task #16: fused_nn_contrib_conv2d_NCHWc_add_nn_relu_8] Trial #179: GFLOPs: 173.2939. Time: 24.2507 us. Best GFLOPs: 184.2051
2024-05-19 16:20:54 [INFO] [task_scheduler.cc:131] [Task #16: fused_nn_contrib_conv2d_NCHWc_add_nn_relu_8] Trial #180: GFLOPs: 26.9022. Time: 156.2138 us. Best GFLOPs: 184.2051
2024-05-19 16:20:54 [INFO] [task_scheduler.cc:131] [Task #16: fused_nn_contrib_conv2d_NCHWc_add_nn_relu_8] Trial #181: GFLOPs: 142.7233. Time: 29.4451 us. Best GFLOPs: 184.2051
2024-05-19 16:20:54 [INFO] [task_scheduler.cc:131] [Task #16: fused_nn_contrib_conv2d_NCHWc_add_nn_relu_8] Trial #182: GFLOPs: 168.9902. Time: 24.8683 us. Best GFLOPs: 184.2051
2024-05-19 16:20:54 [INFO] [task_scheduler.cc:131] [Task #16: fused_nn_contrib_conv2d_NCHWc_add_nn_relu_8] Trial #183: GFLOPs: 125.3022. Time: 33.5389 us. Best GFLOPs: 184.2051
2024-05-19 16:20:54 [INFO] [task_scheduler.cc:131] [Task #16: fused_nn_contrib_conv2d_NCHWc_add_nn_relu_8] Trial #184: GFLOPs: 29.0230. Time: 144.7988 us. Best GFLOPs: 184.2051
2024-05-19 16:20:54 [INFO] [task_scheduler.cc:131] [Task #16: fused_nn_contrib_conv2d_NCHWc_add_nn_relu_8] Trial #185: GFLOPs: 165.2831. Time: 25.4260 us. Best GFLOPs: 184.2051
2024-05-19 16:20:54 [INFO] [task_scheduler.cc:131] [Task #16: fused_nn_contrib_conv2d_NCHWc_add_nn_relu_8] Trial #186: GFLOPs: 181.8786. Time: 23.1060 us. Best GFLOPs: 184.2051
2024-05-19 16:20:54 [INFO] [task_scheduler.cc:131] [Task #16: fused_nn_contrib_conv2d_NCHWc_add_nn_relu_8] Trial #187: GFLOPs: 140.5019. Time: 29.9106 us. Best GFLOPs: 184.2051
2024-05-19 16:20:54 [INFO] [task_scheduler.cc:131] [Task #16: fused_nn_contrib_conv2d_NCHWc_add_nn_relu_8] Trial #188: GFLOPs: 149.0155. Time: 28.2017 us. Best GFLOPs: 184.2051
2024-05-19 16:20:54 [INFO] [task_scheduler.cc:131] [Task #16: fused_nn_contrib_conv2d_NCHWc_add_nn_relu_8] Trial #189: GFLOPs: 34.6410. Time: 121.3157 us. Best GFLOPs: 184.2051
2024-05-19 16:20:54 [INFO] [task_scheduler.cc:131] [Task #16: fused_nn_contrib_conv2d_NCHWc_add_nn_relu_8] Trial #190: GFLOPs: 39.8934. Time: 105.3432 us. Best GFLOPs: 184.2051
2024-05-19 16:20:54 [INFO] [task_scheduler.cc:131] [Task #16: fused_nn_contrib_conv2d_NCHWc_add_nn_relu_8] Trial #191: GFLOPs: 46.1291. Time: 91.1029 us. Best GFLOPs: 184.2051
