2024-05-19 13:28:35 [INFO] [task_scheduler.cc:160] Initializing Task #5: "fused_nn_contrib_conv2d_NCHWc_add_nn_relu"
2024-05-19 13:28:35 [INFO] [task_scheduler.cc:35] 
# from tvm.script import ir as I
# from tvm.script import tir as T

@I.ir_module
class Module:
    @T.prim_func
    def main(p0: T.Buffer((T.int64(1), T.int64(1), T.int64(32), T.int64(32), T.int64(3)), "float32"), p1: T.Buffer((T.int64(8), T.int64(1), T.int64(7), T.int64(7), T.int64(3), T.int64(8)), "float32"), p2: T.Buffer((T.int64(1), T.int64(8), T.int64(1), T.int64(1), T.int64(8)), "float32"), T_relu: T.Buffer((T.int64(1), T.int64(8), T.int64(16), T.int64(16), T.int64(8)), "float32")):
        T.func_attr({"tir.noalias": T.bool(True)})
        # with T.block("root"):
        data_pad = T.alloc_buffer((T.int64(1), T.int64(1), T.int64(38), T.int64(38), T.int64(3)))
        conv2d_NCHWc = T.alloc_buffer((T.int64(1), T.int64(8), T.int64(16), T.int64(16), T.int64(8)))
        T_add = T.alloc_buffer((T.int64(1), T.int64(8), T.int64(16), T.int64(16), T.int64(8)))
        for i0, i1, i2, i3, i4 in T.grid(T.int64(1), T.int64(1), T.int64(38), T.int64(38), T.int64(3)):
            with T.block("data_pad"):
                v_i0, v_i1, v_i2, v_i3, v_i4 = T.axis.remap("SSSSS", [i0, i1, i2, i3, i4])
                T.reads(p0[v_i0, v_i1, v_i2 - T.int64(3), v_i3 - T.int64(3), v_i4])
                T.writes(data_pad[v_i0, v_i1, v_i2, v_i3, v_i4])
                data_pad[v_i0, v_i1, v_i2, v_i3, v_i4] = T.if_then_else(T.int64(3) <= v_i2 and v_i2 < T.int64(35) and T.int64(3) <= v_i3 and v_i3 < T.int64(35), p0[v_i0, v_i1, v_i2 - T.int64(3), v_i3 - T.int64(3), v_i4], T.float32(0))
        for n, oc_chunk, oh, ow, oc_block, ic, kh, kw in T.grid(T.int64(1), T.int64(8), T.int64(16), T.int64(16), T.int64(8), T.int64(3), T.int64(7), T.int64(7)):
            with T.block("conv2d_NCHWc"):
                v_n, v_oc_chunk, v_oh, v_ow, v_oc_block, v_ic, v_kh, v_kw = T.axis.remap("SSSSSRRR", [n, oc_chunk, oh, ow, oc_block, ic, kh, kw])
                T.reads(data_pad[v_n, v_ic // T.int64(3), v_oh * T.int64(2) + v_kh, v_ow * T.int64(2) + v_kw, v_ic % T.int64(3)], p1[v_oc_chunk, v_ic // T.int64(3), v_kh, v_kw, v_ic % T.int64(3), v_oc_block])
                T.writes(conv2d_NCHWc[v_n, v_oc_chunk, v_oh, v_ow, v_oc_block])
                with T.init():
                    conv2d_NCHWc[v_n, v_oc_chunk, v_oh, v_ow, v_oc_block] = T.float32(0)
                conv2d_NCHWc[v_n, v_oc_chunk, v_oh, v_ow, v_oc_block] = conv2d_NCHWc[v_n, v_oc_chunk, v_oh, v_ow, v_oc_block] + data_pad[v_n, v_ic // T.int64(3), v_oh * T.int64(2) + v_kh, v_ow * T.int64(2) + v_kw, v_ic % T.int64(3)] * p1[v_oc_chunk, v_ic // T.int64(3), v_kh, v_kw, v_ic % T.int64(3), v_oc_block]
        for ax0, ax1, ax2, ax3, ax4 in T.grid(T.int64(1), T.int64(8), T.int64(16), T.int64(16), T.int64(8)):
            with T.block("T_add"):
                v_ax0, v_ax1, v_ax2, v_ax3, v_ax4 = T.axis.remap("SSSSS", [ax0, ax1, ax2, ax3, ax4])
                T.reads(conv2d_NCHWc[v_ax0, v_ax1, v_ax2, v_ax3, v_ax4], p2[v_ax0, v_ax1, T.int64(0), T.int64(0), v_ax4])
                T.writes(T_add[v_ax0, v_ax1, v_ax2, v_ax3, v_ax4])
                T_add[v_ax0, v_ax1, v_ax2, v_ax3, v_ax4] = conv2d_NCHWc[v_ax0, v_ax1, v_ax2, v_ax3, v_ax4] + p2[v_ax0, v_ax1, T.int64(0), T.int64(0), v_ax4]
        for ax0, ax1, ax2, ax3, ax4 in T.grid(T.int64(1), T.int64(8), T.int64(16), T.int64(16), T.int64(8)):
            with T.block("T_relu"):
                v_ax0, v_ax1, v_ax2, v_ax3, v_ax4 = T.axis.remap("SSSSS", [ax0, ax1, ax2, ax3, ax4])
                T.reads(T_add[v_ax0, v_ax1, v_ax2, v_ax3, v_ax4])
                T.writes(T_relu[v_ax0, v_ax1, v_ax2, v_ax3, v_ax4])
                T_relu[v_ax0, v_ax1, v_ax2, v_ax3, v_ax4] = T.max(T_add[v_ax0, v_ax1, v_ax2, v_ax3, v_ax4], T.float32(0))
2024-05-19 13:28:35 [INFO] [task_scheduler.cc:164] Total 3 design space(s) generated
2024-05-19 13:28:35 [INFO] [task_scheduler.cc:170] Design space #0:
# from tvm.script import ir as I
# from tvm.script import tir as T

@I.ir_module
class Module:
    @T.prim_func
    def main(p0: T.Buffer((T.int64(1), T.int64(1), T.int64(32), T.int64(32), T.int64(3)), "float32"), p1: T.Buffer((T.int64(8), T.int64(1), T.int64(7), T.int64(7), T.int64(3), T.int64(8)), "float32"), p2: T.Buffer((T.int64(1), T.int64(8), T.int64(1), T.int64(1), T.int64(8)), "float32"), T_relu: T.Buffer((T.int64(1), T.int64(8), T.int64(16), T.int64(16), T.int64(8)), "float32")):
        T.func_attr({"tir.noalias": T.bool(True)})
        with T.block("root"):
            T.reads()
            T.writes()
            T.block_attr({"meta_schedule.parallel": 96, "meta_schedule.unroll_explicit": 64, "meta_schedule.vectorize": 64})
            data_pad = T.alloc_buffer((T.int64(1), T.int64(1), T.int64(38), T.int64(38), T.int64(3)))
            conv2d_NCHWc = T.alloc_buffer((T.int64(1), T.int64(8), T.int64(16), T.int64(16), T.int64(8)))
            for n_0, oc_chunk_0, oh_0, ow_0, oc_block_0, n_1, oc_chunk_1, oh_1 in T.grid(T.int64(1), T.int64(1), T.int64(1), T.int64(2), T.int64(1), T.int64(1), T.int64(2), T.int64(8)):
                for ax0, ax1, ax2, ax3, ax4 in T.grid(T.int64(1), T.int64(1), T.int64(9), T.int64(21), T.int64(3)):
                    with T.block("data_pad"):
                        v_i0, v_i1 = T.axis.remap("SS", [ax0, ax1])
                        v_i2 = T.axis.spatial(T.int64(38), oh_1 * T.int64(4) + ax2)
                        v_i3 = T.axis.spatial(T.int64(38), ow_0 * T.int64(16) + ax3)
                        v_i4 = T.axis.spatial(T.int64(3), ax4)
                        T.reads(p0[v_i0, v_i1, v_i2 - T.int64(3), v_i3 - T.int64(3), v_i4])
                        T.writes(data_pad[v_i0, v_i1, v_i2, v_i3, v_i4])
                        data_pad[v_i0, v_i1, v_i2, v_i3, v_i4] = T.if_then_else(T.int64(3) <= v_i2 and v_i2 < T.int64(35) and T.int64(3) <= v_i3 and v_i3 < T.int64(35), p0[v_i0, v_i1, v_i2 - T.int64(3), v_i3 - T.int64(3), v_i4], T.float32(0))
                for ow_1, oc_block_1, ic_0, kh_0, kw_0, n_2, oc_chunk_2, oh_2, ow_2, oc_block_2, ic_1, kh_1, kw_1, n_3, oc_chunk_3, oh_3, ow_3, oc_block_3 in T.grid(T.int64(2), T.int64(1), T.int64(1), T.int64(7), T.int64(7), T.int64(1), T.int64(1), T.int64(2), T.int64(1), T.int64(8), T.int64(3), T.int64(1), T.int64(1), T.int64(1), T.int64(4), T.int64(1), T.int64(4), T.int64(1)):
                    with T.block("conv2d_NCHWc"):
                        v_n = T.axis.spatial(T.int64(1), n_0 + n_1 + n_2 + n_3)
                        v_oc_chunk = T.axis.spatial(T.int64(8), oc_chunk_0 * T.int64(8) + oc_chunk_1 * T.int64(4) + oc_chunk_2 * T.int64(4) + oc_chunk_3)
                        v_oh = T.axis.spatial(T.int64(16), oh_0 * T.int64(16) + oh_1 * T.int64(2) + oh_2 + oh_3)
                        v_ow = T.axis.spatial(T.int64(16), ow_0 * T.int64(8) + ow_1 * T.int64(4) + ow_2 * T.int64(4) + ow_3)
                        v_oc_block = T.axis.spatial(T.int64(8), oc_block_0 * T.int64(8) + oc_block_1 * T.int64(8) + oc_block_2 + oc_block_3)
                        v_ic = T.axis.reduce(T.int64(3), ic_0 * T.int64(3) + ic_1)
                        v_kh = T.axis.reduce(T.int64(7), kh_0 + kh_1)
                        v_kw = T.axis.reduce(T.int64(7), kw_0 + kw_1)
                        T.reads(data_pad[v_n, v_ic // T.int64(3), v_oh * T.int64(2) + v_kh, v_ow * T.int64(2) + v_kw, v_ic % T.int64(3)], p1[v_oc_chunk, v_ic // T.int64(3), v_kh, v_kw, v_ic % T.int64(3), v_oc_block])
                        T.writes(conv2d_NCHWc[v_n, v_oc_chunk, v_oh, v_ow, v_oc_block])
                        T.block_attr({"meta_schedule.tiling_structure": "SSRSRS"})
                        with T.init():
                            conv2d_NCHWc[v_n, v_oc_chunk, v_oh, v_ow, v_oc_block] = T.float32(0)
                        conv2d_NCHWc[v_n, v_oc_chunk, v_oh, v_ow, v_oc_block] = conv2d_NCHWc[v_n, v_oc_chunk, v_oh, v_ow, v_oc_block] + data_pad[v_n, v_ic // T.int64(3), v_oh * T.int64(2) + v_kh, v_ow * T.int64(2) + v_kw, v_ic % T.int64(3)] * p1[v_oc_chunk, v_ic // T.int64(3), v_kh, v_kw, v_ic % T.int64(3), v_oc_block]
            for ax0, ax1, ax2, ax3, ax4 in T.grid(T.int64(1), T.int64(8), T.int64(16), T.int64(16), T.int64(8)):
                with T.block("T_relu"):
                    v_ax0, v_ax1, v_ax2, v_ax3, v_ax4 = T.axis.remap("SSSSS", [ax0, ax1, ax2, ax3, ax4])
                    T.reads(conv2d_NCHWc[v_ax0, v_ax1, v_ax2, v_ax3, v_ax4], p2[v_ax0, v_ax1, T.int64(0), T.int64(0), v_ax4])
                    T.writes(T_relu[v_ax0, v_ax1, v_ax2, v_ax3, v_ax4])
                    T_relu[v_ax0, v_ax1, v_ax2, v_ax3, v_ax4] = T.max(conv2d_NCHWc[v_ax0, v_ax1, v_ax2, v_ax3, v_ax4] + p2[v_ax0, v_ax1, T.int64(0), T.int64(0), v_ax4], T.float32(0))
b0 = sch.get_block(name="data_pad", func_name="main")
b1 = sch.get_block(name="conv2d_NCHWc", func_name="main")
b2 = sch.get_block(name="T_add", func_name="main")
b3 = sch.get_block(name="root", func_name="main")
sch.compute_inline(block=b2)
sch.annotate(block_or_loop=b1, ann_key="meta_schedule.tiling_structure", ann_val="SSRSRS")
l4, l5, l6, l7, l8, l9, l10, l11 = sch.get_loops(block=b1)
v12, v13, v14, v15 = sch.sample_perfect_tile(loop=l4, n=4, max_innermost_factor=64, decision=[1, 1, 1, 1])
l16, l17, l18, l19 = sch.split(loop=l4, factors=[v12, v13, v14, v15], preserve_unit_iters=True, disable_predication=False)
v20, v21, v22, v23 = sch.sample_perfect_tile(loop=l5, n=4, max_innermost_factor=64, decision=[1, 2, 1, 4])
l24, l25, l26, l27 = sch.split(loop=l5, factors=[v20, v21, v22, v23], preserve_unit_iters=True, disable_predication=False)
v28, v29, v30, v31 = sch.sample_perfect_tile(loop=l6, n=4, max_innermost_factor=64, decision=[1, 8, 2, 1])
l32, l33, l34, l35 = sch.split(loop=l6, factors=[v28, v29, v30, v31], preserve_unit_iters=True, disable_predication=False)
v36, v37, v38, v39 = sch.sample_perfect_tile(loop=l7, n=4, max_innermost_factor=64, decision=[2, 2, 1, 4])
l40, l41, l42, l43 = sch.split(loop=l7, factors=[v36, v37, v38, v39], preserve_unit_iters=True, disable_predication=False)
v44, v45, v46, v47 = sch.sample_perfect_tile(loop=l8, n=4, max_innermost_factor=64, decision=[1, 1, 8, 1])
l48, l49, l50, l51 = sch.split(loop=l8, factors=[v44, v45, v46, v47], preserve_unit_iters=True, disable_predication=False)
v52, v53 = sch.sample_perfect_tile(loop=l9, n=2, max_innermost_factor=64, decision=[1, 3])
l54, l55 = sch.split(loop=l9, factors=[v52, v53], preserve_unit_iters=True, disable_predication=False)
v56, v57 = sch.sample_perfect_tile(loop=l10, n=2, max_innermost_factor=64, decision=[7, 1])
l58, l59 = sch.split(loop=l10, factors=[v56, v57], preserve_unit_iters=True, disable_predication=False)
v60, v61 = sch.sample_perfect_tile(loop=l11, n=2, max_innermost_factor=64, decision=[7, 1])
l62, l63 = sch.split(loop=l11, factors=[v60, v61], preserve_unit_iters=True, disable_predication=False)
sch.reorder(l16, l24, l32, l40, l48, l17, l25, l33, l41, l49, l54, l58, l62, l18, l26, l34, l42, l50, l55, l59, l63, l19, l27, l35, l43, l51)
sch.annotate(block_or_loop=b3, ann_key="meta_schedule.parallel", ann_val=96)
sch.annotate(block_or_loop=b3, ann_key="meta_schedule.vectorize", ann_val=64)
v64 = sch.sample_categorical(candidates=[0, 16, 64, 512], probs=[0.25, 0.25, 0.25, 0.25], decision=2)
sch.annotate(block_or_loop=b3, ann_key="meta_schedule.unroll_explicit", ann_val=v64)
l65 = sch.sample_compute_location(block=b0, decision=7)
sch.compute_at(block=b0, loop=l65, preserve_unit_loops=True, index=-1)
2024-05-19 13:28:35 [INFO] [task_scheduler.cc:170] Design space #1:
# from tvm.script import ir as I
# from tvm.script import tir as T

@I.ir_module
class Module:
    @T.prim_func
    def main(p0: T.Buffer((T.int64(1), T.int64(1), T.int64(32), T.int64(32), T.int64(3)), "float32"), p1: T.Buffer((T.int64(8), T.int64(1), T.int64(7), T.int64(7), T.int64(3), T.int64(8)), "float32"), p2: T.Buffer((T.int64(1), T.int64(8), T.int64(1), T.int64(1), T.int64(8)), "float32"), T_relu: T.Buffer((T.int64(1), T.int64(8), T.int64(16), T.int64(16), T.int64(8)), "float32")):
        T.func_attr({"tir.noalias": T.bool(True)})
        with T.block("root"):
            T.reads()
            T.writes()
            T.block_attr({"meta_schedule.parallel": 96, "meta_schedule.unroll_explicit": 64, "meta_schedule.vectorize": 64})
            data_pad = T.alloc_buffer((T.int64(1), T.int64(1), T.int64(38), T.int64(38), T.int64(3)))
            conv2d_NCHWc = T.alloc_buffer((T.int64(1), T.int64(8), T.int64(16), T.int64(16), T.int64(8)))
            for n_0, oc_chunk_0, oh_0, ow_0, oc_block_0, n_1, oc_chunk_1, oh_1, ow_1 in T.grid(T.int64(1), T.int64(1), T.int64(1), T.int64(2), T.int64(1), T.int64(1), T.int64(2), T.int64(8), T.int64(2)):
                for ax0, ax1, ax2, ax3, ax4 in T.grid(T.int64(1), T.int64(1), T.int64(9), T.int64(13), T.int64(3)):
                    with T.block("data_pad"):
                        v_i0, v_i1 = T.axis.remap("SS", [ax0, ax1])
                        v_i2 = T.axis.spatial(T.int64(38), oh_1 * T.int64(4) + ax2)
                        v_i3 = T.axis.spatial(T.int64(38), ow_0 * T.int64(16) + ow_1 * T.int64(8) + ax3)
                        v_i4 = T.axis.spatial(T.int64(3), ax4)
                        T.reads(p0[v_i0, v_i1, v_i2 - T.int64(3), v_i3 - T.int64(3), v_i4])
                        T.writes(data_pad[v_i0, v_i1, v_i2, v_i3, v_i4])
                        data_pad[v_i0, v_i1, v_i2, v_i3, v_i4] = T.if_then_else(T.int64(3) <= v_i2 and v_i2 < T.int64(35) and T.int64(3) <= v_i3 and v_i3 < T.int64(35), p0[v_i0, v_i1, v_i2 - T.int64(3), v_i3 - T.int64(3), v_i4], T.float32(0))
                for oc_block_1 in range(T.int64(1)):
                    for ic_0, kh_0, kw_0, n_2, oc_chunk_2, oh_2, ow_2, oc_block_2, ic_1, kh_1, kw_1, n_3, oc_chunk_3, oh_3, ow_3, oc_block_3 in T.grid(T.int64(1), T.int64(7), T.int64(7), T.int64(1), T.int64(1), T.int64(2), T.int64(1), T.int64(8), T.int64(3), T.int64(1), T.int64(1), T.int64(1), T.int64(4), T.int64(1), T.int64(4), T.int64(1)):
                        with T.block("conv2d_NCHWc"):
                            v_n = T.axis.spatial(T.int64(1), n_0 + n_1 + n_2 + n_3)
                            v_oc_chunk = T.axis.spatial(T.int64(8), oc_chunk_0 * T.int64(8) + oc_chunk_1 * T.int64(4) + oc_chunk_2 * T.int64(4) + oc_chunk_3)
                            v_oh = T.axis.spatial(T.int64(16), oh_0 * T.int64(16) + oh_1 * T.int64(2) + oh_2 + oh_3)
                            v_ow = T.axis.spatial(T.int64(16), ow_0 * T.int64(8) + ow_1 * T.int64(4) + ow_2 * T.int64(4) + ow_3)
                            v_oc_block = T.axis.spatial(T.int64(8), oc_block_0 * T.int64(8) + oc_block_1 * T.int64(8) + oc_block_2 + oc_block_3)
                            v_ic = T.axis.reduce(T.int64(3), ic_0 * T.int64(3) + ic_1)
                            v_kh = T.axis.reduce(T.int64(7), kh_0 + kh_1)
                            v_kw = T.axis.reduce(T.int64(7), kw_0 + kw_1)
                            T.reads(data_pad[v_n, v_ic // T.int64(3), v_oh * T.int64(2) + v_kh, v_ow * T.int64(2) + v_kw, v_ic % T.int64(3)], p1[v_oc_chunk, v_ic // T.int64(3), v_kh, v_kw, v_ic % T.int64(3), v_oc_block])
                            T.writes(conv2d_NCHWc[v_n, v_oc_chunk, v_oh, v_ow, v_oc_block])
                            T.block_attr({"meta_schedule.tiling_structure": "SSRSRS"})
                            with T.init():
                                conv2d_NCHWc[v_n, v_oc_chunk, v_oh, v_ow, v_oc_block] = T.float32(0)
                            conv2d_NCHWc[v_n, v_oc_chunk, v_oh, v_ow, v_oc_block] = conv2d_NCHWc[v_n, v_oc_chunk, v_oh, v_ow, v_oc_block] + data_pad[v_n, v_ic // T.int64(3), v_oh * T.int64(2) + v_kh, v_ow * T.int64(2) + v_kw, v_ic % T.int64(3)] * p1[v_oc_chunk, v_ic // T.int64(3), v_kh, v_kw, v_ic % T.int64(3), v_oc_block]
                    for ax0, ax1, ax2, ax3, ax4 in T.grid(T.int64(1), T.int64(4), T.int64(2), T.int64(4), T.int64(8)):
                        with T.block("T_relu"):
                            v_ax0 = T.axis.spatial(T.int64(1), ax0)
                            v_ax1 = T.axis.spatial(T.int64(8), oc_chunk_1 * T.int64(4) + ax1)
                            v_ax2 = T.axis.spatial(T.int64(16), oh_1 * T.int64(2) + ax2)
                            v_ax3 = T.axis.spatial(T.int64(16), ow_0 * T.int64(8) + ow_1 * T.int64(4) + ax3)
                            v_ax4 = T.axis.spatial(T.int64(8), ax4)
                            T.reads(conv2d_NCHWc[v_ax0, v_ax1, v_ax2, v_ax3, v_ax4], p2[v_ax0, v_ax1, T.int64(0), T.int64(0), v_ax4])
                            T.writes(T_relu[v_ax0, v_ax1, v_ax2, v_ax3, v_ax4])
                            T_relu[v_ax0, v_ax1, v_ax2, v_ax3, v_ax4] = T.max(conv2d_NCHWc[v_ax0, v_ax1, v_ax2, v_ax3, v_ax4] + p2[v_ax0, v_ax1, T.int64(0), T.int64(0), v_ax4], T.float32(0))
b0 = sch.get_block(name="data_pad", func_name="main")
b1 = sch.get_block(name="conv2d_NCHWc", func_name="main")
b2 = sch.get_block(name="T_add", func_name="main")
b3 = sch.get_block(name="root", func_name="main")
sch.compute_inline(block=b2)
sch.annotate(block_or_loop=b1, ann_key="meta_schedule.tiling_structure", ann_val="SSRSRS")
l4, l5, l6, l7, l8, l9, l10, l11 = sch.get_loops(block=b1)
v12, v13, v14, v15 = sch.sample_perfect_tile(loop=l4, n=4, max_innermost_factor=64, decision=[1, 1, 1, 1])
l16, l17, l18, l19 = sch.split(loop=l4, factors=[v12, v13, v14, v15], preserve_unit_iters=True, disable_predication=False)
v20, v21, v22, v23 = sch.sample_perfect_tile(loop=l5, n=4, max_innermost_factor=64, decision=[1, 2, 1, 4])
l24, l25, l26, l27 = sch.split(loop=l5, factors=[v20, v21, v22, v23], preserve_unit_iters=True, disable_predication=False)
v28, v29, v30, v31 = sch.sample_perfect_tile(loop=l6, n=4, max_innermost_factor=64, decision=[1, 8, 2, 1])
l32, l33, l34, l35 = sch.split(loop=l6, factors=[v28, v29, v30, v31], preserve_unit_iters=True, disable_predication=False)
v36, v37, v38, v39 = sch.sample_perfect_tile(loop=l7, n=4, max_innermost_factor=64, decision=[2, 2, 1, 4])
l40, l41, l42, l43 = sch.split(loop=l7, factors=[v36, v37, v38, v39], preserve_unit_iters=True, disable_predication=False)
v44, v45, v46, v47 = sch.sample_perfect_tile(loop=l8, n=4, max_innermost_factor=64, decision=[1, 1, 8, 1])
l48, l49, l50, l51 = sch.split(loop=l8, factors=[v44, v45, v46, v47], preserve_unit_iters=True, disable_predication=False)
v52, v53 = sch.sample_perfect_tile(loop=l9, n=2, max_innermost_factor=64, decision=[1, 3])
l54, l55 = sch.split(loop=l9, factors=[v52, v53], preserve_unit_iters=True, disable_predication=False)
v56, v57 = sch.sample_perfect_tile(loop=l10, n=2, max_innermost_factor=64, decision=[7, 1])
l58, l59 = sch.split(loop=l10, factors=[v56, v57], preserve_unit_iters=True, disable_predication=False)
v60, v61 = sch.sample_perfect_tile(loop=l11, n=2, max_innermost_factor=64, decision=[7, 1])
l62, l63 = sch.split(loop=l11, factors=[v60, v61], preserve_unit_iters=True, disable_predication=False)
sch.reorder(l16, l24, l32, l40, l48, l17, l25, l33, l41, l49, l54, l58, l62, l18, l26, l34, l42, l50, l55, l59, l63, l19, l27, l35, l43, l51)
b64, = sch.get_consumers(block=b1)
sch.reverse_compute_at(block=b64, loop=l49, preserve_unit_loops=True, index=-1)
sch.annotate(block_or_loop=b3, ann_key="meta_schedule.parallel", ann_val=96)
sch.annotate(block_or_loop=b3, ann_key="meta_schedule.vectorize", ann_val=64)
v65 = sch.sample_categorical(candidates=[0, 16, 64, 512], probs=[0.25, 0.25, 0.25, 0.25], decision=2)
sch.annotate(block_or_loop=b3, ann_key="meta_schedule.unroll_explicit", ann_val=v65)
l66 = sch.sample_compute_location(block=b0, decision=8)
sch.compute_at(block=b0, loop=l66, preserve_unit_loops=True, index=-1)
2024-05-19 13:28:35 [INFO] [task_scheduler.cc:170] Design space #2:
# from tvm.script import ir as I
# from tvm.script import tir as T

@I.ir_module
class Module:
    @T.prim_func
    def main(p0: T.Buffer((T.int64(1), T.int64(1), T.int64(32), T.int64(32), T.int64(3)), "float32"), p1: T.Buffer((T.int64(8), T.int64(1), T.int64(7), T.int64(7), T.int64(3), T.int64(8)), "float32"), p2: T.Buffer((T.int64(1), T.int64(8), T.int64(1), T.int64(1), T.int64(8)), "float32"), T_relu: T.Buffer((T.int64(1), T.int64(8), T.int64(16), T.int64(16), T.int64(8)), "float32")):
        T.func_attr({"tir.noalias": T.bool(True)})
        with T.block("root"):
            T.reads()
            T.writes()
            T.block_attr({"meta_schedule.parallel": 96, "meta_schedule.unroll_explicit": 16, "meta_schedule.vectorize": 64})
            data_pad = T.alloc_buffer((T.int64(1), T.int64(1), T.int64(38), T.int64(38), T.int64(3)))
            conv2d_NCHWc = T.alloc_buffer((T.int64(1), T.int64(8), T.int64(16), T.int64(16), T.int64(8)))
            for n_0, oc_chunk_0, oh_0, ow_0, oc_block_0 in T.grid(T.int64(1), T.int64(1), T.int64(1), T.int64(2), T.int64(1)):
                for n_1, oc_chunk_1 in T.grid(T.int64(1), T.int64(2)):
                    for ax0, ax1, ax2, ax3, ax4 in T.grid(T.int64(1), T.int64(1), T.int64(37), T.int64(21), T.int64(3)):
                        with T.block("data_pad"):
                            v_i0, v_i1 = T.axis.remap("SS", [ax0, ax1])
                            v_i2 = T.axis.spatial(T.int64(38), ax2)
                            v_i3 = T.axis.spatial(T.int64(38), ow_0 * T.int64(16) + ax3)
                            v_i4 = T.axis.spatial(T.int64(3), ax4)
                            T.reads(p0[v_i0, v_i1, v_i2 - T.int64(3), v_i3 - T.int64(3), v_i4])
                            T.writes(data_pad[v_i0, v_i1, v_i2, v_i3, v_i4])
                            data_pad[v_i0, v_i1, v_i2, v_i3, v_i4] = T.if_then_else(T.int64(3) <= v_i2 and v_i2 < T.int64(35) and T.int64(3) <= v_i3 and v_i3 < T.int64(35), p0[v_i0, v_i1, v_i2 - T.int64(3), v_i3 - T.int64(3), v_i4], T.float32(0))
                    for oh_1, ow_1, oc_block_1, ic_0, kh_0, kw_0, n_2, oc_chunk_2, oh_2, ow_2, oc_block_2, ic_1, kh_1, kw_1, n_3, oc_chunk_3, oh_3, ow_3, oc_block_3 in T.grid(T.int64(8), T.int64(2), T.int64(1), T.int64(1), T.int64(7), T.int64(7), T.int64(1), T.int64(1), T.int64(2), T.int64(1), T.int64(8), T.int64(3), T.int64(1), T.int64(1), T.int64(1), T.int64(4), T.int64(1), T.int64(4), T.int64(1)):
                        with T.block("conv2d_NCHWc"):
                            v_n = T.axis.spatial(T.int64(1), n_0 + n_1 + n_2 + n_3)
                            v_oc_chunk = T.axis.spatial(T.int64(8), oc_chunk_0 * T.int64(8) + oc_chunk_1 * T.int64(4) + oc_chunk_2 * T.int64(4) + oc_chunk_3)
                            v_oh = T.axis.spatial(T.int64(16), oh_0 * T.int64(16) + oh_1 * T.int64(2) + oh_2 + oh_3)
                            v_ow = T.axis.spatial(T.int64(16), ow_0 * T.int64(8) + ow_1 * T.int64(4) + ow_2 * T.int64(4) + ow_3)
                            v_oc_block = T.axis.spatial(T.int64(8), oc_block_0 * T.int64(8) + oc_block_1 * T.int64(8) + oc_block_2 + oc_block_3)
                            v_ic = T.axis.reduce(T.int64(3), ic_0 * T.int64(3) + ic_1)
                            v_kh = T.axis.reduce(T.int64(7), kh_0 + kh_1)
                            v_kw = T.axis.reduce(T.int64(7), kw_0 + kw_1)
                            T.reads(data_pad[v_n, v_ic // T.int64(3), v_oh * T.int64(2) + v_kh, v_ow * T.int64(2) + v_kw, v_ic % T.int64(3)], p1[v_oc_chunk, v_ic // T.int64(3), v_kh, v_kw, v_ic % T.int64(3), v_oc_block])
                            T.writes(conv2d_NCHWc[v_n, v_oc_chunk, v_oh, v_ow, v_oc_block])
                            T.block_attr({"meta_schedule.tiling_structure": "SSRSRS"})
                            with T.init():
                                conv2d_NCHWc[v_n, v_oc_chunk, v_oh, v_ow, v_oc_block] = T.float32(0)
                            conv2d_NCHWc[v_n, v_oc_chunk, v_oh, v_ow, v_oc_block] = conv2d_NCHWc[v_n, v_oc_chunk, v_oh, v_ow, v_oc_block] + data_pad[v_n, v_ic // T.int64(3), v_oh * T.int64(2) + v_kh, v_ow * T.int64(2) + v_kw, v_ic % T.int64(3)] * p1[v_oc_chunk, v_ic // T.int64(3), v_kh, v_kw, v_ic % T.int64(3), v_oc_block]
                for ax0, ax1, ax2, ax3, ax4 in T.grid(T.int64(1), T.int64(8), T.int64(16), T.int64(8), T.int64(8)):
                    with T.block("T_relu"):
                        v_ax0, v_ax1, v_ax2 = T.axis.remap("SSS", [ax0, ax1, ax2])
                        v_ax3 = T.axis.spatial(T.int64(16), ow_0 * T.int64(8) + ax3)
                        v_ax4 = T.axis.spatial(T.int64(8), ax4)
                        T.reads(conv2d_NCHWc[v_ax0, v_ax1, v_ax2, v_ax3, v_ax4], p2[v_ax0, v_ax1, T.int64(0), T.int64(0), v_ax4])
                        T.writes(T_relu[v_ax0, v_ax1, v_ax2, v_ax3, v_ax4])
                        T_relu[v_ax0, v_ax1, v_ax2, v_ax3, v_ax4] = T.max(conv2d_NCHWc[v_ax0, v_ax1, v_ax2, v_ax3, v_ax4] + p2[v_ax0, v_ax1, T.int64(0), T.int64(0), v_ax4], T.float32(0))
b0 = sch.get_block(name="data_pad", func_name="main")
b1 = sch.get_block(name="conv2d_NCHWc", func_name="main")
b2 = sch.get_block(name="T_add", func_name="main")
b3 = sch.get_block(name="root", func_name="main")
sch.compute_inline(block=b2)
sch.annotate(block_or_loop=b1, ann_key="meta_schedule.tiling_structure", ann_val="SSRSRS")
l4, l5, l6, l7, l8, l9, l10, l11 = sch.get_loops(block=b1)
v12, v13, v14, v15 = sch.sample_perfect_tile(loop=l4, n=4, max_innermost_factor=64, decision=[1, 1, 1, 1])
l16, l17, l18, l19 = sch.split(loop=l4, factors=[v12, v13, v14, v15], preserve_unit_iters=True, disable_predication=False)
v20, v21, v22, v23 = sch.sample_perfect_tile(loop=l5, n=4, max_innermost_factor=64, decision=[1, 2, 1, 4])
l24, l25, l26, l27 = sch.split(loop=l5, factors=[v20, v21, v22, v23], preserve_unit_iters=True, disable_predication=False)
v28, v29, v30, v31 = sch.sample_perfect_tile(loop=l6, n=4, max_innermost_factor=64, decision=[1, 8, 2, 1])
l32, l33, l34, l35 = sch.split(loop=l6, factors=[v28, v29, v30, v31], preserve_unit_iters=True, disable_predication=False)
v36, v37, v38, v39 = sch.sample_perfect_tile(loop=l7, n=4, max_innermost_factor=64, decision=[2, 2, 1, 4])
l40, l41, l42, l43 = sch.split(loop=l7, factors=[v36, v37, v38, v39], preserve_unit_iters=True, disable_predication=False)
v44, v45, v46, v47 = sch.sample_perfect_tile(loop=l8, n=4, max_innermost_factor=64, decision=[1, 1, 8, 1])
l48, l49, l50, l51 = sch.split(loop=l8, factors=[v44, v45, v46, v47], preserve_unit_iters=True, disable_predication=False)
v52, v53 = sch.sample_perfect_tile(loop=l9, n=2, max_innermost_factor=64, decision=[1, 3])
l54, l55 = sch.split(loop=l9, factors=[v52, v53], preserve_unit_iters=True, disable_predication=False)
v56, v57 = sch.sample_perfect_tile(loop=l10, n=2, max_innermost_factor=64, decision=[7, 1])
l58, l59 = sch.split(loop=l10, factors=[v56, v57], preserve_unit_iters=True, disable_predication=False)
v60, v61 = sch.sample_perfect_tile(loop=l11, n=2, max_innermost_factor=64, decision=[7, 1])
l62, l63 = sch.split(loop=l11, factors=[v60, v61], preserve_unit_iters=True, disable_predication=False)
sch.reorder(l16, l24, l32, l40, l48, l17, l25, l33, l41, l49, l54, l58, l62, l18, l26, l34, l42, l50, l55, l59, l63, l19, l27, l35, l43, l51)
b64, = sch.get_consumers(block=b1)
sch.reverse_compute_at(block=b64, loop=l48, preserve_unit_loops=True, index=-1)
sch.annotate(block_or_loop=b3, ann_key="meta_schedule.parallel", ann_val=96)
sch.annotate(block_or_loop=b3, ann_key="meta_schedule.vectorize", ann_val=64)
v65 = sch.sample_categorical(candidates=[0, 16, 64, 512], probs=[0.25, 0.25, 0.25, 0.25], decision=1)
sch.annotate(block_or_loop=b3, ann_key="meta_schedule.unroll_explicit", ann_val=v65)
l66 = sch.sample_compute_location(block=b0, decision=6)
sch.compute_at(block=b0, loop=l66, preserve_unit_loops=True, index=-1)
2024-05-19 13:36:28 [INFO] [evolutionary_search.cc:713] Generating candidates......
2024-05-19 13:36:28 [INFO] [evolutionary_search.cc:715] Picked top 0 candidate(s) from database
2024-05-19 13:36:31 [INFO] [evolutionary_search.cc:533] Sample-Init-Population summary:
Postproc #0 [meta_schedule.DisallowDynamicLoop(0xc0617d8)]: 0 failure(s)
Postproc #1 [meta_schedule.RewriteParallelVectorizeUnroll(0x13872898)]: 0 failure(s)
Postproc #2 [meta_schedule.RewriteReductionBlock(0x14baf968)]: 0 failure(s)
Postproc #3 [meta_schedule.RewriteLayout(0xc9b4b28)]: 0 failure(s)
2024-05-19 13:36:31 [INFO] [evolutionary_search.cc:723] Sampled 512 candidate(s)
2024-05-19 13:36:33 [INFO] [evolutionary_search.cc:621] Evolve iter #0 done. Summary:
Postproc #0 [meta_schedule.DisallowDynamicLoop(0xc0617d8)]: 0 failure(s)
Postproc #1 [meta_schedule.RewriteParallelVectorizeUnroll(0x13872898)]: 0 failure(s)
Postproc #2 [meta_schedule.RewriteReductionBlock(0x14baf968)]: 0 failure(s)
Postproc #3 [meta_schedule.RewriteLayout(0xc9b4b28)]: 0 failure(s)
2024-05-19 13:36:36 [INFO] [evolutionary_search.cc:621] Evolve iter #1 done. Summary:
Postproc #0 [meta_schedule.DisallowDynamicLoop(0xc0617d8)]: 0 failure(s)
Postproc #1 [meta_schedule.RewriteParallelVectorizeUnroll(0x13872898)]: 0 failure(s)
Postproc #2 [meta_schedule.RewriteReductionBlock(0x14baf968)]: 0 failure(s)
Postproc #3 [meta_schedule.RewriteLayout(0xc9b4b28)]: 0 failure(s)
2024-05-19 13:36:38 [INFO] [evolutionary_search.cc:621] Evolve iter #2 done. Summary:
Postproc #0 [meta_schedule.DisallowDynamicLoop(0xc0617d8)]: 0 failure(s)
Postproc #1 [meta_schedule.RewriteParallelVectorizeUnroll(0x13872898)]: 0 failure(s)
Postproc #2 [meta_schedule.RewriteReductionBlock(0x14baf968)]: 0 failure(s)
Postproc #3 [meta_schedule.RewriteLayout(0xc9b4b28)]: 0 failure(s)
2024-05-19 13:36:41 [INFO] [evolutionary_search.cc:621] Evolve iter #3 done. Summary:
Postproc #0 [meta_schedule.DisallowDynamicLoop(0xc0617d8)]: 0 failure(s)
Postproc #1 [meta_schedule.RewriteParallelVectorizeUnroll(0x13872898)]: 0 failure(s)
Postproc #2 [meta_schedule.RewriteReductionBlock(0x14baf968)]: 0 failure(s)
Postproc #3 [meta_schedule.RewriteLayout(0xc9b4b28)]: 0 failure(s)
2024-05-19 13:36:41 [INFO] [evolutionary_search.cc:649] Scores of the best 64 candidates:
[1 : 16]:	1.0000  0.9999  0.9989  0.9987  0.9987  0.9980  0.9975  0.9975  0.9972  0.9971  0.9967  0.9961  0.9961  0.9950  0.9945  0.9944
[17 : 32]:	0.9943  0.9939  0.9938  0.9930  0.9918  0.9916  0.9912  0.9909  0.9908  0.9902  0.9899  0.9894  0.9888  0.9885  0.9884  0.9877
[33 : 48]:	0.9873  0.9869  0.9868  0.9858  0.9857  0.9843  0.9823  0.9822  0.9816  0.9816  0.9815  0.9811  0.9798  0.9788  0.9786  0.9783
[49 : 64]:	0.9769  0.9757  0.9756  0.9755  0.9753  0.9749  0.9749  0.9744  0.9742  0.9740  0.9738  0.9734  0.9711  0.9710  0.9709  0.9698
2024-05-19 13:36:41 [INFO] [evolutionary_search.cc:727] Got 64 candidate(s) with evolutionary search
2024-05-19 13:36:41 [INFO] [evolutionary_search.cc:730] Sending 64 candidates(s) for measurement
2024-05-19 14:19:03 [INFO] [task_scheduler.cc:131] [Task #5: fused_nn_contrib_conv2d_NCHWc_add_nn_relu] Trial #1: GFLOPs: 25.6914. Time: 188.7659 us. Best GFLOPs: 25.6914
2024-05-19 14:19:03 [INFO] [task_scheduler.cc:131] [Task #5: fused_nn_contrib_conv2d_NCHWc_add_nn_relu] Trial #2: GFLOPs: 78.0172. Time: 62.1615 us. Best GFLOPs: 78.0172
2024-05-19 14:19:03 [INFO] [task_scheduler.cc:131] [Task #5: fused_nn_contrib_conv2d_NCHWc_add_nn_relu] Trial #3: GFLOPs: 10.4804. Time: 462.7376 us. Best GFLOPs: 78.0172
2024-05-19 14:19:03 [INFO] [task_scheduler.cc:131] [Task #5: fused_nn_contrib_conv2d_NCHWc_add_nn_relu] Trial #4: GFLOPs: 14.6075. Time: 331.9977 us. Best GFLOPs: 78.0172
2024-05-19 14:19:03 [INFO] [task_scheduler.cc:131] [Task #5: fused_nn_contrib_conv2d_NCHWc_add_nn_relu] Trial #5: GFLOPs: 15.3982. Time: 314.9505 us. Best GFLOPs: 78.0172
2024-05-19 14:19:03 [INFO] [task_scheduler.cc:131] [Task #5: fused_nn_contrib_conv2d_NCHWc_add_nn_relu] Trial #6: GFLOPs: 21.1570. Time: 229.2232 us. Best GFLOPs: 78.0172
2024-05-19 14:19:03 [INFO] [task_scheduler.cc:131] [Task #5: fused_nn_contrib_conv2d_NCHWc_add_nn_relu] Trial #7: GFLOPs: 23.6658. Time: 204.9229 us. Best GFLOPs: 78.0172
2024-05-19 14:19:03 [INFO] [task_scheduler.cc:131] [Task #5: fused_nn_contrib_conv2d_NCHWc_add_nn_relu] Trial #8: GFLOPs: 33.5481. Time: 144.5585 us. Best GFLOPs: 78.0172
2024-05-19 14:19:03 [INFO] [task_scheduler.cc:131] [Task #5: fused_nn_contrib_conv2d_NCHWc_add_nn_relu] Trial #9: GFLOPs: 77.8927. Time: 62.2608 us. Best GFLOPs: 78.0172
2024-05-19 14:19:03 [INFO] [task_scheduler.cc:131] [Task #5: fused_nn_contrib_conv2d_NCHWc_add_nn_relu] Trial #10: GFLOPs: 62.6418. Time: 77.4190 us. Best GFLOPs: 78.0172
2024-05-19 14:19:03 [INFO] [task_scheduler.cc:131] [Task #5: fused_nn_contrib_conv2d_NCHWc_add_nn_relu] Trial #11: GFLOPs: 20.1602. Time: 240.5567 us. Best GFLOPs: 78.0172
2024-05-19 14:19:03 [INFO] [task_scheduler.cc:131] [Task #5: fused_nn_contrib_conv2d_NCHWc_add_nn_relu] Trial #12: GFLOPs: 17.4247. Time: 278.3212 us. Best GFLOPs: 78.0172
2024-05-19 14:19:03 [INFO] [task_scheduler.cc:131] [Task #5: fused_nn_contrib_conv2d_NCHWc_add_nn_relu] Trial #13: GFLOPs: 44.0795. Time: 110.0209 us. Best GFLOPs: 78.0172
2024-05-19 14:19:03 [INFO] [task_scheduler.cc:131] [Task #5: fused_nn_contrib_conv2d_NCHWc_add_nn_relu] Trial #14: GFLOPs: 24.2628. Time: 199.8807 us. Best GFLOPs: 78.0172
2024-05-19 14:19:03 [INFO] [task_scheduler.cc:131] [Task #5: fused_nn_contrib_conv2d_NCHWc_add_nn_relu] Trial #15: GFLOPs: 4.7120. Time: 1029.2115 us. Best GFLOPs: 78.0172
2024-05-19 14:19:03 [INFO] [task_scheduler.cc:131] [Task #5: fused_nn_contrib_conv2d_NCHWc_add_nn_relu] Trial #16: GFLOPs: 16.4023. Time: 295.6702 us. Best GFLOPs: 78.0172
2024-05-19 14:19:03 [INFO] [task_scheduler.cc:131] [Task #5: fused_nn_contrib_conv2d_NCHWc_add_nn_relu] Trial #17: GFLOPs: 10.1334. Time: 478.5828 us. Best GFLOPs: 78.0172
2024-05-19 14:19:03 [INFO] [task_scheduler.cc:131] [Task #5: fused_nn_contrib_conv2d_NCHWc_add_nn_relu] Trial #18: GFLOPs: 86.7683. Time: 55.8921 us. Best GFLOPs: 86.7683
2024-05-19 14:19:03 [INFO] [task_scheduler.cc:131] [Task #5: fused_nn_contrib_conv2d_NCHWc_add_nn_relu] Trial #19: GFLOPs: 8.9993. Time: 538.8943 us. Best GFLOPs: 86.7683
2024-05-19 14:19:03 [INFO] [task_scheduler.cc:131] [Task #5: fused_nn_contrib_conv2d_NCHWc_add_nn_relu] Trial #20: GFLOPs: 9.5496. Time: 507.8412 us. Best GFLOPs: 86.7683
2024-05-19 14:19:03 [INFO] [task_scheduler.cc:131] [Task #5: fused_nn_contrib_conv2d_NCHWc_add_nn_relu] Trial #21: GFLOPs: 29.8908. Time: 162.2460 us. Best GFLOPs: 86.7683
2024-05-19 14:19:03 [INFO] [task_scheduler.cc:131] [Task #5: fused_nn_contrib_conv2d_NCHWc_add_nn_relu] Trial #22: GFLOPs: 7.0787. Time: 685.1061 us. Best GFLOPs: 86.7683
2024-05-19 14:19:03 [INFO] [task_scheduler.cc:131] [Task #5: fused_nn_contrib_conv2d_NCHWc_add_nn_relu] Trial #23: GFLOPs: 17.2759. Time: 280.7181 us. Best GFLOPs: 86.7683
2024-05-19 14:19:03 [INFO] [task_scheduler.cc:131] [Task #5: fused_nn_contrib_conv2d_NCHWc_add_nn_relu] Trial #24: GFLOPs: 5.6862. Time: 852.8783 us. Best GFLOPs: 86.7683
2024-05-19 14:19:03 [INFO] [task_scheduler.cc:131] [Task #5: fused_nn_contrib_conv2d_NCHWc_add_nn_relu] Trial #25: GFLOPs: 7.8685. Time: 616.3396 us. Best GFLOPs: 86.7683
2024-05-19 14:19:03 [INFO] [task_scheduler.cc:131] [Task #5: fused_nn_contrib_conv2d_NCHWc_add_nn_relu] Trial #26: GFLOPs: 20.3799. Time: 237.9627 us. Best GFLOPs: 86.7683
2024-05-19 14:19:03 [INFO] [task_scheduler.cc:131] [Task #5: fused_nn_contrib_conv2d_NCHWc_add_nn_relu] Trial #27: GFLOPs: 35.9269. Time: 134.9870 us. Best GFLOPs: 86.7683
2024-05-19 14:19:03 [INFO] [task_scheduler.cc:131] [Task #5: fused_nn_contrib_conv2d_NCHWc_add_nn_relu] Trial #28: GFLOPs: 72.8802. Time: 66.5429 us. Best GFLOPs: 86.7683
2024-05-19 14:19:03 [INFO] [task_scheduler.cc:131] [Task #5: fused_nn_contrib_conv2d_NCHWc_add_nn_relu] Trial #29: GFLOPs: 53.5520. Time: 90.5599 us. Best GFLOPs: 86.7683
2024-05-19 14:19:03 [INFO] [task_scheduler.cc:131] [Task #5: fused_nn_contrib_conv2d_NCHWc_add_nn_relu] Trial #30: GFLOPs: 25.2898. Time: 191.7635 us. Best GFLOPs: 86.7683
2024-05-19 14:19:03 [INFO] [task_scheduler.cc:131] [Task #5: fused_nn_contrib_conv2d_NCHWc_add_nn_relu] Trial #31: GFLOPs: 100.0163. Time: 48.4887 us. Best GFLOPs: 100.0163
2024-05-19 14:19:03 [INFO] [task_scheduler.cc:131] [Task #5: fused_nn_contrib_conv2d_NCHWc_add_nn_relu] Trial #32: GFLOPs: 30.9581. Time: 156.6527 us. Best GFLOPs: 100.0163
2024-05-19 14:19:03 [INFO] [task_scheduler.cc:131] [Task #5: fused_nn_contrib_conv2d_NCHWc_add_nn_relu] Trial #33: GFLOPs: 16.6567. Time: 291.1536 us. Best GFLOPs: 100.0163
2024-05-19 14:19:03 [INFO] [task_scheduler.cc:131] [Task #5: fused_nn_contrib_conv2d_NCHWc_add_nn_relu] Trial #34: GFLOPs: 49.9909. Time: 97.0110 us. Best GFLOPs: 100.0163
2024-05-19 14:19:03 [INFO] [task_scheduler.cc:131] [Task #5: fused_nn_contrib_conv2d_NCHWc_add_nn_relu] Trial #35: GFLOPs: 4.7994. Time: 1010.4792 us. Best GFLOPs: 100.0163
2024-05-19 14:19:03 [INFO] [task_scheduler.cc:131] [Task #5: fused_nn_contrib_conv2d_NCHWc_add_nn_relu] Trial #36: GFLOPs: 81.1139. Time: 59.7884 us. Best GFLOPs: 100.0163
2024-05-19 14:19:03 [INFO] [task_scheduler.cc:131] [Task #5: fused_nn_contrib_conv2d_NCHWc_add_nn_relu] Trial #37: GFLOPs: 20.2331. Time: 239.6902 us. Best GFLOPs: 100.0163
2024-05-19 14:19:03 [INFO] [task_scheduler.cc:131] [Task #5: fused_nn_contrib_conv2d_NCHWc_add_nn_relu] Trial #38: GFLOPs: 22.5173. Time: 215.3747 us. Best GFLOPs: 100.0163
2024-05-19 14:19:03 [INFO] [task_scheduler.cc:131] [Task #5: fused_nn_contrib_conv2d_NCHWc_add_nn_relu] Trial #39: GFLOPs: 74.4799. Time: 65.1137 us. Best GFLOPs: 100.0163
2024-05-19 14:19:03 [INFO] [task_scheduler.cc:131] [Task #5: fused_nn_contrib_conv2d_NCHWc_add_nn_relu] Trial #40: GFLOPs: 15.1945. Time: 319.1725 us. Best GFLOPs: 100.0163
2024-05-19 14:19:03 [INFO] [task_scheduler.cc:131] [Task #5: fused_nn_contrib_conv2d_NCHWc_add_nn_relu] Trial #41: GFLOPs: 25.7995. Time: 187.9750 us. Best GFLOPs: 100.0163
2024-05-19 14:19:03 [INFO] [task_scheduler.cc:131] [Task #5: fused_nn_contrib_conv2d_NCHWc_add_nn_relu] Trial #42: GFLOPs: 11.6748. Time: 415.3949 us. Best GFLOPs: 100.0163
2024-05-19 14:19:03 [INFO] [task_scheduler.cc:131] [Task #5: fused_nn_contrib_conv2d_NCHWc_add_nn_relu] Trial #43: GFLOPs: 19.3967. Time: 250.0255 us. Best GFLOPs: 100.0163
2024-05-19 14:19:03 [INFO] [task_scheduler.cc:131] [Task #5: fused_nn_contrib_conv2d_NCHWc_add_nn_relu] Trial #44: GFLOPs: 67.1097. Time: 72.2648 us. Best GFLOPs: 100.0163
2024-05-19 14:19:03 [INFO] [task_scheduler.cc:131] [Task #5: fused_nn_contrib_conv2d_NCHWc_add_nn_relu] Trial #45: GFLOPs: 34.0116. Time: 142.5886 us. Best GFLOPs: 100.0163
2024-05-19 14:19:03 [INFO] [task_scheduler.cc:131] [Task #5: fused_nn_contrib_conv2d_NCHWc_add_nn_relu] Trial #46: GFLOPs: 29.0909. Time: 166.7074 us. Best GFLOPs: 100.0163
2024-05-19 14:19:03 [INFO] [task_scheduler.cc:131] [Task #5: fused_nn_contrib_conv2d_NCHWc_add_nn_relu] Trial #47: GFLOPs: 16.7152. Time: 290.1343 us. Best GFLOPs: 100.0163
2024-05-19 14:19:03 [INFO] [task_scheduler.cc:131] [Task #5: fused_nn_contrib_conv2d_NCHWc_add_nn_relu] Trial #48: GFLOPs: 69.6733. Time: 69.6058 us. Best GFLOPs: 100.0163
2024-05-19 14:19:03 [INFO] [task_scheduler.cc:131] [Task #5: fused_nn_contrib_conv2d_NCHWc_add_nn_relu] Trial #49: GFLOPs: 17.8818. Time: 271.2065 us. Best GFLOPs: 100.0163
2024-05-19 14:19:03 [INFO] [task_scheduler.cc:131] [Task #5: fused_nn_contrib_conv2d_NCHWc_add_nn_relu] Trial #50: GFLOPs: 24.0424. Time: 201.7126 us. Best GFLOPs: 100.0163
2024-05-19 14:19:03 [INFO] [task_scheduler.cc:131] [Task #5: fused_nn_contrib_conv2d_NCHWc_add_nn_relu] Trial #51: GFLOPs: 38.8069. Time: 124.9692 us. Best GFLOPs: 100.0163
2024-05-19 14:19:03 [INFO] [task_scheduler.cc:131] [Task #5: fused_nn_contrib_conv2d_NCHWc_add_nn_relu] Trial #52: GFLOPs: 108.7259. Time: 44.6045 us. Best GFLOPs: 108.7259
2024-05-19 14:19:03 [INFO] [task_scheduler.cc:131] [Task #5: fused_nn_contrib_conv2d_NCHWc_add_nn_relu] Trial #53: GFLOPs: 7.6173. Time: 636.6680 us. Best GFLOPs: 108.7259
2024-05-19 14:19:03 [INFO] [task_scheduler.cc:131] [Task #5: fused_nn_contrib_conv2d_NCHWc_add_nn_relu] Trial #54: GFLOPs: 25.1712. Time: 192.6674 us. Best GFLOPs: 108.7259
2024-05-19 14:19:03 [INFO] [task_scheduler.cc:131] [Task #5: fused_nn_contrib_conv2d_NCHWc_add_nn_relu] Trial #55: GFLOPs: 16.3153. Time: 297.2461 us. Best GFLOPs: 108.7259
2024-05-19 14:19:03 [INFO] [task_scheduler.cc:131] [Task #5: fused_nn_contrib_conv2d_NCHWc_add_nn_relu] Trial #56: GFLOPs: 129.8172. Time: 37.3576 us. Best GFLOPs: 129.8172
2024-05-19 14:19:03 [INFO] [task_scheduler.cc:131] [Task #5: fused_nn_contrib_conv2d_NCHWc_add_nn_relu] Trial #57: GFLOPs: 19.0505. Time: 254.5695 us. Best GFLOPs: 129.8172
2024-05-19 14:19:03 [INFO] [task_scheduler.cc:131] [Task #5: fused_nn_contrib_conv2d_NCHWc_add_nn_relu] Trial #58: GFLOPs: 23.8078. Time: 203.7003 us. Best GFLOPs: 129.8172
2024-05-19 14:19:03 [INFO] [task_scheduler.cc:131] [Task #5: fused_nn_contrib_conv2d_NCHWc_add_nn_relu] Trial #59: GFLOPs: 44.0658. Time: 110.0551 us. Best GFLOPs: 129.8172
2024-05-19 14:19:03 [INFO] [task_scheduler.cc:131] [Task #5: fused_nn_contrib_conv2d_NCHWc_add_nn_relu] Trial #60: GFLOPs: 4.5643. Time: 1062.5194 us. Best GFLOPs: 129.8172
2024-05-19 14:19:03 [INFO] [task_scheduler.cc:131] [Task #5: fused_nn_contrib_conv2d_NCHWc_add_nn_relu] Trial #61: GFLOPs: 14.6026. Time: 332.1105 us. Best GFLOPs: 129.8172
2024-05-19 14:19:03 [INFO] [task_scheduler.cc:131] [Task #5: fused_nn_contrib_conv2d_NCHWc_add_nn_relu] Trial #62: GFLOPs: 37.6127. Time: 128.9369 us. Best GFLOPs: 129.8172
2024-05-19 14:19:03 [INFO] [task_scheduler.cc:131] [Task #5: fused_nn_contrib_conv2d_NCHWc_add_nn_relu] Trial #63: GFLOPs: 56.8565. Time: 85.2965 us. Best GFLOPs: 129.8172
2024-05-19 14:19:03 [INFO] [task_scheduler.cc:131] [Task #5: fused_nn_contrib_conv2d_NCHWc_add_nn_relu] Trial #64: GFLOPs: 26.1282. Time: 185.6105 us. Best GFLOPs: 129.8172
2024-05-19 15:13:54 [INFO] [evolutionary_search.cc:713] Generating candidates......
2024-05-19 15:13:55 [INFO] [evolutionary_search.cc:715] Picked top 64 candidate(s) from database
2024-05-19 15:13:57 [INFO] [evolutionary_search.cc:533] Sample-Init-Population summary:
Postproc #0 [meta_schedule.DisallowDynamicLoop(0xc0617d8)]: 0 failure(s)
Postproc #1 [meta_schedule.RewriteParallelVectorizeUnroll(0x13872898)]: 0 failure(s)
Postproc #2 [meta_schedule.RewriteReductionBlock(0x14baf968)]: 0 failure(s)
Postproc #3 [meta_schedule.RewriteLayout(0xc9b4b28)]: 0 failure(s)
2024-05-19 15:13:57 [INFO] [evolutionary_search.cc:723] Sampled 448 candidate(s)
2024-05-19 15:14:03 [INFO] [evolutionary_search.cc:621] Evolve iter #0 done. Summary:
Postproc #0 [meta_schedule.DisallowDynamicLoop(0xc0617d8)]: 0 failure(s)
Postproc #1 [meta_schedule.RewriteParallelVectorizeUnroll(0x13872898)]: 0 failure(s)
Postproc #2 [meta_schedule.RewriteReductionBlock(0x14baf968)]: 0 failure(s)
Postproc #3 [meta_schedule.RewriteLayout(0xc9b4b28)]: 0 failure(s)
2024-05-19 15:14:07 [INFO] [evolutionary_search.cc:621] Evolve iter #1 done. Summary:
Postproc #0 [meta_schedule.DisallowDynamicLoop(0xc0617d8)]: 0 failure(s)
Postproc #1 [meta_schedule.RewriteParallelVectorizeUnroll(0x13872898)]: 0 failure(s)
Postproc #2 [meta_schedule.RewriteReductionBlock(0x14baf968)]: 0 failure(s)
Postproc #3 [meta_schedule.RewriteLayout(0xc9b4b28)]: 0 failure(s)
2024-05-19 15:14:13 [INFO] [evolutionary_search.cc:621] Evolve iter #2 done. Summary:
Postproc #0 [meta_schedule.DisallowDynamicLoop(0xc0617d8)]: 0 failure(s)
Postproc #1 [meta_schedule.RewriteParallelVectorizeUnroll(0x13872898)]: 0 failure(s)
Postproc #2 [meta_schedule.RewriteReductionBlock(0x14baf968)]: 0 failure(s)
Postproc #3 [meta_schedule.RewriteLayout(0xc9b4b28)]: 0 failure(s)
2024-05-19 15:14:18 [INFO] [evolutionary_search.cc:621] Evolve iter #3 done. Summary:
Postproc #0 [meta_schedule.DisallowDynamicLoop(0xc0617d8)]: 0 failure(s)
Postproc #1 [meta_schedule.RewriteParallelVectorizeUnroll(0x13872898)]: 0 failure(s)
Postproc #2 [meta_schedule.RewriteReductionBlock(0x14baf968)]: 0 failure(s)
Postproc #3 [meta_schedule.RewriteLayout(0xc9b4b28)]: 0 failure(s)
2024-05-19 15:14:21 [INFO] [evolutionary_search.cc:649] Scores of the best 64 candidates:
[1 : 16]:	1.0137  1.0112  0.9967  0.9967  0.9940  0.9865  0.9688  0.9683  0.9669  0.9600  0.9559  0.9527  0.9527  0.9527  0.9510  0.9463
[17 : 32]:	0.9434  0.9310  0.9201  0.9049  0.9043  0.8989  0.8910  0.8833  0.8833  0.8684  0.8674  0.8636  0.8619  0.8544  0.8330  0.8256
[33 : 48]:	0.8249  0.8232  0.8220  0.8217  0.8208  0.8196  0.8195  0.8160  0.8027  0.8007  0.8001  0.7963  0.7801  0.7800  0.7800  0.7779
[49 : 64]:	0.7772  0.7756  0.7752  0.7749  0.7749  0.7700  0.7678  0.7659  0.7659  0.7654  0.7646  0.7620  0.7609  0.7587  0.7538  0.7463
2024-05-19 15:14:21 [INFO] [evolutionary_search.cc:727] Got 64 candidate(s) with evolutionary search
2024-05-19 15:14:21 [INFO] [evolutionary_search.cc:730] Sending 64 candidates(s) for measurement
2024-05-19 15:16:03 [INFO] [task_scheduler.cc:131] [Task #5: fused_nn_contrib_conv2d_NCHWc_add_nn_relu] Trial #65: GFLOPs: 118.0367. Time: 41.0861 us. Best GFLOPs: 129.8172
2024-05-19 15:16:03 [INFO] [task_scheduler.cc:131] [Task #5: fused_nn_contrib_conv2d_NCHWc_add_nn_relu] Trial #66: GFLOPs: 120.9662. Time: 40.0911 us. Best GFLOPs: 129.8172
2024-05-19 15:16:03 [INFO] [task_scheduler.cc:131] [Task #5: fused_nn_contrib_conv2d_NCHWc_add_nn_relu] Trial #67: GFLOPs: 119.0325. Time: 40.7424 us. Best GFLOPs: 129.8172
2024-05-19 15:16:03 [INFO] [task_scheduler.cc:131] [Task #5: fused_nn_contrib_conv2d_NCHWc_add_nn_relu] Trial #68: GFLOPs: 118.9730. Time: 40.7627 us. Best GFLOPs: 129.8172
2024-05-19 15:16:03 [INFO] [task_scheduler.cc:131] [Task #5: fused_nn_contrib_conv2d_NCHWc_add_nn_relu] Trial #69: GFLOPs: 78.5111. Time: 61.7704 us. Best GFLOPs: 129.8172
2024-05-19 15:16:03 [INFO] [task_scheduler.cc:131] [Task #5: fused_nn_contrib_conv2d_NCHWc_add_nn_relu] Trial #70: GFLOPs: 114.8586. Time: 42.2229 us. Best GFLOPs: 129.8172
2024-05-19 15:16:03 [INFO] [task_scheduler.cc:131] [Task #5: fused_nn_contrib_conv2d_NCHWc_add_nn_relu] Trial #71: GFLOPs: 62.5590. Time: 77.5215 us. Best GFLOPs: 129.8172
2024-05-19 15:16:03 [INFO] [task_scheduler.cc:131] [Task #5: fused_nn_contrib_conv2d_NCHWc_add_nn_relu] Trial #72: GFLOPs: 118.1806. Time: 41.0360 us. Best GFLOPs: 129.8172
2024-05-19 15:16:03 [INFO] [task_scheduler.cc:131] [Task #5: fused_nn_contrib_conv2d_NCHWc_add_nn_relu] Trial #73: GFLOPs: 119.9343. Time: 40.4360 us. Best GFLOPs: 129.8172
2024-05-19 15:16:03 [INFO] [task_scheduler.cc:131] [Task #5: fused_nn_contrib_conv2d_NCHWc_add_nn_relu] Trial #74: GFLOPs: 121.5814. Time: 39.8882 us. Best GFLOPs: 129.8172
2024-05-19 15:16:03 [INFO] [task_scheduler.cc:131] [Task #5: fused_nn_contrib_conv2d_NCHWc_add_nn_relu] Trial #75: GFLOPs: 74.4717. Time: 65.1209 us. Best GFLOPs: 129.8172
2024-05-19 15:16:03 [INFO] [task_scheduler.cc:131] [Task #5: fused_nn_contrib_conv2d_NCHWc_add_nn_relu] Trial #76: GFLOPs: 138.5693. Time: 34.9981 us. Best GFLOPs: 138.5693
2024-05-19 15:16:03 [INFO] [task_scheduler.cc:131] [Task #5: fused_nn_contrib_conv2d_NCHWc_add_nn_relu] Trial #77: GFLOPs: 146.6740. Time: 33.0642 us. Best GFLOPs: 146.6740
2024-05-19 15:16:03 [INFO] [task_scheduler.cc:131] [Task #5: fused_nn_contrib_conv2d_NCHWc_add_nn_relu] Trial #78: GFLOPs: 140.1470. Time: 34.6041 us. Best GFLOPs: 146.6740
2024-05-19 15:16:03 [INFO] [task_scheduler.cc:131] [Task #5: fused_nn_contrib_conv2d_NCHWc_add_nn_relu] Trial #79: GFLOPs: 116.8178. Time: 41.5148 us. Best GFLOPs: 146.6740
2024-05-19 15:16:03 [INFO] [task_scheduler.cc:131] [Task #5: fused_nn_contrib_conv2d_NCHWc_add_nn_relu] Trial #80: GFLOPs: 123.6536. Time: 39.2197 us. Best GFLOPs: 146.6740
2024-05-19 15:16:03 [INFO] [task_scheduler.cc:131] [Task #5: fused_nn_contrib_conv2d_NCHWc_add_nn_relu] Trial #81: GFLOPs: 127.6006. Time: 38.0066 us. Best GFLOPs: 146.6740
2024-05-19 15:16:03 [INFO] [task_scheduler.cc:131] [Task #5: fused_nn_contrib_conv2d_NCHWc_add_nn_relu] Trial #82: GFLOPs: 70.3452. Time: 68.9410 us. Best GFLOPs: 146.6740
2024-05-19 15:16:03 [INFO] [task_scheduler.cc:131] [Task #5: fused_nn_contrib_conv2d_NCHWc_add_nn_relu] Trial #83: GFLOPs: 78.0647. Time: 62.1236 us. Best GFLOPs: 146.6740
2024-05-19 15:16:03 [INFO] [task_scheduler.cc:131] [Task #5: fused_nn_contrib_conv2d_NCHWc_add_nn_relu] Trial #84: GFLOPs: 137.8065. Time: 35.1918 us. Best GFLOPs: 146.6740
2024-05-19 15:16:03 [INFO] [task_scheduler.cc:131] [Task #5: fused_nn_contrib_conv2d_NCHWc_add_nn_relu] Trial #85: GFLOPs: 89.9829. Time: 53.8954 us. Best GFLOPs: 146.6740
2024-05-19 15:16:03 [INFO] [task_scheduler.cc:131] [Task #5: fused_nn_contrib_conv2d_NCHWc_add_nn_relu] Trial #86: GFLOPs: 108.0925. Time: 44.8659 us. Best GFLOPs: 146.6740
2024-05-19 15:16:03 [INFO] [task_scheduler.cc:131] [Task #5: fused_nn_contrib_conv2d_NCHWc_add_nn_relu] Trial #87: GFLOPs: 43.9185. Time: 110.4241 us. Best GFLOPs: 146.6740
2024-05-19 15:16:03 [INFO] [task_scheduler.cc:131] [Task #5: fused_nn_contrib_conv2d_NCHWc_add_nn_relu] Trial #88: GFLOPs: 85.0362. Time: 57.0306 us. Best GFLOPs: 146.6740
2024-05-19 15:16:03 [INFO] [task_scheduler.cc:131] [Task #5: fused_nn_contrib_conv2d_NCHWc_add_nn_relu] Trial #89: GFLOPs: 97.8012. Time: 49.5869 us. Best GFLOPs: 146.6740
2024-05-19 15:16:03 [INFO] [task_scheduler.cc:131] [Task #5: fused_nn_contrib_conv2d_NCHWc_add_nn_relu] Trial #90: GFLOPs: 70.5632. Time: 68.7280 us. Best GFLOPs: 146.6740
2024-05-19 15:16:03 [INFO] [task_scheduler.cc:131] [Task #5: fused_nn_contrib_conv2d_NCHWc_add_nn_relu] Trial #91: GFLOPs: 141.9971. Time: 34.1533 us. Best GFLOPs: 146.6740
2024-05-19 15:16:03 [INFO] [task_scheduler.cc:131] [Task #5: fused_nn_contrib_conv2d_NCHWc_add_nn_relu] Trial #92: GFLOPs: 87.4599. Time: 55.4502 us. Best GFLOPs: 146.6740
2024-05-19 15:16:03 [INFO] [task_scheduler.cc:131] [Task #5: fused_nn_contrib_conv2d_NCHWc_add_nn_relu] Trial #93: GFLOPs: 51.4930. Time: 94.1810 us. Best GFLOPs: 146.6740
2024-05-19 15:16:03 [INFO] [task_scheduler.cc:131] [Task #5: fused_nn_contrib_conv2d_NCHWc_add_nn_relu] Trial #94: GFLOPs: 153.0328. Time: 31.6904 us. Best GFLOPs: 153.0328
2024-05-19 15:16:03 [INFO] [task_scheduler.cc:131] [Task #5: fused_nn_contrib_conv2d_NCHWc_add_nn_relu] Trial #95: GFLOPs: 136.6368. Time: 35.4931 us. Best GFLOPs: 153.0328
2024-05-19 15:16:03 [INFO] [task_scheduler.cc:131] [Task #5: fused_nn_contrib_conv2d_NCHWc_add_nn_relu] Trial #96: GFLOPs: 146.9493. Time: 33.0023 us. Best GFLOPs: 153.0328
2024-05-19 15:16:03 [INFO] [task_scheduler.cc:131] [Task #5: fused_nn_contrib_conv2d_NCHWc_add_nn_relu] Trial #97: GFLOPs: 71.8066. Time: 67.5379 us. Best GFLOPs: 153.0328
2024-05-19 15:16:03 [INFO] [task_scheduler.cc:131] [Task #5: fused_nn_contrib_conv2d_NCHWc_add_nn_relu] Trial #98: GFLOPs: 107.3082. Time: 45.1938 us. Best GFLOPs: 153.0328
2024-05-19 15:16:03 [INFO] [task_scheduler.cc:131] [Task #5: fused_nn_contrib_conv2d_NCHWc_add_nn_relu] Trial #99: GFLOPs: 94.1177. Time: 51.5276 us. Best GFLOPs: 153.0328
2024-05-19 15:16:03 [INFO] [task_scheduler.cc:131] [Task #5: fused_nn_contrib_conv2d_NCHWc_add_nn_relu] Trial #100: GFLOPs: 130.1244. Time: 37.2694 us. Best GFLOPs: 153.0328
2024-05-19 15:16:03 [INFO] [task_scheduler.cc:131] [Task #5: fused_nn_contrib_conv2d_NCHWc_add_nn_relu] Trial #101: GFLOPs: 172.2121. Time: 28.1610 us. Best GFLOPs: 172.2121
2024-05-19 15:16:03 [INFO] [task_scheduler.cc:131] [Task #5: fused_nn_contrib_conv2d_NCHWc_add_nn_relu] Trial #102: GFLOPs: 163.7382. Time: 29.6184 us. Best GFLOPs: 172.2121
2024-05-19 15:16:03 [INFO] [task_scheduler.cc:131] [Task #5: fused_nn_contrib_conv2d_NCHWc_add_nn_relu] Trial #103: GFLOPs: 116.7995. Time: 41.5213 us. Best GFLOPs: 172.2121
2024-05-19 15:16:03 [INFO] [task_scheduler.cc:131] [Task #5: fused_nn_contrib_conv2d_NCHWc_add_nn_relu] Trial #104: GFLOPs: 128.9638. Time: 37.6048 us. Best GFLOPs: 172.2121
2024-05-19 15:16:03 [INFO] [task_scheduler.cc:131] [Task #5: fused_nn_contrib_conv2d_NCHWc_add_nn_relu] Trial #105: GFLOPs: 74.0861. Time: 65.4599 us. Best GFLOPs: 172.2121
2024-05-19 15:16:03 [INFO] [task_scheduler.cc:131] [Task #5: fused_nn_contrib_conv2d_NCHWc_add_nn_relu] Trial #106: GFLOPs: 134.6886. Time: 36.0065 us. Best GFLOPs: 172.2121
2024-05-19 15:16:03 [INFO] [task_scheduler.cc:131] [Task #5: fused_nn_contrib_conv2d_NCHWc_add_nn_relu] Trial #107: GFLOPs: 133.5362. Time: 36.3172 us. Best GFLOPs: 172.2121
2024-05-19 15:16:03 [INFO] [task_scheduler.cc:131] [Task #5: fused_nn_contrib_conv2d_NCHWc_add_nn_relu] Trial #108: GFLOPs: 141.6835. Time: 34.2288 us. Best GFLOPs: 172.2121
2024-05-19 15:16:03 [INFO] [task_scheduler.cc:131] [Task #5: fused_nn_contrib_conv2d_NCHWc_add_nn_relu] Trial #109: GFLOPs: 91.8691. Time: 52.7889 us. Best GFLOPs: 172.2121
2024-05-19 15:16:03 [INFO] [task_scheduler.cc:131] [Task #5: fused_nn_contrib_conv2d_NCHWc_add_nn_relu] Trial #110: GFLOPs: 138.8360. Time: 34.9309 us. Best GFLOPs: 172.2121
2024-05-19 15:16:03 [INFO] [task_scheduler.cc:131] [Task #5: fused_nn_contrib_conv2d_NCHWc_add_nn_relu] Trial #111: GFLOPs: 80.8163. Time: 60.0085 us. Best GFLOPs: 172.2121
2024-05-19 15:16:03 [INFO] [task_scheduler.cc:131] [Task #5: fused_nn_contrib_conv2d_NCHWc_add_nn_relu] Trial #112: GFLOPs: 73.2879. Time: 66.1727 us. Best GFLOPs: 172.2121
2024-05-19 15:16:03 [INFO] [task_scheduler.cc:131] [Task #5: fused_nn_contrib_conv2d_NCHWc_add_nn_relu] Trial #113: GFLOPs: 92.0050. Time: 52.7109 us. Best GFLOPs: 172.2121
2024-05-19 15:16:03 [INFO] [task_scheduler.cc:131] [Task #5: fused_nn_contrib_conv2d_NCHWc_add_nn_relu] Trial #114: GFLOPs: 134.7245. Time: 35.9969 us. Best GFLOPs: 172.2121
2024-05-19 15:16:03 [INFO] [task_scheduler.cc:131] [Task #5: fused_nn_contrib_conv2d_NCHWc_add_nn_relu] Trial #115: GFLOPs: 99.0681. Time: 48.9528 us. Best GFLOPs: 172.2121
2024-05-19 15:16:03 [INFO] [task_scheduler.cc:131] [Task #5: fused_nn_contrib_conv2d_NCHWc_add_nn_relu] Trial #116: GFLOPs: 141.4395. Time: 34.2879 us. Best GFLOPs: 172.2121
2024-05-19 15:16:03 [INFO] [task_scheduler.cc:131] [Task #5: fused_nn_contrib_conv2d_NCHWc_add_nn_relu] Trial #117: GFLOPs: 66.0710. Time: 73.4008 us. Best GFLOPs: 172.2121
2024-05-19 15:16:03 [INFO] [task_scheduler.cc:131] [Task #5: fused_nn_contrib_conv2d_NCHWc_add_nn_relu] Trial #118: GFLOPs: 115.0850. Time: 42.1398 us. Best GFLOPs: 172.2121
2024-05-19 15:16:03 [INFO] [task_scheduler.cc:131] [Task #5: fused_nn_contrib_conv2d_NCHWc_add_nn_relu] Trial #119: GFLOPs: 108.0411. Time: 44.8872 us. Best GFLOPs: 172.2121
2024-05-19 15:16:03 [INFO] [task_scheduler.cc:131] [Task #5: fused_nn_contrib_conv2d_NCHWc_add_nn_relu] Trial #120: GFLOPs: 128.2574. Time: 37.8120 us. Best GFLOPs: 172.2121
2024-05-19 15:16:03 [INFO] [task_scheduler.cc:131] [Task #5: fused_nn_contrib_conv2d_NCHWc_add_nn_relu] Trial #121: GFLOPs: 126.5870. Time: 38.3109 us. Best GFLOPs: 172.2121
2024-05-19 15:16:03 [INFO] [task_scheduler.cc:131] [Task #5: fused_nn_contrib_conv2d_NCHWc_add_nn_relu] Trial #122: GFLOPs: 63.4415. Time: 76.4431 us. Best GFLOPs: 172.2121
2024-05-19 15:16:03 [INFO] [task_scheduler.cc:131] [Task #5: fused_nn_contrib_conv2d_NCHWc_add_nn_relu] Trial #123: GFLOPs: 79.9111. Time: 60.6882 us. Best GFLOPs: 172.2121
2024-05-19 15:16:03 [INFO] [task_scheduler.cc:131] [Task #5: fused_nn_contrib_conv2d_NCHWc_add_nn_relu] Trial #124: GFLOPs: 147.5959. Time: 32.8577 us. Best GFLOPs: 172.2121
2024-05-19 15:16:03 [INFO] [task_scheduler.cc:131] [Task #5: fused_nn_contrib_conv2d_NCHWc_add_nn_relu] Trial #125: GFLOPs: 133.6149. Time: 36.2958 us. Best GFLOPs: 172.2121
2024-05-19 15:16:03 [INFO] [task_scheduler.cc:131] [Task #5: fused_nn_contrib_conv2d_NCHWc_add_nn_relu] Trial #126: GFLOPs: 19.9498. Time: 243.0929 us. Best GFLOPs: 172.2121
2024-05-19 15:16:03 [INFO] [task_scheduler.cc:131] [Task #5: fused_nn_contrib_conv2d_NCHWc_add_nn_relu] Trial #127: GFLOPs: 10.6802. Time: 454.0814 us. Best GFLOPs: 172.2121
2024-05-19 15:16:03 [INFO] [task_scheduler.cc:131] [Task #5: fused_nn_contrib_conv2d_NCHWc_add_nn_relu] Trial #128: GFLOPs: 13.5962. Time: 356.6917 us. Best GFLOPs: 172.2121
2024-05-19 16:10:35 [INFO] [evolutionary_search.cc:713] Generating candidates......
2024-05-19 16:10:35 [INFO] [evolutionary_search.cc:715] Picked top 102 candidate(s) from database
2024-05-19 16:10:38 [INFO] [evolutionary_search.cc:533] Sample-Init-Population summary:
Postproc #0 [meta_schedule.DisallowDynamicLoop(0xc0617d8)]: 0 failure(s)
Postproc #1 [meta_schedule.RewriteParallelVectorizeUnroll(0x13872898)]: 0 failure(s)
Postproc #2 [meta_schedule.RewriteReductionBlock(0x14baf968)]: 0 failure(s)
Postproc #3 [meta_schedule.RewriteLayout(0xc9b4b28)]: 0 failure(s)
2024-05-19 16:10:38 [INFO] [evolutionary_search.cc:723] Sampled 410 candidate(s)
2024-05-19 16:10:43 [INFO] [evolutionary_search.cc:621] Evolve iter #0 done. Summary:
Postproc #0 [meta_schedule.DisallowDynamicLoop(0xc0617d8)]: 0 failure(s)
Postproc #1 [meta_schedule.RewriteParallelVectorizeUnroll(0x13872898)]: 0 failure(s)
Postproc #2 [meta_schedule.RewriteReductionBlock(0x14baf968)]: 0 failure(s)
Postproc #3 [meta_schedule.RewriteLayout(0xc9b4b28)]: 0 failure(s)
2024-05-19 16:10:48 [INFO] [evolutionary_search.cc:621] Evolve iter #1 done. Summary:
Postproc #0 [meta_schedule.DisallowDynamicLoop(0xc0617d8)]: 0 failure(s)
Postproc #1 [meta_schedule.RewriteParallelVectorizeUnroll(0x13872898)]: 0 failure(s)
Postproc #2 [meta_schedule.RewriteReductionBlock(0x14baf968)]: 0 failure(s)
Postproc #3 [meta_schedule.RewriteLayout(0xc9b4b28)]: 0 failure(s)
2024-05-19 16:10:54 [INFO] [evolutionary_search.cc:621] Evolve iter #2 done. Summary:
Postproc #0 [meta_schedule.DisallowDynamicLoop(0xc0617d8)]: 0 failure(s)
Postproc #1 [meta_schedule.RewriteParallelVectorizeUnroll(0x13872898)]: 0 failure(s)
Postproc #2 [meta_schedule.RewriteReductionBlock(0x14baf968)]: 0 failure(s)
Postproc #3 [meta_schedule.RewriteLayout(0xc9b4b28)]: 0 failure(s)
2024-05-19 16:10:59 [INFO] [evolutionary_search.cc:621] Evolve iter #3 done. Summary:
Postproc #0 [meta_schedule.DisallowDynamicLoop(0xc0617d8)]: 0 failure(s)
Postproc #1 [meta_schedule.RewriteParallelVectorizeUnroll(0x13872898)]: 0 failure(s)
Postproc #2 [meta_schedule.RewriteReductionBlock(0x14baf968)]: 0 failure(s)
Postproc #3 [meta_schedule.RewriteLayout(0xc9b4b28)]: 0 failure(s)
2024-05-19 16:11:02 [INFO] [evolutionary_search.cc:649] Scores of the best 64 candidates:
[1 : 16]:	1.0258  0.9905  0.9905  0.9743  0.9657  0.9581  0.9208  0.9189  0.9085  0.9024  0.8977  0.8760  0.8692  0.8682  0.8670  0.8594
[17 : 32]:	0.8452  0.8404  0.8396  0.8370  0.8354  0.8334  0.8322  0.8310  0.8310  0.8310  0.8310  0.8310  0.8310  0.8303  0.8296  0.8265
[33 : 48]:	0.8255  0.8255  0.8255  0.8223  0.8222  0.8219  0.8177  0.8177  0.8155  0.8106  0.8106  0.8103  0.8103  0.8103  0.8071  0.8068
[49 : 64]:	0.8067  0.8059  0.8044  0.8044  0.8044  0.8044  0.8042  0.8026  0.8026  0.7990  0.7929  0.7911  0.7908  0.7905  0.7894  0.7894
2024-05-19 16:11:02 [INFO] [evolutionary_search.cc:727] Got 64 candidate(s) with evolutionary search
2024-05-19 16:11:02 [INFO] [evolutionary_search.cc:730] Sending 64 candidates(s) for measurement
2024-05-19 16:12:57 [INFO] [task_scheduler.cc:131] [Task #5: fused_nn_contrib_conv2d_NCHWc_add_nn_relu] Trial #129: GFLOPs: 152.9447. Time: 31.7086 us. Best GFLOPs: 172.2121
2024-05-19 16:12:57 [INFO] [task_scheduler.cc:131] [Task #5: fused_nn_contrib_conv2d_NCHWc_add_nn_relu] Trial #130: GFLOPs: 145.9771. Time: 33.2221 us. Best GFLOPs: 172.2121
2024-05-19 16:12:57 [INFO] [task_scheduler.cc:131] [Task #5: fused_nn_contrib_conv2d_NCHWc_add_nn_relu] Trial #131: GFLOPs: 128.4292. Time: 37.7614 us. Best GFLOPs: 172.2121
2024-05-19 16:12:57 [INFO] [task_scheduler.cc:131] [Task #5: fused_nn_contrib_conv2d_NCHWc_add_nn_relu] Trial #132: GFLOPs: 150.0949. Time: 32.3106 us. Best GFLOPs: 172.2121
2024-05-19 16:12:57 [INFO] [task_scheduler.cc:131] [Task #5: fused_nn_contrib_conv2d_NCHWc_add_nn_relu] Trial #133: GFLOPs: 68.7668. Time: 70.5233 us. Best GFLOPs: 172.2121
2024-05-19 16:12:57 [INFO] [task_scheduler.cc:131] [Task #5: fused_nn_contrib_conv2d_NCHWc_add_nn_relu] Trial #134: GFLOPs: 158.2212. Time: 30.6512 us. Best GFLOPs: 172.2121
2024-05-19 16:12:57 [INFO] [task_scheduler.cc:131] [Task #5: fused_nn_contrib_conv2d_NCHWc_add_nn_relu] Trial #135: GFLOPs: 133.2676. Time: 36.3904 us. Best GFLOPs: 172.2121
2024-05-19 16:12:57 [INFO] [task_scheduler.cc:131] [Task #5: fused_nn_contrib_conv2d_NCHWc_add_nn_relu] Trial #136: GFLOPs: 133.9095. Time: 36.2160 us. Best GFLOPs: 172.2121
2024-05-19 16:12:57 [INFO] [task_scheduler.cc:131] [Task #5: fused_nn_contrib_conv2d_NCHWc_add_nn_relu] Trial #137: GFLOPs: 149.9355. Time: 32.3450 us. Best GFLOPs: 172.2121
2024-05-19 16:12:57 [INFO] [task_scheduler.cc:131] [Task #5: fused_nn_contrib_conv2d_NCHWc_add_nn_relu] Trial #138: GFLOPs: 135.2060. Time: 35.8687 us. Best GFLOPs: 172.2121
2024-05-19 16:12:57 [INFO] [task_scheduler.cc:131] [Task #5: fused_nn_contrib_conv2d_NCHWc_add_nn_relu] Trial #139: GFLOPs: 180.3846. Time: 26.8851 us. Best GFLOPs: 180.3846
2024-05-19 16:12:57 [INFO] [task_scheduler.cc:131] [Task #5: fused_nn_contrib_conv2d_NCHWc_add_nn_relu] Trial #140: GFLOPs: 188.6742. Time: 25.7039 us. Best GFLOPs: 188.6742
2024-05-19 16:12:57 [INFO] [task_scheduler.cc:131] [Task #5: fused_nn_contrib_conv2d_NCHWc_add_nn_relu] Trial #141: GFLOPs: 158.6187. Time: 30.5744 us. Best GFLOPs: 188.6742
2024-05-19 16:12:57 [INFO] [task_scheduler.cc:131] [Task #5: fused_nn_contrib_conv2d_NCHWc_add_nn_relu] Trial #142: GFLOPs: 161.8014. Time: 29.9729 us. Best GFLOPs: 188.6742
2024-05-19 16:12:57 [INFO] [task_scheduler.cc:131] [Task #5: fused_nn_contrib_conv2d_NCHWc_add_nn_relu] Trial #143: GFLOPs: 158.1974. Time: 30.6558 us. Best GFLOPs: 188.6742
2024-05-19 16:12:57 [INFO] [task_scheduler.cc:131] [Task #5: fused_nn_contrib_conv2d_NCHWc_add_nn_relu] Trial #144: GFLOPs: 113.3192. Time: 42.7965 us. Best GFLOPs: 188.6742
2024-05-19 16:12:57 [INFO] [task_scheduler.cc:131] [Task #5: fused_nn_contrib_conv2d_NCHWc_add_nn_relu] Trial #145: GFLOPs: 145.2508. Time: 33.3882 us. Best GFLOPs: 188.6742
2024-05-19 16:12:57 [INFO] [task_scheduler.cc:131] [Task #5: fused_nn_contrib_conv2d_NCHWc_add_nn_relu] Trial #146: GFLOPs: 122.0525. Time: 39.7342 us. Best GFLOPs: 188.6742
2024-05-19 16:12:57 [INFO] [task_scheduler.cc:131] [Task #5: fused_nn_contrib_conv2d_NCHWc_add_nn_relu] Trial #147: GFLOPs: 154.8205. Time: 31.3244 us. Best GFLOPs: 188.6742
2024-05-19 16:12:57 [INFO] [task_scheduler.cc:131] [Task #5: fused_nn_contrib_conv2d_NCHWc_add_nn_relu] Trial #148: GFLOPs: 104.3602. Time: 46.4704 us. Best GFLOPs: 188.6742
2024-05-19 16:12:57 [INFO] [task_scheduler.cc:131] [Task #5: fused_nn_contrib_conv2d_NCHWc_add_nn_relu] Trial #149: GFLOPs: 174.9044. Time: 27.7275 us. Best GFLOPs: 188.6742
2024-05-19 16:12:57 [INFO] [task_scheduler.cc:131] [Task #5: fused_nn_contrib_conv2d_NCHWc_add_nn_relu] Trial #150: GFLOPs: 147.9006. Time: 32.7900 us. Best GFLOPs: 188.6742
2024-05-19 16:12:57 [INFO] [task_scheduler.cc:131] [Task #5: fused_nn_contrib_conv2d_NCHWc_add_nn_relu] Trial #151: GFLOPs: 168.8569. Time: 28.7206 us. Best GFLOPs: 188.6742
2024-05-19 16:12:57 [INFO] [task_scheduler.cc:131] [Task #5: fused_nn_contrib_conv2d_NCHWc_add_nn_relu] Trial #152: GFLOPs: 140.3206. Time: 34.5613 us. Best GFLOPs: 188.6742
2024-05-19 16:12:57 [INFO] [task_scheduler.cc:131] [Task #5: fused_nn_contrib_conv2d_NCHWc_add_nn_relu] Trial #153: GFLOPs: 137.5212. Time: 35.2648 us. Best GFLOPs: 188.6742
2024-05-19 16:12:57 [INFO] [task_scheduler.cc:131] [Task #5: fused_nn_contrib_conv2d_NCHWc_add_nn_relu] Trial #154: GFLOPs: 141.1594. Time: 34.3559 us. Best GFLOPs: 188.6742
2024-05-19 16:12:57 [INFO] [task_scheduler.cc:131] [Task #5: fused_nn_contrib_conv2d_NCHWc_add_nn_relu] Trial #155: GFLOPs: 169.8941. Time: 28.5452 us. Best GFLOPs: 188.6742
2024-05-19 16:12:57 [INFO] [task_scheduler.cc:131] [Task #5: fused_nn_contrib_conv2d_NCHWc_add_nn_relu] Trial #156: GFLOPs: 138.3305. Time: 35.0585 us. Best GFLOPs: 188.6742
2024-05-19 16:12:57 [INFO] [task_scheduler.cc:131] [Task #5: fused_nn_contrib_conv2d_NCHWc_add_nn_relu] Trial #157: GFLOPs: 127.3288. Time: 38.0877 us. Best GFLOPs: 188.6742
2024-05-19 16:12:57 [INFO] [task_scheduler.cc:131] [Task #5: fused_nn_contrib_conv2d_NCHWc_add_nn_relu] Trial #158: GFLOPs: 150.0547. Time: 32.3193 us. Best GFLOPs: 188.6742
2024-05-19 16:12:57 [INFO] [task_scheduler.cc:131] [Task #5: fused_nn_contrib_conv2d_NCHWc_add_nn_relu] Trial #159: GFLOPs: 124.8651. Time: 38.8392 us. Best GFLOPs: 188.6742
2024-05-19 16:12:57 [INFO] [task_scheduler.cc:131] [Task #5: fused_nn_contrib_conv2d_NCHWc_add_nn_relu] Trial #160: GFLOPs: 118.5271. Time: 40.9161 us. Best GFLOPs: 188.6742
2024-05-19 16:12:57 [INFO] [task_scheduler.cc:131] [Task #5: fused_nn_contrib_conv2d_NCHWc_add_nn_relu] Trial #161: GFLOPs: 93.7059. Time: 51.7541 us. Best GFLOPs: 188.6742
2024-05-19 16:12:57 [INFO] [task_scheduler.cc:131] [Task #5: fused_nn_contrib_conv2d_NCHWc_add_nn_relu] Trial #162: GFLOPs: 79.6741. Time: 60.8688 us. Best GFLOPs: 188.6742
2024-05-19 16:12:57 [INFO] [task_scheduler.cc:131] [Task #5: fused_nn_contrib_conv2d_NCHWc_add_nn_relu] Trial #163: GFLOPs: 148.3949. Time: 32.6808 us. Best GFLOPs: 188.6742
2024-05-19 16:12:57 [INFO] [task_scheduler.cc:131] [Task #5: fused_nn_contrib_conv2d_NCHWc_add_nn_relu] Trial #164: GFLOPs: 127.0468. Time: 38.1723 us. Best GFLOPs: 188.6742
2024-05-19 16:12:57 [INFO] [task_scheduler.cc:131] [Task #5: fused_nn_contrib_conv2d_NCHWc_add_nn_relu] Trial #165: GFLOPs: 119.5876. Time: 40.5532 us. Best GFLOPs: 188.6742
2024-05-19 16:12:57 [INFO] [task_scheduler.cc:131] [Task #5: fused_nn_contrib_conv2d_NCHWc_add_nn_relu] Trial #166: GFLOPs: 140.9547. Time: 34.4058 us. Best GFLOPs: 188.6742
2024-05-19 16:12:57 [INFO] [task_scheduler.cc:131] [Task #5: fused_nn_contrib_conv2d_NCHWc_add_nn_relu] Trial #167: GFLOPs: 147.5070. Time: 32.8775 us. Best GFLOPs: 188.6742
2024-05-19 16:12:57 [INFO] [task_scheduler.cc:131] [Task #5: fused_nn_contrib_conv2d_NCHWc_add_nn_relu] Trial #168: GFLOPs: 142.5029. Time: 34.0320 us. Best GFLOPs: 188.6742
2024-05-19 16:12:57 [INFO] [task_scheduler.cc:131] [Task #5: fused_nn_contrib_conv2d_NCHWc_add_nn_relu] Trial #169: GFLOPs: 163.8870. Time: 29.5915 us. Best GFLOPs: 188.6742
2024-05-19 16:12:57 [INFO] [task_scheduler.cc:131] [Task #5: fused_nn_contrib_conv2d_NCHWc_add_nn_relu] Trial #170: GFLOPs: 118.8166. Time: 40.8164 us. Best GFLOPs: 188.6742
2024-05-19 16:12:57 [INFO] [task_scheduler.cc:131] [Task #5: fused_nn_contrib_conv2d_NCHWc_add_nn_relu] Trial #171: GFLOPs: 121.0029. Time: 40.0789 us. Best GFLOPs: 188.6742
2024-05-19 16:12:57 [INFO] [task_scheduler.cc:131] [Task #5: fused_nn_contrib_conv2d_NCHWc_add_nn_relu] Trial #172: GFLOPs: 147.5023. Time: 32.8786 us. Best GFLOPs: 188.6742
2024-05-19 16:12:57 [INFO] [task_scheduler.cc:131] [Task #5: fused_nn_contrib_conv2d_NCHWc_add_nn_relu] Trial #173: GFLOPs: 127.6891. Time: 37.9803 us. Best GFLOPs: 188.6742
2024-05-19 16:12:57 [INFO] [task_scheduler.cc:131] [Task #5: fused_nn_contrib_conv2d_NCHWc_add_nn_relu] Trial #174: GFLOPs: 148.4790. Time: 32.6623 us. Best GFLOPs: 188.6742
2024-05-19 16:12:57 [INFO] [task_scheduler.cc:131] [Task #5: fused_nn_contrib_conv2d_NCHWc_add_nn_relu] Trial #175: GFLOPs: 94.5581. Time: 51.2876 us. Best GFLOPs: 188.6742
2024-05-19 16:12:57 [INFO] [task_scheduler.cc:131] [Task #5: fused_nn_contrib_conv2d_NCHWc_add_nn_relu] Trial #176: GFLOPs: 174.7200. Time: 27.7568 us. Best GFLOPs: 188.6742
2024-05-19 16:12:57 [INFO] [task_scheduler.cc:131] [Task #5: fused_nn_contrib_conv2d_NCHWc_add_nn_relu] Trial #177: GFLOPs: 130.8541. Time: 37.0616 us. Best GFLOPs: 188.6742
2024-05-19 16:12:57 [INFO] [task_scheduler.cc:131] [Task #5: fused_nn_contrib_conv2d_NCHWc_add_nn_relu] Trial #178: GFLOPs: 121.2839. Time: 39.9861 us. Best GFLOPs: 188.6742
2024-05-19 16:12:57 [INFO] [task_scheduler.cc:131] [Task #5: fused_nn_contrib_conv2d_NCHWc_add_nn_relu] Trial #179: GFLOPs: 143.5587. Time: 33.7818 us. Best GFLOPs: 188.6742
2024-05-19 16:12:57 [INFO] [task_scheduler.cc:131] [Task #5: fused_nn_contrib_conv2d_NCHWc_add_nn_relu] Trial #180: GFLOPs: 118.6454. Time: 40.8753 us. Best GFLOPs: 188.6742
2024-05-19 16:12:57 [INFO] [task_scheduler.cc:131] [Task #5: fused_nn_contrib_conv2d_NCHWc_add_nn_relu] Trial #181: GFLOPs: 142.1967. Time: 34.1053 us. Best GFLOPs: 188.6742
2024-05-19 16:12:57 [INFO] [task_scheduler.cc:131] [Task #5: fused_nn_contrib_conv2d_NCHWc_add_nn_relu] Trial #182: GFLOPs: 139.8667. Time: 34.6735 us. Best GFLOPs: 188.6742
2024-05-19 16:12:57 [INFO] [task_scheduler.cc:131] [Task #5: fused_nn_contrib_conv2d_NCHWc_add_nn_relu] Trial #183: GFLOPs: 147.1324. Time: 32.9612 us. Best GFLOPs: 188.6742
2024-05-19 16:12:57 [INFO] [task_scheduler.cc:131] [Task #5: fused_nn_contrib_conv2d_NCHWc_add_nn_relu] Trial #184: GFLOPs: 145.7714. Time: 33.2690 us. Best GFLOPs: 188.6742
2024-05-19 16:12:57 [INFO] [task_scheduler.cc:131] [Task #5: fused_nn_contrib_conv2d_NCHWc_add_nn_relu] Trial #185: GFLOPs: 155.7614. Time: 31.1352 us. Best GFLOPs: 188.6742
2024-05-19 16:12:57 [INFO] [task_scheduler.cc:131] [Task #5: fused_nn_contrib_conv2d_NCHWc_add_nn_relu] Trial #186: GFLOPs: 188.7771. Time: 25.6899 us. Best GFLOPs: 188.7771
2024-05-19 16:12:57 [INFO] [task_scheduler.cc:131] [Task #5: fused_nn_contrib_conv2d_NCHWc_add_nn_relu] Trial #187: GFLOPs: 88.9643. Time: 54.5125 us. Best GFLOPs: 188.7771
2024-05-19 16:12:57 [INFO] [task_scheduler.cc:131] [Task #5: fused_nn_contrib_conv2d_NCHWc_add_nn_relu] Trial #188: GFLOPs: 154.9134. Time: 31.3057 us. Best GFLOPs: 188.7771
2024-05-19 16:12:57 [INFO] [task_scheduler.cc:131] [Task #5: fused_nn_contrib_conv2d_NCHWc_add_nn_relu] Trial #189: GFLOPs: 84.2016. Time: 57.5958 us. Best GFLOPs: 188.7771
2024-05-19 16:12:57 [INFO] [task_scheduler.cc:131] [Task #5: fused_nn_contrib_conv2d_NCHWc_add_nn_relu] Trial #190: GFLOPs: 12.2253. Time: 396.6900 us. Best GFLOPs: 188.7771
2024-05-19 16:12:57 [INFO] [task_scheduler.cc:131] [Task #5: fused_nn_contrib_conv2d_NCHWc_add_nn_relu] Trial #191: GFLOPs: 20.1809. Time: 240.3095 us. Best GFLOPs: 188.7771
2024-05-19 16:12:57 [INFO] [task_scheduler.cc:131] [Task #5: fused_nn_contrib_conv2d_NCHWc_add_nn_relu] Trial #192: GFLOPs: 25.0268. Time: 193.7786 us. Best GFLOPs: 188.7771
