2024-05-19 13:28:35 [INFO] [task_scheduler.cc:160] Initializing Task #2: "fused_nn_contrib_conv2d_NCHWc_add_2"
2024-05-19 13:28:35 [INFO] [task_scheduler.cc:35] 
# from tvm.script import ir as I
# from tvm.script import tir as T

@I.ir_module
class Module:
    @T.prim_func
    def main(p0: T.Buffer((T.int64(1), T.int64(32), T.int64(8), T.int64(8), T.int64(8)), "float32"), p1: T.Buffer((T.int64(64), T.int64(32), T.int64(1), T.int64(1), T.int64(8), T.int64(8)), "float32"), p2: T.Buffer((T.int64(1), T.int64(64), T.int64(1), T.int64(1), T.int64(8)), "float32"), T_add: T.Buffer((T.int64(1), T.int64(64), T.int64(4), T.int64(4), T.int64(8)), "float32")):
        T.func_attr({"tir.noalias": T.bool(True)})
        # with T.block("root"):
        conv2d_NCHWc = T.alloc_buffer((T.int64(1), T.int64(64), T.int64(4), T.int64(4), T.int64(8)))
        for n, oc_chunk, oh, ow, oc_block, ic, kh, kw in T.grid(T.int64(1), T.int64(64), T.int64(4), T.int64(4), T.int64(8), T.int64(256), T.int64(1), T.int64(1)):
            with T.block("conv2d_NCHWc"):
                v_n, v_oc_chunk, v_oh, v_ow, v_oc_block, v_ic, v_kh, v_kw = T.axis.remap("SSSSSRRR", [n, oc_chunk, oh, ow, oc_block, ic, kh, kw])
                T.reads(p0[v_n, v_ic // T.int64(8), v_oh * T.int64(2) + v_kh, v_ow * T.int64(2) + v_kw, v_ic % T.int64(8)], p1[v_oc_chunk, v_ic // T.int64(8), v_kh, v_kw, v_ic % T.int64(8), v_oc_block])
                T.writes(conv2d_NCHWc[v_n, v_oc_chunk, v_oh, v_ow, v_oc_block])
                with T.init():
                    conv2d_NCHWc[v_n, v_oc_chunk, v_oh, v_ow, v_oc_block] = T.float32(0)
                conv2d_NCHWc[v_n, v_oc_chunk, v_oh, v_ow, v_oc_block] = conv2d_NCHWc[v_n, v_oc_chunk, v_oh, v_ow, v_oc_block] + p0[v_n, v_ic // T.int64(8), v_oh * T.int64(2) + v_kh, v_ow * T.int64(2) + v_kw, v_ic % T.int64(8)] * p1[v_oc_chunk, v_ic // T.int64(8), v_kh, v_kw, v_ic % T.int64(8), v_oc_block]
        for ax0, ax1, ax2, ax3, ax4 in T.grid(T.int64(1), T.int64(64), T.int64(4), T.int64(4), T.int64(8)):
            with T.block("T_add"):
                v_ax0, v_ax1, v_ax2, v_ax3, v_ax4 = T.axis.remap("SSSSS", [ax0, ax1, ax2, ax3, ax4])
                T.reads(conv2d_NCHWc[v_ax0, v_ax1, v_ax2, v_ax3, v_ax4], p2[v_ax0, v_ax1, T.int64(0), T.int64(0), v_ax4])
                T.writes(T_add[v_ax0, v_ax1, v_ax2, v_ax3, v_ax4])
                T_add[v_ax0, v_ax1, v_ax2, v_ax3, v_ax4] = conv2d_NCHWc[v_ax0, v_ax1, v_ax2, v_ax3, v_ax4] + p2[v_ax0, v_ax1, T.int64(0), T.int64(0), v_ax4]
2024-05-19 13:28:35 [INFO] [task_scheduler.cc:164] Total 3 design space(s) generated
2024-05-19 13:28:35 [INFO] [task_scheduler.cc:170] Design space #0:
# from tvm.script import ir as I
# from tvm.script import tir as T

@I.ir_module
class Module:
    @T.prim_func
    def main(p0: T.Buffer((T.int64(1), T.int64(32), T.int64(8), T.int64(8), T.int64(8)), "float32"), p1: T.Buffer((T.int64(64), T.int64(32), T.int64(1), T.int64(1), T.int64(8), T.int64(8)), "float32"), p2: T.Buffer((T.int64(1), T.int64(64), T.int64(1), T.int64(1), T.int64(8)), "float32"), T_add: T.Buffer((T.int64(1), T.int64(64), T.int64(4), T.int64(4), T.int64(8)), "float32")):
        T.func_attr({"tir.noalias": T.bool(True)})
        with T.block("root"):
            T.reads()
            T.writes()
            T.block_attr({"meta_schedule.parallel": 96, "meta_schedule.unroll_explicit": 16, "meta_schedule.vectorize": 64})
            conv2d_NCHWc = T.alloc_buffer((T.int64(1), T.int64(64), T.int64(4), T.int64(4), T.int64(8)))
            for n_0, oc_chunk_0, oh_0, ow_0, oc_block_0, n_1, oc_chunk_1, oh_1, ow_1, oc_block_1, ic_0, kh_0, kw_0, n_2, oc_chunk_2, oh_2, ow_2, oc_block_2, ic_1, kh_1, kw_1, n_3, oc_chunk_3, oh_3, ow_3, oc_block_3 in T.grid(T.int64(1), T.int64(1), T.int64(4), T.int64(2), T.int64(1), T.int64(1), T.int64(32), T.int64(1), T.int64(2), T.int64(1), T.int64(128), T.int64(1), T.int64(1), T.int64(1), T.int64(2), T.int64(1), T.int64(1), T.int64(4), T.int64(2), T.int64(1), T.int64(1), T.int64(1), T.int64(1), T.int64(1), T.int64(1), T.int64(2)):
                with T.block("conv2d_NCHWc"):
                    v_n = T.axis.spatial(T.int64(1), n_0 + n_1 + n_2 + n_3)
                    v_oc_chunk = T.axis.spatial(T.int64(64), oc_chunk_0 * T.int64(64) + oc_chunk_1 * T.int64(2) + oc_chunk_2 + oc_chunk_3)
                    v_oh = T.axis.spatial(T.int64(4), oh_0 + oh_1 + oh_2 + oh_3)
                    v_ow = T.axis.spatial(T.int64(4), ow_0 * T.int64(2) + ow_1 + ow_2 + ow_3)
                    v_oc_block = T.axis.spatial(T.int64(8), oc_block_0 * T.int64(8) + oc_block_1 * T.int64(8) + oc_block_2 * T.int64(2) + oc_block_3)
                    v_ic = T.axis.reduce(T.int64(256), ic_0 * T.int64(2) + ic_1)
                    v_kh = T.axis.reduce(T.int64(1), kh_0 + kh_1)
                    v_kw = T.axis.reduce(T.int64(1), kw_0 + kw_1)
                    T.reads(p0[v_n, v_ic // T.int64(8), v_oh * T.int64(2) + v_kh, v_ow * T.int64(2) + v_kw, v_ic % T.int64(8)], p1[v_oc_chunk, v_ic // T.int64(8), v_kh, v_kw, v_ic % T.int64(8), v_oc_block])
                    T.writes(conv2d_NCHWc[v_n, v_oc_chunk, v_oh, v_ow, v_oc_block])
                    T.block_attr({"meta_schedule.tiling_structure": "SSRSRS"})
                    with T.init():
                        conv2d_NCHWc[v_n, v_oc_chunk, v_oh, v_ow, v_oc_block] = T.float32(0)
                    conv2d_NCHWc[v_n, v_oc_chunk, v_oh, v_ow, v_oc_block] = conv2d_NCHWc[v_n, v_oc_chunk, v_oh, v_ow, v_oc_block] + p0[v_n, v_ic // T.int64(8), v_oh * T.int64(2) + v_kh, v_ow * T.int64(2) + v_kw, v_ic % T.int64(8)] * p1[v_oc_chunk, v_ic // T.int64(8), v_kh, v_kw, v_ic % T.int64(8), v_oc_block]
            for ax0, ax1, ax2, ax3, ax4 in T.grid(T.int64(1), T.int64(64), T.int64(4), T.int64(4), T.int64(8)):
                with T.block("T_add"):
                    v_ax0, v_ax1, v_ax2, v_ax3, v_ax4 = T.axis.remap("SSSSS", [ax0, ax1, ax2, ax3, ax4])
                    T.reads(conv2d_NCHWc[v_ax0, v_ax1, v_ax2, v_ax3, v_ax4], p2[v_ax0, v_ax1, T.int64(0), T.int64(0), v_ax4])
                    T.writes(T_add[v_ax0, v_ax1, v_ax2, v_ax3, v_ax4])
                    T_add[v_ax0, v_ax1, v_ax2, v_ax3, v_ax4] = conv2d_NCHWc[v_ax0, v_ax1, v_ax2, v_ax3, v_ax4] + p2[v_ax0, v_ax1, T.int64(0), T.int64(0), v_ax4]
b0 = sch.get_block(name="conv2d_NCHWc", func_name="main")
b1 = sch.get_block(name="root", func_name="main")
sch.annotate(block_or_loop=b0, ann_key="meta_schedule.tiling_structure", ann_val="SSRSRS")
l2, l3, l4, l5, l6, l7, l8, l9 = sch.get_loops(block=b0)
v10, v11, v12, v13 = sch.sample_perfect_tile(loop=l2, n=4, max_innermost_factor=64, decision=[1, 1, 1, 1])
l14, l15, l16, l17 = sch.split(loop=l2, factors=[v10, v11, v12, v13], preserve_unit_iters=True, disable_predication=False)
v18, v19, v20, v21 = sch.sample_perfect_tile(loop=l3, n=4, max_innermost_factor=64, decision=[1, 32, 2, 1])
l22, l23, l24, l25 = sch.split(loop=l3, factors=[v18, v19, v20, v21], preserve_unit_iters=True, disable_predication=False)
v26, v27, v28, v29 = sch.sample_perfect_tile(loop=l4, n=4, max_innermost_factor=64, decision=[4, 1, 1, 1])
l30, l31, l32, l33 = sch.split(loop=l4, factors=[v26, v27, v28, v29], preserve_unit_iters=True, disable_predication=False)
v34, v35, v36, v37 = sch.sample_perfect_tile(loop=l5, n=4, max_innermost_factor=64, decision=[2, 2, 1, 1])
l38, l39, l40, l41 = sch.split(loop=l5, factors=[v34, v35, v36, v37], preserve_unit_iters=True, disable_predication=False)
v42, v43, v44, v45 = sch.sample_perfect_tile(loop=l6, n=4, max_innermost_factor=64, decision=[1, 1, 4, 2])
l46, l47, l48, l49 = sch.split(loop=l6, factors=[v42, v43, v44, v45], preserve_unit_iters=True, disable_predication=False)
v50, v51 = sch.sample_perfect_tile(loop=l7, n=2, max_innermost_factor=64, decision=[128, 2])
l52, l53 = sch.split(loop=l7, factors=[v50, v51], preserve_unit_iters=True, disable_predication=False)
v54, v55 = sch.sample_perfect_tile(loop=l8, n=2, max_innermost_factor=64, decision=[1, 1])
l56, l57 = sch.split(loop=l8, factors=[v54, v55], preserve_unit_iters=True, disable_predication=False)
v58, v59 = sch.sample_perfect_tile(loop=l9, n=2, max_innermost_factor=64, decision=[1, 1])
l60, l61 = sch.split(loop=l9, factors=[v58, v59], preserve_unit_iters=True, disable_predication=False)
sch.reorder(l14, l22, l30, l38, l46, l15, l23, l31, l39, l47, l52, l56, l60, l16, l24, l32, l40, l48, l53, l57, l61, l17, l25, l33, l41, l49)
sch.annotate(block_or_loop=b1, ann_key="meta_schedule.parallel", ann_val=96)
sch.annotate(block_or_loop=b1, ann_key="meta_schedule.vectorize", ann_val=64)
v62 = sch.sample_categorical(candidates=[0, 16, 64, 512], probs=[0.25, 0.25, 0.25, 0.25], decision=1)
sch.annotate(block_or_loop=b1, ann_key="meta_schedule.unroll_explicit", ann_val=v62)
2024-05-19 13:28:35 [INFO] [task_scheduler.cc:170] Design space #1:
# from tvm.script import ir as I
# from tvm.script import tir as T

@I.ir_module
class Module:
    @T.prim_func
    def main(p0: T.Buffer((T.int64(1), T.int64(32), T.int64(8), T.int64(8), T.int64(8)), "float32"), p1: T.Buffer((T.int64(64), T.int64(32), T.int64(1), T.int64(1), T.int64(8), T.int64(8)), "float32"), p2: T.Buffer((T.int64(1), T.int64(64), T.int64(1), T.int64(1), T.int64(8)), "float32"), T_add: T.Buffer((T.int64(1), T.int64(64), T.int64(4), T.int64(4), T.int64(8)), "float32")):
        T.func_attr({"tir.noalias": T.bool(True)})
        with T.block("root"):
            T.reads()
            T.writes()
            T.block_attr({"meta_schedule.parallel": 96, "meta_schedule.unroll_explicit": 64, "meta_schedule.vectorize": 64})
            conv2d_NCHWc = T.alloc_buffer((T.int64(1), T.int64(64), T.int64(4), T.int64(4), T.int64(8)))
            for n_0, oc_chunk_0, oh_0, ow_0, oc_block_0, n_1, oc_chunk_1, oh_1, ow_1, oc_block_1 in T.grid(T.int64(1), T.int64(1), T.int64(4), T.int64(2), T.int64(1), T.int64(1), T.int64(32), T.int64(1), T.int64(2), T.int64(1)):
                for ic_0, kh_0, kw_0, n_2, oc_chunk_2, oh_2, ow_2, oc_block_2, ic_1, kh_1, kw_1, n_3, oc_chunk_3, oh_3, ow_3, oc_block_3 in T.grid(T.int64(128), T.int64(1), T.int64(1), T.int64(1), T.int64(2), T.int64(1), T.int64(1), T.int64(4), T.int64(2), T.int64(1), T.int64(1), T.int64(1), T.int64(1), T.int64(1), T.int64(1), T.int64(2)):
                    with T.block("conv2d_NCHWc"):
                        v_n = T.axis.spatial(T.int64(1), n_0 + n_1 + n_2 + n_3)
                        v_oc_chunk = T.axis.spatial(T.int64(64), oc_chunk_0 * T.int64(64) + oc_chunk_1 * T.int64(2) + oc_chunk_2 + oc_chunk_3)
                        v_oh = T.axis.spatial(T.int64(4), oh_0 + oh_1 + oh_2 + oh_3)
                        v_ow = T.axis.spatial(T.int64(4), ow_0 * T.int64(2) + ow_1 + ow_2 + ow_3)
                        v_oc_block = T.axis.spatial(T.int64(8), oc_block_0 * T.int64(8) + oc_block_1 * T.int64(8) + oc_block_2 * T.int64(2) + oc_block_3)
                        v_ic = T.axis.reduce(T.int64(256), ic_0 * T.int64(2) + ic_1)
                        v_kh = T.axis.reduce(T.int64(1), kh_0 + kh_1)
                        v_kw = T.axis.reduce(T.int64(1), kw_0 + kw_1)
                        T.reads(p0[v_n, v_ic // T.int64(8), v_oh * T.int64(2) + v_kh, v_ow * T.int64(2) + v_kw, v_ic % T.int64(8)], p1[v_oc_chunk, v_ic // T.int64(8), v_kh, v_kw, v_ic % T.int64(8), v_oc_block])
                        T.writes(conv2d_NCHWc[v_n, v_oc_chunk, v_oh, v_ow, v_oc_block])
                        T.block_attr({"meta_schedule.tiling_structure": "SSRSRS"})
                        with T.init():
                            conv2d_NCHWc[v_n, v_oc_chunk, v_oh, v_ow, v_oc_block] = T.float32(0)
                        conv2d_NCHWc[v_n, v_oc_chunk, v_oh, v_ow, v_oc_block] = conv2d_NCHWc[v_n, v_oc_chunk, v_oh, v_ow, v_oc_block] + p0[v_n, v_ic // T.int64(8), v_oh * T.int64(2) + v_kh, v_ow * T.int64(2) + v_kw, v_ic % T.int64(8)] * p1[v_oc_chunk, v_ic // T.int64(8), v_kh, v_kw, v_ic % T.int64(8), v_oc_block]
                for ax0, ax1, ax2, ax3, ax4 in T.grid(T.int64(1), T.int64(2), T.int64(1), T.int64(1), T.int64(8)):
                    with T.block("T_add"):
                        v_ax0 = T.axis.spatial(T.int64(1), ax0)
                        v_ax1 = T.axis.spatial(T.int64(64), oc_chunk_1 * T.int64(2) + ax1)
                        v_ax2 = T.axis.spatial(T.int64(4), oh_0 + ax2)
                        v_ax3 = T.axis.spatial(T.int64(4), ow_0 * T.int64(2) + ow_1 + ax3)
                        v_ax4 = T.axis.spatial(T.int64(8), ax4)
                        T.reads(conv2d_NCHWc[v_ax0, v_ax1, v_ax2, v_ax3, v_ax4], p2[v_ax0, v_ax1, T.int64(0), T.int64(0), v_ax4])
                        T.writes(T_add[v_ax0, v_ax1, v_ax2, v_ax3, v_ax4])
                        T_add[v_ax0, v_ax1, v_ax2, v_ax3, v_ax4] = conv2d_NCHWc[v_ax0, v_ax1, v_ax2, v_ax3, v_ax4] + p2[v_ax0, v_ax1, T.int64(0), T.int64(0), v_ax4]
b0 = sch.get_block(name="conv2d_NCHWc", func_name="main")
b1 = sch.get_block(name="root", func_name="main")
sch.annotate(block_or_loop=b0, ann_key="meta_schedule.tiling_structure", ann_val="SSRSRS")
l2, l3, l4, l5, l6, l7, l8, l9 = sch.get_loops(block=b0)
v10, v11, v12, v13 = sch.sample_perfect_tile(loop=l2, n=4, max_innermost_factor=64, decision=[1, 1, 1, 1])
l14, l15, l16, l17 = sch.split(loop=l2, factors=[v10, v11, v12, v13], preserve_unit_iters=True, disable_predication=False)
v18, v19, v20, v21 = sch.sample_perfect_tile(loop=l3, n=4, max_innermost_factor=64, decision=[1, 32, 2, 1])
l22, l23, l24, l25 = sch.split(loop=l3, factors=[v18, v19, v20, v21], preserve_unit_iters=True, disable_predication=False)
v26, v27, v28, v29 = sch.sample_perfect_tile(loop=l4, n=4, max_innermost_factor=64, decision=[4, 1, 1, 1])
l30, l31, l32, l33 = sch.split(loop=l4, factors=[v26, v27, v28, v29], preserve_unit_iters=True, disable_predication=False)
v34, v35, v36, v37 = sch.sample_perfect_tile(loop=l5, n=4, max_innermost_factor=64, decision=[2, 2, 1, 1])
l38, l39, l40, l41 = sch.split(loop=l5, factors=[v34, v35, v36, v37], preserve_unit_iters=True, disable_predication=False)
v42, v43, v44, v45 = sch.sample_perfect_tile(loop=l6, n=4, max_innermost_factor=64, decision=[1, 1, 4, 2])
l46, l47, l48, l49 = sch.split(loop=l6, factors=[v42, v43, v44, v45], preserve_unit_iters=True, disable_predication=False)
v50, v51 = sch.sample_perfect_tile(loop=l7, n=2, max_innermost_factor=64, decision=[128, 2])
l52, l53 = sch.split(loop=l7, factors=[v50, v51], preserve_unit_iters=True, disable_predication=False)
v54, v55 = sch.sample_perfect_tile(loop=l8, n=2, max_innermost_factor=64, decision=[1, 1])
l56, l57 = sch.split(loop=l8, factors=[v54, v55], preserve_unit_iters=True, disable_predication=False)
v58, v59 = sch.sample_perfect_tile(loop=l9, n=2, max_innermost_factor=64, decision=[1, 1])
l60, l61 = sch.split(loop=l9, factors=[v58, v59], preserve_unit_iters=True, disable_predication=False)
sch.reorder(l14, l22, l30, l38, l46, l15, l23, l31, l39, l47, l52, l56, l60, l16, l24, l32, l40, l48, l53, l57, l61, l17, l25, l33, l41, l49)
b62, = sch.get_consumers(block=b0)
sch.reverse_compute_at(block=b62, loop=l47, preserve_unit_loops=True, index=-1)
sch.annotate(block_or_loop=b1, ann_key="meta_schedule.parallel", ann_val=96)
sch.annotate(block_or_loop=b1, ann_key="meta_schedule.vectorize", ann_val=64)
v63 = sch.sample_categorical(candidates=[0, 16, 64, 512], probs=[0.25, 0.25, 0.25, 0.25], decision=2)
sch.annotate(block_or_loop=b1, ann_key="meta_schedule.unroll_explicit", ann_val=v63)
2024-05-19 13:28:35 [INFO] [task_scheduler.cc:170] Design space #2:
# from tvm.script import ir as I
# from tvm.script import tir as T

@I.ir_module
class Module:
    @T.prim_func
    def main(p0: T.Buffer((T.int64(1), T.int64(32), T.int64(8), T.int64(8), T.int64(8)), "float32"), p1: T.Buffer((T.int64(64), T.int64(32), T.int64(1), T.int64(1), T.int64(8), T.int64(8)), "float32"), p2: T.Buffer((T.int64(1), T.int64(64), T.int64(1), T.int64(1), T.int64(8)), "float32"), T_add: T.Buffer((T.int64(1), T.int64(64), T.int64(4), T.int64(4), T.int64(8)), "float32")):
        T.func_attr({"tir.noalias": T.bool(True)})
        with T.block("root"):
            T.reads()
            T.writes()
            T.block_attr({"meta_schedule.parallel": 96, "meta_schedule.unroll_explicit": 512, "meta_schedule.vectorize": 64})
            conv2d_NCHWc = T.alloc_buffer((T.int64(1), T.int64(64), T.int64(4), T.int64(4), T.int64(8)))
            for n_0, oc_chunk_0, oh_0, ow_0, oc_block_0 in T.grid(T.int64(1), T.int64(1), T.int64(4), T.int64(2), T.int64(1)):
                for n_1, oc_chunk_1, oh_1, ow_1, oc_block_1, ic_0, kh_0, kw_0, n_2, oc_chunk_2, oh_2, ow_2, oc_block_2, ic_1, kh_1, kw_1, n_3, oc_chunk_3, oh_3, ow_3, oc_block_3 in T.grid(T.int64(1), T.int64(32), T.int64(1), T.int64(2), T.int64(1), T.int64(128), T.int64(1), T.int64(1), T.int64(1), T.int64(2), T.int64(1), T.int64(1), T.int64(4), T.int64(2), T.int64(1), T.int64(1), T.int64(1), T.int64(1), T.int64(1), T.int64(1), T.int64(2)):
                    with T.block("conv2d_NCHWc"):
                        v_n = T.axis.spatial(T.int64(1), n_0 + n_1 + n_2 + n_3)
                        v_oc_chunk = T.axis.spatial(T.int64(64), oc_chunk_0 * T.int64(64) + oc_chunk_1 * T.int64(2) + oc_chunk_2 + oc_chunk_3)
                        v_oh = T.axis.spatial(T.int64(4), oh_0 + oh_1 + oh_2 + oh_3)
                        v_ow = T.axis.spatial(T.int64(4), ow_0 * T.int64(2) + ow_1 + ow_2 + ow_3)
                        v_oc_block = T.axis.spatial(T.int64(8), oc_block_0 * T.int64(8) + oc_block_1 * T.int64(8) + oc_block_2 * T.int64(2) + oc_block_3)
                        v_ic = T.axis.reduce(T.int64(256), ic_0 * T.int64(2) + ic_1)
                        v_kh = T.axis.reduce(T.int64(1), kh_0 + kh_1)
                        v_kw = T.axis.reduce(T.int64(1), kw_0 + kw_1)
                        T.reads(p0[v_n, v_ic // T.int64(8), v_oh * T.int64(2) + v_kh, v_ow * T.int64(2) + v_kw, v_ic % T.int64(8)], p1[v_oc_chunk, v_ic // T.int64(8), v_kh, v_kw, v_ic % T.int64(8), v_oc_block])
                        T.writes(conv2d_NCHWc[v_n, v_oc_chunk, v_oh, v_ow, v_oc_block])
                        T.block_attr({"meta_schedule.tiling_structure": "SSRSRS"})
                        with T.init():
                            conv2d_NCHWc[v_n, v_oc_chunk, v_oh, v_ow, v_oc_block] = T.float32(0)
                        conv2d_NCHWc[v_n, v_oc_chunk, v_oh, v_ow, v_oc_block] = conv2d_NCHWc[v_n, v_oc_chunk, v_oh, v_ow, v_oc_block] + p0[v_n, v_ic // T.int64(8), v_oh * T.int64(2) + v_kh, v_ow * T.int64(2) + v_kw, v_ic % T.int64(8)] * p1[v_oc_chunk, v_ic // T.int64(8), v_kh, v_kw, v_ic % T.int64(8), v_oc_block]
                for ax0, ax1, ax2, ax3, ax4 in T.grid(T.int64(1), T.int64(64), T.int64(1), T.int64(2), T.int64(8)):
                    with T.block("T_add"):
                        v_ax0, v_ax1 = T.axis.remap("SS", [ax0, ax1])
                        v_ax2 = T.axis.spatial(T.int64(4), oh_0 + ax2)
                        v_ax3 = T.axis.spatial(T.int64(4), ow_0 * T.int64(2) + ax3)
                        v_ax4 = T.axis.spatial(T.int64(8), ax4)
                        T.reads(conv2d_NCHWc[v_ax0, v_ax1, v_ax2, v_ax3, v_ax4], p2[v_ax0, v_ax1, T.int64(0), T.int64(0), v_ax4])
                        T.writes(T_add[v_ax0, v_ax1, v_ax2, v_ax3, v_ax4])
                        T_add[v_ax0, v_ax1, v_ax2, v_ax3, v_ax4] = conv2d_NCHWc[v_ax0, v_ax1, v_ax2, v_ax3, v_ax4] + p2[v_ax0, v_ax1, T.int64(0), T.int64(0), v_ax4]
b0 = sch.get_block(name="conv2d_NCHWc", func_name="main")
b1 = sch.get_block(name="root", func_name="main")
sch.annotate(block_or_loop=b0, ann_key="meta_schedule.tiling_structure", ann_val="SSRSRS")
l2, l3, l4, l5, l6, l7, l8, l9 = sch.get_loops(block=b0)
v10, v11, v12, v13 = sch.sample_perfect_tile(loop=l2, n=4, max_innermost_factor=64, decision=[1, 1, 1, 1])
l14, l15, l16, l17 = sch.split(loop=l2, factors=[v10, v11, v12, v13], preserve_unit_iters=True, disable_predication=False)
v18, v19, v20, v21 = sch.sample_perfect_tile(loop=l3, n=4, max_innermost_factor=64, decision=[1, 32, 2, 1])
l22, l23, l24, l25 = sch.split(loop=l3, factors=[v18, v19, v20, v21], preserve_unit_iters=True, disable_predication=False)
v26, v27, v28, v29 = sch.sample_perfect_tile(loop=l4, n=4, max_innermost_factor=64, decision=[4, 1, 1, 1])
l30, l31, l32, l33 = sch.split(loop=l4, factors=[v26, v27, v28, v29], preserve_unit_iters=True, disable_predication=False)
v34, v35, v36, v37 = sch.sample_perfect_tile(loop=l5, n=4, max_innermost_factor=64, decision=[2, 2, 1, 1])
l38, l39, l40, l41 = sch.split(loop=l5, factors=[v34, v35, v36, v37], preserve_unit_iters=True, disable_predication=False)
v42, v43, v44, v45 = sch.sample_perfect_tile(loop=l6, n=4, max_innermost_factor=64, decision=[1, 1, 4, 2])
l46, l47, l48, l49 = sch.split(loop=l6, factors=[v42, v43, v44, v45], preserve_unit_iters=True, disable_predication=False)
v50, v51 = sch.sample_perfect_tile(loop=l7, n=2, max_innermost_factor=64, decision=[128, 2])
l52, l53 = sch.split(loop=l7, factors=[v50, v51], preserve_unit_iters=True, disable_predication=False)
v54, v55 = sch.sample_perfect_tile(loop=l8, n=2, max_innermost_factor=64, decision=[1, 1])
l56, l57 = sch.split(loop=l8, factors=[v54, v55], preserve_unit_iters=True, disable_predication=False)
v58, v59 = sch.sample_perfect_tile(loop=l9, n=2, max_innermost_factor=64, decision=[1, 1])
l60, l61 = sch.split(loop=l9, factors=[v58, v59], preserve_unit_iters=True, disable_predication=False)
sch.reorder(l14, l22, l30, l38, l46, l15, l23, l31, l39, l47, l52, l56, l60, l16, l24, l32, l40, l48, l53, l57, l61, l17, l25, l33, l41, l49)
b62, = sch.get_consumers(block=b0)
sch.reverse_compute_at(block=b62, loop=l46, preserve_unit_loops=True, index=-1)
sch.annotate(block_or_loop=b1, ann_key="meta_schedule.parallel", ann_val=96)
sch.annotate(block_or_loop=b1, ann_key="meta_schedule.vectorize", ann_val=64)
v63 = sch.sample_categorical(candidates=[0, 16, 64, 512], probs=[0.25, 0.25, 0.25, 0.25], decision=3)
sch.annotate(block_or_loop=b1, ann_key="meta_schedule.unroll_explicit", ann_val=v63)
2024-05-19 13:32:42 [INFO] [evolutionary_search.cc:713] Generating candidates......
2024-05-19 13:32:42 [INFO] [evolutionary_search.cc:715] Picked top 0 candidate(s) from database
2024-05-19 13:32:44 [INFO] [evolutionary_search.cc:533] Sample-Init-Population summary:
Postproc #0 [meta_schedule.DisallowDynamicLoop(0x14da4128)]: 0 failure(s)
Postproc #1 [meta_schedule.RewriteParallelVectorizeUnroll(0x14df6c78)]: 0 failure(s)
Postproc #2 [meta_schedule.RewriteReductionBlock(0x14efd8a8)]: 0 failure(s)
Postproc #3 [meta_schedule.RewriteLayout(0x14eb98d8)]: 0 failure(s)
2024-05-19 13:32:44 [INFO] [evolutionary_search.cc:723] Sampled 512 candidate(s)
2024-05-19 13:32:45 [INFO] [evolutionary_search.cc:621] Evolve iter #0 done. Summary:
Postproc #0 [meta_schedule.DisallowDynamicLoop(0x14da4128)]: 0 failure(s)
Postproc #1 [meta_schedule.RewriteParallelVectorizeUnroll(0x14df6c78)]: 0 failure(s)
Postproc #2 [meta_schedule.RewriteReductionBlock(0x14efd8a8)]: 0 failure(s)
Postproc #3 [meta_schedule.RewriteLayout(0x14eb98d8)]: 0 failure(s)
2024-05-19 13:32:46 [INFO] [evolutionary_search.cc:621] Evolve iter #1 done. Summary:
Postproc #0 [meta_schedule.DisallowDynamicLoop(0x14da4128)]: 0 failure(s)
Postproc #1 [meta_schedule.RewriteParallelVectorizeUnroll(0x14df6c78)]: 0 failure(s)
Postproc #2 [meta_schedule.RewriteReductionBlock(0x14efd8a8)]: 0 failure(s)
Postproc #3 [meta_schedule.RewriteLayout(0x14eb98d8)]: 0 failure(s)
2024-05-19 13:32:47 [INFO] [evolutionary_search.cc:621] Evolve iter #2 done. Summary:
Postproc #0 [meta_schedule.DisallowDynamicLoop(0x14da4128)]: 0 failure(s)
Postproc #1 [meta_schedule.RewriteParallelVectorizeUnroll(0x14df6c78)]: 0 failure(s)
Postproc #2 [meta_schedule.RewriteReductionBlock(0x14efd8a8)]: 0 failure(s)
Postproc #3 [meta_schedule.RewriteLayout(0x14eb98d8)]: 0 failure(s)
2024-05-19 13:32:48 [INFO] [evolutionary_search.cc:621] Evolve iter #3 done. Summary:
Postproc #0 [meta_schedule.DisallowDynamicLoop(0x14da4128)]: 0 failure(s)
Postproc #1 [meta_schedule.RewriteParallelVectorizeUnroll(0x14df6c78)]: 0 failure(s)
Postproc #2 [meta_schedule.RewriteReductionBlock(0x14efd8a8)]: 0 failure(s)
Postproc #3 [meta_schedule.RewriteLayout(0x14eb98d8)]: 0 failure(s)
2024-05-19 13:32:48 [INFO] [evolutionary_search.cc:649] Scores of the best 64 candidates:
[1 : 16]:	0.9998  0.9994  0.9983  0.9983  0.9983  0.9982  0.9981  0.9977  0.9965  0.9959  0.9957  0.9954  0.9954  0.9948  0.9947  0.9939
[17 : 32]:	0.9938  0.9932  0.9920  0.9918  0.9915  0.9909  0.9901  0.9899  0.9899  0.9897  0.9896  0.9890  0.9868  0.9868  0.9865  0.9865
[33 : 48]:	0.9856  0.9848  0.9844  0.9841  0.9840  0.9839  0.9833  0.9832  0.9826  0.9820  0.9818  0.9818  0.9818  0.9813  0.9803  0.9794
[49 : 64]:	0.9789  0.9788  0.9777  0.9776  0.9776  0.9772  0.9770  0.9764  0.9763  0.9763  0.9762  0.9761  0.9759  0.9752  0.9747  0.9745
2024-05-19 13:32:48 [INFO] [evolutionary_search.cc:727] Got 64 candidate(s) with evolutionary search
2024-05-19 13:32:48 [INFO] [evolutionary_search.cc:730] Sending 64 candidates(s) for measurement
2024-05-19 14:19:02 [INFO] [task_scheduler.cc:131] [Task #2: fused_nn_contrib_conv2d_NCHWc_add_2] Trial #1: GFLOPs: 52.1185. Time: 80.6335 us. Best GFLOPs: 52.1185
2024-05-19 14:19:02 [INFO] [task_scheduler.cc:131] [Task #2: fused_nn_contrib_conv2d_NCHWc_add_2] Trial #2: GFLOPs: 9.4741. Time: 443.5768 us. Best GFLOPs: 52.1185
2024-05-19 14:19:02 [INFO] [task_scheduler.cc:131] [Task #2: fused_nn_contrib_conv2d_NCHWc_add_2] Trial #3: GFLOPs: 18.6114. Time: 225.8024 us. Best GFLOPs: 52.1185
2024-05-19 14:19:02 [INFO] [task_scheduler.cc:131] [Task #2: fused_nn_contrib_conv2d_NCHWc_add_2] Trial #4: GFLOPs: 13.4334. Time: 312.8385 us. Best GFLOPs: 52.1185
2024-05-19 14:19:02 [INFO] [task_scheduler.cc:131] [Task #2: fused_nn_contrib_conv2d_NCHWc_add_2] Trial #5: GFLOPs: 20.4601. Time: 205.3999 us. Best GFLOPs: 52.1185
2024-05-19 14:19:02 [INFO] [task_scheduler.cc:131] [Task #2: fused_nn_contrib_conv2d_NCHWc_add_2] Trial #6: GFLOPs: 13.6065. Time: 308.8601 us. Best GFLOPs: 52.1185
2024-05-19 14:19:02 [INFO] [task_scheduler.cc:131] [Task #2: fused_nn_contrib_conv2d_NCHWc_add_2] Trial #7: GFLOPs: 2.5793. Time: 1629.3125 us. Best GFLOPs: 52.1185
2024-05-19 14:19:02 [INFO] [task_scheduler.cc:131] [Task #2: fused_nn_contrib_conv2d_NCHWc_add_2] Trial #8: GFLOPs: 7.7037. Time: 545.5130 us. Best GFLOPs: 52.1185
2024-05-19 14:19:02 [INFO] [task_scheduler.cc:131] [Task #2: fused_nn_contrib_conv2d_NCHWc_add_2] Trial #9: GFLOPs: 17.7768. Time: 236.4039 us. Best GFLOPs: 52.1185
2024-05-19 14:19:02 [INFO] [task_scheduler.cc:131] [Task #2: fused_nn_contrib_conv2d_NCHWc_add_2] Trial #10: GFLOPs: 8.1612. Time: 514.9340 us. Best GFLOPs: 52.1185
2024-05-19 14:19:02 [INFO] [task_scheduler.cc:131] [Task #2: fused_nn_contrib_conv2d_NCHWc_add_2] Trial #11: GFLOPs: 14.9852. Time: 280.4424 us. Best GFLOPs: 52.1185
2024-05-19 14:19:02 [INFO] [task_scheduler.cc:131] [Task #2: fused_nn_contrib_conv2d_NCHWc_add_2] Trial #12: GFLOPs: 31.7045. Time: 132.5521 us. Best GFLOPs: 52.1185
2024-05-19 14:19:02 [INFO] [task_scheduler.cc:131] [Task #2: fused_nn_contrib_conv2d_NCHWc_add_2] Trial #13: GFLOPs: 12.2378. Time: 343.4016 us. Best GFLOPs: 52.1185
2024-05-19 14:19:02 [INFO] [task_scheduler.cc:131] [Task #2: fused_nn_contrib_conv2d_NCHWc_add_2] Trial #14: GFLOPs: 40.3018. Time: 104.2755 us. Best GFLOPs: 52.1185
2024-05-19 14:19:02 [INFO] [task_scheduler.cc:131] [Task #2: fused_nn_contrib_conv2d_NCHWc_add_2] Trial #15: GFLOPs: 45.0783. Time: 93.2265 us. Best GFLOPs: 52.1185
2024-05-19 14:19:02 [INFO] [task_scheduler.cc:131] [Task #2: fused_nn_contrib_conv2d_NCHWc_add_2] Trial #16: GFLOPs: 35.8418. Time: 117.2512 us. Best GFLOPs: 52.1185
2024-05-19 14:19:02 [INFO] [task_scheduler.cc:131] [Task #2: fused_nn_contrib_conv2d_NCHWc_add_2] Trial #17: GFLOPs: 21.7218. Time: 193.4692 us. Best GFLOPs: 52.1185
2024-05-19 14:19:02 [INFO] [task_scheduler.cc:131] [Task #2: fused_nn_contrib_conv2d_NCHWc_add_2] Trial #18: GFLOPs: 62.5821. Time: 67.1518 us. Best GFLOPs: 62.5821
2024-05-19 14:19:02 [INFO] [task_scheduler.cc:131] [Task #2: fused_nn_contrib_conv2d_NCHWc_add_2] Trial #19: GFLOPs: 10.1313. Time: 414.8032 us. Best GFLOPs: 62.5821
2024-05-19 14:19:02 [INFO] [task_scheduler.cc:131] [Task #2: fused_nn_contrib_conv2d_NCHWc_add_2] Trial #20: GFLOPs: 9.0671. Time: 463.4872 us. Best GFLOPs: 62.5821
2024-05-19 14:19:02 [INFO] [task_scheduler.cc:131] [Task #2: fused_nn_contrib_conv2d_NCHWc_add_2] Trial #21: GFLOPs: 29.7614. Time: 141.2061 us. Best GFLOPs: 62.5821
2024-05-19 14:19:02 [INFO] [task_scheduler.cc:131] [Task #2: fused_nn_contrib_conv2d_NCHWc_add_2] Trial #22: GFLOPs: 60.2032. Time: 69.8052 us. Best GFLOPs: 62.5821
2024-05-19 14:19:02 [INFO] [task_scheduler.cc:131] [Task #2: fused_nn_contrib_conv2d_NCHWc_add_2] Trial #23: GFLOPs: 22.8847. Time: 183.6376 us. Best GFLOPs: 62.5821
2024-05-19 14:19:02 [INFO] [task_scheduler.cc:131] [Task #2: fused_nn_contrib_conv2d_NCHWc_add_2] Trial #24: GFLOPs: 10.5110. Time: 399.8195 us. Best GFLOPs: 62.5821
2024-05-19 14:19:02 [INFO] [task_scheduler.cc:131] [Task #2: fused_nn_contrib_conv2d_NCHWc_add_2] Trial #25: GFLOPs: 22.1467. Time: 189.7573 us. Best GFLOPs: 62.5821
2024-05-19 14:19:02 [INFO] [task_scheduler.cc:131] [Task #2: fused_nn_contrib_conv2d_NCHWc_add_2] Trial #26: GFLOPs: 26.3641. Time: 159.4021 us. Best GFLOPs: 62.5821
2024-05-19 14:19:02 [INFO] [task_scheduler.cc:131] [Task #2: fused_nn_contrib_conv2d_NCHWc_add_2] Trial #27: GFLOPs: 5.9394. Time: 707.5574 us. Best GFLOPs: 62.5821
2024-05-19 14:19:02 [INFO] [task_scheduler.cc:131] [Task #2: fused_nn_contrib_conv2d_NCHWc_add_2] Trial #28: GFLOPs: 26.7984. Time: 156.8188 us. Best GFLOPs: 62.5821
2024-05-19 14:19:02 [INFO] [task_scheduler.cc:131] [Task #2: fused_nn_contrib_conv2d_NCHWc_add_2] Trial #29: GFLOPs: 26.5159. Time: 158.4897 us. Best GFLOPs: 62.5821
2024-05-19 14:19:02 [INFO] [task_scheduler.cc:131] [Task #2: fused_nn_contrib_conv2d_NCHWc_add_2] Trial #30: GFLOPs: 77.2081. Time: 54.4308 us. Best GFLOPs: 77.2081
2024-05-19 14:19:02 [INFO] [task_scheduler.cc:131] [Task #2: fused_nn_contrib_conv2d_NCHWc_add_2] Trial #31: GFLOPs: 4.9800. Time: 843.8770 us. Best GFLOPs: 77.2081
2024-05-19 14:19:02 [INFO] [task_scheduler.cc:131] [Task #2: fused_nn_contrib_conv2d_NCHWc_add_2] Trial #32: GFLOPs: 31.6126. Time: 132.9375 us. Best GFLOPs: 77.2081
2024-05-19 14:19:02 [INFO] [task_scheduler.cc:131] [Task #2: fused_nn_contrib_conv2d_NCHWc_add_2] Trial #33: GFLOPs: 18.8190. Time: 223.3111 us. Best GFLOPs: 77.2081
2024-05-19 14:19:02 [INFO] [task_scheduler.cc:131] [Task #2: fused_nn_contrib_conv2d_NCHWc_add_2] Trial #34: GFLOPs: 13.9285. Time: 301.7184 us. Best GFLOPs: 77.2081
2024-05-19 14:19:02 [INFO] [task_scheduler.cc:131] [Task #2: fused_nn_contrib_conv2d_NCHWc_add_2] Trial #35: GFLOPs: 9.7954. Time: 429.0292 us. Best GFLOPs: 77.2081
2024-05-19 14:19:02 [INFO] [task_scheduler.cc:131] [Task #2: fused_nn_contrib_conv2d_NCHWc_add_2] Trial #36: GFLOPs: 20.9600. Time: 200.5007 us. Best GFLOPs: 77.2081
2024-05-19 14:19:02 [INFO] [task_scheduler.cc:131] [Task #2: fused_nn_contrib_conv2d_NCHWc_add_2] Trial #37: GFLOPs: 14.4275. Time: 291.2838 us. Best GFLOPs: 77.2081
2024-05-19 14:19:02 [INFO] [task_scheduler.cc:131] [Task #2: fused_nn_contrib_conv2d_NCHWc_add_2] Trial #38: GFLOPs: 55.5962. Time: 75.5896 us. Best GFLOPs: 77.2081
2024-05-19 14:19:02 [INFO] [task_scheduler.cc:131] [Task #2: fused_nn_contrib_conv2d_NCHWc_add_2] Trial #39: GFLOPs: 22.9347. Time: 183.2375 us. Best GFLOPs: 77.2081
2024-05-19 14:19:02 [INFO] [task_scheduler.cc:131] [Task #2: fused_nn_contrib_conv2d_NCHWc_add_2] Trial #40: GFLOPs: 8.8864. Time: 472.9119 us. Best GFLOPs: 77.2081
2024-05-19 14:19:02 [INFO] [task_scheduler.cc:131] [Task #2: fused_nn_contrib_conv2d_NCHWc_add_2] Trial #41: GFLOPs: 62.8601. Time: 66.8548 us. Best GFLOPs: 77.2081
2024-05-19 14:19:02 [INFO] [task_scheduler.cc:131] [Task #2: fused_nn_contrib_conv2d_NCHWc_add_2] Trial #42: GFLOPs: 128.0077. Time: 32.8300 us. Best GFLOPs: 128.0077
2024-05-19 14:19:02 [INFO] [task_scheduler.cc:131] [Task #2: fused_nn_contrib_conv2d_NCHWc_add_2] Trial #43: GFLOPs: 16.0650. Time: 261.5940 us. Best GFLOPs: 128.0077
2024-05-19 14:19:02 [INFO] [task_scheduler.cc:131] [Task #2: fused_nn_contrib_conv2d_NCHWc_add_2] Trial #44: GFLOPs: 33.1427. Time: 126.8001 us. Best GFLOPs: 128.0077
2024-05-19 14:19:02 [INFO] [task_scheduler.cc:131] [Task #2: fused_nn_contrib_conv2d_NCHWc_add_2] Trial #45: GFLOPs: 31.4132. Time: 133.7811 us. Best GFLOPs: 128.0077
2024-05-19 14:19:02 [INFO] [task_scheduler.cc:131] [Task #2: fused_nn_contrib_conv2d_NCHWc_add_2] Trial #46: GFLOPs: 50.5860. Time: 83.0763 us. Best GFLOPs: 128.0077
2024-05-19 14:19:02 [INFO] [task_scheduler.cc:131] [Task #2: fused_nn_contrib_conv2d_NCHWc_add_2] Trial #47: GFLOPs: 2.1897. Time: 1919.2258 us. Best GFLOPs: 128.0077
2024-05-19 14:19:02 [INFO] [task_scheduler.cc:131] [Task #2: fused_nn_contrib_conv2d_NCHWc_add_2] Trial #48: GFLOPs: 41.5473. Time: 101.1497 us. Best GFLOPs: 128.0077
2024-05-19 14:19:02 [INFO] [task_scheduler.cc:131] [Task #2: fused_nn_contrib_conv2d_NCHWc_add_2] Trial #49: GFLOPs: 15.6963. Time: 267.7378 us. Best GFLOPs: 128.0077
2024-05-19 14:19:02 [INFO] [task_scheduler.cc:131] [Task #2: fused_nn_contrib_conv2d_NCHWc_add_2] Trial #50: GFLOPs: 13.0799. Time: 321.2930 us. Best GFLOPs: 128.0077
2024-05-19 14:19:02 [INFO] [task_scheduler.cc:131] [Task #2: fused_nn_contrib_conv2d_NCHWc_add_2] Trial #51: GFLOPs: 19.8104. Time: 212.1356 us. Best GFLOPs: 128.0077
2024-05-19 14:19:02 [INFO] [task_scheduler.cc:131] [Task #2: fused_nn_contrib_conv2d_NCHWc_add_2] Trial #52: GFLOPs: 3.2523. Time: 1292.1587 us. Best GFLOPs: 128.0077
2024-05-19 14:19:02 [INFO] [task_scheduler.cc:131] [Task #2: fused_nn_contrib_conv2d_NCHWc_add_2] Trial #53: GFLOPs: 10.5308. Time: 399.0680 us. Best GFLOPs: 128.0077
2024-05-19 14:19:02 [INFO] [task_scheduler.cc:131] [Task #2: fused_nn_contrib_conv2d_NCHWc_add_2] Trial #54: GFLOPs: 34.7794. Time: 120.8329 us. Best GFLOPs: 128.0077
2024-05-19 14:19:02 [INFO] [task_scheduler.cc:131] [Task #2: fused_nn_contrib_conv2d_NCHWc_add_2] Trial #55: GFLOPs: 16.7337. Time: 251.1395 us. Best GFLOPs: 128.0077
2024-05-19 14:19:02 [INFO] [task_scheduler.cc:131] [Task #2: fused_nn_contrib_conv2d_NCHWc_add_2] Trial #56: GFLOPs: 10.2245. Time: 411.0207 us. Best GFLOPs: 128.0077
2024-05-19 14:19:02 [INFO] [task_scheduler.cc:131] [Task #2: fused_nn_contrib_conv2d_NCHWc_add_2] Trial #57: GFLOPs: 62.5895. Time: 67.1438 us. Best GFLOPs: 128.0077
2024-05-19 14:19:02 [INFO] [task_scheduler.cc:131] [Task #2: fused_nn_contrib_conv2d_NCHWc_add_2] Trial #58: GFLOPs: 16.1058. Time: 260.9304 us. Best GFLOPs: 128.0077
2024-05-19 14:19:02 [INFO] [task_scheduler.cc:131] [Task #2: fused_nn_contrib_conv2d_NCHWc_add_2] Trial #59: GFLOPs: 1.4834. Time: 2832.9589 us. Best GFLOPs: 128.0077
2024-05-19 14:19:02 [INFO] [task_scheduler.cc:131] [Task #2: fused_nn_contrib_conv2d_NCHWc_add_2] Trial #60: GFLOPs: 15.2751. Time: 275.1204 us. Best GFLOPs: 128.0077
2024-05-19 14:19:02 [INFO] [task_scheduler.cc:131] [Task #2: fused_nn_contrib_conv2d_NCHWc_add_2] Trial #61: GFLOPs: 17.2868. Time: 243.1040 us. Best GFLOPs: 128.0077
2024-05-19 14:19:02 [INFO] [task_scheduler.cc:131] [Task #2: fused_nn_contrib_conv2d_NCHWc_add_2] Trial #62: GFLOPs: 86.7280. Time: 48.4561 us. Best GFLOPs: 128.0077
2024-05-19 14:19:02 [INFO] [task_scheduler.cc:131] [Task #2: fused_nn_contrib_conv2d_NCHWc_add_2] Trial #63: GFLOPs: 8.5661. Time: 490.5958 us. Best GFLOPs: 128.0077
2024-05-19 14:19:02 [INFO] [task_scheduler.cc:131] [Task #2: fused_nn_contrib_conv2d_NCHWc_add_2] Trial #64: GFLOPs: 45.7763. Time: 91.8051 us. Best GFLOPs: 128.0077
2024-05-19 15:22:21 [INFO] [evolutionary_search.cc:713] Generating candidates......
2024-05-19 15:22:22 [INFO] [evolutionary_search.cc:715] Picked top 64 candidate(s) from database
2024-05-19 15:22:23 [INFO] [evolutionary_search.cc:533] Sample-Init-Population summary:
Postproc #0 [meta_schedule.DisallowDynamicLoop(0x14da4128)]: 0 failure(s)
Postproc #1 [meta_schedule.RewriteParallelVectorizeUnroll(0x14df6c78)]: 0 failure(s)
Postproc #2 [meta_schedule.RewriteReductionBlock(0x14efd8a8)]: 0 failure(s)
Postproc #3 [meta_schedule.RewriteLayout(0x14eb98d8)]: 0 failure(s)
2024-05-19 15:22:23 [INFO] [evolutionary_search.cc:723] Sampled 448 candidate(s)
2024-05-19 15:22:25 [INFO] [evolutionary_search.cc:621] Evolve iter #0 done. Summary:
Postproc #0 [meta_schedule.DisallowDynamicLoop(0x14da4128)]: 0 failure(s)
Postproc #1 [meta_schedule.RewriteParallelVectorizeUnroll(0x14df6c78)]: 0 failure(s)
Postproc #2 [meta_schedule.RewriteReductionBlock(0x14efd8a8)]: 0 failure(s)
Postproc #3 [meta_schedule.RewriteLayout(0x14eb98d8)]: 0 failure(s)
2024-05-19 15:22:28 [INFO] [evolutionary_search.cc:621] Evolve iter #1 done. Summary:
Postproc #0 [meta_schedule.DisallowDynamicLoop(0x14da4128)]: 0 failure(s)
Postproc #1 [meta_schedule.RewriteParallelVectorizeUnroll(0x14df6c78)]: 0 failure(s)
Postproc #2 [meta_schedule.RewriteReductionBlock(0x14efd8a8)]: 0 failure(s)
Postproc #3 [meta_schedule.RewriteLayout(0x14eb98d8)]: 0 failure(s)
2024-05-19 15:22:30 [INFO] [evolutionary_search.cc:621] Evolve iter #2 done. Summary:
Postproc #0 [meta_schedule.DisallowDynamicLoop(0x14da4128)]: 0 failure(s)
Postproc #1 [meta_schedule.RewriteParallelVectorizeUnroll(0x14df6c78)]: 0 failure(s)
Postproc #2 [meta_schedule.RewriteReductionBlock(0x14efd8a8)]: 0 failure(s)
Postproc #3 [meta_schedule.RewriteLayout(0x14eb98d8)]: 0 failure(s)
2024-05-19 15:22:33 [INFO] [evolutionary_search.cc:621] Evolve iter #3 done. Summary:
Postproc #0 [meta_schedule.DisallowDynamicLoop(0x14da4128)]: 0 failure(s)
Postproc #1 [meta_schedule.RewriteParallelVectorizeUnroll(0x14df6c78)]: 0 failure(s)
Postproc #2 [meta_schedule.RewriteReductionBlock(0x14efd8a8)]: 0 failure(s)
Postproc #3 [meta_schedule.RewriteLayout(0x14eb98d8)]: 0 failure(s)
2024-05-19 15:22:34 [INFO] [evolutionary_search.cc:649] Scores of the best 64 candidates:
[1 : 16]:	0.9808  0.9639  0.9242  0.9174  0.9160  0.9160  0.9160  0.9117  0.9105  0.9095  0.9093  0.9048  0.8997  0.8988  0.8969  0.8890
[17 : 32]:	0.8874  0.8793  0.8751  0.8717  0.8667  0.8663  0.8643  0.8605  0.8539  0.8539  0.8500  0.8483  0.8412  0.8388  0.8357  0.8338
[33 : 48]:	0.8338  0.8333  0.8308  0.8301  0.8301  0.8299  0.8208  0.8190  0.8190  0.8190  0.8190  0.8169  0.8134  0.8134  0.8134  0.8093
[49 : 64]:	0.8057  0.8055  0.8055  0.8055  0.8055  0.8036  0.8007  0.7995  0.7942  0.7932  0.7929  0.7928  0.7913  0.7903  0.7898  0.7898
2024-05-19 15:22:34 [INFO] [evolutionary_search.cc:727] Got 64 candidate(s) with evolutionary search
2024-05-19 15:22:34 [INFO] [evolutionary_search.cc:730] Sending 64 candidates(s) for measurement
2024-05-19 15:24:14 [INFO] [task_scheduler.cc:131] [Task #2: fused_nn_contrib_conv2d_NCHWc_add_2] Trial #65: GFLOPs: 129.1706. Time: 32.5344 us. Best GFLOPs: 129.1706
2024-05-19 15:24:14 [INFO] [task_scheduler.cc:131] [Task #2: fused_nn_contrib_conv2d_NCHWc_add_2] Trial #66: GFLOPs: 122.6479. Time: 34.2647 us. Best GFLOPs: 129.1706
2024-05-19 15:24:14 [INFO] [task_scheduler.cc:131] [Task #2: fused_nn_contrib_conv2d_NCHWc_add_2] Trial #67: GFLOPs: 93.0364. Time: 45.1705 us. Best GFLOPs: 129.1706
2024-05-19 15:24:14 [INFO] [task_scheduler.cc:131] [Task #2: fused_nn_contrib_conv2d_NCHWc_add_2] Trial #68: GFLOPs: 98.8010. Time: 42.5350 us. Best GFLOPs: 129.1706
2024-05-19 15:24:14 [INFO] [task_scheduler.cc:131] [Task #2: fused_nn_contrib_conv2d_NCHWc_add_2] Trial #69: GFLOPs: 102.3340. Time: 41.0665 us. Best GFLOPs: 129.1706
2024-05-19 15:24:14 [INFO] [task_scheduler.cc:131] [Task #2: fused_nn_contrib_conv2d_NCHWc_add_2] Trial #70: GFLOPs: 91.4855. Time: 45.9362 us. Best GFLOPs: 129.1706
2024-05-19 15:24:14 [INFO] [task_scheduler.cc:131] [Task #2: fused_nn_contrib_conv2d_NCHWc_add_2] Trial #71: GFLOPs: 93.1917. Time: 45.0952 us. Best GFLOPs: 129.1706
2024-05-19 15:24:14 [INFO] [task_scheduler.cc:131] [Task #2: fused_nn_contrib_conv2d_NCHWc_add_2] Trial #72: GFLOPs: 135.5112. Time: 31.0122 us. Best GFLOPs: 135.5112
2024-05-19 15:24:14 [INFO] [task_scheduler.cc:131] [Task #2: fused_nn_contrib_conv2d_NCHWc_add_2] Trial #73: GFLOPs: 95.6026. Time: 43.9580 us. Best GFLOPs: 135.5112
2024-05-19 15:24:14 [INFO] [task_scheduler.cc:131] [Task #2: fused_nn_contrib_conv2d_NCHWc_add_2] Trial #74: GFLOPs: 131.6199. Time: 31.9290 us. Best GFLOPs: 135.5112
2024-05-19 15:24:14 [INFO] [task_scheduler.cc:131] [Task #2: fused_nn_contrib_conv2d_NCHWc_add_2] Trial #75: GFLOPs: 81.6768. Time: 51.4527 us. Best GFLOPs: 135.5112
2024-05-19 15:24:14 [INFO] [task_scheduler.cc:131] [Task #2: fused_nn_contrib_conv2d_NCHWc_add_2] Trial #76: GFLOPs: 79.5542. Time: 52.8255 us. Best GFLOPs: 135.5112
2024-05-19 15:24:14 [INFO] [task_scheduler.cc:131] [Task #2: fused_nn_contrib_conv2d_NCHWc_add_2] Trial #77: GFLOPs: 87.2325. Time: 48.1758 us. Best GFLOPs: 135.5112
2024-05-19 15:24:14 [INFO] [task_scheduler.cc:131] [Task #2: fused_nn_contrib_conv2d_NCHWc_add_2] Trial #78: GFLOPs: 127.3675. Time: 32.9950 us. Best GFLOPs: 135.5112
2024-05-19 15:24:14 [INFO] [task_scheduler.cc:131] [Task #2: fused_nn_contrib_conv2d_NCHWc_add_2] Trial #79: GFLOPs: 126.0254. Time: 33.3464 us. Best GFLOPs: 135.5112
2024-05-19 15:24:14 [INFO] [task_scheduler.cc:131] [Task #2: fused_nn_contrib_conv2d_NCHWc_add_2] Trial #80: GFLOPs: 119.9311. Time: 35.0409 us. Best GFLOPs: 135.5112
2024-05-19 15:24:14 [INFO] [task_scheduler.cc:131] [Task #2: fused_nn_contrib_conv2d_NCHWc_add_2] Trial #81: GFLOPs: 80.2097. Time: 52.3939 us. Best GFLOPs: 135.5112
2024-05-19 15:24:14 [INFO] [task_scheduler.cc:131] [Task #2: fused_nn_contrib_conv2d_NCHWc_add_2] Trial #82: GFLOPs: 88.4640. Time: 47.5051 us. Best GFLOPs: 135.5112
2024-05-19 15:24:14 [INFO] [task_scheduler.cc:131] [Task #2: fused_nn_contrib_conv2d_NCHWc_add_2] Trial #83: GFLOPs: 109.4431. Time: 38.3989 us. Best GFLOPs: 135.5112
2024-05-19 15:24:14 [INFO] [task_scheduler.cc:131] [Task #2: fused_nn_contrib_conv2d_NCHWc_add_2] Trial #84: GFLOPs: 133.6776. Time: 31.4375 us. Best GFLOPs: 135.5112
2024-05-19 15:24:14 [INFO] [task_scheduler.cc:131] [Task #2: fused_nn_contrib_conv2d_NCHWc_add_2] Trial #85: GFLOPs: 90.0055. Time: 46.6915 us. Best GFLOPs: 135.5112
2024-05-19 15:24:14 [INFO] [task_scheduler.cc:131] [Task #2: fused_nn_contrib_conv2d_NCHWc_add_2] Trial #86: GFLOPs: 126.9003. Time: 33.1165 us. Best GFLOPs: 135.5112
2024-05-19 15:24:14 [INFO] [task_scheduler.cc:131] [Task #2: fused_nn_contrib_conv2d_NCHWc_add_2] Trial #87: GFLOPs: 140.9279. Time: 29.8202 us. Best GFLOPs: 140.9279
2024-05-19 15:24:14 [INFO] [task_scheduler.cc:131] [Task #2: fused_nn_contrib_conv2d_NCHWc_add_2] Trial #88: GFLOPs: 104.4285. Time: 40.2428 us. Best GFLOPs: 140.9279
2024-05-19 15:24:14 [INFO] [task_scheduler.cc:131] [Task #2: fused_nn_contrib_conv2d_NCHWc_add_2] Trial #89: GFLOPs: 127.6261. Time: 32.9282 us. Best GFLOPs: 140.9279
2024-05-19 15:24:14 [INFO] [task_scheduler.cc:131] [Task #2: fused_nn_contrib_conv2d_NCHWc_add_2] Trial #90: GFLOPs: 129.4651. Time: 32.4604 us. Best GFLOPs: 140.9279
2024-05-19 15:24:14 [INFO] [task_scheduler.cc:131] [Task #2: fused_nn_contrib_conv2d_NCHWc_add_2] Trial #91: GFLOPs: 77.0679. Time: 54.5298 us. Best GFLOPs: 140.9279
2024-05-19 15:24:14 [INFO] [task_scheduler.cc:131] [Task #2: fused_nn_contrib_conv2d_NCHWc_add_2] Trial #92: GFLOPs: 124.6702. Time: 33.7089 us. Best GFLOPs: 140.9279
2024-05-19 15:24:14 [INFO] [task_scheduler.cc:131] [Task #2: fused_nn_contrib_conv2d_NCHWc_add_2] Trial #93: GFLOPs: 125.4597. Time: 33.4968 us. Best GFLOPs: 140.9279
2024-05-19 15:24:14 [INFO] [task_scheduler.cc:131] [Task #2: fused_nn_contrib_conv2d_NCHWc_add_2] Trial #94: GFLOPs: 126.6118. Time: 33.1920 us. Best GFLOPs: 140.9279
2024-05-19 15:24:14 [INFO] [task_scheduler.cc:131] [Task #2: fused_nn_contrib_conv2d_NCHWc_add_2] Trial #95: GFLOPs: 77.9415. Time: 53.9186 us. Best GFLOPs: 140.9279
2024-05-19 15:24:14 [INFO] [task_scheduler.cc:131] [Task #2: fused_nn_contrib_conv2d_NCHWc_add_2] Trial #96: GFLOPs: 112.7643. Time: 37.2680 us. Best GFLOPs: 140.9279
2024-05-19 15:24:14 [INFO] [task_scheduler.cc:131] [Task #2: fused_nn_contrib_conv2d_NCHWc_add_2] Trial #97: GFLOPs: 112.9126. Time: 37.2190 us. Best GFLOPs: 140.9279
2024-05-19 15:24:14 [INFO] [task_scheduler.cc:131] [Task #2: fused_nn_contrib_conv2d_NCHWc_add_2] Trial #98: GFLOPs: 113.0609. Time: 37.1702 us. Best GFLOPs: 140.9279
2024-05-19 15:24:14 [INFO] [task_scheduler.cc:131] [Task #2: fused_nn_contrib_conv2d_NCHWc_add_2] Trial #99: GFLOPs: 134.2056. Time: 31.3139 us. Best GFLOPs: 140.9279
2024-05-19 15:24:14 [INFO] [task_scheduler.cc:131] [Task #2: fused_nn_contrib_conv2d_NCHWc_add_2] Trial #100: GFLOPs: 101.6625. Time: 41.3377 us. Best GFLOPs: 140.9279
2024-05-19 15:24:14 [INFO] [task_scheduler.cc:131] [Task #2: fused_nn_contrib_conv2d_NCHWc_add_2] Trial #101: GFLOPs: 103.8872. Time: 40.4525 us. Best GFLOPs: 140.9279
2024-05-19 15:24:14 [INFO] [task_scheduler.cc:131] [Task #2: fused_nn_contrib_conv2d_NCHWc_add_2] Trial #102: GFLOPs: 137.8112. Time: 30.4946 us. Best GFLOPs: 140.9279
2024-05-19 15:24:14 [INFO] [task_scheduler.cc:131] [Task #2: fused_nn_contrib_conv2d_NCHWc_add_2] Trial #103: GFLOPs: 81.8760. Time: 51.3276 us. Best GFLOPs: 140.9279
2024-05-19 15:24:14 [INFO] [task_scheduler.cc:131] [Task #2: fused_nn_contrib_conv2d_NCHWc_add_2] Trial #104: GFLOPs: 133.3965. Time: 31.5038 us. Best GFLOPs: 140.9279
2024-05-19 15:24:14 [INFO] [task_scheduler.cc:131] [Task #2: fused_nn_contrib_conv2d_NCHWc_add_2] Trial #105: GFLOPs: 110.1865. Time: 38.1399 us. Best GFLOPs: 140.9279
2024-05-19 15:24:14 [INFO] [task_scheduler.cc:131] [Task #2: fused_nn_contrib_conv2d_NCHWc_add_2] Trial #106: GFLOPs: 113.8929. Time: 36.8987 us. Best GFLOPs: 140.9279
2024-05-19 15:24:14 [INFO] [task_scheduler.cc:131] [Task #2: fused_nn_contrib_conv2d_NCHWc_add_2] Trial #107: GFLOPs: 111.8711. Time: 37.5655 us. Best GFLOPs: 140.9279
2024-05-19 15:24:14 [INFO] [task_scheduler.cc:131] [Task #2: fused_nn_contrib_conv2d_NCHWc_add_2] Trial #108: GFLOPs: 138.4134. Time: 30.3619 us. Best GFLOPs: 140.9279
2024-05-19 15:24:14 [INFO] [task_scheduler.cc:131] [Task #2: fused_nn_contrib_conv2d_NCHWc_add_2] Trial #109: GFLOPs: 143.8512. Time: 29.2142 us. Best GFLOPs: 143.8512
2024-05-19 15:24:14 [INFO] [task_scheduler.cc:131] [Task #2: fused_nn_contrib_conv2d_NCHWc_add_2] Trial #110: GFLOPs: 126.7446. Time: 33.1572 us. Best GFLOPs: 143.8512
2024-05-19 15:24:14 [INFO] [task_scheduler.cc:131] [Task #2: fused_nn_contrib_conv2d_NCHWc_add_2] Trial #111: GFLOPs: 126.1619. Time: 33.3103 us. Best GFLOPs: 143.8512
2024-05-19 15:24:14 [INFO] [task_scheduler.cc:131] [Task #2: fused_nn_contrib_conv2d_NCHWc_add_2] Trial #112: GFLOPs: 100.6354. Time: 41.7596 us. Best GFLOPs: 143.8512
2024-05-19 15:24:14 [INFO] [task_scheduler.cc:131] [Task #2: fused_nn_contrib_conv2d_NCHWc_add_2] Trial #113: GFLOPs: 130.5369. Time: 32.1939 us. Best GFLOPs: 143.8512
2024-05-19 15:24:14 [INFO] [task_scheduler.cc:131] [Task #2: fused_nn_contrib_conv2d_NCHWc_add_2] Trial #114: GFLOPs: 118.4207. Time: 35.4878 us. Best GFLOPs: 143.8512
2024-05-19 15:24:14 [INFO] [task_scheduler.cc:131] [Task #2: fused_nn_contrib_conv2d_NCHWc_add_2] Trial #115: GFLOPs: 119.2791. Time: 35.2325 us. Best GFLOPs: 143.8512
2024-05-19 15:24:14 [INFO] [task_scheduler.cc:131] [Task #2: fused_nn_contrib_conv2d_NCHWc_add_2] Trial #116: GFLOPs: 110.2607. Time: 38.1142 us. Best GFLOPs: 143.8512
2024-05-19 15:24:14 [INFO] [task_scheduler.cc:131] [Task #2: fused_nn_contrib_conv2d_NCHWc_add_2] Trial #117: GFLOPs: 117.1087. Time: 35.8854 us. Best GFLOPs: 143.8512
2024-05-19 15:24:14 [INFO] [task_scheduler.cc:131] [Task #2: fused_nn_contrib_conv2d_NCHWc_add_2] Trial #118: GFLOPs: 120.5292. Time: 34.8670 us. Best GFLOPs: 143.8512
2024-05-19 15:24:14 [INFO] [task_scheduler.cc:131] [Task #2: fused_nn_contrib_conv2d_NCHWc_add_2] Trial #119: GFLOPs: 124.5798. Time: 33.7334 us. Best GFLOPs: 143.8512
2024-05-19 15:24:14 [INFO] [task_scheduler.cc:131] [Task #2: fused_nn_contrib_conv2d_NCHWc_add_2] Trial #120: GFLOPs: 122.0535. Time: 34.4316 us. Best GFLOPs: 143.8512
2024-05-19 15:24:14 [INFO] [task_scheduler.cc:131] [Task #2: fused_nn_contrib_conv2d_NCHWc_add_2] Trial #121: GFLOPs: 107.0563. Time: 39.2550 us. Best GFLOPs: 143.8512
2024-05-19 15:24:14 [INFO] [task_scheduler.cc:131] [Task #2: fused_nn_contrib_conv2d_NCHWc_add_2] Trial #122: GFLOPs: 115.3340. Time: 36.4376 us. Best GFLOPs: 143.8512
2024-05-19 15:24:14 [INFO] [task_scheduler.cc:131] [Task #2: fused_nn_contrib_conv2d_NCHWc_add_2] Trial #123: GFLOPs: 78.0198. Time: 53.8645 us. Best GFLOPs: 143.8512
2024-05-19 15:24:14 [INFO] [task_scheduler.cc:131] [Task #2: fused_nn_contrib_conv2d_NCHWc_add_2] Trial #124: GFLOPs: 106.1326. Time: 39.5966 us. Best GFLOPs: 143.8512
2024-05-19 15:24:14 [INFO] [task_scheduler.cc:131] [Task #2: fused_nn_contrib_conv2d_NCHWc_add_2] Trial #125: GFLOPs: 114.9173. Time: 36.5697 us. Best GFLOPs: 143.8512
2024-05-19 15:24:14 [INFO] [task_scheduler.cc:131] [Task #2: fused_nn_contrib_conv2d_NCHWc_add_2] Trial #126: GFLOPs: 19.1277. Time: 219.7075 us. Best GFLOPs: 143.8512
2024-05-19 15:24:14 [INFO] [task_scheduler.cc:131] [Task #2: fused_nn_contrib_conv2d_NCHWc_add_2] Trial #127: GFLOPs: 18.5875. Time: 226.0920 us. Best GFLOPs: 143.8512
2024-05-19 15:24:14 [INFO] [task_scheduler.cc:131] [Task #2: fused_nn_contrib_conv2d_NCHWc_add_2] Trial #128: GFLOPs: 18.6054. Time: 225.8753 us. Best GFLOPs: 143.8512
2024-05-19 16:04:53 [INFO] [evolutionary_search.cc:713] Generating candidates......
2024-05-19 16:04:53 [INFO] [evolutionary_search.cc:715] Picked top 102 candidate(s) from database
2024-05-19 16:04:54 [INFO] [evolutionary_search.cc:533] Sample-Init-Population summary:
Postproc #0 [meta_schedule.DisallowDynamicLoop(0x14da4128)]: 0 failure(s)
Postproc #1 [meta_schedule.RewriteParallelVectorizeUnroll(0x14df6c78)]: 0 failure(s)
Postproc #2 [meta_schedule.RewriteReductionBlock(0x14efd8a8)]: 0 failure(s)
Postproc #3 [meta_schedule.RewriteLayout(0x14eb98d8)]: 0 failure(s)
2024-05-19 16:04:54 [INFO] [evolutionary_search.cc:723] Sampled 410 candidate(s)
2024-05-19 16:04:57 [INFO] [evolutionary_search.cc:621] Evolve iter #0 done. Summary:
Postproc #0 [meta_schedule.DisallowDynamicLoop(0x14da4128)]: 0 failure(s)
Postproc #1 [meta_schedule.RewriteParallelVectorizeUnroll(0x14df6c78)]: 0 failure(s)
Postproc #2 [meta_schedule.RewriteReductionBlock(0x14efd8a8)]: 0 failure(s)
Postproc #3 [meta_schedule.RewriteLayout(0x14eb98d8)]: 0 failure(s)
2024-05-19 16:04:59 [INFO] [evolutionary_search.cc:621] Evolve iter #1 done. Summary:
Postproc #0 [meta_schedule.DisallowDynamicLoop(0x14da4128)]: 0 failure(s)
Postproc #1 [meta_schedule.RewriteParallelVectorizeUnroll(0x14df6c78)]: 0 failure(s)
Postproc #2 [meta_schedule.RewriteReductionBlock(0x14efd8a8)]: 0 failure(s)
Postproc #3 [meta_schedule.RewriteLayout(0x14eb98d8)]: 0 failure(s)
2024-05-19 16:05:02 [INFO] [evolutionary_search.cc:621] Evolve iter #2 done. Summary:
Postproc #0 [meta_schedule.DisallowDynamicLoop(0x14da4128)]: 0 failure(s)
Postproc #1 [meta_schedule.RewriteParallelVectorizeUnroll(0x14df6c78)]: 0 failure(s)
Postproc #2 [meta_schedule.RewriteReductionBlock(0x14efd8a8)]: 0 failure(s)
Postproc #3 [meta_schedule.RewriteLayout(0x14eb98d8)]: 0 failure(s)
2024-05-19 16:05:04 [INFO] [evolutionary_search.cc:621] Evolve iter #3 done. Summary:
Postproc #0 [meta_schedule.DisallowDynamicLoop(0x14da4128)]: 0 failure(s)
Postproc #1 [meta_schedule.RewriteParallelVectorizeUnroll(0x14df6c78)]: 0 failure(s)
Postproc #2 [meta_schedule.RewriteReductionBlock(0x14efd8a8)]: 0 failure(s)
Postproc #3 [meta_schedule.RewriteLayout(0x14eb98d8)]: 0 failure(s)
2024-05-19 16:05:06 [INFO] [evolutionary_search.cc:649] Scores of the best 64 candidates:
[1 : 16]:	1.0111  0.9599  0.9557  0.9419  0.9388  0.9388  0.9367  0.9357  0.9348  0.9333  0.9299  0.9286  0.9281  0.9219  0.9218  0.9186
[17 : 32]:	0.9168  0.9156  0.9147  0.9127  0.9122  0.9116  0.9093  0.9093  0.9075  0.9066  0.9047  0.9045  0.9040  0.9040  0.9040  0.9023
[33 : 48]:	0.9017  0.9017  0.9012  0.9012  0.8990  0.8984  0.8971  0.8970  0.8969  0.8946  0.8946  0.8926  0.8926  0.8926  0.8926  0.8919
[49 : 64]:	0.8912  0.8903  0.8898  0.8898  0.8895  0.8890  0.8889  0.8883  0.8872  0.8866  0.8866  0.8844  0.8842  0.8837  0.8819  0.8819
2024-05-19 16:05:06 [INFO] [evolutionary_search.cc:727] Got 64 candidate(s) with evolutionary search
2024-05-19 16:05:06 [INFO] [evolutionary_search.cc:730] Sending 64 candidates(s) for measurement
2024-05-19 16:06:49 [INFO] [task_scheduler.cc:131] [Task #2: fused_nn_contrib_conv2d_NCHWc_add_2] Trial #129: GFLOPs: 139.1423. Time: 30.2029 us. Best GFLOPs: 143.8512
2024-05-19 16:06:49 [INFO] [task_scheduler.cc:131] [Task #2: fused_nn_contrib_conv2d_NCHWc_add_2] Trial #130: GFLOPs: 165.7294. Time: 25.3576 us. Best GFLOPs: 165.7294
2024-05-19 16:06:49 [INFO] [task_scheduler.cc:131] [Task #2: fused_nn_contrib_conv2d_NCHWc_add_2] Trial #131: GFLOPs: 153.1364. Time: 27.4428 us. Best GFLOPs: 165.7294
2024-05-19 16:06:49 [INFO] [task_scheduler.cc:131] [Task #2: fused_nn_contrib_conv2d_NCHWc_add_2] Trial #132: GFLOPs: 135.7879. Time: 30.9490 us. Best GFLOPs: 165.7294
2024-05-19 16:06:49 [INFO] [task_scheduler.cc:131] [Task #2: fused_nn_contrib_conv2d_NCHWc_add_2] Trial #133: GFLOPs: 141.9747. Time: 29.6003 us. Best GFLOPs: 165.7294
2024-05-19 16:06:49 [INFO] [task_scheduler.cc:131] [Task #2: fused_nn_contrib_conv2d_NCHWc_add_2] Trial #134: GFLOPs: 136.3277. Time: 30.8264 us. Best GFLOPs: 165.7294
2024-05-19 16:06:49 [INFO] [task_scheduler.cc:131] [Task #2: fused_nn_contrib_conv2d_NCHWc_add_2] Trial #135: GFLOPs: 149.2062. Time: 28.1657 us. Best GFLOPs: 165.7294
2024-05-19 16:06:49 [INFO] [task_scheduler.cc:131] [Task #2: fused_nn_contrib_conv2d_NCHWc_add_2] Trial #136: GFLOPs: 135.3929. Time: 31.0393 us. Best GFLOPs: 165.7294
2024-05-19 16:06:49 [INFO] [task_scheduler.cc:131] [Task #2: fused_nn_contrib_conv2d_NCHWc_add_2] Trial #137: GFLOPs: 130.5420. Time: 32.1927 us. Best GFLOPs: 165.7294
2024-05-19 16:06:49 [INFO] [task_scheduler.cc:131] [Task #2: fused_nn_contrib_conv2d_NCHWc_add_2] Trial #138: GFLOPs: 177.1345. Time: 23.7249 us. Best GFLOPs: 177.1345
2024-05-19 16:06:49 [INFO] [task_scheduler.cc:131] [Task #2: fused_nn_contrib_conv2d_NCHWc_add_2] Trial #139: GFLOPs: 135.4785. Time: 31.0196 us. Best GFLOPs: 177.1345
2024-05-19 16:06:49 [INFO] [task_scheduler.cc:131] [Task #2: fused_nn_contrib_conv2d_NCHWc_add_2] Trial #140: GFLOPs: 154.3674. Time: 27.2240 us. Best GFLOPs: 177.1345
2024-05-19 16:06:49 [INFO] [task_scheduler.cc:131] [Task #2: fused_nn_contrib_conv2d_NCHWc_add_2] Trial #141: GFLOPs: 132.6765. Time: 31.6748 us. Best GFLOPs: 177.1345
2024-05-19 16:06:49 [INFO] [task_scheduler.cc:131] [Task #2: fused_nn_contrib_conv2d_NCHWc_add_2] Trial #142: GFLOPs: 148.8536. Time: 28.2324 us. Best GFLOPs: 177.1345
2024-05-19 16:06:49 [INFO] [task_scheduler.cc:131] [Task #2: fused_nn_contrib_conv2d_NCHWc_add_2] Trial #143: GFLOPs: 159.4764. Time: 26.3518 us. Best GFLOPs: 177.1345
2024-05-19 16:06:49 [INFO] [task_scheduler.cc:131] [Task #2: fused_nn_contrib_conv2d_NCHWc_add_2] Trial #144: GFLOPs: 110.9415. Time: 37.8803 us. Best GFLOPs: 177.1345
2024-05-19 16:06:49 [INFO] [task_scheduler.cc:131] [Task #2: fused_nn_contrib_conv2d_NCHWc_add_2] Trial #145: GFLOPs: 137.7931. Time: 30.4986 us. Best GFLOPs: 177.1345
2024-05-19 16:06:49 [INFO] [task_scheduler.cc:131] [Task #2: fused_nn_contrib_conv2d_NCHWc_add_2] Trial #146: GFLOPs: 148.2515. Time: 28.3471 us. Best GFLOPs: 177.1345
2024-05-19 16:06:49 [INFO] [task_scheduler.cc:131] [Task #2: fused_nn_contrib_conv2d_NCHWc_add_2] Trial #147: GFLOPs: 163.3337. Time: 25.7295 us. Best GFLOPs: 177.1345
2024-05-19 16:06:49 [INFO] [task_scheduler.cc:131] [Task #2: fused_nn_contrib_conv2d_NCHWc_add_2] Trial #148: GFLOPs: 137.7649. Time: 30.5048 us. Best GFLOPs: 177.1345
2024-05-19 16:06:49 [INFO] [task_scheduler.cc:131] [Task #2: fused_nn_contrib_conv2d_NCHWc_add_2] Trial #149: GFLOPs: 116.8396. Time: 35.9681 us. Best GFLOPs: 177.1345
2024-05-19 16:06:49 [INFO] [task_scheduler.cc:131] [Task #2: fused_nn_contrib_conv2d_NCHWc_add_2] Trial #150: GFLOPs: 179.8811. Time: 23.3626 us. Best GFLOPs: 179.8811
2024-05-19 16:06:49 [INFO] [task_scheduler.cc:131] [Task #2: fused_nn_contrib_conv2d_NCHWc_add_2] Trial #151: GFLOPs: 123.8273. Time: 33.9384 us. Best GFLOPs: 179.8811
2024-05-19 16:06:49 [INFO] [task_scheduler.cc:131] [Task #2: fused_nn_contrib_conv2d_NCHWc_add_2] Trial #152: GFLOPs: 121.7705. Time: 34.5116 us. Best GFLOPs: 179.8811
2024-05-19 16:06:49 [INFO] [task_scheduler.cc:131] [Task #2: fused_nn_contrib_conv2d_NCHWc_add_2] Trial #153: GFLOPs: 157.3819. Time: 26.7025 us. Best GFLOPs: 179.8811
2024-05-19 16:06:49 [INFO] [task_scheduler.cc:131] [Task #2: fused_nn_contrib_conv2d_NCHWc_add_2] Trial #154: GFLOPs: 104.6571. Time: 40.1549 us. Best GFLOPs: 179.8811
2024-05-19 16:06:49 [INFO] [task_scheduler.cc:131] [Task #2: fused_nn_contrib_conv2d_NCHWc_add_2] Trial #155: GFLOPs: 137.7151. Time: 30.5159 us. Best GFLOPs: 179.8811
2024-05-19 16:06:49 [INFO] [task_scheduler.cc:131] [Task #2: fused_nn_contrib_conv2d_NCHWc_add_2] Trial #156: GFLOPs: 96.0816. Time: 43.7388 us. Best GFLOPs: 179.8811
2024-05-19 16:06:49 [INFO] [task_scheduler.cc:131] [Task #2: fused_nn_contrib_conv2d_NCHWc_add_2] Trial #157: GFLOPs: 139.3666. Time: 30.1543 us. Best GFLOPs: 179.8811
2024-05-19 16:06:49 [INFO] [task_scheduler.cc:131] [Task #2: fused_nn_contrib_conv2d_NCHWc_add_2] Trial #158: GFLOPs: 139.4928. Time: 30.1270 us. Best GFLOPs: 179.8811
2024-05-19 16:06:49 [INFO] [task_scheduler.cc:131] [Task #2: fused_nn_contrib_conv2d_NCHWc_add_2] Trial #159: GFLOPs: 127.7361. Time: 32.8998 us. Best GFLOPs: 179.8811
2024-05-19 16:06:49 [INFO] [task_scheduler.cc:131] [Task #2: fused_nn_contrib_conv2d_NCHWc_add_2] Trial #160: GFLOPs: 130.1985. Time: 32.2776 us. Best GFLOPs: 179.8811
2024-05-19 16:06:49 [INFO] [task_scheduler.cc:131] [Task #2: fused_nn_contrib_conv2d_NCHWc_add_2] Trial #161: GFLOPs: 135.5229. Time: 31.0095 us. Best GFLOPs: 179.8811
2024-05-19 16:06:49 [INFO] [task_scheduler.cc:131] [Task #2: fused_nn_contrib_conv2d_NCHWc_add_2] Trial #162: GFLOPs: 124.0585. Time: 33.8751 us. Best GFLOPs: 179.8811
2024-05-19 16:06:49 [INFO] [task_scheduler.cc:131] [Task #2: fused_nn_contrib_conv2d_NCHWc_add_2] Trial #163: GFLOPs: 136.4463. Time: 30.7996 us. Best GFLOPs: 179.8811
2024-05-19 16:06:49 [INFO] [task_scheduler.cc:131] [Task #2: fused_nn_contrib_conv2d_NCHWc_add_2] Trial #164: GFLOPs: 144.3139. Time: 29.1205 us. Best GFLOPs: 179.8811
2024-05-19 16:06:49 [INFO] [task_scheduler.cc:131] [Task #2: fused_nn_contrib_conv2d_NCHWc_add_2] Trial #165: GFLOPs: 129.6472. Time: 32.4149 us. Best GFLOPs: 179.8811
2024-05-19 16:06:49 [INFO] [task_scheduler.cc:131] [Task #2: fused_nn_contrib_conv2d_NCHWc_add_2] Trial #166: GFLOPs: 177.9945. Time: 23.6103 us. Best GFLOPs: 179.8811
2024-05-19 16:06:49 [INFO] [task_scheduler.cc:131] [Task #2: fused_nn_contrib_conv2d_NCHWc_add_2] Trial #167: GFLOPs: 137.2578. Time: 30.6175 us. Best GFLOPs: 179.8811
2024-05-19 16:06:49 [INFO] [task_scheduler.cc:131] [Task #2: fused_nn_contrib_conv2d_NCHWc_add_2] Trial #168: GFLOPs: 126.4680. Time: 33.2297 us. Best GFLOPs: 179.8811
2024-05-19 16:06:49 [INFO] [task_scheduler.cc:131] [Task #2: fused_nn_contrib_conv2d_NCHWc_add_2] Trial #169: GFLOPs: 126.1389. Time: 33.3164 us. Best GFLOPs: 179.8811
2024-05-19 16:06:49 [INFO] [task_scheduler.cc:131] [Task #2: fused_nn_contrib_conv2d_NCHWc_add_2] Trial #170: GFLOPs: 147.6929. Time: 28.4543 us. Best GFLOPs: 179.8811
2024-05-19 16:06:49 [INFO] [task_scheduler.cc:131] [Task #2: fused_nn_contrib_conv2d_NCHWc_add_2] Trial #171: GFLOPs: 139.3891. Time: 30.1494 us. Best GFLOPs: 179.8811
2024-05-19 16:06:49 [INFO] [task_scheduler.cc:131] [Task #2: fused_nn_contrib_conv2d_NCHWc_add_2] Trial #172: GFLOPs: 144.1803. Time: 29.1475 us. Best GFLOPs: 179.8811
2024-05-19 16:06:49 [INFO] [task_scheduler.cc:131] [Task #2: fused_nn_contrib_conv2d_NCHWc_add_2] Trial #173: GFLOPs: 100.9603. Time: 41.6252 us. Best GFLOPs: 179.8811
2024-05-19 16:06:49 [INFO] [task_scheduler.cc:131] [Task #2: fused_nn_contrib_conv2d_NCHWc_add_2] Trial #174: GFLOPs: 128.9932. Time: 32.5792 us. Best GFLOPs: 179.8811
2024-05-19 16:06:49 [INFO] [task_scheduler.cc:131] [Task #2: fused_nn_contrib_conv2d_NCHWc_add_2] Trial #175: GFLOPs: 131.8080. Time: 31.8835 us. Best GFLOPs: 179.8811
2024-05-19 16:06:49 [INFO] [task_scheduler.cc:131] [Task #2: fused_nn_contrib_conv2d_NCHWc_add_2] Trial #176: GFLOPs: 133.1984. Time: 31.5506 us. Best GFLOPs: 179.8811
2024-05-19 16:06:49 [INFO] [task_scheduler.cc:131] [Task #2: fused_nn_contrib_conv2d_NCHWc_add_2] Trial #177: GFLOPs: 119.8361. Time: 35.0687 us. Best GFLOPs: 179.8811
2024-05-19 16:06:49 [INFO] [task_scheduler.cc:131] [Task #2: fused_nn_contrib_conv2d_NCHWc_add_2] Trial #178: GFLOPs: 135.0001. Time: 31.1296 us. Best GFLOPs: 179.8811
2024-05-19 16:06:49 [INFO] [task_scheduler.cc:131] [Task #2: fused_nn_contrib_conv2d_NCHWc_add_2] Trial #179: GFLOPs: 113.1390. Time: 37.1446 us. Best GFLOPs: 179.8811
2024-05-19 16:06:49 [INFO] [task_scheduler.cc:131] [Task #2: fused_nn_contrib_conv2d_NCHWc_add_2] Trial #180: GFLOPs: 112.9524. Time: 37.2059 us. Best GFLOPs: 179.8811
2024-05-19 16:06:49 [INFO] [task_scheduler.cc:131] [Task #2: fused_nn_contrib_conv2d_NCHWc_add_2] Trial #181: GFLOPs: 139.5485. Time: 30.1150 us. Best GFLOPs: 179.8811
2024-05-19 16:06:49 [INFO] [task_scheduler.cc:131] [Task #2: fused_nn_contrib_conv2d_NCHWc_add_2] Trial #182: GFLOPs: 117.7028. Time: 35.7043 us. Best GFLOPs: 179.8811
2024-05-19 16:06:49 [INFO] [task_scheduler.cc:131] [Task #2: fused_nn_contrib_conv2d_NCHWc_add_2] Trial #183: GFLOPs: 140.7208. Time: 29.8641 us. Best GFLOPs: 179.8811
2024-05-19 16:06:49 [INFO] [task_scheduler.cc:131] [Task #2: fused_nn_contrib_conv2d_NCHWc_add_2] Trial #184: GFLOPs: 127.0797. Time: 33.0698 us. Best GFLOPs: 179.8811
2024-05-19 16:06:49 [INFO] [task_scheduler.cc:131] [Task #2: fused_nn_contrib_conv2d_NCHWc_add_2] Trial #185: GFLOPs: 163.3715. Time: 25.7236 us. Best GFLOPs: 179.8811
2024-05-19 16:06:49 [INFO] [task_scheduler.cc:131] [Task #2: fused_nn_contrib_conv2d_NCHWc_add_2] Trial #186: GFLOPs: 131.1003. Time: 32.0556 us. Best GFLOPs: 179.8811
2024-05-19 16:06:49 [INFO] [task_scheduler.cc:131] [Task #2: fused_nn_contrib_conv2d_NCHWc_add_2] Trial #187: GFLOPs: 111.1736. Time: 37.8012 us. Best GFLOPs: 179.8811
2024-05-19 16:06:49 [INFO] [task_scheduler.cc:131] [Task #2: fused_nn_contrib_conv2d_NCHWc_add_2] Trial #188: GFLOPs: 94.4783. Time: 44.4811 us. Best GFLOPs: 179.8811
2024-05-19 16:06:49 [INFO] [task_scheduler.cc:131] [Task #2: fused_nn_contrib_conv2d_NCHWc_add_2] Trial #189: GFLOPs: 124.4128. Time: 33.7786 us. Best GFLOPs: 179.8811
2024-05-19 16:06:49 [INFO] [task_scheduler.cc:131] [Task #2: fused_nn_contrib_conv2d_NCHWc_add_2] Trial #190: GFLOPs: 6.1632. Time: 681.8681 us. Best GFLOPs: 179.8811
2024-05-19 16:06:49 [INFO] [task_scheduler.cc:131] [Task #2: fused_nn_contrib_conv2d_NCHWc_add_2] Trial #191: GFLOPs: 11.9745. Time: 350.9541 us. Best GFLOPs: 179.8811
2024-05-19 16:06:49 [INFO] [task_scheduler.cc:131] [Task #2: fused_nn_contrib_conv2d_NCHWc_add_2] Trial #192: GFLOPs: 40.7675. Time: 103.0845 us. Best GFLOPs: 179.8811
