2024-05-21 09:36:57 [INFO] [task_scheduler.cc:160] Initializing Task #19: "fused_nn_contrib_depthwise_conv2d_NCHWc_add_clip_6"
2024-05-21 09:36:57 [INFO] [task_scheduler.cc:35] 
# from tvm.script import ir as I
# from tvm.script import tir as T

@I.ir_module
class Module:
    @T.prim_func
    def main(p0: T.Buffer((T.int64(1), T.int64(48), T.int64(2), T.int64(2), T.int64(8)), "float32"), p1: T.Buffer((T.int64(48), T.int64(1), T.int64(3), T.int64(3), T.int64(1), T.int64(8)), "float32"), p2: T.Buffer((T.int64(1), T.int64(48), T.int64(1), T.int64(1), T.int64(8)), "float32"), compute: T.Buffer((T.int64(1), T.int64(48), T.int64(2), T.int64(2), T.int64(8)), "float32")):
        T.func_attr({"tir.noalias": T.bool(True)})
        # with T.block("root"):
        PaddedInput = T.alloc_buffer((T.int64(1), T.int64(48), T.int64(4), T.int64(4), T.int64(8)))
        DepthwiseConv2d = T.alloc_buffer((T.int64(1), T.int64(48), T.int64(2), T.int64(2), T.int64(8)))
        T_add = T.alloc_buffer((T.int64(1), T.int64(48), T.int64(2), T.int64(2), T.int64(8)))
        for i0, i1, i2, i3, i4 in T.grid(T.int64(1), T.int64(48), T.int64(4), T.int64(4), T.int64(8)):
            with T.block("PaddedInput"):
                v_i0, v_i1, v_i2, v_i3, v_i4 = T.axis.remap("SSSSS", [i0, i1, i2, i3, i4])
                T.reads(p0[v_i0, v_i1, v_i2 - T.int64(1), v_i3 - T.int64(1), v_i4])
                T.writes(PaddedInput[v_i0, v_i1, v_i2, v_i3, v_i4])
                PaddedInput[v_i0, v_i1, v_i2, v_i3, v_i4] = T.if_then_else(T.int64(1) <= v_i2 and v_i2 < T.int64(3) and T.int64(1) <= v_i3 and v_i3 < T.int64(3), p0[v_i0, v_i1, v_i2 - T.int64(1), v_i3 - T.int64(1), v_i4], T.float32(0))
        for b, oco, oh, ow, oci, kh, kw in T.grid(T.int64(1), T.int64(48), T.int64(2), T.int64(2), T.int64(8), T.int64(3), T.int64(3)):
            with T.block("DepthwiseConv2d"):
                v_b, v_oco, v_oh, v_ow, v_oci, v_kh, v_kw = T.axis.remap("SSSSSRR", [b, oco, oh, ow, oci, kh, kw])
                T.reads(PaddedInput[v_b, v_oci // T.int64(8) + v_oco, v_oh + v_kh, v_ow + v_kw, v_oci % T.int64(8)], p1[v_oco, T.int64(0), v_kh, v_kw, T.int64(0), v_oci])
                T.writes(DepthwiseConv2d[v_b, v_oco, v_oh, v_ow, v_oci])
                with T.init():
                    DepthwiseConv2d[v_b, v_oco, v_oh, v_ow, v_oci] = T.float32(0)
                DepthwiseConv2d[v_b, v_oco, v_oh, v_ow, v_oci] = DepthwiseConv2d[v_b, v_oco, v_oh, v_ow, v_oci] + PaddedInput[v_b, v_oci // T.int64(8) + v_oco, v_oh + v_kh, v_ow + v_kw, v_oci % T.int64(8)] * p1[v_oco, T.int64(0), v_kh, v_kw, T.int64(0), v_oci]
        for ax0, ax1, ax2, ax3, ax4 in T.grid(T.int64(1), T.int64(48), T.int64(2), T.int64(2), T.int64(8)):
            with T.block("T_add"):
                v_ax0, v_ax1, v_ax2, v_ax3, v_ax4 = T.axis.remap("SSSSS", [ax0, ax1, ax2, ax3, ax4])
                T.reads(DepthwiseConv2d[v_ax0, v_ax1, v_ax2, v_ax3, v_ax4], p2[v_ax0, v_ax1, T.int64(0), T.int64(0), v_ax4])
                T.writes(T_add[v_ax0, v_ax1, v_ax2, v_ax3, v_ax4])
                T_add[v_ax0, v_ax1, v_ax2, v_ax3, v_ax4] = DepthwiseConv2d[v_ax0, v_ax1, v_ax2, v_ax3, v_ax4] + p2[v_ax0, v_ax1, T.int64(0), T.int64(0), v_ax4]
        for i0, i1, i2, i3, i4 in T.grid(T.int64(1), T.int64(48), T.int64(2), T.int64(2), T.int64(8)):
            with T.block("compute"):
                v_i0, v_i1, v_i2, v_i3, v_i4 = T.axis.remap("SSSSS", [i0, i1, i2, i3, i4])
                T.reads(T_add[v_i0, v_i1, v_i2, v_i3, v_i4])
                T.writes(compute[v_i0, v_i1, v_i2, v_i3, v_i4])
                compute[v_i0, v_i1, v_i2, v_i3, v_i4] = T.max(T.min(T_add[v_i0, v_i1, v_i2, v_i3, v_i4], T.float32(6)), T.float32(0))
2024-05-21 09:36:57 [INFO] [task_scheduler.cc:164] Total 3 design space(s) generated
2024-05-21 09:36:57 [INFO] [task_scheduler.cc:170] Design space #0:
# from tvm.script import ir as I
# from tvm.script import tir as T

@I.ir_module
class Module:
    @T.prim_func
    def main(p0: T.Buffer((T.int64(1), T.int64(48), T.int64(2), T.int64(2), T.int64(8)), "float32"), p1: T.Buffer((T.int64(48), T.int64(1), T.int64(3), T.int64(3), T.int64(1), T.int64(8)), "float32"), p2: T.Buffer((T.int64(1), T.int64(48), T.int64(1), T.int64(1), T.int64(8)), "float32"), compute: T.Buffer((T.int64(1), T.int64(48), T.int64(2), T.int64(2), T.int64(8)), "float32")):
        T.func_attr({"tir.noalias": T.bool(True)})
        with T.block("root"):
            T.reads()
            T.writes()
            T.block_attr({"meta_schedule.parallel": 96, "meta_schedule.unroll_explicit": 512, "meta_schedule.vectorize": 64})
            PaddedInput = T.alloc_buffer((T.int64(1), T.int64(48), T.int64(4), T.int64(4), T.int64(8)))
            DepthwiseConv2d = T.alloc_buffer((T.int64(1), T.int64(48), T.int64(2), T.int64(2), T.int64(8)))
            for b_0, oco_0, oh_0, ow_0, oci_0 in T.grid(T.int64(1), T.int64(3), T.int64(1), T.int64(1), T.int64(4)):
                for ax0, ax1, ax2, ax3, ax4 in T.grid(T.int64(1), T.int64(16), T.int64(4), T.int64(4), T.int64(2)):
                    with T.block("PaddedInput"):
                        v_i0 = T.axis.spatial(T.int64(1), ax0)
                        v_i1 = T.axis.spatial(T.int64(48), oco_0 * T.int64(16) + ax1)
                        v_i2, v_i3 = T.axis.remap("SS", [ax2, ax3])
                        v_i4 = T.axis.spatial(T.int64(8), oci_0 * T.int64(2) + ax4)
                        T.reads(p0[v_i0, v_i1, v_i2 - T.int64(1), v_i3 - T.int64(1), v_i4])
                        T.writes(PaddedInput[v_i0, v_i1, v_i2, v_i3, v_i4])
                        PaddedInput[v_i0, v_i1, v_i2, v_i3, v_i4] = T.if_then_else(T.int64(1) <= v_i2 and v_i2 < T.int64(3) and T.int64(1) <= v_i3 and v_i3 < T.int64(3), p0[v_i0, v_i1, v_i2 - T.int64(1), v_i3 - T.int64(1), v_i4], T.float32(0))
                for b_1, oco_1, oh_1, ow_1, oci_1, kh_0, kw_0, b_2, oco_2, oh_2, ow_2, oci_2, kh_1, kw_1, b_3, oco_3, oh_3, ow_3, oci_3 in T.grid(T.int64(1), T.int64(2), T.int64(2), T.int64(1), T.int64(2), T.int64(3), T.int64(1), T.int64(1), T.int64(8), T.int64(1), T.int64(1), T.int64(1), T.int64(1), T.int64(3), T.int64(1), T.int64(1), T.int64(1), T.int64(2), T.int64(1)):
                    with T.block("DepthwiseConv2d"):
                        v_b = T.axis.spatial(T.int64(1), b_0 + b_1 + b_2 + b_3)
                        v_oco = T.axis.spatial(T.int64(48), oco_0 * T.int64(16) + oco_1 * T.int64(8) + oco_2 + oco_3)
                        v_oh = T.axis.spatial(T.int64(2), oh_0 * T.int64(2) + oh_1 + oh_2 + oh_3)
                        v_ow = T.axis.spatial(T.int64(2), ow_0 * T.int64(2) + ow_1 * T.int64(2) + ow_2 * T.int64(2) + ow_3)
                        v_oci = T.axis.spatial(T.int64(8), oci_0 * T.int64(2) + oci_1 + oci_2 + oci_3)
                        v_kh = T.axis.reduce(T.int64(3), kh_0 + kh_1)
                        v_kw = T.axis.reduce(T.int64(3), kw_0 * T.int64(3) + kw_1)
                        T.reads(PaddedInput[v_b, v_oci // T.int64(8) + v_oco, v_oh + v_kh, v_ow + v_kw, v_oci % T.int64(8)], p1[v_oco, T.int64(0), v_kh, v_kw, T.int64(0), v_oci])
                        T.writes(DepthwiseConv2d[v_b, v_oco, v_oh, v_ow, v_oci])
                        T.block_attr({"meta_schedule.tiling_structure": "SSRSRS"})
                        with T.init():
                            DepthwiseConv2d[v_b, v_oco, v_oh, v_ow, v_oci] = T.float32(0)
                        DepthwiseConv2d[v_b, v_oco, v_oh, v_ow, v_oci] = DepthwiseConv2d[v_b, v_oco, v_oh, v_ow, v_oci] + PaddedInput[v_b, v_oci // T.int64(8) + v_oco, v_oh + v_kh, v_ow + v_kw, v_oci % T.int64(8)] * p1[v_oco, T.int64(0), v_kh, v_kw, T.int64(0), v_oci]
            for i0, i1, i2, i3, i4 in T.grid(T.int64(1), T.int64(48), T.int64(2), T.int64(2), T.int64(8)):
                with T.block("compute"):
                    v_i0, v_i1, v_i2, v_i3, v_i4 = T.axis.remap("SSSSS", [i0, i1, i2, i3, i4])
                    T.reads(DepthwiseConv2d[v_i0, v_i1, v_i2, v_i3, v_i4], p2[v_i0, v_i1, T.int64(0), T.int64(0), v_i4])
                    T.writes(compute[v_i0, v_i1, v_i2, v_i3, v_i4])
                    compute[v_i0, v_i1, v_i2, v_i3, v_i4] = T.max(T.min(DepthwiseConv2d[v_i0, v_i1, v_i2, v_i3, v_i4] + p2[v_i0, v_i1, T.int64(0), T.int64(0), v_i4], T.float32(6)), T.float32(0))
b0 = sch.get_block(name="PaddedInput", func_name="main")
b1 = sch.get_block(name="DepthwiseConv2d", func_name="main")
b2 = sch.get_block(name="T_add", func_name="main")
b3 = sch.get_block(name="root", func_name="main")
sch.compute_inline(block=b2)
sch.annotate(block_or_loop=b1, ann_key="meta_schedule.tiling_structure", ann_val="SSRSRS")
l4, l5, l6, l7, l8, l9, l10 = sch.get_loops(block=b1)
v11, v12, v13, v14 = sch.sample_perfect_tile(loop=l4, n=4, max_innermost_factor=64, decision=[1, 1, 1, 1])
l15, l16, l17, l18 = sch.split(loop=l4, factors=[v11, v12, v13, v14], preserve_unit_iters=True, disable_predication=False)
v19, v20, v21, v22 = sch.sample_perfect_tile(loop=l5, n=4, max_innermost_factor=64, decision=[3, 2, 8, 1])
l23, l24, l25, l26 = sch.split(loop=l5, factors=[v19, v20, v21, v22], preserve_unit_iters=True, disable_predication=False)
v27, v28, v29, v30 = sch.sample_perfect_tile(loop=l6, n=4, max_innermost_factor=64, decision=[1, 2, 1, 1])
l31, l32, l33, l34 = sch.split(loop=l6, factors=[v27, v28, v29, v30], preserve_unit_iters=True, disable_predication=False)
v35, v36, v37, v38 = sch.sample_perfect_tile(loop=l7, n=4, max_innermost_factor=64, decision=[1, 1, 1, 2])
l39, l40, l41, l42 = sch.split(loop=l7, factors=[v35, v36, v37, v38], preserve_unit_iters=True, disable_predication=False)
v43, v44, v45, v46 = sch.sample_perfect_tile(loop=l8, n=4, max_innermost_factor=64, decision=[4, 2, 1, 1])
l47, l48, l49, l50 = sch.split(loop=l8, factors=[v43, v44, v45, v46], preserve_unit_iters=True, disable_predication=False)
v51, v52 = sch.sample_perfect_tile(loop=l9, n=2, max_innermost_factor=64, decision=[3, 1])
l53, l54 = sch.split(loop=l9, factors=[v51, v52], preserve_unit_iters=True, disable_predication=False)
v55, v56 = sch.sample_perfect_tile(loop=l10, n=2, max_innermost_factor=64, decision=[1, 3])
l57, l58 = sch.split(loop=l10, factors=[v55, v56], preserve_unit_iters=True, disable_predication=False)
sch.reorder(l15, l23, l31, l39, l47, l16, l24, l32, l40, l48, l53, l57, l17, l25, l33, l41, l49, l54, l58, l18, l26, l34, l42, l50)
sch.annotate(block_or_loop=b3, ann_key="meta_schedule.parallel", ann_val=96)
sch.annotate(block_or_loop=b3, ann_key="meta_schedule.vectorize", ann_val=64)
v59 = sch.sample_categorical(candidates=[0, 16, 64, 512], probs=[0.25, 0.25, 0.25, 0.25], decision=3)
sch.annotate(block_or_loop=b3, ann_key="meta_schedule.unroll_explicit", ann_val=v59)
l60 = sch.sample_compute_location(block=b0, decision=4)
sch.compute_at(block=b0, loop=l60, preserve_unit_loops=True, index=-1)
2024-05-21 09:36:57 [INFO] [task_scheduler.cc:170] Design space #1:
# from tvm.script import ir as I
# from tvm.script import tir as T

@I.ir_module
class Module:
    @T.prim_func
    def main(p0: T.Buffer((T.int64(1), T.int64(48), T.int64(2), T.int64(2), T.int64(8)), "float32"), p1: T.Buffer((T.int64(48), T.int64(1), T.int64(3), T.int64(3), T.int64(1), T.int64(8)), "float32"), p2: T.Buffer((T.int64(1), T.int64(48), T.int64(1), T.int64(1), T.int64(8)), "float32"), compute: T.Buffer((T.int64(1), T.int64(48), T.int64(2), T.int64(2), T.int64(8)), "float32")):
        T.func_attr({"tir.noalias": T.bool(True)})
        with T.block("root"):
            T.reads()
            T.writes()
            T.block_attr({"meta_schedule.parallel": 96, "meta_schedule.unroll_explicit": 0, "meta_schedule.vectorize": 64})
            PaddedInput = T.alloc_buffer((T.int64(1), T.int64(48), T.int64(4), T.int64(4), T.int64(8)))
            DepthwiseConv2d = T.alloc_buffer((T.int64(1), T.int64(48), T.int64(2), T.int64(2), T.int64(8)))
            for b_0, oco_0, oh_0, ow_0, oci_0, b_1, oco_1, oh_1 in T.grid(T.int64(1), T.int64(3), T.int64(1), T.int64(1), T.int64(4), T.int64(1), T.int64(2), T.int64(2)):
                for ax0, ax1, ax2, ax3, ax4 in T.grid(T.int64(1), T.int64(8), T.int64(3), T.int64(4), T.int64(2)):
                    with T.block("PaddedInput"):
                        v_i0 = T.axis.spatial(T.int64(1), ax0)
                        v_i1 = T.axis.spatial(T.int64(48), oco_0 * T.int64(16) + oco_1 * T.int64(8) + ax1)
                        v_i2 = T.axis.spatial(T.int64(4), oh_1 + ax2)
                        v_i3 = T.axis.spatial(T.int64(4), ax3)
                        v_i4 = T.axis.spatial(T.int64(8), oci_0 * T.int64(2) + ax4)
                        T.reads(p0[v_i0, v_i1, v_i2 - T.int64(1), v_i3 - T.int64(1), v_i4])
                        T.writes(PaddedInput[v_i0, v_i1, v_i2, v_i3, v_i4])
                        PaddedInput[v_i0, v_i1, v_i2, v_i3, v_i4] = T.if_then_else(T.int64(1) <= v_i2 and v_i2 < T.int64(3) and T.int64(1) <= v_i3 and v_i3 < T.int64(3), p0[v_i0, v_i1, v_i2 - T.int64(1), v_i3 - T.int64(1), v_i4], T.float32(0))
                for ow_1, oci_1 in T.grid(T.int64(1), T.int64(2)):
                    for kh_0, kw_0, b_2, oco_2, oh_2, ow_2, oci_2, kh_1, kw_1, b_3, oco_3, oh_3, ow_3, oci_3 in T.grid(T.int64(3), T.int64(1), T.int64(1), T.int64(8), T.int64(1), T.int64(1), T.int64(1), T.int64(1), T.int64(3), T.int64(1), T.int64(1), T.int64(1), T.int64(2), T.int64(1)):
                        with T.block("DepthwiseConv2d"):
                            v_b = T.axis.spatial(T.int64(1), b_0 + b_1 + b_2 + b_3)
                            v_oco = T.axis.spatial(T.int64(48), oco_0 * T.int64(16) + oco_1 * T.int64(8) + oco_2 + oco_3)
                            v_oh = T.axis.spatial(T.int64(2), oh_0 * T.int64(2) + oh_1 + oh_2 + oh_3)
                            v_ow = T.axis.spatial(T.int64(2), ow_0 * T.int64(2) + ow_1 * T.int64(2) + ow_2 * T.int64(2) + ow_3)
                            v_oci = T.axis.spatial(T.int64(8), oci_0 * T.int64(2) + oci_1 + oci_2 + oci_3)
                            v_kh = T.axis.reduce(T.int64(3), kh_0 + kh_1)
                            v_kw = T.axis.reduce(T.int64(3), kw_0 * T.int64(3) + kw_1)
                            T.reads(PaddedInput[v_b, v_oci // T.int64(8) + v_oco, v_oh + v_kh, v_ow + v_kw, v_oci % T.int64(8)], p1[v_oco, T.int64(0), v_kh, v_kw, T.int64(0), v_oci])
                            T.writes(DepthwiseConv2d[v_b, v_oco, v_oh, v_ow, v_oci])
                            T.block_attr({"meta_schedule.tiling_structure": "SSRSRS"})
                            with T.init():
                                DepthwiseConv2d[v_b, v_oco, v_oh, v_ow, v_oci] = T.float32(0)
                            DepthwiseConv2d[v_b, v_oco, v_oh, v_ow, v_oci] = DepthwiseConv2d[v_b, v_oco, v_oh, v_ow, v_oci] + PaddedInput[v_b, v_oci // T.int64(8) + v_oco, v_oh + v_kh, v_ow + v_kw, v_oci % T.int64(8)] * p1[v_oco, T.int64(0), v_kh, v_kw, T.int64(0), v_oci]
                    for ax0, ax1, ax2, ax3, ax4 in T.grid(T.int64(1), T.int64(8), T.int64(1), T.int64(2), T.int64(1)):
                        with T.block("compute"):
                            v_i0 = T.axis.spatial(T.int64(1), ax0)
                            v_i1 = T.axis.spatial(T.int64(48), oco_0 * T.int64(16) + oco_1 * T.int64(8) + ax1)
                            v_i2 = T.axis.spatial(T.int64(2), oh_1 + ax2)
                            v_i3 = T.axis.spatial(T.int64(2), ax3)
                            v_i4 = T.axis.spatial(T.int64(8), oci_0 * T.int64(2) + oci_1 + ax4)
                            T.reads(DepthwiseConv2d[v_i0, v_i1, v_i2, v_i3, v_i4], p2[v_i0, v_i1, T.int64(0), T.int64(0), v_i4])
                            T.writes(compute[v_i0, v_i1, v_i2, v_i3, v_i4])
                            compute[v_i0, v_i1, v_i2, v_i3, v_i4] = T.max(T.min(DepthwiseConv2d[v_i0, v_i1, v_i2, v_i3, v_i4] + p2[v_i0, v_i1, T.int64(0), T.int64(0), v_i4], T.float32(6)), T.float32(0))
b0 = sch.get_block(name="PaddedInput", func_name="main")
b1 = sch.get_block(name="DepthwiseConv2d", func_name="main")
b2 = sch.get_block(name="T_add", func_name="main")
b3 = sch.get_block(name="root", func_name="main")
sch.compute_inline(block=b2)
sch.annotate(block_or_loop=b1, ann_key="meta_schedule.tiling_structure", ann_val="SSRSRS")
l4, l5, l6, l7, l8, l9, l10 = sch.get_loops(block=b1)
v11, v12, v13, v14 = sch.sample_perfect_tile(loop=l4, n=4, max_innermost_factor=64, decision=[1, 1, 1, 1])
l15, l16, l17, l18 = sch.split(loop=l4, factors=[v11, v12, v13, v14], preserve_unit_iters=True, disable_predication=False)
v19, v20, v21, v22 = sch.sample_perfect_tile(loop=l5, n=4, max_innermost_factor=64, decision=[3, 2, 8, 1])
l23, l24, l25, l26 = sch.split(loop=l5, factors=[v19, v20, v21, v22], preserve_unit_iters=True, disable_predication=False)
v27, v28, v29, v30 = sch.sample_perfect_tile(loop=l6, n=4, max_innermost_factor=64, decision=[1, 2, 1, 1])
l31, l32, l33, l34 = sch.split(loop=l6, factors=[v27, v28, v29, v30], preserve_unit_iters=True, disable_predication=False)
v35, v36, v37, v38 = sch.sample_perfect_tile(loop=l7, n=4, max_innermost_factor=64, decision=[1, 1, 1, 2])
l39, l40, l41, l42 = sch.split(loop=l7, factors=[v35, v36, v37, v38], preserve_unit_iters=True, disable_predication=False)
v43, v44, v45, v46 = sch.sample_perfect_tile(loop=l8, n=4, max_innermost_factor=64, decision=[4, 2, 1, 1])
l47, l48, l49, l50 = sch.split(loop=l8, factors=[v43, v44, v45, v46], preserve_unit_iters=True, disable_predication=False)
v51, v52 = sch.sample_perfect_tile(loop=l9, n=2, max_innermost_factor=64, decision=[3, 1])
l53, l54 = sch.split(loop=l9, factors=[v51, v52], preserve_unit_iters=True, disable_predication=False)
v55, v56 = sch.sample_perfect_tile(loop=l10, n=2, max_innermost_factor=64, decision=[1, 3])
l57, l58 = sch.split(loop=l10, factors=[v55, v56], preserve_unit_iters=True, disable_predication=False)
sch.reorder(l15, l23, l31, l39, l47, l16, l24, l32, l40, l48, l53, l57, l17, l25, l33, l41, l49, l54, l58, l18, l26, l34, l42, l50)
b59, = sch.get_consumers(block=b1)
sch.reverse_compute_at(block=b59, loop=l48, preserve_unit_loops=True, index=-1)
sch.annotate(block_or_loop=b3, ann_key="meta_schedule.parallel", ann_val=96)
sch.annotate(block_or_loop=b3, ann_key="meta_schedule.vectorize", ann_val=64)
v60 = sch.sample_categorical(candidates=[0, 16, 64, 512], probs=[0.25, 0.25, 0.25, 0.25], decision=0)
sch.annotate(block_or_loop=b3, ann_key="meta_schedule.unroll_explicit", ann_val=v60)
l61 = sch.sample_compute_location(block=b0, decision=7)
sch.compute_at(block=b0, loop=l61, preserve_unit_loops=True, index=-1)
2024-05-21 09:36:57 [INFO] [task_scheduler.cc:170] Design space #2:
# from tvm.script import ir as I
# from tvm.script import tir as T

@I.ir_module
class Module:
    @T.prim_func
    def main(p0: T.Buffer((T.int64(1), T.int64(48), T.int64(2), T.int64(2), T.int64(8)), "float32"), p1: T.Buffer((T.int64(48), T.int64(1), T.int64(3), T.int64(3), T.int64(1), T.int64(8)), "float32"), p2: T.Buffer((T.int64(1), T.int64(48), T.int64(1), T.int64(1), T.int64(8)), "float32"), compute: T.Buffer((T.int64(1), T.int64(48), T.int64(2), T.int64(2), T.int64(8)), "float32")):
        T.func_attr({"tir.noalias": T.bool(True)})
        with T.block("root"):
            T.reads()
            T.writes()
            T.block_attr({"meta_schedule.parallel": 96, "meta_schedule.unroll_explicit": 16, "meta_schedule.vectorize": 64})
            DepthwiseConv2d = T.alloc_buffer((T.int64(1), T.int64(48), T.int64(2), T.int64(2), T.int64(8)))
            for b_0, oco_0, oh_0, ow_0, oci_0 in T.grid(T.int64(1), T.int64(3), T.int64(1), T.int64(1), T.int64(4)):
                for b_1, oco_1, oh_1, ow_1, oci_1, kh_0, kw_0, b_2, oco_2, oh_2, ow_2, oci_2, kh_1, kw_1, b_3, oco_3, oh_3, ow_3, oci_3 in T.grid(T.int64(1), T.int64(2), T.int64(2), T.int64(1), T.int64(2), T.int64(3), T.int64(1), T.int64(1), T.int64(8), T.int64(1), T.int64(1), T.int64(1), T.int64(1), T.int64(3), T.int64(1), T.int64(1), T.int64(1), T.int64(2), T.int64(1)):
                    with T.block("DepthwiseConv2d"):
                        v_b = T.axis.spatial(T.int64(1), b_0 + b_1 + b_2 + b_3)
                        v_oco = T.axis.spatial(T.int64(48), oco_0 * T.int64(16) + oco_1 * T.int64(8) + oco_2 + oco_3)
                        v_oh = T.axis.spatial(T.int64(2), oh_0 * T.int64(2) + oh_1 + oh_2 + oh_3)
                        v_ow = T.axis.spatial(T.int64(2), ow_0 * T.int64(2) + ow_1 * T.int64(2) + ow_2 * T.int64(2) + ow_3)
                        v_oci = T.axis.spatial(T.int64(8), oci_0 * T.int64(2) + oci_1 + oci_2 + oci_3)
                        v_kh = T.axis.reduce(T.int64(3), kh_0 + kh_1)
                        v_kw = T.axis.reduce(T.int64(3), kw_0 * T.int64(3) + kw_1)
                        T.reads(p0[v_b, v_oci // T.int64(8) + v_oco, v_oh + v_kh - T.int64(1), v_ow + v_kw - T.int64(1), v_oci % T.int64(8)], p1[v_oco, T.int64(0), v_kh, v_kw, T.int64(0), v_oci])
                        T.writes(DepthwiseConv2d[v_b, v_oco, v_oh, v_ow, v_oci])
                        T.block_attr({"meta_schedule.tiling_structure": "SSRSRS"})
                        with T.init():
                            DepthwiseConv2d[v_b, v_oco, v_oh, v_ow, v_oci] = T.float32(0)
                        DepthwiseConv2d[v_b, v_oco, v_oh, v_ow, v_oci] = DepthwiseConv2d[v_b, v_oco, v_oh, v_ow, v_oci] + T.if_then_else(T.int64(1) <= v_oh + v_kh and v_oh + v_kh < T.int64(3) and T.int64(1) <= v_ow + v_kw and v_ow + v_kw < T.int64(3), p0[v_b, v_oci // T.int64(8) + v_oco, v_oh + v_kh - T.int64(1), v_ow + v_kw - T.int64(1), v_oci % T.int64(8)], T.float32(0)) * p1[v_oco, T.int64(0), v_kh, v_kw, T.int64(0), v_oci]
                for ax0, ax1, ax2, ax3, ax4 in T.grid(T.int64(1), T.int64(16), T.int64(2), T.int64(2), T.int64(2)):
                    with T.block("compute"):
                        v_i0 = T.axis.spatial(T.int64(1), ax0)
                        v_i1 = T.axis.spatial(T.int64(48), oco_0 * T.int64(16) + ax1)
                        v_i2, v_i3 = T.axis.remap("SS", [ax2, ax3])
                        v_i4 = T.axis.spatial(T.int64(8), oci_0 * T.int64(2) + ax4)
                        T.reads(DepthwiseConv2d[v_i0, v_i1, v_i2, v_i3, v_i4], p2[v_i0, v_i1, T.int64(0), T.int64(0), v_i4])
                        T.writes(compute[v_i0, v_i1, v_i2, v_i3, v_i4])
                        compute[v_i0, v_i1, v_i2, v_i3, v_i4] = T.max(T.min(DepthwiseConv2d[v_i0, v_i1, v_i2, v_i3, v_i4] + p2[v_i0, v_i1, T.int64(0), T.int64(0), v_i4], T.float32(6)), T.float32(0))
b0 = sch.get_block(name="PaddedInput", func_name="main")
b1 = sch.get_block(name="DepthwiseConv2d", func_name="main")
b2 = sch.get_block(name="T_add", func_name="main")
b3 = sch.get_block(name="root", func_name="main")
sch.compute_inline(block=b2)
sch.annotate(block_or_loop=b1, ann_key="meta_schedule.tiling_structure", ann_val="SSRSRS")
l4, l5, l6, l7, l8, l9, l10 = sch.get_loops(block=b1)
v11, v12, v13, v14 = sch.sample_perfect_tile(loop=l4, n=4, max_innermost_factor=64, decision=[1, 1, 1, 1])
l15, l16, l17, l18 = sch.split(loop=l4, factors=[v11, v12, v13, v14], preserve_unit_iters=True, disable_predication=False)
v19, v20, v21, v22 = sch.sample_perfect_tile(loop=l5, n=4, max_innermost_factor=64, decision=[3, 2, 8, 1])
l23, l24, l25, l26 = sch.split(loop=l5, factors=[v19, v20, v21, v22], preserve_unit_iters=True, disable_predication=False)
v27, v28, v29, v30 = sch.sample_perfect_tile(loop=l6, n=4, max_innermost_factor=64, decision=[1, 2, 1, 1])
l31, l32, l33, l34 = sch.split(loop=l6, factors=[v27, v28, v29, v30], preserve_unit_iters=True, disable_predication=False)
v35, v36, v37, v38 = sch.sample_perfect_tile(loop=l7, n=4, max_innermost_factor=64, decision=[1, 1, 1, 2])
l39, l40, l41, l42 = sch.split(loop=l7, factors=[v35, v36, v37, v38], preserve_unit_iters=True, disable_predication=False)
v43, v44, v45, v46 = sch.sample_perfect_tile(loop=l8, n=4, max_innermost_factor=64, decision=[4, 2, 1, 1])
l47, l48, l49, l50 = sch.split(loop=l8, factors=[v43, v44, v45, v46], preserve_unit_iters=True, disable_predication=False)
v51, v52 = sch.sample_perfect_tile(loop=l9, n=2, max_innermost_factor=64, decision=[3, 1])
l53, l54 = sch.split(loop=l9, factors=[v51, v52], preserve_unit_iters=True, disable_predication=False)
v55, v56 = sch.sample_perfect_tile(loop=l10, n=2, max_innermost_factor=64, decision=[1, 3])
l57, l58 = sch.split(loop=l10, factors=[v55, v56], preserve_unit_iters=True, disable_predication=False)
sch.reorder(l15, l23, l31, l39, l47, l16, l24, l32, l40, l48, l53, l57, l17, l25, l33, l41, l49, l54, l58, l18, l26, l34, l42, l50)
b59, = sch.get_consumers(block=b1)
sch.reverse_compute_at(block=b59, loop=l47, preserve_unit_loops=True, index=-1)
sch.annotate(block_or_loop=b3, ann_key="meta_schedule.parallel", ann_val=96)
sch.annotate(block_or_loop=b3, ann_key="meta_schedule.vectorize", ann_val=64)
v60 = sch.sample_categorical(candidates=[0, 16, 64, 512], probs=[0.25, 0.25, 0.25, 0.25], decision=1)
sch.annotate(block_or_loop=b3, ann_key="meta_schedule.unroll_explicit", ann_val=v60)
l61 = sch.sample_compute_location(block=b0, decision=-2)
sch.compute_at(block=b0, loop=l61, preserve_unit_loops=True, index=-1)
2024-05-21 10:11:17 [INFO] [evolutionary_search.cc:713] Generating candidates......
2024-05-21 10:11:17 [INFO] [evolutionary_search.cc:715] Picked top 0 candidate(s) from database
2024-05-21 10:11:19 [INFO] [evolutionary_search.cc:533] Sample-Init-Population summary:
Postproc #0 [meta_schedule.DisallowDynamicLoop(0x11807618)]: 0 failure(s)
Postproc #1 [meta_schedule.RewriteParallelVectorizeUnroll(0x1178e328)]: 0 failure(s)
Postproc #2 [meta_schedule.RewriteReductionBlock(0xf7e7f68)]: 0 failure(s)
Postproc #3 [meta_schedule.RewriteLayout(0xe61bc68)]: 0 failure(s)
2024-05-21 10:11:19 [INFO] [evolutionary_search.cc:723] Sampled 512 candidate(s)
2024-05-21 10:11:21 [INFO] [evolutionary_search.cc:621] Evolve iter #0 done. Summary:
Postproc #0 [meta_schedule.DisallowDynamicLoop(0x11807618)]: 0 failure(s)
Postproc #1 [meta_schedule.RewriteParallelVectorizeUnroll(0x1178e328)]: 0 failure(s)
Postproc #2 [meta_schedule.RewriteReductionBlock(0xf7e7f68)]: 0 failure(s)
Postproc #3 [meta_schedule.RewriteLayout(0xe61bc68)]: 0 failure(s)
2024-05-21 10:11:23 [INFO] [evolutionary_search.cc:621] Evolve iter #1 done. Summary:
Postproc #0 [meta_schedule.DisallowDynamicLoop(0x11807618)]: 0 failure(s)
Postproc #1 [meta_schedule.RewriteParallelVectorizeUnroll(0x1178e328)]: 0 failure(s)
Postproc #2 [meta_schedule.RewriteReductionBlock(0xf7e7f68)]: 0 failure(s)
Postproc #3 [meta_schedule.RewriteLayout(0xe61bc68)]: 0 failure(s)
2024-05-21 10:11:25 [INFO] [evolutionary_search.cc:621] Evolve iter #2 done. Summary:
Postproc #0 [meta_schedule.DisallowDynamicLoop(0x11807618)]: 0 failure(s)
Postproc #1 [meta_schedule.RewriteParallelVectorizeUnroll(0x1178e328)]: 0 failure(s)
Postproc #2 [meta_schedule.RewriteReductionBlock(0xf7e7f68)]: 0 failure(s)
Postproc #3 [meta_schedule.RewriteLayout(0xe61bc68)]: 0 failure(s)
2024-05-21 10:11:27 [INFO] [evolutionary_search.cc:621] Evolve iter #3 done. Summary:
Postproc #0 [meta_schedule.DisallowDynamicLoop(0x11807618)]: 0 failure(s)
Postproc #1 [meta_schedule.RewriteParallelVectorizeUnroll(0x1178e328)]: 0 failure(s)
Postproc #2 [meta_schedule.RewriteReductionBlock(0xf7e7f68)]: 0 failure(s)
Postproc #3 [meta_schedule.RewriteLayout(0xe61bc68)]: 0 failure(s)
2024-05-21 10:11:27 [INFO] [evolutionary_search.cc:649] Scores of the best 64 candidates:
[1 : 16]:	0.9994  0.9987  0.9986  0.9982  0.9978  0.9955  0.9952  0.9950  0.9949  0.9948  0.9946  0.9937  0.9932  0.9925  0.9911  0.9905
[17 : 32]:	0.9899  0.9899  0.9899  0.9893  0.9887  0.9886  0.9880  0.9877  0.9875  0.9874  0.9866  0.9864  0.9859  0.9852  0.9844  0.9841
[33 : 48]:	0.9833  0.9833  0.9824  0.9823  0.9820  0.9817  0.9806  0.9800  0.9797  0.9790  0.9766  0.9763  0.9763  0.9763  0.9763  0.9760
[49 : 64]:	0.9758  0.9748  0.9747  0.9744  0.9738  0.9733  0.9726  0.9724  0.9724  0.9719  0.9704  0.9701  0.9700  0.9696  0.9693  0.9688
2024-05-21 10:11:27 [INFO] [evolutionary_search.cc:727] Got 64 candidate(s) with evolutionary search
2024-05-21 10:11:27 [INFO] [evolutionary_search.cc:730] Sending 64 candidates(s) for measurement
2024-05-21 10:34:56 [INFO] [task_scheduler.cc:131] [Task #19: fused_nn_contrib_depthwise_conv2d_NCHWc_add_clip_6] Trial #1: GFLOPs: 2.7548. Time: 11.7089 us. Best GFLOPs: 2.7548
2024-05-21 10:34:56 [INFO] [task_scheduler.cc:131] [Task #19: fused_nn_contrib_depthwise_conv2d_NCHWc_add_clip_6] Trial #2: GFLOPs: 6.5929. Time: 4.8925 us. Best GFLOPs: 6.5929
2024-05-21 10:34:56 [INFO] [task_scheduler.cc:131] [Task #19: fused_nn_contrib_depthwise_conv2d_NCHWc_add_clip_6] Trial #3: GFLOPs: 4.5530. Time: 7.0846 us. Best GFLOPs: 6.5929
2024-05-21 10:34:56 [INFO] [task_scheduler.cc:131] [Task #19: fused_nn_contrib_depthwise_conv2d_NCHWc_add_clip_6] Trial #4: GFLOPs: 1.9724. Time: 16.3537 us. Best GFLOPs: 6.5929
2024-05-21 10:34:56 [INFO] [task_scheduler.cc:131] [Task #19: fused_nn_contrib_depthwise_conv2d_NCHWc_add_clip_6] Trial #5: GFLOPs: 7.3878. Time: 4.3661 us. Best GFLOPs: 7.3878
2024-05-21 10:34:56 [INFO] [task_scheduler.cc:131] [Task #19: fused_nn_contrib_depthwise_conv2d_NCHWc_add_clip_6] Trial #6: GFLOPs: 3.1660. Time: 10.1881 us. Best GFLOPs: 7.3878
2024-05-21 10:34:56 [INFO] [task_scheduler.cc:131] [Task #19: fused_nn_contrib_depthwise_conv2d_NCHWc_add_clip_6] Trial #7: GFLOPs: 3.7272. Time: 8.6542 us. Best GFLOPs: 7.3878
2024-05-21 10:34:56 [INFO] [task_scheduler.cc:131] [Task #19: fused_nn_contrib_depthwise_conv2d_NCHWc_add_clip_6] Trial #8: GFLOPs: 2.4932. Time: 12.9376 us. Best GFLOPs: 7.3878
2024-05-21 10:34:56 [INFO] [task_scheduler.cc:131] [Task #19: fused_nn_contrib_depthwise_conv2d_NCHWc_add_clip_6] Trial #9: GFLOPs: 2.0826. Time: 15.4885 us. Best GFLOPs: 7.3878
2024-05-21 10:34:56 [INFO] [task_scheduler.cc:131] [Task #19: fused_nn_contrib_depthwise_conv2d_NCHWc_add_clip_6] Trial #10: GFLOPs: 2.2395. Time: 14.4032 us. Best GFLOPs: 7.3878
2024-05-21 10:34:56 [INFO] [task_scheduler.cc:131] [Task #19: fused_nn_contrib_depthwise_conv2d_NCHWc_add_clip_6] Trial #11: GFLOPs: 5.1668. Time: 6.2429 us. Best GFLOPs: 7.3878
2024-05-21 10:34:56 [INFO] [task_scheduler.cc:131] [Task #19: fused_nn_contrib_depthwise_conv2d_NCHWc_add_clip_6] Trial #12: GFLOPs: 2.8459. Time: 11.3341 us. Best GFLOPs: 7.3878
2024-05-21 10:34:56 [INFO] [task_scheduler.cc:131] [Task #19: fused_nn_contrib_depthwise_conv2d_NCHWc_add_clip_6] Trial #13: GFLOPs: 3.6167. Time: 8.9186 us. Best GFLOPs: 7.3878
2024-05-21 10:34:56 [INFO] [task_scheduler.cc:131] [Task #19: fused_nn_contrib_depthwise_conv2d_NCHWc_add_clip_6] Trial #14: GFLOPs: 2.7323. Time: 11.8056 us. Best GFLOPs: 7.3878
2024-05-21 10:34:56 [INFO] [task_scheduler.cc:131] [Task #19: fused_nn_contrib_depthwise_conv2d_NCHWc_add_clip_6] Trial #15: GFLOPs: 5.3149. Time: 6.0690 us. Best GFLOPs: 7.3878
2024-05-21 10:34:56 [INFO] [task_scheduler.cc:131] [Task #19: fused_nn_contrib_depthwise_conv2d_NCHWc_add_clip_6] Trial #16: GFLOPs: 4.9464. Time: 6.5211 us. Best GFLOPs: 7.3878
2024-05-21 10:34:56 [INFO] [task_scheduler.cc:131] [Task #19: fused_nn_contrib_depthwise_conv2d_NCHWc_add_clip_6] Trial #17: GFLOPs: 2.3796. Time: 13.5549 us. Best GFLOPs: 7.3878
2024-05-21 10:34:56 [INFO] [task_scheduler.cc:131] [Task #19: fused_nn_contrib_depthwise_conv2d_NCHWc_add_clip_6] Trial #18: GFLOPs: 6.2891. Time: 5.1289 us. Best GFLOPs: 7.3878
2024-05-21 10:34:56 [INFO] [task_scheduler.cc:131] [Task #19: fused_nn_contrib_depthwise_conv2d_NCHWc_add_clip_6] Trial #19: GFLOPs: 3.2295. Time: 9.9880 us. Best GFLOPs: 7.3878
2024-05-21 10:34:56 [INFO] [task_scheduler.cc:131] [Task #19: fused_nn_contrib_depthwise_conv2d_NCHWc_add_clip_6] Trial #20: GFLOPs: 2.4272. Time: 13.2894 us. Best GFLOPs: 7.3878
2024-05-21 10:34:56 [INFO] [task_scheduler.cc:131] [Task #19: fused_nn_contrib_depthwise_conv2d_NCHWc_add_clip_6] Trial #21: GFLOPs: 2.3991. Time: 13.4448 us. Best GFLOPs: 7.3878
2024-05-21 10:34:56 [INFO] [task_scheduler.cc:131] [Task #19: fused_nn_contrib_depthwise_conv2d_NCHWc_add_clip_6] Trial #22: GFLOPs: 2.9265. Time: 11.0219 us. Best GFLOPs: 7.3878
2024-05-21 10:34:56 [INFO] [task_scheduler.cc:131] [Task #19: fused_nn_contrib_depthwise_conv2d_NCHWc_add_clip_6] Trial #23: GFLOPs: 5.8862. Time: 5.4799 us. Best GFLOPs: 7.3878
2024-05-21 10:34:56 [INFO] [task_scheduler.cc:131] [Task #19: fused_nn_contrib_depthwise_conv2d_NCHWc_add_clip_6] Trial #24: GFLOPs: 6.3915. Time: 5.0467 us. Best GFLOPs: 7.3878
2024-05-21 10:34:56 [INFO] [task_scheduler.cc:131] [Task #19: fused_nn_contrib_depthwise_conv2d_NCHWc_add_clip_6] Trial #25: GFLOPs: 2.8259. Time: 11.4144 us. Best GFLOPs: 7.3878
2024-05-21 10:34:56 [INFO] [task_scheduler.cc:131] [Task #19: fused_nn_contrib_depthwise_conv2d_NCHWc_add_clip_6] Trial #26: GFLOPs: 4.4995. Time: 7.1688 us. Best GFLOPs: 7.3878
2024-05-21 10:34:56 [INFO] [task_scheduler.cc:131] [Task #19: fused_nn_contrib_depthwise_conv2d_NCHWc_add_clip_6] Trial #27: GFLOPs: 5.6433. Time: 5.7158 us. Best GFLOPs: 7.3878
2024-05-21 10:34:56 [INFO] [task_scheduler.cc:131] [Task #19: fused_nn_contrib_depthwise_conv2d_NCHWc_add_clip_6] Trial #28: GFLOPs: 5.1499. Time: 6.2635 us. Best GFLOPs: 7.3878
2024-05-21 10:34:56 [INFO] [task_scheduler.cc:131] [Task #19: fused_nn_contrib_depthwise_conv2d_NCHWc_add_clip_6] Trial #29: GFLOPs: 2.9394. Time: 10.9735 us. Best GFLOPs: 7.3878
2024-05-21 10:34:56 [INFO] [task_scheduler.cc:131] [Task #19: fused_nn_contrib_depthwise_conv2d_NCHWc_add_clip_6] Trial #30: GFLOPs: 1.1100. Time: 29.0607 us. Best GFLOPs: 7.3878
2024-05-21 10:34:56 [INFO] [task_scheduler.cc:131] [Task #19: fused_nn_contrib_depthwise_conv2d_NCHWc_add_clip_6] Trial #31: GFLOPs: 5.6569. Time: 5.7021 us. Best GFLOPs: 7.3878
2024-05-21 10:34:56 [INFO] [task_scheduler.cc:131] [Task #19: fused_nn_contrib_depthwise_conv2d_NCHWc_add_clip_6] Trial #32: GFLOPs: 2.9079. Time: 11.0925 us. Best GFLOPs: 7.3878
2024-05-21 10:34:56 [INFO] [task_scheduler.cc:131] [Task #19: fused_nn_contrib_depthwise_conv2d_NCHWc_add_clip_6] Trial #33: GFLOPs: 3.2109. Time: 10.0459 us. Best GFLOPs: 7.3878
2024-05-21 10:34:56 [INFO] [task_scheduler.cc:131] [Task #19: fused_nn_contrib_depthwise_conv2d_NCHWc_add_clip_6] Trial #34: GFLOPs: 4.8989. Time: 6.5843 us. Best GFLOPs: 7.3878
2024-05-21 10:34:56 [INFO] [task_scheduler.cc:131] [Task #19: fused_nn_contrib_depthwise_conv2d_NCHWc_add_clip_6] Trial #35: GFLOPs: 4.2950. Time: 7.5101 us. Best GFLOPs: 7.3878
2024-05-21 10:34:56 [INFO] [task_scheduler.cc:131] [Task #19: fused_nn_contrib_depthwise_conv2d_NCHWc_add_clip_6] Trial #36: GFLOPs: 2.7565. Time: 11.7019 us. Best GFLOPs: 7.3878
2024-05-21 10:34:56 [INFO] [task_scheduler.cc:131] [Task #19: fused_nn_contrib_depthwise_conv2d_NCHWc_add_clip_6] Trial #37: GFLOPs: 5.7060. Time: 5.6530 us. Best GFLOPs: 7.3878
2024-05-21 10:34:56 [INFO] [task_scheduler.cc:131] [Task #19: fused_nn_contrib_depthwise_conv2d_NCHWc_add_clip_6] Trial #38: GFLOPs: 2.7333. Time: 11.8013 us. Best GFLOPs: 7.3878
2024-05-21 10:34:56 [INFO] [task_scheduler.cc:131] [Task #19: fused_nn_contrib_depthwise_conv2d_NCHWc_add_clip_6] Trial #39: GFLOPs: 5.4191. Time: 5.9523 us. Best GFLOPs: 7.3878
2024-05-21 10:34:56 [INFO] [task_scheduler.cc:131] [Task #19: fused_nn_contrib_depthwise_conv2d_NCHWc_add_clip_6] Trial #40: GFLOPs: 2.2355. Time: 14.4290 us. Best GFLOPs: 7.3878
2024-05-21 10:34:56 [INFO] [task_scheduler.cc:131] [Task #19: fused_nn_contrib_depthwise_conv2d_NCHWc_add_clip_6] Trial #41: GFLOPs: 4.8507. Time: 6.6498 us. Best GFLOPs: 7.3878
2024-05-21 10:34:56 [INFO] [task_scheduler.cc:131] [Task #19: fused_nn_contrib_depthwise_conv2d_NCHWc_add_clip_6] Trial #42: GFLOPs: 1.5237. Time: 21.1692 us. Best GFLOPs: 7.3878
2024-05-21 10:34:56 [INFO] [task_scheduler.cc:131] [Task #19: fused_nn_contrib_depthwise_conv2d_NCHWc_add_clip_6] Trial #43: GFLOPs: 5.2468. Time: 6.1477 us. Best GFLOPs: 7.3878
2024-05-21 10:34:56 [INFO] [task_scheduler.cc:131] [Task #19: fused_nn_contrib_depthwise_conv2d_NCHWc_add_clip_6] Trial #44: GFLOPs: 1.7208. Time: 18.7443 us. Best GFLOPs: 7.3878
2024-05-21 10:34:56 [INFO] [task_scheduler.cc:131] [Task #19: fused_nn_contrib_depthwise_conv2d_NCHWc_add_clip_6] Trial #45: GFLOPs: 2.5913. Time: 12.4480 us. Best GFLOPs: 7.3878
2024-05-21 10:34:56 [INFO] [task_scheduler.cc:131] [Task #19: fused_nn_contrib_depthwise_conv2d_NCHWc_add_clip_6] Trial #46: GFLOPs: 3.8707. Time: 8.3333 us. Best GFLOPs: 7.3878
2024-05-21 10:34:56 [INFO] [task_scheduler.cc:131] [Task #19: fused_nn_contrib_depthwise_conv2d_NCHWc_add_clip_6] Trial #47: GFLOPs: 4.6030. Time: 7.0075 us. Best GFLOPs: 7.3878
2024-05-21 10:34:56 [INFO] [task_scheduler.cc:131] [Task #19: fused_nn_contrib_depthwise_conv2d_NCHWc_add_clip_6] Trial #48: GFLOPs: 4.7868. Time: 6.7386 us. Best GFLOPs: 7.3878
2024-05-21 10:34:56 [INFO] [task_scheduler.cc:131] [Task #19: fused_nn_contrib_depthwise_conv2d_NCHWc_add_clip_6] Trial #49: GFLOPs: 5.8499. Time: 5.5139 us. Best GFLOPs: 7.3878
2024-05-21 10:34:56 [INFO] [task_scheduler.cc:131] [Task #19: fused_nn_contrib_depthwise_conv2d_NCHWc_add_clip_6] Trial #50: GFLOPs: 5.8622. Time: 5.5023 us. Best GFLOPs: 7.3878
2024-05-21 10:34:56 [INFO] [task_scheduler.cc:131] [Task #19: fused_nn_contrib_depthwise_conv2d_NCHWc_add_clip_6] Trial #51: GFLOPs: 2.0635. Time: 15.6318 us. Best GFLOPs: 7.3878
2024-05-21 10:34:56 [INFO] [task_scheduler.cc:131] [Task #19: fused_nn_contrib_depthwise_conv2d_NCHWc_add_clip_6] Trial #52: GFLOPs: 6.4703. Time: 4.9852 us. Best GFLOPs: 7.3878
2024-05-21 10:34:56 [INFO] [task_scheduler.cc:131] [Task #19: fused_nn_contrib_depthwise_conv2d_NCHWc_add_clip_6] Trial #53: GFLOPs: 4.8213. Time: 6.6904 us. Best GFLOPs: 7.3878
2024-05-21 10:34:56 [INFO] [task_scheduler.cc:131] [Task #19: fused_nn_contrib_depthwise_conv2d_NCHWc_add_clip_6] Trial #54: GFLOPs: 0.5270. Time: 61.2085 us. Best GFLOPs: 7.3878
2024-05-21 10:34:56 [INFO] [task_scheduler.cc:131] [Task #19: fused_nn_contrib_depthwise_conv2d_NCHWc_add_clip_6] Trial #55: GFLOPs: 6.4594. Time: 4.9937 us. Best GFLOPs: 7.3878
2024-05-21 10:34:56 [INFO] [task_scheduler.cc:131] [Task #19: fused_nn_contrib_depthwise_conv2d_NCHWc_add_clip_6] Trial #56: GFLOPs: 5.4101. Time: 5.9622 us. Best GFLOPs: 7.3878
2024-05-21 10:34:56 [INFO] [task_scheduler.cc:131] [Task #19: fused_nn_contrib_depthwise_conv2d_NCHWc_add_clip_6] Trial #57: GFLOPs: 5.9654. Time: 5.4072 us. Best GFLOPs: 7.3878
2024-05-21 10:34:56 [INFO] [task_scheduler.cc:131] [Task #19: fused_nn_contrib_depthwise_conv2d_NCHWc_add_clip_6] Trial #58: GFLOPs: 6.0896. Time: 5.2969 us. Best GFLOPs: 7.3878
2024-05-21 10:34:56 [INFO] [task_scheduler.cc:131] [Task #19: fused_nn_contrib_depthwise_conv2d_NCHWc_add_clip_6] Trial #59: GFLOPs: 5.3724. Time: 6.0040 us. Best GFLOPs: 7.3878
2024-05-21 10:34:56 [INFO] [task_scheduler.cc:131] [Task #19: fused_nn_contrib_depthwise_conv2d_NCHWc_add_clip_6] Trial #60: GFLOPs: 5.4539. Time: 5.9143 us. Best GFLOPs: 7.3878
2024-05-21 10:34:56 [INFO] [task_scheduler.cc:131] [Task #19: fused_nn_contrib_depthwise_conv2d_NCHWc_add_clip_6] Trial #61: GFLOPs: 5.5333. Time: 5.8295 us. Best GFLOPs: 7.3878
2024-05-21 10:34:56 [INFO] [task_scheduler.cc:131] [Task #19: fused_nn_contrib_depthwise_conv2d_NCHWc_add_clip_6] Trial #62: GFLOPs: 4.7281. Time: 6.8221 us. Best GFLOPs: 7.3878
2024-05-21 10:34:56 [INFO] [task_scheduler.cc:131] [Task #19: fused_nn_contrib_depthwise_conv2d_NCHWc_add_clip_6] Trial #63: GFLOPs: 2.7271. Time: 11.8280 us. Best GFLOPs: 7.3878
2024-05-21 10:34:56 [INFO] [task_scheduler.cc:131] [Task #19: fused_nn_contrib_depthwise_conv2d_NCHWc_add_clip_6] Trial #64: GFLOPs: 2.9833. Time: 10.8121 us. Best GFLOPs: 7.3878
2024-05-21 10:40:11 [INFO] [evolutionary_search.cc:713] Generating candidates......
2024-05-21 10:40:11 [INFO] [evolutionary_search.cc:715] Picked top 64 candidate(s) from database
2024-05-21 10:40:13 [INFO] [evolutionary_search.cc:533] Sample-Init-Population summary:
Postproc #0 [meta_schedule.DisallowDynamicLoop(0x11807618)]: 0 failure(s)
Postproc #1 [meta_schedule.RewriteParallelVectorizeUnroll(0x1178e328)]: 0 failure(s)
Postproc #2 [meta_schedule.RewriteReductionBlock(0xf7e7f68)]: 0 failure(s)
Postproc #3 [meta_schedule.RewriteLayout(0xe61bc68)]: 0 failure(s)
2024-05-21 10:40:13 [INFO] [evolutionary_search.cc:723] Sampled 448 candidate(s)
2024-05-21 10:40:17 [INFO] [evolutionary_search.cc:621] Evolve iter #0 done. Summary:
Postproc #0 [meta_schedule.DisallowDynamicLoop(0x11807618)]: 0 failure(s)
Postproc #1 [meta_schedule.RewriteParallelVectorizeUnroll(0x1178e328)]: 0 failure(s)
Postproc #2 [meta_schedule.RewriteReductionBlock(0xf7e7f68)]: 0 failure(s)
Postproc #3 [meta_schedule.RewriteLayout(0xe61bc68)]: 0 failure(s)
2024-05-21 10:40:21 [INFO] [evolutionary_search.cc:621] Evolve iter #1 done. Summary:
Postproc #0 [meta_schedule.DisallowDynamicLoop(0x11807618)]: 0 failure(s)
Postproc #1 [meta_schedule.RewriteParallelVectorizeUnroll(0x1178e328)]: 0 failure(s)
Postproc #2 [meta_schedule.RewriteReductionBlock(0xf7e7f68)]: 0 failure(s)
Postproc #3 [meta_schedule.RewriteLayout(0xe61bc68)]: 0 failure(s)
2024-05-21 10:40:25 [INFO] [evolutionary_search.cc:621] Evolve iter #2 done. Summary:
Postproc #0 [meta_schedule.DisallowDynamicLoop(0x11807618)]: 0 failure(s)
Postproc #1 [meta_schedule.RewriteParallelVectorizeUnroll(0x1178e328)]: 0 failure(s)
Postproc #2 [meta_schedule.RewriteReductionBlock(0xf7e7f68)]: 0 failure(s)
Postproc #3 [meta_schedule.RewriteLayout(0xe61bc68)]: 0 failure(s)
2024-05-21 10:40:29 [INFO] [evolutionary_search.cc:621] Evolve iter #3 done. Summary:
Postproc #0 [meta_schedule.DisallowDynamicLoop(0x11807618)]: 0 failure(s)
Postproc #1 [meta_schedule.RewriteParallelVectorizeUnroll(0x1178e328)]: 0 failure(s)
Postproc #2 [meta_schedule.RewriteReductionBlock(0xf7e7f68)]: 0 failure(s)
Postproc #3 [meta_schedule.RewriteLayout(0xe61bc68)]: 0 failure(s)
2024-05-21 10:40:32 [INFO] [evolutionary_search.cc:649] Scores of the best 64 candidates:
[1 : 16]:	0.9790  0.9420  0.9206  0.9152  0.9073  0.9043  0.8938  0.8858  0.8847  0.8844  0.8835  0.8835  0.8783  0.8751  0.8590  0.8585
[17 : 32]:	0.8554  0.8527  0.8498  0.8494  0.8494  0.8488  0.8466  0.8464  0.8458  0.8418  0.8411  0.8371  0.8338  0.8325  0.8312  0.8295
[33 : 48]:	0.8256  0.8235  0.8235  0.8213  0.8213  0.8213  0.8202  0.8197  0.8193  0.8193  0.8186  0.8186  0.8186  0.8172  0.8160  0.8135
[49 : 64]:	0.8125  0.8125  0.8125  0.8099  0.8094  0.8080  0.8059  0.8041  0.8030  0.8028  0.8003  0.8000  0.7989  0.7981  0.7976  0.7939
2024-05-21 10:40:32 [INFO] [evolutionary_search.cc:727] Got 64 candidate(s) with evolutionary search
2024-05-21 10:40:32 [INFO] [evolutionary_search.cc:730] Sending 64 candidates(s) for measurement
2024-05-21 10:42:19 [INFO] [task_scheduler.cc:131] [Task #19: fused_nn_contrib_depthwise_conv2d_NCHWc_add_clip_6] Trial #65: GFLOPs: 8.1673. Time: 3.9494 us. Best GFLOPs: 8.1673
2024-05-21 10:42:19 [INFO] [task_scheduler.cc:131] [Task #19: fused_nn_contrib_depthwise_conv2d_NCHWc_add_clip_6] Trial #66: GFLOPs: 6.7134. Time: 4.8047 us. Best GFLOPs: 8.1673
2024-05-21 10:42:19 [INFO] [task_scheduler.cc:131] [Task #19: fused_nn_contrib_depthwise_conv2d_NCHWc_add_clip_6] Trial #67: GFLOPs: 12.4291. Time: 2.5952 us. Best GFLOPs: 12.4291
2024-05-21 10:42:19 [INFO] [task_scheduler.cc:131] [Task #19: fused_nn_contrib_depthwise_conv2d_NCHWc_add_clip_6] Trial #68: GFLOPs: 6.9148. Time: 4.6648 us. Best GFLOPs: 12.4291
2024-05-21 10:42:19 [INFO] [task_scheduler.cc:131] [Task #19: fused_nn_contrib_depthwise_conv2d_NCHWc_add_clip_6] Trial #69: GFLOPs: 5.9857. Time: 5.3889 us. Best GFLOPs: 12.4291
2024-05-21 10:42:19 [INFO] [task_scheduler.cc:131] [Task #19: fused_nn_contrib_depthwise_conv2d_NCHWc_add_clip_6] Trial #70: GFLOPs: 4.2302. Time: 7.6252 us. Best GFLOPs: 12.4291
2024-05-21 10:42:19 [INFO] [task_scheduler.cc:131] [Task #19: fused_nn_contrib_depthwise_conv2d_NCHWc_add_clip_6] Trial #71: GFLOPs: 5.7379. Time: 5.6216 us. Best GFLOPs: 12.4291
2024-05-21 10:42:19 [INFO] [task_scheduler.cc:131] [Task #19: fused_nn_contrib_depthwise_conv2d_NCHWc_add_clip_6] Trial #72: GFLOPs: 5.9663. Time: 5.4063 us. Best GFLOPs: 12.4291
2024-05-21 10:42:19 [INFO] [task_scheduler.cc:131] [Task #19: fused_nn_contrib_depthwise_conv2d_NCHWc_add_clip_6] Trial #73: GFLOPs: 6.5017. Time: 4.9612 us. Best GFLOPs: 12.4291
2024-05-21 10:42:19 [INFO] [task_scheduler.cc:131] [Task #19: fused_nn_contrib_depthwise_conv2d_NCHWc_add_clip_6] Trial #74: GFLOPs: 6.3972. Time: 5.0422 us. Best GFLOPs: 12.4291
2024-05-21 10:42:19 [INFO] [task_scheduler.cc:131] [Task #19: fused_nn_contrib_depthwise_conv2d_NCHWc_add_clip_6] Trial #75: GFLOPs: 5.0892. Time: 6.3382 us. Best GFLOPs: 12.4291
2024-05-21 10:42:19 [INFO] [task_scheduler.cc:131] [Task #19: fused_nn_contrib_depthwise_conv2d_NCHWc_add_clip_6] Trial #76: GFLOPs: 6.2816. Time: 5.1350 us. Best GFLOPs: 12.4291
2024-05-21 10:42:19 [INFO] [task_scheduler.cc:131] [Task #19: fused_nn_contrib_depthwise_conv2d_NCHWc_add_clip_6] Trial #77: GFLOPs: 6.9753. Time: 4.6243 us. Best GFLOPs: 12.4291
2024-05-21 10:42:19 [INFO] [task_scheduler.cc:131] [Task #19: fused_nn_contrib_depthwise_conv2d_NCHWc_add_clip_6] Trial #78: GFLOPs: 10.2569. Time: 3.1448 us. Best GFLOPs: 12.4291
2024-05-21 10:42:19 [INFO] [task_scheduler.cc:131] [Task #19: fused_nn_contrib_depthwise_conv2d_NCHWc_add_clip_6] Trial #79: GFLOPs: 6.9032. Time: 4.6726 us. Best GFLOPs: 12.4291
2024-05-21 10:42:19 [INFO] [task_scheduler.cc:131] [Task #19: fused_nn_contrib_depthwise_conv2d_NCHWc_add_clip_6] Trial #80: GFLOPs: 7.1702. Time: 4.4986 us. Best GFLOPs: 12.4291
2024-05-21 10:42:19 [INFO] [task_scheduler.cc:131] [Task #19: fused_nn_contrib_depthwise_conv2d_NCHWc_add_clip_6] Trial #81: GFLOPs: 11.3791. Time: 2.8347 us. Best GFLOPs: 12.4291
2024-05-21 10:42:19 [INFO] [task_scheduler.cc:131] [Task #19: fused_nn_contrib_depthwise_conv2d_NCHWc_add_clip_6] Trial #82: GFLOPs: 7.0582. Time: 4.5700 us. Best GFLOPs: 12.4291
2024-05-21 10:42:19 [INFO] [task_scheduler.cc:131] [Task #19: fused_nn_contrib_depthwise_conv2d_NCHWc_add_clip_6] Trial #83: GFLOPs: 6.3859. Time: 5.0511 us. Best GFLOPs: 12.4291
2024-05-21 10:42:19 [INFO] [task_scheduler.cc:131] [Task #19: fused_nn_contrib_depthwise_conv2d_NCHWc_add_clip_6] Trial #84: GFLOPs: 6.0392. Time: 5.3411 us. Best GFLOPs: 12.4291
2024-05-21 10:42:19 [INFO] [task_scheduler.cc:131] [Task #19: fused_nn_contrib_depthwise_conv2d_NCHWc_add_clip_6] Trial #85: GFLOPs: 5.8797. Time: 5.4860 us. Best GFLOPs: 12.4291
2024-05-21 10:42:19 [INFO] [task_scheduler.cc:131] [Task #19: fused_nn_contrib_depthwise_conv2d_NCHWc_add_clip_6] Trial #86: GFLOPs: 5.6444. Time: 5.7147 us. Best GFLOPs: 12.4291
2024-05-21 10:42:19 [INFO] [task_scheduler.cc:131] [Task #19: fused_nn_contrib_depthwise_conv2d_NCHWc_add_clip_6] Trial #87: GFLOPs: 6.7217. Time: 4.7988 us. Best GFLOPs: 12.4291
2024-05-21 10:42:19 [INFO] [task_scheduler.cc:131] [Task #19: fused_nn_contrib_depthwise_conv2d_NCHWc_add_clip_6] Trial #88: GFLOPs: 6.4770. Time: 4.9801 us. Best GFLOPs: 12.4291
2024-05-21 10:42:19 [INFO] [task_scheduler.cc:131] [Task #19: fused_nn_contrib_depthwise_conv2d_NCHWc_add_clip_6] Trial #89: GFLOPs: 4.8341. Time: 6.6727 us. Best GFLOPs: 12.4291
2024-05-21 10:42:19 [INFO] [task_scheduler.cc:131] [Task #19: fused_nn_contrib_depthwise_conv2d_NCHWc_add_clip_6] Trial #90: GFLOPs: 6.7543. Time: 4.7756 us. Best GFLOPs: 12.4291
2024-05-21 10:42:19 [INFO] [task_scheduler.cc:131] [Task #19: fused_nn_contrib_depthwise_conv2d_NCHWc_add_clip_6] Trial #91: GFLOPs: 4.9823. Time: 6.4741 us. Best GFLOPs: 12.4291
2024-05-21 10:42:19 [INFO] [task_scheduler.cc:131] [Task #19: fused_nn_contrib_depthwise_conv2d_NCHWc_add_clip_6] Trial #92: GFLOPs: 4.9343. Time: 6.5371 us. Best GFLOPs: 12.4291
2024-05-21 10:42:19 [INFO] [task_scheduler.cc:131] [Task #19: fused_nn_contrib_depthwise_conv2d_NCHWc_add_clip_6] Trial #93: GFLOPs: 5.6612. Time: 5.6978 us. Best GFLOPs: 12.4291
2024-05-21 10:42:19 [INFO] [task_scheduler.cc:131] [Task #19: fused_nn_contrib_depthwise_conv2d_NCHWc_add_clip_6] Trial #94: GFLOPs: 5.9249. Time: 5.4441 us. Best GFLOPs: 12.4291
2024-05-21 10:42:19 [INFO] [task_scheduler.cc:131] [Task #19: fused_nn_contrib_depthwise_conv2d_NCHWc_add_clip_6] Trial #95: GFLOPs: 6.3891. Time: 5.0486 us. Best GFLOPs: 12.4291
2024-05-21 10:42:19 [INFO] [task_scheduler.cc:131] [Task #19: fused_nn_contrib_depthwise_conv2d_NCHWc_add_clip_6] Trial #96: GFLOPs: 6.5020. Time: 4.9609 us. Best GFLOPs: 12.4291
2024-05-21 10:42:19 [INFO] [task_scheduler.cc:131] [Task #19: fused_nn_contrib_depthwise_conv2d_NCHWc_add_clip_6] Trial #97: GFLOPs: 20.2980. Time: 1.5891 us. Best GFLOPs: 20.2980
2024-05-21 10:42:19 [INFO] [task_scheduler.cc:131] [Task #19: fused_nn_contrib_depthwise_conv2d_NCHWc_add_clip_6] Trial #98: GFLOPs: 11.5820. Time: 2.7850 us. Best GFLOPs: 20.2980
2024-05-21 10:42:19 [INFO] [task_scheduler.cc:131] [Task #19: fused_nn_contrib_depthwise_conv2d_NCHWc_add_clip_6] Trial #99: GFLOPs: 4.4702. Time: 7.2158 us. Best GFLOPs: 20.2980
2024-05-21 10:42:19 [INFO] [task_scheduler.cc:131] [Task #19: fused_nn_contrib_depthwise_conv2d_NCHWc_add_clip_6] Trial #100: GFLOPs: 5.7326. Time: 5.6268 us. Best GFLOPs: 20.2980
2024-05-21 10:42:19 [INFO] [task_scheduler.cc:131] [Task #19: fused_nn_contrib_depthwise_conv2d_NCHWc_add_clip_6] Trial #101: GFLOPs: 6.9453. Time: 4.6443 us. Best GFLOPs: 20.2980
2024-05-21 10:42:19 [INFO] [task_scheduler.cc:131] [Task #19: fused_nn_contrib_depthwise_conv2d_NCHWc_add_clip_6] Trial #102: GFLOPs: 6.8197. Time: 4.7298 us. Best GFLOPs: 20.2980
2024-05-21 10:42:19 [INFO] [task_scheduler.cc:131] [Task #19: fused_nn_contrib_depthwise_conv2d_NCHWc_add_clip_6] Trial #103: GFLOPs: 5.8313. Time: 5.5315 us. Best GFLOPs: 20.2980
2024-05-21 10:42:19 [INFO] [task_scheduler.cc:131] [Task #19: fused_nn_contrib_depthwise_conv2d_NCHWc_add_clip_6] Trial #104: GFLOPs: 12.0548. Time: 2.6758 us. Best GFLOPs: 20.2980
2024-05-21 10:42:19 [INFO] [task_scheduler.cc:131] [Task #19: fused_nn_contrib_depthwise_conv2d_NCHWc_add_clip_6] Trial #105: GFLOPs: 5.9730. Time: 5.4003 us. Best GFLOPs: 20.2980
2024-05-21 10:42:19 [INFO] [task_scheduler.cc:131] [Task #19: fused_nn_contrib_depthwise_conv2d_NCHWc_add_clip_6] Trial #106: GFLOPs: 6.5320. Time: 4.9381 us. Best GFLOPs: 20.2980
2024-05-21 10:42:19 [INFO] [task_scheduler.cc:131] [Task #19: fused_nn_contrib_depthwise_conv2d_NCHWc_add_clip_6] Trial #107: GFLOPs: 5.0253. Time: 6.4187 us. Best GFLOPs: 20.2980
2024-05-21 10:42:19 [INFO] [task_scheduler.cc:131] [Task #19: fused_nn_contrib_depthwise_conv2d_NCHWc_add_clip_6] Trial #108: GFLOPs: 5.8039. Time: 5.5576 us. Best GFLOPs: 20.2980
2024-05-21 10:42:19 [INFO] [task_scheduler.cc:131] [Task #19: fused_nn_contrib_depthwise_conv2d_NCHWc_add_clip_6] Trial #109: GFLOPs: 5.9030. Time: 5.4643 us. Best GFLOPs: 20.2980
2024-05-21 10:42:19 [INFO] [task_scheduler.cc:131] [Task #19: fused_nn_contrib_depthwise_conv2d_NCHWc_add_clip_6] Trial #110: GFLOPs: 5.3931. Time: 5.9810 us. Best GFLOPs: 20.2980
2024-05-21 10:42:19 [INFO] [task_scheduler.cc:131] [Task #19: fused_nn_contrib_depthwise_conv2d_NCHWc_add_clip_6] Trial #111: GFLOPs: 5.3909. Time: 5.9835 us. Best GFLOPs: 20.2980
2024-05-21 10:42:19 [INFO] [task_scheduler.cc:131] [Task #19: fused_nn_contrib_depthwise_conv2d_NCHWc_add_clip_6] Trial #112: GFLOPs: 16.4150. Time: 1.9650 us. Best GFLOPs: 20.2980
2024-05-21 10:42:19 [INFO] [task_scheduler.cc:131] [Task #19: fused_nn_contrib_depthwise_conv2d_NCHWc_add_clip_6] Trial #113: GFLOPs: 7.2082. Time: 4.4749 us. Best GFLOPs: 20.2980
2024-05-21 10:42:19 [INFO] [task_scheduler.cc:131] [Task #19: fused_nn_contrib_depthwise_conv2d_NCHWc_add_clip_6] Trial #114: GFLOPs: 5.5792. Time: 5.7815 us. Best GFLOPs: 20.2980
2024-05-21 10:42:19 [INFO] [task_scheduler.cc:131] [Task #19: fused_nn_contrib_depthwise_conv2d_NCHWc_add_clip_6] Trial #115: GFLOPs: 5.7576. Time: 5.6024 us. Best GFLOPs: 20.2980
2024-05-21 10:42:19 [INFO] [task_scheduler.cc:131] [Task #19: fused_nn_contrib_depthwise_conv2d_NCHWc_add_clip_6] Trial #116: GFLOPs: 5.4978. Time: 5.8670 us. Best GFLOPs: 20.2980
2024-05-21 10:42:19 [INFO] [task_scheduler.cc:131] [Task #19: fused_nn_contrib_depthwise_conv2d_NCHWc_add_clip_6] Trial #117: GFLOPs: 9.3690. Time: 3.4428 us. Best GFLOPs: 20.2980
2024-05-21 10:42:19 [INFO] [task_scheduler.cc:131] [Task #19: fused_nn_contrib_depthwise_conv2d_NCHWc_add_clip_6] Trial #118: GFLOPs: 6.3366. Time: 5.0904 us. Best GFLOPs: 20.2980
2024-05-21 10:42:19 [INFO] [task_scheduler.cc:131] [Task #19: fused_nn_contrib_depthwise_conv2d_NCHWc_add_clip_6] Trial #119: GFLOPs: 6.3648. Time: 5.0679 us. Best GFLOPs: 20.2980
2024-05-21 10:42:19 [INFO] [task_scheduler.cc:131] [Task #19: fused_nn_contrib_depthwise_conv2d_NCHWc_add_clip_6] Trial #120: GFLOPs: 5.9050. Time: 5.4625 us. Best GFLOPs: 20.2980
2024-05-21 10:42:19 [INFO] [task_scheduler.cc:131] [Task #19: fused_nn_contrib_depthwise_conv2d_NCHWc_add_clip_6] Trial #121: GFLOPs: 6.2823. Time: 5.1344 us. Best GFLOPs: 20.2980
2024-05-21 10:42:19 [INFO] [task_scheduler.cc:131] [Task #19: fused_nn_contrib_depthwise_conv2d_NCHWc_add_clip_6] Trial #122: GFLOPs: 9.8841. Time: 3.2634 us. Best GFLOPs: 20.2980
2024-05-21 10:42:19 [INFO] [task_scheduler.cc:131] [Task #19: fused_nn_contrib_depthwise_conv2d_NCHWc_add_clip_6] Trial #123: GFLOPs: 6.6810. Time: 4.8280 us. Best GFLOPs: 20.2980
2024-05-21 10:42:19 [INFO] [task_scheduler.cc:131] [Task #19: fused_nn_contrib_depthwise_conv2d_NCHWc_add_clip_6] Trial #124: GFLOPs: 6.8416. Time: 4.7147 us. Best GFLOPs: 20.2980
2024-05-21 10:42:19 [INFO] [task_scheduler.cc:131] [Task #19: fused_nn_contrib_depthwise_conv2d_NCHWc_add_clip_6] Trial #125: GFLOPs: 6.4494. Time: 5.0014 us. Best GFLOPs: 20.2980
2024-05-21 10:42:19 [INFO] [task_scheduler.cc:131] [Task #19: fused_nn_contrib_depthwise_conv2d_NCHWc_add_clip_6] Trial #126: GFLOPs: 3.6680. Time: 8.7938 us. Best GFLOPs: 20.2980
2024-05-21 10:42:19 [INFO] [task_scheduler.cc:131] [Task #19: fused_nn_contrib_depthwise_conv2d_NCHWc_add_clip_6] Trial #127: GFLOPs: 5.3184. Time: 6.0649 us. Best GFLOPs: 20.2980
2024-05-21 10:42:19 [INFO] [task_scheduler.cc:131] [Task #19: fused_nn_contrib_depthwise_conv2d_NCHWc_add_clip_6] Trial #128: GFLOPs: 3.8263. Time: 8.4302 us. Best GFLOPs: 20.2980
