2024-05-19 18:48:37 [INFO] [task_scheduler.cc:160] Initializing Task #27: "fused_nn_contrib_conv2d_NCHWc_add_add_nn_relu_1"
2024-05-19 18:48:37 [INFO] [task_scheduler.cc:35] 
# from tvm.script import ir as I
# from tvm.script import tir as T

@I.ir_module
class Module:
    @T.prim_func
    def main(p0: T.Buffer((T.int64(1), T.int64(32), T.int64(28), T.int64(28), T.int64(4)), "float32"), p1: T.Buffer((T.int64(16), T.int64(32), T.int64(1), T.int64(1), T.int64(4), T.int64(32)), "float32"), p2: T.Buffer((T.int64(1), T.int64(16), T.int64(1), T.int64(1), T.int64(32)), "float32"), p3: T.Buffer((T.int64(1), T.int64(16), T.int64(28), T.int64(28), T.int64(32)), "float32"), T_relu: T.Buffer((T.int64(1), T.int64(16), T.int64(28), T.int64(28), T.int64(32)), "float32")):
        T.func_attr({"tir.noalias": T.bool(True)})
        # with T.block("root"):
        conv2d_NCHWc = T.alloc_buffer((T.int64(1), T.int64(16), T.int64(28), T.int64(28), T.int64(32)))
        T_add = T.alloc_buffer((T.int64(1), T.int64(16), T.int64(28), T.int64(28), T.int64(32)))
        T_add_1 = T.alloc_buffer((T.int64(1), T.int64(16), T.int64(28), T.int64(28), T.int64(32)))
        for n, oc_chunk, oh, ow, oc_block, ic, kh, kw in T.grid(T.int64(1), T.int64(16), T.int64(28), T.int64(28), T.int64(32), T.int64(128), T.int64(1), T.int64(1)):
            with T.block("conv2d_NCHWc"):
                v_n, v_oc_chunk, v_oh, v_ow, v_oc_block, v_ic, v_kh, v_kw = T.axis.remap("SSSSSRRR", [n, oc_chunk, oh, ow, oc_block, ic, kh, kw])
                T.reads(p0[v_n, v_ic // T.int64(4), v_oh + v_kh, v_ow + v_kw, v_ic % T.int64(4)], p1[v_oc_chunk, v_ic // T.int64(4), v_kh, v_kw, v_ic % T.int64(4), v_oc_block])
                T.writes(conv2d_NCHWc[v_n, v_oc_chunk, v_oh, v_ow, v_oc_block])
                with T.init():
                    conv2d_NCHWc[v_n, v_oc_chunk, v_oh, v_ow, v_oc_block] = T.float32(0)
                conv2d_NCHWc[v_n, v_oc_chunk, v_oh, v_ow, v_oc_block] = conv2d_NCHWc[v_n, v_oc_chunk, v_oh, v_ow, v_oc_block] + p0[v_n, v_ic // T.int64(4), v_oh + v_kh, v_ow + v_kw, v_ic % T.int64(4)] * p1[v_oc_chunk, v_ic // T.int64(4), v_kh, v_kw, v_ic % T.int64(4), v_oc_block]
        for ax0, ax1, ax2, ax3, ax4 in T.grid(T.int64(1), T.int64(16), T.int64(28), T.int64(28), T.int64(32)):
            with T.block("T_add"):
                v_ax0, v_ax1, v_ax2, v_ax3, v_ax4 = T.axis.remap("SSSSS", [ax0, ax1, ax2, ax3, ax4])
                T.reads(conv2d_NCHWc[v_ax0, v_ax1, v_ax2, v_ax3, v_ax4], p2[v_ax0, v_ax1, T.int64(0), T.int64(0), v_ax4])
                T.writes(T_add[v_ax0, v_ax1, v_ax2, v_ax3, v_ax4])
                T_add[v_ax0, v_ax1, v_ax2, v_ax3, v_ax4] = conv2d_NCHWc[v_ax0, v_ax1, v_ax2, v_ax3, v_ax4] + p2[v_ax0, v_ax1, T.int64(0), T.int64(0), v_ax4]
        for ax0, ax1, ax2, ax3, ax4 in T.grid(T.int64(1), T.int64(16), T.int64(28), T.int64(28), T.int64(32)):
            with T.block("T_add_1"):
                v_ax0, v_ax1, v_ax2, v_ax3, v_ax4 = T.axis.remap("SSSSS", [ax0, ax1, ax2, ax3, ax4])
                T.reads(T_add[v_ax0, v_ax1, v_ax2, v_ax3, v_ax4], p3[v_ax0, v_ax1, v_ax2, v_ax3, v_ax4])
                T.writes(T_add_1[v_ax0, v_ax1, v_ax2, v_ax3, v_ax4])
                T_add_1[v_ax0, v_ax1, v_ax2, v_ax3, v_ax4] = T_add[v_ax0, v_ax1, v_ax2, v_ax3, v_ax4] + p3[v_ax0, v_ax1, v_ax2, v_ax3, v_ax4]
        for ax0, ax1, ax2, ax3, ax4 in T.grid(T.int64(1), T.int64(16), T.int64(28), T.int64(28), T.int64(32)):
            with T.block("T_relu"):
                v_ax0, v_ax1, v_ax2, v_ax3, v_ax4 = T.axis.remap("SSSSS", [ax0, ax1, ax2, ax3, ax4])
                T.reads(T_add_1[v_ax0, v_ax1, v_ax2, v_ax3, v_ax4])
                T.writes(T_relu[v_ax0, v_ax1, v_ax2, v_ax3, v_ax4])
                T_relu[v_ax0, v_ax1, v_ax2, v_ax3, v_ax4] = T.max(T_add_1[v_ax0, v_ax1, v_ax2, v_ax3, v_ax4], T.float32(0))
2024-05-19 18:48:37 [INFO] [task_scheduler.cc:164] Total 3 design space(s) generated
2024-05-19 18:48:37 [INFO] [task_scheduler.cc:170] Design space #0:
# from tvm.script import ir as I
# from tvm.script import tir as T

@I.ir_module
class Module:
    @T.prim_func
    def main(p0: T.Buffer((T.int64(1), T.int64(32), T.int64(28), T.int64(28), T.int64(4)), "float32"), p1: T.Buffer((T.int64(16), T.int64(32), T.int64(1), T.int64(1), T.int64(4), T.int64(32)), "float32"), p2: T.Buffer((T.int64(1), T.int64(16), T.int64(1), T.int64(1), T.int64(32)), "float32"), p3: T.Buffer((T.int64(1), T.int64(16), T.int64(28), T.int64(28), T.int64(32)), "float32"), T_relu: T.Buffer((T.int64(1), T.int64(16), T.int64(28), T.int64(28), T.int64(32)), "float32")):
        T.func_attr({"tir.noalias": T.bool(True)})
        with T.block("root"):
            T.reads()
            T.writes()
            T.block_attr({"meta_schedule.parallel": 96, "meta_schedule.unroll_explicit": 16, "meta_schedule.vectorize": 64})
            conv2d_NCHWc = T.alloc_buffer((T.int64(1), T.int64(16), T.int64(28), T.int64(28), T.int64(32)))
            for n_0, oc_chunk_0, oh_0, ow_0, oc_block_0, n_1, oc_chunk_1, oh_1, ow_1, oc_block_1, ic_0, kh_0, kw_0, n_2, oc_chunk_2, oh_2, ow_2, oc_block_2, ic_1, kh_1, kw_1, n_3, oc_chunk_3, oh_3, ow_3, oc_block_3 in T.grid(T.int64(1), T.int64(1), T.int64(2), T.int64(1), T.int64(16), T.int64(1), T.int64(8), T.int64(1), T.int64(1), T.int64(1), T.int64(4), T.int64(1), T.int64(1), T.int64(1), T.int64(2), T.int64(14), T.int64(2), T.int64(1), T.int64(32), T.int64(1), T.int64(1), T.int64(1), T.int64(1), T.int64(1), T.int64(14), T.int64(2)):
                with T.block("conv2d_NCHWc"):
                    v_n = T.axis.spatial(T.int64(1), n_0 + n_1 + n_2 + n_3)
                    v_oc_chunk = T.axis.spatial(T.int64(16), oc_chunk_0 * T.int64(16) + oc_chunk_1 * T.int64(2) + oc_chunk_2 + oc_chunk_3)
                    v_oh = T.axis.spatial(T.int64(28), oh_0 * T.int64(14) + oh_1 * T.int64(14) + oh_2 + oh_3)
                    v_ow = T.axis.spatial(T.int64(28), ow_0 * T.int64(28) + ow_1 * T.int64(28) + ow_2 * T.int64(14) + ow_3)
                    v_oc_block = T.axis.spatial(T.int64(32), oc_block_0 * T.int64(2) + oc_block_1 * T.int64(2) + oc_block_2 * T.int64(2) + oc_block_3)
                    v_ic = T.axis.reduce(T.int64(128), ic_0 * T.int64(32) + ic_1)
                    v_kh = T.axis.reduce(T.int64(1), kh_0 + kh_1)
                    v_kw = T.axis.reduce(T.int64(1), kw_0 + kw_1)
                    T.reads(p0[v_n, v_ic // T.int64(4), v_oh + v_kh, v_ow + v_kw, v_ic % T.int64(4)], p1[v_oc_chunk, v_ic // T.int64(4), v_kh, v_kw, v_ic % T.int64(4), v_oc_block])
                    T.writes(conv2d_NCHWc[v_n, v_oc_chunk, v_oh, v_ow, v_oc_block])
                    T.block_attr({"meta_schedule.tiling_structure": "SSRSRS"})
                    with T.init():
                        conv2d_NCHWc[v_n, v_oc_chunk, v_oh, v_ow, v_oc_block] = T.float32(0)
                    conv2d_NCHWc[v_n, v_oc_chunk, v_oh, v_ow, v_oc_block] = conv2d_NCHWc[v_n, v_oc_chunk, v_oh, v_ow, v_oc_block] + p0[v_n, v_ic // T.int64(4), v_oh + v_kh, v_ow + v_kw, v_ic % T.int64(4)] * p1[v_oc_chunk, v_ic // T.int64(4), v_kh, v_kw, v_ic % T.int64(4), v_oc_block]
            for ax0, ax1, ax2, ax3, ax4 in T.grid(T.int64(1), T.int64(16), T.int64(28), T.int64(28), T.int64(32)):
                with T.block("T_relu"):
                    v_ax0, v_ax1, v_ax2, v_ax3, v_ax4 = T.axis.remap("SSSSS", [ax0, ax1, ax2, ax3, ax4])
                    T.reads(conv2d_NCHWc[v_ax0, v_ax1, v_ax2, v_ax3, v_ax4], p2[v_ax0, v_ax1, T.int64(0), T.int64(0), v_ax4], p3[v_ax0, v_ax1, v_ax2, v_ax3, v_ax4])
                    T.writes(T_relu[v_ax0, v_ax1, v_ax2, v_ax3, v_ax4])
                    T_relu[v_ax0, v_ax1, v_ax2, v_ax3, v_ax4] = T.max(conv2d_NCHWc[v_ax0, v_ax1, v_ax2, v_ax3, v_ax4] + p2[v_ax0, v_ax1, T.int64(0), T.int64(0), v_ax4] + p3[v_ax0, v_ax1, v_ax2, v_ax3, v_ax4], T.float32(0))
b0 = sch.get_block(name="conv2d_NCHWc", func_name="main")
b1 = sch.get_block(name="T_add", func_name="main")
b2 = sch.get_block(name="T_add_1", func_name="main")
b3 = sch.get_block(name="root", func_name="main")
sch.compute_inline(block=b2)
sch.compute_inline(block=b1)
sch.annotate(block_or_loop=b0, ann_key="meta_schedule.tiling_structure", ann_val="SSRSRS")
l4, l5, l6, l7, l8, l9, l10, l11 = sch.get_loops(block=b0)
v12, v13, v14, v15 = sch.sample_perfect_tile(loop=l4, n=4, max_innermost_factor=64, decision=[1, 1, 1, 1])
l16, l17, l18, l19 = sch.split(loop=l4, factors=[v12, v13, v14, v15], preserve_unit_iters=True, disable_predication=False)
v20, v21, v22, v23 = sch.sample_perfect_tile(loop=l5, n=4, max_innermost_factor=64, decision=[1, 8, 2, 1])
l24, l25, l26, l27 = sch.split(loop=l5, factors=[v20, v21, v22, v23], preserve_unit_iters=True, disable_predication=False)
v28, v29, v30, v31 = sch.sample_perfect_tile(loop=l6, n=4, max_innermost_factor=64, decision=[2, 1, 14, 1])
l32, l33, l34, l35 = sch.split(loop=l6, factors=[v28, v29, v30, v31], preserve_unit_iters=True, disable_predication=False)
v36, v37, v38, v39 = sch.sample_perfect_tile(loop=l7, n=4, max_innermost_factor=64, decision=[1, 1, 2, 14])
l40, l41, l42, l43 = sch.split(loop=l7, factors=[v36, v37, v38, v39], preserve_unit_iters=True, disable_predication=False)
v44, v45, v46, v47 = sch.sample_perfect_tile(loop=l8, n=4, max_innermost_factor=64, decision=[16, 1, 1, 2])
l48, l49, l50, l51 = sch.split(loop=l8, factors=[v44, v45, v46, v47], preserve_unit_iters=True, disable_predication=False)
v52, v53 = sch.sample_perfect_tile(loop=l9, n=2, max_innermost_factor=64, decision=[4, 32])
l54, l55 = sch.split(loop=l9, factors=[v52, v53], preserve_unit_iters=True, disable_predication=False)
v56, v57 = sch.sample_perfect_tile(loop=l10, n=2, max_innermost_factor=64, decision=[1, 1])
l58, l59 = sch.split(loop=l10, factors=[v56, v57], preserve_unit_iters=True, disable_predication=False)
v60, v61 = sch.sample_perfect_tile(loop=l11, n=2, max_innermost_factor=64, decision=[1, 1])
l62, l63 = sch.split(loop=l11, factors=[v60, v61], preserve_unit_iters=True, disable_predication=False)
sch.reorder(l16, l24, l32, l40, l48, l17, l25, l33, l41, l49, l54, l58, l62, l18, l26, l34, l42, l50, l55, l59, l63, l19, l27, l35, l43, l51)
sch.annotate(block_or_loop=b3, ann_key="meta_schedule.parallel", ann_val=96)
sch.annotate(block_or_loop=b3, ann_key="meta_schedule.vectorize", ann_val=64)
v64 = sch.sample_categorical(candidates=[0, 16, 64, 512], probs=[0.25, 0.25, 0.25, 0.25], decision=1)
sch.annotate(block_or_loop=b3, ann_key="meta_schedule.unroll_explicit", ann_val=v64)
2024-05-19 18:48:37 [INFO] [task_scheduler.cc:170] Design space #1:
# from tvm.script import ir as I
# from tvm.script import tir as T

@I.ir_module
class Module:
    @T.prim_func
    def main(p0: T.Buffer((T.int64(1), T.int64(32), T.int64(28), T.int64(28), T.int64(4)), "float32"), p1: T.Buffer((T.int64(16), T.int64(32), T.int64(1), T.int64(1), T.int64(4), T.int64(32)), "float32"), p2: T.Buffer((T.int64(1), T.int64(16), T.int64(1), T.int64(1), T.int64(32)), "float32"), p3: T.Buffer((T.int64(1), T.int64(16), T.int64(28), T.int64(28), T.int64(32)), "float32"), T_relu: T.Buffer((T.int64(1), T.int64(16), T.int64(28), T.int64(28), T.int64(32)), "float32")):
        T.func_attr({"tir.noalias": T.bool(True)})
        with T.block("root"):
            T.reads()
            T.writes()
            T.block_attr({"meta_schedule.parallel": 96, "meta_schedule.unroll_explicit": 0, "meta_schedule.vectorize": 64})
            conv2d_NCHWc = T.alloc_buffer((T.int64(1), T.int64(16), T.int64(28), T.int64(28), T.int64(32)))
            for n_0, oc_chunk_0, oh_0, ow_0, oc_block_0, n_1, oc_chunk_1, oh_1, ow_1, oc_block_1 in T.grid(T.int64(1), T.int64(1), T.int64(2), T.int64(1), T.int64(16), T.int64(1), T.int64(8), T.int64(1), T.int64(1), T.int64(1)):
                for ic_0, kh_0, kw_0, n_2, oc_chunk_2, oh_2, ow_2, oc_block_2, ic_1, kh_1, kw_1, n_3, oc_chunk_3, oh_3, ow_3, oc_block_3 in T.grid(T.int64(4), T.int64(1), T.int64(1), T.int64(1), T.int64(2), T.int64(14), T.int64(2), T.int64(1), T.int64(32), T.int64(1), T.int64(1), T.int64(1), T.int64(1), T.int64(1), T.int64(14), T.int64(2)):
                    with T.block("conv2d_NCHWc"):
                        v_n = T.axis.spatial(T.int64(1), n_0 + n_1 + n_2 + n_3)
                        v_oc_chunk = T.axis.spatial(T.int64(16), oc_chunk_0 * T.int64(16) + oc_chunk_1 * T.int64(2) + oc_chunk_2 + oc_chunk_3)
                        v_oh = T.axis.spatial(T.int64(28), oh_0 * T.int64(14) + oh_1 * T.int64(14) + oh_2 + oh_3)
                        v_ow = T.axis.spatial(T.int64(28), ow_0 * T.int64(28) + ow_1 * T.int64(28) + ow_2 * T.int64(14) + ow_3)
                        v_oc_block = T.axis.spatial(T.int64(32), oc_block_0 * T.int64(2) + oc_block_1 * T.int64(2) + oc_block_2 * T.int64(2) + oc_block_3)
                        v_ic = T.axis.reduce(T.int64(128), ic_0 * T.int64(32) + ic_1)
                        v_kh = T.axis.reduce(T.int64(1), kh_0 + kh_1)
                        v_kw = T.axis.reduce(T.int64(1), kw_0 + kw_1)
                        T.reads(p0[v_n, v_ic // T.int64(4), v_oh + v_kh, v_ow + v_kw, v_ic % T.int64(4)], p1[v_oc_chunk, v_ic // T.int64(4), v_kh, v_kw, v_ic % T.int64(4), v_oc_block])
                        T.writes(conv2d_NCHWc[v_n, v_oc_chunk, v_oh, v_ow, v_oc_block])
                        T.block_attr({"meta_schedule.tiling_structure": "SSRSRS"})
                        with T.init():
                            conv2d_NCHWc[v_n, v_oc_chunk, v_oh, v_ow, v_oc_block] = T.float32(0)
                        conv2d_NCHWc[v_n, v_oc_chunk, v_oh, v_ow, v_oc_block] = conv2d_NCHWc[v_n, v_oc_chunk, v_oh, v_ow, v_oc_block] + p0[v_n, v_ic // T.int64(4), v_oh + v_kh, v_ow + v_kw, v_ic % T.int64(4)] * p1[v_oc_chunk, v_ic // T.int64(4), v_kh, v_kw, v_ic % T.int64(4), v_oc_block]
                for ax0, ax1, ax2, ax3, ax4 in T.grid(T.int64(1), T.int64(2), T.int64(14), T.int64(28), T.int64(2)):
                    with T.block("T_relu"):
                        v_ax0 = T.axis.spatial(T.int64(1), ax0)
                        v_ax1 = T.axis.spatial(T.int64(16), oc_chunk_1 * T.int64(2) + ax1)
                        v_ax2 = T.axis.spatial(T.int64(28), oh_0 * T.int64(14) + ax2)
                        v_ax3 = T.axis.spatial(T.int64(28), ax3)
                        v_ax4 = T.axis.spatial(T.int64(32), oc_block_0 * T.int64(2) + ax4)
                        T.reads(conv2d_NCHWc[v_ax0, v_ax1, v_ax2, v_ax3, v_ax4], p2[v_ax0, v_ax1, T.int64(0), T.int64(0), v_ax4], p3[v_ax0, v_ax1, v_ax2, v_ax3, v_ax4])
                        T.writes(T_relu[v_ax0, v_ax1, v_ax2, v_ax3, v_ax4])
                        T_relu[v_ax0, v_ax1, v_ax2, v_ax3, v_ax4] = T.max(conv2d_NCHWc[v_ax0, v_ax1, v_ax2, v_ax3, v_ax4] + p2[v_ax0, v_ax1, T.int64(0), T.int64(0), v_ax4] + p3[v_ax0, v_ax1, v_ax2, v_ax3, v_ax4], T.float32(0))
b0 = sch.get_block(name="conv2d_NCHWc", func_name="main")
b1 = sch.get_block(name="T_add", func_name="main")
b2 = sch.get_block(name="T_add_1", func_name="main")
b3 = sch.get_block(name="root", func_name="main")
sch.compute_inline(block=b2)
sch.compute_inline(block=b1)
sch.annotate(block_or_loop=b0, ann_key="meta_schedule.tiling_structure", ann_val="SSRSRS")
l4, l5, l6, l7, l8, l9, l10, l11 = sch.get_loops(block=b0)
v12, v13, v14, v15 = sch.sample_perfect_tile(loop=l4, n=4, max_innermost_factor=64, decision=[1, 1, 1, 1])
l16, l17, l18, l19 = sch.split(loop=l4, factors=[v12, v13, v14, v15], preserve_unit_iters=True, disable_predication=False)
v20, v21, v22, v23 = sch.sample_perfect_tile(loop=l5, n=4, max_innermost_factor=64, decision=[1, 8, 2, 1])
l24, l25, l26, l27 = sch.split(loop=l5, factors=[v20, v21, v22, v23], preserve_unit_iters=True, disable_predication=False)
v28, v29, v30, v31 = sch.sample_perfect_tile(loop=l6, n=4, max_innermost_factor=64, decision=[2, 1, 14, 1])
l32, l33, l34, l35 = sch.split(loop=l6, factors=[v28, v29, v30, v31], preserve_unit_iters=True, disable_predication=False)
v36, v37, v38, v39 = sch.sample_perfect_tile(loop=l7, n=4, max_innermost_factor=64, decision=[1, 1, 2, 14])
l40, l41, l42, l43 = sch.split(loop=l7, factors=[v36, v37, v38, v39], preserve_unit_iters=True, disable_predication=False)
v44, v45, v46, v47 = sch.sample_perfect_tile(loop=l8, n=4, max_innermost_factor=64, decision=[16, 1, 1, 2])
l48, l49, l50, l51 = sch.split(loop=l8, factors=[v44, v45, v46, v47], preserve_unit_iters=True, disable_predication=False)
v52, v53 = sch.sample_perfect_tile(loop=l9, n=2, max_innermost_factor=64, decision=[4, 32])
l54, l55 = sch.split(loop=l9, factors=[v52, v53], preserve_unit_iters=True, disable_predication=False)
v56, v57 = sch.sample_perfect_tile(loop=l10, n=2, max_innermost_factor=64, decision=[1, 1])
l58, l59 = sch.split(loop=l10, factors=[v56, v57], preserve_unit_iters=True, disable_predication=False)
v60, v61 = sch.sample_perfect_tile(loop=l11, n=2, max_innermost_factor=64, decision=[1, 1])
l62, l63 = sch.split(loop=l11, factors=[v60, v61], preserve_unit_iters=True, disable_predication=False)
sch.reorder(l16, l24, l32, l40, l48, l17, l25, l33, l41, l49, l54, l58, l62, l18, l26, l34, l42, l50, l55, l59, l63, l19, l27, l35, l43, l51)
b64, = sch.get_consumers(block=b0)
sch.reverse_compute_at(block=b64, loop=l49, preserve_unit_loops=True, index=-1)
sch.annotate(block_or_loop=b3, ann_key="meta_schedule.parallel", ann_val=96)
sch.annotate(block_or_loop=b3, ann_key="meta_schedule.vectorize", ann_val=64)
v65 = sch.sample_categorical(candidates=[0, 16, 64, 512], probs=[0.25, 0.25, 0.25, 0.25], decision=0)
sch.annotate(block_or_loop=b3, ann_key="meta_schedule.unroll_explicit", ann_val=v65)
2024-05-19 18:48:37 [INFO] [task_scheduler.cc:170] Design space #2:
# from tvm.script import ir as I
# from tvm.script import tir as T

@I.ir_module
class Module:
    @T.prim_func
    def main(p0: T.Buffer((T.int64(1), T.int64(32), T.int64(28), T.int64(28), T.int64(4)), "float32"), p1: T.Buffer((T.int64(16), T.int64(32), T.int64(1), T.int64(1), T.int64(4), T.int64(32)), "float32"), p2: T.Buffer((T.int64(1), T.int64(16), T.int64(1), T.int64(1), T.int64(32)), "float32"), p3: T.Buffer((T.int64(1), T.int64(16), T.int64(28), T.int64(28), T.int64(32)), "float32"), T_relu: T.Buffer((T.int64(1), T.int64(16), T.int64(28), T.int64(28), T.int64(32)), "float32")):
        T.func_attr({"tir.noalias": T.bool(True)})
        with T.block("root"):
            T.reads()
            T.writes()
            T.block_attr({"meta_schedule.parallel": 96, "meta_schedule.unroll_explicit": 512, "meta_schedule.vectorize": 64})
            conv2d_NCHWc = T.alloc_buffer((T.int64(1), T.int64(16), T.int64(28), T.int64(28), T.int64(32)))
            for n_0, oc_chunk_0, oh_0, ow_0, oc_block_0 in T.grid(T.int64(1), T.int64(1), T.int64(2), T.int64(1), T.int64(16)):
                for n_1, oc_chunk_1, oh_1, ow_1, oc_block_1, ic_0, kh_0, kw_0, n_2, oc_chunk_2, oh_2, ow_2, oc_block_2, ic_1, kh_1, kw_1, n_3, oc_chunk_3, oh_3, ow_3, oc_block_3 in T.grid(T.int64(1), T.int64(8), T.int64(1), T.int64(1), T.int64(1), T.int64(4), T.int64(1), T.int64(1), T.int64(1), T.int64(2), T.int64(14), T.int64(2), T.int64(1), T.int64(32), T.int64(1), T.int64(1), T.int64(1), T.int64(1), T.int64(1), T.int64(14), T.int64(2)):
                    with T.block("conv2d_NCHWc"):
                        v_n = T.axis.spatial(T.int64(1), n_0 + n_1 + n_2 + n_3)
                        v_oc_chunk = T.axis.spatial(T.int64(16), oc_chunk_0 * T.int64(16) + oc_chunk_1 * T.int64(2) + oc_chunk_2 + oc_chunk_3)
                        v_oh = T.axis.spatial(T.int64(28), oh_0 * T.int64(14) + oh_1 * T.int64(14) + oh_2 + oh_3)
                        v_ow = T.axis.spatial(T.int64(28), ow_0 * T.int64(28) + ow_1 * T.int64(28) + ow_2 * T.int64(14) + ow_3)
                        v_oc_block = T.axis.spatial(T.int64(32), oc_block_0 * T.int64(2) + oc_block_1 * T.int64(2) + oc_block_2 * T.int64(2) + oc_block_3)
                        v_ic = T.axis.reduce(T.int64(128), ic_0 * T.int64(32) + ic_1)
                        v_kh = T.axis.reduce(T.int64(1), kh_0 + kh_1)
                        v_kw = T.axis.reduce(T.int64(1), kw_0 + kw_1)
                        T.reads(p0[v_n, v_ic // T.int64(4), v_oh + v_kh, v_ow + v_kw, v_ic % T.int64(4)], p1[v_oc_chunk, v_ic // T.int64(4), v_kh, v_kw, v_ic % T.int64(4), v_oc_block])
                        T.writes(conv2d_NCHWc[v_n, v_oc_chunk, v_oh, v_ow, v_oc_block])
                        T.block_attr({"meta_schedule.tiling_structure": "SSRSRS"})
                        with T.init():
                            conv2d_NCHWc[v_n, v_oc_chunk, v_oh, v_ow, v_oc_block] = T.float32(0)
                        conv2d_NCHWc[v_n, v_oc_chunk, v_oh, v_ow, v_oc_block] = conv2d_NCHWc[v_n, v_oc_chunk, v_oh, v_ow, v_oc_block] + p0[v_n, v_ic // T.int64(4), v_oh + v_kh, v_ow + v_kw, v_ic % T.int64(4)] * p1[v_oc_chunk, v_ic // T.int64(4), v_kh, v_kw, v_ic % T.int64(4), v_oc_block]
                for ax0, ax1, ax2, ax3, ax4 in T.grid(T.int64(1), T.int64(16), T.int64(14), T.int64(28), T.int64(2)):
                    with T.block("T_relu"):
                        v_ax0, v_ax1 = T.axis.remap("SS", [ax0, ax1])
                        v_ax2 = T.axis.spatial(T.int64(28), oh_0 * T.int64(14) + ax2)
                        v_ax3 = T.axis.spatial(T.int64(28), ax3)
                        v_ax4 = T.axis.spatial(T.int64(32), oc_block_0 * T.int64(2) + ax4)
                        T.reads(conv2d_NCHWc[v_ax0, v_ax1, v_ax2, v_ax3, v_ax4], p2[v_ax0, v_ax1, T.int64(0), T.int64(0), v_ax4], p3[v_ax0, v_ax1, v_ax2, v_ax3, v_ax4])
                        T.writes(T_relu[v_ax0, v_ax1, v_ax2, v_ax3, v_ax4])
                        T_relu[v_ax0, v_ax1, v_ax2, v_ax3, v_ax4] = T.max(conv2d_NCHWc[v_ax0, v_ax1, v_ax2, v_ax3, v_ax4] + p2[v_ax0, v_ax1, T.int64(0), T.int64(0), v_ax4] + p3[v_ax0, v_ax1, v_ax2, v_ax3, v_ax4], T.float32(0))
b0 = sch.get_block(name="conv2d_NCHWc", func_name="main")
b1 = sch.get_block(name="T_add", func_name="main")
b2 = sch.get_block(name="T_add_1", func_name="main")
b3 = sch.get_block(name="root", func_name="main")
sch.compute_inline(block=b2)
sch.compute_inline(block=b1)
sch.annotate(block_or_loop=b0, ann_key="meta_schedule.tiling_structure", ann_val="SSRSRS")
l4, l5, l6, l7, l8, l9, l10, l11 = sch.get_loops(block=b0)
v12, v13, v14, v15 = sch.sample_perfect_tile(loop=l4, n=4, max_innermost_factor=64, decision=[1, 1, 1, 1])
l16, l17, l18, l19 = sch.split(loop=l4, factors=[v12, v13, v14, v15], preserve_unit_iters=True, disable_predication=False)
v20, v21, v22, v23 = sch.sample_perfect_tile(loop=l5, n=4, max_innermost_factor=64, decision=[1, 8, 2, 1])
l24, l25, l26, l27 = sch.split(loop=l5, factors=[v20, v21, v22, v23], preserve_unit_iters=True, disable_predication=False)
v28, v29, v30, v31 = sch.sample_perfect_tile(loop=l6, n=4, max_innermost_factor=64, decision=[2, 1, 14, 1])
l32, l33, l34, l35 = sch.split(loop=l6, factors=[v28, v29, v30, v31], preserve_unit_iters=True, disable_predication=False)
v36, v37, v38, v39 = sch.sample_perfect_tile(loop=l7, n=4, max_innermost_factor=64, decision=[1, 1, 2, 14])
l40, l41, l42, l43 = sch.split(loop=l7, factors=[v36, v37, v38, v39], preserve_unit_iters=True, disable_predication=False)
v44, v45, v46, v47 = sch.sample_perfect_tile(loop=l8, n=4, max_innermost_factor=64, decision=[16, 1, 1, 2])
l48, l49, l50, l51 = sch.split(loop=l8, factors=[v44, v45, v46, v47], preserve_unit_iters=True, disable_predication=False)
v52, v53 = sch.sample_perfect_tile(loop=l9, n=2, max_innermost_factor=64, decision=[4, 32])
l54, l55 = sch.split(loop=l9, factors=[v52, v53], preserve_unit_iters=True, disable_predication=False)
v56, v57 = sch.sample_perfect_tile(loop=l10, n=2, max_innermost_factor=64, decision=[1, 1])
l58, l59 = sch.split(loop=l10, factors=[v56, v57], preserve_unit_iters=True, disable_predication=False)
v60, v61 = sch.sample_perfect_tile(loop=l11, n=2, max_innermost_factor=64, decision=[1, 1])
l62, l63 = sch.split(loop=l11, factors=[v60, v61], preserve_unit_iters=True, disable_predication=False)
sch.reorder(l16, l24, l32, l40, l48, l17, l25, l33, l41, l49, l54, l58, l62, l18, l26, l34, l42, l50, l55, l59, l63, l19, l27, l35, l43, l51)
b64, = sch.get_consumers(block=b0)
sch.reverse_compute_at(block=b64, loop=l48, preserve_unit_loops=True, index=-1)
sch.annotate(block_or_loop=b3, ann_key="meta_schedule.parallel", ann_val=96)
sch.annotate(block_or_loop=b3, ann_key="meta_schedule.vectorize", ann_val=64)
v65 = sch.sample_categorical(candidates=[0, 16, 64, 512], probs=[0.25, 0.25, 0.25, 0.25], decision=3)
sch.annotate(block_or_loop=b3, ann_key="meta_schedule.unroll_explicit", ann_val=v65)
2024-05-19 19:16:19 [INFO] [evolutionary_search.cc:713] Generating candidates......
2024-05-19 19:16:19 [INFO] [evolutionary_search.cc:715] Picked top 0 candidate(s) from database
2024-05-19 19:16:21 [INFO] [evolutionary_search.cc:533] Sample-Init-Population summary:
Postproc #0 [meta_schedule.DisallowDynamicLoop(0xb8e1168)]: 0 failure(s)
Postproc #1 [meta_schedule.RewriteParallelVectorizeUnroll(0xd9b67c8)]: 0 failure(s)
Postproc #2 [meta_schedule.RewriteReductionBlock(0x15e7d9e8)]: 0 failure(s)
Postproc #3 [meta_schedule.RewriteLayout(0x11e147c8)]: 0 failure(s)
2024-05-19 19:16:21 [INFO] [evolutionary_search.cc:723] Sampled 512 candidate(s)
2024-05-19 19:16:22 [INFO] [evolutionary_search.cc:621] Evolve iter #0 done. Summary:
Postproc #0 [meta_schedule.DisallowDynamicLoop(0xb8e1168)]: 0 failure(s)
Postproc #1 [meta_schedule.RewriteParallelVectorizeUnroll(0xd9b67c8)]: 0 failure(s)
Postproc #2 [meta_schedule.RewriteReductionBlock(0x15e7d9e8)]: 0 failure(s)
Postproc #3 [meta_schedule.RewriteLayout(0x11e147c8)]: 0 failure(s)
2024-05-19 19:16:23 [INFO] [evolutionary_search.cc:621] Evolve iter #1 done. Summary:
Postproc #0 [meta_schedule.DisallowDynamicLoop(0xb8e1168)]: 0 failure(s)
Postproc #1 [meta_schedule.RewriteParallelVectorizeUnroll(0xd9b67c8)]: 0 failure(s)
Postproc #2 [meta_schedule.RewriteReductionBlock(0x15e7d9e8)]: 0 failure(s)
Postproc #3 [meta_schedule.RewriteLayout(0x11e147c8)]: 0 failure(s)
2024-05-19 19:16:24 [INFO] [evolutionary_search.cc:621] Evolve iter #2 done. Summary:
Postproc #0 [meta_schedule.DisallowDynamicLoop(0xb8e1168)]: 0 failure(s)
Postproc #1 [meta_schedule.RewriteParallelVectorizeUnroll(0xd9b67c8)]: 0 failure(s)
Postproc #2 [meta_schedule.RewriteReductionBlock(0x15e7d9e8)]: 0 failure(s)
Postproc #3 [meta_schedule.RewriteLayout(0x11e147c8)]: 0 failure(s)
2024-05-19 19:16:26 [INFO] [evolutionary_search.cc:621] Evolve iter #3 done. Summary:
Postproc #0 [meta_schedule.DisallowDynamicLoop(0xb8e1168)]: 0 failure(s)
Postproc #1 [meta_schedule.RewriteParallelVectorizeUnroll(0xd9b67c8)]: 0 failure(s)
Postproc #2 [meta_schedule.RewriteReductionBlock(0x15e7d9e8)]: 0 failure(s)
Postproc #3 [meta_schedule.RewriteLayout(0x11e147c8)]: 0 failure(s)
2024-05-19 19:16:26 [INFO] [evolutionary_search.cc:649] Scores of the best 64 candidates:
[1 : 16]:	1.0000  0.9997  0.9996  0.9995  0.9994  0.9990  0.9980  0.9973  0.9973  0.9968  0.9967  0.9965  0.9965  0.9961  0.9959  0.9955
[17 : 32]:	0.9954  0.9952  0.9950  0.9947  0.9946  0.9943  0.9939  0.9939  0.9937  0.9935  0.9929  0.9924  0.9923  0.9918  0.9915  0.9914
[33 : 48]:	0.9906  0.9902  0.9902  0.9893  0.9885  0.9882  0.9872  0.9867  0.9866  0.9864  0.9862  0.9861  0.9854  0.9854  0.9854  0.9839
[49 : 64]:	0.9839  0.9833  0.9830  0.9829  0.9821  0.9818  0.9812  0.9805  0.9801  0.9788  0.9777  0.9771  0.9771  0.9769  0.9768  0.9762
2024-05-19 19:16:26 [INFO] [evolutionary_search.cc:727] Got 64 candidate(s) with evolutionary search
2024-05-19 19:16:26 [INFO] [evolutionary_search.cc:730] Sending 63 candidates(s) for measurement
2024-05-19 19:42:20 [INFO] [task_scheduler.cc:131] [Task #27: fused_nn_contrib_conv2d_NCHWc_add_add_nn_relu_1] Trial #1: GFLOPs: 40.5941. Time: 2561.0768 us. Best GFLOPs: 40.5941
2024-05-19 19:42:20 [INFO] [task_scheduler.cc:131] [Task #27: fused_nn_contrib_conv2d_NCHWc_add_add_nn_relu_1] Trial #2: GFLOPs: 52.2024. Time: 1991.5688 us. Best GFLOPs: 52.2024
2024-05-19 19:42:20 [INFO] [task_scheduler.cc:131] [Task #27: fused_nn_contrib_conv2d_NCHWc_add_add_nn_relu_1] Trial #3: GFLOPs: 134.2436. Time: 774.4476 us. Best GFLOPs: 134.2436
2024-05-19 19:42:20 [INFO] [task_scheduler.cc:131] [Task #27: fused_nn_contrib_conv2d_NCHWc_add_add_nn_relu_1] Trial #4: GFLOPs: 43.5915. Time: 2384.9765 us. Best GFLOPs: 134.2436
2024-05-19 19:42:20 [INFO] [task_scheduler.cc:131] [Task #27: fused_nn_contrib_conv2d_NCHWc_add_add_nn_relu_1] Trial #5: GFLOPs: 14.8287. Time: 7011.0381 us. Best GFLOPs: 134.2436
2024-05-19 19:42:20 [INFO] [task_scheduler.cc:131] [Task #27: fused_nn_contrib_conv2d_NCHWc_add_add_nn_relu_1] Trial #6: GFLOPs: 42.3016. Time: 2457.7002 us. Best GFLOPs: 134.2436
2024-05-19 19:42:20 [INFO] [task_scheduler.cc:131] [Task #27: fused_nn_contrib_conv2d_NCHWc_add_add_nn_relu_1] Trial #7: GFLOPs: 53.8294. Time: 1931.3746 us. Best GFLOPs: 134.2436
2024-05-19 19:42:20 [INFO] [task_scheduler.cc:131] [Task #27: fused_nn_contrib_conv2d_NCHWc_add_add_nn_relu_1] Trial #8: GFLOPs: 68.8445. Time: 1510.1384 us. Best GFLOPs: 134.2436
2024-05-19 19:42:20 [INFO] [task_scheduler.cc:131] [Task #27: fused_nn_contrib_conv2d_NCHWc_add_add_nn_relu_1] Trial #9: GFLOPs: 119.9927. Time: 866.4253 us. Best GFLOPs: 134.2436
2024-05-19 19:42:20 [INFO] [task_scheduler.cc:131] [Task #27: fused_nn_contrib_conv2d_NCHWc_add_add_nn_relu_1] Trial #10: GFLOPs: 97.8368. Time: 1062.6333 us. Best GFLOPs: 134.2436
2024-05-19 19:42:20 [INFO] [task_scheduler.cc:131] [Task #27: fused_nn_contrib_conv2d_NCHWc_add_add_nn_relu_1] Trial #11: GFLOPs: 12.3584. Time: 8412.4699 us. Best GFLOPs: 134.2436
2024-05-19 19:42:20 [INFO] [task_scheduler.cc:131] [Task #27: fused_nn_contrib_conv2d_NCHWc_add_add_nn_relu_1] Trial #12: GFLOPs: 6.7208. Time: 15469.0894 us. Best GFLOPs: 134.2436
2024-05-19 19:42:20 [INFO] [task_scheduler.cc:131] [Task #27: fused_nn_contrib_conv2d_NCHWc_add_add_nn_relu_1] Trial #13: GFLOPs: 150.4202. Time: 691.1617 us. Best GFLOPs: 150.4202
2024-05-19 19:42:20 [INFO] [task_scheduler.cc:131] [Task #27: fused_nn_contrib_conv2d_NCHWc_add_add_nn_relu_1] Trial #14: GFLOPs: 71.8805. Time: 1446.3542 us. Best GFLOPs: 150.4202
2024-05-19 19:42:20 [INFO] [task_scheduler.cc:131] [Task #27: fused_nn_contrib_conv2d_NCHWc_add_add_nn_relu_1] Trial #15: GFLOPs: 9.9061. Time: 10494.9740 us. Best GFLOPs: 150.4202
2024-05-19 19:42:20 [INFO] [task_scheduler.cc:131] [Task #27: fused_nn_contrib_conv2d_NCHWc_add_add_nn_relu_1] Trial #16: GFLOPs: 10.3866. Time: 10009.5336 us. Best GFLOPs: 150.4202
2024-05-19 19:42:20 [INFO] [task_scheduler.cc:131] [Task #27: fused_nn_contrib_conv2d_NCHWc_add_add_nn_relu_1] Trial #17: GFLOPs: 102.0782. Time: 1018.4810 us. Best GFLOPs: 150.4202
2024-05-19 19:42:20 [INFO] [task_scheduler.cc:131] [Task #27: fused_nn_contrib_conv2d_NCHWc_add_add_nn_relu_1] Trial #18: GFLOPs: 19.6117. Time: 5301.1463 us. Best GFLOPs: 150.4202
2024-05-19 19:42:20 [INFO] [task_scheduler.cc:131] [Task #27: fused_nn_contrib_conv2d_NCHWc_add_add_nn_relu_1] Trial #19: GFLOPs: 87.3770. Time: 1189.8408 us. Best GFLOPs: 150.4202
2024-05-19 19:42:20 [INFO] [task_scheduler.cc:131] [Task #27: fused_nn_contrib_conv2d_NCHWc_add_add_nn_relu_1] Trial #20: GFLOPs: 13.4860. Time: 7709.0706 us. Best GFLOPs: 150.4202
2024-05-19 19:42:20 [INFO] [task_scheduler.cc:131] [Task #27: fused_nn_contrib_conv2d_NCHWc_add_add_nn_relu_1] Trial #21: GFLOPs: 6.4297. Time: 16169.3548 us. Best GFLOPs: 150.4202
2024-05-19 19:42:20 [INFO] [task_scheduler.cc:131] [Task #27: fused_nn_contrib_conv2d_NCHWc_add_add_nn_relu_1] Trial #22: GFLOPs: 14.1748. Time: 7334.4516 us. Best GFLOPs: 150.4202
2024-05-19 19:42:20 [INFO] [task_scheduler.cc:131] [Task #27: fused_nn_contrib_conv2d_NCHWc_add_add_nn_relu_1] Trial #23: GFLOPs: 13.1106. Time: 7929.8034 us. Best GFLOPs: 150.4202
2024-05-19 19:42:20 [INFO] [task_scheduler.cc:131] [Task #27: fused_nn_contrib_conv2d_NCHWc_add_add_nn_relu_1] Trial #24: GFLOPs: 38.6640. Time: 2688.9266 us. Best GFLOPs: 150.4202
2024-05-19 19:42:20 [INFO] [task_scheduler.cc:131] [Task #27: fused_nn_contrib_conv2d_NCHWc_add_add_nn_relu_1] Trial #25: GFLOPs: 19.9207. Time: 5218.9235 us. Best GFLOPs: 150.4202
2024-05-19 19:42:20 [INFO] [task_scheduler.cc:131] [Task #27: fused_nn_contrib_conv2d_NCHWc_add_add_nn_relu_1] Trial #26: GFLOPs: 68.9889. Time: 1506.9768 us. Best GFLOPs: 150.4202
2024-05-19 19:42:20 [INFO] [task_scheduler.cc:131] [Task #27: fused_nn_contrib_conv2d_NCHWc_add_add_nn_relu_1] Trial #27: GFLOPs: 6.3349. Time: 16411.2922 us. Best GFLOPs: 150.4202
2024-05-19 19:42:20 [INFO] [task_scheduler.cc:131] [Task #27: fused_nn_contrib_conv2d_NCHWc_add_add_nn_relu_1] Trial #28: GFLOPs: 60.4426. Time: 1720.0551 us. Best GFLOPs: 150.4202
2024-05-19 19:42:20 [INFO] [task_scheduler.cc:131] [Task #27: fused_nn_contrib_conv2d_NCHWc_add_add_nn_relu_1] Trial #29: GFLOPs: 13.9044. Time: 7477.1145 us. Best GFLOPs: 150.4202
2024-05-19 19:42:20 [INFO] [task_scheduler.cc:131] [Task #27: fused_nn_contrib_conv2d_NCHWc_add_add_nn_relu_1] Trial #30: GFLOPs: 36.8766. Time: 2819.2581 us. Best GFLOPs: 150.4202
2024-05-19 19:42:20 [INFO] [task_scheduler.cc:131] [Task #27: fused_nn_contrib_conv2d_NCHWc_add_add_nn_relu_1] Trial #31: GFLOPs: 8.4668. Time: 12279.0768 us. Best GFLOPs: 150.4202
2024-05-19 19:42:20 [INFO] [task_scheduler.cc:131] [Task #27: fused_nn_contrib_conv2d_NCHWc_add_add_nn_relu_1] Trial #32: GFLOPs: 8.5994. Time: 12089.7496 us. Best GFLOPs: 150.4202
2024-05-19 19:42:20 [INFO] [task_scheduler.cc:131] [Task #27: fused_nn_contrib_conv2d_NCHWc_add_add_nn_relu_1] Trial #33: GFLOPs: 27.2804. Time: 3810.9591 us. Best GFLOPs: 150.4202
2024-05-19 19:42:20 [INFO] [task_scheduler.cc:131] [Task #27: fused_nn_contrib_conv2d_NCHWc_add_add_nn_relu_1] Trial #34: GFLOPs: 16.4313. Time: 6327.2217 us. Best GFLOPs: 150.4202
2024-05-19 19:42:20 [INFO] [task_scheduler.cc:131] [Task #27: fused_nn_contrib_conv2d_NCHWc_add_add_nn_relu_1] Trial #35: GFLOPs: 7.5687. Time: 13736.1882 us. Best GFLOPs: 150.4202
2024-05-19 19:42:20 [INFO] [task_scheduler.cc:131] [Task #27: fused_nn_contrib_conv2d_NCHWc_add_add_nn_relu_1] Trial #36: GFLOPs: 42.7454. Time: 2432.1842 us. Best GFLOPs: 150.4202
2024-05-19 19:42:20 [INFO] [task_scheduler.cc:131] [Task #27: fused_nn_contrib_conv2d_NCHWc_add_add_nn_relu_1] Trial #37: GFLOPs: 12.1327. Time: 8568.9576 us. Best GFLOPs: 150.4202
2024-05-19 19:42:20 [INFO] [task_scheduler.cc:131] [Task #27: fused_nn_contrib_conv2d_NCHWc_add_add_nn_relu_1] Trial #38: GFLOPs: 108.6873. Time: 956.5480 us. Best GFLOPs: 150.4202
2024-05-19 19:42:20 [INFO] [task_scheduler.cc:131] [Task #27: fused_nn_contrib_conv2d_NCHWc_add_add_nn_relu_1] Trial #39: GFLOPs: 17.2706. Time: 6019.7618 us. Best GFLOPs: 150.4202
2024-05-19 19:42:20 [INFO] [task_scheduler.cc:131] [Task #27: fused_nn_contrib_conv2d_NCHWc_add_add_nn_relu_1] Trial #40: GFLOPs: 13.4390. Time: 7736.0509 us. Best GFLOPs: 150.4202
2024-05-19 19:42:20 [INFO] [task_scheduler.cc:131] [Task #27: fused_nn_contrib_conv2d_NCHWc_add_add_nn_relu_1] Trial #41: GFLOPs: 25.7414. Time: 4038.8154 us. Best GFLOPs: 150.4202
2024-05-19 19:42:20 [INFO] [task_scheduler.cc:131] [Task #27: fused_nn_contrib_conv2d_NCHWc_add_add_nn_relu_1] Trial #42: GFLOPs: 17.8472. Time: 5825.2544 us. Best GFLOPs: 150.4202
2024-05-19 19:42:20 [INFO] [task_scheduler.cc:131] [Task #27: fused_nn_contrib_conv2d_NCHWc_add_add_nn_relu_1] Trial #43: GFLOPs: 47.5331. Time: 2187.2070 us. Best GFLOPs: 150.4202
2024-05-19 19:42:20 [INFO] [task_scheduler.cc:131] [Task #27: fused_nn_contrib_conv2d_NCHWc_add_add_nn_relu_1] Trial #44: GFLOPs: 8.7370. Time: 11899.3176 us. Best GFLOPs: 150.4202
2024-05-19 19:42:20 [INFO] [task_scheduler.cc:131] [Task #27: fused_nn_contrib_conv2d_NCHWc_add_add_nn_relu_1] Trial #45: GFLOPs: 23.2403. Time: 4473.4609 us. Best GFLOPs: 150.4202
2024-05-19 19:42:20 [INFO] [task_scheduler.cc:131] [Task #27: fused_nn_contrib_conv2d_NCHWc_add_add_nn_relu_1] Trial #46: GFLOPs: 47.5878. Time: 2184.6926 us. Best GFLOPs: 150.4202
2024-05-19 19:42:20 [INFO] [task_scheduler.cc:131] [Task #27: fused_nn_contrib_conv2d_NCHWc_add_add_nn_relu_1] Trial #47: GFLOPs: 43.0593. Time: 2414.4546 us. Best GFLOPs: 150.4202
2024-05-19 19:42:20 [INFO] [task_scheduler.cc:131] [Task #27: fused_nn_contrib_conv2d_NCHWc_add_add_nn_relu_1] Trial #48: GFLOPs: 43.7289. Time: 2377.4827 us. Best GFLOPs: 150.4202
2024-05-19 19:42:20 [INFO] [task_scheduler.cc:131] [Task #27: fused_nn_contrib_conv2d_NCHWc_add_add_nn_relu_1] Trial #49: GFLOPs: 25.9776. Time: 4002.0940 us. Best GFLOPs: 150.4202
2024-05-19 19:42:20 [INFO] [task_scheduler.cc:131] [Task #27: fused_nn_contrib_conv2d_NCHWc_add_add_nn_relu_1] Trial #50: GFLOPs: 40.0170. Time: 2598.0147 us. Best GFLOPs: 150.4202
2024-05-19 19:42:20 [INFO] [task_scheduler.cc:131] [Task #27: fused_nn_contrib_conv2d_NCHWc_add_add_nn_relu_1] Trial #51: GFLOPs: 107.0409. Time: 971.2610 us. Best GFLOPs: 150.4202
2024-05-19 19:42:20 [INFO] [task_scheduler.cc:131] [Task #27: fused_nn_contrib_conv2d_NCHWc_add_add_nn_relu_1] Trial #52: GFLOPs: 43.7129. Time: 2378.3536 us. Best GFLOPs: 150.4202
2024-05-19 19:42:20 [INFO] [task_scheduler.cc:131] [Task #27: fused_nn_contrib_conv2d_NCHWc_add_add_nn_relu_1] Trial #53: GFLOPs: 4.8824. Time: 21293.6809 us. Best GFLOPs: 150.4202
2024-05-19 19:42:20 [INFO] [task_scheduler.cc:131] [Task #27: fused_nn_contrib_conv2d_NCHWc_add_add_nn_relu_1] Trial #54: GFLOPs: 75.9516. Time: 1368.8273 us. Best GFLOPs: 150.4202
2024-05-19 19:42:20 [INFO] [task_scheduler.cc:131] [Task #27: fused_nn_contrib_conv2d_NCHWc_add_add_nn_relu_1] Trial #55: GFLOPs: 16.9515. Time: 6133.0809 us. Best GFLOPs: 150.4202
2024-05-19 19:42:20 [INFO] [task_scheduler.cc:131] [Task #27: fused_nn_contrib_conv2d_NCHWc_add_add_nn_relu_1] Trial #56: GFLOPs: 8.7110. Time: 11934.8618 us. Best GFLOPs: 150.4202
2024-05-19 19:42:20 [INFO] [task_scheduler.cc:131] [Task #27: fused_nn_contrib_conv2d_NCHWc_add_add_nn_relu_1] Trial #57: GFLOPs: 125.8262. Time: 826.2564 us. Best GFLOPs: 150.4202
2024-05-19 19:42:20 [INFO] [task_scheduler.cc:131] [Task #27: fused_nn_contrib_conv2d_NCHWc_add_add_nn_relu_1] Trial #58: GFLOPs: 24.0605. Time: 4320.9769 us. Best GFLOPs: 150.4202
2024-05-19 19:42:20 [INFO] [task_scheduler.cc:131] [Task #27: fused_nn_contrib_conv2d_NCHWc_add_add_nn_relu_1] Trial #59: GFLOPs: 118.2006. Time: 879.5613 us. Best GFLOPs: 150.4202
2024-05-19 19:42:20 [INFO] [task_scheduler.cc:131] [Task #27: fused_nn_contrib_conv2d_NCHWc_add_add_nn_relu_1] Trial #60: GFLOPs: 143.8651. Time: 722.6537 us. Best GFLOPs: 150.4202
2024-05-19 19:42:20 [INFO] [task_scheduler.cc:131] [Task #27: fused_nn_contrib_conv2d_NCHWc_add_add_nn_relu_1] Trial #61: GFLOPs: 86.4414. Time: 1202.7178 us. Best GFLOPs: 150.4202
2024-05-19 19:42:20 [INFO] [task_scheduler.cc:131] [Task #27: fused_nn_contrib_conv2d_NCHWc_add_add_nn_relu_1] Trial #62: GFLOPs: 57.0285. Time: 1823.0294 us. Best GFLOPs: 150.4202
2024-05-19 19:42:20 [INFO] [task_scheduler.cc:131] [Task #27: fused_nn_contrib_conv2d_NCHWc_add_add_nn_relu_1] Trial #63: GFLOPs: 63.0448. Time: 1649.0591 us. Best GFLOPs: 150.4202
2024-05-19 19:54:50 [INFO] [evolutionary_search.cc:713] Generating candidates......
2024-05-19 19:54:50 [INFO] [evolutionary_search.cc:715] Picked top 63 candidate(s) from database
2024-05-19 19:54:51 [INFO] [evolutionary_search.cc:533] Sample-Init-Population summary:
Postproc #0 [meta_schedule.DisallowDynamicLoop(0xb8e1168)]: 0 failure(s)
Postproc #1 [meta_schedule.RewriteParallelVectorizeUnroll(0xd9b67c8)]: 0 failure(s)
Postproc #2 [meta_schedule.RewriteReductionBlock(0x15e7d9e8)]: 0 failure(s)
Postproc #3 [meta_schedule.RewriteLayout(0x11e147c8)]: 0 failure(s)
2024-05-19 19:54:51 [INFO] [evolutionary_search.cc:723] Sampled 449 candidate(s)
2024-05-19 19:54:54 [INFO] [evolutionary_search.cc:621] Evolve iter #0 done. Summary:
Postproc #0 [meta_schedule.DisallowDynamicLoop(0xb8e1168)]: 0 failure(s)
Postproc #1 [meta_schedule.RewriteParallelVectorizeUnroll(0xd9b67c8)]: 0 failure(s)
Postproc #2 [meta_schedule.RewriteReductionBlock(0x15e7d9e8)]: 0 failure(s)
Postproc #3 [meta_schedule.RewriteLayout(0x11e147c8)]: 0 failure(s)
2024-05-19 19:54:56 [INFO] [evolutionary_search.cc:621] Evolve iter #1 done. Summary:
Postproc #0 [meta_schedule.DisallowDynamicLoop(0xb8e1168)]: 0 failure(s)
Postproc #1 [meta_schedule.RewriteParallelVectorizeUnroll(0xd9b67c8)]: 0 failure(s)
Postproc #2 [meta_schedule.RewriteReductionBlock(0x15e7d9e8)]: 0 failure(s)
Postproc #3 [meta_schedule.RewriteLayout(0x11e147c8)]: 0 failure(s)
2024-05-19 19:54:59 [INFO] [evolutionary_search.cc:621] Evolve iter #2 done. Summary:
Postproc #0 [meta_schedule.DisallowDynamicLoop(0xb8e1168)]: 0 failure(s)
Postproc #1 [meta_schedule.RewriteParallelVectorizeUnroll(0xd9b67c8)]: 0 failure(s)
Postproc #2 [meta_schedule.RewriteReductionBlock(0x15e7d9e8)]: 0 failure(s)
Postproc #3 [meta_schedule.RewriteLayout(0x11e147c8)]: 0 failure(s)
2024-05-19 19:55:02 [INFO] [evolutionary_search.cc:621] Evolve iter #3 done. Summary:
Postproc #0 [meta_schedule.DisallowDynamicLoop(0xb8e1168)]: 0 failure(s)
Postproc #1 [meta_schedule.RewriteParallelVectorizeUnroll(0xd9b67c8)]: 0 failure(s)
Postproc #2 [meta_schedule.RewriteReductionBlock(0x15e7d9e8)]: 0 failure(s)
Postproc #3 [meta_schedule.RewriteLayout(0x11e147c8)]: 0 failure(s)
2024-05-19 19:55:04 [INFO] [evolutionary_search.cc:649] Scores of the best 64 candidates:
[1 : 16]:	0.9508  0.9481  0.9294  0.9264  0.9239  0.9239  0.9178  0.9125  0.9124  0.9118  0.9115  0.9062  0.9040  0.9034  0.9013  0.8992
[17 : 32]:	0.8972  0.8745  0.8717  0.8717  0.8717  0.8700  0.8678  0.8617  0.8596  0.8585  0.8579  0.8554  0.8456  0.8436  0.8405  0.8392
[33 : 48]:	0.8381  0.8354  0.8295  0.8245  0.8236  0.8231  0.8229  0.8217  0.8201  0.8194  0.8184  0.8179  0.8163  0.8160  0.8152  0.8146
[49 : 64]:	0.8145  0.8127  0.8116  0.8098  0.8098  0.8095  0.8093  0.8079  0.8066  0.8063  0.8063  0.8053  0.8053  0.8043  0.8028  0.8026
2024-05-19 19:55:04 [INFO] [evolutionary_search.cc:727] Got 64 candidate(s) with evolutionary search
2024-05-19 19:55:04 [INFO] [evolutionary_search.cc:730] Sending 64 candidates(s) for measurement
2024-05-19 19:56:49 [INFO] [task_scheduler.cc:131] [Task #27: fused_nn_contrib_conv2d_NCHWc_add_add_nn_relu_1] Trial #64: GFLOPs: 168.6832. Time: 616.3308 us. Best GFLOPs: 168.6832
2024-05-19 19:56:49 [INFO] [task_scheduler.cc:131] [Task #27: fused_nn_contrib_conv2d_NCHWc_add_add_nn_relu_1] Trial #65: GFLOPs: 81.8872. Time: 1269.6089 us. Best GFLOPs: 168.6832
2024-05-19 19:56:49 [INFO] [task_scheduler.cc:131] [Task #27: fused_nn_contrib_conv2d_NCHWc_add_add_nn_relu_1] Trial #66: GFLOPs: 73.5367. Time: 1413.7791 us. Best GFLOPs: 168.6832
2024-05-19 19:56:49 [INFO] [task_scheduler.cc:131] [Task #27: fused_nn_contrib_conv2d_NCHWc_add_add_nn_relu_1] Trial #67: GFLOPs: 79.7721. Time: 1303.2715 us. Best GFLOPs: 168.6832
2024-05-19 19:56:49 [INFO] [task_scheduler.cc:131] [Task #27: fused_nn_contrib_conv2d_NCHWc_add_add_nn_relu_1] Trial #68: GFLOPs: 157.2623. Time: 661.0909 us. Best GFLOPs: 168.6832
2024-05-19 19:56:49 [INFO] [task_scheduler.cc:131] [Task #27: fused_nn_contrib_conv2d_NCHWc_add_add_nn_relu_1] Trial #69: GFLOPs: 158.4636. Time: 656.0793 us. Best GFLOPs: 168.6832
2024-05-19 19:56:49 [INFO] [task_scheduler.cc:131] [Task #27: fused_nn_contrib_conv2d_NCHWc_add_add_nn_relu_1] Trial #70: GFLOPs: 79.3179. Time: 1310.7334 us. Best GFLOPs: 168.6832
2024-05-19 19:56:49 [INFO] [task_scheduler.cc:131] [Task #27: fused_nn_contrib_conv2d_NCHWc_add_add_nn_relu_1] Trial #71: GFLOPs: 114.1188. Time: 911.0210 us. Best GFLOPs: 168.6832
2024-05-19 19:56:49 [INFO] [task_scheduler.cc:131] [Task #27: fused_nn_contrib_conv2d_NCHWc_add_add_nn_relu_1] Trial #72: GFLOPs: 80.1323. Time: 1297.4131 us. Best GFLOPs: 168.6832
2024-05-19 19:56:49 [INFO] [task_scheduler.cc:131] [Task #27: fused_nn_contrib_conv2d_NCHWc_add_add_nn_relu_1] Trial #73: GFLOPs: 62.5081. Time: 1663.2180 us. Best GFLOPs: 168.6832
2024-05-19 19:56:49 [INFO] [task_scheduler.cc:131] [Task #27: fused_nn_contrib_conv2d_NCHWc_add_add_nn_relu_1] Trial #74: GFLOPs: 101.9947. Time: 1019.3147 us. Best GFLOPs: 168.6832
2024-05-19 19:56:49 [INFO] [task_scheduler.cc:131] [Task #27: fused_nn_contrib_conv2d_NCHWc_add_add_nn_relu_1] Trial #75: GFLOPs: 80.5385. Time: 1290.8688 us. Best GFLOPs: 168.6832
2024-05-19 19:56:49 [INFO] [task_scheduler.cc:131] [Task #27: fused_nn_contrib_conv2d_NCHWc_add_add_nn_relu_1] Trial #76: GFLOPs: 114.3666. Time: 909.0471 us. Best GFLOPs: 168.6832
2024-05-19 19:56:49 [INFO] [task_scheduler.cc:131] [Task #27: fused_nn_contrib_conv2d_NCHWc_add_add_nn_relu_1] Trial #77: GFLOPs: 106.5002. Time: 976.1923 us. Best GFLOPs: 168.6832
2024-05-19 19:56:49 [INFO] [task_scheduler.cc:131] [Task #27: fused_nn_contrib_conv2d_NCHWc_add_add_nn_relu_1] Trial #78: GFLOPs: 144.7363. Time: 718.3042 us. Best GFLOPs: 168.6832
2024-05-19 19:56:49 [INFO] [task_scheduler.cc:131] [Task #27: fused_nn_contrib_conv2d_NCHWc_add_add_nn_relu_1] Trial #79: GFLOPs: 134.3631. Time: 773.7590 us. Best GFLOPs: 168.6832
2024-05-19 19:56:49 [INFO] [task_scheduler.cc:131] [Task #27: fused_nn_contrib_conv2d_NCHWc_add_add_nn_relu_1] Trial #80: GFLOPs: 152.1698. Time: 683.2150 us. Best GFLOPs: 168.6832
2024-05-19 19:56:49 [INFO] [task_scheduler.cc:131] [Task #27: fused_nn_contrib_conv2d_NCHWc_add_add_nn_relu_1] Trial #81: GFLOPs: 127.4484. Time: 815.7395 us. Best GFLOPs: 168.6832
2024-05-19 19:56:49 [INFO] [task_scheduler.cc:131] [Task #27: fused_nn_contrib_conv2d_NCHWc_add_add_nn_relu_1] Trial #82: GFLOPs: 144.6838. Time: 718.5645 us. Best GFLOPs: 168.6832
2024-05-19 19:56:49 [INFO] [task_scheduler.cc:131] [Task #27: fused_nn_contrib_conv2d_NCHWc_add_add_nn_relu_1] Trial #83: GFLOPs: 128.3843. Time: 809.7927 us. Best GFLOPs: 168.6832
2024-05-19 19:56:49 [INFO] [task_scheduler.cc:131] [Task #27: fused_nn_contrib_conv2d_NCHWc_add_add_nn_relu_1] Trial #84: GFLOPs: 145.1823. Time: 716.0975 us. Best GFLOPs: 168.6832
2024-05-19 19:56:49 [INFO] [task_scheduler.cc:131] [Task #27: fused_nn_contrib_conv2d_NCHWc_add_add_nn_relu_1] Trial #85: GFLOPs: 139.4833. Time: 745.3557 us. Best GFLOPs: 168.6832
2024-05-19 19:56:49 [INFO] [task_scheduler.cc:131] [Task #27: fused_nn_contrib_conv2d_NCHWc_add_add_nn_relu_1] Trial #86: GFLOPs: 76.8418. Time: 1352.9706 us. Best GFLOPs: 168.6832
2024-05-19 19:56:49 [INFO] [task_scheduler.cc:131] [Task #27: fused_nn_contrib_conv2d_NCHWc_add_add_nn_relu_1] Trial #87: GFLOPs: 133.5774. Time: 778.3102 us. Best GFLOPs: 168.6832
2024-05-19 19:56:49 [INFO] [task_scheduler.cc:131] [Task #27: fused_nn_contrib_conv2d_NCHWc_add_add_nn_relu_1] Trial #88: GFLOPs: 129.5727. Time: 802.3659 us. Best GFLOPs: 168.6832
2024-05-19 19:56:49 [INFO] [task_scheduler.cc:131] [Task #27: fused_nn_contrib_conv2d_NCHWc_add_add_nn_relu_1] Trial #89: GFLOPs: 168.2439. Time: 617.9401 us. Best GFLOPs: 168.6832
2024-05-19 19:56:49 [INFO] [task_scheduler.cc:131] [Task #27: fused_nn_contrib_conv2d_NCHWc_add_add_nn_relu_1] Trial #90: GFLOPs: 143.7737. Time: 723.1132 us. Best GFLOPs: 168.6832
2024-05-19 19:56:49 [INFO] [task_scheduler.cc:131] [Task #27: fused_nn_contrib_conv2d_NCHWc_add_add_nn_relu_1] Trial #91: GFLOPs: 121.4141. Time: 856.2820 us. Best GFLOPs: 168.6832
2024-05-19 19:56:49 [INFO] [task_scheduler.cc:131] [Task #27: fused_nn_contrib_conv2d_NCHWc_add_add_nn_relu_1] Trial #92: GFLOPs: 90.5964. Time: 1147.5588 us. Best GFLOPs: 168.6832
2024-05-19 19:56:49 [INFO] [task_scheduler.cc:131] [Task #27: fused_nn_contrib_conv2d_NCHWc_add_add_nn_relu_1] Trial #93: GFLOPs: 147.3728. Time: 705.4534 us. Best GFLOPs: 168.6832
2024-05-19 19:56:49 [INFO] [task_scheduler.cc:131] [Task #27: fused_nn_contrib_conv2d_NCHWc_add_add_nn_relu_1] Trial #94: GFLOPs: 162.8372. Time: 638.4578 us. Best GFLOPs: 168.6832
2024-05-19 19:56:49 [INFO] [task_scheduler.cc:131] [Task #27: fused_nn_contrib_conv2d_NCHWc_add_add_nn_relu_1] Trial #95: GFLOPs: 121.9532. Time: 852.4961 us. Best GFLOPs: 168.6832
2024-05-19 19:56:49 [INFO] [task_scheduler.cc:131] [Task #27: fused_nn_contrib_conv2d_NCHWc_add_add_nn_relu_1] Trial #96: GFLOPs: 88.9266. Time: 1169.1065 us. Best GFLOPs: 168.6832
2024-05-19 19:56:49 [INFO] [task_scheduler.cc:131] [Task #27: fused_nn_contrib_conv2d_NCHWc_add_add_nn_relu_1] Trial #97: GFLOPs: 124.7412. Time: 833.4430 us. Best GFLOPs: 168.6832
2024-05-19 19:56:49 [INFO] [task_scheduler.cc:131] [Task #27: fused_nn_contrib_conv2d_NCHWc_add_add_nn_relu_1] Trial #98: GFLOPs: 95.6145. Time: 1087.3314 us. Best GFLOPs: 168.6832
2024-05-19 19:56:49 [INFO] [task_scheduler.cc:131] [Task #27: fused_nn_contrib_conv2d_NCHWc_add_add_nn_relu_1] Trial #99: GFLOPs: 80.8577. Time: 1285.7737 us. Best GFLOPs: 168.6832
2024-05-19 19:56:49 [INFO] [task_scheduler.cc:131] [Task #27: fused_nn_contrib_conv2d_NCHWc_add_add_nn_relu_1] Trial #100: GFLOPs: 140.9403. Time: 737.6504 us. Best GFLOPs: 168.6832
2024-05-19 19:56:49 [INFO] [task_scheduler.cc:131] [Task #27: fused_nn_contrib_conv2d_NCHWc_add_add_nn_relu_1] Trial #101: GFLOPs: 151.4403. Time: 686.5062 us. Best GFLOPs: 168.6832
2024-05-19 19:56:49 [INFO] [task_scheduler.cc:131] [Task #27: fused_nn_contrib_conv2d_NCHWc_add_add_nn_relu_1] Trial #102: GFLOPs: 153.3667. Time: 677.8829 us. Best GFLOPs: 168.6832
2024-05-19 19:56:49 [INFO] [task_scheduler.cc:131] [Task #27: fused_nn_contrib_conv2d_NCHWc_add_add_nn_relu_1] Trial #103: GFLOPs: 152.5806. Time: 681.3755 us. Best GFLOPs: 168.6832
2024-05-19 19:56:49 [INFO] [task_scheduler.cc:131] [Task #27: fused_nn_contrib_conv2d_NCHWc_add_add_nn_relu_1] Trial #104: GFLOPs: 88.7647. Time: 1171.2385 us. Best GFLOPs: 168.6832
2024-05-19 19:56:49 [INFO] [task_scheduler.cc:131] [Task #27: fused_nn_contrib_conv2d_NCHWc_add_add_nn_relu_1] Trial #105: GFLOPs: 121.0392. Time: 858.9337 us. Best GFLOPs: 168.6832
2024-05-19 19:56:49 [INFO] [task_scheduler.cc:131] [Task #27: fused_nn_contrib_conv2d_NCHWc_add_add_nn_relu_1] Trial #106: GFLOPs: 125.2671. Time: 829.9439 us. Best GFLOPs: 168.6832
2024-05-19 19:56:49 [INFO] [task_scheduler.cc:131] [Task #27: fused_nn_contrib_conv2d_NCHWc_add_add_nn_relu_1] Trial #107: GFLOPs: 115.1346. Time: 902.9841 us. Best GFLOPs: 168.6832
2024-05-19 19:56:49 [INFO] [task_scheduler.cc:131] [Task #27: fused_nn_contrib_conv2d_NCHWc_add_add_nn_relu_1] Trial #108: GFLOPs: 171.6592. Time: 605.6459 us. Best GFLOPs: 171.6592
2024-05-19 19:56:49 [INFO] [task_scheduler.cc:131] [Task #27: fused_nn_contrib_conv2d_NCHWc_add_add_nn_relu_1] Trial #109: GFLOPs: 80.0729. Time: 1298.3758 us. Best GFLOPs: 171.6592
2024-05-19 19:56:49 [INFO] [task_scheduler.cc:131] [Task #27: fused_nn_contrib_conv2d_NCHWc_add_add_nn_relu_1] Trial #110: GFLOPs: 116.1715. Time: 894.9238 us. Best GFLOPs: 171.6592
2024-05-19 19:56:49 [INFO] [task_scheduler.cc:131] [Task #27: fused_nn_contrib_conv2d_NCHWc_add_add_nn_relu_1] Trial #111: GFLOPs: 85.2783. Time: 1219.1227 us. Best GFLOPs: 171.6592
2024-05-19 19:56:49 [INFO] [task_scheduler.cc:131] [Task #27: fused_nn_contrib_conv2d_NCHWc_add_add_nn_relu_1] Trial #112: GFLOPs: 111.7495. Time: 930.3364 us. Best GFLOPs: 171.6592
2024-05-19 19:56:49 [INFO] [task_scheduler.cc:131] [Task #27: fused_nn_contrib_conv2d_NCHWc_add_add_nn_relu_1] Trial #113: GFLOPs: 134.9583. Time: 770.3467 us. Best GFLOPs: 171.6592
2024-05-19 19:56:49 [INFO] [task_scheduler.cc:131] [Task #27: fused_nn_contrib_conv2d_NCHWc_add_add_nn_relu_1] Trial #114: GFLOPs: 100.2907. Time: 1036.6331 us. Best GFLOPs: 171.6592
2024-05-19 19:56:49 [INFO] [task_scheduler.cc:131] [Task #27: fused_nn_contrib_conv2d_NCHWc_add_add_nn_relu_1] Trial #115: GFLOPs: 123.0794. Time: 844.6956 us. Best GFLOPs: 171.6592
2024-05-19 19:56:49 [INFO] [task_scheduler.cc:131] [Task #27: fused_nn_contrib_conv2d_NCHWc_add_add_nn_relu_1] Trial #116: GFLOPs: 151.8631. Time: 684.5945 us. Best GFLOPs: 171.6592
2024-05-19 19:56:49 [INFO] [task_scheduler.cc:131] [Task #27: fused_nn_contrib_conv2d_NCHWc_add_add_nn_relu_1] Trial #117: GFLOPs: 109.6817. Time: 947.8762 us. Best GFLOPs: 171.6592
2024-05-19 19:56:49 [INFO] [task_scheduler.cc:131] [Task #27: fused_nn_contrib_conv2d_NCHWc_add_add_nn_relu_1] Trial #118: GFLOPs: 114.5029. Time: 907.9650 us. Best GFLOPs: 171.6592
2024-05-19 19:56:49 [INFO] [task_scheduler.cc:131] [Task #27: fused_nn_contrib_conv2d_NCHWc_add_add_nn_relu_1] Trial #119: GFLOPs: 145.4055. Time: 714.9982 us. Best GFLOPs: 171.6592
2024-05-19 19:56:49 [INFO] [task_scheduler.cc:131] [Task #27: fused_nn_contrib_conv2d_NCHWc_add_add_nn_relu_1] Trial #120: GFLOPs: 117.7976. Time: 882.5705 us. Best GFLOPs: 171.6592
2024-05-19 19:56:49 [INFO] [task_scheduler.cc:131] [Task #27: fused_nn_contrib_conv2d_NCHWc_add_add_nn_relu_1] Trial #121: GFLOPs: 113.1851. Time: 918.5367 us. Best GFLOPs: 171.6592
2024-05-19 19:56:49 [INFO] [task_scheduler.cc:131] [Task #27: fused_nn_contrib_conv2d_NCHWc_add_add_nn_relu_1] Trial #122: GFLOPs: 118.3177. Time: 878.6905 us. Best GFLOPs: 171.6592
2024-05-19 19:56:49 [INFO] [task_scheduler.cc:131] [Task #27: fused_nn_contrib_conv2d_NCHWc_add_add_nn_relu_1] Trial #123: GFLOPs: 93.9154. Time: 1107.0031 us. Best GFLOPs: 171.6592
2024-05-19 19:56:49 [INFO] [task_scheduler.cc:131] [Task #27: fused_nn_contrib_conv2d_NCHWc_add_add_nn_relu_1] Trial #124: GFLOPs: 135.6164. Time: 766.6082 us. Best GFLOPs: 171.6592
2024-05-19 19:56:49 [INFO] [task_scheduler.cc:131] [Task #27: fused_nn_contrib_conv2d_NCHWc_add_add_nn_relu_1] Trial #125: GFLOPs: 68.4755. Time: 1518.2745 us. Best GFLOPs: 171.6592
2024-05-19 19:56:49 [INFO] [task_scheduler.cc:131] [Task #27: fused_nn_contrib_conv2d_NCHWc_add_add_nn_relu_1] Trial #126: GFLOPs: 37.1595. Time: 2797.7964 us. Best GFLOPs: 171.6592
2024-05-19 19:56:49 [INFO] [task_scheduler.cc:131] [Task #27: fused_nn_contrib_conv2d_NCHWc_add_add_nn_relu_1] Trial #127: GFLOPs: 79.1049. Time: 1314.2631 us. Best GFLOPs: 171.6592
2024-05-19 20:34:03 [INFO] [evolutionary_search.cc:713] Generating candidates......
2024-05-19 20:34:03 [INFO] [evolutionary_search.cc:715] Picked top 102 candidate(s) from database
2024-05-19 20:34:04 [INFO] [evolutionary_search.cc:533] Sample-Init-Population summary:
Postproc #0 [meta_schedule.DisallowDynamicLoop(0xb8e1168)]: 0 failure(s)
Postproc #1 [meta_schedule.RewriteParallelVectorizeUnroll(0xd9b67c8)]: 0 failure(s)
Postproc #2 [meta_schedule.RewriteReductionBlock(0x15e7d9e8)]: 0 failure(s)
Postproc #3 [meta_schedule.RewriteLayout(0x11e147c8)]: 0 failure(s)
2024-05-19 20:34:04 [INFO] [evolutionary_search.cc:723] Sampled 410 candidate(s)
2024-05-19 20:34:07 [INFO] [evolutionary_search.cc:621] Evolve iter #0 done. Summary:
Postproc #0 [meta_schedule.DisallowDynamicLoop(0xb8e1168)]: 0 failure(s)
Postproc #1 [meta_schedule.RewriteParallelVectorizeUnroll(0xd9b67c8)]: 0 failure(s)
Postproc #2 [meta_schedule.RewriteReductionBlock(0x15e7d9e8)]: 0 failure(s)
Postproc #3 [meta_schedule.RewriteLayout(0x11e147c8)]: 0 failure(s)
2024-05-19 20:34:10 [INFO] [evolutionary_search.cc:621] Evolve iter #1 done. Summary:
Postproc #0 [meta_schedule.DisallowDynamicLoop(0xb8e1168)]: 0 failure(s)
Postproc #1 [meta_schedule.RewriteParallelVectorizeUnroll(0xd9b67c8)]: 0 failure(s)
Postproc #2 [meta_schedule.RewriteReductionBlock(0x15e7d9e8)]: 0 failure(s)
Postproc #3 [meta_schedule.RewriteLayout(0x11e147c8)]: 0 failure(s)
2024-05-19 20:34:12 [INFO] [evolutionary_search.cc:621] Evolve iter #2 done. Summary:
Postproc #0 [meta_schedule.DisallowDynamicLoop(0xb8e1168)]: 0 failure(s)
Postproc #1 [meta_schedule.RewriteParallelVectorizeUnroll(0xd9b67c8)]: 0 failure(s)
Postproc #2 [meta_schedule.RewriteReductionBlock(0x15e7d9e8)]: 0 failure(s)
Postproc #3 [meta_schedule.RewriteLayout(0x11e147c8)]: 0 failure(s)
2024-05-19 20:34:15 [INFO] [evolutionary_search.cc:621] Evolve iter #3 done. Summary:
Postproc #0 [meta_schedule.DisallowDynamicLoop(0xb8e1168)]: 0 failure(s)
Postproc #1 [meta_schedule.RewriteParallelVectorizeUnroll(0xd9b67c8)]: 0 failure(s)
Postproc #2 [meta_schedule.RewriteReductionBlock(0x15e7d9e8)]: 0 failure(s)
Postproc #3 [meta_schedule.RewriteLayout(0x11e147c8)]: 0 failure(s)
2024-05-19 20:34:17 [INFO] [evolutionary_search.cc:649] Scores of the best 64 candidates:
[1 : 16]:	0.9709  0.9329  0.9329  0.9310  0.9184  0.9117  0.9008  0.9007  0.8964  0.8932  0.8852  0.8837  0.8816  0.8739  0.8669  0.8668
[17 : 32]:	0.8663  0.8663  0.8649  0.8623  0.8603  0.8589  0.8582  0.8568  0.8552  0.8528  0.8507  0.8502  0.8470  0.8453  0.8443  0.8419
[33 : 48]:	0.8379  0.8361  0.8361  0.8355  0.8346  0.8342  0.8334  0.8333  0.8308  0.8301  0.8300  0.8300  0.8299  0.8298  0.8292  0.8289
[49 : 64]:	0.8288  0.8280  0.8280  0.8274  0.8274  0.8266  0.8263  0.8262  0.8261  0.8240  0.8232  0.8226  0.8216  0.8216  0.8201  0.8193
2024-05-19 20:34:17 [INFO] [evolutionary_search.cc:727] Got 64 candidate(s) with evolutionary search
2024-05-19 20:34:17 [INFO] [evolutionary_search.cc:730] Sending 64 candidates(s) for measurement
2024-05-19 20:35:50 [INFO] [task_scheduler.cc:131] [Task #27: fused_nn_contrib_conv2d_NCHWc_add_add_nn_relu_1] Trial #128: GFLOPs: 170.7368. Time: 608.9177 us. Best GFLOPs: 171.6592
2024-05-19 20:35:50 [INFO] [task_scheduler.cc:131] [Task #27: fused_nn_contrib_conv2d_NCHWc_add_add_nn_relu_1] Trial #129: GFLOPs: 165.5422. Time: 628.0254 us. Best GFLOPs: 171.6592
2024-05-19 20:35:50 [INFO] [task_scheduler.cc:131] [Task #27: fused_nn_contrib_conv2d_NCHWc_add_add_nn_relu_1] Trial #130: GFLOPs: 168.7270. Time: 616.1708 us. Best GFLOPs: 171.6592
2024-05-19 20:35:50 [INFO] [task_scheduler.cc:131] [Task #27: fused_nn_contrib_conv2d_NCHWc_add_add_nn_relu_1] Trial #131: GFLOPs: 169.0460. Time: 615.0083 us. Best GFLOPs: 171.6592
2024-05-19 20:35:50 [INFO] [task_scheduler.cc:131] [Task #27: fused_nn_contrib_conv2d_NCHWc_add_add_nn_relu_1] Trial #132: GFLOPs: 171.6340. Time: 605.7347 us. Best GFLOPs: 171.6592
2024-05-19 20:35:50 [INFO] [task_scheduler.cc:131] [Task #27: fused_nn_contrib_conv2d_NCHWc_add_add_nn_relu_1] Trial #133: GFLOPs: 150.2291. Time: 692.0408 us. Best GFLOPs: 171.6592
2024-05-19 20:35:50 [INFO] [task_scheduler.cc:131] [Task #27: fused_nn_contrib_conv2d_NCHWc_add_add_nn_relu_1] Trial #134: GFLOPs: 213.9009. Time: 486.0412 us. Best GFLOPs: 213.9009
2024-05-19 20:35:50 [INFO] [task_scheduler.cc:131] [Task #27: fused_nn_contrib_conv2d_NCHWc_add_add_nn_relu_1] Trial #135: GFLOPs: 173.5186. Time: 599.1558 us. Best GFLOPs: 213.9009
2024-05-19 20:35:50 [INFO] [task_scheduler.cc:131] [Task #27: fused_nn_contrib_conv2d_NCHWc_add_add_nn_relu_1] Trial #136: GFLOPs: 151.0801. Time: 688.1425 us. Best GFLOPs: 213.9009
2024-05-19 20:35:50 [INFO] [task_scheduler.cc:131] [Task #27: fused_nn_contrib_conv2d_NCHWc_add_add_nn_relu_1] Trial #137: GFLOPs: 118.7268. Time: 875.6631 us. Best GFLOPs: 213.9009
2024-05-19 20:35:50 [INFO] [task_scheduler.cc:131] [Task #27: fused_nn_contrib_conv2d_NCHWc_add_add_nn_relu_1] Trial #138: GFLOPs: 154.9158. Time: 671.1042 us. Best GFLOPs: 213.9009
2024-05-19 20:35:50 [INFO] [task_scheduler.cc:131] [Task #27: fused_nn_contrib_conv2d_NCHWc_add_add_nn_relu_1] Trial #139: GFLOPs: 148.4925. Time: 700.1342 us. Best GFLOPs: 213.9009
2024-05-19 20:35:50 [INFO] [task_scheduler.cc:131] [Task #27: fused_nn_contrib_conv2d_NCHWc_add_add_nn_relu_1] Trial #140: GFLOPs: 185.5384. Time: 560.3403 us. Best GFLOPs: 213.9009
2024-05-19 20:35:50 [INFO] [task_scheduler.cc:131] [Task #27: fused_nn_contrib_conv2d_NCHWc_add_add_nn_relu_1] Trial #141: GFLOPs: 162.3180. Time: 640.5001 us. Best GFLOPs: 213.9009
2024-05-19 20:35:50 [INFO] [task_scheduler.cc:131] [Task #27: fused_nn_contrib_conv2d_NCHWc_add_add_nn_relu_1] Trial #142: GFLOPs: 173.8456. Time: 598.0288 us. Best GFLOPs: 213.9009
2024-05-19 20:35:50 [INFO] [task_scheduler.cc:131] [Task #27: fused_nn_contrib_conv2d_NCHWc_add_add_nn_relu_1] Trial #143: GFLOPs: 107.5207. Time: 966.9273 us. Best GFLOPs: 213.9009
2024-05-19 20:35:50 [INFO] [task_scheduler.cc:131] [Task #27: fused_nn_contrib_conv2d_NCHWc_add_add_nn_relu_1] Trial #144: GFLOPs: 198.5851. Time: 523.5271 us. Best GFLOPs: 213.9009
2024-05-19 20:35:50 [INFO] [task_scheduler.cc:131] [Task #27: fused_nn_contrib_conv2d_NCHWc_add_add_nn_relu_1] Trial #145: GFLOPs: 198.6820. Time: 523.2717 us. Best GFLOPs: 213.9009
2024-05-19 20:35:50 [INFO] [task_scheduler.cc:131] [Task #27: fused_nn_contrib_conv2d_NCHWc_add_add_nn_relu_1] Trial #146: GFLOPs: 172.9474. Time: 601.1346 us. Best GFLOPs: 213.9009
2024-05-19 20:35:50 [INFO] [task_scheduler.cc:131] [Task #27: fused_nn_contrib_conv2d_NCHWc_add_add_nn_relu_1] Trial #147: GFLOPs: 175.2268. Time: 593.3151 us. Best GFLOPs: 213.9009
2024-05-19 20:35:50 [INFO] [task_scheduler.cc:131] [Task #27: fused_nn_contrib_conv2d_NCHWc_add_add_nn_relu_1] Trial #148: GFLOPs: 168.7107. Time: 616.2303 us. Best GFLOPs: 213.9009
2024-05-19 20:35:50 [INFO] [task_scheduler.cc:131] [Task #27: fused_nn_contrib_conv2d_NCHWc_add_add_nn_relu_1] Trial #149: GFLOPs: 190.9754. Time: 544.3879 us. Best GFLOPs: 213.9009
2024-05-19 20:35:50 [INFO] [task_scheduler.cc:131] [Task #27: fused_nn_contrib_conv2d_NCHWc_add_add_nn_relu_1] Trial #150: GFLOPs: 137.9011. Time: 753.9077 us. Best GFLOPs: 213.9009
2024-05-19 20:35:50 [INFO] [task_scheduler.cc:131] [Task #27: fused_nn_contrib_conv2d_NCHWc_add_add_nn_relu_1] Trial #151: GFLOPs: 153.2654. Time: 678.3310 us. Best GFLOPs: 213.9009
2024-05-19 20:35:50 [INFO] [task_scheduler.cc:131] [Task #27: fused_nn_contrib_conv2d_NCHWc_add_add_nn_relu_1] Trial #152: GFLOPs: 149.1091. Time: 697.2390 us. Best GFLOPs: 213.9009
2024-05-19 20:35:50 [INFO] [task_scheduler.cc:131] [Task #27: fused_nn_contrib_conv2d_NCHWc_add_add_nn_relu_1] Trial #153: GFLOPs: 144.2113. Time: 720.9190 us. Best GFLOPs: 213.9009
2024-05-19 20:35:50 [INFO] [task_scheduler.cc:131] [Task #27: fused_nn_contrib_conv2d_NCHWc_add_add_nn_relu_1] Trial #154: GFLOPs: 159.6191. Time: 651.3297 us. Best GFLOPs: 213.9009
2024-05-19 20:35:50 [INFO] [task_scheduler.cc:131] [Task #27: fused_nn_contrib_conv2d_NCHWc_add_add_nn_relu_1] Trial #155: GFLOPs: 109.9608. Time: 945.4706 us. Best GFLOPs: 213.9009
2024-05-19 20:35:50 [INFO] [task_scheduler.cc:131] [Task #27: fused_nn_contrib_conv2d_NCHWc_add_add_nn_relu_1] Trial #156: GFLOPs: 148.5298. Time: 699.9585 us. Best GFLOPs: 213.9009
2024-05-19 20:35:50 [INFO] [task_scheduler.cc:131] [Task #27: fused_nn_contrib_conv2d_NCHWc_add_add_nn_relu_1] Trial #157: GFLOPs: 168.0977. Time: 618.4777 us. Best GFLOPs: 213.9009
2024-05-19 20:35:50 [INFO] [task_scheduler.cc:131] [Task #27: fused_nn_contrib_conv2d_NCHWc_add_add_nn_relu_1] Trial #158: GFLOPs: 165.8489. Time: 626.8637 us. Best GFLOPs: 213.9009
2024-05-19 20:35:50 [INFO] [task_scheduler.cc:131] [Task #27: fused_nn_contrib_conv2d_NCHWc_add_add_nn_relu_1] Trial #159: GFLOPs: 146.5796. Time: 709.2711 us. Best GFLOPs: 213.9009
2024-05-19 20:35:50 [INFO] [task_scheduler.cc:131] [Task #27: fused_nn_contrib_conv2d_NCHWc_add_add_nn_relu_1] Trial #160: GFLOPs: 170.1040. Time: 611.1832 us. Best GFLOPs: 213.9009
2024-05-19 20:35:50 [INFO] [task_scheduler.cc:131] [Task #27: fused_nn_contrib_conv2d_NCHWc_add_add_nn_relu_1] Trial #161: GFLOPs: 193.1392. Time: 538.2888 us. Best GFLOPs: 213.9009
2024-05-19 20:35:50 [INFO] [task_scheduler.cc:131] [Task #27: fused_nn_contrib_conv2d_NCHWc_add_add_nn_relu_1] Trial #162: GFLOPs: 113.2049. Time: 918.3759 us. Best GFLOPs: 213.9009
2024-05-19 20:35:50 [INFO] [task_scheduler.cc:131] [Task #27: fused_nn_contrib_conv2d_NCHWc_add_add_nn_relu_1] Trial #163: GFLOPs: 146.6796. Time: 708.7874 us. Best GFLOPs: 213.9009
2024-05-19 20:35:50 [INFO] [task_scheduler.cc:131] [Task #27: fused_nn_contrib_conv2d_NCHWc_add_add_nn_relu_1] Trial #164: GFLOPs: 102.0063. Time: 1019.1985 us. Best GFLOPs: 213.9009
2024-05-19 20:35:50 [INFO] [task_scheduler.cc:131] [Task #27: fused_nn_contrib_conv2d_NCHWc_add_add_nn_relu_1] Trial #165: GFLOPs: 176.1936. Time: 590.0594 us. Best GFLOPs: 213.9009
2024-05-19 20:35:50 [INFO] [task_scheduler.cc:131] [Task #27: fused_nn_contrib_conv2d_NCHWc_add_add_nn_relu_1] Trial #166: GFLOPs: 171.4926. Time: 606.2342 us. Best GFLOPs: 213.9009
2024-05-19 20:35:50 [INFO] [task_scheduler.cc:131] [Task #27: fused_nn_contrib_conv2d_NCHWc_add_add_nn_relu_1] Trial #167: GFLOPs: 122.7109. Time: 847.2327 us. Best GFLOPs: 213.9009
2024-05-19 20:35:50 [INFO] [task_scheduler.cc:131] [Task #27: fused_nn_contrib_conv2d_NCHWc_add_add_nn_relu_1] Trial #168: GFLOPs: 130.0847. Time: 799.2078 us. Best GFLOPs: 213.9009
2024-05-19 20:35:50 [INFO] [task_scheduler.cc:131] [Task #27: fused_nn_contrib_conv2d_NCHWc_add_add_nn_relu_1] Trial #169: GFLOPs: 162.1898. Time: 641.0061 us. Best GFLOPs: 213.9009
2024-05-19 20:35:50 [INFO] [task_scheduler.cc:131] [Task #27: fused_nn_contrib_conv2d_NCHWc_add_add_nn_relu_1] Trial #170: GFLOPs: 150.2427. Time: 691.9782 us. Best GFLOPs: 213.9009
2024-05-19 20:35:50 [INFO] [task_scheduler.cc:131] [Task #27: fused_nn_contrib_conv2d_NCHWc_add_add_nn_relu_1] Trial #171: GFLOPs: 152.6692. Time: 680.9802 us. Best GFLOPs: 213.9009
2024-05-19 20:35:50 [INFO] [task_scheduler.cc:131] [Task #27: fused_nn_contrib_conv2d_NCHWc_add_add_nn_relu_1] Trial #172: GFLOPs: 119.7731. Time: 868.0136 us. Best GFLOPs: 213.9009
2024-05-19 20:35:50 [INFO] [task_scheduler.cc:131] [Task #27: fused_nn_contrib_conv2d_NCHWc_add_add_nn_relu_1] Trial #173: GFLOPs: 140.3563. Time: 740.7194 us. Best GFLOPs: 213.9009
2024-05-19 20:35:50 [INFO] [task_scheduler.cc:131] [Task #27: fused_nn_contrib_conv2d_NCHWc_add_add_nn_relu_1] Trial #174: GFLOPs: 165.5903. Time: 627.8426 us. Best GFLOPs: 213.9009
2024-05-19 20:35:50 [INFO] [task_scheduler.cc:131] [Task #27: fused_nn_contrib_conv2d_NCHWc_add_add_nn_relu_1] Trial #175: GFLOPs: 131.1984. Time: 792.4231 us. Best GFLOPs: 213.9009
2024-05-19 20:35:50 [INFO] [task_scheduler.cc:131] [Task #27: fused_nn_contrib_conv2d_NCHWc_add_add_nn_relu_1] Trial #176: GFLOPs: 153.7480. Time: 676.2016 us. Best GFLOPs: 213.9009
2024-05-19 20:35:50 [INFO] [task_scheduler.cc:131] [Task #27: fused_nn_contrib_conv2d_NCHWc_add_add_nn_relu_1] Trial #177: GFLOPs: 142.3407. Time: 730.3932 us. Best GFLOPs: 213.9009
2024-05-19 20:35:50 [INFO] [task_scheduler.cc:131] [Task #27: fused_nn_contrib_conv2d_NCHWc_add_add_nn_relu_1] Trial #178: GFLOPs: 147.3124. Time: 705.7429 us. Best GFLOPs: 213.9009
2024-05-19 20:35:50 [INFO] [task_scheduler.cc:131] [Task #27: fused_nn_contrib_conv2d_NCHWc_add_add_nn_relu_1] Trial #179: GFLOPs: 79.2230. Time: 1312.3039 us. Best GFLOPs: 213.9009
2024-05-19 20:35:50 [INFO] [task_scheduler.cc:131] [Task #27: fused_nn_contrib_conv2d_NCHWc_add_add_nn_relu_1] Trial #180: GFLOPs: 164.2684. Time: 632.8952 us. Best GFLOPs: 213.9009
2024-05-19 20:35:50 [INFO] [task_scheduler.cc:131] [Task #27: fused_nn_contrib_conv2d_NCHWc_add_add_nn_relu_1] Trial #181: GFLOPs: 141.9561. Time: 732.3718 us. Best GFLOPs: 213.9009
2024-05-19 20:35:50 [INFO] [task_scheduler.cc:131] [Task #27: fused_nn_contrib_conv2d_NCHWc_add_add_nn_relu_1] Trial #182: GFLOPs: 150.3538. Time: 691.4670 us. Best GFLOPs: 213.9009
2024-05-19 20:35:50 [INFO] [task_scheduler.cc:131] [Task #27: fused_nn_contrib_conv2d_NCHWc_add_add_nn_relu_1] Trial #183: GFLOPs: 147.1368. Time: 706.5851 us. Best GFLOPs: 213.9009
2024-05-19 20:35:50 [INFO] [task_scheduler.cc:131] [Task #27: fused_nn_contrib_conv2d_NCHWc_add_add_nn_relu_1] Trial #184: GFLOPs: 180.1830. Time: 576.9949 us. Best GFLOPs: 213.9009
2024-05-19 20:35:50 [INFO] [task_scheduler.cc:131] [Task #27: fused_nn_contrib_conv2d_NCHWc_add_add_nn_relu_1] Trial #185: GFLOPs: 143.7428. Time: 723.2685 us. Best GFLOPs: 213.9009
2024-05-19 20:35:50 [INFO] [task_scheduler.cc:131] [Task #27: fused_nn_contrib_conv2d_NCHWc_add_add_nn_relu_1] Trial #186: GFLOPs: 148.1692. Time: 701.6619 us. Best GFLOPs: 213.9009
2024-05-19 20:35:50 [INFO] [task_scheduler.cc:131] [Task #27: fused_nn_contrib_conv2d_NCHWc_add_add_nn_relu_1] Trial #187: GFLOPs: 172.1977. Time: 603.7519 us. Best GFLOPs: 213.9009
2024-05-19 20:35:50 [INFO] [task_scheduler.cc:131] [Task #27: fused_nn_contrib_conv2d_NCHWc_add_add_nn_relu_1] Trial #188: GFLOPs: 149.3695. Time: 696.0236 us. Best GFLOPs: 213.9009
2024-05-19 20:35:50 [INFO] [task_scheduler.cc:131] [Task #27: fused_nn_contrib_conv2d_NCHWc_add_add_nn_relu_1] Trial #189: GFLOPs: 97.7468. Time: 1063.6120 us. Best GFLOPs: 213.9009
2024-05-19 20:35:50 [INFO] [task_scheduler.cc:131] [Task #27: fused_nn_contrib_conv2d_NCHWc_add_add_nn_relu_1] Trial #190: GFLOPs: 11.5751. Time: 8981.7614 us. Best GFLOPs: 213.9009
2024-05-19 20:35:50 [INFO] [task_scheduler.cc:131] [Task #27: fused_nn_contrib_conv2d_NCHWc_add_add_nn_relu_1] Trial #191: GFLOPs: 31.9734. Time: 3251.6011 us. Best GFLOPs: 213.9009
2024-05-19 21:00:14 [INFO] [evolutionary_search.cc:713] Generating candidates......
2024-05-19 21:00:14 [INFO] [evolutionary_search.cc:715] Picked top 102 candidate(s) from database
2024-05-19 21:00:15 [INFO] [evolutionary_search.cc:533] Sample-Init-Population summary:
Postproc #0 [meta_schedule.DisallowDynamicLoop(0xb8e1168)]: 0 failure(s)
Postproc #1 [meta_schedule.RewriteParallelVectorizeUnroll(0xd9b67c8)]: 0 failure(s)
Postproc #2 [meta_schedule.RewriteReductionBlock(0x15e7d9e8)]: 0 failure(s)
Postproc #3 [meta_schedule.RewriteLayout(0x11e147c8)]: 0 failure(s)
2024-05-19 21:00:15 [INFO] [evolutionary_search.cc:723] Sampled 410 candidate(s)
2024-05-19 21:00:18 [INFO] [evolutionary_search.cc:621] Evolve iter #0 done. Summary:
Postproc #0 [meta_schedule.DisallowDynamicLoop(0xb8e1168)]: 0 failure(s)
Postproc #1 [meta_schedule.RewriteParallelVectorizeUnroll(0xd9b67c8)]: 0 failure(s)
Postproc #2 [meta_schedule.RewriteReductionBlock(0x15e7d9e8)]: 0 failure(s)
Postproc #3 [meta_schedule.RewriteLayout(0x11e147c8)]: 0 failure(s)
2024-05-19 21:00:21 [INFO] [evolutionary_search.cc:621] Evolve iter #1 done. Summary:
Postproc #0 [meta_schedule.DisallowDynamicLoop(0xb8e1168)]: 0 failure(s)
Postproc #1 [meta_schedule.RewriteParallelVectorizeUnroll(0xd9b67c8)]: 0 failure(s)
Postproc #2 [meta_schedule.RewriteReductionBlock(0x15e7d9e8)]: 0 failure(s)
Postproc #3 [meta_schedule.RewriteLayout(0x11e147c8)]: 0 failure(s)
2024-05-19 21:00:23 [INFO] [evolutionary_search.cc:621] Evolve iter #2 done. Summary:
Postproc #0 [meta_schedule.DisallowDynamicLoop(0xb8e1168)]: 0 failure(s)
Postproc #1 [meta_schedule.RewriteParallelVectorizeUnroll(0xd9b67c8)]: 0 failure(s)
Postproc #2 [meta_schedule.RewriteReductionBlock(0x15e7d9e8)]: 0 failure(s)
Postproc #3 [meta_schedule.RewriteLayout(0x11e147c8)]: 0 failure(s)
2024-05-19 21:00:26 [INFO] [evolutionary_search.cc:621] Evolve iter #3 done. Summary:
Postproc #0 [meta_schedule.DisallowDynamicLoop(0xb8e1168)]: 0 failure(s)
Postproc #1 [meta_schedule.RewriteParallelVectorizeUnroll(0xd9b67c8)]: 0 failure(s)
Postproc #2 [meta_schedule.RewriteReductionBlock(0x15e7d9e8)]: 0 failure(s)
Postproc #3 [meta_schedule.RewriteLayout(0x11e147c8)]: 0 failure(s)
2024-05-19 21:00:28 [INFO] [evolutionary_search.cc:649] Scores of the best 64 candidates:
[1 : 16]:	0.9173  0.9163  0.9152  0.9104  0.8998  0.8986  0.8930  0.8809  0.8773  0.8688  0.8633  0.8590  0.8534  0.8532  0.8532  0.8519
[17 : 32]:	0.8519  0.8512  0.8487  0.8414  0.8414  0.8414  0.8414  0.8407  0.8383  0.8383  0.8347  0.8338  0.8330  0.8327  0.8305  0.8289
[33 : 48]:	0.8289  0.8289  0.8286  0.8280  0.8215  0.8210  0.8189  0.8183  0.8164  0.8158  0.8158  0.8140  0.8138  0.8133  0.8133  0.8109
[49 : 64]:	0.8105  0.8097  0.8079  0.8067  0.8061  0.8021  0.8016  0.8005  0.7961  0.7935  0.7920  0.7919  0.7899  0.7899  0.7897  0.7865
2024-05-19 21:00:28 [INFO] [evolutionary_search.cc:727] Got 64 candidate(s) with evolutionary search
2024-05-19 21:00:28 [INFO] [evolutionary_search.cc:730] Sending 64 candidates(s) for measurement
2024-05-19 21:02:04 [INFO] [task_scheduler.cc:131] [Task #27: fused_nn_contrib_conv2d_NCHWc_add_add_nn_relu_1] Trial #192: GFLOPs: 191.5622. Time: 542.7202 us. Best GFLOPs: 213.9009
2024-05-19 21:02:04 [INFO] [task_scheduler.cc:131] [Task #27: fused_nn_contrib_conv2d_NCHWc_add_add_nn_relu_1] Trial #193: GFLOPs: 188.7845. Time: 550.7054 us. Best GFLOPs: 213.9009
2024-05-19 21:02:04 [INFO] [task_scheduler.cc:131] [Task #27: fused_nn_contrib_conv2d_NCHWc_add_add_nn_relu_1] Trial #194: GFLOPs: 152.9303. Time: 679.8172 us. Best GFLOPs: 213.9009
2024-05-19 21:02:04 [INFO] [task_scheduler.cc:131] [Task #27: fused_nn_contrib_conv2d_NCHWc_add_add_nn_relu_1] Trial #195: GFLOPs: 151.4867. Time: 686.2958 us. Best GFLOPs: 213.9009
2024-05-19 21:02:04 [INFO] [task_scheduler.cc:131] [Task #27: fused_nn_contrib_conv2d_NCHWc_add_add_nn_relu_1] Trial #196: GFLOPs: 169.3489. Time: 613.9081 us. Best GFLOPs: 213.9009
2024-05-19 21:02:04 [INFO] [task_scheduler.cc:131] [Task #27: fused_nn_contrib_conv2d_NCHWc_add_add_nn_relu_1] Trial #197: GFLOPs: 178.2450. Time: 583.2683 us. Best GFLOPs: 213.9009
2024-05-19 21:02:04 [INFO] [task_scheduler.cc:131] [Task #27: fused_nn_contrib_conv2d_NCHWc_add_add_nn_relu_1] Trial #198: GFLOPs: 153.1630. Time: 678.7847 us. Best GFLOPs: 213.9009
2024-05-19 21:02:04 [INFO] [task_scheduler.cc:131] [Task #27: fused_nn_contrib_conv2d_NCHWc_add_add_nn_relu_1] Trial #199: GFLOPs: 150.6017. Time: 690.3288 us. Best GFLOPs: 213.9009
2024-05-19 21:02:04 [INFO] [task_scheduler.cc:131] [Task #27: fused_nn_contrib_conv2d_NCHWc_add_add_nn_relu_1] Trial #200: GFLOPs: 175.0160. Time: 594.0296 us. Best GFLOPs: 213.9009
2024-05-19 21:02:04 [INFO] [task_scheduler.cc:131] [Task #27: fused_nn_contrib_conv2d_NCHWc_add_add_nn_relu_1] Trial #201: GFLOPs: 156.6228. Time: 663.7900 us. Best GFLOPs: 213.9009
2024-05-19 21:02:04 [INFO] [task_scheduler.cc:131] [Task #27: fused_nn_contrib_conv2d_NCHWc_add_add_nn_relu_1] Trial #202: GFLOPs: 157.1155. Time: 661.7087 us. Best GFLOPs: 213.9009
2024-05-19 21:02:04 [INFO] [task_scheduler.cc:131] [Task #27: fused_nn_contrib_conv2d_NCHWc_add_add_nn_relu_1] Trial #203: GFLOPs: 196.0195. Time: 530.3791 us. Best GFLOPs: 213.9009
2024-05-19 21:02:04 [INFO] [task_scheduler.cc:131] [Task #27: fused_nn_contrib_conv2d_NCHWc_add_add_nn_relu_1] Trial #204: GFLOPs: 156.9665. Time: 662.3368 us. Best GFLOPs: 213.9009
2024-05-19 21:02:04 [INFO] [task_scheduler.cc:131] [Task #27: fused_nn_contrib_conv2d_NCHWc_add_add_nn_relu_1] Trial #205: GFLOPs: 179.0482. Time: 580.6520 us. Best GFLOPs: 213.9009
2024-05-19 21:02:04 [INFO] [task_scheduler.cc:131] [Task #27: fused_nn_contrib_conv2d_NCHWc_add_add_nn_relu_1] Trial #206: GFLOPs: 190.4044. Time: 546.0204 us. Best GFLOPs: 213.9009
2024-05-19 21:02:04 [INFO] [task_scheduler.cc:131] [Task #27: fused_nn_contrib_conv2d_NCHWc_add_add_nn_relu_1] Trial #207: GFLOPs: 161.6272. Time: 643.2373 us. Best GFLOPs: 213.9009
2024-05-19 21:02:04 [INFO] [task_scheduler.cc:131] [Task #27: fused_nn_contrib_conv2d_NCHWc_add_add_nn_relu_1] Trial #208: GFLOPs: 163.0063. Time: 637.7955 us. Best GFLOPs: 213.9009
2024-05-19 21:02:04 [INFO] [task_scheduler.cc:131] [Task #27: fused_nn_contrib_conv2d_NCHWc_add_add_nn_relu_1] Trial #209: GFLOPs: 175.7411. Time: 591.5785 us. Best GFLOPs: 213.9009
2024-05-19 21:02:04 [INFO] [task_scheduler.cc:131] [Task #27: fused_nn_contrib_conv2d_NCHWc_add_add_nn_relu_1] Trial #210: GFLOPs: 190.5852. Time: 545.5024 us. Best GFLOPs: 213.9009
2024-05-19 21:02:04 [INFO] [task_scheduler.cc:131] [Task #27: fused_nn_contrib_conv2d_NCHWc_add_add_nn_relu_1] Trial #211: GFLOPs: 166.3122. Time: 625.1175 us. Best GFLOPs: 213.9009
2024-05-19 21:02:04 [INFO] [task_scheduler.cc:131] [Task #27: fused_nn_contrib_conv2d_NCHWc_add_add_nn_relu_1] Trial #212: GFLOPs: 168.2297. Time: 617.9925 us. Best GFLOPs: 213.9009
2024-05-19 21:02:04 [INFO] [task_scheduler.cc:131] [Task #27: fused_nn_contrib_conv2d_NCHWc_add_add_nn_relu_1] Trial #213: GFLOPs: 186.8246. Time: 556.4829 us. Best GFLOPs: 213.9009
2024-05-19 21:02:04 [INFO] [task_scheduler.cc:131] [Task #27: fused_nn_contrib_conv2d_NCHWc_add_add_nn_relu_1] Trial #214: GFLOPs: 192.1918. Time: 540.9423 us. Best GFLOPs: 213.9009
2024-05-19 21:02:04 [INFO] [task_scheduler.cc:131] [Task #27: fused_nn_contrib_conv2d_NCHWc_add_add_nn_relu_1] Trial #215: GFLOPs: 179.1272. Time: 580.3958 us. Best GFLOPs: 213.9009
2024-05-19 21:02:04 [INFO] [task_scheduler.cc:131] [Task #27: fused_nn_contrib_conv2d_NCHWc_add_add_nn_relu_1] Trial #216: GFLOPs: 168.4315. Time: 617.2518 us. Best GFLOPs: 213.9009
2024-05-19 21:02:04 [INFO] [task_scheduler.cc:131] [Task #27: fused_nn_contrib_conv2d_NCHWc_add_add_nn_relu_1] Trial #217: GFLOPs: 168.7012. Time: 616.2650 us. Best GFLOPs: 213.9009
2024-05-19 21:02:04 [INFO] [task_scheduler.cc:131] [Task #27: fused_nn_contrib_conv2d_NCHWc_add_add_nn_relu_1] Trial #218: GFLOPs: 174.9631. Time: 594.2093 us. Best GFLOPs: 213.9009
2024-05-19 21:02:04 [INFO] [task_scheduler.cc:131] [Task #27: fused_nn_contrib_conv2d_NCHWc_add_add_nn_relu_1] Trial #219: GFLOPs: 156.9388. Time: 662.4538 us. Best GFLOPs: 213.9009
2024-05-19 21:02:04 [INFO] [task_scheduler.cc:131] [Task #27: fused_nn_contrib_conv2d_NCHWc_add_add_nn_relu_1] Trial #220: GFLOPs: 147.7740. Time: 703.5383 us. Best GFLOPs: 213.9009
2024-05-19 21:02:04 [INFO] [task_scheduler.cc:131] [Task #27: fused_nn_contrib_conv2d_NCHWc_add_add_nn_relu_1] Trial #221: GFLOPs: 173.4975. Time: 599.2286 us. Best GFLOPs: 213.9009
2024-05-19 21:02:04 [INFO] [task_scheduler.cc:131] [Task #27: fused_nn_contrib_conv2d_NCHWc_add_add_nn_relu_1] Trial #222: GFLOPs: 159.6388. Time: 651.2492 us. Best GFLOPs: 213.9009
2024-05-19 21:02:04 [INFO] [task_scheduler.cc:131] [Task #27: fused_nn_contrib_conv2d_NCHWc_add_add_nn_relu_1] Trial #223: GFLOPs: 168.7977. Time: 615.9130 us. Best GFLOPs: 213.9009
2024-05-19 21:02:04 [INFO] [task_scheduler.cc:131] [Task #27: fused_nn_contrib_conv2d_NCHWc_add_add_nn_relu_1] Trial #224: GFLOPs: 155.7952. Time: 667.3164 us. Best GFLOPs: 213.9009
2024-05-19 21:02:04 [INFO] [task_scheduler.cc:131] [Task #27: fused_nn_contrib_conv2d_NCHWc_add_add_nn_relu_1] Trial #225: GFLOPs: 158.7791. Time: 654.7754 us. Best GFLOPs: 213.9009
2024-05-19 21:02:04 [INFO] [task_scheduler.cc:131] [Task #27: fused_nn_contrib_conv2d_NCHWc_add_add_nn_relu_1] Trial #226: GFLOPs: 192.1524. Time: 541.0531 us. Best GFLOPs: 213.9009
2024-05-19 21:02:04 [INFO] [task_scheduler.cc:131] [Task #27: fused_nn_contrib_conv2d_NCHWc_add_add_nn_relu_1] Trial #227: GFLOPs: 174.7796. Time: 594.8331 us. Best GFLOPs: 213.9009
2024-05-19 21:02:04 [INFO] [task_scheduler.cc:131] [Task #27: fused_nn_contrib_conv2d_NCHWc_add_add_nn_relu_1] Trial #228: GFLOPs: 168.3623. Time: 617.5058 us. Best GFLOPs: 213.9009
2024-05-19 21:02:04 [INFO] [task_scheduler.cc:131] [Task #27: fused_nn_contrib_conv2d_NCHWc_add_add_nn_relu_1] Trial #229: GFLOPs: 149.9555. Time: 693.3033 us. Best GFLOPs: 213.9009
2024-05-19 21:02:04 [INFO] [task_scheduler.cc:131] [Task #27: fused_nn_contrib_conv2d_NCHWc_add_add_nn_relu_1] Trial #230: GFLOPs: 218.1243. Time: 476.6303 us. Best GFLOPs: 218.1243
2024-05-19 21:02:04 [INFO] [task_scheduler.cc:131] [Task #27: fused_nn_contrib_conv2d_NCHWc_add_add_nn_relu_1] Trial #231: GFLOPs: 192.8688. Time: 539.0436 us. Best GFLOPs: 218.1243
2024-05-19 21:02:04 [INFO] [task_scheduler.cc:131] [Task #27: fused_nn_contrib_conv2d_NCHWc_add_add_nn_relu_1] Trial #232: GFLOPs: 166.9703. Time: 622.6536 us. Best GFLOPs: 218.1243
2024-05-19 21:02:04 [INFO] [task_scheduler.cc:131] [Task #27: fused_nn_contrib_conv2d_NCHWc_add_add_nn_relu_1] Trial #233: GFLOPs: 167.2966. Time: 621.4392 us. Best GFLOPs: 218.1243
2024-05-19 21:02:04 [INFO] [task_scheduler.cc:131] [Task #27: fused_nn_contrib_conv2d_NCHWc_add_add_nn_relu_1] Trial #234: GFLOPs: 166.4330. Time: 624.6640 us. Best GFLOPs: 218.1243
2024-05-19 21:02:04 [INFO] [task_scheduler.cc:131] [Task #27: fused_nn_contrib_conv2d_NCHWc_add_add_nn_relu_1] Trial #235: GFLOPs: 158.4522. Time: 656.1266 us. Best GFLOPs: 218.1243
2024-05-19 21:02:04 [INFO] [task_scheduler.cc:131] [Task #27: fused_nn_contrib_conv2d_NCHWc_add_add_nn_relu_1] Trial #236: GFLOPs: 152.4079. Time: 682.1476 us. Best GFLOPs: 218.1243
2024-05-19 21:02:04 [INFO] [task_scheduler.cc:131] [Task #27: fused_nn_contrib_conv2d_NCHWc_add_add_nn_relu_1] Trial #237: GFLOPs: 211.8998. Time: 490.6312 us. Best GFLOPs: 218.1243
2024-05-19 21:02:04 [INFO] [task_scheduler.cc:131] [Task #27: fused_nn_contrib_conv2d_NCHWc_add_add_nn_relu_1] Trial #238: GFLOPs: 160.7078. Time: 646.9176 us. Best GFLOPs: 218.1243
2024-05-19 21:02:04 [INFO] [task_scheduler.cc:131] [Task #27: fused_nn_contrib_conv2d_NCHWc_add_add_nn_relu_1] Trial #239: GFLOPs: 161.7167. Time: 642.8814 us. Best GFLOPs: 218.1243
2024-05-19 21:02:04 [INFO] [task_scheduler.cc:131] [Task #27: fused_nn_contrib_conv2d_NCHWc_add_add_nn_relu_1] Trial #240: GFLOPs: 149.6700. Time: 694.6259 us. Best GFLOPs: 218.1243
2024-05-19 21:02:04 [INFO] [task_scheduler.cc:131] [Task #27: fused_nn_contrib_conv2d_NCHWc_add_add_nn_relu_1] Trial #241: GFLOPs: 197.8191. Time: 525.5542 us. Best GFLOPs: 218.1243
2024-05-19 21:02:04 [INFO] [task_scheduler.cc:131] [Task #27: fused_nn_contrib_conv2d_NCHWc_add_add_nn_relu_1] Trial #242: GFLOPs: 167.8446. Time: 619.4103 us. Best GFLOPs: 218.1243
2024-05-19 21:02:04 [INFO] [task_scheduler.cc:131] [Task #27: fused_nn_contrib_conv2d_NCHWc_add_add_nn_relu_1] Trial #243: GFLOPs: 176.7626. Time: 588.1600 us. Best GFLOPs: 218.1243
2024-05-19 21:02:04 [INFO] [task_scheduler.cc:131] [Task #27: fused_nn_contrib_conv2d_NCHWc_add_add_nn_relu_1] Trial #244: GFLOPs: 146.1080. Time: 711.5603 us. Best GFLOPs: 218.1243
2024-05-19 21:02:04 [INFO] [task_scheduler.cc:131] [Task #27: fused_nn_contrib_conv2d_NCHWc_add_add_nn_relu_1] Trial #245: GFLOPs: 149.1387. Time: 697.1006 us. Best GFLOPs: 218.1243
2024-05-19 21:02:04 [INFO] [task_scheduler.cc:131] [Task #27: fused_nn_contrib_conv2d_NCHWc_add_add_nn_relu_1] Trial #246: GFLOPs: 168.8569. Time: 615.6969 us. Best GFLOPs: 218.1243
2024-05-19 21:02:04 [INFO] [task_scheduler.cc:131] [Task #27: fused_nn_contrib_conv2d_NCHWc_add_add_nn_relu_1] Trial #247: GFLOPs: 160.2604. Time: 648.7235 us. Best GFLOPs: 218.1243
2024-05-19 21:02:04 [INFO] [task_scheduler.cc:131] [Task #27: fused_nn_contrib_conv2d_NCHWc_add_add_nn_relu_1] Trial #248: GFLOPs: 150.3207. Time: 691.6189 us. Best GFLOPs: 218.1243
2024-05-19 21:02:04 [INFO] [task_scheduler.cc:131] [Task #27: fused_nn_contrib_conv2d_NCHWc_add_add_nn_relu_1] Trial #249: GFLOPs: 193.4774. Time: 537.3478 us. Best GFLOPs: 218.1243
2024-05-19 21:02:04 [INFO] [task_scheduler.cc:131] [Task #27: fused_nn_contrib_conv2d_NCHWc_add_add_nn_relu_1] Trial #250: GFLOPs: 136.6042. Time: 761.0651 us. Best GFLOPs: 218.1243
2024-05-19 21:02:04 [INFO] [task_scheduler.cc:131] [Task #27: fused_nn_contrib_conv2d_NCHWc_add_add_nn_relu_1] Trial #251: GFLOPs: 167.6009. Time: 620.3111 us. Best GFLOPs: 218.1243
2024-05-19 21:02:04 [INFO] [task_scheduler.cc:131] [Task #27: fused_nn_contrib_conv2d_NCHWc_add_add_nn_relu_1] Trial #252: GFLOPs: 183.6418. Time: 566.1275 us. Best GFLOPs: 218.1243
2024-05-19 21:02:04 [INFO] [task_scheduler.cc:131] [Task #27: fused_nn_contrib_conv2d_NCHWc_add_add_nn_relu_1] Trial #253: GFLOPs: 28.6697. Time: 3626.2905 us. Best GFLOPs: 218.1243
2024-05-19 21:02:04 [INFO] [task_scheduler.cc:131] [Task #27: fused_nn_contrib_conv2d_NCHWc_add_add_nn_relu_1] Trial #254: GFLOPs: 10.7913. Time: 9634.1308 us. Best GFLOPs: 218.1243
2024-05-19 21:02:04 [INFO] [task_scheduler.cc:131] [Task #27: fused_nn_contrib_conv2d_NCHWc_add_add_nn_relu_1] Trial #255: GFLOPs: 17.5048. Time: 5939.1928 us. Best GFLOPs: 218.1243
2024-05-19 21:11:28 [INFO] [evolutionary_search.cc:713] Generating candidates......
2024-05-19 21:11:28 [INFO] [evolutionary_search.cc:715] Picked top 102 candidate(s) from database
2024-05-19 21:11:29 [INFO] [evolutionary_search.cc:533] Sample-Init-Population summary:
Postproc #0 [meta_schedule.DisallowDynamicLoop(0xb8e1168)]: 0 failure(s)
Postproc #1 [meta_schedule.RewriteParallelVectorizeUnroll(0xd9b67c8)]: 0 failure(s)
Postproc #2 [meta_schedule.RewriteReductionBlock(0x15e7d9e8)]: 0 failure(s)
Postproc #3 [meta_schedule.RewriteLayout(0x11e147c8)]: 0 failure(s)
2024-05-19 21:11:29 [INFO] [evolutionary_search.cc:723] Sampled 410 candidate(s)
2024-05-19 21:11:33 [INFO] [evolutionary_search.cc:621] Evolve iter #0 done. Summary:
Postproc #0 [meta_schedule.DisallowDynamicLoop(0xb8e1168)]: 0 failure(s)
Postproc #1 [meta_schedule.RewriteParallelVectorizeUnroll(0xd9b67c8)]: 0 failure(s)
Postproc #2 [meta_schedule.RewriteReductionBlock(0x15e7d9e8)]: 0 failure(s)
Postproc #3 [meta_schedule.RewriteLayout(0x11e147c8)]: 0 failure(s)
2024-05-19 21:11:35 [INFO] [evolutionary_search.cc:621] Evolve iter #1 done. Summary:
Postproc #0 [meta_schedule.DisallowDynamicLoop(0xb8e1168)]: 0 failure(s)
Postproc #1 [meta_schedule.RewriteParallelVectorizeUnroll(0xd9b67c8)]: 0 failure(s)
Postproc #2 [meta_schedule.RewriteReductionBlock(0x15e7d9e8)]: 0 failure(s)
Postproc #3 [meta_schedule.RewriteLayout(0x11e147c8)]: 0 failure(s)
2024-05-19 21:11:38 [INFO] [evolutionary_search.cc:621] Evolve iter #2 done. Summary:
Postproc #0 [meta_schedule.DisallowDynamicLoop(0xb8e1168)]: 0 failure(s)
Postproc #1 [meta_schedule.RewriteParallelVectorizeUnroll(0xd9b67c8)]: 0 failure(s)
Postproc #2 [meta_schedule.RewriteReductionBlock(0x15e7d9e8)]: 0 failure(s)
Postproc #3 [meta_schedule.RewriteLayout(0x11e147c8)]: 0 failure(s)
2024-05-19 21:11:41 [INFO] [evolutionary_search.cc:621] Evolve iter #3 done. Summary:
Postproc #0 [meta_schedule.DisallowDynamicLoop(0xb8e1168)]: 0 failure(s)
Postproc #1 [meta_schedule.RewriteParallelVectorizeUnroll(0xd9b67c8)]: 0 failure(s)
Postproc #2 [meta_schedule.RewriteReductionBlock(0x15e7d9e8)]: 0 failure(s)
Postproc #3 [meta_schedule.RewriteLayout(0x11e147c8)]: 0 failure(s)
2024-05-19 21:11:43 [INFO] [evolutionary_search.cc:649] Scores of the best 1 candidates:
[1 : 1]:	0.9111
2024-05-19 21:11:43 [INFO] [evolutionary_search.cc:727] Got 1 candidate(s) with evolutionary search
2024-05-19 21:11:43 [INFO] [evolutionary_search.cc:730] Sending 1 candidates(s) for measurement
2024-05-19 21:11:45 [INFO] [task_scheduler.cc:131] [Task #27: fused_nn_contrib_conv2d_NCHWc_add_add_nn_relu_1] Trial #256: GFLOPs: 179.8398. Time: 578.0962 us. Best GFLOPs: 218.1243
