2024-05-19 18:48:38 [INFO] [task_scheduler.cc:160] Initializing Task #35: "fused_nn_contrib_conv2d_NCHWc_add_nn_relu_11"
2024-05-19 18:48:38 [INFO] [task_scheduler.cc:35] 
# from tvm.script import ir as I
# from tvm.script import tir as T

@I.ir_module
class Module:
    @T.prim_func
    def main(p0: T.Buffer((T.int64(1), T.int64(2), T.int64(14), T.int64(14), T.int64(128)), "float32"), p1: T.Buffer((T.int64(16), T.int64(2), T.int64(3), T.int64(3), T.int64(128), T.int64(16)), "float32"), p2: T.Buffer((T.int64(1), T.int64(16), T.int64(1), T.int64(1), T.int64(16)), "float32"), T_relu: T.Buffer((T.int64(1), T.int64(16), T.int64(14), T.int64(14), T.int64(16)), "float32")):
        T.func_attr({"tir.noalias": T.bool(True)})
        # with T.block("root"):
        data_pad = T.alloc_buffer((T.int64(1), T.int64(2), T.int64(16), T.int64(16), T.int64(128)))
        conv2d_NCHWc = T.alloc_buffer((T.int64(1), T.int64(16), T.int64(14), T.int64(14), T.int64(16)))
        T_add = T.alloc_buffer((T.int64(1), T.int64(16), T.int64(14), T.int64(14), T.int64(16)))
        for i0, i1, i2, i3, i4 in T.grid(T.int64(1), T.int64(2), T.int64(16), T.int64(16), T.int64(128)):
            with T.block("data_pad"):
                v_i0, v_i1, v_i2, v_i3, v_i4 = T.axis.remap("SSSSS", [i0, i1, i2, i3, i4])
                T.reads(p0[v_i0, v_i1, v_i2 - T.int64(1), v_i3 - T.int64(1), v_i4])
                T.writes(data_pad[v_i0, v_i1, v_i2, v_i3, v_i4])
                data_pad[v_i0, v_i1, v_i2, v_i3, v_i4] = T.if_then_else(T.int64(1) <= v_i2 and v_i2 < T.int64(15) and T.int64(1) <= v_i3 and v_i3 < T.int64(15), p0[v_i0, v_i1, v_i2 - T.int64(1), v_i3 - T.int64(1), v_i4], T.float32(0))
        for n, oc_chunk, oh, ow, oc_block, ic, kh, kw in T.grid(T.int64(1), T.int64(16), T.int64(14), T.int64(14), T.int64(16), T.int64(256), T.int64(3), T.int64(3)):
            with T.block("conv2d_NCHWc"):
                v_n, v_oc_chunk, v_oh, v_ow, v_oc_block, v_ic, v_kh, v_kw = T.axis.remap("SSSSSRRR", [n, oc_chunk, oh, ow, oc_block, ic, kh, kw])
                T.reads(data_pad[v_n, v_ic // T.int64(128), v_oh + v_kh, v_ow + v_kw, v_ic % T.int64(128)], p1[v_oc_chunk, v_ic // T.int64(128), v_kh, v_kw, v_ic % T.int64(128), v_oc_block])
                T.writes(conv2d_NCHWc[v_n, v_oc_chunk, v_oh, v_ow, v_oc_block])
                with T.init():
                    conv2d_NCHWc[v_n, v_oc_chunk, v_oh, v_ow, v_oc_block] = T.float32(0)
                conv2d_NCHWc[v_n, v_oc_chunk, v_oh, v_ow, v_oc_block] = conv2d_NCHWc[v_n, v_oc_chunk, v_oh, v_ow, v_oc_block] + data_pad[v_n, v_ic // T.int64(128), v_oh + v_kh, v_ow + v_kw, v_ic % T.int64(128)] * p1[v_oc_chunk, v_ic // T.int64(128), v_kh, v_kw, v_ic % T.int64(128), v_oc_block]
        for ax0, ax1, ax2, ax3, ax4 in T.grid(T.int64(1), T.int64(16), T.int64(14), T.int64(14), T.int64(16)):
            with T.block("T_add"):
                v_ax0, v_ax1, v_ax2, v_ax3, v_ax4 = T.axis.remap("SSSSS", [ax0, ax1, ax2, ax3, ax4])
                T.reads(conv2d_NCHWc[v_ax0, v_ax1, v_ax2, v_ax3, v_ax4], p2[v_ax0, v_ax1, T.int64(0), T.int64(0), v_ax4])
                T.writes(T_add[v_ax0, v_ax1, v_ax2, v_ax3, v_ax4])
                T_add[v_ax0, v_ax1, v_ax2, v_ax3, v_ax4] = conv2d_NCHWc[v_ax0, v_ax1, v_ax2, v_ax3, v_ax4] + p2[v_ax0, v_ax1, T.int64(0), T.int64(0), v_ax4]
        for ax0, ax1, ax2, ax3, ax4 in T.grid(T.int64(1), T.int64(16), T.int64(14), T.int64(14), T.int64(16)):
            with T.block("T_relu"):
                v_ax0, v_ax1, v_ax2, v_ax3, v_ax4 = T.axis.remap("SSSSS", [ax0, ax1, ax2, ax3, ax4])
                T.reads(T_add[v_ax0, v_ax1, v_ax2, v_ax3, v_ax4])
                T.writes(T_relu[v_ax0, v_ax1, v_ax2, v_ax3, v_ax4])
                T_relu[v_ax0, v_ax1, v_ax2, v_ax3, v_ax4] = T.max(T_add[v_ax0, v_ax1, v_ax2, v_ax3, v_ax4], T.float32(0))
2024-05-19 18:48:38 [INFO] [task_scheduler.cc:164] Total 3 design space(s) generated
2024-05-19 18:48:38 [INFO] [task_scheduler.cc:170] Design space #0:
# from tvm.script import ir as I
# from tvm.script import tir as T

@I.ir_module
class Module:
    @T.prim_func
    def main(p0: T.Buffer((T.int64(1), T.int64(2), T.int64(14), T.int64(14), T.int64(128)), "float32"), p1: T.Buffer((T.int64(16), T.int64(2), T.int64(3), T.int64(3), T.int64(128), T.int64(16)), "float32"), p2: T.Buffer((T.int64(1), T.int64(16), T.int64(1), T.int64(1), T.int64(16)), "float32"), T_relu: T.Buffer((T.int64(1), T.int64(16), T.int64(14), T.int64(14), T.int64(16)), "float32")):
        T.func_attr({"tir.noalias": T.bool(True)})
        with T.block("root"):
            T.reads()
            T.writes()
            T.block_attr({"meta_schedule.parallel": 96, "meta_schedule.unroll_explicit": 0, "meta_schedule.vectorize": 64})
            data_pad = T.alloc_buffer((T.int64(1), T.int64(2), T.int64(16), T.int64(16), T.int64(128)))
            conv2d_NCHWc = T.alloc_buffer((T.int64(1), T.int64(16), T.int64(14), T.int64(14), T.int64(16)))
            for n_0, oc_chunk_0, oh_0 in T.grid(T.int64(1), T.int64(2), T.int64(7)):
                for ax0, ax1, ax2, ax3, ax4 in T.grid(T.int64(1), T.int64(2), T.int64(4), T.int64(16), T.int64(128)):
                    with T.block("data_pad"):
                        v_i0, v_i1 = T.axis.remap("SS", [ax0, ax1])
                        v_i2 = T.axis.spatial(T.int64(16), oh_0 * T.int64(2) + ax2)
                        v_i3, v_i4 = T.axis.remap("SS", [ax3, ax4])
                        T.reads(p0[v_i0, v_i1, v_i2 - T.int64(1), v_i3 - T.int64(1), v_i4])
                        T.writes(data_pad[v_i0, v_i1, v_i2, v_i3, v_i4])
                        data_pad[v_i0, v_i1, v_i2, v_i3, v_i4] = T.if_then_else(T.int64(1) <= v_i2 and v_i2 < T.int64(15) and T.int64(1) <= v_i3 and v_i3 < T.int64(15), p0[v_i0, v_i1, v_i2 - T.int64(1), v_i3 - T.int64(1), v_i4], T.float32(0))
                for ow_0, oc_block_0, n_1, oc_chunk_1, oh_1, ow_1, oc_block_1, ic_0, kh_0, kw_0, n_2, oc_chunk_2, oh_2, ow_2, oc_block_2, ic_1, kh_1, kw_1, n_3, oc_chunk_3, oh_3, ow_3, oc_block_3 in T.grid(T.int64(1), T.int64(4), T.int64(1), T.int64(2), T.int64(1), T.int64(1), T.int64(1), T.int64(8), T.int64(1), T.int64(3), T.int64(1), T.int64(4), T.int64(2), T.int64(1), T.int64(2), T.int64(32), T.int64(3), T.int64(1), T.int64(1), T.int64(1), T.int64(1), T.int64(14), T.int64(2)):
                    with T.block("conv2d_NCHWc"):
                        v_n = T.axis.spatial(T.int64(1), n_0 + n_1 + n_2 + n_3)
                        v_oc_chunk = T.axis.spatial(T.int64(16), oc_chunk_0 * T.int64(8) + oc_chunk_1 * T.int64(4) + oc_chunk_2 + oc_chunk_3)
                        v_oh = T.axis.spatial(T.int64(14), oh_0 * T.int64(2) + oh_1 * T.int64(2) + oh_2 + oh_3)
                        v_ow = T.axis.spatial(T.int64(14), ow_0 * T.int64(14) + ow_1 * T.int64(14) + ow_2 * T.int64(14) + ow_3)
                        v_oc_block = T.axis.spatial(T.int64(16), oc_block_0 * T.int64(4) + oc_block_1 * T.int64(4) + oc_block_2 * T.int64(2) + oc_block_3)
                        v_ic = T.axis.reduce(T.int64(256), ic_0 * T.int64(32) + ic_1)
                        v_kh = T.axis.reduce(T.int64(3), kh_0 * T.int64(3) + kh_1)
                        v_kw = T.axis.reduce(T.int64(3), kw_0 + kw_1)
                        T.reads(data_pad[v_n, v_ic // T.int64(128), v_oh + v_kh, v_ow + v_kw, v_ic % T.int64(128)], p1[v_oc_chunk, v_ic // T.int64(128), v_kh, v_kw, v_ic % T.int64(128), v_oc_block])
                        T.writes(conv2d_NCHWc[v_n, v_oc_chunk, v_oh, v_ow, v_oc_block])
                        T.block_attr({"meta_schedule.tiling_structure": "SSRSRS"})
                        with T.init():
                            conv2d_NCHWc[v_n, v_oc_chunk, v_oh, v_ow, v_oc_block] = T.float32(0)
                        conv2d_NCHWc[v_n, v_oc_chunk, v_oh, v_ow, v_oc_block] = conv2d_NCHWc[v_n, v_oc_chunk, v_oh, v_ow, v_oc_block] + data_pad[v_n, v_ic // T.int64(128), v_oh + v_kh, v_ow + v_kw, v_ic % T.int64(128)] * p1[v_oc_chunk, v_ic // T.int64(128), v_kh, v_kw, v_ic % T.int64(128), v_oc_block]
            for ax0, ax1, ax2, ax3, ax4 in T.grid(T.int64(1), T.int64(16), T.int64(14), T.int64(14), T.int64(16)):
                with T.block("T_relu"):
                    v_ax0, v_ax1, v_ax2, v_ax3, v_ax4 = T.axis.remap("SSSSS", [ax0, ax1, ax2, ax3, ax4])
                    T.reads(conv2d_NCHWc[v_ax0, v_ax1, v_ax2, v_ax3, v_ax4], p2[v_ax0, v_ax1, T.int64(0), T.int64(0), v_ax4])
                    T.writes(T_relu[v_ax0, v_ax1, v_ax2, v_ax3, v_ax4])
                    T_relu[v_ax0, v_ax1, v_ax2, v_ax3, v_ax4] = T.max(conv2d_NCHWc[v_ax0, v_ax1, v_ax2, v_ax3, v_ax4] + p2[v_ax0, v_ax1, T.int64(0), T.int64(0), v_ax4], T.float32(0))
b0 = sch.get_block(name="data_pad", func_name="main")
b1 = sch.get_block(name="conv2d_NCHWc", func_name="main")
b2 = sch.get_block(name="T_add", func_name="main")
b3 = sch.get_block(name="root", func_name="main")
sch.compute_inline(block=b2)
sch.annotate(block_or_loop=b1, ann_key="meta_schedule.tiling_structure", ann_val="SSRSRS")
l4, l5, l6, l7, l8, l9, l10, l11 = sch.get_loops(block=b1)
v12, v13, v14, v15 = sch.sample_perfect_tile(loop=l4, n=4, max_innermost_factor=64, decision=[1, 1, 1, 1])
l16, l17, l18, l19 = sch.split(loop=l4, factors=[v12, v13, v14, v15], preserve_unit_iters=True, disable_predication=False)
v20, v21, v22, v23 = sch.sample_perfect_tile(loop=l5, n=4, max_innermost_factor=64, decision=[2, 2, 4, 1])
l24, l25, l26, l27 = sch.split(loop=l5, factors=[v20, v21, v22, v23], preserve_unit_iters=True, disable_predication=False)
v28, v29, v30, v31 = sch.sample_perfect_tile(loop=l6, n=4, max_innermost_factor=64, decision=[7, 1, 2, 1])
l32, l33, l34, l35 = sch.split(loop=l6, factors=[v28, v29, v30, v31], preserve_unit_iters=True, disable_predication=False)
v36, v37, v38, v39 = sch.sample_perfect_tile(loop=l7, n=4, max_innermost_factor=64, decision=[1, 1, 1, 14])
l40, l41, l42, l43 = sch.split(loop=l7, factors=[v36, v37, v38, v39], preserve_unit_iters=True, disable_predication=False)
v44, v45, v46, v47 = sch.sample_perfect_tile(loop=l8, n=4, max_innermost_factor=64, decision=[4, 1, 2, 2])
l48, l49, l50, l51 = sch.split(loop=l8, factors=[v44, v45, v46, v47], preserve_unit_iters=True, disable_predication=False)
v52, v53 = sch.sample_perfect_tile(loop=l9, n=2, max_innermost_factor=64, decision=[8, 32])
l54, l55 = sch.split(loop=l9, factors=[v52, v53], preserve_unit_iters=True, disable_predication=False)
v56, v57 = sch.sample_perfect_tile(loop=l10, n=2, max_innermost_factor=64, decision=[1, 3])
l58, l59 = sch.split(loop=l10, factors=[v56, v57], preserve_unit_iters=True, disable_predication=False)
v60, v61 = sch.sample_perfect_tile(loop=l11, n=2, max_innermost_factor=64, decision=[3, 1])
l62, l63 = sch.split(loop=l11, factors=[v60, v61], preserve_unit_iters=True, disable_predication=False)
sch.reorder(l16, l24, l32, l40, l48, l17, l25, l33, l41, l49, l54, l58, l62, l18, l26, l34, l42, l50, l55, l59, l63, l19, l27, l35, l43, l51)
sch.annotate(block_or_loop=b3, ann_key="meta_schedule.parallel", ann_val=96)
sch.annotate(block_or_loop=b3, ann_key="meta_schedule.vectorize", ann_val=64)
v64 = sch.sample_categorical(candidates=[0, 16, 64, 512], probs=[0.25, 0.25, 0.25, 0.25], decision=0)
sch.annotate(block_or_loop=b3, ann_key="meta_schedule.unroll_explicit", ann_val=v64)
l65 = sch.sample_compute_location(block=b0, decision=2)
sch.compute_at(block=b0, loop=l65, preserve_unit_loops=True, index=-1)
2024-05-19 18:48:38 [INFO] [task_scheduler.cc:170] Design space #1:
# from tvm.script import ir as I
# from tvm.script import tir as T

@I.ir_module
class Module:
    @T.prim_func
    def main(p0: T.Buffer((T.int64(1), T.int64(2), T.int64(14), T.int64(14), T.int64(128)), "float32"), p1: T.Buffer((T.int64(16), T.int64(2), T.int64(3), T.int64(3), T.int64(128), T.int64(16)), "float32"), p2: T.Buffer((T.int64(1), T.int64(16), T.int64(1), T.int64(1), T.int64(16)), "float32"), T_relu: T.Buffer((T.int64(1), T.int64(16), T.int64(14), T.int64(14), T.int64(16)), "float32")):
        T.func_attr({"tir.noalias": T.bool(True)})
        with T.block("root"):
            T.reads()
            T.writes()
            T.block_attr({"meta_schedule.parallel": 96, "meta_schedule.unroll_explicit": 64, "meta_schedule.vectorize": 64})
            data_pad = T.alloc_buffer((T.int64(1), T.int64(2), T.int64(16), T.int64(16), T.int64(128)))
            conv2d_NCHWc = T.alloc_buffer((T.int64(1), T.int64(16), T.int64(14), T.int64(14), T.int64(16)))
            for n_0, oc_chunk_0, oh_0, ow_0, oc_block_0, n_1, oc_chunk_1, oh_1, ow_1, oc_block_1 in T.grid(T.int64(1), T.int64(2), T.int64(7), T.int64(1), T.int64(4), T.int64(1), T.int64(2), T.int64(1), T.int64(1), T.int64(1)):
                for ic_0, kh_0, kw_0 in T.grid(T.int64(8), T.int64(1), T.int64(3)):
                    for ax0, ax1, ax2, ax3, ax4 in T.grid(T.int64(1), T.int64(1), T.int64(4), T.int64(14), T.int64(32)):
                        with T.block("data_pad"):
                            v_i0 = T.axis.spatial(T.int64(1), ax0)
                            v_i1 = T.axis.spatial(T.int64(2), ic_0 // T.int64(4) + ax1)
                            v_i2 = T.axis.spatial(T.int64(16), oh_0 * T.int64(2) + ax2)
                            v_i3 = T.axis.spatial(T.int64(16), kw_0 + ax3)
                            v_i4 = T.axis.spatial(T.int64(128), ic_0 % T.int64(4) * T.int64(32) + ax4)
                            T.reads(p0[v_i0, v_i1, v_i2 - T.int64(1), v_i3 - T.int64(1), v_i4])
                            T.writes(data_pad[v_i0, v_i1, v_i2, v_i3, v_i4])
                            data_pad[v_i0, v_i1, v_i2, v_i3, v_i4] = T.if_then_else(T.int64(1) <= v_i2 and v_i2 < T.int64(15) and T.int64(1) <= v_i3 and v_i3 < T.int64(15), p0[v_i0, v_i1, v_i2 - T.int64(1), v_i3 - T.int64(1), v_i4], T.float32(0))
                    for n_2, oc_chunk_2, oh_2, ow_2, oc_block_2, ic_1, kh_1, kw_1, n_3, oc_chunk_3, oh_3, ow_3, oc_block_3 in T.grid(T.int64(1), T.int64(4), T.int64(2), T.int64(1), T.int64(2), T.int64(32), T.int64(3), T.int64(1), T.int64(1), T.int64(1), T.int64(1), T.int64(14), T.int64(2)):
                        with T.block("conv2d_NCHWc"):
                            v_n = T.axis.spatial(T.int64(1), n_0 + n_1 + n_2 + n_3)
                            v_oc_chunk = T.axis.spatial(T.int64(16), oc_chunk_0 * T.int64(8) + oc_chunk_1 * T.int64(4) + oc_chunk_2 + oc_chunk_3)
                            v_oh = T.axis.spatial(T.int64(14), oh_0 * T.int64(2) + oh_1 * T.int64(2) + oh_2 + oh_3)
                            v_ow = T.axis.spatial(T.int64(14), ow_0 * T.int64(14) + ow_1 * T.int64(14) + ow_2 * T.int64(14) + ow_3)
                            v_oc_block = T.axis.spatial(T.int64(16), oc_block_0 * T.int64(4) + oc_block_1 * T.int64(4) + oc_block_2 * T.int64(2) + oc_block_3)
                            v_ic = T.axis.reduce(T.int64(256), ic_0 * T.int64(32) + ic_1)
                            v_kh = T.axis.reduce(T.int64(3), kh_0 * T.int64(3) + kh_1)
                            v_kw = T.axis.reduce(T.int64(3), kw_0 + kw_1)
                            T.reads(data_pad[v_n, v_ic // T.int64(128), v_oh + v_kh, v_ow + v_kw, v_ic % T.int64(128)], p1[v_oc_chunk, v_ic // T.int64(128), v_kh, v_kw, v_ic % T.int64(128), v_oc_block])
                            T.writes(conv2d_NCHWc[v_n, v_oc_chunk, v_oh, v_ow, v_oc_block])
                            T.block_attr({"meta_schedule.tiling_structure": "SSRSRS"})
                            with T.init():
                                conv2d_NCHWc[v_n, v_oc_chunk, v_oh, v_ow, v_oc_block] = T.float32(0)
                            conv2d_NCHWc[v_n, v_oc_chunk, v_oh, v_ow, v_oc_block] = conv2d_NCHWc[v_n, v_oc_chunk, v_oh, v_ow, v_oc_block] + data_pad[v_n, v_ic // T.int64(128), v_oh + v_kh, v_ow + v_kw, v_ic % T.int64(128)] * p1[v_oc_chunk, v_ic // T.int64(128), v_kh, v_kw, v_ic % T.int64(128), v_oc_block]
                for ax0, ax1, ax2, ax3, ax4 in T.grid(T.int64(1), T.int64(4), T.int64(2), T.int64(14), T.int64(4)):
                    with T.block("T_relu"):
                        v_ax0 = T.axis.spatial(T.int64(1), ax0)
                        v_ax1 = T.axis.spatial(T.int64(16), oc_chunk_0 * T.int64(8) + oc_chunk_1 * T.int64(4) + ax1)
                        v_ax2 = T.axis.spatial(T.int64(14), oh_0 * T.int64(2) + ax2)
                        v_ax3 = T.axis.spatial(T.int64(14), ax3)
                        v_ax4 = T.axis.spatial(T.int64(16), oc_block_0 * T.int64(4) + ax4)
                        T.reads(conv2d_NCHWc[v_ax0, v_ax1, v_ax2, v_ax3, v_ax4], p2[v_ax0, v_ax1, T.int64(0), T.int64(0), v_ax4])
                        T.writes(T_relu[v_ax0, v_ax1, v_ax2, v_ax3, v_ax4])
                        T_relu[v_ax0, v_ax1, v_ax2, v_ax3, v_ax4] = T.max(conv2d_NCHWc[v_ax0, v_ax1, v_ax2, v_ax3, v_ax4] + p2[v_ax0, v_ax1, T.int64(0), T.int64(0), v_ax4], T.float32(0))
b0 = sch.get_block(name="data_pad", func_name="main")
b1 = sch.get_block(name="conv2d_NCHWc", func_name="main")
b2 = sch.get_block(name="T_add", func_name="main")
b3 = sch.get_block(name="root", func_name="main")
sch.compute_inline(block=b2)
sch.annotate(block_or_loop=b1, ann_key="meta_schedule.tiling_structure", ann_val="SSRSRS")
l4, l5, l6, l7, l8, l9, l10, l11 = sch.get_loops(block=b1)
v12, v13, v14, v15 = sch.sample_perfect_tile(loop=l4, n=4, max_innermost_factor=64, decision=[1, 1, 1, 1])
l16, l17, l18, l19 = sch.split(loop=l4, factors=[v12, v13, v14, v15], preserve_unit_iters=True, disable_predication=False)
v20, v21, v22, v23 = sch.sample_perfect_tile(loop=l5, n=4, max_innermost_factor=64, decision=[2, 2, 4, 1])
l24, l25, l26, l27 = sch.split(loop=l5, factors=[v20, v21, v22, v23], preserve_unit_iters=True, disable_predication=False)
v28, v29, v30, v31 = sch.sample_perfect_tile(loop=l6, n=4, max_innermost_factor=64, decision=[7, 1, 2, 1])
l32, l33, l34, l35 = sch.split(loop=l6, factors=[v28, v29, v30, v31], preserve_unit_iters=True, disable_predication=False)
v36, v37, v38, v39 = sch.sample_perfect_tile(loop=l7, n=4, max_innermost_factor=64, decision=[1, 1, 1, 14])
l40, l41, l42, l43 = sch.split(loop=l7, factors=[v36, v37, v38, v39], preserve_unit_iters=True, disable_predication=False)
v44, v45, v46, v47 = sch.sample_perfect_tile(loop=l8, n=4, max_innermost_factor=64, decision=[4, 1, 2, 2])
l48, l49, l50, l51 = sch.split(loop=l8, factors=[v44, v45, v46, v47], preserve_unit_iters=True, disable_predication=False)
v52, v53 = sch.sample_perfect_tile(loop=l9, n=2, max_innermost_factor=64, decision=[8, 32])
l54, l55 = sch.split(loop=l9, factors=[v52, v53], preserve_unit_iters=True, disable_predication=False)
v56, v57 = sch.sample_perfect_tile(loop=l10, n=2, max_innermost_factor=64, decision=[1, 3])
l58, l59 = sch.split(loop=l10, factors=[v56, v57], preserve_unit_iters=True, disable_predication=False)
v60, v61 = sch.sample_perfect_tile(loop=l11, n=2, max_innermost_factor=64, decision=[3, 1])
l62, l63 = sch.split(loop=l11, factors=[v60, v61], preserve_unit_iters=True, disable_predication=False)
sch.reorder(l16, l24, l32, l40, l48, l17, l25, l33, l41, l49, l54, l58, l62, l18, l26, l34, l42, l50, l55, l59, l63, l19, l27, l35, l43, l51)
b64, = sch.get_consumers(block=b1)
sch.reverse_compute_at(block=b64, loop=l49, preserve_unit_loops=True, index=-1)
sch.annotate(block_or_loop=b3, ann_key="meta_schedule.parallel", ann_val=96)
sch.annotate(block_or_loop=b3, ann_key="meta_schedule.vectorize", ann_val=64)
v65 = sch.sample_categorical(candidates=[0, 16, 64, 512], probs=[0.25, 0.25, 0.25, 0.25], decision=2)
sch.annotate(block_or_loop=b3, ann_key="meta_schedule.unroll_explicit", ann_val=v65)
l66 = sch.sample_compute_location(block=b0, decision=12)
sch.compute_at(block=b0, loop=l66, preserve_unit_loops=True, index=-1)
2024-05-19 18:48:38 [INFO] [task_scheduler.cc:170] Design space #2:
# from tvm.script import ir as I
# from tvm.script import tir as T

@I.ir_module
class Module:
    @T.prim_func
    def main(p0: T.Buffer((T.int64(1), T.int64(2), T.int64(14), T.int64(14), T.int64(128)), "float32"), p1: T.Buffer((T.int64(16), T.int64(2), T.int64(3), T.int64(3), T.int64(128), T.int64(16)), "float32"), p2: T.Buffer((T.int64(1), T.int64(16), T.int64(1), T.int64(1), T.int64(16)), "float32"), T_relu: T.Buffer((T.int64(1), T.int64(16), T.int64(14), T.int64(14), T.int64(16)), "float32")):
        T.func_attr({"tir.noalias": T.bool(True)})
        with T.block("root"):
            T.reads()
            T.writes()
            T.block_attr({"meta_schedule.parallel": 96, "meta_schedule.unroll_explicit": 0, "meta_schedule.vectorize": 64})
            data_pad = T.alloc_buffer((T.int64(1), T.int64(2), T.int64(16), T.int64(16), T.int64(128)))
            conv2d_NCHWc = T.alloc_buffer((T.int64(1), T.int64(16), T.int64(14), T.int64(14), T.int64(16)))
            for n_0, oc_chunk_0, oh_0, ow_0, oc_block_0 in T.grid(T.int64(1), T.int64(2), T.int64(7), T.int64(1), T.int64(4)):
                for ax0, ax1, ax2, ax3, ax4 in T.grid(T.int64(1), T.int64(2), T.int64(4), T.int64(16), T.int64(128)):
                    with T.block("data_pad"):
                        v_i0, v_i1 = T.axis.remap("SS", [ax0, ax1])
                        v_i2 = T.axis.spatial(T.int64(16), oh_0 * T.int64(2) + ax2)
                        v_i3, v_i4 = T.axis.remap("SS", [ax3, ax4])
                        T.reads(p0[v_i0, v_i1, v_i2 - T.int64(1), v_i3 - T.int64(1), v_i4])
                        T.writes(data_pad[v_i0, v_i1, v_i2, v_i3, v_i4])
                        data_pad[v_i0, v_i1, v_i2, v_i3, v_i4] = T.if_then_else(T.int64(1) <= v_i2 and v_i2 < T.int64(15) and T.int64(1) <= v_i3 and v_i3 < T.int64(15), p0[v_i0, v_i1, v_i2 - T.int64(1), v_i3 - T.int64(1), v_i4], T.float32(0))
                for n_1, oc_chunk_1, oh_1, ow_1, oc_block_1, ic_0, kh_0, kw_0, n_2, oc_chunk_2, oh_2, ow_2, oc_block_2, ic_1, kh_1, kw_1, n_3, oc_chunk_3, oh_3, ow_3, oc_block_3 in T.grid(T.int64(1), T.int64(2), T.int64(1), T.int64(1), T.int64(1), T.int64(8), T.int64(1), T.int64(3), T.int64(1), T.int64(4), T.int64(2), T.int64(1), T.int64(2), T.int64(32), T.int64(3), T.int64(1), T.int64(1), T.int64(1), T.int64(1), T.int64(14), T.int64(2)):
                    with T.block("conv2d_NCHWc"):
                        v_n = T.axis.spatial(T.int64(1), n_0 + n_1 + n_2 + n_3)
                        v_oc_chunk = T.axis.spatial(T.int64(16), oc_chunk_0 * T.int64(8) + oc_chunk_1 * T.int64(4) + oc_chunk_2 + oc_chunk_3)
                        v_oh = T.axis.spatial(T.int64(14), oh_0 * T.int64(2) + oh_1 * T.int64(2) + oh_2 + oh_3)
                        v_ow = T.axis.spatial(T.int64(14), ow_0 * T.int64(14) + ow_1 * T.int64(14) + ow_2 * T.int64(14) + ow_3)
                        v_oc_block = T.axis.spatial(T.int64(16), oc_block_0 * T.int64(4) + oc_block_1 * T.int64(4) + oc_block_2 * T.int64(2) + oc_block_3)
                        v_ic = T.axis.reduce(T.int64(256), ic_0 * T.int64(32) + ic_1)
                        v_kh = T.axis.reduce(T.int64(3), kh_0 * T.int64(3) + kh_1)
                        v_kw = T.axis.reduce(T.int64(3), kw_0 + kw_1)
                        T.reads(data_pad[v_n, v_ic // T.int64(128), v_oh + v_kh, v_ow + v_kw, v_ic % T.int64(128)], p1[v_oc_chunk, v_ic // T.int64(128), v_kh, v_kw, v_ic % T.int64(128), v_oc_block])
                        T.writes(conv2d_NCHWc[v_n, v_oc_chunk, v_oh, v_ow, v_oc_block])
                        T.block_attr({"meta_schedule.tiling_structure": "SSRSRS"})
                        with T.init():
                            conv2d_NCHWc[v_n, v_oc_chunk, v_oh, v_ow, v_oc_block] = T.float32(0)
                        conv2d_NCHWc[v_n, v_oc_chunk, v_oh, v_ow, v_oc_block] = conv2d_NCHWc[v_n, v_oc_chunk, v_oh, v_ow, v_oc_block] + data_pad[v_n, v_ic // T.int64(128), v_oh + v_kh, v_ow + v_kw, v_ic % T.int64(128)] * p1[v_oc_chunk, v_ic // T.int64(128), v_kh, v_kw, v_ic % T.int64(128), v_oc_block]
                for ax0, ax1, ax2, ax3, ax4 in T.grid(T.int64(1), T.int64(8), T.int64(2), T.int64(14), T.int64(4)):
                    with T.block("T_relu"):
                        v_ax0 = T.axis.spatial(T.int64(1), ax0)
                        v_ax1 = T.axis.spatial(T.int64(16), oc_chunk_0 * T.int64(8) + ax1)
                        v_ax2 = T.axis.spatial(T.int64(14), oh_0 * T.int64(2) + ax2)
                        v_ax3 = T.axis.spatial(T.int64(14), ax3)
                        v_ax4 = T.axis.spatial(T.int64(16), oc_block_0 * T.int64(4) + ax4)
                        T.reads(conv2d_NCHWc[v_ax0, v_ax1, v_ax2, v_ax3, v_ax4], p2[v_ax0, v_ax1, T.int64(0), T.int64(0), v_ax4])
                        T.writes(T_relu[v_ax0, v_ax1, v_ax2, v_ax3, v_ax4])
                        T_relu[v_ax0, v_ax1, v_ax2, v_ax3, v_ax4] = T.max(conv2d_NCHWc[v_ax0, v_ax1, v_ax2, v_ax3, v_ax4] + p2[v_ax0, v_ax1, T.int64(0), T.int64(0), v_ax4], T.float32(0))
b0 = sch.get_block(name="data_pad", func_name="main")
b1 = sch.get_block(name="conv2d_NCHWc", func_name="main")
b2 = sch.get_block(name="T_add", func_name="main")
b3 = sch.get_block(name="root", func_name="main")
sch.compute_inline(block=b2)
sch.annotate(block_or_loop=b1, ann_key="meta_schedule.tiling_structure", ann_val="SSRSRS")
l4, l5, l6, l7, l8, l9, l10, l11 = sch.get_loops(block=b1)
v12, v13, v14, v15 = sch.sample_perfect_tile(loop=l4, n=4, max_innermost_factor=64, decision=[1, 1, 1, 1])
l16, l17, l18, l19 = sch.split(loop=l4, factors=[v12, v13, v14, v15], preserve_unit_iters=True, disable_predication=False)
v20, v21, v22, v23 = sch.sample_perfect_tile(loop=l5, n=4, max_innermost_factor=64, decision=[2, 2, 4, 1])
l24, l25, l26, l27 = sch.split(loop=l5, factors=[v20, v21, v22, v23], preserve_unit_iters=True, disable_predication=False)
v28, v29, v30, v31 = sch.sample_perfect_tile(loop=l6, n=4, max_innermost_factor=64, decision=[7, 1, 2, 1])
l32, l33, l34, l35 = sch.split(loop=l6, factors=[v28, v29, v30, v31], preserve_unit_iters=True, disable_predication=False)
v36, v37, v38, v39 = sch.sample_perfect_tile(loop=l7, n=4, max_innermost_factor=64, decision=[1, 1, 1, 14])
l40, l41, l42, l43 = sch.split(loop=l7, factors=[v36, v37, v38, v39], preserve_unit_iters=True, disable_predication=False)
v44, v45, v46, v47 = sch.sample_perfect_tile(loop=l8, n=4, max_innermost_factor=64, decision=[4, 1, 2, 2])
l48, l49, l50, l51 = sch.split(loop=l8, factors=[v44, v45, v46, v47], preserve_unit_iters=True, disable_predication=False)
v52, v53 = sch.sample_perfect_tile(loop=l9, n=2, max_innermost_factor=64, decision=[8, 32])
l54, l55 = sch.split(loop=l9, factors=[v52, v53], preserve_unit_iters=True, disable_predication=False)
v56, v57 = sch.sample_perfect_tile(loop=l10, n=2, max_innermost_factor=64, decision=[1, 3])
l58, l59 = sch.split(loop=l10, factors=[v56, v57], preserve_unit_iters=True, disable_predication=False)
v60, v61 = sch.sample_perfect_tile(loop=l11, n=2, max_innermost_factor=64, decision=[3, 1])
l62, l63 = sch.split(loop=l11, factors=[v60, v61], preserve_unit_iters=True, disable_predication=False)
sch.reorder(l16, l24, l32, l40, l48, l17, l25, l33, l41, l49, l54, l58, l62, l18, l26, l34, l42, l50, l55, l59, l63, l19, l27, l35, l43, l51)
b64, = sch.get_consumers(block=b1)
sch.reverse_compute_at(block=b64, loop=l48, preserve_unit_loops=True, index=-1)
sch.annotate(block_or_loop=b3, ann_key="meta_schedule.parallel", ann_val=96)
sch.annotate(block_or_loop=b3, ann_key="meta_schedule.vectorize", ann_val=64)
v65 = sch.sample_categorical(candidates=[0, 16, 64, 512], probs=[0.25, 0.25, 0.25, 0.25], decision=0)
sch.annotate(block_or_loop=b3, ann_key="meta_schedule.unroll_explicit", ann_val=v65)
l66 = sch.sample_compute_location(block=b0, decision=4)
sch.compute_at(block=b0, loop=l66, preserve_unit_loops=True, index=-1)
2024-05-19 19:24:06 [INFO] [evolutionary_search.cc:713] Generating candidates......
2024-05-19 19:24:06 [INFO] [evolutionary_search.cc:715] Picked top 0 candidate(s) from database
2024-05-19 19:24:09 [INFO] [evolutionary_search.cc:533] Sample-Init-Population summary:
Postproc #0 [meta_schedule.DisallowDynamicLoop(0xe9d83a8)]: 0 failure(s)
Postproc #1 [meta_schedule.RewriteParallelVectorizeUnroll(0xd0ed1a8)]: 0 failure(s)
Postproc #2 [meta_schedule.RewriteReductionBlock(0xce4d8b8)]: 0 failure(s)
Postproc #3 [meta_schedule.RewriteLayout(0xd06ef38)]: 0 failure(s)
2024-05-19 19:24:09 [INFO] [evolutionary_search.cc:723] Sampled 512 candidate(s)
2024-05-19 19:24:11 [INFO] [evolutionary_search.cc:621] Evolve iter #0 done. Summary:
Postproc #0 [meta_schedule.DisallowDynamicLoop(0xe9d83a8)]: 0 failure(s)
Postproc #1 [meta_schedule.RewriteParallelVectorizeUnroll(0xd0ed1a8)]: 0 failure(s)
Postproc #2 [meta_schedule.RewriteReductionBlock(0xce4d8b8)]: 0 failure(s)
Postproc #3 [meta_schedule.RewriteLayout(0xd06ef38)]: 0 failure(s)
2024-05-19 19:24:14 [INFO] [evolutionary_search.cc:621] Evolve iter #1 done. Summary:
Postproc #0 [meta_schedule.DisallowDynamicLoop(0xe9d83a8)]: 0 failure(s)
Postproc #1 [meta_schedule.RewriteParallelVectorizeUnroll(0xd0ed1a8)]: 0 failure(s)
Postproc #2 [meta_schedule.RewriteReductionBlock(0xce4d8b8)]: 0 failure(s)
Postproc #3 [meta_schedule.RewriteLayout(0xd06ef38)]: 0 failure(s)
2024-05-19 19:24:16 [INFO] [evolutionary_search.cc:621] Evolve iter #2 done. Summary:
Postproc #0 [meta_schedule.DisallowDynamicLoop(0xe9d83a8)]: 0 failure(s)
Postproc #1 [meta_schedule.RewriteParallelVectorizeUnroll(0xd0ed1a8)]: 0 failure(s)
Postproc #2 [meta_schedule.RewriteReductionBlock(0xce4d8b8)]: 0 failure(s)
Postproc #3 [meta_schedule.RewriteLayout(0xd06ef38)]: 0 failure(s)
2024-05-19 19:24:18 [INFO] [evolutionary_search.cc:621] Evolve iter #3 done. Summary:
Postproc #0 [meta_schedule.DisallowDynamicLoop(0xe9d83a8)]: 0 failure(s)
Postproc #1 [meta_schedule.RewriteParallelVectorizeUnroll(0xd0ed1a8)]: 0 failure(s)
Postproc #2 [meta_schedule.RewriteReductionBlock(0xce4d8b8)]: 0 failure(s)
Postproc #3 [meta_schedule.RewriteLayout(0xd06ef38)]: 0 failure(s)
2024-05-19 19:24:19 [INFO] [evolutionary_search.cc:649] Scores of the best 64 candidates:
[1 : 16]:	0.9999  0.9993  0.9990  0.9989  0.9981  0.9977  0.9975  0.9973  0.9969  0.9968  0.9960  0.9956  0.9944  0.9944  0.9943  0.9933
[17 : 32]:	0.9932  0.9927  0.9921  0.9913  0.9909  0.9908  0.9901  0.9898  0.9894  0.9889  0.9888  0.9887  0.9887  0.9880  0.9873  0.9871
[33 : 48]:	0.9870  0.9866  0.9865  0.9858  0.9857  0.9853  0.9852  0.9848  0.9841  0.9818  0.9818  0.9809  0.9809  0.9805  0.9803  0.9801
[49 : 64]:	0.9800  0.9798  0.9793  0.9792  0.9784  0.9779  0.9775  0.9761  0.9759  0.9754  0.9752  0.9749  0.9746  0.9746  0.9736  0.9732
2024-05-19 19:24:19 [INFO] [evolutionary_search.cc:727] Got 64 candidate(s) with evolutionary search
2024-05-19 19:24:19 [INFO] [evolutionary_search.cc:730] Sending 64 candidates(s) for measurement
2024-05-19 19:42:22 [INFO] [task_scheduler.cc:131] [Task #35: fused_nn_contrib_conv2d_NCHWc_add_nn_relu_11] Trial #1: GFLOPs: 8.9029. Time: 25981.6093 us. Best GFLOPs: 8.9029
2024-05-19 19:42:22 [INFO] [task_scheduler.cc:131] [Task #35: fused_nn_contrib_conv2d_NCHWc_add_nn_relu_11] Trial #2: GFLOPs: 13.1588. Time: 17578.5054 us. Best GFLOPs: 13.1588
2024-05-19 19:42:22 [INFO] [task_scheduler.cc:131] [Task #35: fused_nn_contrib_conv2d_NCHWc_add_nn_relu_11] Trial #3: GFLOPs: 39.3986. Time: 5871.0548 us. Best GFLOPs: 39.3986
2024-05-19 19:42:22 [INFO] [task_scheduler.cc:131] [Task #35: fused_nn_contrib_conv2d_NCHWc_add_nn_relu_11] Trial #4: GFLOPs: 13.1528. Time: 17586.4519 us. Best GFLOPs: 39.3986
2024-05-19 19:42:22 [INFO] [task_scheduler.cc:131] [Task #35: fused_nn_contrib_conv2d_NCHWc_add_nn_relu_11] Trial #5: GFLOPs: 34.5751. Time: 6690.1217 us. Best GFLOPs: 39.3986
2024-05-19 19:42:22 [INFO] [task_scheduler.cc:131] [Task #35: fused_nn_contrib_conv2d_NCHWc_add_nn_relu_11] Trial #6: GFLOPs: 11.1576. Time: 20731.2418 us. Best GFLOPs: 39.3986
2024-05-19 19:42:22 [INFO] [task_scheduler.cc:131] [Task #35: fused_nn_contrib_conv2d_NCHWc_add_nn_relu_11] Trial #7: GFLOPs: 7.8090. Time: 29621.2566 us. Best GFLOPs: 39.3986
2024-05-19 19:42:22 [INFO] [task_scheduler.cc:131] [Task #35: fused_nn_contrib_conv2d_NCHWc_add_nn_relu_11] Trial #8: GFLOPs: 67.0065. Time: 3452.0743 us. Best GFLOPs: 67.0065
2024-05-19 19:42:22 [INFO] [task_scheduler.cc:131] [Task #35: fused_nn_contrib_conv2d_NCHWc_add_nn_relu_11] Trial #9: GFLOPs: 38.2700. Time: 6044.1969 us. Best GFLOPs: 67.0065
2024-05-19 19:42:22 [INFO] [task_scheduler.cc:131] [Task #35: fused_nn_contrib_conv2d_NCHWc_add_nn_relu_11] Trial #10: GFLOPs: 14.2517. Time: 16230.4572 us. Best GFLOPs: 67.0065
2024-05-19 19:42:22 [INFO] [task_scheduler.cc:131] [Task #35: fused_nn_contrib_conv2d_NCHWc_add_nn_relu_11] Trial #11: GFLOPs: 19.9437. Time: 11598.2274 us. Best GFLOPs: 67.0065
2024-05-19 19:42:22 [INFO] [task_scheduler.cc:131] [Task #35: fused_nn_contrib_conv2d_NCHWc_add_nn_relu_11] Trial #12: GFLOPs: 12.1577. Time: 19025.9639 us. Best GFLOPs: 67.0065
2024-05-19 19:42:22 [INFO] [task_scheduler.cc:131] [Task #35: fused_nn_contrib_conv2d_NCHWc_add_nn_relu_11] Trial #13: GFLOPs: 29.2745. Time: 7901.4585 us. Best GFLOPs: 67.0065
2024-05-19 19:42:22 [INFO] [task_scheduler.cc:131] [Task #35: fused_nn_contrib_conv2d_NCHWc_add_nn_relu_11] Trial #14: GFLOPs: 11.2423. Time: 20575.0551 us. Best GFLOPs: 67.0065
2024-05-19 19:42:22 [INFO] [task_scheduler.cc:131] [Task #35: fused_nn_contrib_conv2d_NCHWc_add_nn_relu_11] Trial #15: GFLOPs: 33.5661. Time: 6891.2173 us. Best GFLOPs: 67.0065
2024-05-19 19:42:22 [INFO] [task_scheduler.cc:131] [Task #35: fused_nn_contrib_conv2d_NCHWc_add_nn_relu_11] Trial #16: GFLOPs: 23.4371. Time: 9869.4334 us. Best GFLOPs: 67.0065
2024-05-19 19:42:22 [INFO] [task_scheduler.cc:131] [Task #35: fused_nn_contrib_conv2d_NCHWc_add_nn_relu_11] Trial #17: GFLOPs: 19.2277. Time: 12030.1018 us. Best GFLOPs: 67.0065
2024-05-19 19:42:22 [INFO] [task_scheduler.cc:131] [Task #35: fused_nn_contrib_conv2d_NCHWc_add_nn_relu_11] Trial #18: GFLOPs: 16.8285. Time: 13745.2017 us. Best GFLOPs: 67.0065
2024-05-19 19:42:22 [INFO] [task_scheduler.cc:131] [Task #35: fused_nn_contrib_conv2d_NCHWc_add_nn_relu_11] Trial #19: GFLOPs: 21.0431. Time: 10992.2851 us. Best GFLOPs: 67.0065
2024-05-19 19:42:22 [INFO] [task_scheduler.cc:131] [Task #35: fused_nn_contrib_conv2d_NCHWc_add_nn_relu_11] Trial #20: GFLOPs: 16.4880. Time: 14029.1098 us. Best GFLOPs: 67.0065
2024-05-19 19:42:22 [INFO] [task_scheduler.cc:131] [Task #35: fused_nn_contrib_conv2d_NCHWc_add_nn_relu_11] Trial #21: GFLOPs: 24.9013. Time: 9289.1285 us. Best GFLOPs: 67.0065
2024-05-19 19:42:22 [INFO] [task_scheduler.cc:131] [Task #35: fused_nn_contrib_conv2d_NCHWc_add_nn_relu_11] Trial #22: GFLOPs: 15.2437. Time: 15174.2238 us. Best GFLOPs: 67.0065
2024-05-19 19:42:22 [INFO] [task_scheduler.cc:131] [Task #35: fused_nn_contrib_conv2d_NCHWc_add_nn_relu_11] Trial #23: GFLOPs: 9.2311. Time: 25057.7189 us. Best GFLOPs: 67.0065
2024-05-19 19:42:22 [INFO] [task_scheduler.cc:131] [Task #35: fused_nn_contrib_conv2d_NCHWc_add_nn_relu_11] Trial #24: GFLOPs: 12.3426. Time: 18740.8742 us. Best GFLOPs: 67.0065
2024-05-19 19:42:22 [INFO] [task_scheduler.cc:131] [Task #35: fused_nn_contrib_conv2d_NCHWc_add_nn_relu_11] Trial #25: GFLOPs: 12.7843. Time: 18093.4259 us. Best GFLOPs: 67.0065
2024-05-19 19:42:22 [INFO] [task_scheduler.cc:131] [Task #35: fused_nn_contrib_conv2d_NCHWc_add_nn_relu_11] Trial #26: GFLOPs: 16.1937. Time: 14284.0364 us. Best GFLOPs: 67.0065
2024-05-19 19:42:22 [INFO] [task_scheduler.cc:131] [Task #35: fused_nn_contrib_conv2d_NCHWc_add_nn_relu_11] Trial #27: GFLOPs: 54.6675. Time: 4231.2424 us. Best GFLOPs: 67.0065
2024-05-19 19:42:22 [INFO] [task_scheduler.cc:131] [Task #35: fused_nn_contrib_conv2d_NCHWc_add_nn_relu_11] Trial #28: GFLOPs: 19.8372. Time: 11660.5033 us. Best GFLOPs: 67.0065
2024-05-19 19:42:22 [INFO] [task_scheduler.cc:131] [Task #35: fused_nn_contrib_conv2d_NCHWc_add_nn_relu_11] Trial #29: GFLOPs: 6.8894. Time: 33575.0494 us. Best GFLOPs: 67.0065
2024-05-19 19:42:22 [INFO] [task_scheduler.cc:131] [Task #35: fused_nn_contrib_conv2d_NCHWc_add_nn_relu_11] Trial #30: GFLOPs: 24.6263. Time: 9392.8577 us. Best GFLOPs: 67.0065
2024-05-19 19:42:22 [INFO] [task_scheduler.cc:131] [Task #35: fused_nn_contrib_conv2d_NCHWc_add_nn_relu_11] Trial #31: GFLOPs: 14.9766. Time: 15444.8427 us. Best GFLOPs: 67.0065
2024-05-19 19:42:22 [INFO] [task_scheduler.cc:131] [Task #35: fused_nn_contrib_conv2d_NCHWc_add_nn_relu_11] Trial #32: GFLOPs: 19.1427. Time: 12083.5351 us. Best GFLOPs: 67.0065
2024-05-19 19:42:22 [INFO] [task_scheduler.cc:131] [Task #35: fused_nn_contrib_conv2d_NCHWc_add_nn_relu_11] Trial #33: GFLOPs: 16.9807. Time: 13621.9914 us. Best GFLOPs: 67.0065
2024-05-19 19:42:22 [INFO] [task_scheduler.cc:131] [Task #35: fused_nn_contrib_conv2d_NCHWc_add_nn_relu_11] Trial #34: GFLOPs: 80.5184. Time: 2872.7776 us. Best GFLOPs: 80.5184
2024-05-19 19:42:22 [INFO] [task_scheduler.cc:131] [Task #35: fused_nn_contrib_conv2d_NCHWc_add_nn_relu_11] Trial #35: GFLOPs: 3.8722. Time: 59736.4945 us. Best GFLOPs: 80.5184
2024-05-19 19:42:22 [INFO] [task_scheduler.cc:131] [Task #35: fused_nn_contrib_conv2d_NCHWc_add_nn_relu_11] Trial #36: GFLOPs: 57.3146. Time: 4035.8177 us. Best GFLOPs: 80.5184
2024-05-19 19:42:22 [INFO] [task_scheduler.cc:131] [Task #35: fused_nn_contrib_conv2d_NCHWc_add_nn_relu_11] Trial #37: GFLOPs: 3.8081. Time: 60742.4207 us. Best GFLOPs: 80.5184
2024-05-19 19:42:22 [INFO] [task_scheduler.cc:131] [Task #35: fused_nn_contrib_conv2d_NCHWc_add_nn_relu_11] Trial #38: GFLOPs: 19.8749. Time: 11638.3441 us. Best GFLOPs: 80.5184
2024-05-19 19:42:22 [INFO] [task_scheduler.cc:131] [Task #35: fused_nn_contrib_conv2d_NCHWc_add_nn_relu_11] Trial #39: GFLOPs: 17.3657. Time: 13319.9844 us. Best GFLOPs: 80.5184
2024-05-19 19:42:22 [INFO] [task_scheduler.cc:131] [Task #35: fused_nn_contrib_conv2d_NCHWc_add_nn_relu_11] Trial #40: GFLOPs: 8.3903. Time: 27568.9396 us. Best GFLOPs: 80.5184
2024-05-19 19:42:22 [INFO] [task_scheduler.cc:131] [Task #35: fused_nn_contrib_conv2d_NCHWc_add_nn_relu_11] Trial #41: GFLOPs: 13.8043. Time: 16756.5072 us. Best GFLOPs: 80.5184
2024-05-19 19:42:22 [INFO] [task_scheduler.cc:131] [Task #35: fused_nn_contrib_conv2d_NCHWc_add_nn_relu_11] Trial #42: GFLOPs: 29.9749. Time: 7716.8384 us. Best GFLOPs: 80.5184
2024-05-19 19:42:22 [INFO] [task_scheduler.cc:131] [Task #35: fused_nn_contrib_conv2d_NCHWc_add_nn_relu_11] Trial #43: GFLOPs: 6.1278. Time: 37747.5937 us. Best GFLOPs: 80.5184
2024-05-19 19:42:22 [INFO] [task_scheduler.cc:131] [Task #35: fused_nn_contrib_conv2d_NCHWc_add_nn_relu_11] Trial #44: GFLOPs: 12.7853. Time: 18091.9924 us. Best GFLOPs: 80.5184
2024-05-19 19:42:22 [INFO] [task_scheduler.cc:131] [Task #35: fused_nn_contrib_conv2d_NCHWc_add_nn_relu_11] Trial #45: GFLOPs: 28.8178. Time: 8026.6791 us. Best GFLOPs: 80.5184
2024-05-19 19:42:22 [INFO] [task_scheduler.cc:131] [Task #35: fused_nn_contrib_conv2d_NCHWc_add_nn_relu_11] Trial #46: GFLOPs: 27.3092. Time: 8470.1043 us. Best GFLOPs: 80.5184
2024-05-19 19:42:22 [INFO] [task_scheduler.cc:131] [Task #35: fused_nn_contrib_conv2d_NCHWc_add_nn_relu_11] Trial #47: GFLOPs: 48.6305. Time: 4756.5073 us. Best GFLOPs: 80.5184
2024-05-19 19:42:22 [INFO] [task_scheduler.cc:131] [Task #35: fused_nn_contrib_conv2d_NCHWc_add_nn_relu_11] Trial #48: GFLOPs: 85.1201. Time: 2717.4709 us. Best GFLOPs: 85.1201
2024-05-19 19:42:22 [INFO] [task_scheduler.cc:131] [Task #35: fused_nn_contrib_conv2d_NCHWc_add_nn_relu_11] Trial #49: GFLOPs: 11.0519. Time: 20929.4946 us. Best GFLOPs: 85.1201
2024-05-19 19:42:22 [INFO] [task_scheduler.cc:131] [Task #35: fused_nn_contrib_conv2d_NCHWc_add_nn_relu_11] Trial #50: GFLOPs: 17.5764. Time: 13160.3017 us. Best GFLOPs: 85.1201
2024-05-19 19:42:22 [INFO] [task_scheduler.cc:131] [Task #35: fused_nn_contrib_conv2d_NCHWc_add_nn_relu_11] Trial #51: GFLOPs: 14.7310. Time: 15702.3805 us. Best GFLOPs: 85.1201
2024-05-19 19:42:22 [INFO] [task_scheduler.cc:131] [Task #35: fused_nn_contrib_conv2d_NCHWc_add_nn_relu_11] Trial #52: GFLOPs: 24.3424. Time: 9502.4051 us. Best GFLOPs: 85.1201
2024-05-19 19:42:22 [INFO] [task_scheduler.cc:131] [Task #35: fused_nn_contrib_conv2d_NCHWc_add_nn_relu_11] Trial #53: GFLOPs: 17.4181. Time: 13279.9366 us. Best GFLOPs: 85.1201
2024-05-19 19:42:22 [INFO] [task_scheduler.cc:131] [Task #35: fused_nn_contrib_conv2d_NCHWc_add_nn_relu_11] Trial #54: GFLOPs: 76.2826. Time: 3032.2964 us. Best GFLOPs: 85.1201
2024-05-19 19:42:22 [INFO] [task_scheduler.cc:131] [Task #35: fused_nn_contrib_conv2d_NCHWc_add_nn_relu_11] Trial #55: GFLOPs: 76.7580. Time: 3013.5161 us. Best GFLOPs: 85.1201
2024-05-19 19:42:22 [INFO] [task_scheduler.cc:131] [Task #35: fused_nn_contrib_conv2d_NCHWc_add_nn_relu_11] Trial #56: GFLOPs: 23.6018. Time: 9800.5688 us. Best GFLOPs: 85.1201
2024-05-19 19:42:22 [INFO] [task_scheduler.cc:131] [Task #35: fused_nn_contrib_conv2d_NCHWc_add_nn_relu_11] Trial #57: GFLOPs: 19.2842. Time: 11994.8901 us. Best GFLOPs: 85.1201
2024-05-19 19:42:22 [INFO] [task_scheduler.cc:131] [Task #35: fused_nn_contrib_conv2d_NCHWc_add_nn_relu_11] Trial #58: GFLOPs: 16.1035. Time: 14364.0791 us. Best GFLOPs: 85.1201
2024-05-19 19:42:22 [INFO] [task_scheduler.cc:131] [Task #35: fused_nn_contrib_conv2d_NCHWc_add_nn_relu_11] Trial #59: GFLOPs: 113.0657. Time: 2045.8144 us. Best GFLOPs: 113.0657
2024-05-19 19:42:22 [INFO] [task_scheduler.cc:131] [Task #35: fused_nn_contrib_conv2d_NCHWc_add_nn_relu_11] Trial #60: GFLOPs: 16.6176. Time: 13919.6604 us. Best GFLOPs: 113.0657
2024-05-19 19:42:22 [INFO] [task_scheduler.cc:131] [Task #35: fused_nn_contrib_conv2d_NCHWc_add_nn_relu_11] Trial #61: GFLOPs: 53.2696. Time: 4342.2758 us. Best GFLOPs: 113.0657
2024-05-19 19:42:22 [INFO] [task_scheduler.cc:131] [Task #35: fused_nn_contrib_conv2d_NCHWc_add_nn_relu_11] Trial #62: GFLOPs: 4.7758. Time: 48433.9465 us. Best GFLOPs: 113.0657
2024-05-19 19:42:22 [INFO] [task_scheduler.cc:131] [Task #35: fused_nn_contrib_conv2d_NCHWc_add_nn_relu_11] Trial #63: GFLOPs: 20.8100. Time: 11115.3685 us. Best GFLOPs: 113.0657
2024-05-19 19:42:22 [INFO] [task_scheduler.cc:131] [Task #35: fused_nn_contrib_conv2d_NCHWc_add_nn_relu_11] Trial #64: GFLOPs: 21.3988. Time: 10809.5337 us. Best GFLOPs: 113.0657
2024-05-19 19:42:25 [INFO] [evolutionary_search.cc:713] Generating candidates......
2024-05-19 19:42:26 [INFO] [evolutionary_search.cc:715] Picked top 64 candidate(s) from database
2024-05-19 19:42:28 [INFO] [evolutionary_search.cc:533] Sample-Init-Population summary:
Postproc #0 [meta_schedule.DisallowDynamicLoop(0xe9d83a8)]: 0 failure(s)
Postproc #1 [meta_schedule.RewriteParallelVectorizeUnroll(0xd0ed1a8)]: 0 failure(s)
Postproc #2 [meta_schedule.RewriteReductionBlock(0xce4d8b8)]: 0 failure(s)
Postproc #3 [meta_schedule.RewriteLayout(0xd06ef38)]: 0 failure(s)
2024-05-19 19:42:28 [INFO] [evolutionary_search.cc:723] Sampled 448 candidate(s)
2024-05-19 19:42:33 [INFO] [evolutionary_search.cc:621] Evolve iter #0 done. Summary:
Postproc #0 [meta_schedule.DisallowDynamicLoop(0xe9d83a8)]: 0 failure(s)
Postproc #1 [meta_schedule.RewriteParallelVectorizeUnroll(0xd0ed1a8)]: 0 failure(s)
Postproc #2 [meta_schedule.RewriteReductionBlock(0xce4d8b8)]: 0 failure(s)
Postproc #3 [meta_schedule.RewriteLayout(0xd06ef38)]: 0 failure(s)
2024-05-19 19:42:38 [INFO] [evolutionary_search.cc:621] Evolve iter #1 done. Summary:
Postproc #0 [meta_schedule.DisallowDynamicLoop(0xe9d83a8)]: 0 failure(s)
Postproc #1 [meta_schedule.RewriteParallelVectorizeUnroll(0xd0ed1a8)]: 0 failure(s)
Postproc #2 [meta_schedule.RewriteReductionBlock(0xce4d8b8)]: 0 failure(s)
Postproc #3 [meta_schedule.RewriteLayout(0xd06ef38)]: 0 failure(s)
2024-05-19 19:42:43 [INFO] [evolutionary_search.cc:621] Evolve iter #2 done. Summary:
Postproc #0 [meta_schedule.DisallowDynamicLoop(0xe9d83a8)]: 0 failure(s)
Postproc #1 [meta_schedule.RewriteParallelVectorizeUnroll(0xd0ed1a8)]: 0 failure(s)
Postproc #2 [meta_schedule.RewriteReductionBlock(0xce4d8b8)]: 0 failure(s)
Postproc #3 [meta_schedule.RewriteLayout(0xd06ef38)]: 0 failure(s)
2024-05-19 19:42:49 [INFO] [evolutionary_search.cc:621] Evolve iter #3 done. Summary:
Postproc #0 [meta_schedule.DisallowDynamicLoop(0xe9d83a8)]: 0 failure(s)
Postproc #1 [meta_schedule.RewriteParallelVectorizeUnroll(0xd0ed1a8)]: 0 failure(s)
Postproc #2 [meta_schedule.RewriteReductionBlock(0xce4d8b8)]: 0 failure(s)
Postproc #3 [meta_schedule.RewriteLayout(0xd06ef38)]: 0 failure(s)
2024-05-19 19:42:52 [INFO] [evolutionary_search.cc:649] Scores of the best 64 candidates:
[1 : 16]:	0.9621  0.9563  0.9563  0.9458  0.9312  0.9081  0.9081  0.8847  0.8792  0.8777  0.8610  0.8603  0.8594  0.8594  0.8594  0.8594
[17 : 32]:	0.8460  0.8433  0.8412  0.8407  0.8396  0.8344  0.8184  0.8159  0.8130  0.8121  0.8097  0.8073  0.8062  0.8062  0.8034  0.8020
[33 : 48]:	0.8003  0.7906  0.7903  0.7903  0.7894  0.7841  0.7804  0.7790  0.7765  0.7752  0.7729  0.7704  0.7699  0.7679  0.7666  0.7627
[49 : 64]:	0.7578  0.7565  0.7490  0.7454  0.7424  0.7424  0.7419  0.7410  0.7406  0.7393  0.7389  0.7310  0.7281  0.7281  0.7281  0.7281
2024-05-19 19:42:52 [INFO] [evolutionary_search.cc:727] Got 64 candidate(s) with evolutionary search
2024-05-19 19:42:52 [INFO] [evolutionary_search.cc:730] Sending 64 candidates(s) for measurement
2024-05-19 19:44:26 [INFO] [task_scheduler.cc:131] [Task #35: fused_nn_contrib_conv2d_NCHWc_add_nn_relu_11] Trial #65: GFLOPs: 100.7225. Time: 2296.5221 us. Best GFLOPs: 113.0657
2024-05-19 19:44:26 [INFO] [task_scheduler.cc:131] [Task #35: fused_nn_contrib_conv2d_NCHWc_add_nn_relu_11] Trial #66: GFLOPs: 105.8529. Time: 2185.2150 us. Best GFLOPs: 113.0657
2024-05-19 19:44:26 [INFO] [task_scheduler.cc:131] [Task #35: fused_nn_contrib_conv2d_NCHWc_add_nn_relu_11] Trial #67: GFLOPs: 91.9933. Time: 2514.4382 us. Best GFLOPs: 113.0657
2024-05-19 19:44:26 [INFO] [task_scheduler.cc:131] [Task #35: fused_nn_contrib_conv2d_NCHWc_add_nn_relu_11] Trial #68: GFLOPs: 149.9964. Time: 1542.1126 us. Best GFLOPs: 149.9964
2024-05-19 19:44:26 [INFO] [task_scheduler.cc:131] [Task #35: fused_nn_contrib_conv2d_NCHWc_add_nn_relu_11] Trial #69: GFLOPs: 88.9590. Time: 2600.2028 us. Best GFLOPs: 149.9964
2024-05-19 19:44:26 [INFO] [task_scheduler.cc:131] [Task #35: fused_nn_contrib_conv2d_NCHWc_add_nn_relu_11] Trial #70: GFLOPs: 151.5631. Time: 1526.1718 us. Best GFLOPs: 151.5631
2024-05-19 19:44:26 [INFO] [task_scheduler.cc:131] [Task #35: fused_nn_contrib_conv2d_NCHWc_add_nn_relu_11] Trial #71: GFLOPs: 129.1348. Time: 1791.2395 us. Best GFLOPs: 151.5631
2024-05-19 19:44:26 [INFO] [task_scheduler.cc:131] [Task #35: fused_nn_contrib_conv2d_NCHWc_add_nn_relu_11] Trial #72: GFLOPs: 158.3175. Time: 1461.0601 us. Best GFLOPs: 158.3175
2024-05-19 19:44:26 [INFO] [task_scheduler.cc:131] [Task #35: fused_nn_contrib_conv2d_NCHWc_add_nn_relu_11] Trial #73: GFLOPs: 137.5335. Time: 1681.8545 us. Best GFLOPs: 158.3175
2024-05-19 19:44:26 [INFO] [task_scheduler.cc:131] [Task #35: fused_nn_contrib_conv2d_NCHWc_add_nn_relu_11] Trial #74: GFLOPs: 148.3662. Time: 1559.0567 us. Best GFLOPs: 158.3175
2024-05-19 19:44:26 [INFO] [task_scheduler.cc:131] [Task #35: fused_nn_contrib_conv2d_NCHWc_add_nn_relu_11] Trial #75: GFLOPs: 108.0377. Time: 2141.0236 us. Best GFLOPs: 158.3175
2024-05-19 19:44:26 [INFO] [task_scheduler.cc:131] [Task #35: fused_nn_contrib_conv2d_NCHWc_add_nn_relu_11] Trial #76: GFLOPs: 115.5162. Time: 2002.4152 us. Best GFLOPs: 158.3175
2024-05-19 19:44:26 [INFO] [task_scheduler.cc:131] [Task #35: fused_nn_contrib_conv2d_NCHWc_add_nn_relu_11] Trial #77: GFLOPs: 45.6253. Time: 5069.8037 us. Best GFLOPs: 158.3175
2024-05-19 19:44:26 [INFO] [task_scheduler.cc:131] [Task #35: fused_nn_contrib_conv2d_NCHWc_add_nn_relu_11] Trial #78: GFLOPs: 41.8729. Time: 5524.1368 us. Best GFLOPs: 158.3175
2024-05-19 19:44:26 [INFO] [task_scheduler.cc:131] [Task #35: fused_nn_contrib_conv2d_NCHWc_add_nn_relu_11] Trial #79: GFLOPs: 43.7643. Time: 5285.3890 us. Best GFLOPs: 158.3175
2024-05-19 19:44:26 [INFO] [task_scheduler.cc:131] [Task #35: fused_nn_contrib_conv2d_NCHWc_add_nn_relu_11] Trial #80: GFLOPs: 44.3635. Time: 5214.0039 us. Best GFLOPs: 158.3175
2024-05-19 19:44:26 [INFO] [task_scheduler.cc:131] [Task #35: fused_nn_contrib_conv2d_NCHWc_add_nn_relu_11] Trial #81: GFLOPs: 148.2357. Time: 1560.4298 us. Best GFLOPs: 158.3175
2024-05-19 19:44:26 [INFO] [task_scheduler.cc:131] [Task #35: fused_nn_contrib_conv2d_NCHWc_add_nn_relu_11] Trial #82: GFLOPs: 129.2894. Time: 1789.0983 us. Best GFLOPs: 158.3175
2024-05-19 19:44:26 [INFO] [task_scheduler.cc:131] [Task #35: fused_nn_contrib_conv2d_NCHWc_add_nn_relu_11] Trial #83: GFLOPs: 164.5218. Time: 1405.9614 us. Best GFLOPs: 164.5218
2024-05-19 19:44:26 [INFO] [task_scheduler.cc:131] [Task #35: fused_nn_contrib_conv2d_NCHWc_add_nn_relu_11] Trial #84: GFLOPs: 105.7253. Time: 2187.8529 us. Best GFLOPs: 164.5218
2024-05-19 19:44:26 [INFO] [task_scheduler.cc:131] [Task #35: fused_nn_contrib_conv2d_NCHWc_add_nn_relu_11] Trial #85: GFLOPs: 142.0908. Time: 1627.9123 us. Best GFLOPs: 164.5218
2024-05-19 19:44:26 [INFO] [task_scheduler.cc:131] [Task #35: fused_nn_contrib_conv2d_NCHWc_add_nn_relu_11] Trial #86: GFLOPs: 121.0225. Time: 1911.3084 us. Best GFLOPs: 164.5218
2024-05-19 19:44:26 [INFO] [task_scheduler.cc:131] [Task #35: fused_nn_contrib_conv2d_NCHWc_add_nn_relu_11] Trial #87: GFLOPs: 96.3794. Time: 2400.0073 us. Best GFLOPs: 164.5218
2024-05-19 19:44:26 [INFO] [task_scheduler.cc:131] [Task #35: fused_nn_contrib_conv2d_NCHWc_add_nn_relu_11] Trial #88: GFLOPs: 85.3878. Time: 2708.9511 us. Best GFLOPs: 164.5218
2024-05-19 19:44:26 [INFO] [task_scheduler.cc:131] [Task #35: fused_nn_contrib_conv2d_NCHWc_add_nn_relu_11] Trial #89: GFLOPs: 87.3663. Time: 2647.6033 us. Best GFLOPs: 164.5218
2024-05-19 19:44:26 [INFO] [task_scheduler.cc:131] [Task #35: fused_nn_contrib_conv2d_NCHWc_add_nn_relu_11] Trial #90: GFLOPs: 86.3775. Time: 2677.9107 us. Best GFLOPs: 164.5218
2024-05-19 19:44:26 [INFO] [task_scheduler.cc:131] [Task #35: fused_nn_contrib_conv2d_NCHWc_add_nn_relu_11] Trial #91: GFLOPs: 91.2403. Time: 2535.1897 us. Best GFLOPs: 164.5218
2024-05-19 19:44:26 [INFO] [task_scheduler.cc:131] [Task #35: fused_nn_contrib_conv2d_NCHWc_add_nn_relu_11] Trial #92: GFLOPs: 130.5831. Time: 1771.3734 us. Best GFLOPs: 164.5218
2024-05-19 19:44:26 [INFO] [task_scheduler.cc:131] [Task #35: fused_nn_contrib_conv2d_NCHWc_add_nn_relu_11] Trial #93: GFLOPs: 87.8999. Time: 2631.5321 us. Best GFLOPs: 164.5218
2024-05-19 19:44:26 [INFO] [task_scheduler.cc:131] [Task #35: fused_nn_contrib_conv2d_NCHWc_add_nn_relu_11] Trial #94: GFLOPs: 82.4577. Time: 2805.2140 us. Best GFLOPs: 164.5218
2024-05-19 19:44:26 [INFO] [task_scheduler.cc:131] [Task #35: fused_nn_contrib_conv2d_NCHWc_add_nn_relu_11] Trial #95: GFLOPs: 94.0793. Time: 2458.6854 us. Best GFLOPs: 164.5218
2024-05-19 19:44:26 [INFO] [task_scheduler.cc:131] [Task #35: fused_nn_contrib_conv2d_NCHWc_add_nn_relu_11] Trial #96: GFLOPs: 151.3282. Time: 1528.5413 us. Best GFLOPs: 164.5218
2024-05-19 19:44:26 [INFO] [task_scheduler.cc:131] [Task #35: fused_nn_contrib_conv2d_NCHWc_add_nn_relu_11] Trial #97: GFLOPs: 96.6399. Time: 2393.5392 us. Best GFLOPs: 164.5218
2024-05-19 19:44:26 [INFO] [task_scheduler.cc:131] [Task #35: fused_nn_contrib_conv2d_NCHWc_add_nn_relu_11] Trial #98: GFLOPs: 96.2918. Time: 2402.1912 us. Best GFLOPs: 164.5218
2024-05-19 19:44:26 [INFO] [task_scheduler.cc:131] [Task #35: fused_nn_contrib_conv2d_NCHWc_add_nn_relu_11] Trial #99: GFLOPs: 91.3526. Time: 2532.0727 us. Best GFLOPs: 164.5218
2024-05-19 19:44:26 [INFO] [task_scheduler.cc:131] [Task #35: fused_nn_contrib_conv2d_NCHWc_add_nn_relu_11] Trial #100: GFLOPs: 85.1422. Time: 2716.7656 us. Best GFLOPs: 164.5218
2024-05-19 19:44:26 [INFO] [task_scheduler.cc:131] [Task #35: fused_nn_contrib_conv2d_NCHWc_add_nn_relu_11] Trial #101: GFLOPs: 89.7621. Time: 2576.9385 us. Best GFLOPs: 164.5218
2024-05-19 19:44:26 [INFO] [task_scheduler.cc:131] [Task #35: fused_nn_contrib_conv2d_NCHWc_add_nn_relu_11] Trial #102: GFLOPs: 100.7706. Time: 2295.4253 us. Best GFLOPs: 164.5218
2024-05-19 19:44:26 [INFO] [task_scheduler.cc:131] [Task #35: fused_nn_contrib_conv2d_NCHWc_add_nn_relu_11] Trial #103: GFLOPs: 11.1226. Time: 20796.5619 us. Best GFLOPs: 164.5218
2024-05-19 19:44:26 [INFO] [task_scheduler.cc:131] [Task #35: fused_nn_contrib_conv2d_NCHWc_add_nn_relu_11] Trial #104: GFLOPs: 47.5200. Time: 4867.6683 us. Best GFLOPs: 164.5218
2024-05-19 19:44:26 [INFO] [task_scheduler.cc:131] [Task #35: fused_nn_contrib_conv2d_NCHWc_add_nn_relu_11] Trial #105: GFLOPs: 156.9206. Time: 1474.0661 us. Best GFLOPs: 164.5218
2024-05-19 19:44:26 [INFO] [task_scheduler.cc:131] [Task #35: fused_nn_contrib_conv2d_NCHWc_add_nn_relu_11] Trial #106: GFLOPs: 98.2405. Time: 2354.5423 us. Best GFLOPs: 164.5218
2024-05-19 19:44:26 [INFO] [task_scheduler.cc:131] [Task #35: fused_nn_contrib_conv2d_NCHWc_add_nn_relu_11] Trial #107: GFLOPs: 63.1721. Time: 3661.6063 us. Best GFLOPs: 164.5218
2024-05-19 19:44:26 [INFO] [task_scheduler.cc:131] [Task #35: fused_nn_contrib_conv2d_NCHWc_add_nn_relu_11] Trial #108: GFLOPs: 142.2281. Time: 1626.3411 us. Best GFLOPs: 164.5218
2024-05-19 19:44:26 [INFO] [task_scheduler.cc:131] [Task #35: fused_nn_contrib_conv2d_NCHWc_add_nn_relu_11] Trial #109: GFLOPs: 118.0107. Time: 1960.0877 us. Best GFLOPs: 164.5218
2024-05-19 19:44:26 [INFO] [task_scheduler.cc:131] [Task #35: fused_nn_contrib_conv2d_NCHWc_add_nn_relu_11] Trial #110: GFLOPs: 83.7290. Time: 2762.6198 us. Best GFLOPs: 164.5218
2024-05-19 19:44:26 [INFO] [task_scheduler.cc:131] [Task #35: fused_nn_contrib_conv2d_NCHWc_add_nn_relu_11] Trial #111: GFLOPs: 70.6998. Time: 3271.7397 us. Best GFLOPs: 164.5218
2024-05-19 19:44:26 [INFO] [task_scheduler.cc:131] [Task #35: fused_nn_contrib_conv2d_NCHWc_add_nn_relu_11] Trial #112: GFLOPs: 96.8054. Time: 2389.4459 us. Best GFLOPs: 164.5218
2024-05-19 19:44:26 [INFO] [task_scheduler.cc:131] [Task #35: fused_nn_contrib_conv2d_NCHWc_add_nn_relu_11] Trial #113: GFLOPs: 97.8511. Time: 2363.9121 us. Best GFLOPs: 164.5218
2024-05-19 19:44:26 [INFO] [task_scheduler.cc:131] [Task #35: fused_nn_contrib_conv2d_NCHWc_add_nn_relu_11] Trial #114: GFLOPs: 106.8883. Time: 2164.0468 us. Best GFLOPs: 164.5218
2024-05-19 19:44:26 [INFO] [task_scheduler.cc:131] [Task #35: fused_nn_contrib_conv2d_NCHWc_add_nn_relu_11] Trial #115: GFLOPs: 139.3018. Time: 1660.5054 us. Best GFLOPs: 164.5218
2024-05-19 19:44:26 [INFO] [task_scheduler.cc:131] [Task #35: fused_nn_contrib_conv2d_NCHWc_add_nn_relu_11] Trial #116: GFLOPs: 95.4854. Time: 2422.4778 us. Best GFLOPs: 164.5218
2024-05-19 19:44:26 [INFO] [task_scheduler.cc:131] [Task #35: fused_nn_contrib_conv2d_NCHWc_add_nn_relu_11] Trial #117: GFLOPs: 104.5883. Time: 2211.6372 us. Best GFLOPs: 164.5218
2024-05-19 19:44:26 [INFO] [task_scheduler.cc:131] [Task #35: fused_nn_contrib_conv2d_NCHWc_add_nn_relu_11] Trial #118: GFLOPs: 107.7697. Time: 2146.3491 us. Best GFLOPs: 164.5218
2024-05-19 19:44:26 [INFO] [task_scheduler.cc:131] [Task #35: fused_nn_contrib_conv2d_NCHWc_add_nn_relu_11] Trial #119: GFLOPs: 107.6590. Time: 2148.5562 us. Best GFLOPs: 164.5218
2024-05-19 19:44:26 [INFO] [task_scheduler.cc:131] [Task #35: fused_nn_contrib_conv2d_NCHWc_add_nn_relu_11] Trial #120: GFLOPs: 116.9415. Time: 1978.0084 us. Best GFLOPs: 164.5218
2024-05-19 19:44:26 [INFO] [task_scheduler.cc:131] [Task #35: fused_nn_contrib_conv2d_NCHWc_add_nn_relu_11] Trial #121: GFLOPs: 108.9408. Time: 2123.2755 us. Best GFLOPs: 164.5218
2024-05-19 19:44:26 [INFO] [task_scheduler.cc:131] [Task #35: fused_nn_contrib_conv2d_NCHWc_add_nn_relu_11] Trial #122: GFLOPs: 138.9543. Time: 1664.6578 us. Best GFLOPs: 164.5218
2024-05-19 19:44:26 [INFO] [task_scheduler.cc:131] [Task #35: fused_nn_contrib_conv2d_NCHWc_add_nn_relu_11] Trial #123: GFLOPs: 87.3383. Time: 2648.4517 us. Best GFLOPs: 164.5218
2024-05-19 19:44:26 [INFO] [task_scheduler.cc:131] [Task #35: fused_nn_contrib_conv2d_NCHWc_add_nn_relu_11] Trial #124: GFLOPs: 179.4569. Time: 1288.9518 us. Best GFLOPs: 179.4569
2024-05-19 19:44:26 [INFO] [task_scheduler.cc:131] [Task #35: fused_nn_contrib_conv2d_NCHWc_add_nn_relu_11] Trial #125: GFLOPs: 122.0153. Time: 1895.7573 us. Best GFLOPs: 179.4569
2024-05-19 19:44:26 [INFO] [task_scheduler.cc:131] [Task #35: fused_nn_contrib_conv2d_NCHWc_add_nn_relu_11] Trial #126: GFLOPs: 30.6841. Time: 7538.4684 us. Best GFLOPs: 179.4569
2024-05-19 19:44:26 [INFO] [task_scheduler.cc:131] [Task #35: fused_nn_contrib_conv2d_NCHWc_add_nn_relu_11] Trial #127: GFLOPs: 52.3439. Time: 4419.0675 us. Best GFLOPs: 179.4569
2024-05-19 19:44:26 [INFO] [task_scheduler.cc:131] [Task #35: fused_nn_contrib_conv2d_NCHWc_add_nn_relu_11] Trial #128: GFLOPs: 8.4565. Time: 27353.1098 us. Best GFLOPs: 179.4569
2024-05-19 19:52:47 [INFO] [evolutionary_search.cc:713] Generating candidates......
2024-05-19 19:52:48 [INFO] [evolutionary_search.cc:715] Picked top 102 candidate(s) from database
2024-05-19 19:52:50 [INFO] [evolutionary_search.cc:533] Sample-Init-Population summary:
Postproc #0 [meta_schedule.DisallowDynamicLoop(0xe9d83a8)]: 0 failure(s)
Postproc #1 [meta_schedule.RewriteParallelVectorizeUnroll(0xd0ed1a8)]: 0 failure(s)
Postproc #2 [meta_schedule.RewriteReductionBlock(0xce4d8b8)]: 0 failure(s)
Postproc #3 [meta_schedule.RewriteLayout(0xd06ef38)]: 0 failure(s)
2024-05-19 19:52:50 [INFO] [evolutionary_search.cc:723] Sampled 410 candidate(s)
2024-05-19 19:52:54 [INFO] [evolutionary_search.cc:621] Evolve iter #0 done. Summary:
Postproc #0 [meta_schedule.DisallowDynamicLoop(0xe9d83a8)]: 0 failure(s)
Postproc #1 [meta_schedule.RewriteParallelVectorizeUnroll(0xd0ed1a8)]: 0 failure(s)
Postproc #2 [meta_schedule.RewriteReductionBlock(0xce4d8b8)]: 0 failure(s)
Postproc #3 [meta_schedule.RewriteLayout(0xd06ef38)]: 0 failure(s)
2024-05-19 19:52:59 [INFO] [evolutionary_search.cc:621] Evolve iter #1 done. Summary:
Postproc #0 [meta_schedule.DisallowDynamicLoop(0xe9d83a8)]: 0 failure(s)
Postproc #1 [meta_schedule.RewriteParallelVectorizeUnroll(0xd0ed1a8)]: 0 failure(s)
Postproc #2 [meta_schedule.RewriteReductionBlock(0xce4d8b8)]: 0 failure(s)
Postproc #3 [meta_schedule.RewriteLayout(0xd06ef38)]: 0 failure(s)
2024-05-19 19:53:04 [INFO] [evolutionary_search.cc:621] Evolve iter #2 done. Summary:
Postproc #0 [meta_schedule.DisallowDynamicLoop(0xe9d83a8)]: 0 failure(s)
Postproc #1 [meta_schedule.RewriteParallelVectorizeUnroll(0xd0ed1a8)]: 0 failure(s)
Postproc #2 [meta_schedule.RewriteReductionBlock(0xce4d8b8)]: 0 failure(s)
Postproc #3 [meta_schedule.RewriteLayout(0xd06ef38)]: 0 failure(s)
2024-05-19 19:53:09 [INFO] [evolutionary_search.cc:621] Evolve iter #3 done. Summary:
Postproc #0 [meta_schedule.DisallowDynamicLoop(0xe9d83a8)]: 0 failure(s)
Postproc #1 [meta_schedule.RewriteParallelVectorizeUnroll(0xd0ed1a8)]: 0 failure(s)
Postproc #2 [meta_schedule.RewriteReductionBlock(0xce4d8b8)]: 0 failure(s)
Postproc #3 [meta_schedule.RewriteLayout(0xd06ef38)]: 0 failure(s)
2024-05-19 19:53:12 [INFO] [evolutionary_search.cc:649] Scores of the best 64 candidates:
[1 : 16]:	0.9889  0.9809  0.9751  0.9701  0.9539  0.9519  0.9516  0.9516  0.9516  0.9476  0.9461  0.9414  0.9414  0.9349  0.9349  0.9322
[17 : 32]:	0.9322  0.9242  0.9229  0.9229  0.9228  0.9214  0.9167  0.9137  0.9131  0.9122  0.9108  0.9101  0.9097  0.9083  0.9054  0.9053
[33 : 48]:	0.9011  0.8991  0.8970  0.8969  0.8961  0.8924  0.8907  0.8899  0.8874  0.8873  0.8866  0.8854  0.8854  0.8848  0.8847  0.8847
[49 : 64]:	0.8847  0.8847  0.8847  0.8832  0.8818  0.8792  0.8783  0.8777  0.8777  0.8773  0.8770  0.8751  0.8748  0.8715  0.8691  0.8690
2024-05-19 19:53:12 [INFO] [evolutionary_search.cc:727] Got 64 candidate(s) with evolutionary search
2024-05-19 19:53:12 [INFO] [evolutionary_search.cc:730] Sending 64 candidates(s) for measurement
2024-05-19 19:54:50 [INFO] [task_scheduler.cc:131] [Task #35: fused_nn_contrib_conv2d_NCHWc_add_nn_relu_11] Trial #129: GFLOPs: 111.7695. Time: 2069.5386 us. Best GFLOPs: 179.4569
2024-05-19 19:54:50 [INFO] [task_scheduler.cc:131] [Task #35: fused_nn_contrib_conv2d_NCHWc_add_nn_relu_11] Trial #130: GFLOPs: 92.7010. Time: 2495.2426 us. Best GFLOPs: 179.4569
2024-05-19 19:54:50 [INFO] [task_scheduler.cc:131] [Task #35: fused_nn_contrib_conv2d_NCHWc_add_nn_relu_11] Trial #131: GFLOPs: 81.7998. Time: 2827.7745 us. Best GFLOPs: 179.4569
2024-05-19 19:54:50 [INFO] [task_scheduler.cc:131] [Task #35: fused_nn_contrib_conv2d_NCHWc_add_nn_relu_11] Trial #132: GFLOPs: 141.6427. Time: 1633.0619 us. Best GFLOPs: 179.4569
2024-05-19 19:54:50 [INFO] [task_scheduler.cc:131] [Task #35: fused_nn_contrib_conv2d_NCHWc_add_nn_relu_11] Trial #133: GFLOPs: 162.1328. Time: 1426.6784 us. Best GFLOPs: 179.4569
2024-05-19 19:54:50 [INFO] [task_scheduler.cc:131] [Task #35: fused_nn_contrib_conv2d_NCHWc_add_nn_relu_11] Trial #134: GFLOPs: 132.7258. Time: 1742.7757 us. Best GFLOPs: 179.4569
2024-05-19 19:54:50 [INFO] [task_scheduler.cc:131] [Task #35: fused_nn_contrib_conv2d_NCHWc_add_nn_relu_11] Trial #135: GFLOPs: 167.4124. Time: 1381.6859 us. Best GFLOPs: 179.4569
2024-05-19 19:54:50 [INFO] [task_scheduler.cc:131] [Task #35: fused_nn_contrib_conv2d_NCHWc_add_nn_relu_11] Trial #136: GFLOPs: 93.6387. Time: 2470.2547 us. Best GFLOPs: 179.4569
2024-05-19 19:54:50 [INFO] [task_scheduler.cc:131] [Task #35: fused_nn_contrib_conv2d_NCHWc_add_nn_relu_11] Trial #137: GFLOPs: 125.6193. Time: 1841.3685 us. Best GFLOPs: 179.4569
2024-05-19 19:54:50 [INFO] [task_scheduler.cc:131] [Task #35: fused_nn_contrib_conv2d_NCHWc_add_nn_relu_11] Trial #138: GFLOPs: 152.0720. Time: 1521.0647 us. Best GFLOPs: 179.4569
2024-05-19 19:54:50 [INFO] [task_scheduler.cc:131] [Task #35: fused_nn_contrib_conv2d_NCHWc_add_nn_relu_11] Trial #139: GFLOPs: 99.1123. Time: 2333.8311 us. Best GFLOPs: 179.4569
2024-05-19 19:54:50 [INFO] [task_scheduler.cc:131] [Task #35: fused_nn_contrib_conv2d_NCHWc_add_nn_relu_11] Trial #140: GFLOPs: 140.3956. Time: 1647.5679 us. Best GFLOPs: 179.4569
2024-05-19 19:54:50 [INFO] [task_scheduler.cc:131] [Task #35: fused_nn_contrib_conv2d_NCHWc_add_nn_relu_11] Trial #141: GFLOPs: 179.8775. Time: 1285.9383 us. Best GFLOPs: 179.8775
2024-05-19 19:54:50 [INFO] [task_scheduler.cc:131] [Task #35: fused_nn_contrib_conv2d_NCHWc_add_nn_relu_11] Trial #142: GFLOPs: 143.4855. Time: 1612.0886 us. Best GFLOPs: 179.8775
2024-05-19 19:54:50 [INFO] [task_scheduler.cc:131] [Task #35: fused_nn_contrib_conv2d_NCHWc_add_nn_relu_11] Trial #143: GFLOPs: 104.7841. Time: 2207.5047 us. Best GFLOPs: 179.8775
2024-05-19 19:54:50 [INFO] [task_scheduler.cc:131] [Task #35: fused_nn_contrib_conv2d_NCHWc_add_nn_relu_11] Trial #144: GFLOPs: 118.6914. Time: 1948.8467 us. Best GFLOPs: 179.8775
2024-05-19 19:54:50 [INFO] [task_scheduler.cc:131] [Task #35: fused_nn_contrib_conv2d_NCHWc_add_nn_relu_11] Trial #145: GFLOPs: 144.5565. Time: 1600.1448 us. Best GFLOPs: 179.8775
2024-05-19 19:54:50 [INFO] [task_scheduler.cc:131] [Task #35: fused_nn_contrib_conv2d_NCHWc_add_nn_relu_11] Trial #146: GFLOPs: 94.4440. Time: 2449.1901 us. Best GFLOPs: 179.8775
2024-05-19 19:54:50 [INFO] [task_scheduler.cc:131] [Task #35: fused_nn_contrib_conv2d_NCHWc_add_nn_relu_11] Trial #147: GFLOPs: 150.3857. Time: 1538.1205 us. Best GFLOPs: 179.8775
2024-05-19 19:54:50 [INFO] [task_scheduler.cc:131] [Task #35: fused_nn_contrib_conv2d_NCHWc_add_nn_relu_11] Trial #148: GFLOPs: 71.7718. Time: 3222.8736 us. Best GFLOPs: 179.8775
2024-05-19 19:54:50 [INFO] [task_scheduler.cc:131] [Task #35: fused_nn_contrib_conv2d_NCHWc_add_nn_relu_11] Trial #149: GFLOPs: 128.8253. Time: 1795.5431 us. Best GFLOPs: 179.8775
2024-05-19 19:54:50 [INFO] [task_scheduler.cc:131] [Task #35: fused_nn_contrib_conv2d_NCHWc_add_nn_relu_11] Trial #150: GFLOPs: 185.2311. Time: 1248.7716 us. Best GFLOPs: 185.2311
2024-05-19 19:54:50 [INFO] [task_scheduler.cc:131] [Task #35: fused_nn_contrib_conv2d_NCHWc_add_nn_relu_11] Trial #151: GFLOPs: 158.0840. Time: 1463.2177 us. Best GFLOPs: 185.2311
2024-05-19 19:54:50 [INFO] [task_scheduler.cc:131] [Task #35: fused_nn_contrib_conv2d_NCHWc_add_nn_relu_11] Trial #152: GFLOPs: 147.2646. Time: 1570.7195 us. Best GFLOPs: 185.2311
2024-05-19 19:54:50 [INFO] [task_scheduler.cc:131] [Task #35: fused_nn_contrib_conv2d_NCHWc_add_nn_relu_11] Trial #153: GFLOPs: 156.7564. Time: 1475.6101 us. Best GFLOPs: 185.2311
2024-05-19 19:54:50 [INFO] [task_scheduler.cc:131] [Task #35: fused_nn_contrib_conv2d_NCHWc_add_nn_relu_11] Trial #154: GFLOPs: 146.9373. Time: 1574.2180 us. Best GFLOPs: 185.2311
2024-05-19 19:54:50 [INFO] [task_scheduler.cc:131] [Task #35: fused_nn_contrib_conv2d_NCHWc_add_nn_relu_11] Trial #155: GFLOPs: 116.5333. Time: 1984.9386 us. Best GFLOPs: 185.2311
2024-05-19 19:54:50 [INFO] [task_scheduler.cc:131] [Task #35: fused_nn_contrib_conv2d_NCHWc_add_nn_relu_11] Trial #156: GFLOPs: 105.1100. Time: 2200.6601 us. Best GFLOPs: 185.2311
2024-05-19 19:54:50 [INFO] [task_scheduler.cc:131] [Task #35: fused_nn_contrib_conv2d_NCHWc_add_nn_relu_11] Trial #157: GFLOPs: 86.7270. Time: 2667.1205 us. Best GFLOPs: 185.2311
2024-05-19 19:54:50 [INFO] [task_scheduler.cc:131] [Task #35: fused_nn_contrib_conv2d_NCHWc_add_nn_relu_11] Trial #158: GFLOPs: 151.7842. Time: 1523.9490 us. Best GFLOPs: 185.2311
2024-05-19 19:54:50 [INFO] [task_scheduler.cc:131] [Task #35: fused_nn_contrib_conv2d_NCHWc_add_nn_relu_11] Trial #159: GFLOPs: 98.7073. Time: 2343.4074 us. Best GFLOPs: 185.2311
2024-05-19 19:54:50 [INFO] [task_scheduler.cc:131] [Task #35: fused_nn_contrib_conv2d_NCHWc_add_nn_relu_11] Trial #160: GFLOPs: 117.0283. Time: 1976.5416 us. Best GFLOPs: 185.2311
2024-05-19 19:54:50 [INFO] [task_scheduler.cc:131] [Task #35: fused_nn_contrib_conv2d_NCHWc_add_nn_relu_11] Trial #161: GFLOPs: 99.0911. Time: 2334.3307 us. Best GFLOPs: 185.2311
2024-05-19 19:54:50 [INFO] [task_scheduler.cc:131] [Task #35: fused_nn_contrib_conv2d_NCHWc_add_nn_relu_11] Trial #162: GFLOPs: 89.9726. Time: 2570.9090 us. Best GFLOPs: 185.2311
2024-05-19 19:54:50 [INFO] [task_scheduler.cc:131] [Task #35: fused_nn_contrib_conv2d_NCHWc_add_nn_relu_11] Trial #163: GFLOPs: 97.8790. Time: 2363.2390 us. Best GFLOPs: 185.2311
2024-05-19 19:54:50 [INFO] [task_scheduler.cc:131] [Task #35: fused_nn_contrib_conv2d_NCHWc_add_nn_relu_11] Trial #164: GFLOPs: 99.1410. Time: 2333.1552 us. Best GFLOPs: 185.2311
2024-05-19 19:54:50 [INFO] [task_scheduler.cc:131] [Task #35: fused_nn_contrib_conv2d_NCHWc_add_nn_relu_11] Trial #165: GFLOPs: 137.8566. Time: 1677.9128 us. Best GFLOPs: 185.2311
2024-05-19 19:54:50 [INFO] [task_scheduler.cc:131] [Task #35: fused_nn_contrib_conv2d_NCHWc_add_nn_relu_11] Trial #166: GFLOPs: 154.5880. Time: 1496.3083 us. Best GFLOPs: 185.2311
2024-05-19 19:54:50 [INFO] [task_scheduler.cc:131] [Task #35: fused_nn_contrib_conv2d_NCHWc_add_nn_relu_11] Trial #167: GFLOPs: 128.9368. Time: 1793.9903 us. Best GFLOPs: 185.2311
2024-05-19 19:54:50 [INFO] [task_scheduler.cc:131] [Task #35: fused_nn_contrib_conv2d_NCHWc_add_nn_relu_11] Trial #168: GFLOPs: 140.8000. Time: 1642.8358 us. Best GFLOPs: 185.2311
2024-05-19 19:54:50 [INFO] [task_scheduler.cc:131] [Task #35: fused_nn_contrib_conv2d_NCHWc_add_nn_relu_11] Trial #169: GFLOPs: 132.7592. Time: 1742.3380 us. Best GFLOPs: 185.2311
2024-05-19 19:54:50 [INFO] [task_scheduler.cc:131] [Task #35: fused_nn_contrib_conv2d_NCHWc_add_nn_relu_11] Trial #170: GFLOPs: 143.6651. Time: 1610.0731 us. Best GFLOPs: 185.2311
2024-05-19 19:54:50 [INFO] [task_scheduler.cc:131] [Task #35: fused_nn_contrib_conv2d_NCHWc_add_nn_relu_11] Trial #171: GFLOPs: 157.0563. Time: 1472.7928 us. Best GFLOPs: 185.2311
2024-05-19 19:54:50 [INFO] [task_scheduler.cc:131] [Task #35: fused_nn_contrib_conv2d_NCHWc_add_nn_relu_11] Trial #172: GFLOPs: 97.9582. Time: 2361.3263 us. Best GFLOPs: 185.2311
2024-05-19 19:54:50 [INFO] [task_scheduler.cc:131] [Task #35: fused_nn_contrib_conv2d_NCHWc_add_nn_relu_11] Trial #173: GFLOPs: 123.0265. Time: 1880.1749 us. Best GFLOPs: 185.2311
2024-05-19 19:54:50 [INFO] [task_scheduler.cc:131] [Task #35: fused_nn_contrib_conv2d_NCHWc_add_nn_relu_11] Trial #174: GFLOPs: 77.1251. Time: 2999.1702 us. Best GFLOPs: 185.2311
2024-05-19 19:54:50 [INFO] [task_scheduler.cc:131] [Task #35: fused_nn_contrib_conv2d_NCHWc_add_nn_relu_11] Trial #175: GFLOPs: 68.8165. Time: 3361.2761 us. Best GFLOPs: 185.2311
2024-05-19 19:54:50 [INFO] [task_scheduler.cc:131] [Task #35: fused_nn_contrib_conv2d_NCHWc_add_nn_relu_11] Trial #176: GFLOPs: 125.3819. Time: 1844.8550 us. Best GFLOPs: 185.2311
2024-05-19 19:54:50 [INFO] [task_scheduler.cc:131] [Task #35: fused_nn_contrib_conv2d_NCHWc_add_nn_relu_11] Trial #177: GFLOPs: 130.8174. Time: 1768.2006 us. Best GFLOPs: 185.2311
2024-05-19 19:54:50 [INFO] [task_scheduler.cc:131] [Task #35: fused_nn_contrib_conv2d_NCHWc_add_nn_relu_11] Trial #178: GFLOPs: 176.9822. Time: 1306.9750 us. Best GFLOPs: 185.2311
2024-05-19 19:54:50 [INFO] [task_scheduler.cc:131] [Task #35: fused_nn_contrib_conv2d_NCHWc_add_nn_relu_11] Trial #179: GFLOPs: 123.0646. Time: 1879.5931 us. Best GFLOPs: 185.2311
2024-05-19 19:54:50 [INFO] [task_scheduler.cc:131] [Task #35: fused_nn_contrib_conv2d_NCHWc_add_nn_relu_11] Trial #180: GFLOPs: 121.3622. Time: 1905.9590 us. Best GFLOPs: 185.2311
2024-05-19 19:54:50 [INFO] [task_scheduler.cc:131] [Task #35: fused_nn_contrib_conv2d_NCHWc_add_nn_relu_11] Trial #181: GFLOPs: 145.4903. Time: 1589.8745 us. Best GFLOPs: 185.2311
2024-05-19 19:54:50 [INFO] [task_scheduler.cc:131] [Task #35: fused_nn_contrib_conv2d_NCHWc_add_nn_relu_11] Trial #182: GFLOPs: 134.6307. Time: 1718.1178 us. Best GFLOPs: 185.2311
2024-05-19 19:54:50 [INFO] [task_scheduler.cc:131] [Task #35: fused_nn_contrib_conv2d_NCHWc_add_nn_relu_11] Trial #183: GFLOPs: 39.1691. Time: 5905.4613 us. Best GFLOPs: 185.2311
2024-05-19 19:54:50 [INFO] [task_scheduler.cc:131] [Task #35: fused_nn_contrib_conv2d_NCHWc_add_nn_relu_11] Trial #184: GFLOPs: 157.4523. Time: 1469.0885 us. Best GFLOPs: 185.2311
2024-05-19 19:54:50 [INFO] [task_scheduler.cc:131] [Task #35: fused_nn_contrib_conv2d_NCHWc_add_nn_relu_11] Trial #185: GFLOPs: 124.4286. Time: 1858.9892 us. Best GFLOPs: 185.2311
2024-05-19 19:54:50 [INFO] [task_scheduler.cc:131] [Task #35: fused_nn_contrib_conv2d_NCHWc_add_nn_relu_11] Trial #186: GFLOPs: 100.7964. Time: 2294.8364 us. Best GFLOPs: 185.2311
2024-05-19 19:54:50 [INFO] [task_scheduler.cc:131] [Task #35: fused_nn_contrib_conv2d_NCHWc_add_nn_relu_11] Trial #187: GFLOPs: 157.3948. Time: 1469.6255 us. Best GFLOPs: 185.2311
2024-05-19 19:54:50 [INFO] [task_scheduler.cc:131] [Task #35: fused_nn_contrib_conv2d_NCHWc_add_nn_relu_11] Trial #188: GFLOPs: 143.3563. Time: 1613.5414 us. Best GFLOPs: 185.2311
2024-05-19 19:54:50 [INFO] [task_scheduler.cc:131] [Task #35: fused_nn_contrib_conv2d_NCHWc_add_nn_relu_11] Trial #189: GFLOPs: 93.0258. Time: 2486.5290 us. Best GFLOPs: 185.2311
2024-05-19 19:54:50 [INFO] [task_scheduler.cc:131] [Task #35: fused_nn_contrib_conv2d_NCHWc_add_nn_relu_11] Trial #190: GFLOPs: 46.4193. Time: 4983.0909 us. Best GFLOPs: 185.2311
2024-05-19 19:54:50 [INFO] [task_scheduler.cc:131] [Task #35: fused_nn_contrib_conv2d_NCHWc_add_nn_relu_11] Trial #191: GFLOPs: 9.1178. Time: 25369.2030 us. Best GFLOPs: 185.2311
2024-05-19 19:54:50 [INFO] [task_scheduler.cc:131] [Task #35: fused_nn_contrib_conv2d_NCHWc_add_nn_relu_11] Trial #192: GFLOPs: 12.6202. Time: 18328.7220 us. Best GFLOPs: 185.2311
2024-05-19 20:04:33 [INFO] [evolutionary_search.cc:713] Generating candidates......
2024-05-19 20:04:34 [INFO] [evolutionary_search.cc:715] Picked top 102 candidate(s) from database
2024-05-19 20:04:36 [INFO] [evolutionary_search.cc:533] Sample-Init-Population summary:
Postproc #0 [meta_schedule.DisallowDynamicLoop(0xe9d83a8)]: 0 failure(s)
Postproc #1 [meta_schedule.RewriteParallelVectorizeUnroll(0xd0ed1a8)]: 0 failure(s)
Postproc #2 [meta_schedule.RewriteReductionBlock(0xce4d8b8)]: 0 failure(s)
Postproc #3 [meta_schedule.RewriteLayout(0xd06ef38)]: 0 failure(s)
2024-05-19 20:04:36 [INFO] [evolutionary_search.cc:723] Sampled 410 candidate(s)
2024-05-19 20:04:41 [INFO] [evolutionary_search.cc:621] Evolve iter #0 done. Summary:
Postproc #0 [meta_schedule.DisallowDynamicLoop(0xe9d83a8)]: 0 failure(s)
Postproc #1 [meta_schedule.RewriteParallelVectorizeUnroll(0xd0ed1a8)]: 0 failure(s)
Postproc #2 [meta_schedule.RewriteReductionBlock(0xce4d8b8)]: 0 failure(s)
Postproc #3 [meta_schedule.RewriteLayout(0xd06ef38)]: 0 failure(s)
2024-05-19 20:04:46 [INFO] [evolutionary_search.cc:621] Evolve iter #1 done. Summary:
Postproc #0 [meta_schedule.DisallowDynamicLoop(0xe9d83a8)]: 0 failure(s)
Postproc #1 [meta_schedule.RewriteParallelVectorizeUnroll(0xd0ed1a8)]: 0 failure(s)
Postproc #2 [meta_schedule.RewriteReductionBlock(0xce4d8b8)]: 0 failure(s)
Postproc #3 [meta_schedule.RewriteLayout(0xd06ef38)]: 0 failure(s)
2024-05-19 20:04:50 [INFO] [evolutionary_search.cc:621] Evolve iter #2 done. Summary:
Postproc #0 [meta_schedule.DisallowDynamicLoop(0xe9d83a8)]: 0 failure(s)
Postproc #1 [meta_schedule.RewriteParallelVectorizeUnroll(0xd0ed1a8)]: 0 failure(s)
Postproc #2 [meta_schedule.RewriteReductionBlock(0xce4d8b8)]: 0 failure(s)
Postproc #3 [meta_schedule.RewriteLayout(0xd06ef38)]: 0 failure(s)
2024-05-19 20:04:55 [INFO] [evolutionary_search.cc:621] Evolve iter #3 done. Summary:
Postproc #0 [meta_schedule.DisallowDynamicLoop(0xe9d83a8)]: 0 failure(s)
Postproc #1 [meta_schedule.RewriteParallelVectorizeUnroll(0xd0ed1a8)]: 0 failure(s)
Postproc #2 [meta_schedule.RewriteReductionBlock(0xce4d8b8)]: 0 failure(s)
Postproc #3 [meta_schedule.RewriteLayout(0xd06ef38)]: 0 failure(s)
2024-05-19 20:04:58 [INFO] [evolutionary_search.cc:649] Scores of the best 64 candidates:
[1 : 16]:	0.8877  0.8581  0.8581  0.8463  0.8441  0.8296  0.8231  0.8231  0.8216  0.8137  0.8133  0.8100  0.8100  0.8098  0.8097  0.8093
[17 : 32]:	0.8043  0.8034  0.8022  0.8015  0.8002  0.7979  0.7950  0.7949  0.7949  0.7911  0.7907  0.7851  0.7844  0.7843  0.7824  0.7824
[33 : 48]:	0.7813  0.7793  0.7791  0.7783  0.7772  0.7750  0.7750  0.7732  0.7695  0.7695  0.7678  0.7648  0.7648  0.7629  0.7625  0.7618
[49 : 64]:	0.7614  0.7610  0.7591  0.7560  0.7521  0.7521  0.7507  0.7499  0.7492  0.7492  0.7460  0.7457  0.7442  0.7439  0.7434  0.7432
2024-05-19 20:04:58 [INFO] [evolutionary_search.cc:727] Got 64 candidate(s) with evolutionary search
2024-05-19 20:04:58 [INFO] [evolutionary_search.cc:730] Sending 64 candidates(s) for measurement
2024-05-19 20:06:29 [INFO] [task_scheduler.cc:131] [Task #35: fused_nn_contrib_conv2d_NCHWc_add_nn_relu_11] Trial #193: GFLOPs: 156.4820. Time: 1478.1976 us. Best GFLOPs: 185.2311
2024-05-19 20:06:29 [INFO] [task_scheduler.cc:131] [Task #35: fused_nn_contrib_conv2d_NCHWc_add_nn_relu_11] Trial #194: GFLOPs: 142.1843. Time: 1626.8421 us. Best GFLOPs: 185.2311
2024-05-19 20:06:29 [INFO] [task_scheduler.cc:131] [Task #35: fused_nn_contrib_conv2d_NCHWc_add_nn_relu_11] Trial #195: GFLOPs: 158.8774. Time: 1455.9111 us. Best GFLOPs: 185.2311
2024-05-19 20:06:29 [INFO] [task_scheduler.cc:131] [Task #35: fused_nn_contrib_conv2d_NCHWc_add_nn_relu_11] Trial #196: GFLOPs: 143.1567. Time: 1615.7917 us. Best GFLOPs: 185.2311
2024-05-19 20:06:29 [INFO] [task_scheduler.cc:131] [Task #35: fused_nn_contrib_conv2d_NCHWc_add_nn_relu_11] Trial #197: GFLOPs: 145.9690. Time: 1584.6603 us. Best GFLOPs: 185.2311
2024-05-19 20:06:29 [INFO] [task_scheduler.cc:131] [Task #35: fused_nn_contrib_conv2d_NCHWc_add_nn_relu_11] Trial #198: GFLOPs: 149.8889. Time: 1543.2192 us. Best GFLOPs: 185.2311
2024-05-19 20:06:29 [INFO] [task_scheduler.cc:131] [Task #35: fused_nn_contrib_conv2d_NCHWc_add_nn_relu_11] Trial #199: GFLOPs: 72.0047. Time: 3212.4498 us. Best GFLOPs: 185.2311
2024-05-19 20:06:29 [INFO] [task_scheduler.cc:131] [Task #35: fused_nn_contrib_conv2d_NCHWc_add_nn_relu_11] Trial #200: GFLOPs: 71.8101. Time: 3221.1522 us. Best GFLOPs: 185.2311
2024-05-19 20:06:29 [INFO] [task_scheduler.cc:131] [Task #35: fused_nn_contrib_conv2d_NCHWc_add_nn_relu_11] Trial #201: GFLOPs: 99.3999. Time: 2327.0796 us. Best GFLOPs: 185.2311
2024-05-19 20:06:29 [INFO] [task_scheduler.cc:131] [Task #35: fused_nn_contrib_conv2d_NCHWc_add_nn_relu_11] Trial #202: GFLOPs: 145.0302. Time: 1594.9186 us. Best GFLOPs: 185.2311
2024-05-19 20:06:29 [INFO] [task_scheduler.cc:131] [Task #35: fused_nn_contrib_conv2d_NCHWc_add_nn_relu_11] Trial #203: GFLOPs: 165.5541. Time: 1397.1953 us. Best GFLOPs: 185.2311
2024-05-19 20:06:29 [INFO] [task_scheduler.cc:131] [Task #35: fused_nn_contrib_conv2d_NCHWc_add_nn_relu_11] Trial #204: GFLOPs: 145.9005. Time: 1585.4053 us. Best GFLOPs: 185.2311
2024-05-19 20:06:29 [INFO] [task_scheduler.cc:131] [Task #35: fused_nn_contrib_conv2d_NCHWc_add_nn_relu_11] Trial #205: GFLOPs: 169.4010. Time: 1365.4659 us. Best GFLOPs: 185.2311
2024-05-19 20:06:29 [INFO] [task_scheduler.cc:131] [Task #35: fused_nn_contrib_conv2d_NCHWc_add_nn_relu_11] Trial #206: GFLOPs: 157.4740. Time: 1468.8862 us. Best GFLOPs: 185.2311
2024-05-19 20:06:29 [INFO] [task_scheduler.cc:131] [Task #35: fused_nn_contrib_conv2d_NCHWc_add_nn_relu_11] Trial #207: GFLOPs: 132.5488. Time: 1745.1028 us. Best GFLOPs: 185.2311
2024-05-19 20:06:29 [INFO] [task_scheduler.cc:131] [Task #35: fused_nn_contrib_conv2d_NCHWc_add_nn_relu_11] Trial #208: GFLOPs: 184.8964. Time: 1251.0323 us. Best GFLOPs: 185.2311
2024-05-19 20:06:29 [INFO] [task_scheduler.cc:131] [Task #35: fused_nn_contrib_conv2d_NCHWc_add_nn_relu_11] Trial #209: GFLOPs: 179.3456. Time: 1289.7520 us. Best GFLOPs: 185.2311
2024-05-19 20:06:29 [INFO] [task_scheduler.cc:131] [Task #35: fused_nn_contrib_conv2d_NCHWc_add_nn_relu_11] Trial #210: GFLOPs: 144.9310. Time: 1596.0099 us. Best GFLOPs: 185.2311
2024-05-19 20:06:29 [INFO] [task_scheduler.cc:131] [Task #35: fused_nn_contrib_conv2d_NCHWc_add_nn_relu_11] Trial #211: GFLOPs: 153.6986. Time: 1504.9677 us. Best GFLOPs: 185.2311
2024-05-19 20:06:29 [INFO] [task_scheduler.cc:131] [Task #35: fused_nn_contrib_conv2d_NCHWc_add_nn_relu_11] Trial #212: GFLOPs: 187.9335. Time: 1230.8149 us. Best GFLOPs: 187.9335
2024-05-19 20:06:29 [INFO] [task_scheduler.cc:131] [Task #35: fused_nn_contrib_conv2d_NCHWc_add_nn_relu_11] Trial #213: GFLOPs: 172.6471. Time: 1339.7932 us. Best GFLOPs: 187.9335
2024-05-19 20:06:29 [INFO] [task_scheduler.cc:131] [Task #35: fused_nn_contrib_conv2d_NCHWc_add_nn_relu_11] Trial #214: GFLOPs: 117.3648. Time: 1970.8752 us. Best GFLOPs: 187.9335
2024-05-19 20:06:29 [INFO] [task_scheduler.cc:131] [Task #35: fused_nn_contrib_conv2d_NCHWc_add_nn_relu_11] Trial #215: GFLOPs: 170.9053. Time: 1353.4479 us. Best GFLOPs: 187.9335
2024-05-19 20:06:29 [INFO] [task_scheduler.cc:131] [Task #35: fused_nn_contrib_conv2d_NCHWc_add_nn_relu_11] Trial #216: GFLOPs: 105.6410. Time: 2189.5985 us. Best GFLOPs: 187.9335
2024-05-19 20:06:29 [INFO] [task_scheduler.cc:131] [Task #35: fused_nn_contrib_conv2d_NCHWc_add_nn_relu_11] Trial #217: GFLOPs: 156.8086. Time: 1475.1191 us. Best GFLOPs: 187.9335
2024-05-19 20:06:29 [INFO] [task_scheduler.cc:131] [Task #35: fused_nn_contrib_conv2d_NCHWc_add_nn_relu_11] Trial #218: GFLOPs: 188.1192. Time: 1229.6003 us. Best GFLOPs: 188.1192
2024-05-19 20:06:29 [INFO] [task_scheduler.cc:131] [Task #35: fused_nn_contrib_conv2d_NCHWc_add_nn_relu_11] Trial #219: GFLOPs: 172.2315. Time: 1343.0262 us. Best GFLOPs: 188.1192
2024-05-19 20:06:29 [INFO] [task_scheduler.cc:131] [Task #35: fused_nn_contrib_conv2d_NCHWc_add_nn_relu_11] Trial #220: GFLOPs: 174.5290. Time: 1325.3466 us. Best GFLOPs: 188.1192
2024-05-19 20:06:29 [INFO] [task_scheduler.cc:131] [Task #35: fused_nn_contrib_conv2d_NCHWc_add_nn_relu_11] Trial #221: GFLOPs: 151.1932. Time: 1529.9063 us. Best GFLOPs: 188.1192
2024-05-19 20:06:29 [INFO] [task_scheduler.cc:131] [Task #35: fused_nn_contrib_conv2d_NCHWc_add_nn_relu_11] Trial #222: GFLOPs: 167.8363. Time: 1378.1959 us. Best GFLOPs: 188.1192
2024-05-19 20:06:29 [INFO] [task_scheduler.cc:131] [Task #35: fused_nn_contrib_conv2d_NCHWc_add_nn_relu_11] Trial #223: GFLOPs: 157.7078. Time: 1466.7087 us. Best GFLOPs: 188.1192
2024-05-19 20:06:29 [INFO] [task_scheduler.cc:131] [Task #35: fused_nn_contrib_conv2d_NCHWc_add_nn_relu_11] Trial #224: GFLOPs: 157.7518. Time: 1466.2998 us. Best GFLOPs: 188.1192
2024-05-19 20:06:29 [INFO] [task_scheduler.cc:131] [Task #35: fused_nn_contrib_conv2d_NCHWc_add_nn_relu_11] Trial #225: GFLOPs: 153.7335. Time: 1504.6259 us. Best GFLOPs: 188.1192
2024-05-19 20:06:29 [INFO] [task_scheduler.cc:131] [Task #35: fused_nn_contrib_conv2d_NCHWc_add_nn_relu_11] Trial #226: GFLOPs: 143.1359. Time: 1616.0262 us. Best GFLOPs: 188.1192
2024-05-19 20:06:29 [INFO] [task_scheduler.cc:131] [Task #35: fused_nn_contrib_conv2d_NCHWc_add_nn_relu_11] Trial #227: GFLOPs: 139.9615. Time: 1652.6781 us. Best GFLOPs: 188.1192
2024-05-19 20:06:29 [INFO] [task_scheduler.cc:131] [Task #35: fused_nn_contrib_conv2d_NCHWc_add_nn_relu_11] Trial #228: GFLOPs: 132.0178. Time: 1752.1231 us. Best GFLOPs: 188.1192
2024-05-19 20:06:29 [INFO] [task_scheduler.cc:131] [Task #35: fused_nn_contrib_conv2d_NCHWc_add_nn_relu_11] Trial #229: GFLOPs: 155.8682. Time: 1484.0193 us. Best GFLOPs: 188.1192
2024-05-19 20:06:29 [INFO] [task_scheduler.cc:131] [Task #35: fused_nn_contrib_conv2d_NCHWc_add_nn_relu_11] Trial #230: GFLOPs: 165.2278. Time: 1399.9544 us. Best GFLOPs: 188.1192
2024-05-19 20:06:29 [INFO] [task_scheduler.cc:131] [Task #35: fused_nn_contrib_conv2d_NCHWc_add_nn_relu_11] Trial #231: GFLOPs: 161.6243. Time: 1431.1671 us. Best GFLOPs: 188.1192
2024-05-19 20:06:29 [INFO] [task_scheduler.cc:131] [Task #35: fused_nn_contrib_conv2d_NCHWc_add_nn_relu_11] Trial #232: GFLOPs: 170.1603. Time: 1359.3734 us. Best GFLOPs: 188.1192
2024-05-19 20:06:29 [INFO] [task_scheduler.cc:131] [Task #35: fused_nn_contrib_conv2d_NCHWc_add_nn_relu_11] Trial #233: GFLOPs: 164.4376. Time: 1406.6816 us. Best GFLOPs: 188.1192
2024-05-19 20:06:29 [INFO] [task_scheduler.cc:131] [Task #35: fused_nn_contrib_conv2d_NCHWc_add_nn_relu_11] Trial #234: GFLOPs: 150.7608. Time: 1534.2942 us. Best GFLOPs: 188.1192
2024-05-19 20:06:29 [INFO] [task_scheduler.cc:131] [Task #35: fused_nn_contrib_conv2d_NCHWc_add_nn_relu_11] Trial #235: GFLOPs: 146.9966. Time: 1573.5831 us. Best GFLOPs: 188.1192
2024-05-19 20:06:29 [INFO] [task_scheduler.cc:131] [Task #35: fused_nn_contrib_conv2d_NCHWc_add_nn_relu_11] Trial #236: GFLOPs: 174.0805. Time: 1328.7606 us. Best GFLOPs: 188.1192
2024-05-19 20:06:29 [INFO] [task_scheduler.cc:131] [Task #35: fused_nn_contrib_conv2d_NCHWc_add_nn_relu_11] Trial #237: GFLOPs: 167.6242. Time: 1379.9404 us. Best GFLOPs: 188.1192
2024-05-19 20:06:29 [INFO] [task_scheduler.cc:131] [Task #35: fused_nn_contrib_conv2d_NCHWc_add_nn_relu_11] Trial #238: GFLOPs: 125.5779. Time: 1841.9752 us. Best GFLOPs: 188.1192
2024-05-19 20:06:29 [INFO] [task_scheduler.cc:131] [Task #35: fused_nn_contrib_conv2d_NCHWc_add_nn_relu_11] Trial #239: GFLOPs: 137.8954. Time: 1677.4408 us. Best GFLOPs: 188.1192
2024-05-19 20:06:29 [INFO] [task_scheduler.cc:131] [Task #35: fused_nn_contrib_conv2d_NCHWc_add_nn_relu_11] Trial #240: GFLOPs: 174.6049. Time: 1324.7704 us. Best GFLOPs: 188.1192
2024-05-19 20:06:29 [INFO] [task_scheduler.cc:131] [Task #35: fused_nn_contrib_conv2d_NCHWc_add_nn_relu_11] Trial #241: GFLOPs: 161.6702. Time: 1430.7603 us. Best GFLOPs: 188.1192
2024-05-19 20:06:29 [INFO] [task_scheduler.cc:131] [Task #35: fused_nn_contrib_conv2d_NCHWc_add_nn_relu_11] Trial #242: GFLOPs: 188.6962. Time: 1225.8402 us. Best GFLOPs: 188.6962
2024-05-19 20:06:29 [INFO] [task_scheduler.cc:131] [Task #35: fused_nn_contrib_conv2d_NCHWc_add_nn_relu_11] Trial #243: GFLOPs: 161.0934. Time: 1435.8833 us. Best GFLOPs: 188.6962
2024-05-19 20:06:29 [INFO] [task_scheduler.cc:131] [Task #35: fused_nn_contrib_conv2d_NCHWc_add_nn_relu_11] Trial #244: GFLOPs: 118.1192. Time: 1958.2868 us. Best GFLOPs: 188.6962
2024-05-19 20:06:29 [INFO] [task_scheduler.cc:131] [Task #35: fused_nn_contrib_conv2d_NCHWc_add_nn_relu_11] Trial #245: GFLOPs: 127.9748. Time: 1807.4759 us. Best GFLOPs: 188.6962
2024-05-19 20:06:29 [INFO] [task_scheduler.cc:131] [Task #35: fused_nn_contrib_conv2d_NCHWc_add_nn_relu_11] Trial #246: GFLOPs: 145.2253. Time: 1592.7763 us. Best GFLOPs: 188.6962
2024-05-19 20:06:29 [INFO] [task_scheduler.cc:131] [Task #35: fused_nn_contrib_conv2d_NCHWc_add_nn_relu_11] Trial #247: GFLOPs: 128.3727. Time: 1801.8740 us. Best GFLOPs: 188.6962
2024-05-19 20:06:29 [INFO] [task_scheduler.cc:131] [Task #35: fused_nn_contrib_conv2d_NCHWc_add_nn_relu_11] Trial #248: GFLOPs: 120.3719. Time: 1921.6393 us. Best GFLOPs: 188.6962
2024-05-19 20:06:29 [INFO] [task_scheduler.cc:131] [Task #35: fused_nn_contrib_conv2d_NCHWc_add_nn_relu_11] Trial #249: GFLOPs: 134.5720. Time: 1718.8670 us. Best GFLOPs: 188.6962
2024-05-19 20:06:29 [INFO] [task_scheduler.cc:131] [Task #35: fused_nn_contrib_conv2d_NCHWc_add_nn_relu_11] Trial #250: GFLOPs: 162.5017. Time: 1423.4394 us. Best GFLOPs: 188.6962
2024-05-19 20:06:29 [INFO] [task_scheduler.cc:131] [Task #35: fused_nn_contrib_conv2d_NCHWc_add_nn_relu_11] Trial #251: GFLOPs: 115.9509. Time: 1994.9073 us. Best GFLOPs: 188.6962
2024-05-19 20:06:29 [INFO] [task_scheduler.cc:131] [Task #35: fused_nn_contrib_conv2d_NCHWc_add_nn_relu_11] Trial #252: GFLOPs: 124.1559. Time: 1863.0711 us. Best GFLOPs: 188.6962
2024-05-19 20:06:29 [INFO] [task_scheduler.cc:131] [Task #35: fused_nn_contrib_conv2d_NCHWc_add_nn_relu_11] Trial #253: GFLOPs: 131.3418. Time: 1761.1400 us. Best GFLOPs: 188.6962
2024-05-19 20:06:29 [INFO] [task_scheduler.cc:131] [Task #35: fused_nn_contrib_conv2d_NCHWc_add_nn_relu_11] Trial #254: GFLOPs: 14.6782. Time: 15758.8729 us. Best GFLOPs: 188.6962
2024-05-19 20:06:29 [INFO] [task_scheduler.cc:131] [Task #35: fused_nn_contrib_conv2d_NCHWc_add_nn_relu_11] Trial #255: GFLOPs: 1.3759. Time: 168120.6375 us. Best GFLOPs: 188.6962
2024-05-19 20:06:29 [INFO] [task_scheduler.cc:131] [Task #35: fused_nn_contrib_conv2d_NCHWc_add_nn_relu_11] Trial #256: GFLOPs: 11.2797. Time: 20506.8168 us. Best GFLOPs: 188.6962
