2024-05-21 02:46:40 [INFO] [task_scheduler.cc:160] Initializing Task #56: "fused_nn_contrib_conv2d_NCHWc_add_nn_relu_53"
2024-05-21 02:46:40 [INFO] [task_scheduler.cc:35] 
# from tvm.script import ir as I
# from tvm.script import tir as T

@I.ir_module
class Module:
    @T.prim_func
    def main(p0: T.Buffer((T.int64(1), T.int64(20), T.int64(56), T.int64(56), T.int64(8)), "float32"), p1: T.Buffer((T.int64(16), T.int64(20), T.int64(1), T.int64(1), T.int64(8), T.int64(8)), "float32"), p2: T.Buffer((T.int64(1), T.int64(16), T.int64(1), T.int64(1), T.int64(8)), "float32"), T_relu: T.Buffer((T.int64(1), T.int64(16), T.int64(56), T.int64(56), T.int64(8)), "float32")):
        T.func_attr({"tir.noalias": T.bool(True)})
        # with T.block("root"):
        conv2d_NCHWc = T.alloc_buffer((T.int64(1), T.int64(16), T.int64(56), T.int64(56), T.int64(8)))
        T_add = T.alloc_buffer((T.int64(1), T.int64(16), T.int64(56), T.int64(56), T.int64(8)))
        for n, oc_chunk, oh, ow, oc_block, ic, kh, kw in T.grid(T.int64(1), T.int64(16), T.int64(56), T.int64(56), T.int64(8), T.int64(160), T.int64(1), T.int64(1)):
            with T.block("conv2d_NCHWc"):
                v_n, v_oc_chunk, v_oh, v_ow, v_oc_block, v_ic, v_kh, v_kw = T.axis.remap("SSSSSRRR", [n, oc_chunk, oh, ow, oc_block, ic, kh, kw])
                T.reads(p0[v_n, v_ic // T.int64(8), v_oh + v_kh, v_ow + v_kw, v_ic % T.int64(8)], p1[v_oc_chunk, v_ic // T.int64(8), v_kh, v_kw, v_ic % T.int64(8), v_oc_block])
                T.writes(conv2d_NCHWc[v_n, v_oc_chunk, v_oh, v_ow, v_oc_block])
                with T.init():
                    conv2d_NCHWc[v_n, v_oc_chunk, v_oh, v_ow, v_oc_block] = T.float32(0)
                conv2d_NCHWc[v_n, v_oc_chunk, v_oh, v_ow, v_oc_block] = conv2d_NCHWc[v_n, v_oc_chunk, v_oh, v_ow, v_oc_block] + p0[v_n, v_ic // T.int64(8), v_oh + v_kh, v_ow + v_kw, v_ic % T.int64(8)] * p1[v_oc_chunk, v_ic // T.int64(8), v_kh, v_kw, v_ic % T.int64(8), v_oc_block]
        for ax0, ax1, ax2, ax3, ax4 in T.grid(T.int64(1), T.int64(16), T.int64(56), T.int64(56), T.int64(8)):
            with T.block("T_add"):
                v_ax0, v_ax1, v_ax2, v_ax3, v_ax4 = T.axis.remap("SSSSS", [ax0, ax1, ax2, ax3, ax4])
                T.reads(conv2d_NCHWc[v_ax0, v_ax1, v_ax2, v_ax3, v_ax4], p2[v_ax0, v_ax1, T.int64(0), T.int64(0), v_ax4])
                T.writes(T_add[v_ax0, v_ax1, v_ax2, v_ax3, v_ax4])
                T_add[v_ax0, v_ax1, v_ax2, v_ax3, v_ax4] = conv2d_NCHWc[v_ax0, v_ax1, v_ax2, v_ax3, v_ax4] + p2[v_ax0, v_ax1, T.int64(0), T.int64(0), v_ax4]
        for ax0, ax1, ax2, ax3, ax4 in T.grid(T.int64(1), T.int64(16), T.int64(56), T.int64(56), T.int64(8)):
            with T.block("T_relu"):
                v_ax0, v_ax1, v_ax2, v_ax3, v_ax4 = T.axis.remap("SSSSS", [ax0, ax1, ax2, ax3, ax4])
                T.reads(T_add[v_ax0, v_ax1, v_ax2, v_ax3, v_ax4])
                T.writes(T_relu[v_ax0, v_ax1, v_ax2, v_ax3, v_ax4])
                T_relu[v_ax0, v_ax1, v_ax2, v_ax3, v_ax4] = T.max(T_add[v_ax0, v_ax1, v_ax2, v_ax3, v_ax4], T.float32(0))
2024-05-21 02:46:40 [INFO] [task_scheduler.cc:164] Total 3 design space(s) generated
2024-05-21 02:46:40 [INFO] [task_scheduler.cc:170] Design space #0:
# from tvm.script import ir as I
# from tvm.script import tir as T

@I.ir_module
class Module:
    @T.prim_func
    def main(p0: T.Buffer((T.int64(1), T.int64(20), T.int64(56), T.int64(56), T.int64(8)), "float32"), p1: T.Buffer((T.int64(16), T.int64(20), T.int64(1), T.int64(1), T.int64(8), T.int64(8)), "float32"), p2: T.Buffer((T.int64(1), T.int64(16), T.int64(1), T.int64(1), T.int64(8)), "float32"), T_relu: T.Buffer((T.int64(1), T.int64(16), T.int64(56), T.int64(56), T.int64(8)), "float32")):
        T.func_attr({"tir.noalias": T.bool(True)})
        with T.block("root"):
            T.reads()
            T.writes()
            T.block_attr({"meta_schedule.parallel": 96, "meta_schedule.unroll_explicit": 16, "meta_schedule.vectorize": 64})
            conv2d_NCHWc = T.alloc_buffer((T.int64(1), T.int64(16), T.int64(56), T.int64(56), T.int64(8)))
            for n_0, oc_chunk_0, oh_0, ow_0, oc_block_0, n_1, oc_chunk_1, oh_1, ow_1, oc_block_1, ic_0, kh_0, kw_0, n_2, oc_chunk_2, oh_2, ow_2, oc_block_2, ic_1, kh_1, kw_1, n_3, oc_chunk_3, oh_3, ow_3, oc_block_3 in T.grid(T.int64(1), T.int64(1), T.int64(14), T.int64(7), T.int64(1), T.int64(1), T.int64(1), T.int64(4), T.int64(8), T.int64(1), T.int64(16), T.int64(1), T.int64(1), T.int64(1), T.int64(2), T.int64(1), T.int64(1), T.int64(1), T.int64(10), T.int64(1), T.int64(1), T.int64(1), T.int64(8), T.int64(1), T.int64(1), T.int64(8)):
                with T.block("conv2d_NCHWc"):
                    v_n = T.axis.spatial(T.int64(1), n_0 + n_1 + n_2 + n_3)
                    v_oc_chunk = T.axis.spatial(T.int64(16), oc_chunk_0 * T.int64(16) + oc_chunk_1 * T.int64(16) + oc_chunk_2 * T.int64(8) + oc_chunk_3)
                    v_oh = T.axis.spatial(T.int64(56), oh_0 * T.int64(4) + oh_1 + oh_2 + oh_3)
                    v_ow = T.axis.spatial(T.int64(56), ow_0 * T.int64(8) + ow_1 + ow_2 + ow_3)
                    v_oc_block = T.axis.spatial(T.int64(8), oc_block_0 * T.int64(8) + oc_block_1 * T.int64(8) + oc_block_2 * T.int64(8) + oc_block_3)
                    v_ic = T.axis.reduce(T.int64(160), ic_0 * T.int64(10) + ic_1)
                    v_kh = T.axis.reduce(T.int64(1), kh_0 + kh_1)
                    v_kw = T.axis.reduce(T.int64(1), kw_0 + kw_1)
                    T.reads(p0[v_n, v_ic // T.int64(8), v_oh + v_kh, v_ow + v_kw, v_ic % T.int64(8)], p1[v_oc_chunk, v_ic // T.int64(8), v_kh, v_kw, v_ic % T.int64(8), v_oc_block])
                    T.writes(conv2d_NCHWc[v_n, v_oc_chunk, v_oh, v_ow, v_oc_block])
                    T.block_attr({"meta_schedule.tiling_structure": "SSRSRS"})
                    with T.init():
                        conv2d_NCHWc[v_n, v_oc_chunk, v_oh, v_ow, v_oc_block] = T.float32(0)
                    conv2d_NCHWc[v_n, v_oc_chunk, v_oh, v_ow, v_oc_block] = conv2d_NCHWc[v_n, v_oc_chunk, v_oh, v_ow, v_oc_block] + p0[v_n, v_ic // T.int64(8), v_oh + v_kh, v_ow + v_kw, v_ic % T.int64(8)] * p1[v_oc_chunk, v_ic // T.int64(8), v_kh, v_kw, v_ic % T.int64(8), v_oc_block]
            for ax0, ax1, ax2, ax3, ax4 in T.grid(T.int64(1), T.int64(16), T.int64(56), T.int64(56), T.int64(8)):
                with T.block("T_relu"):
                    v_ax0, v_ax1, v_ax2, v_ax3, v_ax4 = T.axis.remap("SSSSS", [ax0, ax1, ax2, ax3, ax4])
                    T.reads(conv2d_NCHWc[v_ax0, v_ax1, v_ax2, v_ax3, v_ax4], p2[v_ax0, v_ax1, T.int64(0), T.int64(0), v_ax4])
                    T.writes(T_relu[v_ax0, v_ax1, v_ax2, v_ax3, v_ax4])
                    T_relu[v_ax0, v_ax1, v_ax2, v_ax3, v_ax4] = T.max(conv2d_NCHWc[v_ax0, v_ax1, v_ax2, v_ax3, v_ax4] + p2[v_ax0, v_ax1, T.int64(0), T.int64(0), v_ax4], T.float32(0))
b0 = sch.get_block(name="conv2d_NCHWc", func_name="main")
b1 = sch.get_block(name="T_add", func_name="main")
b2 = sch.get_block(name="root", func_name="main")
sch.compute_inline(block=b1)
sch.annotate(block_or_loop=b0, ann_key="meta_schedule.tiling_structure", ann_val="SSRSRS")
l3, l4, l5, l6, l7, l8, l9, l10 = sch.get_loops(block=b0)
v11, v12, v13, v14 = sch.sample_perfect_tile(loop=l3, n=4, max_innermost_factor=64, decision=[1, 1, 1, 1])
l15, l16, l17, l18 = sch.split(loop=l3, factors=[v11, v12, v13, v14], preserve_unit_iters=True, disable_predication=False)
v19, v20, v21, v22 = sch.sample_perfect_tile(loop=l4, n=4, max_innermost_factor=64, decision=[1, 1, 2, 8])
l23, l24, l25, l26 = sch.split(loop=l4, factors=[v19, v20, v21, v22], preserve_unit_iters=True, disable_predication=False)
v27, v28, v29, v30 = sch.sample_perfect_tile(loop=l5, n=4, max_innermost_factor=64, decision=[14, 4, 1, 1])
l31, l32, l33, l34 = sch.split(loop=l5, factors=[v27, v28, v29, v30], preserve_unit_iters=True, disable_predication=False)
v35, v36, v37, v38 = sch.sample_perfect_tile(loop=l6, n=4, max_innermost_factor=64, decision=[7, 8, 1, 1])
l39, l40, l41, l42 = sch.split(loop=l6, factors=[v35, v36, v37, v38], preserve_unit_iters=True, disable_predication=False)
v43, v44, v45, v46 = sch.sample_perfect_tile(loop=l7, n=4, max_innermost_factor=64, decision=[1, 1, 1, 8])
l47, l48, l49, l50 = sch.split(loop=l7, factors=[v43, v44, v45, v46], preserve_unit_iters=True, disable_predication=False)
v51, v52 = sch.sample_perfect_tile(loop=l8, n=2, max_innermost_factor=64, decision=[16, 10])
l53, l54 = sch.split(loop=l8, factors=[v51, v52], preserve_unit_iters=True, disable_predication=False)
v55, v56 = sch.sample_perfect_tile(loop=l9, n=2, max_innermost_factor=64, decision=[1, 1])
l57, l58 = sch.split(loop=l9, factors=[v55, v56], preserve_unit_iters=True, disable_predication=False)
v59, v60 = sch.sample_perfect_tile(loop=l10, n=2, max_innermost_factor=64, decision=[1, 1])
l61, l62 = sch.split(loop=l10, factors=[v59, v60], preserve_unit_iters=True, disable_predication=False)
sch.reorder(l15, l23, l31, l39, l47, l16, l24, l32, l40, l48, l53, l57, l61, l17, l25, l33, l41, l49, l54, l58, l62, l18, l26, l34, l42, l50)
sch.annotate(block_or_loop=b2, ann_key="meta_schedule.parallel", ann_val=96)
sch.annotate(block_or_loop=b2, ann_key="meta_schedule.vectorize", ann_val=64)
v63 = sch.sample_categorical(candidates=[0, 16, 64, 512], probs=[0.25, 0.25, 0.25, 0.25], decision=1)
sch.annotate(block_or_loop=b2, ann_key="meta_schedule.unroll_explicit", ann_val=v63)
2024-05-21 02:46:40 [INFO] [task_scheduler.cc:170] Design space #1:
# from tvm.script import ir as I
# from tvm.script import tir as T

@I.ir_module
class Module:
    @T.prim_func
    def main(p0: T.Buffer((T.int64(1), T.int64(20), T.int64(56), T.int64(56), T.int64(8)), "float32"), p1: T.Buffer((T.int64(16), T.int64(20), T.int64(1), T.int64(1), T.int64(8), T.int64(8)), "float32"), p2: T.Buffer((T.int64(1), T.int64(16), T.int64(1), T.int64(1), T.int64(8)), "float32"), T_relu: T.Buffer((T.int64(1), T.int64(16), T.int64(56), T.int64(56), T.int64(8)), "float32")):
        T.func_attr({"tir.noalias": T.bool(True)})
        with T.block("root"):
            T.reads()
            T.writes()
            T.block_attr({"meta_schedule.parallel": 96, "meta_schedule.unroll_explicit": 64, "meta_schedule.vectorize": 64})
            conv2d_NCHWc = T.alloc_buffer((T.int64(1), T.int64(16), T.int64(56), T.int64(56), T.int64(8)))
            for n_0, oc_chunk_0, oh_0, ow_0, oc_block_0, n_1, oc_chunk_1, oh_1, ow_1, oc_block_1 in T.grid(T.int64(1), T.int64(1), T.int64(14), T.int64(7), T.int64(1), T.int64(1), T.int64(1), T.int64(4), T.int64(8), T.int64(1)):
                for ic_0, kh_0, kw_0, n_2, oc_chunk_2, oh_2, ow_2, oc_block_2, ic_1, kh_1, kw_1, n_3, oc_chunk_3, oh_3, ow_3, oc_block_3 in T.grid(T.int64(16), T.int64(1), T.int64(1), T.int64(1), T.int64(2), T.int64(1), T.int64(1), T.int64(1), T.int64(10), T.int64(1), T.int64(1), T.int64(1), T.int64(8), T.int64(1), T.int64(1), T.int64(8)):
                    with T.block("conv2d_NCHWc"):
                        v_n = T.axis.spatial(T.int64(1), n_0 + n_1 + n_2 + n_3)
                        v_oc_chunk = T.axis.spatial(T.int64(16), oc_chunk_0 * T.int64(16) + oc_chunk_1 * T.int64(16) + oc_chunk_2 * T.int64(8) + oc_chunk_3)
                        v_oh = T.axis.spatial(T.int64(56), oh_0 * T.int64(4) + oh_1 + oh_2 + oh_3)
                        v_ow = T.axis.spatial(T.int64(56), ow_0 * T.int64(8) + ow_1 + ow_2 + ow_3)
                        v_oc_block = T.axis.spatial(T.int64(8), oc_block_0 * T.int64(8) + oc_block_1 * T.int64(8) + oc_block_2 * T.int64(8) + oc_block_3)
                        v_ic = T.axis.reduce(T.int64(160), ic_0 * T.int64(10) + ic_1)
                        v_kh = T.axis.reduce(T.int64(1), kh_0 + kh_1)
                        v_kw = T.axis.reduce(T.int64(1), kw_0 + kw_1)
                        T.reads(p0[v_n, v_ic // T.int64(8), v_oh + v_kh, v_ow + v_kw, v_ic % T.int64(8)], p1[v_oc_chunk, v_ic // T.int64(8), v_kh, v_kw, v_ic % T.int64(8), v_oc_block])
                        T.writes(conv2d_NCHWc[v_n, v_oc_chunk, v_oh, v_ow, v_oc_block])
                        T.block_attr({"meta_schedule.tiling_structure": "SSRSRS"})
                        with T.init():
                            conv2d_NCHWc[v_n, v_oc_chunk, v_oh, v_ow, v_oc_block] = T.float32(0)
                        conv2d_NCHWc[v_n, v_oc_chunk, v_oh, v_ow, v_oc_block] = conv2d_NCHWc[v_n, v_oc_chunk, v_oh, v_ow, v_oc_block] + p0[v_n, v_ic // T.int64(8), v_oh + v_kh, v_ow + v_kw, v_ic % T.int64(8)] * p1[v_oc_chunk, v_ic // T.int64(8), v_kh, v_kw, v_ic % T.int64(8), v_oc_block]
                for ax0, ax1, ax2, ax3, ax4 in T.grid(T.int64(1), T.int64(16), T.int64(1), T.int64(1), T.int64(8)):
                    with T.block("T_relu"):
                        v_ax0, v_ax1 = T.axis.remap("SS", [ax0, ax1])
                        v_ax2 = T.axis.spatial(T.int64(56), oh_0 * T.int64(4) + oh_1 + ax2)
                        v_ax3 = T.axis.spatial(T.int64(56), ow_0 * T.int64(8) + ow_1 + ax3)
                        v_ax4 = T.axis.spatial(T.int64(8), ax4)
                        T.reads(conv2d_NCHWc[v_ax0, v_ax1, v_ax2, v_ax3, v_ax4], p2[v_ax0, v_ax1, T.int64(0), T.int64(0), v_ax4])
                        T.writes(T_relu[v_ax0, v_ax1, v_ax2, v_ax3, v_ax4])
                        T_relu[v_ax0, v_ax1, v_ax2, v_ax3, v_ax4] = T.max(conv2d_NCHWc[v_ax0, v_ax1, v_ax2, v_ax3, v_ax4] + p2[v_ax0, v_ax1, T.int64(0), T.int64(0), v_ax4], T.float32(0))
b0 = sch.get_block(name="conv2d_NCHWc", func_name="main")
b1 = sch.get_block(name="T_add", func_name="main")
b2 = sch.get_block(name="root", func_name="main")
sch.compute_inline(block=b1)
sch.annotate(block_or_loop=b0, ann_key="meta_schedule.tiling_structure", ann_val="SSRSRS")
l3, l4, l5, l6, l7, l8, l9, l10 = sch.get_loops(block=b0)
v11, v12, v13, v14 = sch.sample_perfect_tile(loop=l3, n=4, max_innermost_factor=64, decision=[1, 1, 1, 1])
l15, l16, l17, l18 = sch.split(loop=l3, factors=[v11, v12, v13, v14], preserve_unit_iters=True, disable_predication=False)
v19, v20, v21, v22 = sch.sample_perfect_tile(loop=l4, n=4, max_innermost_factor=64, decision=[1, 1, 2, 8])
l23, l24, l25, l26 = sch.split(loop=l4, factors=[v19, v20, v21, v22], preserve_unit_iters=True, disable_predication=False)
v27, v28, v29, v30 = sch.sample_perfect_tile(loop=l5, n=4, max_innermost_factor=64, decision=[14, 4, 1, 1])
l31, l32, l33, l34 = sch.split(loop=l5, factors=[v27, v28, v29, v30], preserve_unit_iters=True, disable_predication=False)
v35, v36, v37, v38 = sch.sample_perfect_tile(loop=l6, n=4, max_innermost_factor=64, decision=[7, 8, 1, 1])
l39, l40, l41, l42 = sch.split(loop=l6, factors=[v35, v36, v37, v38], preserve_unit_iters=True, disable_predication=False)
v43, v44, v45, v46 = sch.sample_perfect_tile(loop=l7, n=4, max_innermost_factor=64, decision=[1, 1, 1, 8])
l47, l48, l49, l50 = sch.split(loop=l7, factors=[v43, v44, v45, v46], preserve_unit_iters=True, disable_predication=False)
v51, v52 = sch.sample_perfect_tile(loop=l8, n=2, max_innermost_factor=64, decision=[16, 10])
l53, l54 = sch.split(loop=l8, factors=[v51, v52], preserve_unit_iters=True, disable_predication=False)
v55, v56 = sch.sample_perfect_tile(loop=l9, n=2, max_innermost_factor=64, decision=[1, 1])
l57, l58 = sch.split(loop=l9, factors=[v55, v56], preserve_unit_iters=True, disable_predication=False)
v59, v60 = sch.sample_perfect_tile(loop=l10, n=2, max_innermost_factor=64, decision=[1, 1])
l61, l62 = sch.split(loop=l10, factors=[v59, v60], preserve_unit_iters=True, disable_predication=False)
sch.reorder(l15, l23, l31, l39, l47, l16, l24, l32, l40, l48, l53, l57, l61, l17, l25, l33, l41, l49, l54, l58, l62, l18, l26, l34, l42, l50)
b63, = sch.get_consumers(block=b0)
sch.reverse_compute_at(block=b63, loop=l48, preserve_unit_loops=True, index=-1)
sch.annotate(block_or_loop=b2, ann_key="meta_schedule.parallel", ann_val=96)
sch.annotate(block_or_loop=b2, ann_key="meta_schedule.vectorize", ann_val=64)
v64 = sch.sample_categorical(candidates=[0, 16, 64, 512], probs=[0.25, 0.25, 0.25, 0.25], decision=2)
sch.annotate(block_or_loop=b2, ann_key="meta_schedule.unroll_explicit", ann_val=v64)
2024-05-21 02:46:40 [INFO] [task_scheduler.cc:170] Design space #2:
# from tvm.script import ir as I
# from tvm.script import tir as T

@I.ir_module
class Module:
    @T.prim_func
    def main(p0: T.Buffer((T.int64(1), T.int64(20), T.int64(56), T.int64(56), T.int64(8)), "float32"), p1: T.Buffer((T.int64(16), T.int64(20), T.int64(1), T.int64(1), T.int64(8), T.int64(8)), "float32"), p2: T.Buffer((T.int64(1), T.int64(16), T.int64(1), T.int64(1), T.int64(8)), "float32"), T_relu: T.Buffer((T.int64(1), T.int64(16), T.int64(56), T.int64(56), T.int64(8)), "float32")):
        T.func_attr({"tir.noalias": T.bool(True)})
        with T.block("root"):
            T.reads()
            T.writes()
            T.block_attr({"meta_schedule.parallel": 96, "meta_schedule.unroll_explicit": 64, "meta_schedule.vectorize": 64})
            conv2d_NCHWc = T.alloc_buffer((T.int64(1), T.int64(16), T.int64(56), T.int64(56), T.int64(8)))
            for n_0, oc_chunk_0, oh_0, ow_0, oc_block_0 in T.grid(T.int64(1), T.int64(1), T.int64(14), T.int64(7), T.int64(1)):
                for n_1, oc_chunk_1, oh_1, ow_1, oc_block_1, ic_0, kh_0, kw_0, n_2, oc_chunk_2, oh_2, ow_2, oc_block_2, ic_1, kh_1, kw_1, n_3, oc_chunk_3, oh_3, ow_3, oc_block_3 in T.grid(T.int64(1), T.int64(1), T.int64(4), T.int64(8), T.int64(1), T.int64(16), T.int64(1), T.int64(1), T.int64(1), T.int64(2), T.int64(1), T.int64(1), T.int64(1), T.int64(10), T.int64(1), T.int64(1), T.int64(1), T.int64(8), T.int64(1), T.int64(1), T.int64(8)):
                    with T.block("conv2d_NCHWc"):
                        v_n = T.axis.spatial(T.int64(1), n_0 + n_1 + n_2 + n_3)
                        v_oc_chunk = T.axis.spatial(T.int64(16), oc_chunk_0 * T.int64(16) + oc_chunk_1 * T.int64(16) + oc_chunk_2 * T.int64(8) + oc_chunk_3)
                        v_oh = T.axis.spatial(T.int64(56), oh_0 * T.int64(4) + oh_1 + oh_2 + oh_3)
                        v_ow = T.axis.spatial(T.int64(56), ow_0 * T.int64(8) + ow_1 + ow_2 + ow_3)
                        v_oc_block = T.axis.spatial(T.int64(8), oc_block_0 * T.int64(8) + oc_block_1 * T.int64(8) + oc_block_2 * T.int64(8) + oc_block_3)
                        v_ic = T.axis.reduce(T.int64(160), ic_0 * T.int64(10) + ic_1)
                        v_kh = T.axis.reduce(T.int64(1), kh_0 + kh_1)
                        v_kw = T.axis.reduce(T.int64(1), kw_0 + kw_1)
                        T.reads(p0[v_n, v_ic // T.int64(8), v_oh + v_kh, v_ow + v_kw, v_ic % T.int64(8)], p1[v_oc_chunk, v_ic // T.int64(8), v_kh, v_kw, v_ic % T.int64(8), v_oc_block])
                        T.writes(conv2d_NCHWc[v_n, v_oc_chunk, v_oh, v_ow, v_oc_block])
                        T.block_attr({"meta_schedule.tiling_structure": "SSRSRS"})
                        with T.init():
                            conv2d_NCHWc[v_n, v_oc_chunk, v_oh, v_ow, v_oc_block] = T.float32(0)
                        conv2d_NCHWc[v_n, v_oc_chunk, v_oh, v_ow, v_oc_block] = conv2d_NCHWc[v_n, v_oc_chunk, v_oh, v_ow, v_oc_block] + p0[v_n, v_ic // T.int64(8), v_oh + v_kh, v_ow + v_kw, v_ic % T.int64(8)] * p1[v_oc_chunk, v_ic // T.int64(8), v_kh, v_kw, v_ic % T.int64(8), v_oc_block]
                for ax0, ax1, ax2, ax3, ax4 in T.grid(T.int64(1), T.int64(16), T.int64(4), T.int64(8), T.int64(8)):
                    with T.block("T_relu"):
                        v_ax0, v_ax1 = T.axis.remap("SS", [ax0, ax1])
                        v_ax2 = T.axis.spatial(T.int64(56), oh_0 * T.int64(4) + ax2)
                        v_ax3 = T.axis.spatial(T.int64(56), ow_0 * T.int64(8) + ax3)
                        v_ax4 = T.axis.spatial(T.int64(8), ax4)
                        T.reads(conv2d_NCHWc[v_ax0, v_ax1, v_ax2, v_ax3, v_ax4], p2[v_ax0, v_ax1, T.int64(0), T.int64(0), v_ax4])
                        T.writes(T_relu[v_ax0, v_ax1, v_ax2, v_ax3, v_ax4])
                        T_relu[v_ax0, v_ax1, v_ax2, v_ax3, v_ax4] = T.max(conv2d_NCHWc[v_ax0, v_ax1, v_ax2, v_ax3, v_ax4] + p2[v_ax0, v_ax1, T.int64(0), T.int64(0), v_ax4], T.float32(0))
b0 = sch.get_block(name="conv2d_NCHWc", func_name="main")
b1 = sch.get_block(name="T_add", func_name="main")
b2 = sch.get_block(name="root", func_name="main")
sch.compute_inline(block=b1)
sch.annotate(block_or_loop=b0, ann_key="meta_schedule.tiling_structure", ann_val="SSRSRS")
l3, l4, l5, l6, l7, l8, l9, l10 = sch.get_loops(block=b0)
v11, v12, v13, v14 = sch.sample_perfect_tile(loop=l3, n=4, max_innermost_factor=64, decision=[1, 1, 1, 1])
l15, l16, l17, l18 = sch.split(loop=l3, factors=[v11, v12, v13, v14], preserve_unit_iters=True, disable_predication=False)
v19, v20, v21, v22 = sch.sample_perfect_tile(loop=l4, n=4, max_innermost_factor=64, decision=[1, 1, 2, 8])
l23, l24, l25, l26 = sch.split(loop=l4, factors=[v19, v20, v21, v22], preserve_unit_iters=True, disable_predication=False)
v27, v28, v29, v30 = sch.sample_perfect_tile(loop=l5, n=4, max_innermost_factor=64, decision=[14, 4, 1, 1])
l31, l32, l33, l34 = sch.split(loop=l5, factors=[v27, v28, v29, v30], preserve_unit_iters=True, disable_predication=False)
v35, v36, v37, v38 = sch.sample_perfect_tile(loop=l6, n=4, max_innermost_factor=64, decision=[7, 8, 1, 1])
l39, l40, l41, l42 = sch.split(loop=l6, factors=[v35, v36, v37, v38], preserve_unit_iters=True, disable_predication=False)
v43, v44, v45, v46 = sch.sample_perfect_tile(loop=l7, n=4, max_innermost_factor=64, decision=[1, 1, 1, 8])
l47, l48, l49, l50 = sch.split(loop=l7, factors=[v43, v44, v45, v46], preserve_unit_iters=True, disable_predication=False)
v51, v52 = sch.sample_perfect_tile(loop=l8, n=2, max_innermost_factor=64, decision=[16, 10])
l53, l54 = sch.split(loop=l8, factors=[v51, v52], preserve_unit_iters=True, disable_predication=False)
v55, v56 = sch.sample_perfect_tile(loop=l9, n=2, max_innermost_factor=64, decision=[1, 1])
l57, l58 = sch.split(loop=l9, factors=[v55, v56], preserve_unit_iters=True, disable_predication=False)
v59, v60 = sch.sample_perfect_tile(loop=l10, n=2, max_innermost_factor=64, decision=[1, 1])
l61, l62 = sch.split(loop=l10, factors=[v59, v60], preserve_unit_iters=True, disable_predication=False)
sch.reorder(l15, l23, l31, l39, l47, l16, l24, l32, l40, l48, l53, l57, l61, l17, l25, l33, l41, l49, l54, l58, l62, l18, l26, l34, l42, l50)
b63, = sch.get_consumers(block=b0)
sch.reverse_compute_at(block=b63, loop=l47, preserve_unit_loops=True, index=-1)
sch.annotate(block_or_loop=b2, ann_key="meta_schedule.parallel", ann_val=96)
sch.annotate(block_or_loop=b2, ann_key="meta_schedule.vectorize", ann_val=64)
v64 = sch.sample_categorical(candidates=[0, 16, 64, 512], probs=[0.25, 0.25, 0.25, 0.25], decision=2)
sch.annotate(block_or_loop=b2, ann_key="meta_schedule.unroll_explicit", ann_val=v64)
2024-05-21 04:19:14 [INFO] [evolutionary_search.cc:713] Generating candidates......
2024-05-21 04:19:14 [INFO] [evolutionary_search.cc:715] Picked top 0 candidate(s) from database
2024-05-21 04:19:15 [INFO] [evolutionary_search.cc:533] Sample-Init-Population summary:
Postproc #0 [meta_schedule.DisallowDynamicLoop(0x1a5d5018)]: 0 failure(s)
Postproc #1 [meta_schedule.RewriteParallelVectorizeUnroll(0xbebe5d8)]: 0 failure(s)
Postproc #2 [meta_schedule.RewriteReductionBlock(0x1bf45c08)]: 0 failure(s)
Postproc #3 [meta_schedule.RewriteLayout(0x21706ef8)]: 0 failure(s)
2024-05-21 04:19:15 [INFO] [evolutionary_search.cc:723] Sampled 512 candidate(s)
2024-05-21 04:19:16 [INFO] [evolutionary_search.cc:621] Evolve iter #0 done. Summary:
Postproc #0 [meta_schedule.DisallowDynamicLoop(0x1a5d5018)]: 0 failure(s)
Postproc #1 [meta_schedule.RewriteParallelVectorizeUnroll(0xbebe5d8)]: 0 failure(s)
Postproc #2 [meta_schedule.RewriteReductionBlock(0x1bf45c08)]: 0 failure(s)
Postproc #3 [meta_schedule.RewriteLayout(0x21706ef8)]: 0 failure(s)
2024-05-21 04:19:17 [INFO] [evolutionary_search.cc:621] Evolve iter #1 done. Summary:
Postproc #0 [meta_schedule.DisallowDynamicLoop(0x1a5d5018)]: 0 failure(s)
Postproc #1 [meta_schedule.RewriteParallelVectorizeUnroll(0xbebe5d8)]: 0 failure(s)
Postproc #2 [meta_schedule.RewriteReductionBlock(0x1bf45c08)]: 0 failure(s)
Postproc #3 [meta_schedule.RewriteLayout(0x21706ef8)]: 0 failure(s)
2024-05-21 04:19:18 [INFO] [evolutionary_search.cc:621] Evolve iter #2 done. Summary:
Postproc #0 [meta_schedule.DisallowDynamicLoop(0x1a5d5018)]: 0 failure(s)
Postproc #1 [meta_schedule.RewriteParallelVectorizeUnroll(0xbebe5d8)]: 0 failure(s)
Postproc #2 [meta_schedule.RewriteReductionBlock(0x1bf45c08)]: 0 failure(s)
Postproc #3 [meta_schedule.RewriteLayout(0x21706ef8)]: 0 failure(s)
2024-05-21 04:19:19 [INFO] [evolutionary_search.cc:621] Evolve iter #3 done. Summary:
Postproc #0 [meta_schedule.DisallowDynamicLoop(0x1a5d5018)]: 0 failure(s)
Postproc #1 [meta_schedule.RewriteParallelVectorizeUnroll(0xbebe5d8)]: 0 failure(s)
Postproc #2 [meta_schedule.RewriteReductionBlock(0x1bf45c08)]: 0 failure(s)
Postproc #3 [meta_schedule.RewriteLayout(0x21706ef8)]: 0 failure(s)
2024-05-21 04:19:19 [INFO] [evolutionary_search.cc:649] Scores of the best 64 candidates:
[1 : 16]:	0.9997  0.9992  0.9984  0.9976  0.9975  0.9974  0.9970  0.9962  0.9954  0.9953  0.9952  0.9951  0.9951  0.9936  0.9936  0.9933
[17 : 32]:	0.9928  0.9928  0.9926  0.9925  0.9924  0.9920  0.9915  0.9912  0.9911  0.9900  0.9886  0.9867  0.9860  0.9860  0.9857  0.9851
[33 : 48]:	0.9850  0.9842  0.9839  0.9834  0.9832  0.9829  0.9822  0.9817  0.9816  0.9812  0.9812  0.9803  0.9800  0.9797  0.9790  0.9787
[49 : 64]:	0.9780  0.9778  0.9773  0.9769  0.9766  0.9757  0.9756  0.9756  0.9746  0.9744  0.9741  0.9740  0.9722  0.9722  0.9719  0.9718
2024-05-21 04:19:19 [INFO] [evolutionary_search.cc:727] Got 64 candidate(s) with evolutionary search
2024-05-21 04:19:19 [INFO] [evolutionary_search.cc:730] Sending 63 candidates(s) for measurement
2024-05-21 04:46:44 [INFO] [task_scheduler.cc:131] [Task #56: fused_nn_contrib_conv2d_NCHWc_add_nn_relu_53] Trial #1: GFLOPs: 7.1267. Time: 18136.5501 us. Best GFLOPs: 7.1267
2024-05-21 04:46:44 [INFO] [task_scheduler.cc:131] [Task #56: fused_nn_contrib_conv2d_NCHWc_add_nn_relu_53] Trial #2: GFLOPs: 11.0551. Time: 11691.7002 us. Best GFLOPs: 11.0551
2024-05-21 04:46:44 [INFO] [task_scheduler.cc:131] [Task #56: fused_nn_contrib_conv2d_NCHWc_add_nn_relu_53] Trial #3: GFLOPs: 40.4961. Time: 3191.7466 us. Best GFLOPs: 40.4961
2024-05-21 04:46:44 [INFO] [task_scheduler.cc:131] [Task #56: fused_nn_contrib_conv2d_NCHWc_add_nn_relu_53] Trial #4: GFLOPs: 59.0667. Time: 2188.2624 us. Best GFLOPs: 59.0667
2024-05-21 04:46:44 [INFO] [task_scheduler.cc:131] [Task #56: fused_nn_contrib_conv2d_NCHWc_add_nn_relu_53] Trial #5: GFLOPs: 53.1561. Time: 2431.5830 us. Best GFLOPs: 59.0667
2024-05-21 04:46:44 [INFO] [task_scheduler.cc:131] [Task #56: fused_nn_contrib_conv2d_NCHWc_add_nn_relu_53] Trial #6: GFLOPs: 18.1633. Time: 7116.1980 us. Best GFLOPs: 59.0667
2024-05-21 04:46:44 [INFO] [task_scheduler.cc:131] [Task #56: fused_nn_contrib_conv2d_NCHWc_add_nn_relu_53] Trial #7: GFLOPs: 19.8178. Time: 6522.0985 us. Best GFLOPs: 59.0667
2024-05-21 04:46:44 [INFO] [task_scheduler.cc:131] [Task #56: fused_nn_contrib_conv2d_NCHWc_add_nn_relu_53] Trial #8: GFLOPs: 25.2635. Time: 5116.2166 us. Best GFLOPs: 59.0667
2024-05-21 04:46:44 [INFO] [task_scheduler.cc:131] [Task #56: fused_nn_contrib_conv2d_NCHWc_add_nn_relu_53] Trial #9: GFLOPs: 59.6581. Time: 2166.5702 us. Best GFLOPs: 59.6581
2024-05-21 04:46:44 [INFO] [task_scheduler.cc:131] [Task #56: fused_nn_contrib_conv2d_NCHWc_add_nn_relu_53] Trial #10: GFLOPs: 19.0172. Time: 6796.6666 us. Best GFLOPs: 59.6581
2024-05-21 04:46:44 [INFO] [task_scheduler.cc:131] [Task #56: fused_nn_contrib_conv2d_NCHWc_add_nn_relu_53] Trial #11: GFLOPs: 12.6743. Time: 10198.0439 us. Best GFLOPs: 59.6581
2024-05-21 04:46:44 [INFO] [task_scheduler.cc:131] [Task #56: fused_nn_contrib_conv2d_NCHWc_add_nn_relu_53] Trial #12: GFLOPs: 56.3914. Time: 2292.0779 us. Best GFLOPs: 59.6581
2024-05-21 04:46:44 [INFO] [task_scheduler.cc:131] [Task #56: fused_nn_contrib_conv2d_NCHWc_add_nn_relu_53] Trial #13: GFLOPs: 13.9972. Time: 9234.2402 us. Best GFLOPs: 59.6581
2024-05-21 04:46:44 [INFO] [task_scheduler.cc:131] [Task #56: fused_nn_contrib_conv2d_NCHWc_add_nn_relu_53] Trial #14: GFLOPs: 18.1311. Time: 7128.8071 us. Best GFLOPs: 59.6581
2024-05-21 04:46:44 [INFO] [task_scheduler.cc:131] [Task #56: fused_nn_contrib_conv2d_NCHWc_add_nn_relu_53] Trial #15: GFLOPs: 86.1505. Time: 1500.3204 us. Best GFLOPs: 86.1505
2024-05-21 04:46:44 [INFO] [task_scheduler.cc:131] [Task #56: fused_nn_contrib_conv2d_NCHWc_add_nn_relu_53] Trial #16: GFLOPs: 9.1177. Time: 14176.0363 us. Best GFLOPs: 86.1505
2024-05-21 04:46:44 [INFO] [task_scheduler.cc:131] [Task #56: fused_nn_contrib_conv2d_NCHWc_add_nn_relu_53] Trial #17: GFLOPs: 36.4818. Time: 3542.9570 us. Best GFLOPs: 86.1505
2024-05-21 04:46:44 [INFO] [task_scheduler.cc:131] [Task #56: fused_nn_contrib_conv2d_NCHWc_add_nn_relu_53] Trial #18: GFLOPs: 79.7642. Time: 1620.4444 us. Best GFLOPs: 86.1505
2024-05-21 04:46:44 [INFO] [task_scheduler.cc:131] [Task #56: fused_nn_contrib_conv2d_NCHWc_add_nn_relu_53] Trial #19: GFLOPs: 35.2806. Time: 3663.5814 us. Best GFLOPs: 86.1505
2024-05-21 04:46:44 [INFO] [task_scheduler.cc:131] [Task #56: fused_nn_contrib_conv2d_NCHWc_add_nn_relu_53] Trial #20: GFLOPs: 16.6451. Time: 7765.2448 us. Best GFLOPs: 86.1505
2024-05-21 04:46:44 [INFO] [task_scheduler.cc:131] [Task #56: fused_nn_contrib_conv2d_NCHWc_add_nn_relu_53] Trial #21: GFLOPs: 30.3845. Time: 4253.9177 us. Best GFLOPs: 86.1505
2024-05-21 04:46:44 [INFO] [task_scheduler.cc:131] [Task #56: fused_nn_contrib_conv2d_NCHWc_add_nn_relu_53] Trial #22: GFLOPs: 19.9901. Time: 6465.8700 us. Best GFLOPs: 86.1505
2024-05-21 04:46:44 [INFO] [task_scheduler.cc:131] [Task #56: fused_nn_contrib_conv2d_NCHWc_add_nn_relu_53] Trial #23: GFLOPs: 48.0843. Time: 2688.0599 us. Best GFLOPs: 86.1505
2024-05-21 04:46:44 [INFO] [task_scheduler.cc:131] [Task #56: fused_nn_contrib_conv2d_NCHWc_add_nn_relu_53] Trial #24: GFLOPs: 69.6084. Time: 1856.8653 us. Best GFLOPs: 86.1505
2024-05-21 04:46:44 [INFO] [task_scheduler.cc:131] [Task #56: fused_nn_contrib_conv2d_NCHWc_add_nn_relu_53] Trial #25: GFLOPs: 13.8573. Time: 9327.4543 us. Best GFLOPs: 86.1505
2024-05-21 04:46:44 [INFO] [task_scheduler.cc:131] [Task #56: fused_nn_contrib_conv2d_NCHWc_add_nn_relu_53] Trial #26: GFLOPs: 24.9062. Time: 5189.6097 us. Best GFLOPs: 86.1505
2024-05-21 04:46:44 [INFO] [task_scheduler.cc:131] [Task #56: fused_nn_contrib_conv2d_NCHWc_add_nn_relu_53] Trial #27: GFLOPs: 8.5129. Time: 15183.3111 us. Best GFLOPs: 86.1505
2024-05-21 04:46:44 [INFO] [task_scheduler.cc:131] [Task #56: fused_nn_contrib_conv2d_NCHWc_add_nn_relu_53] Trial #28: GFLOPs: 10.4182. Time: 12406.4989 us. Best GFLOPs: 86.1505
2024-05-21 04:46:44 [INFO] [task_scheduler.cc:131] [Task #56: fused_nn_contrib_conv2d_NCHWc_add_nn_relu_53] Trial #29: GFLOPs: 20.0225. Time: 6455.4024 us. Best GFLOPs: 86.1505
2024-05-21 04:46:44 [INFO] [task_scheduler.cc:131] [Task #56: fused_nn_contrib_conv2d_NCHWc_add_nn_relu_53] Trial #30: GFLOPs: 19.9066. Time: 6492.9918 us. Best GFLOPs: 86.1505
2024-05-21 04:46:44 [INFO] [task_scheduler.cc:131] [Task #56: fused_nn_contrib_conv2d_NCHWc_add_nn_relu_53] Trial #31: GFLOPs: 18.2342. Time: 7088.5095 us. Best GFLOPs: 86.1505
2024-05-21 04:46:44 [INFO] [task_scheduler.cc:131] [Task #56: fused_nn_contrib_conv2d_NCHWc_add_nn_relu_53] Trial #32: GFLOPs: 20.8094. Time: 6211.2899 us. Best GFLOPs: 86.1505
2024-05-21 04:46:44 [INFO] [task_scheduler.cc:131] [Task #56: fused_nn_contrib_conv2d_NCHWc_add_nn_relu_53] Trial #33: GFLOPs: 36.4410. Time: 3546.9264 us. Best GFLOPs: 86.1505
2024-05-21 04:46:44 [INFO] [task_scheduler.cc:131] [Task #56: fused_nn_contrib_conv2d_NCHWc_add_nn_relu_53] Trial #34: GFLOPs: 10.0469. Time: 12864.9429 us. Best GFLOPs: 86.1505
2024-05-21 04:46:44 [INFO] [task_scheduler.cc:131] [Task #56: fused_nn_contrib_conv2d_NCHWc_add_nn_relu_53] Trial #35: GFLOPs: 18.3563. Time: 7041.3694 us. Best GFLOPs: 86.1505
2024-05-21 04:46:44 [INFO] [task_scheduler.cc:131] [Task #56: fused_nn_contrib_conv2d_NCHWc_add_nn_relu_53] Trial #36: GFLOPs: 19.1535. Time: 6748.3042 us. Best GFLOPs: 86.1505
2024-05-21 04:46:44 [INFO] [task_scheduler.cc:131] [Task #56: fused_nn_contrib_conv2d_NCHWc_add_nn_relu_53] Trial #37: GFLOPs: 15.0709. Time: 8576.3652 us. Best GFLOPs: 86.1505
2024-05-21 04:46:44 [INFO] [task_scheduler.cc:131] [Task #56: fused_nn_contrib_conv2d_NCHWc_add_nn_relu_53] Trial #38: GFLOPs: 62.0318. Time: 2083.6625 us. Best GFLOPs: 86.1505
2024-05-21 04:46:44 [INFO] [task_scheduler.cc:131] [Task #56: fused_nn_contrib_conv2d_NCHWc_add_nn_relu_53] Trial #39: GFLOPs: 59.9716. Time: 2155.2437 us. Best GFLOPs: 86.1505
2024-05-21 04:46:44 [INFO] [task_scheduler.cc:131] [Task #56: fused_nn_contrib_conv2d_NCHWc_add_nn_relu_53] Trial #40: GFLOPs: 36.0140. Time: 3588.9712 us. Best GFLOPs: 86.1505
2024-05-21 04:46:44 [INFO] [task_scheduler.cc:131] [Task #56: fused_nn_contrib_conv2d_NCHWc_add_nn_relu_53] Trial #41: GFLOPs: 28.2429. Time: 4576.4874 us. Best GFLOPs: 86.1505
2024-05-21 04:46:44 [INFO] [task_scheduler.cc:131] [Task #56: fused_nn_contrib_conv2d_NCHWc_add_nn_relu_53] Trial #42: GFLOPs: 46.0425. Time: 2807.2614 us. Best GFLOPs: 86.1505
2024-05-21 04:46:44 [INFO] [task_scheduler.cc:131] [Task #56: fused_nn_contrib_conv2d_NCHWc_add_nn_relu_53] Trial #43: GFLOPs: 83.9481. Time: 1539.6813 us. Best GFLOPs: 86.1505
2024-05-21 04:46:44 [INFO] [task_scheduler.cc:131] [Task #56: fused_nn_contrib_conv2d_NCHWc_add_nn_relu_53] Trial #44: GFLOPs: 285.5290. Time: 452.6804 us. Best GFLOPs: 285.5290
2024-05-21 04:46:44 [INFO] [task_scheduler.cc:131] [Task #56: fused_nn_contrib_conv2d_NCHWc_add_nn_relu_53] Trial #45: GFLOPs: 69.7759. Time: 1852.4076 us. Best GFLOPs: 285.5290
2024-05-21 04:46:44 [INFO] [task_scheduler.cc:131] [Task #56: fused_nn_contrib_conv2d_NCHWc_add_nn_relu_53] Trial #46: GFLOPs: 126.5443. Time: 1021.4082 us. Best GFLOPs: 285.5290
2024-05-21 04:46:44 [INFO] [task_scheduler.cc:131] [Task #56: fused_nn_contrib_conv2d_NCHWc_add_nn_relu_53] Trial #47: GFLOPs: 14.9051. Time: 8671.7536 us. Best GFLOPs: 285.5290
2024-05-21 04:46:44 [INFO] [task_scheduler.cc:131] [Task #56: fused_nn_contrib_conv2d_NCHWc_add_nn_relu_53] Trial #48: GFLOPs: 17.9894. Time: 7184.9917 us. Best GFLOPs: 285.5290
2024-05-21 04:46:44 [INFO] [task_scheduler.cc:131] [Task #56: fused_nn_contrib_conv2d_NCHWc_add_nn_relu_53] Trial #49: GFLOPs: 29.2873. Time: 4413.2908 us. Best GFLOPs: 285.5290
2024-05-21 04:46:44 [INFO] [task_scheduler.cc:131] [Task #56: fused_nn_contrib_conv2d_NCHWc_add_nn_relu_53] Trial #50: GFLOPs: 41.2884. Time: 3130.5002 us. Best GFLOPs: 285.5290
2024-05-21 04:46:44 [INFO] [task_scheduler.cc:131] [Task #56: fused_nn_contrib_conv2d_NCHWc_add_nn_relu_53] Trial #51: GFLOPs: 27.9155. Time: 4630.1647 us. Best GFLOPs: 285.5290
2024-05-21 04:46:44 [INFO] [task_scheduler.cc:131] [Task #56: fused_nn_contrib_conv2d_NCHWc_add_nn_relu_53] Trial #52: GFLOPs: 44.8640. Time: 2881.0019 us. Best GFLOPs: 285.5290
2024-05-21 04:46:44 [INFO] [task_scheduler.cc:131] [Task #56: fused_nn_contrib_conv2d_NCHWc_add_nn_relu_53] Trial #53: GFLOPs: 28.5436. Time: 4528.2724 us. Best GFLOPs: 285.5290
2024-05-21 04:46:44 [INFO] [task_scheduler.cc:131] [Task #56: fused_nn_contrib_conv2d_NCHWc_add_nn_relu_53] Trial #54: GFLOPs: 16.8472. Time: 7672.0808 us. Best GFLOPs: 285.5290
2024-05-21 04:46:44 [INFO] [task_scheduler.cc:131] [Task #56: fused_nn_contrib_conv2d_NCHWc_add_nn_relu_53] Trial #55: GFLOPs: 46.8059. Time: 2761.4767 us. Best GFLOPs: 285.5290
2024-05-21 04:46:44 [INFO] [task_scheduler.cc:131] [Task #56: fused_nn_contrib_conv2d_NCHWc_add_nn_relu_53] Trial #56: GFLOPs: 37.3005. Time: 3465.1917 us. Best GFLOPs: 285.5290
2024-05-21 04:46:44 [INFO] [task_scheduler.cc:131] [Task #56: fused_nn_contrib_conv2d_NCHWc_add_nn_relu_53] Trial #57: GFLOPs: 90.7224. Time: 1424.7133 us. Best GFLOPs: 285.5290
2024-05-21 04:46:44 [INFO] [task_scheduler.cc:131] [Task #56: fused_nn_contrib_conv2d_NCHWc_add_nn_relu_53] Trial #58: GFLOPs: 14.0669. Time: 9188.4989 us. Best GFLOPs: 285.5290
2024-05-21 04:46:44 [INFO] [task_scheduler.cc:131] [Task #56: fused_nn_contrib_conv2d_NCHWc_add_nn_relu_53] Trial #59: GFLOPs: 16.8684. Time: 7662.4770 us. Best GFLOPs: 285.5290
2024-05-21 04:46:44 [INFO] [task_scheduler.cc:131] [Task #56: fused_nn_contrib_conv2d_NCHWc_add_nn_relu_53] Trial #60: GFLOPs: 43.5229. Time: 2969.7799 us. Best GFLOPs: 285.5290
2024-05-21 04:46:44 [INFO] [task_scheduler.cc:131] [Task #56: fused_nn_contrib_conv2d_NCHWc_add_nn_relu_53] Trial #61: GFLOPs: 16.9242. Time: 7637.1995 us. Best GFLOPs: 285.5290
2024-05-21 04:46:44 [INFO] [task_scheduler.cc:131] [Task #56: fused_nn_contrib_conv2d_NCHWc_add_nn_relu_53] Trial #62: GFLOPs: 32.1924. Time: 4015.0319 us. Best GFLOPs: 285.5290
2024-05-21 04:46:44 [INFO] [task_scheduler.cc:131] [Task #56: fused_nn_contrib_conv2d_NCHWc_add_nn_relu_53] Trial #63: GFLOPs: 11.1200. Time: 11623.4878 us. Best GFLOPs: 285.5290
2024-05-21 05:24:07 [INFO] [evolutionary_search.cc:713] Generating candidates......
2024-05-21 05:24:07 [INFO] [evolutionary_search.cc:715] Picked top 63 candidate(s) from database
2024-05-21 05:24:08 [INFO] [evolutionary_search.cc:533] Sample-Init-Population summary:
Postproc #0 [meta_schedule.DisallowDynamicLoop(0x1a5d5018)]: 0 failure(s)
Postproc #1 [meta_schedule.RewriteParallelVectorizeUnroll(0xbebe5d8)]: 0 failure(s)
Postproc #2 [meta_schedule.RewriteReductionBlock(0x1bf45c08)]: 0 failure(s)
Postproc #3 [meta_schedule.RewriteLayout(0x21706ef8)]: 0 failure(s)
2024-05-21 05:24:08 [INFO] [evolutionary_search.cc:723] Sampled 449 candidate(s)
2024-05-21 05:24:10 [INFO] [evolutionary_search.cc:621] Evolve iter #0 done. Summary:
Postproc #0 [meta_schedule.DisallowDynamicLoop(0x1a5d5018)]: 0 failure(s)
Postproc #1 [meta_schedule.RewriteParallelVectorizeUnroll(0xbebe5d8)]: 0 failure(s)
Postproc #2 [meta_schedule.RewriteReductionBlock(0x1bf45c08)]: 0 failure(s)
Postproc #3 [meta_schedule.RewriteLayout(0x21706ef8)]: 0 failure(s)
2024-05-21 05:24:12 [INFO] [evolutionary_search.cc:621] Evolve iter #1 done. Summary:
Postproc #0 [meta_schedule.DisallowDynamicLoop(0x1a5d5018)]: 0 failure(s)
Postproc #1 [meta_schedule.RewriteParallelVectorizeUnroll(0xbebe5d8)]: 0 failure(s)
Postproc #2 [meta_schedule.RewriteReductionBlock(0x1bf45c08)]: 0 failure(s)
Postproc #3 [meta_schedule.RewriteLayout(0x21706ef8)]: 0 failure(s)
2024-05-21 05:24:14 [INFO] [evolutionary_search.cc:621] Evolve iter #2 done. Summary:
Postproc #0 [meta_schedule.DisallowDynamicLoop(0x1a5d5018)]: 0 failure(s)
Postproc #1 [meta_schedule.RewriteParallelVectorizeUnroll(0xbebe5d8)]: 0 failure(s)
Postproc #2 [meta_schedule.RewriteReductionBlock(0x1bf45c08)]: 0 failure(s)
Postproc #3 [meta_schedule.RewriteLayout(0x21706ef8)]: 0 failure(s)
2024-05-21 05:24:16 [INFO] [evolutionary_search.cc:621] Evolve iter #3 done. Summary:
Postproc #0 [meta_schedule.DisallowDynamicLoop(0x1a5d5018)]: 0 failure(s)
Postproc #1 [meta_schedule.RewriteParallelVectorizeUnroll(0xbebe5d8)]: 0 failure(s)
Postproc #2 [meta_schedule.RewriteReductionBlock(0x1bf45c08)]: 0 failure(s)
Postproc #3 [meta_schedule.RewriteLayout(0x21706ef8)]: 0 failure(s)
2024-05-21 05:24:17 [INFO] [evolutionary_search.cc:649] Scores of the best 64 candidates:
[1 : 16]:	0.9148  0.8500  0.8035  0.7843  0.7519  0.7370  0.7259  0.7203  0.7075  0.7053  0.7027  0.7016  0.7006  0.6996  0.6986  0.6958
[17 : 32]:	0.6925  0.6910  0.6902  0.6890  0.6870  0.6861  0.6804  0.6800  0.6762  0.6703  0.6699  0.6694  0.6679  0.6677  0.6641  0.6636
[33 : 48]:	0.6634  0.6632  0.6616  0.6568  0.6558  0.6554  0.6533  0.6531  0.6530  0.6520  0.6516  0.6509  0.6505  0.6496  0.6496  0.6489
[49 : 64]:	0.6485  0.6476  0.6434  0.6428  0.6424  0.6415  0.6402  0.6387  0.6339  0.6311  0.6297  0.6293  0.6288  0.6277  0.6266  0.6259
2024-05-21 05:24:17 [INFO] [evolutionary_search.cc:727] Got 64 candidate(s) with evolutionary search
2024-05-21 05:24:17 [INFO] [evolutionary_search.cc:730] Sending 64 candidates(s) for measurement
2024-05-21 05:25:49 [INFO] [task_scheduler.cc:131] [Task #56: fused_nn_contrib_conv2d_NCHWc_add_nn_relu_53] Trial #64: GFLOPs: 127.1588. Time: 1016.4718 us. Best GFLOPs: 285.5290
2024-05-21 05:25:49 [INFO] [task_scheduler.cc:131] [Task #56: fused_nn_contrib_conv2d_NCHWc_add_nn_relu_53] Trial #65: GFLOPs: 91.5349. Time: 1412.0664 us. Best GFLOPs: 285.5290
2024-05-21 05:25:49 [INFO] [task_scheduler.cc:131] [Task #56: fused_nn_contrib_conv2d_NCHWc_add_nn_relu_53] Trial #66: GFLOPs: 65.8832. Time: 1961.8558 us. Best GFLOPs: 285.5290
2024-05-21 05:25:49 [INFO] [task_scheduler.cc:131] [Task #56: fused_nn_contrib_conv2d_NCHWc_add_nn_relu_53] Trial #67: GFLOPs: 82.7691. Time: 1561.6134 us. Best GFLOPs: 285.5290
2024-05-21 05:25:49 [INFO] [task_scheduler.cc:131] [Task #56: fused_nn_contrib_conv2d_NCHWc_add_nn_relu_53] Trial #68: GFLOPs: 168.6286. Time: 766.4972 us. Best GFLOPs: 285.5290
2024-05-21 05:25:49 [INFO] [task_scheduler.cc:131] [Task #56: fused_nn_contrib_conv2d_NCHWc_add_nn_relu_53] Trial #69: GFLOPs: 134.2423. Time: 962.8368 us. Best GFLOPs: 285.5290
2024-05-21 05:25:49 [INFO] [task_scheduler.cc:131] [Task #56: fused_nn_contrib_conv2d_NCHWc_add_nn_relu_53] Trial #70: GFLOPs: 113.6516. Time: 1137.2776 us. Best GFLOPs: 285.5290
2024-05-21 05:25:49 [INFO] [task_scheduler.cc:131] [Task #56: fused_nn_contrib_conv2d_NCHWc_add_nn_relu_53] Trial #71: GFLOPs: 183.3247. Time: 705.0515 us. Best GFLOPs: 285.5290
2024-05-21 05:25:49 [INFO] [task_scheduler.cc:131] [Task #56: fused_nn_contrib_conv2d_NCHWc_add_nn_relu_53] Trial #72: GFLOPs: 285.8033. Time: 452.2458 us. Best GFLOPs: 285.8033
2024-05-21 05:25:49 [INFO] [task_scheduler.cc:131] [Task #56: fused_nn_contrib_conv2d_NCHWc_add_nn_relu_53] Trial #73: GFLOPs: 245.7973. Time: 525.8535 us. Best GFLOPs: 285.8033
2024-05-21 05:25:49 [INFO] [task_scheduler.cc:131] [Task #56: fused_nn_contrib_conv2d_NCHWc_add_nn_relu_53] Trial #74: GFLOPs: 92.5804. Time: 1396.1199 us. Best GFLOPs: 285.8033
2024-05-21 05:25:49 [INFO] [task_scheduler.cc:131] [Task #56: fused_nn_contrib_conv2d_NCHWc_add_nn_relu_53] Trial #75: GFLOPs: 172.0522. Time: 751.2453 us. Best GFLOPs: 285.8033
2024-05-21 05:25:49 [INFO] [task_scheduler.cc:131] [Task #56: fused_nn_contrib_conv2d_NCHWc_add_nn_relu_53] Trial #76: GFLOPs: 143.9228. Time: 898.0745 us. Best GFLOPs: 285.8033
2024-05-21 05:25:49 [INFO] [task_scheduler.cc:131] [Task #56: fused_nn_contrib_conv2d_NCHWc_add_nn_relu_53] Trial #77: GFLOPs: 307.9708. Time: 419.6937 us. Best GFLOPs: 307.9708
2024-05-21 05:25:49 [INFO] [task_scheduler.cc:131] [Task #56: fused_nn_contrib_conv2d_NCHWc_add_nn_relu_53] Trial #78: GFLOPs: 256.9971. Time: 502.9371 us. Best GFLOPs: 307.9708
2024-05-21 05:25:49 [INFO] [task_scheduler.cc:131] [Task #56: fused_nn_contrib_conv2d_NCHWc_add_nn_relu_53] Trial #79: GFLOPs: 249.0714. Time: 518.9411 us. Best GFLOPs: 307.9708
2024-05-21 05:25:49 [INFO] [task_scheduler.cc:131] [Task #56: fused_nn_contrib_conv2d_NCHWc_add_nn_relu_53] Trial #80: GFLOPs: 71.0401. Time: 1819.4430 us. Best GFLOPs: 307.9708
2024-05-21 05:25:49 [INFO] [task_scheduler.cc:131] [Task #56: fused_nn_contrib_conv2d_NCHWc_add_nn_relu_53] Trial #81: GFLOPs: 188.1866. Time: 686.8364 us. Best GFLOPs: 307.9708
2024-05-21 05:25:49 [INFO] [task_scheduler.cc:131] [Task #56: fused_nn_contrib_conv2d_NCHWc_add_nn_relu_53] Trial #82: GFLOPs: 154.0117. Time: 839.2437 us. Best GFLOPs: 307.9708
2024-05-21 05:25:49 [INFO] [task_scheduler.cc:131] [Task #56: fused_nn_contrib_conv2d_NCHWc_add_nn_relu_53] Trial #83: GFLOPs: 173.0276. Time: 747.0100 us. Best GFLOPs: 307.9708
2024-05-21 05:25:49 [INFO] [task_scheduler.cc:131] [Task #56: fused_nn_contrib_conv2d_NCHWc_add_nn_relu_53] Trial #84: GFLOPs: 171.1263. Time: 755.3100 us. Best GFLOPs: 307.9708
2024-05-21 05:25:49 [INFO] [task_scheduler.cc:131] [Task #56: fused_nn_contrib_conv2d_NCHWc_add_nn_relu_53] Trial #85: GFLOPs: 115.9480. Time: 1114.7525 us. Best GFLOPs: 307.9708
2024-05-21 05:25:49 [INFO] [task_scheduler.cc:131] [Task #56: fused_nn_contrib_conv2d_NCHWc_add_nn_relu_53] Trial #86: GFLOPs: 97.2977. Time: 1328.4315 us. Best GFLOPs: 307.9708
2024-05-21 05:25:49 [INFO] [task_scheduler.cc:131] [Task #56: fused_nn_contrib_conv2d_NCHWc_add_nn_relu_53] Trial #87: GFLOPs: 152.0146. Time: 850.2692 us. Best GFLOPs: 307.9708
2024-05-21 05:25:49 [INFO] [task_scheduler.cc:131] [Task #56: fused_nn_contrib_conv2d_NCHWc_add_nn_relu_53] Trial #88: GFLOPs: 157.5213. Time: 820.5455 us. Best GFLOPs: 307.9708
2024-05-21 05:25:49 [INFO] [task_scheduler.cc:131] [Task #56: fused_nn_contrib_conv2d_NCHWc_add_nn_relu_53] Trial #89: GFLOPs: 186.8755. Time: 691.6552 us. Best GFLOPs: 307.9708
2024-05-21 05:25:49 [INFO] [task_scheduler.cc:131] [Task #56: fused_nn_contrib_conv2d_NCHWc_add_nn_relu_53] Trial #90: GFLOPs: 128.6320. Time: 1004.8306 us. Best GFLOPs: 307.9708
2024-05-21 05:25:49 [INFO] [task_scheduler.cc:131] [Task #56: fused_nn_contrib_conv2d_NCHWc_add_nn_relu_53] Trial #91: GFLOPs: 112.5587. Time: 1148.3198 us. Best GFLOPs: 307.9708
2024-05-21 05:25:49 [INFO] [task_scheduler.cc:131] [Task #56: fused_nn_contrib_conv2d_NCHWc_add_nn_relu_53] Trial #92: GFLOPs: 32.0082. Time: 4038.1387 us. Best GFLOPs: 307.9708
2024-05-21 05:25:49 [INFO] [task_scheduler.cc:131] [Task #56: fused_nn_contrib_conv2d_NCHWc_add_nn_relu_53] Trial #93: GFLOPs: 151.3692. Time: 853.8948 us. Best GFLOPs: 307.9708
2024-05-21 05:25:49 [INFO] [task_scheduler.cc:131] [Task #56: fused_nn_contrib_conv2d_NCHWc_add_nn_relu_53] Trial #94: GFLOPs: 98.4061. Time: 1313.4687 us. Best GFLOPs: 307.9708
2024-05-21 05:25:49 [INFO] [task_scheduler.cc:131] [Task #56: fused_nn_contrib_conv2d_NCHWc_add_nn_relu_53] Trial #95: GFLOPs: 201.5466. Time: 641.3075 us. Best GFLOPs: 307.9708
2024-05-21 05:25:49 [INFO] [task_scheduler.cc:131] [Task #56: fused_nn_contrib_conv2d_NCHWc_add_nn_relu_53] Trial #96: GFLOPs: 158.9780. Time: 813.0266 us. Best GFLOPs: 307.9708
2024-05-21 05:25:49 [INFO] [task_scheduler.cc:131] [Task #56: fused_nn_contrib_conv2d_NCHWc_add_nn_relu_53] Trial #97: GFLOPs: 146.0564. Time: 884.9550 us. Best GFLOPs: 307.9708
2024-05-21 05:25:49 [INFO] [task_scheduler.cc:131] [Task #56: fused_nn_contrib_conv2d_NCHWc_add_nn_relu_53] Trial #98: GFLOPs: 114.3510. Time: 1130.3210 us. Best GFLOPs: 307.9708
2024-05-21 05:25:49 [INFO] [task_scheduler.cc:131] [Task #56: fused_nn_contrib_conv2d_NCHWc_add_nn_relu_53] Trial #99: GFLOPs: 189.5161. Time: 682.0180 us. Best GFLOPs: 307.9708
2024-05-21 05:25:49 [INFO] [task_scheduler.cc:131] [Task #56: fused_nn_contrib_conv2d_NCHWc_add_nn_relu_53] Trial #100: GFLOPs: 109.6277. Time: 1179.0214 us. Best GFLOPs: 307.9708
2024-05-21 05:25:49 [INFO] [task_scheduler.cc:131] [Task #56: fused_nn_contrib_conv2d_NCHWc_add_nn_relu_53] Trial #101: GFLOPs: 133.9777. Time: 964.7380 us. Best GFLOPs: 307.9708
2024-05-21 05:25:49 [INFO] [task_scheduler.cc:131] [Task #56: fused_nn_contrib_conv2d_NCHWc_add_nn_relu_53] Trial #102: GFLOPs: 156.1424. Time: 827.7915 us. Best GFLOPs: 307.9708
2024-05-21 05:25:49 [INFO] [task_scheduler.cc:131] [Task #56: fused_nn_contrib_conv2d_NCHWc_add_nn_relu_53] Trial #103: GFLOPs: 56.6055. Time: 2283.4050 us. Best GFLOPs: 307.9708
2024-05-21 05:25:49 [INFO] [task_scheduler.cc:131] [Task #56: fused_nn_contrib_conv2d_NCHWc_add_nn_relu_53] Trial #104: GFLOPs: 216.7453. Time: 596.3376 us. Best GFLOPs: 307.9708
2024-05-21 05:25:49 [INFO] [task_scheduler.cc:131] [Task #56: fused_nn_contrib_conv2d_NCHWc_add_nn_relu_53] Trial #105: GFLOPs: 98.7486. Time: 1308.9136 us. Best GFLOPs: 307.9708
2024-05-21 05:25:49 [INFO] [task_scheduler.cc:131] [Task #56: fused_nn_contrib_conv2d_NCHWc_add_nn_relu_53] Trial #106: GFLOPs: 102.9791. Time: 1255.1418 us. Best GFLOPs: 307.9708
2024-05-21 05:25:49 [INFO] [task_scheduler.cc:131] [Task #56: fused_nn_contrib_conv2d_NCHWc_add_nn_relu_53] Trial #107: GFLOPs: 134.4983. Time: 961.0035 us. Best GFLOPs: 307.9708
2024-05-21 05:25:49 [INFO] [task_scheduler.cc:131] [Task #56: fused_nn_contrib_conv2d_NCHWc_add_nn_relu_53] Trial #108: GFLOPs: 131.9161. Time: 979.8153 us. Best GFLOPs: 307.9708
2024-05-21 05:25:49 [INFO] [task_scheduler.cc:131] [Task #56: fused_nn_contrib_conv2d_NCHWc_add_nn_relu_53] Trial #109: GFLOPs: 19.7124. Time: 6556.9418 us. Best GFLOPs: 307.9708
2024-05-21 05:25:49 [INFO] [task_scheduler.cc:131] [Task #56: fused_nn_contrib_conv2d_NCHWc_add_nn_relu_53] Trial #110: GFLOPs: 145.0602. Time: 891.0329 us. Best GFLOPs: 307.9708
2024-05-21 05:25:49 [INFO] [task_scheduler.cc:131] [Task #56: fused_nn_contrib_conv2d_NCHWc_add_nn_relu_53] Trial #111: GFLOPs: 211.0049. Time: 612.5611 us. Best GFLOPs: 307.9708
2024-05-21 05:25:49 [INFO] [task_scheduler.cc:131] [Task #56: fused_nn_contrib_conv2d_NCHWc_add_nn_relu_53] Trial #112: GFLOPs: 193.6097. Time: 667.5976 us. Best GFLOPs: 307.9708
2024-05-21 05:25:49 [INFO] [task_scheduler.cc:131] [Task #56: fused_nn_contrib_conv2d_NCHWc_add_nn_relu_53] Trial #113: GFLOPs: 292.3199. Time: 442.1642 us. Best GFLOPs: 307.9708
2024-05-21 05:25:49 [INFO] [task_scheduler.cc:131] [Task #56: fused_nn_contrib_conv2d_NCHWc_add_nn_relu_53] Trial #114: GFLOPs: 167.1513. Time: 773.2716 us. Best GFLOPs: 307.9708
2024-05-21 05:25:49 [INFO] [task_scheduler.cc:131] [Task #56: fused_nn_contrib_conv2d_NCHWc_add_nn_relu_53] Trial #115: GFLOPs: 235.3525. Time: 549.1906 us. Best GFLOPs: 307.9708
2024-05-21 05:25:49 [INFO] [task_scheduler.cc:131] [Task #56: fused_nn_contrib_conv2d_NCHWc_add_nn_relu_53] Trial #116: GFLOPs: 124.7456. Time: 1036.1355 us. Best GFLOPs: 307.9708
2024-05-21 05:25:49 [INFO] [task_scheduler.cc:131] [Task #56: fused_nn_contrib_conv2d_NCHWc_add_nn_relu_53] Trial #117: GFLOPs: 133.2717. Time: 969.8485 us. Best GFLOPs: 307.9708
2024-05-21 05:25:49 [INFO] [task_scheduler.cc:131] [Task #56: fused_nn_contrib_conv2d_NCHWc_add_nn_relu_53] Trial #118: GFLOPs: 107.8498. Time: 1198.4575 us. Best GFLOPs: 307.9708
2024-05-21 05:25:49 [INFO] [task_scheduler.cc:131] [Task #56: fused_nn_contrib_conv2d_NCHWc_add_nn_relu_53] Trial #119: GFLOPs: 171.1217. Time: 755.3301 us. Best GFLOPs: 307.9708
2024-05-21 05:25:49 [INFO] [task_scheduler.cc:131] [Task #56: fused_nn_contrib_conv2d_NCHWc_add_nn_relu_53] Trial #120: GFLOPs: 130.0280. Time: 994.0427 us. Best GFLOPs: 307.9708
2024-05-21 05:25:49 [INFO] [task_scheduler.cc:131] [Task #56: fused_nn_contrib_conv2d_NCHWc_add_nn_relu_53] Trial #121: GFLOPs: 133.3234. Time: 969.4725 us. Best GFLOPs: 307.9708
2024-05-21 05:25:49 [INFO] [task_scheduler.cc:131] [Task #56: fused_nn_contrib_conv2d_NCHWc_add_nn_relu_53] Trial #122: GFLOPs: 162.8715. Time: 793.5912 us. Best GFLOPs: 307.9708
2024-05-21 05:25:49 [INFO] [task_scheduler.cc:131] [Task #56: fused_nn_contrib_conv2d_NCHWc_add_nn_relu_53] Trial #123: GFLOPs: 153.2263. Time: 843.5456 us. Best GFLOPs: 307.9708
2024-05-21 05:25:49 [INFO] [task_scheduler.cc:131] [Task #56: fused_nn_contrib_conv2d_NCHWc_add_nn_relu_53] Trial #124: GFLOPs: 183.2594. Time: 705.3028 us. Best GFLOPs: 307.9708
2024-05-21 05:25:49 [INFO] [task_scheduler.cc:131] [Task #56: fused_nn_contrib_conv2d_NCHWc_add_nn_relu_53] Trial #125: GFLOPs: 34.5530. Time: 3740.7271 us. Best GFLOPs: 307.9708
2024-05-21 05:25:49 [INFO] [task_scheduler.cc:131] [Task #56: fused_nn_contrib_conv2d_NCHWc_add_nn_relu_53] Trial #126: GFLOPs: 7.6721. Time: 16847.1641 us. Best GFLOPs: 307.9708
2024-05-21 05:25:49 [INFO] [task_scheduler.cc:131] [Task #56: fused_nn_contrib_conv2d_NCHWc_add_nn_relu_53] Trial #127: GFLOPs: 20.9645. Time: 6165.3553 us. Best GFLOPs: 307.9708
