2024-05-21 02:46:38 [INFO] [task_scheduler.cc:160] Initializing Task #3: "fused_nn_contrib_conv2d_NCHWc_add_nn_relu_3"
2024-05-21 02:46:38 [INFO] [task_scheduler.cc:35] 
# from tvm.script import ir as I
# from tvm.script import tir as T

@I.ir_module
class Module:
    @T.prim_func
    def main(p0: T.Buffer((T.int64(1), T.int64(112), T.int64(7), T.int64(7), T.int64(8)), "float32"), p1: T.Buffer((T.int64(16), T.int64(112), T.int64(1), T.int64(1), T.int64(8), T.int64(8)), "float32"), p2: T.Buffer((T.int64(1), T.int64(16), T.int64(1), T.int64(1), T.int64(8)), "float32"), T_relu: T.Buffer((T.int64(1), T.int64(16), T.int64(7), T.int64(7), T.int64(8)), "float32")):
        T.func_attr({"tir.noalias": T.bool(True)})
        # with T.block("root"):
        conv2d_NCHWc = T.alloc_buffer((T.int64(1), T.int64(16), T.int64(7), T.int64(7), T.int64(8)))
        T_add = T.alloc_buffer((T.int64(1), T.int64(16), T.int64(7), T.int64(7), T.int64(8)))
        for n, oc_chunk, oh, ow, oc_block, ic, kh, kw in T.grid(T.int64(1), T.int64(16), T.int64(7), T.int64(7), T.int64(8), T.int64(896), T.int64(1), T.int64(1)):
            with T.block("conv2d_NCHWc"):
                v_n, v_oc_chunk, v_oh, v_ow, v_oc_block, v_ic, v_kh, v_kw = T.axis.remap("SSSSSRRR", [n, oc_chunk, oh, ow, oc_block, ic, kh, kw])
                T.reads(p0[v_n, v_ic // T.int64(8), v_oh + v_kh, v_ow + v_kw, v_ic % T.int64(8)], p1[v_oc_chunk, v_ic // T.int64(8), v_kh, v_kw, v_ic % T.int64(8), v_oc_block])
                T.writes(conv2d_NCHWc[v_n, v_oc_chunk, v_oh, v_ow, v_oc_block])
                with T.init():
                    conv2d_NCHWc[v_n, v_oc_chunk, v_oh, v_ow, v_oc_block] = T.float32(0)
                conv2d_NCHWc[v_n, v_oc_chunk, v_oh, v_ow, v_oc_block] = conv2d_NCHWc[v_n, v_oc_chunk, v_oh, v_ow, v_oc_block] + p0[v_n, v_ic // T.int64(8), v_oh + v_kh, v_ow + v_kw, v_ic % T.int64(8)] * p1[v_oc_chunk, v_ic // T.int64(8), v_kh, v_kw, v_ic % T.int64(8), v_oc_block]
        for ax0, ax1, ax2, ax3, ax4 in T.grid(T.int64(1), T.int64(16), T.int64(7), T.int64(7), T.int64(8)):
            with T.block("T_add"):
                v_ax0, v_ax1, v_ax2, v_ax3, v_ax4 = T.axis.remap("SSSSS", [ax0, ax1, ax2, ax3, ax4])
                T.reads(conv2d_NCHWc[v_ax0, v_ax1, v_ax2, v_ax3, v_ax4], p2[v_ax0, v_ax1, T.int64(0), T.int64(0), v_ax4])
                T.writes(T_add[v_ax0, v_ax1, v_ax2, v_ax3, v_ax4])
                T_add[v_ax0, v_ax1, v_ax2, v_ax3, v_ax4] = conv2d_NCHWc[v_ax0, v_ax1, v_ax2, v_ax3, v_ax4] + p2[v_ax0, v_ax1, T.int64(0), T.int64(0), v_ax4]
        for ax0, ax1, ax2, ax3, ax4 in T.grid(T.int64(1), T.int64(16), T.int64(7), T.int64(7), T.int64(8)):
            with T.block("T_relu"):
                v_ax0, v_ax1, v_ax2, v_ax3, v_ax4 = T.axis.remap("SSSSS", [ax0, ax1, ax2, ax3, ax4])
                T.reads(T_add[v_ax0, v_ax1, v_ax2, v_ax3, v_ax4])
                T.writes(T_relu[v_ax0, v_ax1, v_ax2, v_ax3, v_ax4])
                T_relu[v_ax0, v_ax1, v_ax2, v_ax3, v_ax4] = T.max(T_add[v_ax0, v_ax1, v_ax2, v_ax3, v_ax4], T.float32(0))
2024-05-21 02:46:38 [INFO] [task_scheduler.cc:164] Total 3 design space(s) generated
2024-05-21 02:46:38 [INFO] [task_scheduler.cc:170] Design space #0:
# from tvm.script import ir as I
# from tvm.script import tir as T

@I.ir_module
class Module:
    @T.prim_func
    def main(p0: T.Buffer((T.int64(1), T.int64(112), T.int64(7), T.int64(7), T.int64(8)), "float32"), p1: T.Buffer((T.int64(16), T.int64(112), T.int64(1), T.int64(1), T.int64(8), T.int64(8)), "float32"), p2: T.Buffer((T.int64(1), T.int64(16), T.int64(1), T.int64(1), T.int64(8)), "float32"), T_relu: T.Buffer((T.int64(1), T.int64(16), T.int64(7), T.int64(7), T.int64(8)), "float32")):
        T.func_attr({"tir.noalias": T.bool(True)})
        with T.block("root"):
            T.reads()
            T.writes()
            T.block_attr({"meta_schedule.parallel": 96, "meta_schedule.unroll_explicit": 64, "meta_schedule.vectorize": 64})
            conv2d_NCHWc = T.alloc_buffer((T.int64(1), T.int64(16), T.int64(7), T.int64(7), T.int64(8)))
            for n_0, oc_chunk_0, oh_0, ow_0, oc_block_0, n_1, oc_chunk_1, oh_1, ow_1, oc_block_1, ic_0, kh_0, kw_0, n_2, oc_chunk_2, oh_2, ow_2, oc_block_2, ic_1, kh_1, kw_1, n_3, oc_chunk_3, oh_3, ow_3, oc_block_3 in T.grid(T.int64(1), T.int64(1), T.int64(7), T.int64(1), T.int64(4), T.int64(1), T.int64(16), T.int64(1), T.int64(1), T.int64(1), T.int64(112), T.int64(1), T.int64(1), T.int64(1), T.int64(1), T.int64(1), T.int64(7), T.int64(1), T.int64(8), T.int64(1), T.int64(1), T.int64(1), T.int64(1), T.int64(1), T.int64(1), T.int64(2)):
                with T.block("conv2d_NCHWc"):
                    v_n = T.axis.spatial(T.int64(1), n_0 + n_1 + n_2 + n_3)
                    v_oc_chunk = T.axis.spatial(T.int64(16), oc_chunk_0 * T.int64(16) + oc_chunk_1 + oc_chunk_2 + oc_chunk_3)
                    v_oh = T.axis.spatial(T.int64(7), oh_0 + oh_1 + oh_2 + oh_3)
                    v_ow = T.axis.spatial(T.int64(7), ow_0 * T.int64(7) + ow_1 * T.int64(7) + ow_2 + ow_3)
                    v_oc_block = T.axis.spatial(T.int64(8), oc_block_0 * T.int64(2) + oc_block_1 * T.int64(2) + oc_block_2 * T.int64(2) + oc_block_3)
                    v_ic = T.axis.reduce(T.int64(896), ic_0 * T.int64(8) + ic_1)
                    v_kh = T.axis.reduce(T.int64(1), kh_0 + kh_1)
                    v_kw = T.axis.reduce(T.int64(1), kw_0 + kw_1)
                    T.reads(p0[v_n, v_ic // T.int64(8), v_oh + v_kh, v_ow + v_kw, v_ic % T.int64(8)], p1[v_oc_chunk, v_ic // T.int64(8), v_kh, v_kw, v_ic % T.int64(8), v_oc_block])
                    T.writes(conv2d_NCHWc[v_n, v_oc_chunk, v_oh, v_ow, v_oc_block])
                    T.block_attr({"meta_schedule.tiling_structure": "SSRSRS"})
                    with T.init():
                        conv2d_NCHWc[v_n, v_oc_chunk, v_oh, v_ow, v_oc_block] = T.float32(0)
                    conv2d_NCHWc[v_n, v_oc_chunk, v_oh, v_ow, v_oc_block] = conv2d_NCHWc[v_n, v_oc_chunk, v_oh, v_ow, v_oc_block] + p0[v_n, v_ic // T.int64(8), v_oh + v_kh, v_ow + v_kw, v_ic % T.int64(8)] * p1[v_oc_chunk, v_ic // T.int64(8), v_kh, v_kw, v_ic % T.int64(8), v_oc_block]
            for ax0, ax1, ax2, ax3, ax4 in T.grid(T.int64(1), T.int64(16), T.int64(7), T.int64(7), T.int64(8)):
                with T.block("T_relu"):
                    v_ax0, v_ax1, v_ax2, v_ax3, v_ax4 = T.axis.remap("SSSSS", [ax0, ax1, ax2, ax3, ax4])
                    T.reads(conv2d_NCHWc[v_ax0, v_ax1, v_ax2, v_ax3, v_ax4], p2[v_ax0, v_ax1, T.int64(0), T.int64(0), v_ax4])
                    T.writes(T_relu[v_ax0, v_ax1, v_ax2, v_ax3, v_ax4])
                    T_relu[v_ax0, v_ax1, v_ax2, v_ax3, v_ax4] = T.max(conv2d_NCHWc[v_ax0, v_ax1, v_ax2, v_ax3, v_ax4] + p2[v_ax0, v_ax1, T.int64(0), T.int64(0), v_ax4], T.float32(0))
b0 = sch.get_block(name="conv2d_NCHWc", func_name="main")
b1 = sch.get_block(name="T_add", func_name="main")
b2 = sch.get_block(name="root", func_name="main")
sch.compute_inline(block=b1)
sch.annotate(block_or_loop=b0, ann_key="meta_schedule.tiling_structure", ann_val="SSRSRS")
l3, l4, l5, l6, l7, l8, l9, l10 = sch.get_loops(block=b0)
v11, v12, v13, v14 = sch.sample_perfect_tile(loop=l3, n=4, max_innermost_factor=64, decision=[1, 1, 1, 1])
l15, l16, l17, l18 = sch.split(loop=l3, factors=[v11, v12, v13, v14], preserve_unit_iters=True, disable_predication=False)
v19, v20, v21, v22 = sch.sample_perfect_tile(loop=l4, n=4, max_innermost_factor=64, decision=[1, 16, 1, 1])
l23, l24, l25, l26 = sch.split(loop=l4, factors=[v19, v20, v21, v22], preserve_unit_iters=True, disable_predication=False)
v27, v28, v29, v30 = sch.sample_perfect_tile(loop=l5, n=4, max_innermost_factor=64, decision=[7, 1, 1, 1])
l31, l32, l33, l34 = sch.split(loop=l5, factors=[v27, v28, v29, v30], preserve_unit_iters=True, disable_predication=False)
v35, v36, v37, v38 = sch.sample_perfect_tile(loop=l6, n=4, max_innermost_factor=64, decision=[1, 1, 7, 1])
l39, l40, l41, l42 = sch.split(loop=l6, factors=[v35, v36, v37, v38], preserve_unit_iters=True, disable_predication=False)
v43, v44, v45, v46 = sch.sample_perfect_tile(loop=l7, n=4, max_innermost_factor=64, decision=[4, 1, 1, 2])
l47, l48, l49, l50 = sch.split(loop=l7, factors=[v43, v44, v45, v46], preserve_unit_iters=True, disable_predication=False)
v51, v52 = sch.sample_perfect_tile(loop=l8, n=2, max_innermost_factor=64, decision=[112, 8])
l53, l54 = sch.split(loop=l8, factors=[v51, v52], preserve_unit_iters=True, disable_predication=False)
v55, v56 = sch.sample_perfect_tile(loop=l9, n=2, max_innermost_factor=64, decision=[1, 1])
l57, l58 = sch.split(loop=l9, factors=[v55, v56], preserve_unit_iters=True, disable_predication=False)
v59, v60 = sch.sample_perfect_tile(loop=l10, n=2, max_innermost_factor=64, decision=[1, 1])
l61, l62 = sch.split(loop=l10, factors=[v59, v60], preserve_unit_iters=True, disable_predication=False)
sch.reorder(l15, l23, l31, l39, l47, l16, l24, l32, l40, l48, l53, l57, l61, l17, l25, l33, l41, l49, l54, l58, l62, l18, l26, l34, l42, l50)
sch.annotate(block_or_loop=b2, ann_key="meta_schedule.parallel", ann_val=96)
sch.annotate(block_or_loop=b2, ann_key="meta_schedule.vectorize", ann_val=64)
v63 = sch.sample_categorical(candidates=[0, 16, 64, 512], probs=[0.25, 0.25, 0.25, 0.25], decision=2)
sch.annotate(block_or_loop=b2, ann_key="meta_schedule.unroll_explicit", ann_val=v63)
2024-05-21 02:46:38 [INFO] [task_scheduler.cc:170] Design space #1:
# from tvm.script import ir as I
# from tvm.script import tir as T

@I.ir_module
class Module:
    @T.prim_func
    def main(p0: T.Buffer((T.int64(1), T.int64(112), T.int64(7), T.int64(7), T.int64(8)), "float32"), p1: T.Buffer((T.int64(16), T.int64(112), T.int64(1), T.int64(1), T.int64(8), T.int64(8)), "float32"), p2: T.Buffer((T.int64(1), T.int64(16), T.int64(1), T.int64(1), T.int64(8)), "float32"), T_relu: T.Buffer((T.int64(1), T.int64(16), T.int64(7), T.int64(7), T.int64(8)), "float32")):
        T.func_attr({"tir.noalias": T.bool(True)})
        with T.block("root"):
            T.reads()
            T.writes()
            T.block_attr({"meta_schedule.parallel": 96, "meta_schedule.unroll_explicit": 16, "meta_schedule.vectorize": 64})
            conv2d_NCHWc = T.alloc_buffer((T.int64(1), T.int64(16), T.int64(7), T.int64(7), T.int64(8)))
            for n_0, oc_chunk_0, oh_0, ow_0, oc_block_0, n_1, oc_chunk_1, oh_1, ow_1, oc_block_1 in T.grid(T.int64(1), T.int64(1), T.int64(7), T.int64(1), T.int64(4), T.int64(1), T.int64(16), T.int64(1), T.int64(1), T.int64(1)):
                for ic_0, kh_0, kw_0, n_2, oc_chunk_2, oh_2, ow_2, oc_block_2, ic_1, kh_1, kw_1, n_3, oc_chunk_3, oh_3, ow_3, oc_block_3 in T.grid(T.int64(112), T.int64(1), T.int64(1), T.int64(1), T.int64(1), T.int64(1), T.int64(7), T.int64(1), T.int64(8), T.int64(1), T.int64(1), T.int64(1), T.int64(1), T.int64(1), T.int64(1), T.int64(2)):
                    with T.block("conv2d_NCHWc"):
                        v_n = T.axis.spatial(T.int64(1), n_0 + n_1 + n_2 + n_3)
                        v_oc_chunk = T.axis.spatial(T.int64(16), oc_chunk_0 * T.int64(16) + oc_chunk_1 + oc_chunk_2 + oc_chunk_3)
                        v_oh = T.axis.spatial(T.int64(7), oh_0 + oh_1 + oh_2 + oh_3)
                        v_ow = T.axis.spatial(T.int64(7), ow_0 * T.int64(7) + ow_1 * T.int64(7) + ow_2 + ow_3)
                        v_oc_block = T.axis.spatial(T.int64(8), oc_block_0 * T.int64(2) + oc_block_1 * T.int64(2) + oc_block_2 * T.int64(2) + oc_block_3)
                        v_ic = T.axis.reduce(T.int64(896), ic_0 * T.int64(8) + ic_1)
                        v_kh = T.axis.reduce(T.int64(1), kh_0 + kh_1)
                        v_kw = T.axis.reduce(T.int64(1), kw_0 + kw_1)
                        T.reads(p0[v_n, v_ic // T.int64(8), v_oh + v_kh, v_ow + v_kw, v_ic % T.int64(8)], p1[v_oc_chunk, v_ic // T.int64(8), v_kh, v_kw, v_ic % T.int64(8), v_oc_block])
                        T.writes(conv2d_NCHWc[v_n, v_oc_chunk, v_oh, v_ow, v_oc_block])
                        T.block_attr({"meta_schedule.tiling_structure": "SSRSRS"})
                        with T.init():
                            conv2d_NCHWc[v_n, v_oc_chunk, v_oh, v_ow, v_oc_block] = T.float32(0)
                        conv2d_NCHWc[v_n, v_oc_chunk, v_oh, v_ow, v_oc_block] = conv2d_NCHWc[v_n, v_oc_chunk, v_oh, v_ow, v_oc_block] + p0[v_n, v_ic // T.int64(8), v_oh + v_kh, v_ow + v_kw, v_ic % T.int64(8)] * p1[v_oc_chunk, v_ic // T.int64(8), v_kh, v_kw, v_ic % T.int64(8), v_oc_block]
                for ax0, ax1, ax2, ax3, ax4 in T.grid(T.int64(1), T.int64(1), T.int64(1), T.int64(7), T.int64(2)):
                    with T.block("T_relu"):
                        v_ax0 = T.axis.spatial(T.int64(1), ax0)
                        v_ax1 = T.axis.spatial(T.int64(16), oc_chunk_1 + ax1)
                        v_ax2 = T.axis.spatial(T.int64(7), oh_0 + ax2)
                        v_ax3 = T.axis.spatial(T.int64(7), ax3)
                        v_ax4 = T.axis.spatial(T.int64(8), oc_block_0 * T.int64(2) + ax4)
                        T.reads(conv2d_NCHWc[v_ax0, v_ax1, v_ax2, v_ax3, v_ax4], p2[v_ax0, v_ax1, T.int64(0), T.int64(0), v_ax4])
                        T.writes(T_relu[v_ax0, v_ax1, v_ax2, v_ax3, v_ax4])
                        T_relu[v_ax0, v_ax1, v_ax2, v_ax3, v_ax4] = T.max(conv2d_NCHWc[v_ax0, v_ax1, v_ax2, v_ax3, v_ax4] + p2[v_ax0, v_ax1, T.int64(0), T.int64(0), v_ax4], T.float32(0))
b0 = sch.get_block(name="conv2d_NCHWc", func_name="main")
b1 = sch.get_block(name="T_add", func_name="main")
b2 = sch.get_block(name="root", func_name="main")
sch.compute_inline(block=b1)
sch.annotate(block_or_loop=b0, ann_key="meta_schedule.tiling_structure", ann_val="SSRSRS")
l3, l4, l5, l6, l7, l8, l9, l10 = sch.get_loops(block=b0)
v11, v12, v13, v14 = sch.sample_perfect_tile(loop=l3, n=4, max_innermost_factor=64, decision=[1, 1, 1, 1])
l15, l16, l17, l18 = sch.split(loop=l3, factors=[v11, v12, v13, v14], preserve_unit_iters=True, disable_predication=False)
v19, v20, v21, v22 = sch.sample_perfect_tile(loop=l4, n=4, max_innermost_factor=64, decision=[1, 16, 1, 1])
l23, l24, l25, l26 = sch.split(loop=l4, factors=[v19, v20, v21, v22], preserve_unit_iters=True, disable_predication=False)
v27, v28, v29, v30 = sch.sample_perfect_tile(loop=l5, n=4, max_innermost_factor=64, decision=[7, 1, 1, 1])
l31, l32, l33, l34 = sch.split(loop=l5, factors=[v27, v28, v29, v30], preserve_unit_iters=True, disable_predication=False)
v35, v36, v37, v38 = sch.sample_perfect_tile(loop=l6, n=4, max_innermost_factor=64, decision=[1, 1, 7, 1])
l39, l40, l41, l42 = sch.split(loop=l6, factors=[v35, v36, v37, v38], preserve_unit_iters=True, disable_predication=False)
v43, v44, v45, v46 = sch.sample_perfect_tile(loop=l7, n=4, max_innermost_factor=64, decision=[4, 1, 1, 2])
l47, l48, l49, l50 = sch.split(loop=l7, factors=[v43, v44, v45, v46], preserve_unit_iters=True, disable_predication=False)
v51, v52 = sch.sample_perfect_tile(loop=l8, n=2, max_innermost_factor=64, decision=[112, 8])
l53, l54 = sch.split(loop=l8, factors=[v51, v52], preserve_unit_iters=True, disable_predication=False)
v55, v56 = sch.sample_perfect_tile(loop=l9, n=2, max_innermost_factor=64, decision=[1, 1])
l57, l58 = sch.split(loop=l9, factors=[v55, v56], preserve_unit_iters=True, disable_predication=False)
v59, v60 = sch.sample_perfect_tile(loop=l10, n=2, max_innermost_factor=64, decision=[1, 1])
l61, l62 = sch.split(loop=l10, factors=[v59, v60], preserve_unit_iters=True, disable_predication=False)
sch.reorder(l15, l23, l31, l39, l47, l16, l24, l32, l40, l48, l53, l57, l61, l17, l25, l33, l41, l49, l54, l58, l62, l18, l26, l34, l42, l50)
b63, = sch.get_consumers(block=b0)
sch.reverse_compute_at(block=b63, loop=l48, preserve_unit_loops=True, index=-1)
sch.annotate(block_or_loop=b2, ann_key="meta_schedule.parallel", ann_val=96)
sch.annotate(block_or_loop=b2, ann_key="meta_schedule.vectorize", ann_val=64)
v64 = sch.sample_categorical(candidates=[0, 16, 64, 512], probs=[0.25, 0.25, 0.25, 0.25], decision=1)
sch.annotate(block_or_loop=b2, ann_key="meta_schedule.unroll_explicit", ann_val=v64)
2024-05-21 02:46:38 [INFO] [task_scheduler.cc:170] Design space #2:
# from tvm.script import ir as I
# from tvm.script import tir as T

@I.ir_module
class Module:
    @T.prim_func
    def main(p0: T.Buffer((T.int64(1), T.int64(112), T.int64(7), T.int64(7), T.int64(8)), "float32"), p1: T.Buffer((T.int64(16), T.int64(112), T.int64(1), T.int64(1), T.int64(8), T.int64(8)), "float32"), p2: T.Buffer((T.int64(1), T.int64(16), T.int64(1), T.int64(1), T.int64(8)), "float32"), T_relu: T.Buffer((T.int64(1), T.int64(16), T.int64(7), T.int64(7), T.int64(8)), "float32")):
        T.func_attr({"tir.noalias": T.bool(True)})
        with T.block("root"):
            T.reads()
            T.writes()
            T.block_attr({"meta_schedule.parallel": 96, "meta_schedule.unroll_explicit": 64, "meta_schedule.vectorize": 64})
            conv2d_NCHWc = T.alloc_buffer((T.int64(1), T.int64(16), T.int64(7), T.int64(7), T.int64(8)))
            for n_0, oc_chunk_0, oh_0, ow_0, oc_block_0 in T.grid(T.int64(1), T.int64(1), T.int64(7), T.int64(1), T.int64(4)):
                for n_1, oc_chunk_1, oh_1, ow_1, oc_block_1, ic_0, kh_0, kw_0, n_2, oc_chunk_2, oh_2, ow_2, oc_block_2, ic_1, kh_1, kw_1, n_3, oc_chunk_3, oh_3, ow_3, oc_block_3 in T.grid(T.int64(1), T.int64(16), T.int64(1), T.int64(1), T.int64(1), T.int64(112), T.int64(1), T.int64(1), T.int64(1), T.int64(1), T.int64(1), T.int64(7), T.int64(1), T.int64(8), T.int64(1), T.int64(1), T.int64(1), T.int64(1), T.int64(1), T.int64(1), T.int64(2)):
                    with T.block("conv2d_NCHWc"):
                        v_n = T.axis.spatial(T.int64(1), n_0 + n_1 + n_2 + n_3)
                        v_oc_chunk = T.axis.spatial(T.int64(16), oc_chunk_0 * T.int64(16) + oc_chunk_1 + oc_chunk_2 + oc_chunk_3)
                        v_oh = T.axis.spatial(T.int64(7), oh_0 + oh_1 + oh_2 + oh_3)
                        v_ow = T.axis.spatial(T.int64(7), ow_0 * T.int64(7) + ow_1 * T.int64(7) + ow_2 + ow_3)
                        v_oc_block = T.axis.spatial(T.int64(8), oc_block_0 * T.int64(2) + oc_block_1 * T.int64(2) + oc_block_2 * T.int64(2) + oc_block_3)
                        v_ic = T.axis.reduce(T.int64(896), ic_0 * T.int64(8) + ic_1)
                        v_kh = T.axis.reduce(T.int64(1), kh_0 + kh_1)
                        v_kw = T.axis.reduce(T.int64(1), kw_0 + kw_1)
                        T.reads(p0[v_n, v_ic // T.int64(8), v_oh + v_kh, v_ow + v_kw, v_ic % T.int64(8)], p1[v_oc_chunk, v_ic // T.int64(8), v_kh, v_kw, v_ic % T.int64(8), v_oc_block])
                        T.writes(conv2d_NCHWc[v_n, v_oc_chunk, v_oh, v_ow, v_oc_block])
                        T.block_attr({"meta_schedule.tiling_structure": "SSRSRS"})
                        with T.init():
                            conv2d_NCHWc[v_n, v_oc_chunk, v_oh, v_ow, v_oc_block] = T.float32(0)
                        conv2d_NCHWc[v_n, v_oc_chunk, v_oh, v_ow, v_oc_block] = conv2d_NCHWc[v_n, v_oc_chunk, v_oh, v_ow, v_oc_block] + p0[v_n, v_ic // T.int64(8), v_oh + v_kh, v_ow + v_kw, v_ic % T.int64(8)] * p1[v_oc_chunk, v_ic // T.int64(8), v_kh, v_kw, v_ic % T.int64(8), v_oc_block]
                for ax0, ax1, ax2, ax3, ax4 in T.grid(T.int64(1), T.int64(16), T.int64(1), T.int64(7), T.int64(2)):
                    with T.block("T_relu"):
                        v_ax0, v_ax1 = T.axis.remap("SS", [ax0, ax1])
                        v_ax2 = T.axis.spatial(T.int64(7), oh_0 + ax2)
                        v_ax3 = T.axis.spatial(T.int64(7), ax3)
                        v_ax4 = T.axis.spatial(T.int64(8), oc_block_0 * T.int64(2) + ax4)
                        T.reads(conv2d_NCHWc[v_ax0, v_ax1, v_ax2, v_ax3, v_ax4], p2[v_ax0, v_ax1, T.int64(0), T.int64(0), v_ax4])
                        T.writes(T_relu[v_ax0, v_ax1, v_ax2, v_ax3, v_ax4])
                        T_relu[v_ax0, v_ax1, v_ax2, v_ax3, v_ax4] = T.max(conv2d_NCHWc[v_ax0, v_ax1, v_ax2, v_ax3, v_ax4] + p2[v_ax0, v_ax1, T.int64(0), T.int64(0), v_ax4], T.float32(0))
b0 = sch.get_block(name="conv2d_NCHWc", func_name="main")
b1 = sch.get_block(name="T_add", func_name="main")
b2 = sch.get_block(name="root", func_name="main")
sch.compute_inline(block=b1)
sch.annotate(block_or_loop=b0, ann_key="meta_schedule.tiling_structure", ann_val="SSRSRS")
l3, l4, l5, l6, l7, l8, l9, l10 = sch.get_loops(block=b0)
v11, v12, v13, v14 = sch.sample_perfect_tile(loop=l3, n=4, max_innermost_factor=64, decision=[1, 1, 1, 1])
l15, l16, l17, l18 = sch.split(loop=l3, factors=[v11, v12, v13, v14], preserve_unit_iters=True, disable_predication=False)
v19, v20, v21, v22 = sch.sample_perfect_tile(loop=l4, n=4, max_innermost_factor=64, decision=[1, 16, 1, 1])
l23, l24, l25, l26 = sch.split(loop=l4, factors=[v19, v20, v21, v22], preserve_unit_iters=True, disable_predication=False)
v27, v28, v29, v30 = sch.sample_perfect_tile(loop=l5, n=4, max_innermost_factor=64, decision=[7, 1, 1, 1])
l31, l32, l33, l34 = sch.split(loop=l5, factors=[v27, v28, v29, v30], preserve_unit_iters=True, disable_predication=False)
v35, v36, v37, v38 = sch.sample_perfect_tile(loop=l6, n=4, max_innermost_factor=64, decision=[1, 1, 7, 1])
l39, l40, l41, l42 = sch.split(loop=l6, factors=[v35, v36, v37, v38], preserve_unit_iters=True, disable_predication=False)
v43, v44, v45, v46 = sch.sample_perfect_tile(loop=l7, n=4, max_innermost_factor=64, decision=[4, 1, 1, 2])
l47, l48, l49, l50 = sch.split(loop=l7, factors=[v43, v44, v45, v46], preserve_unit_iters=True, disable_predication=False)
v51, v52 = sch.sample_perfect_tile(loop=l8, n=2, max_innermost_factor=64, decision=[112, 8])
l53, l54 = sch.split(loop=l8, factors=[v51, v52], preserve_unit_iters=True, disable_predication=False)
v55, v56 = sch.sample_perfect_tile(loop=l9, n=2, max_innermost_factor=64, decision=[1, 1])
l57, l58 = sch.split(loop=l9, factors=[v55, v56], preserve_unit_iters=True, disable_predication=False)
v59, v60 = sch.sample_perfect_tile(loop=l10, n=2, max_innermost_factor=64, decision=[1, 1])
l61, l62 = sch.split(loop=l10, factors=[v59, v60], preserve_unit_iters=True, disable_predication=False)
sch.reorder(l15, l23, l31, l39, l47, l16, l24, l32, l40, l48, l53, l57, l61, l17, l25, l33, l41, l49, l54, l58, l62, l18, l26, l34, l42, l50)
b63, = sch.get_consumers(block=b0)
sch.reverse_compute_at(block=b63, loop=l47, preserve_unit_loops=True, index=-1)
sch.annotate(block_or_loop=b2, ann_key="meta_schedule.parallel", ann_val=96)
sch.annotate(block_or_loop=b2, ann_key="meta_schedule.vectorize", ann_val=64)
v64 = sch.sample_categorical(candidates=[0, 16, 64, 512], probs=[0.25, 0.25, 0.25, 0.25], decision=2)
sch.annotate(block_or_loop=b2, ann_key="meta_schedule.unroll_explicit", ann_val=v64)
2024-05-21 02:51:50 [INFO] [evolutionary_search.cc:713] Generating candidates......
2024-05-21 02:51:50 [INFO] [evolutionary_search.cc:715] Picked top 0 candidate(s) from database
2024-05-21 02:51:51 [INFO] [evolutionary_search.cc:533] Sample-Init-Population summary:
Postproc #0 [meta_schedule.DisallowDynamicLoop(0x14c1d618)]: 0 failure(s)
Postproc #1 [meta_schedule.RewriteParallelVectorizeUnroll(0x22100f48)]: 0 failure(s)
Postproc #2 [meta_schedule.RewriteReductionBlock(0x1dfa3778)]: 0 failure(s)
Postproc #3 [meta_schedule.RewriteLayout(0xca94158)]: 0 failure(s)
2024-05-21 02:51:51 [INFO] [evolutionary_search.cc:723] Sampled 512 candidate(s)
2024-05-21 02:51:52 [INFO] [evolutionary_search.cc:621] Evolve iter #0 done. Summary:
Postproc #0 [meta_schedule.DisallowDynamicLoop(0x14c1d618)]: 0 failure(s)
Postproc #1 [meta_schedule.RewriteParallelVectorizeUnroll(0x22100f48)]: 0 failure(s)
Postproc #2 [meta_schedule.RewriteReductionBlock(0x1dfa3778)]: 0 failure(s)
Postproc #3 [meta_schedule.RewriteLayout(0xca94158)]: 0 failure(s)
2024-05-21 02:51:53 [INFO] [evolutionary_search.cc:621] Evolve iter #1 done. Summary:
Postproc #0 [meta_schedule.DisallowDynamicLoop(0x14c1d618)]: 0 failure(s)
Postproc #1 [meta_schedule.RewriteParallelVectorizeUnroll(0x22100f48)]: 0 failure(s)
Postproc #2 [meta_schedule.RewriteReductionBlock(0x1dfa3778)]: 0 failure(s)
Postproc #3 [meta_schedule.RewriteLayout(0xca94158)]: 0 failure(s)
2024-05-21 02:51:54 [INFO] [evolutionary_search.cc:621] Evolve iter #2 done. Summary:
Postproc #0 [meta_schedule.DisallowDynamicLoop(0x14c1d618)]: 0 failure(s)
Postproc #1 [meta_schedule.RewriteParallelVectorizeUnroll(0x22100f48)]: 0 failure(s)
Postproc #2 [meta_schedule.RewriteReductionBlock(0x1dfa3778)]: 0 failure(s)
Postproc #3 [meta_schedule.RewriteLayout(0xca94158)]: 0 failure(s)
2024-05-21 02:51:55 [INFO] [evolutionary_search.cc:621] Evolve iter #3 done. Summary:
Postproc #0 [meta_schedule.DisallowDynamicLoop(0x14c1d618)]: 0 failure(s)
Postproc #1 [meta_schedule.RewriteParallelVectorizeUnroll(0x22100f48)]: 0 failure(s)
Postproc #2 [meta_schedule.RewriteReductionBlock(0x1dfa3778)]: 0 failure(s)
Postproc #3 [meta_schedule.RewriteLayout(0xca94158)]: 0 failure(s)
2024-05-21 02:51:55 [INFO] [evolutionary_search.cc:649] Scores of the best 64 candidates:
[1 : 16]:	0.9999  0.9993  0.9990  0.9983  0.9982  0.9977  0.9977  0.9976  0.9973  0.9968  0.9964  0.9958  0.9956  0.9954  0.9947  0.9947
[17 : 32]:	0.9945  0.9943  0.9935  0.9932  0.9917  0.9914  0.9911  0.9904  0.9903  0.9902  0.9899  0.9898  0.9896  0.9885  0.9884  0.9883
[33 : 48]:	0.9881  0.9880  0.9870  0.9859  0.9857  0.9855  0.9847  0.9843  0.9841  0.9834  0.9831  0.9802  0.9795  0.9790  0.9777  0.9776
[49 : 64]:	0.9773  0.9772  0.9766  0.9764  0.9758  0.9749  0.9738  0.9733  0.9732  0.9726  0.9726  0.9725  0.9715  0.9714  0.9709  0.9700
2024-05-21 02:51:55 [INFO] [evolutionary_search.cc:727] Got 64 candidate(s) with evolutionary search
2024-05-21 02:51:55 [INFO] [evolutionary_search.cc:730] Sending 64 candidates(s) for measurement
2024-05-21 04:46:31 [INFO] [task_scheduler.cc:131] [Task #3: fused_nn_contrib_conv2d_NCHWc_add_nn_relu_3] Trial #1: GFLOPs: 18.6651. Time: 602.8336 us. Best GFLOPs: 18.6651
2024-05-21 04:46:31 [INFO] [task_scheduler.cc:131] [Task #3: fused_nn_contrib_conv2d_NCHWc_add_nn_relu_3] Trial #2: GFLOPs: 69.9087. Time: 160.9523 us. Best GFLOPs: 69.9087
2024-05-21 04:46:31 [INFO] [task_scheduler.cc:131] [Task #3: fused_nn_contrib_conv2d_NCHWc_add_nn_relu_3] Trial #3: GFLOPs: 27.3414. Time: 411.5365 us. Best GFLOPs: 69.9087
2024-05-21 04:46:31 [INFO] [task_scheduler.cc:131] [Task #3: fused_nn_contrib_conv2d_NCHWc_add_nn_relu_3] Trial #4: GFLOPs: 44.2237. Time: 254.4329 us. Best GFLOPs: 69.9087
2024-05-21 04:46:31 [INFO] [task_scheduler.cc:131] [Task #3: fused_nn_contrib_conv2d_NCHWc_add_nn_relu_3] Trial #5: GFLOPs: 32.5355. Time: 345.8364 us. Best GFLOPs: 69.9087
2024-05-21 04:46:31 [INFO] [task_scheduler.cc:131] [Task #3: fused_nn_contrib_conv2d_NCHWc_add_nn_relu_3] Trial #6: GFLOPs: 41.4569. Time: 271.4136 us. Best GFLOPs: 69.9087
2024-05-21 04:46:31 [INFO] [task_scheduler.cc:131] [Task #3: fused_nn_contrib_conv2d_NCHWc_add_nn_relu_3] Trial #7: GFLOPs: 31.6789. Time: 355.1886 us. Best GFLOPs: 69.9087
2024-05-21 04:46:31 [INFO] [task_scheduler.cc:131] [Task #3: fused_nn_contrib_conv2d_NCHWc_add_nn_relu_3] Trial #8: GFLOPs: 25.2653. Time: 445.3525 us. Best GFLOPs: 69.9087
2024-05-21 04:46:31 [INFO] [task_scheduler.cc:131] [Task #3: fused_nn_contrib_conv2d_NCHWc_add_nn_relu_3] Trial #9: GFLOPs: 9.3925. Time: 1197.9733 us. Best GFLOPs: 69.9087
2024-05-21 04:46:31 [INFO] [task_scheduler.cc:131] [Task #3: fused_nn_contrib_conv2d_NCHWc_add_nn_relu_3] Trial #10: GFLOPs: 21.5305. Time: 522.6053 us. Best GFLOPs: 69.9087
2024-05-21 04:46:31 [INFO] [task_scheduler.cc:131] [Task #3: fused_nn_contrib_conv2d_NCHWc_add_nn_relu_3] Trial #11: GFLOPs: 55.7660. Time: 201.7710 us. Best GFLOPs: 69.9087
2024-05-21 04:46:31 [INFO] [task_scheduler.cc:131] [Task #3: fused_nn_contrib_conv2d_NCHWc_add_nn_relu_3] Trial #12: GFLOPs: 48.9464. Time: 229.8833 us. Best GFLOPs: 69.9087
2024-05-21 04:46:31 [INFO] [task_scheduler.cc:131] [Task #3: fused_nn_contrib_conv2d_NCHWc_add_nn_relu_3] Trial #13: GFLOPs: 63.0090. Time: 178.5773 us. Best GFLOPs: 69.9087
2024-05-21 04:46:31 [INFO] [task_scheduler.cc:131] [Task #3: fused_nn_contrib_conv2d_NCHWc_add_nn_relu_3] Trial #14: GFLOPs: 21.7960. Time: 516.2389 us. Best GFLOPs: 69.9087
2024-05-21 04:46:31 [INFO] [task_scheduler.cc:131] [Task #3: fused_nn_contrib_conv2d_NCHWc_add_nn_relu_3] Trial #15: GFLOPs: 36.4033. Time: 309.0924 us. Best GFLOPs: 69.9087
2024-05-21 04:46:31 [INFO] [task_scheduler.cc:131] [Task #3: fused_nn_contrib_conv2d_NCHWc_add_nn_relu_3] Trial #16: GFLOPs: 22.4024. Time: 502.2670 us. Best GFLOPs: 69.9087
2024-05-21 04:46:31 [INFO] [task_scheduler.cc:131] [Task #3: fused_nn_contrib_conv2d_NCHWc_add_nn_relu_3] Trial #17: GFLOPs: 11.2648. Time: 998.8643 us. Best GFLOPs: 69.9087
2024-05-21 04:46:31 [INFO] [task_scheduler.cc:131] [Task #3: fused_nn_contrib_conv2d_NCHWc_add_nn_relu_3] Trial #18: GFLOPs: 1.7197. Time: 6542.9664 us. Best GFLOPs: 69.9087
2024-05-21 04:46:31 [INFO] [task_scheduler.cc:131] [Task #3: fused_nn_contrib_conv2d_NCHWc_add_nn_relu_3] Trial #19: GFLOPs: 83.3820. Time: 134.9449 us. Best GFLOPs: 83.3820
2024-05-21 04:46:31 [INFO] [task_scheduler.cc:131] [Task #3: fused_nn_contrib_conv2d_NCHWc_add_nn_relu_3] Trial #20: GFLOPs: 28.3613. Time: 396.7371 us. Best GFLOPs: 83.3820
2024-05-21 04:46:31 [INFO] [task_scheduler.cc:131] [Task #3: fused_nn_contrib_conv2d_NCHWc_add_nn_relu_3] Trial #21: GFLOPs: 83.3479. Time: 135.0000 us. Best GFLOPs: 83.3820
2024-05-21 04:46:31 [INFO] [task_scheduler.cc:131] [Task #3: fused_nn_contrib_conv2d_NCHWc_add_nn_relu_3] Trial #22: GFLOPs: 110.9157. Time: 101.4462 us. Best GFLOPs: 110.9157
2024-05-21 04:46:31 [INFO] [task_scheduler.cc:131] [Task #3: fused_nn_contrib_conv2d_NCHWc_add_nn_relu_3] Trial #23: GFLOPs: 33.9570. Time: 331.3589 us. Best GFLOPs: 110.9157
2024-05-21 04:46:31 [INFO] [task_scheduler.cc:131] [Task #3: fused_nn_contrib_conv2d_NCHWc_add_nn_relu_3] Trial #24: GFLOPs: 21.7138. Time: 518.1950 us. Best GFLOPs: 110.9157
2024-05-21 04:46:31 [INFO] [task_scheduler.cc:131] [Task #3: fused_nn_contrib_conv2d_NCHWc_add_nn_relu_3] Trial #25: GFLOPs: 26.0557. Time: 431.8433 us. Best GFLOPs: 110.9157
2024-05-21 04:46:31 [INFO] [task_scheduler.cc:131] [Task #3: fused_nn_contrib_conv2d_NCHWc_add_nn_relu_3] Trial #26: GFLOPs: 16.1544. Time: 696.5276 us. Best GFLOPs: 110.9157
2024-05-21 04:46:31 [INFO] [task_scheduler.cc:131] [Task #3: fused_nn_contrib_conv2d_NCHWc_add_nn_relu_3] Trial #27: GFLOPs: 4.3051. Time: 2613.6346 us. Best GFLOPs: 110.9157
2024-05-21 04:46:31 [INFO] [task_scheduler.cc:131] [Task #3: fused_nn_contrib_conv2d_NCHWc_add_nn_relu_3] Trial #28: GFLOPs: 51.9234. Time: 216.7033 us. Best GFLOPs: 110.9157
2024-05-21 04:46:31 [INFO] [task_scheduler.cc:131] [Task #3: fused_nn_contrib_conv2d_NCHWc_add_nn_relu_3] Trial #29: GFLOPs: 10.1978. Time: 1103.3700 us. Best GFLOPs: 110.9157
2024-05-21 04:46:31 [INFO] [task_scheduler.cc:131] [Task #3: fused_nn_contrib_conv2d_NCHWc_add_nn_relu_3] Trial #30: GFLOPs: 54.9634. Time: 204.7176 us. Best GFLOPs: 110.9157
2024-05-21 04:46:31 [INFO] [task_scheduler.cc:131] [Task #3: fused_nn_contrib_conv2d_NCHWc_add_nn_relu_3] Trial #31: GFLOPs: 6.4819. Time: 1735.9170 us. Best GFLOPs: 110.9157
2024-05-21 04:46:31 [INFO] [task_scheduler.cc:131] [Task #3: fused_nn_contrib_conv2d_NCHWc_add_nn_relu_3] Trial #32: GFLOPs: 18.3057. Time: 614.6695 us. Best GFLOPs: 110.9157
2024-05-21 04:46:31 [INFO] [task_scheduler.cc:131] [Task #3: fused_nn_contrib_conv2d_NCHWc_add_nn_relu_3] Trial #33: GFLOPs: 107.6979. Time: 104.4771 us. Best GFLOPs: 110.9157
2024-05-21 04:46:31 [INFO] [task_scheduler.cc:131] [Task #3: fused_nn_contrib_conv2d_NCHWc_add_nn_relu_3] Trial #34: GFLOPs: 38.1694. Time: 294.7906 us. Best GFLOPs: 110.9157
2024-05-21 04:46:31 [INFO] [task_scheduler.cc:131] [Task #3: fused_nn_contrib_conv2d_NCHWc_add_nn_relu_3] Trial #35: GFLOPs: 127.5359. Time: 88.2259 us. Best GFLOPs: 127.5359
2024-05-21 04:46:31 [INFO] [task_scheduler.cc:131] [Task #3: fused_nn_contrib_conv2d_NCHWc_add_nn_relu_3] Trial #36: GFLOPs: 13.5852. Time: 828.2496 us. Best GFLOPs: 127.5359
2024-05-21 04:46:31 [INFO] [task_scheduler.cc:131] [Task #3: fused_nn_contrib_conv2d_NCHWc_add_nn_relu_3] Trial #37: GFLOPs: 58.4778. Time: 192.4144 us. Best GFLOPs: 127.5359
2024-05-21 04:46:31 [INFO] [task_scheduler.cc:131] [Task #3: fused_nn_contrib_conv2d_NCHWc_add_nn_relu_3] Trial #38: GFLOPs: 9.2094. Time: 1221.7856 us. Best GFLOPs: 127.5359
2024-05-21 04:46:31 [INFO] [task_scheduler.cc:131] [Task #3: fused_nn_contrib_conv2d_NCHWc_add_nn_relu_3] Trial #39: GFLOPs: 49.3227. Time: 228.1297 us. Best GFLOPs: 127.5359
2024-05-21 04:46:31 [INFO] [task_scheduler.cc:131] [Task #3: fused_nn_contrib_conv2d_NCHWc_add_nn_relu_3] Trial #40: GFLOPs: 0.6993. Time: 16091.0786 us. Best GFLOPs: 127.5359
2024-05-21 04:46:31 [INFO] [task_scheduler.cc:131] [Task #3: fused_nn_contrib_conv2d_NCHWc_add_nn_relu_3] Trial #41: GFLOPs: 52.0540. Time: 216.1595 us. Best GFLOPs: 127.5359
2024-05-21 04:46:31 [INFO] [task_scheduler.cc:131] [Task #3: fused_nn_contrib_conv2d_NCHWc_add_nn_relu_3] Trial #42: GFLOPs: 100.5638. Time: 111.8889 us. Best GFLOPs: 127.5359
2024-05-21 04:46:31 [INFO] [task_scheduler.cc:131] [Task #3: fused_nn_contrib_conv2d_NCHWc_add_nn_relu_3] Trial #43: GFLOPs: 23.9148. Time: 470.5029 us. Best GFLOPs: 127.5359
2024-05-21 04:46:31 [INFO] [task_scheduler.cc:131] [Task #3: fused_nn_contrib_conv2d_NCHWc_add_nn_relu_3] Trial #44: GFLOPs: 11.1174. Time: 1012.1048 us. Best GFLOPs: 127.5359
2024-05-21 04:46:31 [INFO] [task_scheduler.cc:131] [Task #3: fused_nn_contrib_conv2d_NCHWc_add_nn_relu_3] Trial #45: GFLOPs: 35.6967. Time: 315.2099 us. Best GFLOPs: 127.5359
2024-05-21 04:46:31 [INFO] [task_scheduler.cc:131] [Task #3: fused_nn_contrib_conv2d_NCHWc_add_nn_relu_3] Trial #46: GFLOPs: 14.5243. Time: 774.6979 us. Best GFLOPs: 127.5359
2024-05-21 04:46:31 [INFO] [task_scheduler.cc:131] [Task #3: fused_nn_contrib_conv2d_NCHWc_add_nn_relu_3] Trial #47: GFLOPs: 51.8068. Time: 217.1910 us. Best GFLOPs: 127.5359
2024-05-21 04:46:31 [INFO] [task_scheduler.cc:131] [Task #3: fused_nn_contrib_conv2d_NCHWc_add_nn_relu_3] Trial #48: GFLOPs: 39.4440. Time: 285.2646 us. Best GFLOPs: 127.5359
2024-05-21 04:46:31 [INFO] [task_scheduler.cc:131] [Task #3: fused_nn_contrib_conv2d_NCHWc_add_nn_relu_3] Trial #49: GFLOPs: 53.4576. Time: 210.4841 us. Best GFLOPs: 127.5359
2024-05-21 04:46:31 [INFO] [task_scheduler.cc:131] [Task #3: fused_nn_contrib_conv2d_NCHWc_add_nn_relu_3] Trial #50: GFLOPs: 53.8312. Time: 209.0231 us. Best GFLOPs: 127.5359
2024-05-21 04:46:31 [INFO] [task_scheduler.cc:131] [Task #3: fused_nn_contrib_conv2d_NCHWc_add_nn_relu_3] Trial #51: GFLOPs: 86.6143. Time: 129.9089 us. Best GFLOPs: 127.5359
2024-05-21 04:46:31 [INFO] [task_scheduler.cc:131] [Task #3: fused_nn_contrib_conv2d_NCHWc_add_nn_relu_3] Trial #52: GFLOPs: 24.8697. Time: 452.4364 us. Best GFLOPs: 127.5359
2024-05-21 04:46:31 [INFO] [task_scheduler.cc:131] [Task #3: fused_nn_contrib_conv2d_NCHWc_add_nn_relu_3] Trial #53: GFLOPs: 18.1990. Time: 618.2730 us. Best GFLOPs: 127.5359
2024-05-21 04:46:31 [INFO] [task_scheduler.cc:131] [Task #3: fused_nn_contrib_conv2d_NCHWc_add_nn_relu_3] Trial #54: GFLOPs: 27.4744. Time: 409.5431 us. Best GFLOPs: 127.5359
2024-05-21 04:46:31 [INFO] [task_scheduler.cc:131] [Task #3: fused_nn_contrib_conv2d_NCHWc_add_nn_relu_3] Trial #55: GFLOPs: 42.0690. Time: 267.4644 us. Best GFLOPs: 127.5359
2024-05-21 04:46:31 [INFO] [task_scheduler.cc:131] [Task #3: fused_nn_contrib_conv2d_NCHWc_add_nn_relu_3] Trial #56: GFLOPs: 71.7275. Time: 156.8711 us. Best GFLOPs: 127.5359
2024-05-21 04:46:31 [INFO] [task_scheduler.cc:131] [Task #3: fused_nn_contrib_conv2d_NCHWc_add_nn_relu_3] Trial #57: GFLOPs: 21.1096. Time: 533.0273 us. Best GFLOPs: 127.5359
2024-05-21 04:46:31 [INFO] [task_scheduler.cc:131] [Task #3: fused_nn_contrib_conv2d_NCHWc_add_nn_relu_3] Trial #58: GFLOPs: 14.4876. Time: 776.6621 us. Best GFLOPs: 127.5359
2024-05-21 04:46:31 [INFO] [task_scheduler.cc:131] [Task #3: fused_nn_contrib_conv2d_NCHWc_add_nn_relu_3] Trial #59: GFLOPs: 27.9998. Time: 401.8593 us. Best GFLOPs: 127.5359
2024-05-21 04:46:31 [INFO] [task_scheduler.cc:131] [Task #3: fused_nn_contrib_conv2d_NCHWc_add_nn_relu_3] Trial #60: GFLOPs: 80.4029. Time: 139.9449 us. Best GFLOPs: 127.5359
2024-05-21 04:46:31 [INFO] [task_scheduler.cc:131] [Task #3: fused_nn_contrib_conv2d_NCHWc_add_nn_relu_3] Trial #61: GFLOPs: 23.7678. Time: 473.4120 us. Best GFLOPs: 127.5359
2024-05-21 04:46:31 [INFO] [task_scheduler.cc:131] [Task #3: fused_nn_contrib_conv2d_NCHWc_add_nn_relu_3] Trial #62: GFLOPs: 12.4487. Time: 903.8645 us. Best GFLOPs: 127.5359
2024-05-21 04:46:31 [INFO] [task_scheduler.cc:131] [Task #3: fused_nn_contrib_conv2d_NCHWc_add_nn_relu_3] Trial #63: GFLOPs: 39.9066. Time: 281.9578 us. Best GFLOPs: 127.5359
2024-05-21 04:46:31 [INFO] [task_scheduler.cc:131] [Task #3: fused_nn_contrib_conv2d_NCHWc_add_nn_relu_3] Trial #64: GFLOPs: 50.0798. Time: 224.6807 us. Best GFLOPs: 127.5359
