2024-05-21 02:46:38 [INFO] [task_scheduler.cc:160] Initializing Task #23: "fused_nn_contrib_conv2d_NCHWc_add_nn_relu_22"
2024-05-21 02:46:38 [INFO] [task_scheduler.cc:35] 
# from tvm.script import ir as I
# from tvm.script import tir as T

@I.ir_module
class Module:
    @T.prim_func
    def main(p0: T.Buffer((T.int64(1), T.int64(100), T.int64(14), T.int64(14), T.int64(8)), "float32"), p1: T.Buffer((T.int64(16), T.int64(100), T.int64(1), T.int64(1), T.int64(8), T.int64(8)), "float32"), p2: T.Buffer((T.int64(1), T.int64(16), T.int64(1), T.int64(1), T.int64(8)), "float32"), T_relu: T.Buffer((T.int64(1), T.int64(16), T.int64(14), T.int64(14), T.int64(8)), "float32")):
        T.func_attr({"tir.noalias": T.bool(True)})
        # with T.block("root"):
        conv2d_NCHWc = T.alloc_buffer((T.int64(1), T.int64(16), T.int64(14), T.int64(14), T.int64(8)))
        T_add = T.alloc_buffer((T.int64(1), T.int64(16), T.int64(14), T.int64(14), T.int64(8)))
        for n, oc_chunk, oh, ow, oc_block, ic, kh, kw in T.grid(T.int64(1), T.int64(16), T.int64(14), T.int64(14), T.int64(8), T.int64(800), T.int64(1), T.int64(1)):
            with T.block("conv2d_NCHWc"):
                v_n, v_oc_chunk, v_oh, v_ow, v_oc_block, v_ic, v_kh, v_kw = T.axis.remap("SSSSSRRR", [n, oc_chunk, oh, ow, oc_block, ic, kh, kw])
                T.reads(p0[v_n, v_ic // T.int64(8), v_oh + v_kh, v_ow + v_kw, v_ic % T.int64(8)], p1[v_oc_chunk, v_ic // T.int64(8), v_kh, v_kw, v_ic % T.int64(8), v_oc_block])
                T.writes(conv2d_NCHWc[v_n, v_oc_chunk, v_oh, v_ow, v_oc_block])
                with T.init():
                    conv2d_NCHWc[v_n, v_oc_chunk, v_oh, v_ow, v_oc_block] = T.float32(0)
                conv2d_NCHWc[v_n, v_oc_chunk, v_oh, v_ow, v_oc_block] = conv2d_NCHWc[v_n, v_oc_chunk, v_oh, v_ow, v_oc_block] + p0[v_n, v_ic // T.int64(8), v_oh + v_kh, v_ow + v_kw, v_ic % T.int64(8)] * p1[v_oc_chunk, v_ic // T.int64(8), v_kh, v_kw, v_ic % T.int64(8), v_oc_block]
        for ax0, ax1, ax2, ax3, ax4 in T.grid(T.int64(1), T.int64(16), T.int64(14), T.int64(14), T.int64(8)):
            with T.block("T_add"):
                v_ax0, v_ax1, v_ax2, v_ax3, v_ax4 = T.axis.remap("SSSSS", [ax0, ax1, ax2, ax3, ax4])
                T.reads(conv2d_NCHWc[v_ax0, v_ax1, v_ax2, v_ax3, v_ax4], p2[v_ax0, v_ax1, T.int64(0), T.int64(0), v_ax4])
                T.writes(T_add[v_ax0, v_ax1, v_ax2, v_ax3, v_ax4])
                T_add[v_ax0, v_ax1, v_ax2, v_ax3, v_ax4] = conv2d_NCHWc[v_ax0, v_ax1, v_ax2, v_ax3, v_ax4] + p2[v_ax0, v_ax1, T.int64(0), T.int64(0), v_ax4]
        for ax0, ax1, ax2, ax3, ax4 in T.grid(T.int64(1), T.int64(16), T.int64(14), T.int64(14), T.int64(8)):
            with T.block("T_relu"):
                v_ax0, v_ax1, v_ax2, v_ax3, v_ax4 = T.axis.remap("SSSSS", [ax0, ax1, ax2, ax3, ax4])
                T.reads(T_add[v_ax0, v_ax1, v_ax2, v_ax3, v_ax4])
                T.writes(T_relu[v_ax0, v_ax1, v_ax2, v_ax3, v_ax4])
                T_relu[v_ax0, v_ax1, v_ax2, v_ax3, v_ax4] = T.max(T_add[v_ax0, v_ax1, v_ax2, v_ax3, v_ax4], T.float32(0))
2024-05-21 02:46:38 [INFO] [task_scheduler.cc:164] Total 3 design space(s) generated
2024-05-21 02:46:38 [INFO] [task_scheduler.cc:170] Design space #0:
# from tvm.script import ir as I
# from tvm.script import tir as T

@I.ir_module
class Module:
    @T.prim_func
    def main(p0: T.Buffer((T.int64(1), T.int64(100), T.int64(14), T.int64(14), T.int64(8)), "float32"), p1: T.Buffer((T.int64(16), T.int64(100), T.int64(1), T.int64(1), T.int64(8), T.int64(8)), "float32"), p2: T.Buffer((T.int64(1), T.int64(16), T.int64(1), T.int64(1), T.int64(8)), "float32"), T_relu: T.Buffer((T.int64(1), T.int64(16), T.int64(14), T.int64(14), T.int64(8)), "float32")):
        T.func_attr({"tir.noalias": T.bool(True)})
        with T.block("root"):
            T.reads()
            T.writes()
            T.block_attr({"meta_schedule.parallel": 96, "meta_schedule.unroll_explicit": 0, "meta_schedule.vectorize": 64})
            conv2d_NCHWc = T.alloc_buffer((T.int64(1), T.int64(16), T.int64(14), T.int64(14), T.int64(8)))
            for n_0, oc_chunk_0, oh_0, ow_0, oc_block_0, n_1, oc_chunk_1, oh_1, ow_1, oc_block_1, ic_0, kh_0, kw_0, n_2, oc_chunk_2, oh_2, ow_2, oc_block_2, ic_1, kh_1, kw_1, n_3, oc_chunk_3, oh_3, ow_3, oc_block_3 in T.grid(T.int64(1), T.int64(1), T.int64(1), T.int64(1), T.int64(4), T.int64(1), T.int64(2), T.int64(1), T.int64(1), T.int64(2), T.int64(50), T.int64(1), T.int64(1), T.int64(1), T.int64(2), T.int64(2), T.int64(2), T.int64(1), T.int64(16), T.int64(1), T.int64(1), T.int64(1), T.int64(4), T.int64(7), T.int64(7), T.int64(1)):
                with T.block("conv2d_NCHWc"):
                    v_n = T.axis.spatial(T.int64(1), n_0 + n_1 + n_2 + n_3)
                    v_oc_chunk = T.axis.spatial(T.int64(16), oc_chunk_0 * T.int64(16) + oc_chunk_1 * T.int64(8) + oc_chunk_2 * T.int64(4) + oc_chunk_3)
                    v_oh = T.axis.spatial(T.int64(14), oh_0 * T.int64(14) + oh_1 * T.int64(14) + oh_2 * T.int64(7) + oh_3)
                    v_ow = T.axis.spatial(T.int64(14), ow_0 * T.int64(14) + ow_1 * T.int64(14) + ow_2 * T.int64(7) + ow_3)
                    v_oc_block = T.axis.spatial(T.int64(8), oc_block_0 * T.int64(2) + oc_block_1 + oc_block_2 + oc_block_3)
                    v_ic = T.axis.reduce(T.int64(800), ic_0 * T.int64(16) + ic_1)
                    v_kh = T.axis.reduce(T.int64(1), kh_0 + kh_1)
                    v_kw = T.axis.reduce(T.int64(1), kw_0 + kw_1)
                    T.reads(p0[v_n, v_ic // T.int64(8), v_oh + v_kh, v_ow + v_kw, v_ic % T.int64(8)], p1[v_oc_chunk, v_ic // T.int64(8), v_kh, v_kw, v_ic % T.int64(8), v_oc_block])
                    T.writes(conv2d_NCHWc[v_n, v_oc_chunk, v_oh, v_ow, v_oc_block])
                    T.block_attr({"meta_schedule.tiling_structure": "SSRSRS"})
                    with T.init():
                        conv2d_NCHWc[v_n, v_oc_chunk, v_oh, v_ow, v_oc_block] = T.float32(0)
                    conv2d_NCHWc[v_n, v_oc_chunk, v_oh, v_ow, v_oc_block] = conv2d_NCHWc[v_n, v_oc_chunk, v_oh, v_ow, v_oc_block] + p0[v_n, v_ic // T.int64(8), v_oh + v_kh, v_ow + v_kw, v_ic % T.int64(8)] * p1[v_oc_chunk, v_ic // T.int64(8), v_kh, v_kw, v_ic % T.int64(8), v_oc_block]
            for ax0, ax1, ax2, ax3, ax4 in T.grid(T.int64(1), T.int64(16), T.int64(14), T.int64(14), T.int64(8)):
                with T.block("T_relu"):
                    v_ax0, v_ax1, v_ax2, v_ax3, v_ax4 = T.axis.remap("SSSSS", [ax0, ax1, ax2, ax3, ax4])
                    T.reads(conv2d_NCHWc[v_ax0, v_ax1, v_ax2, v_ax3, v_ax4], p2[v_ax0, v_ax1, T.int64(0), T.int64(0), v_ax4])
                    T.writes(T_relu[v_ax0, v_ax1, v_ax2, v_ax3, v_ax4])
                    T_relu[v_ax0, v_ax1, v_ax2, v_ax3, v_ax4] = T.max(conv2d_NCHWc[v_ax0, v_ax1, v_ax2, v_ax3, v_ax4] + p2[v_ax0, v_ax1, T.int64(0), T.int64(0), v_ax4], T.float32(0))
b0 = sch.get_block(name="conv2d_NCHWc", func_name="main")
b1 = sch.get_block(name="T_add", func_name="main")
b2 = sch.get_block(name="root", func_name="main")
sch.compute_inline(block=b1)
sch.annotate(block_or_loop=b0, ann_key="meta_schedule.tiling_structure", ann_val="SSRSRS")
l3, l4, l5, l6, l7, l8, l9, l10 = sch.get_loops(block=b0)
v11, v12, v13, v14 = sch.sample_perfect_tile(loop=l3, n=4, max_innermost_factor=64, decision=[1, 1, 1, 1])
l15, l16, l17, l18 = sch.split(loop=l3, factors=[v11, v12, v13, v14], preserve_unit_iters=True, disable_predication=False)
v19, v20, v21, v22 = sch.sample_perfect_tile(loop=l4, n=4, max_innermost_factor=64, decision=[1, 2, 2, 4])
l23, l24, l25, l26 = sch.split(loop=l4, factors=[v19, v20, v21, v22], preserve_unit_iters=True, disable_predication=False)
v27, v28, v29, v30 = sch.sample_perfect_tile(loop=l5, n=4, max_innermost_factor=64, decision=[1, 1, 2, 7])
l31, l32, l33, l34 = sch.split(loop=l5, factors=[v27, v28, v29, v30], preserve_unit_iters=True, disable_predication=False)
v35, v36, v37, v38 = sch.sample_perfect_tile(loop=l6, n=4, max_innermost_factor=64, decision=[1, 1, 2, 7])
l39, l40, l41, l42 = sch.split(loop=l6, factors=[v35, v36, v37, v38], preserve_unit_iters=True, disable_predication=False)
v43, v44, v45, v46 = sch.sample_perfect_tile(loop=l7, n=4, max_innermost_factor=64, decision=[4, 2, 1, 1])
l47, l48, l49, l50 = sch.split(loop=l7, factors=[v43, v44, v45, v46], preserve_unit_iters=True, disable_predication=False)
v51, v52 = sch.sample_perfect_tile(loop=l8, n=2, max_innermost_factor=64, decision=[50, 16])
l53, l54 = sch.split(loop=l8, factors=[v51, v52], preserve_unit_iters=True, disable_predication=False)
v55, v56 = sch.sample_perfect_tile(loop=l9, n=2, max_innermost_factor=64, decision=[1, 1])
l57, l58 = sch.split(loop=l9, factors=[v55, v56], preserve_unit_iters=True, disable_predication=False)
v59, v60 = sch.sample_perfect_tile(loop=l10, n=2, max_innermost_factor=64, decision=[1, 1])
l61, l62 = sch.split(loop=l10, factors=[v59, v60], preserve_unit_iters=True, disable_predication=False)
sch.reorder(l15, l23, l31, l39, l47, l16, l24, l32, l40, l48, l53, l57, l61, l17, l25, l33, l41, l49, l54, l58, l62, l18, l26, l34, l42, l50)
sch.annotate(block_or_loop=b2, ann_key="meta_schedule.parallel", ann_val=96)
sch.annotate(block_or_loop=b2, ann_key="meta_schedule.vectorize", ann_val=64)
v63 = sch.sample_categorical(candidates=[0, 16, 64, 512], probs=[0.25, 0.25, 0.25, 0.25], decision=0)
sch.annotate(block_or_loop=b2, ann_key="meta_schedule.unroll_explicit", ann_val=v63)
2024-05-21 02:46:38 [INFO] [task_scheduler.cc:170] Design space #1:
# from tvm.script import ir as I
# from tvm.script import tir as T

@I.ir_module
class Module:
    @T.prim_func
    def main(p0: T.Buffer((T.int64(1), T.int64(100), T.int64(14), T.int64(14), T.int64(8)), "float32"), p1: T.Buffer((T.int64(16), T.int64(100), T.int64(1), T.int64(1), T.int64(8), T.int64(8)), "float32"), p2: T.Buffer((T.int64(1), T.int64(16), T.int64(1), T.int64(1), T.int64(8)), "float32"), T_relu: T.Buffer((T.int64(1), T.int64(16), T.int64(14), T.int64(14), T.int64(8)), "float32")):
        T.func_attr({"tir.noalias": T.bool(True)})
        with T.block("root"):
            T.reads()
            T.writes()
            T.block_attr({"meta_schedule.parallel": 96, "meta_schedule.unroll_explicit": 512, "meta_schedule.vectorize": 64})
            conv2d_NCHWc = T.alloc_buffer((T.int64(1), T.int64(16), T.int64(14), T.int64(14), T.int64(8)))
            for n_0, oc_chunk_0, oh_0, ow_0, oc_block_0, n_1, oc_chunk_1, oh_1, ow_1, oc_block_1 in T.grid(T.int64(1), T.int64(1), T.int64(1), T.int64(1), T.int64(4), T.int64(1), T.int64(2), T.int64(1), T.int64(1), T.int64(2)):
                for ic_0, kh_0, kw_0, n_2, oc_chunk_2, oh_2, ow_2, oc_block_2, ic_1, kh_1, kw_1, n_3, oc_chunk_3, oh_3, ow_3, oc_block_3 in T.grid(T.int64(50), T.int64(1), T.int64(1), T.int64(1), T.int64(2), T.int64(2), T.int64(2), T.int64(1), T.int64(16), T.int64(1), T.int64(1), T.int64(1), T.int64(4), T.int64(7), T.int64(7), T.int64(1)):
                    with T.block("conv2d_NCHWc"):
                        v_n = T.axis.spatial(T.int64(1), n_0 + n_1 + n_2 + n_3)
                        v_oc_chunk = T.axis.spatial(T.int64(16), oc_chunk_0 * T.int64(16) + oc_chunk_1 * T.int64(8) + oc_chunk_2 * T.int64(4) + oc_chunk_3)
                        v_oh = T.axis.spatial(T.int64(14), oh_0 * T.int64(14) + oh_1 * T.int64(14) + oh_2 * T.int64(7) + oh_3)
                        v_ow = T.axis.spatial(T.int64(14), ow_0 * T.int64(14) + ow_1 * T.int64(14) + ow_2 * T.int64(7) + ow_3)
                        v_oc_block = T.axis.spatial(T.int64(8), oc_block_0 * T.int64(2) + oc_block_1 + oc_block_2 + oc_block_3)
                        v_ic = T.axis.reduce(T.int64(800), ic_0 * T.int64(16) + ic_1)
                        v_kh = T.axis.reduce(T.int64(1), kh_0 + kh_1)
                        v_kw = T.axis.reduce(T.int64(1), kw_0 + kw_1)
                        T.reads(p0[v_n, v_ic // T.int64(8), v_oh + v_kh, v_ow + v_kw, v_ic % T.int64(8)], p1[v_oc_chunk, v_ic // T.int64(8), v_kh, v_kw, v_ic % T.int64(8), v_oc_block])
                        T.writes(conv2d_NCHWc[v_n, v_oc_chunk, v_oh, v_ow, v_oc_block])
                        T.block_attr({"meta_schedule.tiling_structure": "SSRSRS"})
                        with T.init():
                            conv2d_NCHWc[v_n, v_oc_chunk, v_oh, v_ow, v_oc_block] = T.float32(0)
                        conv2d_NCHWc[v_n, v_oc_chunk, v_oh, v_ow, v_oc_block] = conv2d_NCHWc[v_n, v_oc_chunk, v_oh, v_ow, v_oc_block] + p0[v_n, v_ic // T.int64(8), v_oh + v_kh, v_ow + v_kw, v_ic % T.int64(8)] * p1[v_oc_chunk, v_ic // T.int64(8), v_kh, v_kw, v_ic % T.int64(8), v_oc_block]
                for ax0, ax1, ax2, ax3, ax4 in T.grid(T.int64(1), T.int64(8), T.int64(14), T.int64(14), T.int64(1)):
                    with T.block("T_relu"):
                        v_ax0 = T.axis.spatial(T.int64(1), ax0)
                        v_ax1 = T.axis.spatial(T.int64(16), oc_chunk_1 * T.int64(8) + ax1)
                        v_ax2, v_ax3 = T.axis.remap("SS", [ax2, ax3])
                        v_ax4 = T.axis.spatial(T.int64(8), oc_block_0 * T.int64(2) + oc_block_1 + ax4)
                        T.reads(conv2d_NCHWc[v_ax0, v_ax1, v_ax2, v_ax3, v_ax4], p2[v_ax0, v_ax1, T.int64(0), T.int64(0), v_ax4])
                        T.writes(T_relu[v_ax0, v_ax1, v_ax2, v_ax3, v_ax4])
                        T_relu[v_ax0, v_ax1, v_ax2, v_ax3, v_ax4] = T.max(conv2d_NCHWc[v_ax0, v_ax1, v_ax2, v_ax3, v_ax4] + p2[v_ax0, v_ax1, T.int64(0), T.int64(0), v_ax4], T.float32(0))
b0 = sch.get_block(name="conv2d_NCHWc", func_name="main")
b1 = sch.get_block(name="T_add", func_name="main")
b2 = sch.get_block(name="root", func_name="main")
sch.compute_inline(block=b1)
sch.annotate(block_or_loop=b0, ann_key="meta_schedule.tiling_structure", ann_val="SSRSRS")
l3, l4, l5, l6, l7, l8, l9, l10 = sch.get_loops(block=b0)
v11, v12, v13, v14 = sch.sample_perfect_tile(loop=l3, n=4, max_innermost_factor=64, decision=[1, 1, 1, 1])
l15, l16, l17, l18 = sch.split(loop=l3, factors=[v11, v12, v13, v14], preserve_unit_iters=True, disable_predication=False)
v19, v20, v21, v22 = sch.sample_perfect_tile(loop=l4, n=4, max_innermost_factor=64, decision=[1, 2, 2, 4])
l23, l24, l25, l26 = sch.split(loop=l4, factors=[v19, v20, v21, v22], preserve_unit_iters=True, disable_predication=False)
v27, v28, v29, v30 = sch.sample_perfect_tile(loop=l5, n=4, max_innermost_factor=64, decision=[1, 1, 2, 7])
l31, l32, l33, l34 = sch.split(loop=l5, factors=[v27, v28, v29, v30], preserve_unit_iters=True, disable_predication=False)
v35, v36, v37, v38 = sch.sample_perfect_tile(loop=l6, n=4, max_innermost_factor=64, decision=[1, 1, 2, 7])
l39, l40, l41, l42 = sch.split(loop=l6, factors=[v35, v36, v37, v38], preserve_unit_iters=True, disable_predication=False)
v43, v44, v45, v46 = sch.sample_perfect_tile(loop=l7, n=4, max_innermost_factor=64, decision=[4, 2, 1, 1])
l47, l48, l49, l50 = sch.split(loop=l7, factors=[v43, v44, v45, v46], preserve_unit_iters=True, disable_predication=False)
v51, v52 = sch.sample_perfect_tile(loop=l8, n=2, max_innermost_factor=64, decision=[50, 16])
l53, l54 = sch.split(loop=l8, factors=[v51, v52], preserve_unit_iters=True, disable_predication=False)
v55, v56 = sch.sample_perfect_tile(loop=l9, n=2, max_innermost_factor=64, decision=[1, 1])
l57, l58 = sch.split(loop=l9, factors=[v55, v56], preserve_unit_iters=True, disable_predication=False)
v59, v60 = sch.sample_perfect_tile(loop=l10, n=2, max_innermost_factor=64, decision=[1, 1])
l61, l62 = sch.split(loop=l10, factors=[v59, v60], preserve_unit_iters=True, disable_predication=False)
sch.reorder(l15, l23, l31, l39, l47, l16, l24, l32, l40, l48, l53, l57, l61, l17, l25, l33, l41, l49, l54, l58, l62, l18, l26, l34, l42, l50)
b63, = sch.get_consumers(block=b0)
sch.reverse_compute_at(block=b63, loop=l48, preserve_unit_loops=True, index=-1)
sch.annotate(block_or_loop=b2, ann_key="meta_schedule.parallel", ann_val=96)
sch.annotate(block_or_loop=b2, ann_key="meta_schedule.vectorize", ann_val=64)
v64 = sch.sample_categorical(candidates=[0, 16, 64, 512], probs=[0.25, 0.25, 0.25, 0.25], decision=3)
sch.annotate(block_or_loop=b2, ann_key="meta_schedule.unroll_explicit", ann_val=v64)
2024-05-21 02:46:38 [INFO] [task_scheduler.cc:170] Design space #2:
# from tvm.script import ir as I
# from tvm.script import tir as T

@I.ir_module
class Module:
    @T.prim_func
    def main(p0: T.Buffer((T.int64(1), T.int64(100), T.int64(14), T.int64(14), T.int64(8)), "float32"), p1: T.Buffer((T.int64(16), T.int64(100), T.int64(1), T.int64(1), T.int64(8), T.int64(8)), "float32"), p2: T.Buffer((T.int64(1), T.int64(16), T.int64(1), T.int64(1), T.int64(8)), "float32"), T_relu: T.Buffer((T.int64(1), T.int64(16), T.int64(14), T.int64(14), T.int64(8)), "float32")):
        T.func_attr({"tir.noalias": T.bool(True)})
        with T.block("root"):
            T.reads()
            T.writes()
            T.block_attr({"meta_schedule.parallel": 96, "meta_schedule.unroll_explicit": 64, "meta_schedule.vectorize": 64})
            conv2d_NCHWc = T.alloc_buffer((T.int64(1), T.int64(16), T.int64(14), T.int64(14), T.int64(8)))
            for n_0, oc_chunk_0, oh_0, ow_0, oc_block_0 in T.grid(T.int64(1), T.int64(1), T.int64(1), T.int64(1), T.int64(4)):
                for n_1, oc_chunk_1, oh_1, ow_1, oc_block_1, ic_0, kh_0, kw_0, n_2, oc_chunk_2, oh_2, ow_2, oc_block_2, ic_1, kh_1, kw_1, n_3, oc_chunk_3, oh_3, ow_3, oc_block_3 in T.grid(T.int64(1), T.int64(2), T.int64(1), T.int64(1), T.int64(2), T.int64(50), T.int64(1), T.int64(1), T.int64(1), T.int64(2), T.int64(2), T.int64(2), T.int64(1), T.int64(16), T.int64(1), T.int64(1), T.int64(1), T.int64(4), T.int64(7), T.int64(7), T.int64(1)):
                    with T.block("conv2d_NCHWc"):
                        v_n = T.axis.spatial(T.int64(1), n_0 + n_1 + n_2 + n_3)
                        v_oc_chunk = T.axis.spatial(T.int64(16), oc_chunk_0 * T.int64(16) + oc_chunk_1 * T.int64(8) + oc_chunk_2 * T.int64(4) + oc_chunk_3)
                        v_oh = T.axis.spatial(T.int64(14), oh_0 * T.int64(14) + oh_1 * T.int64(14) + oh_2 * T.int64(7) + oh_3)
                        v_ow = T.axis.spatial(T.int64(14), ow_0 * T.int64(14) + ow_1 * T.int64(14) + ow_2 * T.int64(7) + ow_3)
                        v_oc_block = T.axis.spatial(T.int64(8), oc_block_0 * T.int64(2) + oc_block_1 + oc_block_2 + oc_block_3)
                        v_ic = T.axis.reduce(T.int64(800), ic_0 * T.int64(16) + ic_1)
                        v_kh = T.axis.reduce(T.int64(1), kh_0 + kh_1)
                        v_kw = T.axis.reduce(T.int64(1), kw_0 + kw_1)
                        T.reads(p0[v_n, v_ic // T.int64(8), v_oh + v_kh, v_ow + v_kw, v_ic % T.int64(8)], p1[v_oc_chunk, v_ic // T.int64(8), v_kh, v_kw, v_ic % T.int64(8), v_oc_block])
                        T.writes(conv2d_NCHWc[v_n, v_oc_chunk, v_oh, v_ow, v_oc_block])
                        T.block_attr({"meta_schedule.tiling_structure": "SSRSRS"})
                        with T.init():
                            conv2d_NCHWc[v_n, v_oc_chunk, v_oh, v_ow, v_oc_block] = T.float32(0)
                        conv2d_NCHWc[v_n, v_oc_chunk, v_oh, v_ow, v_oc_block] = conv2d_NCHWc[v_n, v_oc_chunk, v_oh, v_ow, v_oc_block] + p0[v_n, v_ic // T.int64(8), v_oh + v_kh, v_ow + v_kw, v_ic % T.int64(8)] * p1[v_oc_chunk, v_ic // T.int64(8), v_kh, v_kw, v_ic % T.int64(8), v_oc_block]
                for ax0, ax1, ax2, ax3, ax4 in T.grid(T.int64(1), T.int64(16), T.int64(14), T.int64(14), T.int64(2)):
                    with T.block("T_relu"):
                        v_ax0, v_ax1, v_ax2, v_ax3 = T.axis.remap("SSSS", [ax0, ax1, ax2, ax3])
                        v_ax4 = T.axis.spatial(T.int64(8), oc_block_0 * T.int64(2) + ax4)
                        T.reads(conv2d_NCHWc[v_ax0, v_ax1, v_ax2, v_ax3, v_ax4], p2[v_ax0, v_ax1, T.int64(0), T.int64(0), v_ax4])
                        T.writes(T_relu[v_ax0, v_ax1, v_ax2, v_ax3, v_ax4])
                        T_relu[v_ax0, v_ax1, v_ax2, v_ax3, v_ax4] = T.max(conv2d_NCHWc[v_ax0, v_ax1, v_ax2, v_ax3, v_ax4] + p2[v_ax0, v_ax1, T.int64(0), T.int64(0), v_ax4], T.float32(0))
b0 = sch.get_block(name="conv2d_NCHWc", func_name="main")
b1 = sch.get_block(name="T_add", func_name="main")
b2 = sch.get_block(name="root", func_name="main")
sch.compute_inline(block=b1)
sch.annotate(block_or_loop=b0, ann_key="meta_schedule.tiling_structure", ann_val="SSRSRS")
l3, l4, l5, l6, l7, l8, l9, l10 = sch.get_loops(block=b0)
v11, v12, v13, v14 = sch.sample_perfect_tile(loop=l3, n=4, max_innermost_factor=64, decision=[1, 1, 1, 1])
l15, l16, l17, l18 = sch.split(loop=l3, factors=[v11, v12, v13, v14], preserve_unit_iters=True, disable_predication=False)
v19, v20, v21, v22 = sch.sample_perfect_tile(loop=l4, n=4, max_innermost_factor=64, decision=[1, 2, 2, 4])
l23, l24, l25, l26 = sch.split(loop=l4, factors=[v19, v20, v21, v22], preserve_unit_iters=True, disable_predication=False)
v27, v28, v29, v30 = sch.sample_perfect_tile(loop=l5, n=4, max_innermost_factor=64, decision=[1, 1, 2, 7])
l31, l32, l33, l34 = sch.split(loop=l5, factors=[v27, v28, v29, v30], preserve_unit_iters=True, disable_predication=False)
v35, v36, v37, v38 = sch.sample_perfect_tile(loop=l6, n=4, max_innermost_factor=64, decision=[1, 1, 2, 7])
l39, l40, l41, l42 = sch.split(loop=l6, factors=[v35, v36, v37, v38], preserve_unit_iters=True, disable_predication=False)
v43, v44, v45, v46 = sch.sample_perfect_tile(loop=l7, n=4, max_innermost_factor=64, decision=[4, 2, 1, 1])
l47, l48, l49, l50 = sch.split(loop=l7, factors=[v43, v44, v45, v46], preserve_unit_iters=True, disable_predication=False)
v51, v52 = sch.sample_perfect_tile(loop=l8, n=2, max_innermost_factor=64, decision=[50, 16])
l53, l54 = sch.split(loop=l8, factors=[v51, v52], preserve_unit_iters=True, disable_predication=False)
v55, v56 = sch.sample_perfect_tile(loop=l9, n=2, max_innermost_factor=64, decision=[1, 1])
l57, l58 = sch.split(loop=l9, factors=[v55, v56], preserve_unit_iters=True, disable_predication=False)
v59, v60 = sch.sample_perfect_tile(loop=l10, n=2, max_innermost_factor=64, decision=[1, 1])
l61, l62 = sch.split(loop=l10, factors=[v59, v60], preserve_unit_iters=True, disable_predication=False)
sch.reorder(l15, l23, l31, l39, l47, l16, l24, l32, l40, l48, l53, l57, l61, l17, l25, l33, l41, l49, l54, l58, l62, l18, l26, l34, l42, l50)
b63, = sch.get_consumers(block=b0)
sch.reverse_compute_at(block=b63, loop=l47, preserve_unit_loops=True, index=-1)
sch.annotate(block_or_loop=b2, ann_key="meta_schedule.parallel", ann_val=96)
sch.annotate(block_or_loop=b2, ann_key="meta_schedule.vectorize", ann_val=64)
v64 = sch.sample_categorical(candidates=[0, 16, 64, 512], probs=[0.25, 0.25, 0.25, 0.25], decision=2)
sch.annotate(block_or_loop=b2, ann_key="meta_schedule.unroll_explicit", ann_val=v64)
2024-05-21 03:24:46 [INFO] [evolutionary_search.cc:713] Generating candidates......
2024-05-21 03:24:46 [INFO] [evolutionary_search.cc:715] Picked top 0 candidate(s) from database
2024-05-21 03:24:47 [INFO] [evolutionary_search.cc:533] Sample-Init-Population summary:
Postproc #0 [meta_schedule.DisallowDynamicLoop(0x17fc0378)]: 0 failure(s)
Postproc #1 [meta_schedule.RewriteParallelVectorizeUnroll(0x14ca8f68)]: 0 failure(s)
Postproc #2 [meta_schedule.RewriteReductionBlock(0x17b45838)]: 0 failure(s)
Postproc #3 [meta_schedule.RewriteLayout(0x1b5cfce8)]: 0 failure(s)
2024-05-21 03:24:47 [INFO] [evolutionary_search.cc:723] Sampled 512 candidate(s)
2024-05-21 03:24:48 [INFO] [evolutionary_search.cc:621] Evolve iter #0 done. Summary:
Postproc #0 [meta_schedule.DisallowDynamicLoop(0x17fc0378)]: 0 failure(s)
Postproc #1 [meta_schedule.RewriteParallelVectorizeUnroll(0x14ca8f68)]: 0 failure(s)
Postproc #2 [meta_schedule.RewriteReductionBlock(0x17b45838)]: 0 failure(s)
Postproc #3 [meta_schedule.RewriteLayout(0x1b5cfce8)]: 0 failure(s)
2024-05-21 03:24:49 [INFO] [evolutionary_search.cc:621] Evolve iter #1 done. Summary:
Postproc #0 [meta_schedule.DisallowDynamicLoop(0x17fc0378)]: 0 failure(s)
Postproc #1 [meta_schedule.RewriteParallelVectorizeUnroll(0x14ca8f68)]: 0 failure(s)
Postproc #2 [meta_schedule.RewriteReductionBlock(0x17b45838)]: 0 failure(s)
Postproc #3 [meta_schedule.RewriteLayout(0x1b5cfce8)]: 0 failure(s)
2024-05-21 03:24:50 [INFO] [evolutionary_search.cc:621] Evolve iter #2 done. Summary:
Postproc #0 [meta_schedule.DisallowDynamicLoop(0x17fc0378)]: 0 failure(s)
Postproc #1 [meta_schedule.RewriteParallelVectorizeUnroll(0x14ca8f68)]: 0 failure(s)
Postproc #2 [meta_schedule.RewriteReductionBlock(0x17b45838)]: 0 failure(s)
Postproc #3 [meta_schedule.RewriteLayout(0x1b5cfce8)]: 0 failure(s)
2024-05-21 03:24:51 [INFO] [evolutionary_search.cc:621] Evolve iter #3 done. Summary:
Postproc #0 [meta_schedule.DisallowDynamicLoop(0x17fc0378)]: 0 failure(s)
Postproc #1 [meta_schedule.RewriteParallelVectorizeUnroll(0x14ca8f68)]: 0 failure(s)
Postproc #2 [meta_schedule.RewriteReductionBlock(0x17b45838)]: 0 failure(s)
Postproc #3 [meta_schedule.RewriteLayout(0x1b5cfce8)]: 0 failure(s)
2024-05-21 03:24:51 [INFO] [evolutionary_search.cc:649] Scores of the best 64 candidates:
[1 : 16]:	0.9988  0.9987  0.9981  0.9969  0.9969  0.9965  0.9962  0.9962  0.9958  0.9956  0.9948  0.9947  0.9930  0.9929  0.9929  0.9927
[17 : 32]:	0.9914  0.9912  0.9911  0.9910  0.9905  0.9903  0.9898  0.9895  0.9894  0.9893  0.9887  0.9885  0.9883  0.9880  0.9874  0.9874
[33 : 48]:	0.9869  0.9866  0.9864  0.9863  0.9860  0.9848  0.9848  0.9847  0.9844  0.9842  0.9837  0.9834  0.9833  0.9830  0.9830  0.9823
[49 : 64]:	0.9820  0.9819  0.9818  0.9816  0.9815  0.9805  0.9800  0.9792  0.9790  0.9787  0.9777  0.9775  0.9774  0.9773  0.9773  0.9771
2024-05-21 03:24:51 [INFO] [evolutionary_search.cc:727] Got 64 candidate(s) with evolutionary search
2024-05-21 03:24:51 [INFO] [evolutionary_search.cc:730] Sending 64 candidates(s) for measurement
2024-05-21 04:46:36 [INFO] [task_scheduler.cc:131] [Task #23: fused_nn_contrib_conv2d_NCHWc_add_nn_relu_22] Trial #1: GFLOPs: 26.5894. Time: 1511.5422 us. Best GFLOPs: 26.5894
2024-05-21 04:46:36 [INFO] [task_scheduler.cc:131] [Task #23: fused_nn_contrib_conv2d_NCHWc_add_nn_relu_22] Trial #2: GFLOPs: 32.1574. Time: 1249.8199 us. Best GFLOPs: 32.1574
2024-05-21 04:46:36 [INFO] [task_scheduler.cc:131] [Task #23: fused_nn_contrib_conv2d_NCHWc_add_nn_relu_22] Trial #3: GFLOPs: 26.2781. Time: 1529.4486 us. Best GFLOPs: 32.1574
2024-05-21 04:46:36 [INFO] [task_scheduler.cc:131] [Task #23: fused_nn_contrib_conv2d_NCHWc_add_nn_relu_22] Trial #4: GFLOPs: 41.4621. Time: 969.3421 us. Best GFLOPs: 41.4621
2024-05-21 04:46:36 [INFO] [task_scheduler.cc:131] [Task #23: fused_nn_contrib_conv2d_NCHWc_add_nn_relu_22] Trial #5: GFLOPs: 18.8159. Time: 2136.0153 us. Best GFLOPs: 41.4621
2024-05-21 04:46:36 [INFO] [task_scheduler.cc:131] [Task #23: fused_nn_contrib_conv2d_NCHWc_add_nn_relu_22] Trial #6: GFLOPs: 60.9379. Time: 659.5404 us. Best GFLOPs: 60.9379
2024-05-21 04:46:36 [INFO] [task_scheduler.cc:131] [Task #23: fused_nn_contrib_conv2d_NCHWc_add_nn_relu_22] Trial #7: GFLOPs: 90.2363. Time: 445.3970 us. Best GFLOPs: 90.2363
2024-05-21 04:46:36 [INFO] [task_scheduler.cc:131] [Task #23: fused_nn_contrib_conv2d_NCHWc_add_nn_relu_22] Trial #8: GFLOPs: 19.1302. Time: 2100.9141 us. Best GFLOPs: 90.2363
2024-05-21 04:46:36 [INFO] [task_scheduler.cc:131] [Task #23: fused_nn_contrib_conv2d_NCHWc_add_nn_relu_22] Trial #9: GFLOPs: 11.4801. Time: 3500.9391 us. Best GFLOPs: 90.2363
2024-05-21 04:46:36 [INFO] [task_scheduler.cc:131] [Task #23: fused_nn_contrib_conv2d_NCHWc_add_nn_relu_22] Trial #10: GFLOPs: 13.4266. Time: 2993.3925 us. Best GFLOPs: 90.2363
2024-05-21 04:46:36 [INFO] [task_scheduler.cc:131] [Task #23: fused_nn_contrib_conv2d_NCHWc_add_nn_relu_22] Trial #11: GFLOPs: 10.0297. Time: 4007.1917 us. Best GFLOPs: 90.2363
2024-05-21 04:46:36 [INFO] [task_scheduler.cc:131] [Task #23: fused_nn_contrib_conv2d_NCHWc_add_nn_relu_22] Trial #12: GFLOPs: 165.6286. Time: 242.6573 us. Best GFLOPs: 165.6286
2024-05-21 04:46:36 [INFO] [task_scheduler.cc:131] [Task #23: fused_nn_contrib_conv2d_NCHWc_add_nn_relu_22] Trial #13: GFLOPs: 73.3257. Time: 548.1157 us. Best GFLOPs: 165.6286
2024-05-21 04:46:36 [INFO] [task_scheduler.cc:131] [Task #23: fused_nn_contrib_conv2d_NCHWc_add_nn_relu_22] Trial #14: GFLOPs: 11.6480. Time: 3450.4506 us. Best GFLOPs: 165.6286
2024-05-21 04:46:36 [INFO] [task_scheduler.cc:131] [Task #23: fused_nn_contrib_conv2d_NCHWc_add_nn_relu_22] Trial #15: GFLOPs: 20.6494. Time: 1946.3464 us. Best GFLOPs: 165.6286
2024-05-21 04:46:36 [INFO] [task_scheduler.cc:131] [Task #23: fused_nn_contrib_conv2d_NCHWc_add_nn_relu_22] Trial #16: GFLOPs: 8.1697. Time: 4919.5347 us. Best GFLOPs: 165.6286
2024-05-21 04:46:36 [INFO] [task_scheduler.cc:131] [Task #23: fused_nn_contrib_conv2d_NCHWc_add_nn_relu_22] Trial #17: GFLOPs: 35.7596. Time: 1123.9201 us. Best GFLOPs: 165.6286
2024-05-21 04:46:36 [INFO] [task_scheduler.cc:131] [Task #23: fused_nn_contrib_conv2d_NCHWc_add_nn_relu_22] Trial #18: GFLOPs: 113.7150. Time: 353.4361 us. Best GFLOPs: 165.6286
2024-05-21 04:46:36 [INFO] [task_scheduler.cc:131] [Task #23: fused_nn_contrib_conv2d_NCHWc_add_nn_relu_22] Trial #19: GFLOPs: 12.3703. Time: 3248.9944 us. Best GFLOPs: 165.6286
2024-05-21 04:46:36 [INFO] [task_scheduler.cc:131] [Task #23: fused_nn_contrib_conv2d_NCHWc_add_nn_relu_22] Trial #20: GFLOPs: 8.3141. Time: 4834.0839 us. Best GFLOPs: 165.6286
2024-05-21 04:46:36 [INFO] [task_scheduler.cc:131] [Task #23: fused_nn_contrib_conv2d_NCHWc_add_nn_relu_22] Trial #21: GFLOPs: 20.2391. Time: 1985.8118 us. Best GFLOPs: 165.6286
2024-05-21 04:46:36 [INFO] [task_scheduler.cc:131] [Task #23: fused_nn_contrib_conv2d_NCHWc_add_nn_relu_22] Trial #22: GFLOPs: 26.7211. Time: 1504.0912 us. Best GFLOPs: 165.6286
2024-05-21 04:46:36 [INFO] [task_scheduler.cc:131] [Task #23: fused_nn_contrib_conv2d_NCHWc_add_nn_relu_22] Trial #23: GFLOPs: 19.6276. Time: 2047.6720 us. Best GFLOPs: 165.6286
2024-05-21 04:46:36 [INFO] [task_scheduler.cc:131] [Task #23: fused_nn_contrib_conv2d_NCHWc_add_nn_relu_22] Trial #24: GFLOPs: 38.2031. Time: 1052.0352 us. Best GFLOPs: 165.6286
2024-05-21 04:46:36 [INFO] [task_scheduler.cc:131] [Task #23: fused_nn_contrib_conv2d_NCHWc_add_nn_relu_22] Trial #25: GFLOPs: 62.7894. Time: 640.0920 us. Best GFLOPs: 165.6286
2024-05-21 04:46:36 [INFO] [task_scheduler.cc:131] [Task #23: fused_nn_contrib_conv2d_NCHWc_add_nn_relu_22] Trial #26: GFLOPs: 27.5009. Time: 1461.4417 us. Best GFLOPs: 165.6286
2024-05-21 04:46:36 [INFO] [task_scheduler.cc:131] [Task #23: fused_nn_contrib_conv2d_NCHWc_add_nn_relu_22] Trial #27: GFLOPs: 87.7907. Time: 457.8045 us. Best GFLOPs: 165.6286
2024-05-21 04:46:36 [INFO] [task_scheduler.cc:131] [Task #23: fused_nn_contrib_conv2d_NCHWc_add_nn_relu_22] Trial #28: GFLOPs: 16.6646. Time: 2411.7554 us. Best GFLOPs: 165.6286
2024-05-21 04:46:36 [INFO] [task_scheduler.cc:131] [Task #23: fused_nn_contrib_conv2d_NCHWc_add_nn_relu_22] Trial #29: GFLOPs: 121.5694. Time: 330.6011 us. Best GFLOPs: 165.6286
2024-05-21 04:46:36 [INFO] [task_scheduler.cc:131] [Task #23: fused_nn_contrib_conv2d_NCHWc_add_nn_relu_22] Trial #30: GFLOPs: 150.7283. Time: 266.6451 us. Best GFLOPs: 165.6286
2024-05-21 04:46:36 [INFO] [task_scheduler.cc:131] [Task #23: fused_nn_contrib_conv2d_NCHWc_add_nn_relu_22] Trial #31: GFLOPs: 32.1220. Time: 1251.1960 us. Best GFLOPs: 165.6286
2024-05-21 04:46:36 [INFO] [task_scheduler.cc:131] [Task #23: fused_nn_contrib_conv2d_NCHWc_add_nn_relu_22] Trial #32: GFLOPs: 10.5133. Time: 3822.8634 us. Best GFLOPs: 165.6286
2024-05-21 04:46:36 [INFO] [task_scheduler.cc:131] [Task #23: fused_nn_contrib_conv2d_NCHWc_add_nn_relu_22] Trial #33: GFLOPs: 10.4687. Time: 3839.1740 us. Best GFLOPs: 165.6286
2024-05-21 04:46:36 [INFO] [task_scheduler.cc:131] [Task #23: fused_nn_contrib_conv2d_NCHWc_add_nn_relu_22] Trial #34: GFLOPs: 39.2401. Time: 1024.2317 us. Best GFLOPs: 165.6286
2024-05-21 04:46:36 [INFO] [task_scheduler.cc:131] [Task #23: fused_nn_contrib_conv2d_NCHWc_add_nn_relu_22] Trial #35: GFLOPs: 64.4795. Time: 623.3140 us. Best GFLOPs: 165.6286
2024-05-21 04:46:36 [INFO] [task_scheduler.cc:131] [Task #23: fused_nn_contrib_conv2d_NCHWc_add_nn_relu_22] Trial #36: GFLOPs: 82.5264. Time: 487.0078 us. Best GFLOPs: 165.6286
2024-05-21 04:46:36 [INFO] [task_scheduler.cc:131] [Task #23: fused_nn_contrib_conv2d_NCHWc_add_nn_relu_22] Trial #37: GFLOPs: 30.1842. Time: 1331.5223 us. Best GFLOPs: 165.6286
2024-05-21 04:46:36 [INFO] [task_scheduler.cc:131] [Task #23: fused_nn_contrib_conv2d_NCHWc_add_nn_relu_22] Trial #38: GFLOPs: 7.1775. Time: 5599.5427 us. Best GFLOPs: 165.6286
2024-05-21 04:46:36 [INFO] [task_scheduler.cc:131] [Task #23: fused_nn_contrib_conv2d_NCHWc_add_nn_relu_22] Trial #39: GFLOPs: 46.1376. Time: 871.1107 us. Best GFLOPs: 165.6286
2024-05-21 04:46:36 [INFO] [task_scheduler.cc:131] [Task #23: fused_nn_contrib_conv2d_NCHWc_add_nn_relu_22] Trial #40: GFLOPs: 107.3967. Time: 374.2293 us. Best GFLOPs: 165.6286
2024-05-21 04:46:36 [INFO] [task_scheduler.cc:131] [Task #23: fused_nn_contrib_conv2d_NCHWc_add_nn_relu_22] Trial #41: GFLOPs: 45.2936. Time: 887.3427 us. Best GFLOPs: 165.6286
2024-05-21 04:46:36 [INFO] [task_scheduler.cc:131] [Task #23: fused_nn_contrib_conv2d_NCHWc_add_nn_relu_22] Trial #42: GFLOPs: 27.2378. Time: 1475.5578 us. Best GFLOPs: 165.6286
2024-05-21 04:46:36 [INFO] [task_scheduler.cc:131] [Task #23: fused_nn_contrib_conv2d_NCHWc_add_nn_relu_22] Trial #43: GFLOPs: 22.1641. Time: 1813.3391 us. Best GFLOPs: 165.6286
2024-05-21 04:46:36 [INFO] [task_scheduler.cc:131] [Task #23: fused_nn_contrib_conv2d_NCHWc_add_nn_relu_22] Trial #44: GFLOPs: 23.5155. Time: 1709.1259 us. Best GFLOPs: 165.6286
2024-05-21 04:46:36 [INFO] [task_scheduler.cc:131] [Task #23: fused_nn_contrib_conv2d_NCHWc_add_nn_relu_22] Trial #45: GFLOPs: 23.1074. Time: 1739.3093 us. Best GFLOPs: 165.6286
2024-05-21 04:46:36 [INFO] [task_scheduler.cc:131] [Task #23: fused_nn_contrib_conv2d_NCHWc_add_nn_relu_22] Trial #46: GFLOPs: 17.4425. Time: 2304.2007 us. Best GFLOPs: 165.6286
2024-05-21 04:46:36 [INFO] [task_scheduler.cc:131] [Task #23: fused_nn_contrib_conv2d_NCHWc_add_nn_relu_22] Trial #47: GFLOPs: 55.4437. Time: 724.8972 us. Best GFLOPs: 165.6286
2024-05-21 04:46:36 [INFO] [task_scheduler.cc:131] [Task #23: fused_nn_contrib_conv2d_NCHWc_add_nn_relu_22] Trial #48: GFLOPs: 20.9305. Time: 1920.2133 us. Best GFLOPs: 165.6286
2024-05-21 04:46:36 [INFO] [task_scheduler.cc:131] [Task #23: fused_nn_contrib_conv2d_NCHWc_add_nn_relu_22] Trial #49: GFLOPs: 30.2847. Time: 1327.1042 us. Best GFLOPs: 165.6286
2024-05-21 04:46:36 [INFO] [task_scheduler.cc:131] [Task #23: fused_nn_contrib_conv2d_NCHWc_add_nn_relu_22] Trial #50: GFLOPs: 8.3899. Time: 4790.3928 us. Best GFLOPs: 165.6286
2024-05-21 04:46:36 [INFO] [task_scheduler.cc:131] [Task #23: fused_nn_contrib_conv2d_NCHWc_add_nn_relu_22] Trial #51: GFLOPs: 25.0141. Time: 1606.7300 us. Best GFLOPs: 165.6286
2024-05-21 04:46:36 [INFO] [task_scheduler.cc:131] [Task #23: fused_nn_contrib_conv2d_NCHWc_add_nn_relu_22] Trial #52: GFLOPs: 35.2828. Time: 1139.1087 us. Best GFLOPs: 165.6286
2024-05-21 04:46:36 [INFO] [task_scheduler.cc:131] [Task #23: fused_nn_contrib_conv2d_NCHWc_add_nn_relu_22] Trial #53: GFLOPs: 23.8366. Time: 1686.1008 us. Best GFLOPs: 165.6286
2024-05-21 04:46:36 [INFO] [task_scheduler.cc:131] [Task #23: fused_nn_contrib_conv2d_NCHWc_add_nn_relu_22] Trial #54: GFLOPs: 14.3385. Time: 2803.0083 us. Best GFLOPs: 165.6286
2024-05-21 04:46:36 [INFO] [task_scheduler.cc:131] [Task #23: fused_nn_contrib_conv2d_NCHWc_add_nn_relu_22] Trial #55: GFLOPs: 10.8450. Time: 3705.9456 us. Best GFLOPs: 165.6286
2024-05-21 04:46:36 [INFO] [task_scheduler.cc:131] [Task #23: fused_nn_contrib_conv2d_NCHWc_add_nn_relu_22] Trial #56: GFLOPs: 12.0142. Time: 3345.2777 us. Best GFLOPs: 165.6286
2024-05-21 04:46:36 [INFO] [task_scheduler.cc:131] [Task #23: fused_nn_contrib_conv2d_NCHWc_add_nn_relu_22] Trial #57: GFLOPs: 57.9735. Time: 693.2650 us. Best GFLOPs: 165.6286
2024-05-21 04:46:36 [INFO] [task_scheduler.cc:131] [Task #23: fused_nn_contrib_conv2d_NCHWc_add_nn_relu_22] Trial #58: GFLOPs: 34.7663. Time: 1156.0322 us. Best GFLOPs: 165.6286
2024-05-21 04:46:36 [INFO] [task_scheduler.cc:131] [Task #23: fused_nn_contrib_conv2d_NCHWc_add_nn_relu_22] Trial #59: GFLOPs: 40.9532. Time: 981.3871 us. Best GFLOPs: 165.6286
2024-05-21 04:46:36 [INFO] [task_scheduler.cc:131] [Task #23: fused_nn_contrib_conv2d_NCHWc_add_nn_relu_22] Trial #60: GFLOPs: 15.0037. Time: 2678.7287 us. Best GFLOPs: 165.6286
2024-05-21 04:46:36 [INFO] [task_scheduler.cc:131] [Task #23: fused_nn_contrib_conv2d_NCHWc_add_nn_relu_22] Trial #61: GFLOPs: 22.0129. Time: 1825.7883 us. Best GFLOPs: 165.6286
2024-05-21 04:46:36 [INFO] [task_scheduler.cc:131] [Task #23: fused_nn_contrib_conv2d_NCHWc_add_nn_relu_22] Trial #62: GFLOPs: 18.2316. Time: 2204.4711 us. Best GFLOPs: 165.6286
2024-05-21 04:46:36 [INFO] [task_scheduler.cc:131] [Task #23: fused_nn_contrib_conv2d_NCHWc_add_nn_relu_22] Trial #63: GFLOPs: 33.1791. Time: 1211.3344 us. Best GFLOPs: 165.6286
2024-05-21 04:46:36 [INFO] [task_scheduler.cc:131] [Task #23: fused_nn_contrib_conv2d_NCHWc_add_nn_relu_22] Trial #64: GFLOPs: 9.2602. Time: 4340.2065 us. Best GFLOPs: 165.6286
2024-05-21 05:59:24 [INFO] [evolutionary_search.cc:713] Generating candidates......
2024-05-21 05:59:24 [INFO] [evolutionary_search.cc:715] Picked top 64 candidate(s) from database
2024-05-21 05:59:25 [INFO] [evolutionary_search.cc:533] Sample-Init-Population summary:
Postproc #0 [meta_schedule.DisallowDynamicLoop(0x17fc0378)]: 0 failure(s)
Postproc #1 [meta_schedule.RewriteParallelVectorizeUnroll(0x14ca8f68)]: 0 failure(s)
Postproc #2 [meta_schedule.RewriteReductionBlock(0x17b45838)]: 0 failure(s)
Postproc #3 [meta_schedule.RewriteLayout(0x1b5cfce8)]: 0 failure(s)
2024-05-21 05:59:25 [INFO] [evolutionary_search.cc:723] Sampled 448 candidate(s)
2024-05-21 05:59:27 [INFO] [evolutionary_search.cc:621] Evolve iter #0 done. Summary:
Postproc #0 [meta_schedule.DisallowDynamicLoop(0x17fc0378)]: 0 failure(s)
Postproc #1 [meta_schedule.RewriteParallelVectorizeUnroll(0x14ca8f68)]: 0 failure(s)
Postproc #2 [meta_schedule.RewriteReductionBlock(0x17b45838)]: 0 failure(s)
Postproc #3 [meta_schedule.RewriteLayout(0x1b5cfce8)]: 0 failure(s)
2024-05-21 05:59:29 [INFO] [evolutionary_search.cc:621] Evolve iter #1 done. Summary:
Postproc #0 [meta_schedule.DisallowDynamicLoop(0x17fc0378)]: 0 failure(s)
Postproc #1 [meta_schedule.RewriteParallelVectorizeUnroll(0x14ca8f68)]: 0 failure(s)
Postproc #2 [meta_schedule.RewriteReductionBlock(0x17b45838)]: 0 failure(s)
Postproc #3 [meta_schedule.RewriteLayout(0x1b5cfce8)]: 0 failure(s)
2024-05-21 05:59:31 [INFO] [evolutionary_search.cc:621] Evolve iter #2 done. Summary:
Postproc #0 [meta_schedule.DisallowDynamicLoop(0x17fc0378)]: 0 failure(s)
Postproc #1 [meta_schedule.RewriteParallelVectorizeUnroll(0x14ca8f68)]: 0 failure(s)
Postproc #2 [meta_schedule.RewriteReductionBlock(0x17b45838)]: 0 failure(s)
Postproc #3 [meta_schedule.RewriteLayout(0x1b5cfce8)]: 0 failure(s)
2024-05-21 05:59:33 [INFO] [evolutionary_search.cc:621] Evolve iter #3 done. Summary:
Postproc #0 [meta_schedule.DisallowDynamicLoop(0x17fc0378)]: 0 failure(s)
Postproc #1 [meta_schedule.RewriteParallelVectorizeUnroll(0x14ca8f68)]: 0 failure(s)
Postproc #2 [meta_schedule.RewriteReductionBlock(0x17b45838)]: 0 failure(s)
Postproc #3 [meta_schedule.RewriteLayout(0x1b5cfce8)]: 0 failure(s)
2024-05-21 05:59:34 [INFO] [evolutionary_search.cc:649] Scores of the best 64 candidates:
[1 : 16]:	1.0328  1.0045  1.0013  1.0013  1.0007  1.0007  0.9959  0.9959  0.9855  0.9692  0.9692  0.9490  0.9288  0.9264  0.9249  0.9182
[17 : 32]:	0.9113  0.9113  0.9084  0.8960  0.8935  0.8919  0.8919  0.8919  0.8891  0.8787  0.8780  0.8657  0.8632  0.8542  0.8537  0.8503
[33 : 48]:	0.8483  0.8456  0.8403  0.8395  0.8361  0.8361  0.8330  0.8320  0.8277  0.8265  0.8262  0.8256  0.8251  0.8237  0.8237  0.8176
[49 : 64]:	0.8174  0.8161  0.8138  0.8117  0.8110  0.8096  0.8096  0.8080  0.8032  0.8027  0.8021  0.8020  0.8008  0.8004  0.7981  0.7968
2024-05-21 05:59:34 [INFO] [evolutionary_search.cc:727] Got 64 candidate(s) with evolutionary search
2024-05-21 05:59:34 [INFO] [evolutionary_search.cc:730] Sending 64 candidates(s) for measurement
2024-05-21 06:01:02 [INFO] [task_scheduler.cc:131] [Task #23: fused_nn_contrib_conv2d_NCHWc_add_nn_relu_22] Trial #65: GFLOPs: 114.7306. Time: 350.3073 us. Best GFLOPs: 165.6286
2024-05-21 06:01:02 [INFO] [task_scheduler.cc:131] [Task #23: fused_nn_contrib_conv2d_NCHWc_add_nn_relu_22] Trial #66: GFLOPs: 177.9511. Time: 225.8540 us. Best GFLOPs: 177.9511
2024-05-21 06:01:02 [INFO] [task_scheduler.cc:131] [Task #23: fused_nn_contrib_conv2d_NCHWc_add_nn_relu_22] Trial #67: GFLOPs: 172.7179. Time: 232.6972 us. Best GFLOPs: 177.9511
2024-05-21 06:01:02 [INFO] [task_scheduler.cc:131] [Task #23: fused_nn_contrib_conv2d_NCHWc_add_nn_relu_22] Trial #68: GFLOPs: 178.2139. Time: 225.5210 us. Best GFLOPs: 178.2139
2024-05-21 06:01:02 [INFO] [task_scheduler.cc:131] [Task #23: fused_nn_contrib_conv2d_NCHWc_add_nn_relu_22] Trial #69: GFLOPs: 130.0155. Time: 309.1244 us. Best GFLOPs: 178.2139
2024-05-21 06:01:02 [INFO] [task_scheduler.cc:131] [Task #23: fused_nn_contrib_conv2d_NCHWc_add_nn_relu_22] Trial #70: GFLOPs: 118.1983. Time: 340.0300 us. Best GFLOPs: 178.2139
2024-05-21 06:01:02 [INFO] [task_scheduler.cc:131] [Task #23: fused_nn_contrib_conv2d_NCHWc_add_nn_relu_22] Trial #71: GFLOPs: 113.8624. Time: 352.9786 us. Best GFLOPs: 178.2139
2024-05-21 06:01:02 [INFO] [task_scheduler.cc:131] [Task #23: fused_nn_contrib_conv2d_NCHWc_add_nn_relu_22] Trial #72: GFLOPs: 118.8710. Time: 338.1057 us. Best GFLOPs: 178.2139
2024-05-21 06:01:02 [INFO] [task_scheduler.cc:131] [Task #23: fused_nn_contrib_conv2d_NCHWc_add_nn_relu_22] Trial #73: GFLOPs: 181.9265. Time: 220.9188 us. Best GFLOPs: 181.9265
2024-05-21 06:01:02 [INFO] [task_scheduler.cc:131] [Task #23: fused_nn_contrib_conv2d_NCHWc_add_nn_relu_22] Trial #74: GFLOPs: 152.6396. Time: 263.3063 us. Best GFLOPs: 181.9265
2024-05-21 06:01:02 [INFO] [task_scheduler.cc:131] [Task #23: fused_nn_contrib_conv2d_NCHWc_add_nn_relu_22] Trial #75: GFLOPs: 183.5325. Time: 218.9857 us. Best GFLOPs: 183.5325
2024-05-21 06:01:02 [INFO] [task_scheduler.cc:131] [Task #23: fused_nn_contrib_conv2d_NCHWc_add_nn_relu_22] Trial #76: GFLOPs: 97.4808. Time: 412.2962 us. Best GFLOPs: 183.5325
2024-05-21 06:01:02 [INFO] [task_scheduler.cc:131] [Task #23: fused_nn_contrib_conv2d_NCHWc_add_nn_relu_22] Trial #77: GFLOPs: 112.4126. Time: 357.5310 us. Best GFLOPs: 183.5325
2024-05-21 06:01:02 [INFO] [task_scheduler.cc:131] [Task #23: fused_nn_contrib_conv2d_NCHWc_add_nn_relu_22] Trial #78: GFLOPs: 107.8504. Time: 372.6548 us. Best GFLOPs: 183.5325
2024-05-21 06:01:02 [INFO] [task_scheduler.cc:131] [Task #23: fused_nn_contrib_conv2d_NCHWc_add_nn_relu_22] Trial #79: GFLOPs: 171.1795. Time: 234.7885 us. Best GFLOPs: 183.5325
2024-05-21 06:01:02 [INFO] [task_scheduler.cc:131] [Task #23: fused_nn_contrib_conv2d_NCHWc_add_nn_relu_22] Trial #80: GFLOPs: 121.9984. Time: 329.4386 us. Best GFLOPs: 183.5325
2024-05-21 06:01:02 [INFO] [task_scheduler.cc:131] [Task #23: fused_nn_contrib_conv2d_NCHWc_add_nn_relu_22] Trial #81: GFLOPs: 172.0033. Time: 233.6640 us. Best GFLOPs: 183.5325
2024-05-21 06:01:02 [INFO] [task_scheduler.cc:131] [Task #23: fused_nn_contrib_conv2d_NCHWc_add_nn_relu_22] Trial #82: GFLOPs: 189.8120. Time: 211.7410 us. Best GFLOPs: 189.8120
2024-05-21 06:01:02 [INFO] [task_scheduler.cc:131] [Task #23: fused_nn_contrib_conv2d_NCHWc_add_nn_relu_22] Trial #83: GFLOPs: 168.9846. Time: 237.8381 us. Best GFLOPs: 189.8120
2024-05-21 06:01:02 [INFO] [task_scheduler.cc:131] [Task #23: fused_nn_contrib_conv2d_NCHWc_add_nn_relu_22] Trial #84: GFLOPs: 113.3647. Time: 354.5281 us. Best GFLOPs: 189.8120
2024-05-21 06:01:02 [INFO] [task_scheduler.cc:131] [Task #23: fused_nn_contrib_conv2d_NCHWc_add_nn_relu_22] Trial #85: GFLOPs: 97.4455. Time: 412.4458 us. Best GFLOPs: 189.8120
2024-05-21 06:01:02 [INFO] [task_scheduler.cc:131] [Task #23: fused_nn_contrib_conv2d_NCHWc_add_nn_relu_22] Trial #86: GFLOPs: 80.1625. Time: 501.3690 us. Best GFLOPs: 189.8120
2024-05-21 06:01:02 [INFO] [task_scheduler.cc:131] [Task #23: fused_nn_contrib_conv2d_NCHWc_add_nn_relu_22] Trial #87: GFLOPs: 80.8130. Time: 497.3329 us. Best GFLOPs: 189.8120
2024-05-21 06:01:02 [INFO] [task_scheduler.cc:131] [Task #23: fused_nn_contrib_conv2d_NCHWc_add_nn_relu_22] Trial #88: GFLOPs: 80.2442. Time: 500.8584 us. Best GFLOPs: 189.8120
2024-05-21 06:01:02 [INFO] [task_scheduler.cc:131] [Task #23: fused_nn_contrib_conv2d_NCHWc_add_nn_relu_22] Trial #89: GFLOPs: 82.0412. Time: 489.8878 us. Best GFLOPs: 189.8120
2024-05-21 06:01:02 [INFO] [task_scheduler.cc:131] [Task #23: fused_nn_contrib_conv2d_NCHWc_add_nn_relu_22] Trial #90: GFLOPs: 220.4162. Time: 182.3413 us. Best GFLOPs: 220.4162
2024-05-21 06:01:02 [INFO] [task_scheduler.cc:131] [Task #23: fused_nn_contrib_conv2d_NCHWc_add_nn_relu_22] Trial #91: GFLOPs: 115.1876. Time: 348.9175 us. Best GFLOPs: 220.4162
2024-05-21 06:01:02 [INFO] [task_scheduler.cc:131] [Task #23: fused_nn_contrib_conv2d_NCHWc_add_nn_relu_22] Trial #92: GFLOPs: 79.4653. Time: 505.7676 us. Best GFLOPs: 220.4162
2024-05-21 06:01:02 [INFO] [task_scheduler.cc:131] [Task #23: fused_nn_contrib_conv2d_NCHWc_add_nn_relu_22] Trial #93: GFLOPs: 89.3638. Time: 449.7455 us. Best GFLOPs: 220.4162
2024-05-21 06:01:02 [INFO] [task_scheduler.cc:131] [Task #23: fused_nn_contrib_conv2d_NCHWc_add_nn_relu_22] Trial #94: GFLOPs: 146.8037. Time: 273.7736 us. Best GFLOPs: 220.4162
2024-05-21 06:01:02 [INFO] [task_scheduler.cc:131] [Task #23: fused_nn_contrib_conv2d_NCHWc_add_nn_relu_22] Trial #95: GFLOPs: 118.8146. Time: 338.2663 us. Best GFLOPs: 220.4162
2024-05-21 06:01:02 [INFO] [task_scheduler.cc:131] [Task #23: fused_nn_contrib_conv2d_NCHWc_add_nn_relu_22] Trial #96: GFLOPs: 151.2231. Time: 265.7728 us. Best GFLOPs: 220.4162
2024-05-21 06:01:02 [INFO] [task_scheduler.cc:131] [Task #23: fused_nn_contrib_conv2d_NCHWc_add_nn_relu_22] Trial #97: GFLOPs: 69.5558. Time: 577.8236 us. Best GFLOPs: 220.4162
2024-05-21 06:01:02 [INFO] [task_scheduler.cc:131] [Task #23: fused_nn_contrib_conv2d_NCHWc_add_nn_relu_22] Trial #98: GFLOPs: 122.5631. Time: 327.9208 us. Best GFLOPs: 220.4162
2024-05-21 06:01:02 [INFO] [task_scheduler.cc:131] [Task #23: fused_nn_contrib_conv2d_NCHWc_add_nn_relu_22] Trial #99: GFLOPs: 98.0032. Time: 410.0988 us. Best GFLOPs: 220.4162
2024-05-21 06:01:02 [INFO] [task_scheduler.cc:131] [Task #23: fused_nn_contrib_conv2d_NCHWc_add_nn_relu_22] Trial #100: GFLOPs: 79.8724. Time: 503.1897 us. Best GFLOPs: 220.4162
2024-05-21 06:01:02 [INFO] [task_scheduler.cc:131] [Task #23: fused_nn_contrib_conv2d_NCHWc_add_nn_relu_22] Trial #101: GFLOPs: 120.5975. Time: 333.2655 us. Best GFLOPs: 220.4162
2024-05-21 06:01:02 [INFO] [task_scheduler.cc:131] [Task #23: fused_nn_contrib_conv2d_NCHWc_add_nn_relu_22] Trial #102: GFLOPs: 157.4076. Time: 255.3306 us. Best GFLOPs: 220.4162
2024-05-21 06:01:02 [INFO] [task_scheduler.cc:131] [Task #23: fused_nn_contrib_conv2d_NCHWc_add_nn_relu_22] Trial #103: GFLOPs: 124.4175. Time: 323.0331 us. Best GFLOPs: 220.4162
2024-05-21 06:01:02 [INFO] [task_scheduler.cc:131] [Task #23: fused_nn_contrib_conv2d_NCHWc_add_nn_relu_22] Trial #104: GFLOPs: 86.3501. Time: 465.4422 us. Best GFLOPs: 220.4162
2024-05-21 06:01:02 [INFO] [task_scheduler.cc:131] [Task #23: fused_nn_contrib_conv2d_NCHWc_add_nn_relu_22] Trial #105: GFLOPs: 175.3455. Time: 229.2102 us. Best GFLOPs: 220.4162
2024-05-21 06:01:02 [INFO] [task_scheduler.cc:131] [Task #23: fused_nn_contrib_conv2d_NCHWc_add_nn_relu_22] Trial #106: GFLOPs: 172.5225. Time: 232.9608 us. Best GFLOPs: 220.4162
2024-05-21 06:01:02 [INFO] [task_scheduler.cc:131] [Task #23: fused_nn_contrib_conv2d_NCHWc_add_nn_relu_22] Trial #107: GFLOPs: 138.2168. Time: 290.7822 us. Best GFLOPs: 220.4162
2024-05-21 06:01:02 [INFO] [task_scheduler.cc:131] [Task #23: fused_nn_contrib_conv2d_NCHWc_add_nn_relu_22] Trial #108: GFLOPs: 144.9798. Time: 277.2177 us. Best GFLOPs: 220.4162
2024-05-21 06:01:02 [INFO] [task_scheduler.cc:131] [Task #23: fused_nn_contrib_conv2d_NCHWc_add_nn_relu_22] Trial #109: GFLOPs: 187.2123. Time: 214.6813 us. Best GFLOPs: 220.4162
2024-05-21 06:01:02 [INFO] [task_scheduler.cc:131] [Task #23: fused_nn_contrib_conv2d_NCHWc_add_nn_relu_22] Trial #110: GFLOPs: 141.2368. Time: 284.5645 us. Best GFLOPs: 220.4162
2024-05-21 06:01:02 [INFO] [task_scheduler.cc:131] [Task #23: fused_nn_contrib_conv2d_NCHWc_add_nn_relu_22] Trial #111: GFLOPs: 133.8463. Time: 300.2772 us. Best GFLOPs: 220.4162
2024-05-21 06:01:02 [INFO] [task_scheduler.cc:131] [Task #23: fused_nn_contrib_conv2d_NCHWc_add_nn_relu_22] Trial #112: GFLOPs: 262.2790. Time: 153.2375 us. Best GFLOPs: 262.2790
2024-05-21 06:01:02 [INFO] [task_scheduler.cc:131] [Task #23: fused_nn_contrib_conv2d_NCHWc_add_nn_relu_22] Trial #113: GFLOPs: 168.0602. Time: 239.1464 us. Best GFLOPs: 262.2790
2024-05-21 06:01:02 [INFO] [task_scheduler.cc:131] [Task #23: fused_nn_contrib_conv2d_NCHWc_add_nn_relu_22] Trial #114: GFLOPs: 190.8652. Time: 210.5726 us. Best GFLOPs: 262.2790
2024-05-21 06:01:02 [INFO] [task_scheduler.cc:131] [Task #23: fused_nn_contrib_conv2d_NCHWc_add_nn_relu_22] Trial #115: GFLOPs: 86.0110. Time: 467.2770 us. Best GFLOPs: 262.2790
2024-05-21 06:01:02 [INFO] [task_scheduler.cc:131] [Task #23: fused_nn_contrib_conv2d_NCHWc_add_nn_relu_22] Trial #116: GFLOPs: 137.0996. Time: 293.1516 us. Best GFLOPs: 262.2790
2024-05-21 06:01:02 [INFO] [task_scheduler.cc:131] [Task #23: fused_nn_contrib_conv2d_NCHWc_add_nn_relu_22] Trial #117: GFLOPs: 57.9436. Time: 693.6227 us. Best GFLOPs: 262.2790
2024-05-21 06:01:02 [INFO] [task_scheduler.cc:131] [Task #23: fused_nn_contrib_conv2d_NCHWc_add_nn_relu_22] Trial #118: GFLOPs: 110.0707. Time: 365.1378 us. Best GFLOPs: 262.2790
2024-05-21 06:01:02 [INFO] [task_scheduler.cc:131] [Task #23: fused_nn_contrib_conv2d_NCHWc_add_nn_relu_22] Trial #119: GFLOPs: 140.5932. Time: 285.8672 us. Best GFLOPs: 262.2790
2024-05-21 06:01:02 [INFO] [task_scheduler.cc:131] [Task #23: fused_nn_contrib_conv2d_NCHWc_add_nn_relu_22] Trial #120: GFLOPs: 130.5361. Time: 307.8917 us. Best GFLOPs: 262.2790
2024-05-21 06:01:02 [INFO] [task_scheduler.cc:131] [Task #23: fused_nn_contrib_conv2d_NCHWc_add_nn_relu_22] Trial #121: GFLOPs: 313.2935. Time: 128.2854 us. Best GFLOPs: 313.2935
2024-05-21 06:01:02 [INFO] [task_scheduler.cc:131] [Task #23: fused_nn_contrib_conv2d_NCHWc_add_nn_relu_22] Trial #122: GFLOPs: 115.9059. Time: 346.7552 us. Best GFLOPs: 313.2935
2024-05-21 06:01:02 [INFO] [task_scheduler.cc:131] [Task #23: fused_nn_contrib_conv2d_NCHWc_add_nn_relu_22] Trial #123: GFLOPs: 71.1323. Time: 565.0170 us. Best GFLOPs: 313.2935
2024-05-21 06:01:02 [INFO] [task_scheduler.cc:131] [Task #23: fused_nn_contrib_conv2d_NCHWc_add_nn_relu_22] Trial #124: GFLOPs: 119.2106. Time: 337.1427 us. Best GFLOPs: 313.2935
2024-05-21 06:01:02 [INFO] [task_scheduler.cc:131] [Task #23: fused_nn_contrib_conv2d_NCHWc_add_nn_relu_22] Trial #125: GFLOPs: 151.3244. Time: 265.5949 us. Best GFLOPs: 313.2935
2024-05-21 06:01:02 [INFO] [task_scheduler.cc:131] [Task #23: fused_nn_contrib_conv2d_NCHWc_add_nn_relu_22] Trial #126: GFLOPs: 24.7183. Time: 1625.9633 us. Best GFLOPs: 313.2935
2024-05-21 06:01:02 [INFO] [task_scheduler.cc:131] [Task #23: fused_nn_contrib_conv2d_NCHWc_add_nn_relu_22] Trial #127: GFLOPs: 20.0747. Time: 2002.0670 us. Best GFLOPs: 313.2935
2024-05-21 06:01:02 [INFO] [task_scheduler.cc:131] [Task #23: fused_nn_contrib_conv2d_NCHWc_add_nn_relu_22] Trial #128: GFLOPs: 21.2987. Time: 1887.0195 us. Best GFLOPs: 313.2935
