2024-05-21 02:46:40 [INFO] [task_scheduler.cc:160] Initializing Task #48: "fused_nn_contrib_conv2d_NCHWc_add_nn_relu_46"
2024-05-21 02:46:40 [INFO] [task_scheduler.cc:35] 
# from tvm.script import ir as I
# from tvm.script import tir as T

@I.ir_module
class Module:
    @T.prim_func
    def main(p0: T.Buffer((T.int64(1), T.int64(36), T.int64(28), T.int64(28), T.int64(8)), "float32"), p1: T.Buffer((T.int64(16), T.int64(36), T.int64(1), T.int64(1), T.int64(8), T.int64(8)), "float32"), p2: T.Buffer((T.int64(1), T.int64(16), T.int64(1), T.int64(1), T.int64(8)), "float32"), T_relu: T.Buffer((T.int64(1), T.int64(16), T.int64(28), T.int64(28), T.int64(8)), "float32")):
        T.func_attr({"tir.noalias": T.bool(True)})
        # with T.block("root"):
        conv2d_NCHWc = T.alloc_buffer((T.int64(1), T.int64(16), T.int64(28), T.int64(28), T.int64(8)))
        T_add = T.alloc_buffer((T.int64(1), T.int64(16), T.int64(28), T.int64(28), T.int64(8)))
        for n, oc_chunk, oh, ow, oc_block, ic, kh, kw in T.grid(T.int64(1), T.int64(16), T.int64(28), T.int64(28), T.int64(8), T.int64(288), T.int64(1), T.int64(1)):
            with T.block("conv2d_NCHWc"):
                v_n, v_oc_chunk, v_oh, v_ow, v_oc_block, v_ic, v_kh, v_kw = T.axis.remap("SSSSSRRR", [n, oc_chunk, oh, ow, oc_block, ic, kh, kw])
                T.reads(p0[v_n, v_ic // T.int64(8), v_oh + v_kh, v_ow + v_kw, v_ic % T.int64(8)], p1[v_oc_chunk, v_ic // T.int64(8), v_kh, v_kw, v_ic % T.int64(8), v_oc_block])
                T.writes(conv2d_NCHWc[v_n, v_oc_chunk, v_oh, v_ow, v_oc_block])
                with T.init():
                    conv2d_NCHWc[v_n, v_oc_chunk, v_oh, v_ow, v_oc_block] = T.float32(0)
                conv2d_NCHWc[v_n, v_oc_chunk, v_oh, v_ow, v_oc_block] = conv2d_NCHWc[v_n, v_oc_chunk, v_oh, v_ow, v_oc_block] + p0[v_n, v_ic // T.int64(8), v_oh + v_kh, v_ow + v_kw, v_ic % T.int64(8)] * p1[v_oc_chunk, v_ic // T.int64(8), v_kh, v_kw, v_ic % T.int64(8), v_oc_block]
        for ax0, ax1, ax2, ax3, ax4 in T.grid(T.int64(1), T.int64(16), T.int64(28), T.int64(28), T.int64(8)):
            with T.block("T_add"):
                v_ax0, v_ax1, v_ax2, v_ax3, v_ax4 = T.axis.remap("SSSSS", [ax0, ax1, ax2, ax3, ax4])
                T.reads(conv2d_NCHWc[v_ax0, v_ax1, v_ax2, v_ax3, v_ax4], p2[v_ax0, v_ax1, T.int64(0), T.int64(0), v_ax4])
                T.writes(T_add[v_ax0, v_ax1, v_ax2, v_ax3, v_ax4])
                T_add[v_ax0, v_ax1, v_ax2, v_ax3, v_ax4] = conv2d_NCHWc[v_ax0, v_ax1, v_ax2, v_ax3, v_ax4] + p2[v_ax0, v_ax1, T.int64(0), T.int64(0), v_ax4]
        for ax0, ax1, ax2, ax3, ax4 in T.grid(T.int64(1), T.int64(16), T.int64(28), T.int64(28), T.int64(8)):
            with T.block("T_relu"):
                v_ax0, v_ax1, v_ax2, v_ax3, v_ax4 = T.axis.remap("SSSSS", [ax0, ax1, ax2, ax3, ax4])
                T.reads(T_add[v_ax0, v_ax1, v_ax2, v_ax3, v_ax4])
                T.writes(T_relu[v_ax0, v_ax1, v_ax2, v_ax3, v_ax4])
                T_relu[v_ax0, v_ax1, v_ax2, v_ax3, v_ax4] = T.max(T_add[v_ax0, v_ax1, v_ax2, v_ax3, v_ax4], T.float32(0))
2024-05-21 02:46:40 [INFO] [task_scheduler.cc:164] Total 3 design space(s) generated
2024-05-21 02:46:40 [INFO] [task_scheduler.cc:170] Design space #0:
# from tvm.script import ir as I
# from tvm.script import tir as T

@I.ir_module
class Module:
    @T.prim_func
    def main(p0: T.Buffer((T.int64(1), T.int64(36), T.int64(28), T.int64(28), T.int64(8)), "float32"), p1: T.Buffer((T.int64(16), T.int64(36), T.int64(1), T.int64(1), T.int64(8), T.int64(8)), "float32"), p2: T.Buffer((T.int64(1), T.int64(16), T.int64(1), T.int64(1), T.int64(8)), "float32"), T_relu: T.Buffer((T.int64(1), T.int64(16), T.int64(28), T.int64(28), T.int64(8)), "float32")):
        T.func_attr({"tir.noalias": T.bool(True)})
        with T.block("root"):
            T.reads()
            T.writes()
            T.block_attr({"meta_schedule.parallel": 96, "meta_schedule.unroll_explicit": 0, "meta_schedule.vectorize": 64})
            conv2d_NCHWc = T.alloc_buffer((T.int64(1), T.int64(16), T.int64(28), T.int64(28), T.int64(8)))
            for n_0, oc_chunk_0, oh_0, ow_0, oc_block_0, n_1, oc_chunk_1, oh_1, ow_1, oc_block_1, ic_0, kh_0, kw_0, n_2, oc_chunk_2, oh_2, ow_2, oc_block_2, ic_1, kh_1, kw_1, n_3, oc_chunk_3, oh_3, ow_3, oc_block_3 in T.grid(T.int64(1), T.int64(2), T.int64(1), T.int64(2), T.int64(1), T.int64(1), T.int64(2), T.int64(2), T.int64(14), T.int64(8), T.int64(72), T.int64(1), T.int64(1), T.int64(1), T.int64(2), T.int64(14), T.int64(1), T.int64(1), T.int64(4), T.int64(1), T.int64(1), T.int64(1), T.int64(2), T.int64(1), T.int64(1), T.int64(1)):
                with T.block("conv2d_NCHWc"):
                    v_n = T.axis.spatial(T.int64(1), n_0 + n_1 + n_2 + n_3)
                    v_oc_chunk = T.axis.spatial(T.int64(16), oc_chunk_0 * T.int64(8) + oc_chunk_1 * T.int64(4) + oc_chunk_2 * T.int64(2) + oc_chunk_3)
                    v_oh = T.axis.spatial(T.int64(28), oh_0 * T.int64(28) + oh_1 * T.int64(14) + oh_2 + oh_3)
                    v_ow = T.axis.spatial(T.int64(28), ow_0 * T.int64(14) + ow_1 + ow_2 + ow_3)
                    v_oc_block = T.axis.spatial(T.int64(8), oc_block_0 * T.int64(8) + oc_block_1 + oc_block_2 + oc_block_3)
                    v_ic = T.axis.reduce(T.int64(288), ic_0 * T.int64(4) + ic_1)
                    v_kh = T.axis.reduce(T.int64(1), kh_0 + kh_1)
                    v_kw = T.axis.reduce(T.int64(1), kw_0 + kw_1)
                    T.reads(p0[v_n, v_ic // T.int64(8), v_oh + v_kh, v_ow + v_kw, v_ic % T.int64(8)], p1[v_oc_chunk, v_ic // T.int64(8), v_kh, v_kw, v_ic % T.int64(8), v_oc_block])
                    T.writes(conv2d_NCHWc[v_n, v_oc_chunk, v_oh, v_ow, v_oc_block])
                    T.block_attr({"meta_schedule.tiling_structure": "SSRSRS"})
                    with T.init():
                        conv2d_NCHWc[v_n, v_oc_chunk, v_oh, v_ow, v_oc_block] = T.float32(0)
                    conv2d_NCHWc[v_n, v_oc_chunk, v_oh, v_ow, v_oc_block] = conv2d_NCHWc[v_n, v_oc_chunk, v_oh, v_ow, v_oc_block] + p0[v_n, v_ic // T.int64(8), v_oh + v_kh, v_ow + v_kw, v_ic % T.int64(8)] * p1[v_oc_chunk, v_ic // T.int64(8), v_kh, v_kw, v_ic % T.int64(8), v_oc_block]
            for ax0, ax1, ax2, ax3, ax4 in T.grid(T.int64(1), T.int64(16), T.int64(28), T.int64(28), T.int64(8)):
                with T.block("T_relu"):
                    v_ax0, v_ax1, v_ax2, v_ax3, v_ax4 = T.axis.remap("SSSSS", [ax0, ax1, ax2, ax3, ax4])
                    T.reads(conv2d_NCHWc[v_ax0, v_ax1, v_ax2, v_ax3, v_ax4], p2[v_ax0, v_ax1, T.int64(0), T.int64(0), v_ax4])
                    T.writes(T_relu[v_ax0, v_ax1, v_ax2, v_ax3, v_ax4])
                    T_relu[v_ax0, v_ax1, v_ax2, v_ax3, v_ax4] = T.max(conv2d_NCHWc[v_ax0, v_ax1, v_ax2, v_ax3, v_ax4] + p2[v_ax0, v_ax1, T.int64(0), T.int64(0), v_ax4], T.float32(0))
b0 = sch.get_block(name="conv2d_NCHWc", func_name="main")
b1 = sch.get_block(name="T_add", func_name="main")
b2 = sch.get_block(name="root", func_name="main")
sch.compute_inline(block=b1)
sch.annotate(block_or_loop=b0, ann_key="meta_schedule.tiling_structure", ann_val="SSRSRS")
l3, l4, l5, l6, l7, l8, l9, l10 = sch.get_loops(block=b0)
v11, v12, v13, v14 = sch.sample_perfect_tile(loop=l3, n=4, max_innermost_factor=64, decision=[1, 1, 1, 1])
l15, l16, l17, l18 = sch.split(loop=l3, factors=[v11, v12, v13, v14], preserve_unit_iters=True, disable_predication=False)
v19, v20, v21, v22 = sch.sample_perfect_tile(loop=l4, n=4, max_innermost_factor=64, decision=[2, 2, 2, 2])
l23, l24, l25, l26 = sch.split(loop=l4, factors=[v19, v20, v21, v22], preserve_unit_iters=True, disable_predication=False)
v27, v28, v29, v30 = sch.sample_perfect_tile(loop=l5, n=4, max_innermost_factor=64, decision=[1, 2, 14, 1])
l31, l32, l33, l34 = sch.split(loop=l5, factors=[v27, v28, v29, v30], preserve_unit_iters=True, disable_predication=False)
v35, v36, v37, v38 = sch.sample_perfect_tile(loop=l6, n=4, max_innermost_factor=64, decision=[2, 14, 1, 1])
l39, l40, l41, l42 = sch.split(loop=l6, factors=[v35, v36, v37, v38], preserve_unit_iters=True, disable_predication=False)
v43, v44, v45, v46 = sch.sample_perfect_tile(loop=l7, n=4, max_innermost_factor=64, decision=[1, 8, 1, 1])
l47, l48, l49, l50 = sch.split(loop=l7, factors=[v43, v44, v45, v46], preserve_unit_iters=True, disable_predication=False)
v51, v52 = sch.sample_perfect_tile(loop=l8, n=2, max_innermost_factor=64, decision=[72, 4])
l53, l54 = sch.split(loop=l8, factors=[v51, v52], preserve_unit_iters=True, disable_predication=False)
v55, v56 = sch.sample_perfect_tile(loop=l9, n=2, max_innermost_factor=64, decision=[1, 1])
l57, l58 = sch.split(loop=l9, factors=[v55, v56], preserve_unit_iters=True, disable_predication=False)
v59, v60 = sch.sample_perfect_tile(loop=l10, n=2, max_innermost_factor=64, decision=[1, 1])
l61, l62 = sch.split(loop=l10, factors=[v59, v60], preserve_unit_iters=True, disable_predication=False)
sch.reorder(l15, l23, l31, l39, l47, l16, l24, l32, l40, l48, l53, l57, l61, l17, l25, l33, l41, l49, l54, l58, l62, l18, l26, l34, l42, l50)
sch.annotate(block_or_loop=b2, ann_key="meta_schedule.parallel", ann_val=96)
sch.annotate(block_or_loop=b2, ann_key="meta_schedule.vectorize", ann_val=64)
v63 = sch.sample_categorical(candidates=[0, 16, 64, 512], probs=[0.25, 0.25, 0.25, 0.25], decision=0)
sch.annotate(block_or_loop=b2, ann_key="meta_schedule.unroll_explicit", ann_val=v63)
2024-05-21 02:46:40 [INFO] [task_scheduler.cc:170] Design space #1:
# from tvm.script import ir as I
# from tvm.script import tir as T

@I.ir_module
class Module:
    @T.prim_func
    def main(p0: T.Buffer((T.int64(1), T.int64(36), T.int64(28), T.int64(28), T.int64(8)), "float32"), p1: T.Buffer((T.int64(16), T.int64(36), T.int64(1), T.int64(1), T.int64(8), T.int64(8)), "float32"), p2: T.Buffer((T.int64(1), T.int64(16), T.int64(1), T.int64(1), T.int64(8)), "float32"), T_relu: T.Buffer((T.int64(1), T.int64(16), T.int64(28), T.int64(28), T.int64(8)), "float32")):
        T.func_attr({"tir.noalias": T.bool(True)})
        with T.block("root"):
            T.reads()
            T.writes()
            T.block_attr({"meta_schedule.parallel": 96, "meta_schedule.unroll_explicit": 16, "meta_schedule.vectorize": 64})
            conv2d_NCHWc = T.alloc_buffer((T.int64(1), T.int64(16), T.int64(28), T.int64(28), T.int64(8)))
            for n_0, oc_chunk_0, oh_0, ow_0, oc_block_0, n_1, oc_chunk_1, oh_1, ow_1, oc_block_1 in T.grid(T.int64(1), T.int64(2), T.int64(1), T.int64(2), T.int64(1), T.int64(1), T.int64(2), T.int64(2), T.int64(14), T.int64(8)):
                for ic_0, kh_0, kw_0, n_2, oc_chunk_2, oh_2, ow_2, oc_block_2, ic_1, kh_1, kw_1, n_3, oc_chunk_3, oh_3, ow_3, oc_block_3 in T.grid(T.int64(72), T.int64(1), T.int64(1), T.int64(1), T.int64(2), T.int64(14), T.int64(1), T.int64(1), T.int64(4), T.int64(1), T.int64(1), T.int64(1), T.int64(2), T.int64(1), T.int64(1), T.int64(1)):
                    with T.block("conv2d_NCHWc"):
                        v_n = T.axis.spatial(T.int64(1), n_0 + n_1 + n_2 + n_3)
                        v_oc_chunk = T.axis.spatial(T.int64(16), oc_chunk_0 * T.int64(8) + oc_chunk_1 * T.int64(4) + oc_chunk_2 * T.int64(2) + oc_chunk_3)
                        v_oh = T.axis.spatial(T.int64(28), oh_0 * T.int64(28) + oh_1 * T.int64(14) + oh_2 + oh_3)
                        v_ow = T.axis.spatial(T.int64(28), ow_0 * T.int64(14) + ow_1 + ow_2 + ow_3)
                        v_oc_block = T.axis.spatial(T.int64(8), oc_block_0 * T.int64(8) + oc_block_1 + oc_block_2 + oc_block_3)
                        v_ic = T.axis.reduce(T.int64(288), ic_0 * T.int64(4) + ic_1)
                        v_kh = T.axis.reduce(T.int64(1), kh_0 + kh_1)
                        v_kw = T.axis.reduce(T.int64(1), kw_0 + kw_1)
                        T.reads(p0[v_n, v_ic // T.int64(8), v_oh + v_kh, v_ow + v_kw, v_ic % T.int64(8)], p1[v_oc_chunk, v_ic // T.int64(8), v_kh, v_kw, v_ic % T.int64(8), v_oc_block])
                        T.writes(conv2d_NCHWc[v_n, v_oc_chunk, v_oh, v_ow, v_oc_block])
                        T.block_attr({"meta_schedule.tiling_structure": "SSRSRS"})
                        with T.init():
                            conv2d_NCHWc[v_n, v_oc_chunk, v_oh, v_ow, v_oc_block] = T.float32(0)
                        conv2d_NCHWc[v_n, v_oc_chunk, v_oh, v_ow, v_oc_block] = conv2d_NCHWc[v_n, v_oc_chunk, v_oh, v_ow, v_oc_block] + p0[v_n, v_ic // T.int64(8), v_oh + v_kh, v_ow + v_kw, v_ic % T.int64(8)] * p1[v_oc_chunk, v_ic // T.int64(8), v_kh, v_kw, v_ic % T.int64(8), v_oc_block]
                for ax0, ax1, ax2, ax3, ax4 in T.grid(T.int64(1), T.int64(4), T.int64(14), T.int64(1), T.int64(1)):
                    with T.block("T_relu"):
                        v_ax0 = T.axis.spatial(T.int64(1), ax0)
                        v_ax1 = T.axis.spatial(T.int64(16), oc_chunk_0 * T.int64(8) + oc_chunk_1 * T.int64(4) + ax1)
                        v_ax2 = T.axis.spatial(T.int64(28), oh_1 * T.int64(14) + ax2)
                        v_ax3 = T.axis.spatial(T.int64(28), ow_0 * T.int64(14) + ow_1 + ax3)
                        v_ax4 = T.axis.spatial(T.int64(8), oc_block_1 + ax4)
                        T.reads(conv2d_NCHWc[v_ax0, v_ax1, v_ax2, v_ax3, v_ax4], p2[v_ax0, v_ax1, T.int64(0), T.int64(0), v_ax4])
                        T.writes(T_relu[v_ax0, v_ax1, v_ax2, v_ax3, v_ax4])
                        T_relu[v_ax0, v_ax1, v_ax2, v_ax3, v_ax4] = T.max(conv2d_NCHWc[v_ax0, v_ax1, v_ax2, v_ax3, v_ax4] + p2[v_ax0, v_ax1, T.int64(0), T.int64(0), v_ax4], T.float32(0))
b0 = sch.get_block(name="conv2d_NCHWc", func_name="main")
b1 = sch.get_block(name="T_add", func_name="main")
b2 = sch.get_block(name="root", func_name="main")
sch.compute_inline(block=b1)
sch.annotate(block_or_loop=b0, ann_key="meta_schedule.tiling_structure", ann_val="SSRSRS")
l3, l4, l5, l6, l7, l8, l9, l10 = sch.get_loops(block=b0)
v11, v12, v13, v14 = sch.sample_perfect_tile(loop=l3, n=4, max_innermost_factor=64, decision=[1, 1, 1, 1])
l15, l16, l17, l18 = sch.split(loop=l3, factors=[v11, v12, v13, v14], preserve_unit_iters=True, disable_predication=False)
v19, v20, v21, v22 = sch.sample_perfect_tile(loop=l4, n=4, max_innermost_factor=64, decision=[2, 2, 2, 2])
l23, l24, l25, l26 = sch.split(loop=l4, factors=[v19, v20, v21, v22], preserve_unit_iters=True, disable_predication=False)
v27, v28, v29, v30 = sch.sample_perfect_tile(loop=l5, n=4, max_innermost_factor=64, decision=[1, 2, 14, 1])
l31, l32, l33, l34 = sch.split(loop=l5, factors=[v27, v28, v29, v30], preserve_unit_iters=True, disable_predication=False)
v35, v36, v37, v38 = sch.sample_perfect_tile(loop=l6, n=4, max_innermost_factor=64, decision=[2, 14, 1, 1])
l39, l40, l41, l42 = sch.split(loop=l6, factors=[v35, v36, v37, v38], preserve_unit_iters=True, disable_predication=False)
v43, v44, v45, v46 = sch.sample_perfect_tile(loop=l7, n=4, max_innermost_factor=64, decision=[1, 8, 1, 1])
l47, l48, l49, l50 = sch.split(loop=l7, factors=[v43, v44, v45, v46], preserve_unit_iters=True, disable_predication=False)
v51, v52 = sch.sample_perfect_tile(loop=l8, n=2, max_innermost_factor=64, decision=[72, 4])
l53, l54 = sch.split(loop=l8, factors=[v51, v52], preserve_unit_iters=True, disable_predication=False)
v55, v56 = sch.sample_perfect_tile(loop=l9, n=2, max_innermost_factor=64, decision=[1, 1])
l57, l58 = sch.split(loop=l9, factors=[v55, v56], preserve_unit_iters=True, disable_predication=False)
v59, v60 = sch.sample_perfect_tile(loop=l10, n=2, max_innermost_factor=64, decision=[1, 1])
l61, l62 = sch.split(loop=l10, factors=[v59, v60], preserve_unit_iters=True, disable_predication=False)
sch.reorder(l15, l23, l31, l39, l47, l16, l24, l32, l40, l48, l53, l57, l61, l17, l25, l33, l41, l49, l54, l58, l62, l18, l26, l34, l42, l50)
b63, = sch.get_consumers(block=b0)
sch.reverse_compute_at(block=b63, loop=l48, preserve_unit_loops=True, index=-1)
sch.annotate(block_or_loop=b2, ann_key="meta_schedule.parallel", ann_val=96)
sch.annotate(block_or_loop=b2, ann_key="meta_schedule.vectorize", ann_val=64)
v64 = sch.sample_categorical(candidates=[0, 16, 64, 512], probs=[0.25, 0.25, 0.25, 0.25], decision=1)
sch.annotate(block_or_loop=b2, ann_key="meta_schedule.unroll_explicit", ann_val=v64)
2024-05-21 02:46:40 [INFO] [task_scheduler.cc:170] Design space #2:
# from tvm.script import ir as I
# from tvm.script import tir as T

@I.ir_module
class Module:
    @T.prim_func
    def main(p0: T.Buffer((T.int64(1), T.int64(36), T.int64(28), T.int64(28), T.int64(8)), "float32"), p1: T.Buffer((T.int64(16), T.int64(36), T.int64(1), T.int64(1), T.int64(8), T.int64(8)), "float32"), p2: T.Buffer((T.int64(1), T.int64(16), T.int64(1), T.int64(1), T.int64(8)), "float32"), T_relu: T.Buffer((T.int64(1), T.int64(16), T.int64(28), T.int64(28), T.int64(8)), "float32")):
        T.func_attr({"tir.noalias": T.bool(True)})
        with T.block("root"):
            T.reads()
            T.writes()
            T.block_attr({"meta_schedule.parallel": 96, "meta_schedule.unroll_explicit": 16, "meta_schedule.vectorize": 64})
            conv2d_NCHWc = T.alloc_buffer((T.int64(1), T.int64(16), T.int64(28), T.int64(28), T.int64(8)))
            for n_0, oc_chunk_0, oh_0, ow_0, oc_block_0 in T.grid(T.int64(1), T.int64(2), T.int64(1), T.int64(2), T.int64(1)):
                for n_1, oc_chunk_1, oh_1, ow_1, oc_block_1, ic_0, kh_0, kw_0, n_2, oc_chunk_2, oh_2, ow_2, oc_block_2, ic_1, kh_1, kw_1, n_3, oc_chunk_3, oh_3, ow_3, oc_block_3 in T.grid(T.int64(1), T.int64(2), T.int64(2), T.int64(14), T.int64(8), T.int64(72), T.int64(1), T.int64(1), T.int64(1), T.int64(2), T.int64(14), T.int64(1), T.int64(1), T.int64(4), T.int64(1), T.int64(1), T.int64(1), T.int64(2), T.int64(1), T.int64(1), T.int64(1)):
                    with T.block("conv2d_NCHWc"):
                        v_n = T.axis.spatial(T.int64(1), n_0 + n_1 + n_2 + n_3)
                        v_oc_chunk = T.axis.spatial(T.int64(16), oc_chunk_0 * T.int64(8) + oc_chunk_1 * T.int64(4) + oc_chunk_2 * T.int64(2) + oc_chunk_3)
                        v_oh = T.axis.spatial(T.int64(28), oh_0 * T.int64(28) + oh_1 * T.int64(14) + oh_2 + oh_3)
                        v_ow = T.axis.spatial(T.int64(28), ow_0 * T.int64(14) + ow_1 + ow_2 + ow_3)
                        v_oc_block = T.axis.spatial(T.int64(8), oc_block_0 * T.int64(8) + oc_block_1 + oc_block_2 + oc_block_3)
                        v_ic = T.axis.reduce(T.int64(288), ic_0 * T.int64(4) + ic_1)
                        v_kh = T.axis.reduce(T.int64(1), kh_0 + kh_1)
                        v_kw = T.axis.reduce(T.int64(1), kw_0 + kw_1)
                        T.reads(p0[v_n, v_ic // T.int64(8), v_oh + v_kh, v_ow + v_kw, v_ic % T.int64(8)], p1[v_oc_chunk, v_ic // T.int64(8), v_kh, v_kw, v_ic % T.int64(8), v_oc_block])
                        T.writes(conv2d_NCHWc[v_n, v_oc_chunk, v_oh, v_ow, v_oc_block])
                        T.block_attr({"meta_schedule.tiling_structure": "SSRSRS"})
                        with T.init():
                            conv2d_NCHWc[v_n, v_oc_chunk, v_oh, v_ow, v_oc_block] = T.float32(0)
                        conv2d_NCHWc[v_n, v_oc_chunk, v_oh, v_ow, v_oc_block] = conv2d_NCHWc[v_n, v_oc_chunk, v_oh, v_ow, v_oc_block] + p0[v_n, v_ic // T.int64(8), v_oh + v_kh, v_ow + v_kw, v_ic % T.int64(8)] * p1[v_oc_chunk, v_ic // T.int64(8), v_kh, v_kw, v_ic % T.int64(8), v_oc_block]
                for ax0, ax1, ax2, ax3, ax4 in T.grid(T.int64(1), T.int64(8), T.int64(28), T.int64(14), T.int64(8)):
                    with T.block("T_relu"):
                        v_ax0 = T.axis.spatial(T.int64(1), ax0)
                        v_ax1 = T.axis.spatial(T.int64(16), oc_chunk_0 * T.int64(8) + ax1)
                        v_ax2 = T.axis.spatial(T.int64(28), ax2)
                        v_ax3 = T.axis.spatial(T.int64(28), ow_0 * T.int64(14) + ax3)
                        v_ax4 = T.axis.spatial(T.int64(8), ax4)
                        T.reads(conv2d_NCHWc[v_ax0, v_ax1, v_ax2, v_ax3, v_ax4], p2[v_ax0, v_ax1, T.int64(0), T.int64(0), v_ax4])
                        T.writes(T_relu[v_ax0, v_ax1, v_ax2, v_ax3, v_ax4])
                        T_relu[v_ax0, v_ax1, v_ax2, v_ax3, v_ax4] = T.max(conv2d_NCHWc[v_ax0, v_ax1, v_ax2, v_ax3, v_ax4] + p2[v_ax0, v_ax1, T.int64(0), T.int64(0), v_ax4], T.float32(0))
b0 = sch.get_block(name="conv2d_NCHWc", func_name="main")
b1 = sch.get_block(name="T_add", func_name="main")
b2 = sch.get_block(name="root", func_name="main")
sch.compute_inline(block=b1)
sch.annotate(block_or_loop=b0, ann_key="meta_schedule.tiling_structure", ann_val="SSRSRS")
l3, l4, l5, l6, l7, l8, l9, l10 = sch.get_loops(block=b0)
v11, v12, v13, v14 = sch.sample_perfect_tile(loop=l3, n=4, max_innermost_factor=64, decision=[1, 1, 1, 1])
l15, l16, l17, l18 = sch.split(loop=l3, factors=[v11, v12, v13, v14], preserve_unit_iters=True, disable_predication=False)
v19, v20, v21, v22 = sch.sample_perfect_tile(loop=l4, n=4, max_innermost_factor=64, decision=[2, 2, 2, 2])
l23, l24, l25, l26 = sch.split(loop=l4, factors=[v19, v20, v21, v22], preserve_unit_iters=True, disable_predication=False)
v27, v28, v29, v30 = sch.sample_perfect_tile(loop=l5, n=4, max_innermost_factor=64, decision=[1, 2, 14, 1])
l31, l32, l33, l34 = sch.split(loop=l5, factors=[v27, v28, v29, v30], preserve_unit_iters=True, disable_predication=False)
v35, v36, v37, v38 = sch.sample_perfect_tile(loop=l6, n=4, max_innermost_factor=64, decision=[2, 14, 1, 1])
l39, l40, l41, l42 = sch.split(loop=l6, factors=[v35, v36, v37, v38], preserve_unit_iters=True, disable_predication=False)
v43, v44, v45, v46 = sch.sample_perfect_tile(loop=l7, n=4, max_innermost_factor=64, decision=[1, 8, 1, 1])
l47, l48, l49, l50 = sch.split(loop=l7, factors=[v43, v44, v45, v46], preserve_unit_iters=True, disable_predication=False)
v51, v52 = sch.sample_perfect_tile(loop=l8, n=2, max_innermost_factor=64, decision=[72, 4])
l53, l54 = sch.split(loop=l8, factors=[v51, v52], preserve_unit_iters=True, disable_predication=False)
v55, v56 = sch.sample_perfect_tile(loop=l9, n=2, max_innermost_factor=64, decision=[1, 1])
l57, l58 = sch.split(loop=l9, factors=[v55, v56], preserve_unit_iters=True, disable_predication=False)
v59, v60 = sch.sample_perfect_tile(loop=l10, n=2, max_innermost_factor=64, decision=[1, 1])
l61, l62 = sch.split(loop=l10, factors=[v59, v60], preserve_unit_iters=True, disable_predication=False)
sch.reorder(l15, l23, l31, l39, l47, l16, l24, l32, l40, l48, l53, l57, l61, l17, l25, l33, l41, l49, l54, l58, l62, l18, l26, l34, l42, l50)
b63, = sch.get_consumers(block=b0)
sch.reverse_compute_at(block=b63, loop=l47, preserve_unit_loops=True, index=-1)
sch.annotate(block_or_loop=b2, ann_key="meta_schedule.parallel", ann_val=96)
sch.annotate(block_or_loop=b2, ann_key="meta_schedule.vectorize", ann_val=64)
v64 = sch.sample_categorical(candidates=[0, 16, 64, 512], probs=[0.25, 0.25, 0.25, 0.25], decision=1)
sch.annotate(block_or_loop=b2, ann_key="meta_schedule.unroll_explicit", ann_val=v64)
2024-05-21 04:05:47 [INFO] [evolutionary_search.cc:713] Generating candidates......
2024-05-21 04:05:47 [INFO] [evolutionary_search.cc:715] Picked top 0 candidate(s) from database
2024-05-21 04:05:47 [INFO] [evolutionary_search.cc:533] Sample-Init-Population summary:
Postproc #0 [meta_schedule.DisallowDynamicLoop(0x1501ece8)]: 0 failure(s)
Postproc #1 [meta_schedule.RewriteParallelVectorizeUnroll(0x1a8d7578)]: 0 failure(s)
Postproc #2 [meta_schedule.RewriteReductionBlock(0xc2db258)]: 0 failure(s)
Postproc #3 [meta_schedule.RewriteLayout(0xd5da8a8)]: 0 failure(s)
2024-05-21 04:05:47 [INFO] [evolutionary_search.cc:723] Sampled 512 candidate(s)
2024-05-21 04:05:48 [INFO] [evolutionary_search.cc:621] Evolve iter #0 done. Summary:
Postproc #0 [meta_schedule.DisallowDynamicLoop(0x1501ece8)]: 0 failure(s)
Postproc #1 [meta_schedule.RewriteParallelVectorizeUnroll(0x1a8d7578)]: 0 failure(s)
Postproc #2 [meta_schedule.RewriteReductionBlock(0xc2db258)]: 0 failure(s)
Postproc #3 [meta_schedule.RewriteLayout(0xd5da8a8)]: 0 failure(s)
2024-05-21 04:05:49 [INFO] [evolutionary_search.cc:621] Evolve iter #1 done. Summary:
Postproc #0 [meta_schedule.DisallowDynamicLoop(0x1501ece8)]: 0 failure(s)
Postproc #1 [meta_schedule.RewriteParallelVectorizeUnroll(0x1a8d7578)]: 0 failure(s)
Postproc #2 [meta_schedule.RewriteReductionBlock(0xc2db258)]: 0 failure(s)
Postproc #3 [meta_schedule.RewriteLayout(0xd5da8a8)]: 0 failure(s)
2024-05-21 04:05:50 [INFO] [evolutionary_search.cc:621] Evolve iter #2 done. Summary:
Postproc #0 [meta_schedule.DisallowDynamicLoop(0x1501ece8)]: 0 failure(s)
Postproc #1 [meta_schedule.RewriteParallelVectorizeUnroll(0x1a8d7578)]: 0 failure(s)
Postproc #2 [meta_schedule.RewriteReductionBlock(0xc2db258)]: 0 failure(s)
Postproc #3 [meta_schedule.RewriteLayout(0xd5da8a8)]: 0 failure(s)
2024-05-21 04:05:51 [INFO] [evolutionary_search.cc:621] Evolve iter #3 done. Summary:
Postproc #0 [meta_schedule.DisallowDynamicLoop(0x1501ece8)]: 0 failure(s)
Postproc #1 [meta_schedule.RewriteParallelVectorizeUnroll(0x1a8d7578)]: 0 failure(s)
Postproc #2 [meta_schedule.RewriteReductionBlock(0xc2db258)]: 0 failure(s)
Postproc #3 [meta_schedule.RewriteLayout(0xd5da8a8)]: 0 failure(s)
2024-05-21 04:05:51 [INFO] [evolutionary_search.cc:649] Scores of the best 64 candidates:
[1 : 16]:	1.0000  0.9998  0.9986  0.9982  0.9974  0.9971  0.9969  0.9960  0.9954  0.9948  0.9945  0.9945  0.9944  0.9941  0.9929  0.9926
[17 : 32]:	0.9899  0.9898  0.9897  0.9895  0.9895  0.9891  0.9879  0.9875  0.9874  0.9870  0.9865  0.9851  0.9843  0.9842  0.9840  0.9838
[33 : 48]:	0.9838  0.9813  0.9808  0.9801  0.9796  0.9796  0.9793  0.9792  0.9773  0.9771  0.9764  0.9758  0.9741  0.9740  0.9726  0.9722
[49 : 64]:	0.9708  0.9696  0.9691  0.9690  0.9688  0.9685  0.9681  0.9680  0.9677  0.9675  0.9668  0.9668  0.9665  0.9655  0.9652  0.9650
2024-05-21 04:05:51 [INFO] [evolutionary_search.cc:727] Got 64 candidate(s) with evolutionary search
2024-05-21 04:05:51 [INFO] [evolutionary_search.cc:730] Sending 64 candidates(s) for measurement
2024-05-21 04:46:42 [INFO] [task_scheduler.cc:131] [Task #48: fused_nn_contrib_conv2d_NCHWc_add_nn_relu_46] Trial #1: GFLOPs: 20.3243. Time: 2853.8955 us. Best GFLOPs: 20.3243
2024-05-21 04:46:42 [INFO] [task_scheduler.cc:131] [Task #48: fused_nn_contrib_conv2d_NCHWc_add_nn_relu_46] Trial #2: GFLOPs: 41.7290. Time: 1390.0019 us. Best GFLOPs: 41.7290
2024-05-21 04:46:42 [INFO] [task_scheduler.cc:131] [Task #48: fused_nn_contrib_conv2d_NCHWc_add_nn_relu_46] Trial #3: GFLOPs: 13.5826. Time: 4270.4109 us. Best GFLOPs: 41.7290
2024-05-21 04:46:42 [INFO] [task_scheduler.cc:131] [Task #48: fused_nn_contrib_conv2d_NCHWc_add_nn_relu_46] Trial #4: GFLOPs: 55.5579. Time: 1044.0186 us. Best GFLOPs: 55.5579
2024-05-21 04:46:42 [INFO] [task_scheduler.cc:131] [Task #48: fused_nn_contrib_conv2d_NCHWc_add_nn_relu_46] Trial #5: GFLOPs: 25.6889. Time: 2257.9212 us. Best GFLOPs: 55.5579
2024-05-21 04:46:42 [INFO] [task_scheduler.cc:131] [Task #48: fused_nn_contrib_conv2d_NCHWc_add_nn_relu_46] Trial #6: GFLOPs: 62.1948. Time: 932.6092 us. Best GFLOPs: 62.1948
2024-05-21 04:46:42 [INFO] [task_scheduler.cc:131] [Task #48: fused_nn_contrib_conv2d_NCHWc_add_nn_relu_46] Trial #7: GFLOPs: 45.8132. Time: 1266.0852 us. Best GFLOPs: 62.1948
2024-05-21 04:46:42 [INFO] [task_scheduler.cc:131] [Task #48: fused_nn_contrib_conv2d_NCHWc_add_nn_relu_46] Trial #8: GFLOPs: 87.9174. Time: 659.7492 us. Best GFLOPs: 87.9174
2024-05-21 04:46:42 [INFO] [task_scheduler.cc:131] [Task #48: fused_nn_contrib_conv2d_NCHWc_add_nn_relu_46] Trial #9: GFLOPs: 17.0974. Time: 3392.5348 us. Best GFLOPs: 87.9174
2024-05-21 04:46:42 [INFO] [task_scheduler.cc:131] [Task #48: fused_nn_contrib_conv2d_NCHWc_add_nn_relu_46] Trial #10: GFLOPs: 148.0268. Time: 391.8443 us. Best GFLOPs: 148.0268
2024-05-21 04:46:42 [INFO] [task_scheduler.cc:131] [Task #48: fused_nn_contrib_conv2d_NCHWc_add_nn_relu_46] Trial #11: GFLOPs: 205.4565. Time: 282.3150 us. Best GFLOPs: 205.4565
2024-05-21 04:46:42 [INFO] [task_scheduler.cc:131] [Task #48: fused_nn_contrib_conv2d_NCHWc_add_nn_relu_46] Trial #12: GFLOPs: 11.7220. Time: 4948.2454 us. Best GFLOPs: 205.4565
2024-05-21 04:46:42 [INFO] [task_scheduler.cc:131] [Task #48: fused_nn_contrib_conv2d_NCHWc_add_nn_relu_46] Trial #13: GFLOPs: 18.5323. Time: 3129.8590 us. Best GFLOPs: 205.4565
2024-05-21 04:46:42 [INFO] [task_scheduler.cc:131] [Task #48: fused_nn_contrib_conv2d_NCHWc_add_nn_relu_46] Trial #14: GFLOPs: 18.5955. Time: 3119.2228 us. Best GFLOPs: 205.4565
2024-05-21 04:46:42 [INFO] [task_scheduler.cc:131] [Task #48: fused_nn_contrib_conv2d_NCHWc_add_nn_relu_46] Trial #15: GFLOPs: 15.9885. Time: 3627.8260 us. Best GFLOPs: 205.4565
2024-05-21 04:46:42 [INFO] [task_scheduler.cc:131] [Task #48: fused_nn_contrib_conv2d_NCHWc_add_nn_relu_46] Trial #16: GFLOPs: 34.2477. Time: 1693.6438 us. Best GFLOPs: 205.4565
2024-05-21 04:46:42 [INFO] [task_scheduler.cc:131] [Task #48: fused_nn_contrib_conv2d_NCHWc_add_nn_relu_46] Trial #17: GFLOPs: 70.3269. Time: 824.7689 us. Best GFLOPs: 205.4565
2024-05-21 04:46:42 [INFO] [task_scheduler.cc:131] [Task #48: fused_nn_contrib_conv2d_NCHWc_add_nn_relu_46] Trial #18: GFLOPs: 23.7426. Time: 2443.0083 us. Best GFLOPs: 205.4565
2024-05-21 04:46:42 [INFO] [task_scheduler.cc:131] [Task #48: fused_nn_contrib_conv2d_NCHWc_add_nn_relu_46] Trial #19: GFLOPs: 60.3525. Time: 961.0778 us. Best GFLOPs: 205.4565
2024-05-21 04:46:42 [INFO] [task_scheduler.cc:131] [Task #48: fused_nn_contrib_conv2d_NCHWc_add_nn_relu_46] Trial #20: GFLOPs: 14.4109. Time: 4024.9605 us. Best GFLOPs: 205.4565
2024-05-21 04:46:42 [INFO] [task_scheduler.cc:131] [Task #48: fused_nn_contrib_conv2d_NCHWc_add_nn_relu_46] Trial #21: GFLOPs: 14.7216. Time: 3940.0145 us. Best GFLOPs: 205.4565
2024-05-21 04:46:42 [INFO] [task_scheduler.cc:131] [Task #48: fused_nn_contrib_conv2d_NCHWc_add_nn_relu_46] Trial #22: GFLOPs: 20.8977. Time: 2775.5841 us. Best GFLOPs: 205.4565
2024-05-21 04:46:42 [INFO] [task_scheduler.cc:131] [Task #48: fused_nn_contrib_conv2d_NCHWc_add_nn_relu_46] Trial #23: GFLOPs: 44.4238. Time: 1305.6846 us. Best GFLOPs: 205.4565
2024-05-21 04:46:42 [INFO] [task_scheduler.cc:131] [Task #48: fused_nn_contrib_conv2d_NCHWc_add_nn_relu_46] Trial #24: GFLOPs: 93.9398. Time: 617.4538 us. Best GFLOPs: 205.4565
2024-05-21 04:46:42 [INFO] [task_scheduler.cc:131] [Task #48: fused_nn_contrib_conv2d_NCHWc_add_nn_relu_46] Trial #25: GFLOPs: 24.1330. Time: 2403.4942 us. Best GFLOPs: 205.4565
2024-05-21 04:46:42 [INFO] [task_scheduler.cc:131] [Task #48: fused_nn_contrib_conv2d_NCHWc_add_nn_relu_46] Trial #26: GFLOPs: 20.8849. Time: 2777.2850 us. Best GFLOPs: 205.4565
2024-05-21 04:46:42 [INFO] [task_scheduler.cc:131] [Task #48: fused_nn_contrib_conv2d_NCHWc_add_nn_relu_46] Trial #27: GFLOPs: 85.9908. Time: 674.5311 us. Best GFLOPs: 205.4565
2024-05-21 04:46:42 [INFO] [task_scheduler.cc:131] [Task #48: fused_nn_contrib_conv2d_NCHWc_add_nn_relu_46] Trial #28: GFLOPs: 71.5451. Time: 810.7261 us. Best GFLOPs: 205.4565
2024-05-21 04:46:42 [INFO] [task_scheduler.cc:131] [Task #48: fused_nn_contrib_conv2d_NCHWc_add_nn_relu_46] Trial #29: GFLOPs: 39.5165. Time: 1467.8287 us. Best GFLOPs: 205.4565
2024-05-21 04:46:42 [INFO] [task_scheduler.cc:131] [Task #48: fused_nn_contrib_conv2d_NCHWc_add_nn_relu_46] Trial #30: GFLOPs: 8.5174. Time: 6809.9777 us. Best GFLOPs: 205.4565
2024-05-21 04:46:42 [INFO] [task_scheduler.cc:131] [Task #48: fused_nn_contrib_conv2d_NCHWc_add_nn_relu_46] Trial #31: GFLOPs: 43.0486. Time: 1347.3953 us. Best GFLOPs: 205.4565
2024-05-21 04:46:42 [INFO] [task_scheduler.cc:131] [Task #48: fused_nn_contrib_conv2d_NCHWc_add_nn_relu_46] Trial #32: GFLOPs: 8.6631. Time: 6695.4988 us. Best GFLOPs: 205.4565
2024-05-21 04:46:42 [INFO] [task_scheduler.cc:131] [Task #48: fused_nn_contrib_conv2d_NCHWc_add_nn_relu_46] Trial #33: GFLOPs: 23.8418. Time: 2432.8517 us. Best GFLOPs: 205.4565
2024-05-21 04:46:42 [INFO] [task_scheduler.cc:131] [Task #48: fused_nn_contrib_conv2d_NCHWc_add_nn_relu_46] Trial #34: GFLOPs: 27.1767. Time: 2134.3090 us. Best GFLOPs: 205.4565
2024-05-21 04:46:42 [INFO] [task_scheduler.cc:131] [Task #48: fused_nn_contrib_conv2d_NCHWc_add_nn_relu_46] Trial #35: GFLOPs: 32.0333. Time: 1810.7263 us. Best GFLOPs: 205.4565
2024-05-21 04:46:42 [INFO] [task_scheduler.cc:131] [Task #48: fused_nn_contrib_conv2d_NCHWc_add_nn_relu_46] Trial #36: GFLOPs: 67.6879. Time: 856.9249 us. Best GFLOPs: 205.4565
2024-05-21 04:46:42 [INFO] [task_scheduler.cc:131] [Task #48: fused_nn_contrib_conv2d_NCHWc_add_nn_relu_46] Trial #37: GFLOPs: 42.1007. Time: 1377.7303 us. Best GFLOPs: 205.4565
2024-05-21 04:46:42 [INFO] [task_scheduler.cc:131] [Task #48: fused_nn_contrib_conv2d_NCHWc_add_nn_relu_46] Trial #38: GFLOPs: 48.0597. Time: 1206.9038 us. Best GFLOPs: 205.4565
2024-05-21 04:46:42 [INFO] [task_scheduler.cc:131] [Task #48: fused_nn_contrib_conv2d_NCHWc_add_nn_relu_46] Trial #39: GFLOPs: 11.6180. Time: 4992.5421 us. Best GFLOPs: 205.4565
2024-05-21 04:46:42 [INFO] [task_scheduler.cc:131] [Task #48: fused_nn_contrib_conv2d_NCHWc_add_nn_relu_46] Trial #40: GFLOPs: 27.4121. Time: 2115.9788 us. Best GFLOPs: 205.4565
2024-05-21 04:46:42 [INFO] [task_scheduler.cc:131] [Task #48: fused_nn_contrib_conv2d_NCHWc_add_nn_relu_46] Trial #41: GFLOPs: 79.3516. Time: 730.9679 us. Best GFLOPs: 205.4565
2024-05-21 04:46:42 [INFO] [task_scheduler.cc:131] [Task #48: fused_nn_contrib_conv2d_NCHWc_add_nn_relu_46] Trial #42: GFLOPs: 22.3476. Time: 2595.5116 us. Best GFLOPs: 205.4565
2024-05-21 04:46:42 [INFO] [task_scheduler.cc:131] [Task #48: fused_nn_contrib_conv2d_NCHWc_add_nn_relu_46] Trial #43: GFLOPs: 61.9391. Time: 936.4595 us. Best GFLOPs: 205.4565
2024-05-21 04:46:42 [INFO] [task_scheduler.cc:131] [Task #48: fused_nn_contrib_conv2d_NCHWc_add_nn_relu_46] Trial #44: GFLOPs: 9.0169. Time: 6432.7257 us. Best GFLOPs: 205.4565
2024-05-21 04:46:42 [INFO] [task_scheduler.cc:131] [Task #48: fused_nn_contrib_conv2d_NCHWc_add_nn_relu_46] Trial #45: GFLOPs: 24.2602. Time: 2390.8865 us. Best GFLOPs: 205.4565
2024-05-21 04:46:42 [INFO] [task_scheduler.cc:131] [Task #48: fused_nn_contrib_conv2d_NCHWc_add_nn_relu_46] Trial #46: GFLOPs: 28.5808. Time: 2029.4581 us. Best GFLOPs: 205.4565
2024-05-21 04:46:42 [INFO] [task_scheduler.cc:131] [Task #48: fused_nn_contrib_conv2d_NCHWc_add_nn_relu_46] Trial #47: GFLOPs: 23.7624. Time: 2440.9814 us. Best GFLOPs: 205.4565
2024-05-21 04:46:42 [INFO] [task_scheduler.cc:131] [Task #48: fused_nn_contrib_conv2d_NCHWc_add_nn_relu_46] Trial #48: GFLOPs: 36.3196. Time: 1597.0285 us. Best GFLOPs: 205.4565
2024-05-21 04:46:42 [INFO] [task_scheduler.cc:131] [Task #48: fused_nn_contrib_conv2d_NCHWc_add_nn_relu_46] Trial #49: GFLOPs: 82.4958. Time: 703.1083 us. Best GFLOPs: 205.4565
2024-05-21 04:46:42 [INFO] [task_scheduler.cc:131] [Task #48: fused_nn_contrib_conv2d_NCHWc_add_nn_relu_46] Trial #50: GFLOPs: 28.3511. Time: 2045.8991 us. Best GFLOPs: 205.4565
2024-05-21 04:46:42 [INFO] [task_scheduler.cc:131] [Task #48: fused_nn_contrib_conv2d_NCHWc_add_nn_relu_46] Trial #51: GFLOPs: 30.3604. Time: 1910.4999 us. Best GFLOPs: 205.4565
2024-05-21 04:46:42 [INFO] [task_scheduler.cc:131] [Task #48: fused_nn_contrib_conv2d_NCHWc_add_nn_relu_46] Trial #52: GFLOPs: 24.3228. Time: 2384.7370 us. Best GFLOPs: 205.4565
2024-05-21 04:46:42 [INFO] [task_scheduler.cc:131] [Task #48: fused_nn_contrib_conv2d_NCHWc_add_nn_relu_46] Trial #53: GFLOPs: 42.7744. Time: 1356.0336 us. Best GFLOPs: 205.4565
2024-05-21 04:46:42 [INFO] [task_scheduler.cc:131] [Task #48: fused_nn_contrib_conv2d_NCHWc_add_nn_relu_46] Trial #54: GFLOPs: 29.5447. Time: 1963.2466 us. Best GFLOPs: 205.4565
2024-05-21 04:46:42 [INFO] [task_scheduler.cc:131] [Task #48: fused_nn_contrib_conv2d_NCHWc_add_nn_relu_46] Trial #55: GFLOPs: 41.2523. Time: 1406.0644 us. Best GFLOPs: 205.4565
2024-05-21 04:46:42 [INFO] [task_scheduler.cc:131] [Task #48: fused_nn_contrib_conv2d_NCHWc_add_nn_relu_46] Trial #56: GFLOPs: 36.3050. Time: 1597.6704 us. Best GFLOPs: 205.4565
2024-05-21 04:46:42 [INFO] [task_scheduler.cc:131] [Task #48: fused_nn_contrib_conv2d_NCHWc_add_nn_relu_46] Trial #57: GFLOPs: 73.9543. Time: 784.3147 us. Best GFLOPs: 205.4565
2024-05-21 04:46:42 [INFO] [task_scheduler.cc:131] [Task #48: fused_nn_contrib_conv2d_NCHWc_add_nn_relu_46] Trial #58: GFLOPs: 10.3066. Time: 5627.8179 us. Best GFLOPs: 205.4565
2024-05-21 04:46:42 [INFO] [task_scheduler.cc:131] [Task #48: fused_nn_contrib_conv2d_NCHWc_add_nn_relu_46] Trial #59: GFLOPs: 21.4791. Time: 2700.4620 us. Best GFLOPs: 205.4565
2024-05-21 04:46:42 [INFO] [task_scheduler.cc:131] [Task #48: fused_nn_contrib_conv2d_NCHWc_add_nn_relu_46] Trial #60: GFLOPs: 23.9853. Time: 2418.2950 us. Best GFLOPs: 205.4565
2024-05-21 04:46:42 [INFO] [task_scheduler.cc:131] [Task #48: fused_nn_contrib_conv2d_NCHWc_add_nn_relu_46] Trial #61: GFLOPs: 75.7456. Time: 765.7668 us. Best GFLOPs: 205.4565
2024-05-21 04:46:42 [INFO] [task_scheduler.cc:131] [Task #48: fused_nn_contrib_conv2d_NCHWc_add_nn_relu_46] Trial #62: GFLOPs: 110.6983. Time: 523.9779 us. Best GFLOPs: 205.4565
2024-05-21 04:46:42 [INFO] [task_scheduler.cc:131] [Task #48: fused_nn_contrib_conv2d_NCHWc_add_nn_relu_46] Trial #63: GFLOPs: 120.3831. Time: 481.8241 us. Best GFLOPs: 205.4565
2024-05-21 04:46:42 [INFO] [task_scheduler.cc:131] [Task #48: fused_nn_contrib_conv2d_NCHWc_add_nn_relu_46] Trial #64: GFLOPs: 42.2630. Time: 1372.4418 us. Best GFLOPs: 205.4565
2024-05-21 05:50:59 [INFO] [evolutionary_search.cc:713] Generating candidates......
2024-05-21 05:50:59 [INFO] [evolutionary_search.cc:715] Picked top 64 candidate(s) from database
2024-05-21 05:51:00 [INFO] [evolutionary_search.cc:533] Sample-Init-Population summary:
Postproc #0 [meta_schedule.DisallowDynamicLoop(0x1501ece8)]: 0 failure(s)
Postproc #1 [meta_schedule.RewriteParallelVectorizeUnroll(0x1a8d7578)]: 0 failure(s)
Postproc #2 [meta_schedule.RewriteReductionBlock(0xc2db258)]: 0 failure(s)
Postproc #3 [meta_schedule.RewriteLayout(0xd5da8a8)]: 0 failure(s)
2024-05-21 05:51:00 [INFO] [evolutionary_search.cc:723] Sampled 448 candidate(s)
2024-05-21 05:51:02 [INFO] [evolutionary_search.cc:621] Evolve iter #0 done. Summary:
Postproc #0 [meta_schedule.DisallowDynamicLoop(0x1501ece8)]: 0 failure(s)
Postproc #1 [meta_schedule.RewriteParallelVectorizeUnroll(0x1a8d7578)]: 0 failure(s)
Postproc #2 [meta_schedule.RewriteReductionBlock(0xc2db258)]: 0 failure(s)
Postproc #3 [meta_schedule.RewriteLayout(0xd5da8a8)]: 0 failure(s)
2024-05-21 05:51:04 [INFO] [evolutionary_search.cc:621] Evolve iter #1 done. Summary:
Postproc #0 [meta_schedule.DisallowDynamicLoop(0x1501ece8)]: 0 failure(s)
Postproc #1 [meta_schedule.RewriteParallelVectorizeUnroll(0x1a8d7578)]: 0 failure(s)
Postproc #2 [meta_schedule.RewriteReductionBlock(0xc2db258)]: 0 failure(s)
Postproc #3 [meta_schedule.RewriteLayout(0xd5da8a8)]: 0 failure(s)
2024-05-21 05:51:06 [INFO] [evolutionary_search.cc:621] Evolve iter #2 done. Summary:
Postproc #0 [meta_schedule.DisallowDynamicLoop(0x1501ece8)]: 0 failure(s)
Postproc #1 [meta_schedule.RewriteParallelVectorizeUnroll(0x1a8d7578)]: 0 failure(s)
Postproc #2 [meta_schedule.RewriteReductionBlock(0xc2db258)]: 0 failure(s)
Postproc #3 [meta_schedule.RewriteLayout(0xd5da8a8)]: 0 failure(s)
2024-05-21 05:51:08 [INFO] [evolutionary_search.cc:621] Evolve iter #3 done. Summary:
Postproc #0 [meta_schedule.DisallowDynamicLoop(0x1501ece8)]: 0 failure(s)
Postproc #1 [meta_schedule.RewriteParallelVectorizeUnroll(0x1a8d7578)]: 0 failure(s)
Postproc #2 [meta_schedule.RewriteReductionBlock(0xc2db258)]: 0 failure(s)
Postproc #3 [meta_schedule.RewriteLayout(0xd5da8a8)]: 0 failure(s)
2024-05-21 05:51:09 [INFO] [evolutionary_search.cc:649] Scores of the best 64 candidates:
[1 : 16]:	0.9464  0.9048  0.7768  0.7015  0.6992  0.6965  0.6962  0.6944  0.6919  0.6913  0.6911  0.6681  0.6650  0.6569  0.6517  0.6468
[17 : 32]:	0.6394  0.6374  0.6363  0.6310  0.6288  0.6283  0.6268  0.6234  0.6232  0.6231  0.6199  0.6193  0.6131  0.6122  0.6118  0.6114
[33 : 48]:	0.6092  0.6087  0.6084  0.6077  0.6068  0.6040  0.6029  0.6007  0.6001  0.6001  0.5989  0.5979  0.5976  0.5970  0.5966  0.5956
[49 : 64]:	0.5938  0.5933  0.5932  0.5925  0.5893  0.5887  0.5880  0.5858  0.5849  0.5831  0.5818  0.5818  0.5815  0.5812  0.5803  0.5801
2024-05-21 05:51:09 [INFO] [evolutionary_search.cc:727] Got 64 candidate(s) with evolutionary search
2024-05-21 05:51:09 [INFO] [evolutionary_search.cc:730] Sending 64 candidates(s) for measurement
2024-05-21 05:52:41 [INFO] [task_scheduler.cc:131] [Task #48: fused_nn_contrib_conv2d_NCHWc_add_nn_relu_46] Trial #65: GFLOPs: 218.9661. Time: 264.8969 us. Best GFLOPs: 218.9661
2024-05-21 05:52:41 [INFO] [task_scheduler.cc:131] [Task #48: fused_nn_contrib_conv2d_NCHWc_add_nn_relu_46] Trial #66: GFLOPs: 147.1919. Time: 394.0668 us. Best GFLOPs: 218.9661
2024-05-21 05:52:41 [INFO] [task_scheduler.cc:131] [Task #48: fused_nn_contrib_conv2d_NCHWc_add_nn_relu_46] Trial #67: GFLOPs: 144.2214. Time: 402.1834 us. Best GFLOPs: 218.9661
2024-05-21 05:52:41 [INFO] [task_scheduler.cc:131] [Task #48: fused_nn_contrib_conv2d_NCHWc_add_nn_relu_46] Trial #68: GFLOPs: 95.1930. Time: 609.3251 us. Best GFLOPs: 218.9661
2024-05-21 05:52:41 [INFO] [task_scheduler.cc:131] [Task #48: fused_nn_contrib_conv2d_NCHWc_add_nn_relu_46] Trial #69: GFLOPs: 129.9857. Time: 446.2294 us. Best GFLOPs: 218.9661
2024-05-21 05:52:41 [INFO] [task_scheduler.cc:131] [Task #48: fused_nn_contrib_conv2d_NCHWc_add_nn_relu_46] Trial #70: GFLOPs: 228.2294. Time: 254.1454 us. Best GFLOPs: 228.2294
2024-05-21 05:52:41 [INFO] [task_scheduler.cc:131] [Task #48: fused_nn_contrib_conv2d_NCHWc_add_nn_relu_46] Trial #71: GFLOPs: 134.7595. Time: 430.4222 us. Best GFLOPs: 228.2294
2024-05-21 05:52:41 [INFO] [task_scheduler.cc:131] [Task #48: fused_nn_contrib_conv2d_NCHWc_add_nn_relu_46] Trial #72: GFLOPs: 89.9067. Time: 645.1520 us. Best GFLOPs: 228.2294
2024-05-21 05:52:41 [INFO] [task_scheduler.cc:131] [Task #48: fused_nn_contrib_conv2d_NCHWc_add_nn_relu_46] Trial #73: GFLOPs: 145.7371. Time: 398.0005 us. Best GFLOPs: 228.2294
2024-05-21 05:52:41 [INFO] [task_scheduler.cc:131] [Task #48: fused_nn_contrib_conv2d_NCHWc_add_nn_relu_46] Trial #74: GFLOPs: 94.7309. Time: 612.2969 us. Best GFLOPs: 228.2294
2024-05-21 05:52:41 [INFO] [task_scheduler.cc:131] [Task #48: fused_nn_contrib_conv2d_NCHWc_add_nn_relu_46] Trial #75: GFLOPs: 106.6690. Time: 543.7705 us. Best GFLOPs: 228.2294
2024-05-21 05:52:41 [INFO] [task_scheduler.cc:131] [Task #48: fused_nn_contrib_conv2d_NCHWc_add_nn_relu_46] Trial #76: GFLOPs: 184.0888. Time: 315.0842 us. Best GFLOPs: 228.2294
2024-05-21 05:52:41 [INFO] [task_scheduler.cc:131] [Task #48: fused_nn_contrib_conv2d_NCHWc_add_nn_relu_46] Trial #77: GFLOPs: 137.9700. Time: 420.4064 us. Best GFLOPs: 228.2294
2024-05-21 05:52:41 [INFO] [task_scheduler.cc:131] [Task #48: fused_nn_contrib_conv2d_NCHWc_add_nn_relu_46] Trial #78: GFLOPs: 85.3509. Time: 679.5878 us. Best GFLOPs: 228.2294
2024-05-21 05:52:41 [INFO] [task_scheduler.cc:131] [Task #48: fused_nn_contrib_conv2d_NCHWc_add_nn_relu_46] Trial #79: GFLOPs: 103.1788. Time: 562.1643 us. Best GFLOPs: 228.2294
2024-05-21 05:52:41 [INFO] [task_scheduler.cc:131] [Task #48: fused_nn_contrib_conv2d_NCHWc_add_nn_relu_46] Trial #80: GFLOPs: 163.3330. Time: 355.1238 us. Best GFLOPs: 228.2294
2024-05-21 05:52:41 [INFO] [task_scheduler.cc:131] [Task #48: fused_nn_contrib_conv2d_NCHWc_add_nn_relu_46] Trial #81: GFLOPs: 134.8811. Time: 430.0338 us. Best GFLOPs: 228.2294
2024-05-21 05:52:41 [INFO] [task_scheduler.cc:131] [Task #48: fused_nn_contrib_conv2d_NCHWc_add_nn_relu_46] Trial #82: GFLOPs: 144.1595. Time: 402.3560 us. Best GFLOPs: 228.2294
2024-05-21 05:52:41 [INFO] [task_scheduler.cc:131] [Task #48: fused_nn_contrib_conv2d_NCHWc_add_nn_relu_46] Trial #83: GFLOPs: 192.5352. Time: 301.2615 us. Best GFLOPs: 228.2294
2024-05-21 05:52:41 [INFO] [task_scheduler.cc:131] [Task #48: fused_nn_contrib_conv2d_NCHWc_add_nn_relu_46] Trial #84: GFLOPs: 117.2305. Time: 494.7812 us. Best GFLOPs: 228.2294
2024-05-21 05:52:41 [INFO] [task_scheduler.cc:131] [Task #48: fused_nn_contrib_conv2d_NCHWc_add_nn_relu_46] Trial #85: GFLOPs: 188.5841. Time: 307.5734 us. Best GFLOPs: 228.2294
2024-05-21 05:52:41 [INFO] [task_scheduler.cc:131] [Task #48: fused_nn_contrib_conv2d_NCHWc_add_nn_relu_46] Trial #86: GFLOPs: 309.4551. Time: 187.4374 us. Best GFLOPs: 309.4551
2024-05-21 05:52:41 [INFO] [task_scheduler.cc:131] [Task #48: fused_nn_contrib_conv2d_NCHWc_add_nn_relu_46] Trial #87: GFLOPs: 120.8200. Time: 480.0816 us. Best GFLOPs: 309.4551
2024-05-21 05:52:41 [INFO] [task_scheduler.cc:131] [Task #48: fused_nn_contrib_conv2d_NCHWc_add_nn_relu_46] Trial #88: GFLOPs: 98.8757. Time: 586.6302 us. Best GFLOPs: 309.4551
2024-05-21 05:52:41 [INFO] [task_scheduler.cc:131] [Task #48: fused_nn_contrib_conv2d_NCHWc_add_nn_relu_46] Trial #89: GFLOPs: 59.6764. Time: 971.9656 us. Best GFLOPs: 309.4551
2024-05-21 05:52:41 [INFO] [task_scheduler.cc:131] [Task #48: fused_nn_contrib_conv2d_NCHWc_add_nn_relu_46] Trial #90: GFLOPs: 111.5919. Time: 519.7822 us. Best GFLOPs: 309.4551
2024-05-21 05:52:41 [INFO] [task_scheduler.cc:131] [Task #48: fused_nn_contrib_conv2d_NCHWc_add_nn_relu_46] Trial #91: GFLOPs: 145.0854. Time: 399.7885 us. Best GFLOPs: 309.4551
2024-05-21 05:52:41 [INFO] [task_scheduler.cc:131] [Task #48: fused_nn_contrib_conv2d_NCHWc_add_nn_relu_46] Trial #92: GFLOPs: 133.1909. Time: 435.4911 us. Best GFLOPs: 309.4551
2024-05-21 05:52:41 [INFO] [task_scheduler.cc:131] [Task #48: fused_nn_contrib_conv2d_NCHWc_add_nn_relu_46] Trial #93: GFLOPs: 187.7153. Time: 308.9970 us. Best GFLOPs: 309.4551
2024-05-21 05:52:41 [INFO] [task_scheduler.cc:131] [Task #48: fused_nn_contrib_conv2d_NCHWc_add_nn_relu_46] Trial #94: GFLOPs: 109.6671. Time: 528.9049 us. Best GFLOPs: 309.4551
2024-05-21 05:52:41 [INFO] [task_scheduler.cc:131] [Task #48: fused_nn_contrib_conv2d_NCHWc_add_nn_relu_46] Trial #95: GFLOPs: 79.1554. Time: 732.7797 us. Best GFLOPs: 309.4551
2024-05-21 05:52:41 [INFO] [task_scheduler.cc:131] [Task #48: fused_nn_contrib_conv2d_NCHWc_add_nn_relu_46] Trial #96: GFLOPs: 71.5314. Time: 810.8807 us. Best GFLOPs: 309.4551
2024-05-21 05:52:41 [INFO] [task_scheduler.cc:131] [Task #48: fused_nn_contrib_conv2d_NCHWc_add_nn_relu_46] Trial #97: GFLOPs: 109.3820. Time: 530.2834 us. Best GFLOPs: 309.4551
2024-05-21 05:52:41 [INFO] [task_scheduler.cc:131] [Task #48: fused_nn_contrib_conv2d_NCHWc_add_nn_relu_46] Trial #98: GFLOPs: 77.6302. Time: 747.1765 us. Best GFLOPs: 309.4551
2024-05-21 05:52:41 [INFO] [task_scheduler.cc:131] [Task #48: fused_nn_contrib_conv2d_NCHWc_add_nn_relu_46] Trial #99: GFLOPs: 103.2907. Time: 561.5552 us. Best GFLOPs: 309.4551
2024-05-21 05:52:41 [INFO] [task_scheduler.cc:131] [Task #48: fused_nn_contrib_conv2d_NCHWc_add_nn_relu_46] Trial #100: GFLOPs: 90.4985. Time: 640.9327 us. Best GFLOPs: 309.4551
2024-05-21 05:52:41 [INFO] [task_scheduler.cc:131] [Task #48: fused_nn_contrib_conv2d_NCHWc_add_nn_relu_46] Trial #101: GFLOPs: 181.2494. Time: 320.0201 us. Best GFLOPs: 309.4551
2024-05-21 05:52:41 [INFO] [task_scheduler.cc:131] [Task #48: fused_nn_contrib_conv2d_NCHWc_add_nn_relu_46] Trial #102: GFLOPs: 242.0495. Time: 239.6346 us. Best GFLOPs: 309.4551
2024-05-21 05:52:41 [INFO] [task_scheduler.cc:131] [Task #48: fused_nn_contrib_conv2d_NCHWc_add_nn_relu_46] Trial #103: GFLOPs: 294.8943. Time: 196.6924 us. Best GFLOPs: 309.4551
2024-05-21 05:52:41 [INFO] [task_scheduler.cc:131] [Task #48: fused_nn_contrib_conv2d_NCHWc_add_nn_relu_46] Trial #104: GFLOPs: 171.5380. Time: 338.1376 us. Best GFLOPs: 309.4551
2024-05-21 05:52:41 [INFO] [task_scheduler.cc:131] [Task #48: fused_nn_contrib_conv2d_NCHWc_add_nn_relu_46] Trial #105: GFLOPs: 337.7024. Time: 171.7591 us. Best GFLOPs: 337.7024
2024-05-21 05:52:41 [INFO] [task_scheduler.cc:131] [Task #48: fused_nn_contrib_conv2d_NCHWc_add_nn_relu_46] Trial #106: GFLOPs: 234.8604. Time: 246.9699 us. Best GFLOPs: 337.7024
2024-05-21 05:52:41 [INFO] [task_scheduler.cc:131] [Task #48: fused_nn_contrib_conv2d_NCHWc_add_nn_relu_46] Trial #107: GFLOPs: 154.0335. Time: 376.5638 us. Best GFLOPs: 337.7024
2024-05-21 05:52:41 [INFO] [task_scheduler.cc:131] [Task #48: fused_nn_contrib_conv2d_NCHWc_add_nn_relu_46] Trial #108: GFLOPs: 300.8560. Time: 192.7947 us. Best GFLOPs: 337.7024
2024-05-21 05:52:41 [INFO] [task_scheduler.cc:131] [Task #48: fused_nn_contrib_conv2d_NCHWc_add_nn_relu_46] Trial #109: GFLOPs: 241.4526. Time: 240.2271 us. Best GFLOPs: 337.7024
2024-05-21 05:52:41 [INFO] [task_scheduler.cc:131] [Task #48: fused_nn_contrib_conv2d_NCHWc_add_nn_relu_46] Trial #110: GFLOPs: 193.2546. Time: 300.1401 us. Best GFLOPs: 337.7024
2024-05-21 05:52:41 [INFO] [task_scheduler.cc:131] [Task #48: fused_nn_contrib_conv2d_NCHWc_add_nn_relu_46] Trial #111: GFLOPs: 229.6830. Time: 252.5370 us. Best GFLOPs: 337.7024
2024-05-21 05:52:41 [INFO] [task_scheduler.cc:131] [Task #48: fused_nn_contrib_conv2d_NCHWc_add_nn_relu_46] Trial #112: GFLOPs: 89.1524. Time: 650.6098 us. Best GFLOPs: 337.7024
2024-05-21 05:52:41 [INFO] [task_scheduler.cc:131] [Task #48: fused_nn_contrib_conv2d_NCHWc_add_nn_relu_46] Trial #113: GFLOPs: 135.0343. Time: 429.5460 us. Best GFLOPs: 337.7024
2024-05-21 05:52:41 [INFO] [task_scheduler.cc:131] [Task #48: fused_nn_contrib_conv2d_NCHWc_add_nn_relu_46] Trial #114: GFLOPs: 78.4250. Time: 739.6041 us. Best GFLOPs: 337.7024
2024-05-21 05:52:41 [INFO] [task_scheduler.cc:131] [Task #48: fused_nn_contrib_conv2d_NCHWc_add_nn_relu_46] Trial #115: GFLOPs: 189.7535. Time: 305.6779 us. Best GFLOPs: 337.7024
2024-05-21 05:52:41 [INFO] [task_scheduler.cc:131] [Task #48: fused_nn_contrib_conv2d_NCHWc_add_nn_relu_46] Trial #116: GFLOPs: 211.4178. Time: 274.3547 us. Best GFLOPs: 337.7024
2024-05-21 05:52:41 [INFO] [task_scheduler.cc:131] [Task #48: fused_nn_contrib_conv2d_NCHWc_add_nn_relu_46] Trial #117: GFLOPs: 238.9308. Time: 242.7625 us. Best GFLOPs: 337.7024
2024-05-21 05:52:41 [INFO] [task_scheduler.cc:131] [Task #48: fused_nn_contrib_conv2d_NCHWc_add_nn_relu_46] Trial #118: GFLOPs: 94.1789. Time: 615.8856 us. Best GFLOPs: 337.7024
2024-05-21 05:52:41 [INFO] [task_scheduler.cc:131] [Task #48: fused_nn_contrib_conv2d_NCHWc_add_nn_relu_46] Trial #119: GFLOPs: 87.7245. Time: 661.2006 us. Best GFLOPs: 337.7024
2024-05-21 05:52:41 [INFO] [task_scheduler.cc:131] [Task #48: fused_nn_contrib_conv2d_NCHWc_add_nn_relu_46] Trial #120: GFLOPs: 90.3560. Time: 641.9438 us. Best GFLOPs: 337.7024
2024-05-21 05:52:41 [INFO] [task_scheduler.cc:131] [Task #48: fused_nn_contrib_conv2d_NCHWc_add_nn_relu_46] Trial #121: GFLOPs: 92.6886. Time: 625.7887 us. Best GFLOPs: 337.7024
2024-05-21 05:52:41 [INFO] [task_scheduler.cc:131] [Task #48: fused_nn_contrib_conv2d_NCHWc_add_nn_relu_46] Trial #122: GFLOPs: 106.5945. Time: 544.1505 us. Best GFLOPs: 337.7024
2024-05-21 05:52:41 [INFO] [task_scheduler.cc:131] [Task #48: fused_nn_contrib_conv2d_NCHWc_add_nn_relu_46] Trial #123: GFLOPs: 74.3699. Time: 779.9323 us. Best GFLOPs: 337.7024
2024-05-21 05:52:41 [INFO] [task_scheduler.cc:131] [Task #48: fused_nn_contrib_conv2d_NCHWc_add_nn_relu_46] Trial #124: GFLOPs: 78.3867. Time: 739.9654 us. Best GFLOPs: 337.7024
2024-05-21 05:52:41 [INFO] [task_scheduler.cc:131] [Task #48: fused_nn_contrib_conv2d_NCHWc_add_nn_relu_46] Trial #125: GFLOPs: 84.6909. Time: 684.8838 us. Best GFLOPs: 337.7024
2024-05-21 05:52:41 [INFO] [task_scheduler.cc:131] [Task #48: fused_nn_contrib_conv2d_NCHWc_add_nn_relu_46] Trial #126: GFLOPs: 14.1743. Time: 4092.1457 us. Best GFLOPs: 337.7024
2024-05-21 05:52:41 [INFO] [task_scheduler.cc:131] [Task #48: fused_nn_contrib_conv2d_NCHWc_add_nn_relu_46] Trial #127: GFLOPs: 29.5829. Time: 1960.7105 us. Best GFLOPs: 337.7024
2024-05-21 05:52:41 [INFO] [task_scheduler.cc:131] [Task #48: fused_nn_contrib_conv2d_NCHWc_add_nn_relu_46] Trial #128: GFLOPs: 44.6914. Time: 1297.8661 us. Best GFLOPs: 337.7024
