2024-05-21 02:46:38 [INFO] [task_scheduler.cc:160] Initializing Task #10: "fused_nn_contrib_conv2d_NCHWc_add_nn_relu_10"
2024-05-21 02:46:38 [INFO] [task_scheduler.cc:35] 
# from tvm.script import ir as I
# from tvm.script import tir as T

@I.ir_module
class Module:
    @T.prim_func
    def main(p0: T.Buffer((T.int64(1), T.int64(84), T.int64(7), T.int64(7), T.int64(8)), "float32"), p1: T.Buffer((T.int64(16), T.int64(84), T.int64(1), T.int64(1), T.int64(8), T.int64(8)), "float32"), p2: T.Buffer((T.int64(1), T.int64(16), T.int64(1), T.int64(1), T.int64(8)), "float32"), T_relu: T.Buffer((T.int64(1), T.int64(16), T.int64(7), T.int64(7), T.int64(8)), "float32")):
        T.func_attr({"tir.noalias": T.bool(True)})
        # with T.block("root"):
        conv2d_NCHWc = T.alloc_buffer((T.int64(1), T.int64(16), T.int64(7), T.int64(7), T.int64(8)))
        T_add = T.alloc_buffer((T.int64(1), T.int64(16), T.int64(7), T.int64(7), T.int64(8)))
        for n, oc_chunk, oh, ow, oc_block, ic, kh, kw in T.grid(T.int64(1), T.int64(16), T.int64(7), T.int64(7), T.int64(8), T.int64(672), T.int64(1), T.int64(1)):
            with T.block("conv2d_NCHWc"):
                v_n, v_oc_chunk, v_oh, v_ow, v_oc_block, v_ic, v_kh, v_kw = T.axis.remap("SSSSSRRR", [n, oc_chunk, oh, ow, oc_block, ic, kh, kw])
                T.reads(p0[v_n, v_ic // T.int64(8), v_oh + v_kh, v_ow + v_kw, v_ic % T.int64(8)], p1[v_oc_chunk, v_ic // T.int64(8), v_kh, v_kw, v_ic % T.int64(8), v_oc_block])
                T.writes(conv2d_NCHWc[v_n, v_oc_chunk, v_oh, v_ow, v_oc_block])
                with T.init():
                    conv2d_NCHWc[v_n, v_oc_chunk, v_oh, v_ow, v_oc_block] = T.float32(0)
                conv2d_NCHWc[v_n, v_oc_chunk, v_oh, v_ow, v_oc_block] = conv2d_NCHWc[v_n, v_oc_chunk, v_oh, v_ow, v_oc_block] + p0[v_n, v_ic // T.int64(8), v_oh + v_kh, v_ow + v_kw, v_ic % T.int64(8)] * p1[v_oc_chunk, v_ic // T.int64(8), v_kh, v_kw, v_ic % T.int64(8), v_oc_block]
        for ax0, ax1, ax2, ax3, ax4 in T.grid(T.int64(1), T.int64(16), T.int64(7), T.int64(7), T.int64(8)):
            with T.block("T_add"):
                v_ax0, v_ax1, v_ax2, v_ax3, v_ax4 = T.axis.remap("SSSSS", [ax0, ax1, ax2, ax3, ax4])
                T.reads(conv2d_NCHWc[v_ax0, v_ax1, v_ax2, v_ax3, v_ax4], p2[v_ax0, v_ax1, T.int64(0), T.int64(0), v_ax4])
                T.writes(T_add[v_ax0, v_ax1, v_ax2, v_ax3, v_ax4])
                T_add[v_ax0, v_ax1, v_ax2, v_ax3, v_ax4] = conv2d_NCHWc[v_ax0, v_ax1, v_ax2, v_ax3, v_ax4] + p2[v_ax0, v_ax1, T.int64(0), T.int64(0), v_ax4]
        for ax0, ax1, ax2, ax3, ax4 in T.grid(T.int64(1), T.int64(16), T.int64(7), T.int64(7), T.int64(8)):
            with T.block("T_relu"):
                v_ax0, v_ax1, v_ax2, v_ax3, v_ax4 = T.axis.remap("SSSSS", [ax0, ax1, ax2, ax3, ax4])
                T.reads(T_add[v_ax0, v_ax1, v_ax2, v_ax3, v_ax4])
                T.writes(T_relu[v_ax0, v_ax1, v_ax2, v_ax3, v_ax4])
                T_relu[v_ax0, v_ax1, v_ax2, v_ax3, v_ax4] = T.max(T_add[v_ax0, v_ax1, v_ax2, v_ax3, v_ax4], T.float32(0))
2024-05-21 02:46:38 [INFO] [task_scheduler.cc:164] Total 3 design space(s) generated
2024-05-21 02:46:38 [INFO] [task_scheduler.cc:170] Design space #0:
# from tvm.script import ir as I
# from tvm.script import tir as T

@I.ir_module
class Module:
    @T.prim_func
    def main(p0: T.Buffer((T.int64(1), T.int64(84), T.int64(7), T.int64(7), T.int64(8)), "float32"), p1: T.Buffer((T.int64(16), T.int64(84), T.int64(1), T.int64(1), T.int64(8), T.int64(8)), "float32"), p2: T.Buffer((T.int64(1), T.int64(16), T.int64(1), T.int64(1), T.int64(8)), "float32"), T_relu: T.Buffer((T.int64(1), T.int64(16), T.int64(7), T.int64(7), T.int64(8)), "float32")):
        T.func_attr({"tir.noalias": T.bool(True)})
        with T.block("root"):
            T.reads()
            T.writes()
            T.block_attr({"meta_schedule.parallel": 96, "meta_schedule.unroll_explicit": 0, "meta_schedule.vectorize": 64})
            conv2d_NCHWc = T.alloc_buffer((T.int64(1), T.int64(16), T.int64(7), T.int64(7), T.int64(8)))
            for n_0, oc_chunk_0, oh_0, ow_0, oc_block_0, n_1, oc_chunk_1, oh_1, ow_1, oc_block_1, ic_0, kh_0, kw_0, n_2, oc_chunk_2, oh_2, ow_2, oc_block_2, ic_1, kh_1, kw_1, n_3, oc_chunk_3, oh_3, ow_3, oc_block_3 in T.grid(T.int64(1), T.int64(4), T.int64(1), T.int64(1), T.int64(4), T.int64(1), T.int64(1), T.int64(1), T.int64(1), T.int64(2), T.int64(224), T.int64(1), T.int64(1), T.int64(1), T.int64(1), T.int64(7), T.int64(1), T.int64(1), T.int64(3), T.int64(1), T.int64(1), T.int64(1), T.int64(4), T.int64(1), T.int64(7), T.int64(1)):
                with T.block("conv2d_NCHWc"):
                    v_n = T.axis.spatial(T.int64(1), n_0 + n_1 + n_2 + n_3)
                    v_oc_chunk = T.axis.spatial(T.int64(16), oc_chunk_0 * T.int64(4) + oc_chunk_1 * T.int64(4) + oc_chunk_2 * T.int64(4) + oc_chunk_3)
                    v_oh = T.axis.spatial(T.int64(7), oh_0 * T.int64(7) + oh_1 * T.int64(7) + oh_2 + oh_3)
                    v_ow = T.axis.spatial(T.int64(7), ow_0 * T.int64(7) + ow_1 * T.int64(7) + ow_2 * T.int64(7) + ow_3)
                    v_oc_block = T.axis.spatial(T.int64(8), oc_block_0 * T.int64(2) + oc_block_1 + oc_block_2 + oc_block_3)
                    v_ic = T.axis.reduce(T.int64(672), ic_0 * T.int64(3) + ic_1)
                    v_kh = T.axis.reduce(T.int64(1), kh_0 + kh_1)
                    v_kw = T.axis.reduce(T.int64(1), kw_0 + kw_1)
                    T.reads(p0[v_n, v_ic // T.int64(8), v_oh + v_kh, v_ow + v_kw, v_ic % T.int64(8)], p1[v_oc_chunk, v_ic // T.int64(8), v_kh, v_kw, v_ic % T.int64(8), v_oc_block])
                    T.writes(conv2d_NCHWc[v_n, v_oc_chunk, v_oh, v_ow, v_oc_block])
                    T.block_attr({"meta_schedule.tiling_structure": "SSRSRS"})
                    with T.init():
                        conv2d_NCHWc[v_n, v_oc_chunk, v_oh, v_ow, v_oc_block] = T.float32(0)
                    conv2d_NCHWc[v_n, v_oc_chunk, v_oh, v_ow, v_oc_block] = conv2d_NCHWc[v_n, v_oc_chunk, v_oh, v_ow, v_oc_block] + p0[v_n, v_ic // T.int64(8), v_oh + v_kh, v_ow + v_kw, v_ic % T.int64(8)] * p1[v_oc_chunk, v_ic // T.int64(8), v_kh, v_kw, v_ic % T.int64(8), v_oc_block]
            for ax0, ax1, ax2, ax3, ax4 in T.grid(T.int64(1), T.int64(16), T.int64(7), T.int64(7), T.int64(8)):
                with T.block("T_relu"):
                    v_ax0, v_ax1, v_ax2, v_ax3, v_ax4 = T.axis.remap("SSSSS", [ax0, ax1, ax2, ax3, ax4])
                    T.reads(conv2d_NCHWc[v_ax0, v_ax1, v_ax2, v_ax3, v_ax4], p2[v_ax0, v_ax1, T.int64(0), T.int64(0), v_ax4])
                    T.writes(T_relu[v_ax0, v_ax1, v_ax2, v_ax3, v_ax4])
                    T_relu[v_ax0, v_ax1, v_ax2, v_ax3, v_ax4] = T.max(conv2d_NCHWc[v_ax0, v_ax1, v_ax2, v_ax3, v_ax4] + p2[v_ax0, v_ax1, T.int64(0), T.int64(0), v_ax4], T.float32(0))
b0 = sch.get_block(name="conv2d_NCHWc", func_name="main")
b1 = sch.get_block(name="T_add", func_name="main")
b2 = sch.get_block(name="root", func_name="main")
sch.compute_inline(block=b1)
sch.annotate(block_or_loop=b0, ann_key="meta_schedule.tiling_structure", ann_val="SSRSRS")
l3, l4, l5, l6, l7, l8, l9, l10 = sch.get_loops(block=b0)
v11, v12, v13, v14 = sch.sample_perfect_tile(loop=l3, n=4, max_innermost_factor=64, decision=[1, 1, 1, 1])
l15, l16, l17, l18 = sch.split(loop=l3, factors=[v11, v12, v13, v14], preserve_unit_iters=True, disable_predication=False)
v19, v20, v21, v22 = sch.sample_perfect_tile(loop=l4, n=4, max_innermost_factor=64, decision=[4, 1, 1, 4])
l23, l24, l25, l26 = sch.split(loop=l4, factors=[v19, v20, v21, v22], preserve_unit_iters=True, disable_predication=False)
v27, v28, v29, v30 = sch.sample_perfect_tile(loop=l5, n=4, max_innermost_factor=64, decision=[1, 1, 7, 1])
l31, l32, l33, l34 = sch.split(loop=l5, factors=[v27, v28, v29, v30], preserve_unit_iters=True, disable_predication=False)
v35, v36, v37, v38 = sch.sample_perfect_tile(loop=l6, n=4, max_innermost_factor=64, decision=[1, 1, 1, 7])
l39, l40, l41, l42 = sch.split(loop=l6, factors=[v35, v36, v37, v38], preserve_unit_iters=True, disable_predication=False)
v43, v44, v45, v46 = sch.sample_perfect_tile(loop=l7, n=4, max_innermost_factor=64, decision=[4, 2, 1, 1])
l47, l48, l49, l50 = sch.split(loop=l7, factors=[v43, v44, v45, v46], preserve_unit_iters=True, disable_predication=False)
v51, v52 = sch.sample_perfect_tile(loop=l8, n=2, max_innermost_factor=64, decision=[224, 3])
l53, l54 = sch.split(loop=l8, factors=[v51, v52], preserve_unit_iters=True, disable_predication=False)
v55, v56 = sch.sample_perfect_tile(loop=l9, n=2, max_innermost_factor=64, decision=[1, 1])
l57, l58 = sch.split(loop=l9, factors=[v55, v56], preserve_unit_iters=True, disable_predication=False)
v59, v60 = sch.sample_perfect_tile(loop=l10, n=2, max_innermost_factor=64, decision=[1, 1])
l61, l62 = sch.split(loop=l10, factors=[v59, v60], preserve_unit_iters=True, disable_predication=False)
sch.reorder(l15, l23, l31, l39, l47, l16, l24, l32, l40, l48, l53, l57, l61, l17, l25, l33, l41, l49, l54, l58, l62, l18, l26, l34, l42, l50)
sch.annotate(block_or_loop=b2, ann_key="meta_schedule.parallel", ann_val=96)
sch.annotate(block_or_loop=b2, ann_key="meta_schedule.vectorize", ann_val=64)
v63 = sch.sample_categorical(candidates=[0, 16, 64, 512], probs=[0.25, 0.25, 0.25, 0.25], decision=0)
sch.annotate(block_or_loop=b2, ann_key="meta_schedule.unroll_explicit", ann_val=v63)
2024-05-21 02:46:38 [INFO] [task_scheduler.cc:170] Design space #1:
# from tvm.script import ir as I
# from tvm.script import tir as T

@I.ir_module
class Module:
    @T.prim_func
    def main(p0: T.Buffer((T.int64(1), T.int64(84), T.int64(7), T.int64(7), T.int64(8)), "float32"), p1: T.Buffer((T.int64(16), T.int64(84), T.int64(1), T.int64(1), T.int64(8), T.int64(8)), "float32"), p2: T.Buffer((T.int64(1), T.int64(16), T.int64(1), T.int64(1), T.int64(8)), "float32"), T_relu: T.Buffer((T.int64(1), T.int64(16), T.int64(7), T.int64(7), T.int64(8)), "float32")):
        T.func_attr({"tir.noalias": T.bool(True)})
        with T.block("root"):
            T.reads()
            T.writes()
            T.block_attr({"meta_schedule.parallel": 96, "meta_schedule.unroll_explicit": 16, "meta_schedule.vectorize": 64})
            conv2d_NCHWc = T.alloc_buffer((T.int64(1), T.int64(16), T.int64(7), T.int64(7), T.int64(8)))
            for n_0, oc_chunk_0, oh_0, ow_0, oc_block_0, n_1, oc_chunk_1, oh_1, ow_1, oc_block_1 in T.grid(T.int64(1), T.int64(4), T.int64(1), T.int64(1), T.int64(4), T.int64(1), T.int64(1), T.int64(1), T.int64(1), T.int64(2)):
                for ic_0, kh_0, kw_0, n_2, oc_chunk_2, oh_2, ow_2, oc_block_2, ic_1, kh_1, kw_1, n_3, oc_chunk_3, oh_3, ow_3, oc_block_3 in T.grid(T.int64(224), T.int64(1), T.int64(1), T.int64(1), T.int64(1), T.int64(7), T.int64(1), T.int64(1), T.int64(3), T.int64(1), T.int64(1), T.int64(1), T.int64(4), T.int64(1), T.int64(7), T.int64(1)):
                    with T.block("conv2d_NCHWc"):
                        v_n = T.axis.spatial(T.int64(1), n_0 + n_1 + n_2 + n_3)
                        v_oc_chunk = T.axis.spatial(T.int64(16), oc_chunk_0 * T.int64(4) + oc_chunk_1 * T.int64(4) + oc_chunk_2 * T.int64(4) + oc_chunk_3)
                        v_oh = T.axis.spatial(T.int64(7), oh_0 * T.int64(7) + oh_1 * T.int64(7) + oh_2 + oh_3)
                        v_ow = T.axis.spatial(T.int64(7), ow_0 * T.int64(7) + ow_1 * T.int64(7) + ow_2 * T.int64(7) + ow_3)
                        v_oc_block = T.axis.spatial(T.int64(8), oc_block_0 * T.int64(2) + oc_block_1 + oc_block_2 + oc_block_3)
                        v_ic = T.axis.reduce(T.int64(672), ic_0 * T.int64(3) + ic_1)
                        v_kh = T.axis.reduce(T.int64(1), kh_0 + kh_1)
                        v_kw = T.axis.reduce(T.int64(1), kw_0 + kw_1)
                        T.reads(p0[v_n, v_ic // T.int64(8), v_oh + v_kh, v_ow + v_kw, v_ic % T.int64(8)], p1[v_oc_chunk, v_ic // T.int64(8), v_kh, v_kw, v_ic % T.int64(8), v_oc_block])
                        T.writes(conv2d_NCHWc[v_n, v_oc_chunk, v_oh, v_ow, v_oc_block])
                        T.block_attr({"meta_schedule.tiling_structure": "SSRSRS"})
                        with T.init():
                            conv2d_NCHWc[v_n, v_oc_chunk, v_oh, v_ow, v_oc_block] = T.float32(0)
                        conv2d_NCHWc[v_n, v_oc_chunk, v_oh, v_ow, v_oc_block] = conv2d_NCHWc[v_n, v_oc_chunk, v_oh, v_ow, v_oc_block] + p0[v_n, v_ic // T.int64(8), v_oh + v_kh, v_ow + v_kw, v_ic % T.int64(8)] * p1[v_oc_chunk, v_ic // T.int64(8), v_kh, v_kw, v_ic % T.int64(8), v_oc_block]
                for ax0, ax1, ax2, ax3, ax4 in T.grid(T.int64(1), T.int64(4), T.int64(7), T.int64(7), T.int64(1)):
                    with T.block("T_relu"):
                        v_ax0 = T.axis.spatial(T.int64(1), ax0)
                        v_ax1 = T.axis.spatial(T.int64(16), oc_chunk_0 * T.int64(4) + ax1)
                        v_ax2, v_ax3 = T.axis.remap("SS", [ax2, ax3])
                        v_ax4 = T.axis.spatial(T.int64(8), oc_block_0 * T.int64(2) + oc_block_1 + ax4)
                        T.reads(conv2d_NCHWc[v_ax0, v_ax1, v_ax2, v_ax3, v_ax4], p2[v_ax0, v_ax1, T.int64(0), T.int64(0), v_ax4])
                        T.writes(T_relu[v_ax0, v_ax1, v_ax2, v_ax3, v_ax4])
                        T_relu[v_ax0, v_ax1, v_ax2, v_ax3, v_ax4] = T.max(conv2d_NCHWc[v_ax0, v_ax1, v_ax2, v_ax3, v_ax4] + p2[v_ax0, v_ax1, T.int64(0), T.int64(0), v_ax4], T.float32(0))
b0 = sch.get_block(name="conv2d_NCHWc", func_name="main")
b1 = sch.get_block(name="T_add", func_name="main")
b2 = sch.get_block(name="root", func_name="main")
sch.compute_inline(block=b1)
sch.annotate(block_or_loop=b0, ann_key="meta_schedule.tiling_structure", ann_val="SSRSRS")
l3, l4, l5, l6, l7, l8, l9, l10 = sch.get_loops(block=b0)
v11, v12, v13, v14 = sch.sample_perfect_tile(loop=l3, n=4, max_innermost_factor=64, decision=[1, 1, 1, 1])
l15, l16, l17, l18 = sch.split(loop=l3, factors=[v11, v12, v13, v14], preserve_unit_iters=True, disable_predication=False)
v19, v20, v21, v22 = sch.sample_perfect_tile(loop=l4, n=4, max_innermost_factor=64, decision=[4, 1, 1, 4])
l23, l24, l25, l26 = sch.split(loop=l4, factors=[v19, v20, v21, v22], preserve_unit_iters=True, disable_predication=False)
v27, v28, v29, v30 = sch.sample_perfect_tile(loop=l5, n=4, max_innermost_factor=64, decision=[1, 1, 7, 1])
l31, l32, l33, l34 = sch.split(loop=l5, factors=[v27, v28, v29, v30], preserve_unit_iters=True, disable_predication=False)
v35, v36, v37, v38 = sch.sample_perfect_tile(loop=l6, n=4, max_innermost_factor=64, decision=[1, 1, 1, 7])
l39, l40, l41, l42 = sch.split(loop=l6, factors=[v35, v36, v37, v38], preserve_unit_iters=True, disable_predication=False)
v43, v44, v45, v46 = sch.sample_perfect_tile(loop=l7, n=4, max_innermost_factor=64, decision=[4, 2, 1, 1])
l47, l48, l49, l50 = sch.split(loop=l7, factors=[v43, v44, v45, v46], preserve_unit_iters=True, disable_predication=False)
v51, v52 = sch.sample_perfect_tile(loop=l8, n=2, max_innermost_factor=64, decision=[224, 3])
l53, l54 = sch.split(loop=l8, factors=[v51, v52], preserve_unit_iters=True, disable_predication=False)
v55, v56 = sch.sample_perfect_tile(loop=l9, n=2, max_innermost_factor=64, decision=[1, 1])
l57, l58 = sch.split(loop=l9, factors=[v55, v56], preserve_unit_iters=True, disable_predication=False)
v59, v60 = sch.sample_perfect_tile(loop=l10, n=2, max_innermost_factor=64, decision=[1, 1])
l61, l62 = sch.split(loop=l10, factors=[v59, v60], preserve_unit_iters=True, disable_predication=False)
sch.reorder(l15, l23, l31, l39, l47, l16, l24, l32, l40, l48, l53, l57, l61, l17, l25, l33, l41, l49, l54, l58, l62, l18, l26, l34, l42, l50)
b63, = sch.get_consumers(block=b0)
sch.reverse_compute_at(block=b63, loop=l48, preserve_unit_loops=True, index=-1)
sch.annotate(block_or_loop=b2, ann_key="meta_schedule.parallel", ann_val=96)
sch.annotate(block_or_loop=b2, ann_key="meta_schedule.vectorize", ann_val=64)
v64 = sch.sample_categorical(candidates=[0, 16, 64, 512], probs=[0.25, 0.25, 0.25, 0.25], decision=1)
sch.annotate(block_or_loop=b2, ann_key="meta_schedule.unroll_explicit", ann_val=v64)
2024-05-21 02:46:38 [INFO] [task_scheduler.cc:170] Design space #2:
# from tvm.script import ir as I
# from tvm.script import tir as T

@I.ir_module
class Module:
    @T.prim_func
    def main(p0: T.Buffer((T.int64(1), T.int64(84), T.int64(7), T.int64(7), T.int64(8)), "float32"), p1: T.Buffer((T.int64(16), T.int64(84), T.int64(1), T.int64(1), T.int64(8), T.int64(8)), "float32"), p2: T.Buffer((T.int64(1), T.int64(16), T.int64(1), T.int64(1), T.int64(8)), "float32"), T_relu: T.Buffer((T.int64(1), T.int64(16), T.int64(7), T.int64(7), T.int64(8)), "float32")):
        T.func_attr({"tir.noalias": T.bool(True)})
        with T.block("root"):
            T.reads()
            T.writes()
            T.block_attr({"meta_schedule.parallel": 96, "meta_schedule.unroll_explicit": 64, "meta_schedule.vectorize": 64})
            conv2d_NCHWc = T.alloc_buffer((T.int64(1), T.int64(16), T.int64(7), T.int64(7), T.int64(8)))
            for n_0, oc_chunk_0, oh_0, ow_0, oc_block_0 in T.grid(T.int64(1), T.int64(4), T.int64(1), T.int64(1), T.int64(4)):
                for n_1, oc_chunk_1, oh_1, ow_1, oc_block_1, ic_0, kh_0, kw_0, n_2, oc_chunk_2, oh_2, ow_2, oc_block_2, ic_1, kh_1, kw_1, n_3, oc_chunk_3, oh_3, ow_3, oc_block_3 in T.grid(T.int64(1), T.int64(1), T.int64(1), T.int64(1), T.int64(2), T.int64(224), T.int64(1), T.int64(1), T.int64(1), T.int64(1), T.int64(7), T.int64(1), T.int64(1), T.int64(3), T.int64(1), T.int64(1), T.int64(1), T.int64(4), T.int64(1), T.int64(7), T.int64(1)):
                    with T.block("conv2d_NCHWc"):
                        v_n = T.axis.spatial(T.int64(1), n_0 + n_1 + n_2 + n_3)
                        v_oc_chunk = T.axis.spatial(T.int64(16), oc_chunk_0 * T.int64(4) + oc_chunk_1 * T.int64(4) + oc_chunk_2 * T.int64(4) + oc_chunk_3)
                        v_oh = T.axis.spatial(T.int64(7), oh_0 * T.int64(7) + oh_1 * T.int64(7) + oh_2 + oh_3)
                        v_ow = T.axis.spatial(T.int64(7), ow_0 * T.int64(7) + ow_1 * T.int64(7) + ow_2 * T.int64(7) + ow_3)
                        v_oc_block = T.axis.spatial(T.int64(8), oc_block_0 * T.int64(2) + oc_block_1 + oc_block_2 + oc_block_3)
                        v_ic = T.axis.reduce(T.int64(672), ic_0 * T.int64(3) + ic_1)
                        v_kh = T.axis.reduce(T.int64(1), kh_0 + kh_1)
                        v_kw = T.axis.reduce(T.int64(1), kw_0 + kw_1)
                        T.reads(p0[v_n, v_ic // T.int64(8), v_oh + v_kh, v_ow + v_kw, v_ic % T.int64(8)], p1[v_oc_chunk, v_ic // T.int64(8), v_kh, v_kw, v_ic % T.int64(8), v_oc_block])
                        T.writes(conv2d_NCHWc[v_n, v_oc_chunk, v_oh, v_ow, v_oc_block])
                        T.block_attr({"meta_schedule.tiling_structure": "SSRSRS"})
                        with T.init():
                            conv2d_NCHWc[v_n, v_oc_chunk, v_oh, v_ow, v_oc_block] = T.float32(0)
                        conv2d_NCHWc[v_n, v_oc_chunk, v_oh, v_ow, v_oc_block] = conv2d_NCHWc[v_n, v_oc_chunk, v_oh, v_ow, v_oc_block] + p0[v_n, v_ic // T.int64(8), v_oh + v_kh, v_ow + v_kw, v_ic % T.int64(8)] * p1[v_oc_chunk, v_ic // T.int64(8), v_kh, v_kw, v_ic % T.int64(8), v_oc_block]
                for ax0, ax1, ax2, ax3, ax4 in T.grid(T.int64(1), T.int64(4), T.int64(7), T.int64(7), T.int64(2)):
                    with T.block("T_relu"):
                        v_ax0 = T.axis.spatial(T.int64(1), ax0)
                        v_ax1 = T.axis.spatial(T.int64(16), oc_chunk_0 * T.int64(4) + ax1)
                        v_ax2, v_ax3 = T.axis.remap("SS", [ax2, ax3])
                        v_ax4 = T.axis.spatial(T.int64(8), oc_block_0 * T.int64(2) + ax4)
                        T.reads(conv2d_NCHWc[v_ax0, v_ax1, v_ax2, v_ax3, v_ax4], p2[v_ax0, v_ax1, T.int64(0), T.int64(0), v_ax4])
                        T.writes(T_relu[v_ax0, v_ax1, v_ax2, v_ax3, v_ax4])
                        T_relu[v_ax0, v_ax1, v_ax2, v_ax3, v_ax4] = T.max(conv2d_NCHWc[v_ax0, v_ax1, v_ax2, v_ax3, v_ax4] + p2[v_ax0, v_ax1, T.int64(0), T.int64(0), v_ax4], T.float32(0))
b0 = sch.get_block(name="conv2d_NCHWc", func_name="main")
b1 = sch.get_block(name="T_add", func_name="main")
b2 = sch.get_block(name="root", func_name="main")
sch.compute_inline(block=b1)
sch.annotate(block_or_loop=b0, ann_key="meta_schedule.tiling_structure", ann_val="SSRSRS")
l3, l4, l5, l6, l7, l8, l9, l10 = sch.get_loops(block=b0)
v11, v12, v13, v14 = sch.sample_perfect_tile(loop=l3, n=4, max_innermost_factor=64, decision=[1, 1, 1, 1])
l15, l16, l17, l18 = sch.split(loop=l3, factors=[v11, v12, v13, v14], preserve_unit_iters=True, disable_predication=False)
v19, v20, v21, v22 = sch.sample_perfect_tile(loop=l4, n=4, max_innermost_factor=64, decision=[4, 1, 1, 4])
l23, l24, l25, l26 = sch.split(loop=l4, factors=[v19, v20, v21, v22], preserve_unit_iters=True, disable_predication=False)
v27, v28, v29, v30 = sch.sample_perfect_tile(loop=l5, n=4, max_innermost_factor=64, decision=[1, 1, 7, 1])
l31, l32, l33, l34 = sch.split(loop=l5, factors=[v27, v28, v29, v30], preserve_unit_iters=True, disable_predication=False)
v35, v36, v37, v38 = sch.sample_perfect_tile(loop=l6, n=4, max_innermost_factor=64, decision=[1, 1, 1, 7])
l39, l40, l41, l42 = sch.split(loop=l6, factors=[v35, v36, v37, v38], preserve_unit_iters=True, disable_predication=False)
v43, v44, v45, v46 = sch.sample_perfect_tile(loop=l7, n=4, max_innermost_factor=64, decision=[4, 2, 1, 1])
l47, l48, l49, l50 = sch.split(loop=l7, factors=[v43, v44, v45, v46], preserve_unit_iters=True, disable_predication=False)
v51, v52 = sch.sample_perfect_tile(loop=l8, n=2, max_innermost_factor=64, decision=[224, 3])
l53, l54 = sch.split(loop=l8, factors=[v51, v52], preserve_unit_iters=True, disable_predication=False)
v55, v56 = sch.sample_perfect_tile(loop=l9, n=2, max_innermost_factor=64, decision=[1, 1])
l57, l58 = sch.split(loop=l9, factors=[v55, v56], preserve_unit_iters=True, disable_predication=False)
v59, v60 = sch.sample_perfect_tile(loop=l10, n=2, max_innermost_factor=64, decision=[1, 1])
l61, l62 = sch.split(loop=l10, factors=[v59, v60], preserve_unit_iters=True, disable_predication=False)
sch.reorder(l15, l23, l31, l39, l47, l16, l24, l32, l40, l48, l53, l57, l61, l17, l25, l33, l41, l49, l54, l58, l62, l18, l26, l34, l42, l50)
b63, = sch.get_consumers(block=b0)
sch.reverse_compute_at(block=b63, loop=l47, preserve_unit_loops=True, index=-1)
sch.annotate(block_or_loop=b2, ann_key="meta_schedule.parallel", ann_val=96)
sch.annotate(block_or_loop=b2, ann_key="meta_schedule.vectorize", ann_val=64)
v64 = sch.sample_categorical(candidates=[0, 16, 64, 512], probs=[0.25, 0.25, 0.25, 0.25], decision=2)
sch.annotate(block_or_loop=b2, ann_key="meta_schedule.unroll_explicit", ann_val=v64)
2024-05-21 03:03:40 [INFO] [evolutionary_search.cc:713] Generating candidates......
2024-05-21 03:03:40 [INFO] [evolutionary_search.cc:715] Picked top 0 candidate(s) from database
2024-05-21 03:03:41 [INFO] [evolutionary_search.cc:533] Sample-Init-Population summary:
Postproc #0 [meta_schedule.DisallowDynamicLoop(0xc2e2d48)]: 0 failure(s)
Postproc #1 [meta_schedule.RewriteParallelVectorizeUnroll(0x19f55b08)]: 0 failure(s)
Postproc #2 [meta_schedule.RewriteReductionBlock(0xc307438)]: 0 failure(s)
Postproc #3 [meta_schedule.RewriteLayout(0x1b7d2458)]: 0 failure(s)
2024-05-21 03:03:41 [INFO] [evolutionary_search.cc:723] Sampled 512 candidate(s)
2024-05-21 03:03:42 [INFO] [evolutionary_search.cc:621] Evolve iter #0 done. Summary:
Postproc #0 [meta_schedule.DisallowDynamicLoop(0xc2e2d48)]: 0 failure(s)
Postproc #1 [meta_schedule.RewriteParallelVectorizeUnroll(0x19f55b08)]: 0 failure(s)
Postproc #2 [meta_schedule.RewriteReductionBlock(0xc307438)]: 0 failure(s)
Postproc #3 [meta_schedule.RewriteLayout(0x1b7d2458)]: 0 failure(s)
2024-05-21 03:03:43 [INFO] [evolutionary_search.cc:621] Evolve iter #1 done. Summary:
Postproc #0 [meta_schedule.DisallowDynamicLoop(0xc2e2d48)]: 0 failure(s)
Postproc #1 [meta_schedule.RewriteParallelVectorizeUnroll(0x19f55b08)]: 0 failure(s)
Postproc #2 [meta_schedule.RewriteReductionBlock(0xc307438)]: 0 failure(s)
Postproc #3 [meta_schedule.RewriteLayout(0x1b7d2458)]: 0 failure(s)
2024-05-21 03:03:44 [INFO] [evolutionary_search.cc:621] Evolve iter #2 done. Summary:
Postproc #0 [meta_schedule.DisallowDynamicLoop(0xc2e2d48)]: 0 failure(s)
Postproc #1 [meta_schedule.RewriteParallelVectorizeUnroll(0x19f55b08)]: 0 failure(s)
Postproc #2 [meta_schedule.RewriteReductionBlock(0xc307438)]: 0 failure(s)
Postproc #3 [meta_schedule.RewriteLayout(0x1b7d2458)]: 0 failure(s)
2024-05-21 03:03:45 [INFO] [evolutionary_search.cc:621] Evolve iter #3 done. Summary:
Postproc #0 [meta_schedule.DisallowDynamicLoop(0xc2e2d48)]: 0 failure(s)
Postproc #1 [meta_schedule.RewriteParallelVectorizeUnroll(0x19f55b08)]: 0 failure(s)
Postproc #2 [meta_schedule.RewriteReductionBlock(0xc307438)]: 0 failure(s)
Postproc #3 [meta_schedule.RewriteLayout(0x1b7d2458)]: 0 failure(s)
2024-05-21 03:03:45 [INFO] [evolutionary_search.cc:649] Scores of the best 64 candidates:
[1 : 16]:	0.9999  0.9998  0.9995  0.9991  0.9990  0.9985  0.9983  0.9978  0.9971  0.9948  0.9941  0.9933  0.9933  0.9929  0.9925  0.9922
[17 : 32]:	0.9921  0.9907  0.9901  0.9894  0.9889  0.9882  0.9881  0.9875  0.9874  0.9873  0.9871  0.9869  0.9865  0.9851  0.9845  0.9840
[33 : 48]:	0.9838  0.9835  0.9829  0.9828  0.9822  0.9820  0.9804  0.9800  0.9798  0.9792  0.9792  0.9786  0.9786  0.9783  0.9781  0.9774
[49 : 64]:	0.9769  0.9764  0.9762  0.9762  0.9731  0.9722  0.9696  0.9695  0.9692  0.9689  0.9685  0.9681  0.9678  0.9677  0.9671  0.9663
2024-05-21 03:03:45 [INFO] [evolutionary_search.cc:727] Got 64 candidate(s) with evolutionary search
2024-05-21 03:03:45 [INFO] [evolutionary_search.cc:730] Sending 64 candidates(s) for measurement
2024-05-21 04:46:33 [INFO] [task_scheduler.cc:131] [Task #10: fused_nn_contrib_conv2d_NCHWc_add_nn_relu_10] Trial #1: GFLOPs: 35.8353. Time: 235.5811 us. Best GFLOPs: 35.8353
2024-05-21 04:46:33 [INFO] [task_scheduler.cc:131] [Task #10: fused_nn_contrib_conv2d_NCHWc_add_nn_relu_10] Trial #2: GFLOPs: 19.3138. Time: 437.1024 us. Best GFLOPs: 35.8353
2024-05-21 04:46:33 [INFO] [task_scheduler.cc:131] [Task #10: fused_nn_contrib_conv2d_NCHWc_add_nn_relu_10] Trial #3: GFLOPs: 17.0493. Time: 495.1592 us. Best GFLOPs: 35.8353
2024-05-21 04:46:33 [INFO] [task_scheduler.cc:131] [Task #10: fused_nn_contrib_conv2d_NCHWc_add_nn_relu_10] Trial #4: GFLOPs: 7.9521. Time: 1061.6235 us. Best GFLOPs: 35.8353
2024-05-21 04:46:33 [INFO] [task_scheduler.cc:131] [Task #10: fused_nn_contrib_conv2d_NCHWc_add_nn_relu_10] Trial #5: GFLOPs: 7.0891. Time: 1190.8520 us. Best GFLOPs: 35.8353
2024-05-21 04:46:33 [INFO] [task_scheduler.cc:131] [Task #10: fused_nn_contrib_conv2d_NCHWc_add_nn_relu_10] Trial #6: GFLOPs: 23.3799. Time: 361.0843 us. Best GFLOPs: 35.8353
2024-05-21 04:46:33 [INFO] [task_scheduler.cc:131] [Task #10: fused_nn_contrib_conv2d_NCHWc_add_nn_relu_10] Trial #7: GFLOPs: 39.0656. Time: 216.1008 us. Best GFLOPs: 39.0656
2024-05-21 04:46:33 [INFO] [task_scheduler.cc:131] [Task #10: fused_nn_contrib_conv2d_NCHWc_add_nn_relu_10] Trial #8: GFLOPs: 67.5671. Time: 124.9441 us. Best GFLOPs: 67.5671
2024-05-21 04:46:33 [INFO] [task_scheduler.cc:131] [Task #10: fused_nn_contrib_conv2d_NCHWc_add_nn_relu_10] Trial #9: GFLOPs: 47.4517. Time: 177.9096 us. Best GFLOPs: 67.5671
2024-05-21 04:46:33 [INFO] [task_scheduler.cc:131] [Task #10: fused_nn_contrib_conv2d_NCHWc_add_nn_relu_10] Trial #10: GFLOPs: 112.9416. Time: 74.7476 us. Best GFLOPs: 112.9416
2024-05-21 04:46:33 [INFO] [task_scheduler.cc:131] [Task #10: fused_nn_contrib_conv2d_NCHWc_add_nn_relu_10] Trial #11: GFLOPs: 10.2162. Time: 826.3459 us. Best GFLOPs: 112.9416
2024-05-21 04:46:33 [INFO] [task_scheduler.cc:131] [Task #10: fused_nn_contrib_conv2d_NCHWc_add_nn_relu_10] Trial #12: GFLOPs: 20.2943. Time: 415.9836 us. Best GFLOPs: 112.9416
2024-05-21 04:46:33 [INFO] [task_scheduler.cc:131] [Task #10: fused_nn_contrib_conv2d_NCHWc_add_nn_relu_10] Trial #13: GFLOPs: 16.0208. Time: 526.9463 us. Best GFLOPs: 112.9416
2024-05-21 04:46:33 [INFO] [task_scheduler.cc:131] [Task #10: fused_nn_contrib_conv2d_NCHWc_add_nn_relu_10] Trial #14: GFLOPs: 25.1698. Time: 335.4058 us. Best GFLOPs: 112.9416
2024-05-21 04:46:33 [INFO] [task_scheduler.cc:131] [Task #10: fused_nn_contrib_conv2d_NCHWc_add_nn_relu_10] Trial #15: GFLOPs: 25.2827. Time: 333.9080 us. Best GFLOPs: 112.9416
2024-05-21 04:46:33 [INFO] [task_scheduler.cc:131] [Task #10: fused_nn_contrib_conv2d_NCHWc_add_nn_relu_10] Trial #16: GFLOPs: 11.8264. Time: 713.8358 us. Best GFLOPs: 112.9416
2024-05-21 04:46:33 [INFO] [task_scheduler.cc:131] [Task #10: fused_nn_contrib_conv2d_NCHWc_add_nn_relu_10] Trial #17: GFLOPs: 30.3215. Time: 278.4196 us. Best GFLOPs: 112.9416
2024-05-21 04:46:33 [INFO] [task_scheduler.cc:131] [Task #10: fused_nn_contrib_conv2d_NCHWc_add_nn_relu_10] Trial #18: GFLOPs: 17.6028. Time: 479.5883 us. Best GFLOPs: 112.9416
2024-05-21 04:46:33 [INFO] [task_scheduler.cc:131] [Task #10: fused_nn_contrib_conv2d_NCHWc_add_nn_relu_10] Trial #19: GFLOPs: 59.4306. Time: 142.0500 us. Best GFLOPs: 112.9416
2024-05-21 04:46:33 [INFO] [task_scheduler.cc:131] [Task #10: fused_nn_contrib_conv2d_NCHWc_add_nn_relu_10] Trial #20: GFLOPs: 51.0214. Time: 165.4622 us. Best GFLOPs: 112.9416
2024-05-21 04:46:33 [INFO] [task_scheduler.cc:131] [Task #10: fused_nn_contrib_conv2d_NCHWc_add_nn_relu_10] Trial #21: GFLOPs: 16.7881. Time: 502.8621 us. Best GFLOPs: 112.9416
2024-05-21 04:46:33 [INFO] [task_scheduler.cc:131] [Task #10: fused_nn_contrib_conv2d_NCHWc_add_nn_relu_10] Trial #22: GFLOPs: 16.2769. Time: 518.6549 us. Best GFLOPs: 112.9416
2024-05-21 04:46:33 [INFO] [task_scheduler.cc:131] [Task #10: fused_nn_contrib_conv2d_NCHWc_add_nn_relu_10] Trial #23: GFLOPs: 8.1943. Time: 1030.2425 us. Best GFLOPs: 112.9416
2024-05-21 04:46:33 [INFO] [task_scheduler.cc:131] [Task #10: fused_nn_contrib_conv2d_NCHWc_add_nn_relu_10] Trial #24: GFLOPs: 14.7540. Time: 572.1927 us. Best GFLOPs: 112.9416
2024-05-21 04:46:33 [INFO] [task_scheduler.cc:131] [Task #10: fused_nn_contrib_conv2d_NCHWc_add_nn_relu_10] Trial #25: GFLOPs: 8.8607. Time: 952.7553 us. Best GFLOPs: 112.9416
2024-05-21 04:46:33 [INFO] [task_scheduler.cc:131] [Task #10: fused_nn_contrib_conv2d_NCHWc_add_nn_relu_10] Trial #26: GFLOPs: 29.2241. Time: 288.8753 us. Best GFLOPs: 112.9416
2024-05-21 04:46:33 [INFO] [task_scheduler.cc:131] [Task #10: fused_nn_contrib_conv2d_NCHWc_add_nn_relu_10] Trial #27: GFLOPs: 17.4258. Time: 484.4609 us. Best GFLOPs: 112.9416
2024-05-21 04:46:33 [INFO] [task_scheduler.cc:131] [Task #10: fused_nn_contrib_conv2d_NCHWc_add_nn_relu_10] Trial #28: GFLOPs: 70.6724. Time: 119.4541 us. Best GFLOPs: 112.9416
2024-05-21 04:46:33 [INFO] [task_scheduler.cc:131] [Task #10: fused_nn_contrib_conv2d_NCHWc_add_nn_relu_10] Trial #29: GFLOPs: 25.4833. Time: 331.2804 us. Best GFLOPs: 112.9416
2024-05-21 04:46:33 [INFO] [task_scheduler.cc:131] [Task #10: fused_nn_contrib_conv2d_NCHWc_add_nn_relu_10] Trial #30: GFLOPs: 19.8886. Time: 424.4693 us. Best GFLOPs: 112.9416
2024-05-21 04:46:33 [INFO] [task_scheduler.cc:131] [Task #10: fused_nn_contrib_conv2d_NCHWc_add_nn_relu_10] Trial #31: GFLOPs: 38.7981. Time: 217.5910 us. Best GFLOPs: 112.9416
2024-05-21 04:46:33 [INFO] [task_scheduler.cc:131] [Task #10: fused_nn_contrib_conv2d_NCHWc_add_nn_relu_10] Trial #32: GFLOPs: 6.7516. Time: 1250.3785 us. Best GFLOPs: 112.9416
2024-05-21 04:46:33 [INFO] [task_scheduler.cc:131] [Task #10: fused_nn_contrib_conv2d_NCHWc_add_nn_relu_10] Trial #33: GFLOPs: 24.1619. Time: 349.3978 us. Best GFLOPs: 112.9416
2024-05-21 04:46:33 [INFO] [task_scheduler.cc:131] [Task #10: fused_nn_contrib_conv2d_NCHWc_add_nn_relu_10] Trial #34: GFLOPs: 29.1958. Time: 289.1554 us. Best GFLOPs: 112.9416
2024-05-21 04:46:33 [INFO] [task_scheduler.cc:131] [Task #10: fused_nn_contrib_conv2d_NCHWc_add_nn_relu_10] Trial #35: GFLOPs: 66.5625. Time: 126.8298 us. Best GFLOPs: 112.9416
2024-05-21 04:46:33 [INFO] [task_scheduler.cc:131] [Task #10: fused_nn_contrib_conv2d_NCHWc_add_nn_relu_10] Trial #36: GFLOPs: 41.2113. Time: 204.8495 us. Best GFLOPs: 112.9416
2024-05-21 04:46:33 [INFO] [task_scheduler.cc:131] [Task #10: fused_nn_contrib_conv2d_NCHWc_add_nn_relu_10] Trial #37: GFLOPs: 26.6077. Time: 317.2811 us. Best GFLOPs: 112.9416
2024-05-21 04:46:33 [INFO] [task_scheduler.cc:131] [Task #10: fused_nn_contrib_conv2d_NCHWc_add_nn_relu_10] Trial #38: GFLOPs: 130.0945. Time: 64.8922 us. Best GFLOPs: 130.0945
2024-05-21 04:46:33 [INFO] [task_scheduler.cc:131] [Task #10: fused_nn_contrib_conv2d_NCHWc_add_nn_relu_10] Trial #39: GFLOPs: 16.0694. Time: 525.3524 us. Best GFLOPs: 130.0945
2024-05-21 04:46:33 [INFO] [task_scheduler.cc:131] [Task #10: fused_nn_contrib_conv2d_NCHWc_add_nn_relu_10] Trial #40: GFLOPs: 42.8826. Time: 196.8656 us. Best GFLOPs: 130.0945
2024-05-21 04:46:33 [INFO] [task_scheduler.cc:131] [Task #10: fused_nn_contrib_conv2d_NCHWc_add_nn_relu_10] Trial #41: GFLOPs: 20.2515. Time: 416.8634 us. Best GFLOPs: 130.0945
2024-05-21 04:46:33 [INFO] [task_scheduler.cc:131] [Task #10: fused_nn_contrib_conv2d_NCHWc_add_nn_relu_10] Trial #42: GFLOPs: 69.6149. Time: 121.2688 us. Best GFLOPs: 130.0945
2024-05-21 04:46:33 [INFO] [task_scheduler.cc:131] [Task #10: fused_nn_contrib_conv2d_NCHWc_add_nn_relu_10] Trial #43: GFLOPs: 49.7761. Time: 169.6018 us. Best GFLOPs: 130.0945
2024-05-21 04:46:33 [INFO] [task_scheduler.cc:131] [Task #10: fused_nn_contrib_conv2d_NCHWc_add_nn_relu_10] Trial #44: GFLOPs: 19.7558. Time: 427.3243 us. Best GFLOPs: 130.0945
2024-05-21 04:46:33 [INFO] [task_scheduler.cc:131] [Task #10: fused_nn_contrib_conv2d_NCHWc_add_nn_relu_10] Trial #45: GFLOPs: 7.9214. Time: 1065.7369 us. Best GFLOPs: 130.0945
2024-05-21 04:46:33 [INFO] [task_scheduler.cc:131] [Task #10: fused_nn_contrib_conv2d_NCHWc_add_nn_relu_10] Trial #46: GFLOPs: 8.1405. Time: 1037.0537 us. Best GFLOPs: 130.0945
2024-05-21 04:46:33 [INFO] [task_scheduler.cc:131] [Task #10: fused_nn_contrib_conv2d_NCHWc_add_nn_relu_10] Trial #47: GFLOPs: 10.5292. Time: 801.7835 us. Best GFLOPs: 130.0945
2024-05-21 04:46:33 [INFO] [task_scheduler.cc:131] [Task #10: fused_nn_contrib_conv2d_NCHWc_add_nn_relu_10] Trial #48: GFLOPs: 11.8926. Time: 709.8631 us. Best GFLOPs: 130.0945
2024-05-21 04:46:33 [INFO] [task_scheduler.cc:131] [Task #10: fused_nn_contrib_conv2d_NCHWc_add_nn_relu_10] Trial #49: GFLOPs: 13.7555. Time: 613.7272 us. Best GFLOPs: 130.0945
2024-05-21 04:46:33 [INFO] [task_scheduler.cc:131] [Task #10: fused_nn_contrib_conv2d_NCHWc_add_nn_relu_10] Trial #50: GFLOPs: 149.2726. Time: 56.5550 us. Best GFLOPs: 149.2726
2024-05-21 04:46:33 [INFO] [task_scheduler.cc:131] [Task #10: fused_nn_contrib_conv2d_NCHWc_add_nn_relu_10] Trial #51: GFLOPs: 14.3695. Time: 587.5034 us. Best GFLOPs: 149.2726
2024-05-21 04:46:33 [INFO] [task_scheduler.cc:131] [Task #10: fused_nn_contrib_conv2d_NCHWc_add_nn_relu_10] Trial #52: GFLOPs: 17.2012. Time: 490.7873 us. Best GFLOPs: 149.2726
2024-05-21 04:46:33 [INFO] [task_scheduler.cc:131] [Task #10: fused_nn_contrib_conv2d_NCHWc_add_nn_relu_10] Trial #53: GFLOPs: 36.6429. Time: 230.3888 us. Best GFLOPs: 149.2726
2024-05-21 04:46:33 [INFO] [task_scheduler.cc:131] [Task #10: fused_nn_contrib_conv2d_NCHWc_add_nn_relu_10] Trial #54: GFLOPs: 31.4829. Time: 268.1489 us. Best GFLOPs: 149.2726
2024-05-21 04:46:33 [INFO] [task_scheduler.cc:131] [Task #10: fused_nn_contrib_conv2d_NCHWc_add_nn_relu_10] Trial #55: GFLOPs: 9.1509. Time: 922.5429 us. Best GFLOPs: 149.2726
2024-05-21 04:46:33 [INFO] [task_scheduler.cc:131] [Task #10: fused_nn_contrib_conv2d_NCHWc_add_nn_relu_10] Trial #56: GFLOPs: 11.1547. Time: 756.8201 us. Best GFLOPs: 149.2726
2024-05-21 04:46:33 [INFO] [task_scheduler.cc:131] [Task #10: fused_nn_contrib_conv2d_NCHWc_add_nn_relu_10] Trial #57: GFLOPs: 12.4696. Time: 677.0133 us. Best GFLOPs: 149.2726
2024-05-21 04:46:33 [INFO] [task_scheduler.cc:131] [Task #10: fused_nn_contrib_conv2d_NCHWc_add_nn_relu_10] Trial #58: GFLOPs: 14.9420. Time: 564.9909 us. Best GFLOPs: 149.2726
2024-05-21 04:46:33 [INFO] [task_scheduler.cc:131] [Task #10: fused_nn_contrib_conv2d_NCHWc_add_nn_relu_10] Trial #59: GFLOPs: 39.5105. Time: 213.6674 us. Best GFLOPs: 149.2726
2024-05-21 04:46:33 [INFO] [task_scheduler.cc:131] [Task #10: fused_nn_contrib_conv2d_NCHWc_add_nn_relu_10] Trial #60: GFLOPs: 12.8494. Time: 657.0054 us. Best GFLOPs: 149.2726
2024-05-21 04:46:33 [INFO] [task_scheduler.cc:131] [Task #10: fused_nn_contrib_conv2d_NCHWc_add_nn_relu_10] Trial #61: GFLOPs: 16.8198. Time: 501.9151 us. Best GFLOPs: 149.2726
2024-05-21 04:46:33 [INFO] [task_scheduler.cc:131] [Task #10: fused_nn_contrib_conv2d_NCHWc_add_nn_relu_10] Trial #62: GFLOPs: 41.8830. Time: 201.5642 us. Best GFLOPs: 149.2726
2024-05-21 04:46:33 [INFO] [task_scheduler.cc:131] [Task #10: fused_nn_contrib_conv2d_NCHWc_add_nn_relu_10] Trial #63: GFLOPs: 48.9900. Time: 172.3231 us. Best GFLOPs: 149.2726
2024-05-21 04:46:33 [INFO] [task_scheduler.cc:131] [Task #10: fused_nn_contrib_conv2d_NCHWc_add_nn_relu_10] Trial #64: GFLOPs: 7.9026. Time: 1068.2691 us. Best GFLOPs: 149.2726
