2024-05-21 02:46:39 [INFO] [task_scheduler.cc:160] Initializing Task #40: "fused_nn_contrib_conv2d_NCHWc_add_nn_relu_39"
2024-05-21 02:46:39 [INFO] [task_scheduler.cc:35] 
# from tvm.script import ir as I
# from tvm.script import tir as T

@I.ir_module
class Module:
    @T.prim_func
    def main(p0: T.Buffer((T.int64(1), T.int64(32), T.int64(14), T.int64(14), T.int64(8)), "float32"), p1: T.Buffer((T.int64(16), T.int64(32), T.int64(1), T.int64(1), T.int64(8), T.int64(8)), "float32"), p2: T.Buffer((T.int64(1), T.int64(16), T.int64(1), T.int64(1), T.int64(8)), "float32"), T_relu: T.Buffer((T.int64(1), T.int64(16), T.int64(14), T.int64(14), T.int64(8)), "float32")):
        T.func_attr({"tir.noalias": T.bool(True)})
        # with T.block("root"):
        conv2d_NCHWc = T.alloc_buffer((T.int64(1), T.int64(16), T.int64(14), T.int64(14), T.int64(8)))
        T_add = T.alloc_buffer((T.int64(1), T.int64(16), T.int64(14), T.int64(14), T.int64(8)))
        for n, oc_chunk, oh, ow, oc_block, ic, kh, kw in T.grid(T.int64(1), T.int64(16), T.int64(14), T.int64(14), T.int64(8), T.int64(256), T.int64(1), T.int64(1)):
            with T.block("conv2d_NCHWc"):
                v_n, v_oc_chunk, v_oh, v_ow, v_oc_block, v_ic, v_kh, v_kw = T.axis.remap("SSSSSRRR", [n, oc_chunk, oh, ow, oc_block, ic, kh, kw])
                T.reads(p0[v_n, v_ic // T.int64(8), v_oh + v_kh, v_ow + v_kw, v_ic % T.int64(8)], p1[v_oc_chunk, v_ic // T.int64(8), v_kh, v_kw, v_ic % T.int64(8), v_oc_block])
                T.writes(conv2d_NCHWc[v_n, v_oc_chunk, v_oh, v_ow, v_oc_block])
                with T.init():
                    conv2d_NCHWc[v_n, v_oc_chunk, v_oh, v_ow, v_oc_block] = T.float32(0)
                conv2d_NCHWc[v_n, v_oc_chunk, v_oh, v_ow, v_oc_block] = conv2d_NCHWc[v_n, v_oc_chunk, v_oh, v_ow, v_oc_block] + p0[v_n, v_ic // T.int64(8), v_oh + v_kh, v_ow + v_kw, v_ic % T.int64(8)] * p1[v_oc_chunk, v_ic // T.int64(8), v_kh, v_kw, v_ic % T.int64(8), v_oc_block]
        for ax0, ax1, ax2, ax3, ax4 in T.grid(T.int64(1), T.int64(16), T.int64(14), T.int64(14), T.int64(8)):
            with T.block("T_add"):
                v_ax0, v_ax1, v_ax2, v_ax3, v_ax4 = T.axis.remap("SSSSS", [ax0, ax1, ax2, ax3, ax4])
                T.reads(conv2d_NCHWc[v_ax0, v_ax1, v_ax2, v_ax3, v_ax4], p2[v_ax0, v_ax1, T.int64(0), T.int64(0), v_ax4])
                T.writes(T_add[v_ax0, v_ax1, v_ax2, v_ax3, v_ax4])
                T_add[v_ax0, v_ax1, v_ax2, v_ax3, v_ax4] = conv2d_NCHWc[v_ax0, v_ax1, v_ax2, v_ax3, v_ax4] + p2[v_ax0, v_ax1, T.int64(0), T.int64(0), v_ax4]
        for ax0, ax1, ax2, ax3, ax4 in T.grid(T.int64(1), T.int64(16), T.int64(14), T.int64(14), T.int64(8)):
            with T.block("T_relu"):
                v_ax0, v_ax1, v_ax2, v_ax3, v_ax4 = T.axis.remap("SSSSS", [ax0, ax1, ax2, ax3, ax4])
                T.reads(T_add[v_ax0, v_ax1, v_ax2, v_ax3, v_ax4])
                T.writes(T_relu[v_ax0, v_ax1, v_ax2, v_ax3, v_ax4])
                T_relu[v_ax0, v_ax1, v_ax2, v_ax3, v_ax4] = T.max(T_add[v_ax0, v_ax1, v_ax2, v_ax3, v_ax4], T.float32(0))
2024-05-21 02:46:39 [INFO] [task_scheduler.cc:164] Total 3 design space(s) generated
2024-05-21 02:46:39 [INFO] [task_scheduler.cc:170] Design space #0:
# from tvm.script import ir as I
# from tvm.script import tir as T

@I.ir_module
class Module:
    @T.prim_func
    def main(p0: T.Buffer((T.int64(1), T.int64(32), T.int64(14), T.int64(14), T.int64(8)), "float32"), p1: T.Buffer((T.int64(16), T.int64(32), T.int64(1), T.int64(1), T.int64(8), T.int64(8)), "float32"), p2: T.Buffer((T.int64(1), T.int64(16), T.int64(1), T.int64(1), T.int64(8)), "float32"), T_relu: T.Buffer((T.int64(1), T.int64(16), T.int64(14), T.int64(14), T.int64(8)), "float32")):
        T.func_attr({"tir.noalias": T.bool(True)})
        with T.block("root"):
            T.reads()
            T.writes()
            T.block_attr({"meta_schedule.parallel": 96, "meta_schedule.unroll_explicit": 0, "meta_schedule.vectorize": 64})
            conv2d_NCHWc = T.alloc_buffer((T.int64(1), T.int64(16), T.int64(14), T.int64(14), T.int64(8)))
            for n_0, oc_chunk_0, oh_0, ow_0, oc_block_0, n_1, oc_chunk_1, oh_1, ow_1, oc_block_1, ic_0, kh_0, kw_0, n_2, oc_chunk_2, oh_2, ow_2, oc_block_2, ic_1, kh_1, kw_1, n_3, oc_chunk_3, oh_3, ow_3, oc_block_3 in T.grid(T.int64(1), T.int64(1), T.int64(1), T.int64(1), T.int64(1), T.int64(1), T.int64(2), T.int64(7), T.int64(14), T.int64(1), T.int64(256), T.int64(1), T.int64(1), T.int64(1), T.int64(1), T.int64(1), T.int64(1), T.int64(4), T.int64(1), T.int64(1), T.int64(1), T.int64(1), T.int64(8), T.int64(2), T.int64(1), T.int64(2)):
                with T.block("conv2d_NCHWc"):
                    v_n = T.axis.spatial(T.int64(1), n_0 + n_1 + n_2 + n_3)
                    v_oc_chunk = T.axis.spatial(T.int64(16), oc_chunk_0 * T.int64(16) + oc_chunk_1 * T.int64(8) + oc_chunk_2 * T.int64(8) + oc_chunk_3)
                    v_oh = T.axis.spatial(T.int64(14), oh_0 * T.int64(14) + oh_1 * T.int64(2) + oh_2 * T.int64(2) + oh_3)
                    v_ow = T.axis.spatial(T.int64(14), ow_0 * T.int64(14) + ow_1 + ow_2 + ow_3)
                    v_oc_block = T.axis.spatial(T.int64(8), oc_block_0 * T.int64(8) + oc_block_1 * T.int64(8) + oc_block_2 * T.int64(2) + oc_block_3)
                    v_ic = T.axis.reduce(T.int64(256), ic_0 + ic_1)
                    v_kh = T.axis.reduce(T.int64(1), kh_0 + kh_1)
                    v_kw = T.axis.reduce(T.int64(1), kw_0 + kw_1)
                    T.reads(p0[v_n, v_ic // T.int64(8), v_oh + v_kh, v_ow + v_kw, v_ic % T.int64(8)], p1[v_oc_chunk, v_ic // T.int64(8), v_kh, v_kw, v_ic % T.int64(8), v_oc_block])
                    T.writes(conv2d_NCHWc[v_n, v_oc_chunk, v_oh, v_ow, v_oc_block])
                    T.block_attr({"meta_schedule.tiling_structure": "SSRSRS"})
                    with T.init():
                        conv2d_NCHWc[v_n, v_oc_chunk, v_oh, v_ow, v_oc_block] = T.float32(0)
                    conv2d_NCHWc[v_n, v_oc_chunk, v_oh, v_ow, v_oc_block] = conv2d_NCHWc[v_n, v_oc_chunk, v_oh, v_ow, v_oc_block] + p0[v_n, v_ic // T.int64(8), v_oh + v_kh, v_ow + v_kw, v_ic % T.int64(8)] * p1[v_oc_chunk, v_ic // T.int64(8), v_kh, v_kw, v_ic % T.int64(8), v_oc_block]
            for ax0, ax1, ax2, ax3, ax4 in T.grid(T.int64(1), T.int64(16), T.int64(14), T.int64(14), T.int64(8)):
                with T.block("T_relu"):
                    v_ax0, v_ax1, v_ax2, v_ax3, v_ax4 = T.axis.remap("SSSSS", [ax0, ax1, ax2, ax3, ax4])
                    T.reads(conv2d_NCHWc[v_ax0, v_ax1, v_ax2, v_ax3, v_ax4], p2[v_ax0, v_ax1, T.int64(0), T.int64(0), v_ax4])
                    T.writes(T_relu[v_ax0, v_ax1, v_ax2, v_ax3, v_ax4])
                    T_relu[v_ax0, v_ax1, v_ax2, v_ax3, v_ax4] = T.max(conv2d_NCHWc[v_ax0, v_ax1, v_ax2, v_ax3, v_ax4] + p2[v_ax0, v_ax1, T.int64(0), T.int64(0), v_ax4], T.float32(0))
b0 = sch.get_block(name="conv2d_NCHWc", func_name="main")
b1 = sch.get_block(name="T_add", func_name="main")
b2 = sch.get_block(name="root", func_name="main")
sch.compute_inline(block=b1)
sch.annotate(block_or_loop=b0, ann_key="meta_schedule.tiling_structure", ann_val="SSRSRS")
l3, l4, l5, l6, l7, l8, l9, l10 = sch.get_loops(block=b0)
v11, v12, v13, v14 = sch.sample_perfect_tile(loop=l3, n=4, max_innermost_factor=64, decision=[1, 1, 1, 1])
l15, l16, l17, l18 = sch.split(loop=l3, factors=[v11, v12, v13, v14], preserve_unit_iters=True, disable_predication=False)
v19, v20, v21, v22 = sch.sample_perfect_tile(loop=l4, n=4, max_innermost_factor=64, decision=[1, 2, 1, 8])
l23, l24, l25, l26 = sch.split(loop=l4, factors=[v19, v20, v21, v22], preserve_unit_iters=True, disable_predication=False)
v27, v28, v29, v30 = sch.sample_perfect_tile(loop=l5, n=4, max_innermost_factor=64, decision=[1, 7, 1, 2])
l31, l32, l33, l34 = sch.split(loop=l5, factors=[v27, v28, v29, v30], preserve_unit_iters=True, disable_predication=False)
v35, v36, v37, v38 = sch.sample_perfect_tile(loop=l6, n=4, max_innermost_factor=64, decision=[1, 14, 1, 1])
l39, l40, l41, l42 = sch.split(loop=l6, factors=[v35, v36, v37, v38], preserve_unit_iters=True, disable_predication=False)
v43, v44, v45, v46 = sch.sample_perfect_tile(loop=l7, n=4, max_innermost_factor=64, decision=[1, 1, 4, 2])
l47, l48, l49, l50 = sch.split(loop=l7, factors=[v43, v44, v45, v46], preserve_unit_iters=True, disable_predication=False)
v51, v52 = sch.sample_perfect_tile(loop=l8, n=2, max_innermost_factor=64, decision=[256, 1])
l53, l54 = sch.split(loop=l8, factors=[v51, v52], preserve_unit_iters=True, disable_predication=False)
v55, v56 = sch.sample_perfect_tile(loop=l9, n=2, max_innermost_factor=64, decision=[1, 1])
l57, l58 = sch.split(loop=l9, factors=[v55, v56], preserve_unit_iters=True, disable_predication=False)
v59, v60 = sch.sample_perfect_tile(loop=l10, n=2, max_innermost_factor=64, decision=[1, 1])
l61, l62 = sch.split(loop=l10, factors=[v59, v60], preserve_unit_iters=True, disable_predication=False)
sch.reorder(l15, l23, l31, l39, l47, l16, l24, l32, l40, l48, l53, l57, l61, l17, l25, l33, l41, l49, l54, l58, l62, l18, l26, l34, l42, l50)
sch.annotate(block_or_loop=b2, ann_key="meta_schedule.parallel", ann_val=96)
sch.annotate(block_or_loop=b2, ann_key="meta_schedule.vectorize", ann_val=64)
v63 = sch.sample_categorical(candidates=[0, 16, 64, 512], probs=[0.25, 0.25, 0.25, 0.25], decision=0)
sch.annotate(block_or_loop=b2, ann_key="meta_schedule.unroll_explicit", ann_val=v63)
2024-05-21 02:46:39 [INFO] [task_scheduler.cc:170] Design space #1:
# from tvm.script import ir as I
# from tvm.script import tir as T

@I.ir_module
class Module:
    @T.prim_func
    def main(p0: T.Buffer((T.int64(1), T.int64(32), T.int64(14), T.int64(14), T.int64(8)), "float32"), p1: T.Buffer((T.int64(16), T.int64(32), T.int64(1), T.int64(1), T.int64(8), T.int64(8)), "float32"), p2: T.Buffer((T.int64(1), T.int64(16), T.int64(1), T.int64(1), T.int64(8)), "float32"), T_relu: T.Buffer((T.int64(1), T.int64(16), T.int64(14), T.int64(14), T.int64(8)), "float32")):
        T.func_attr({"tir.noalias": T.bool(True)})
        with T.block("root"):
            T.reads()
            T.writes()
            T.block_attr({"meta_schedule.parallel": 96, "meta_schedule.unroll_explicit": 16, "meta_schedule.vectorize": 64})
            conv2d_NCHWc = T.alloc_buffer((T.int64(1), T.int64(16), T.int64(14), T.int64(14), T.int64(8)))
            for n_0, oc_chunk_0, oh_0, ow_0, oc_block_0, n_1, oc_chunk_1, oh_1, ow_1, oc_block_1 in T.grid(T.int64(1), T.int64(1), T.int64(1), T.int64(1), T.int64(1), T.int64(1), T.int64(2), T.int64(7), T.int64(14), T.int64(1)):
                for ic_0, kh_0, kw_0, n_2, oc_chunk_2, oh_2, ow_2, oc_block_2, ic_1, kh_1, kw_1, n_3, oc_chunk_3, oh_3, ow_3, oc_block_3 in T.grid(T.int64(256), T.int64(1), T.int64(1), T.int64(1), T.int64(1), T.int64(1), T.int64(1), T.int64(4), T.int64(1), T.int64(1), T.int64(1), T.int64(1), T.int64(8), T.int64(2), T.int64(1), T.int64(2)):
                    with T.block("conv2d_NCHWc"):
                        v_n = T.axis.spatial(T.int64(1), n_0 + n_1 + n_2 + n_3)
                        v_oc_chunk = T.axis.spatial(T.int64(16), oc_chunk_0 * T.int64(16) + oc_chunk_1 * T.int64(8) + oc_chunk_2 * T.int64(8) + oc_chunk_3)
                        v_oh = T.axis.spatial(T.int64(14), oh_0 * T.int64(14) + oh_1 * T.int64(2) + oh_2 * T.int64(2) + oh_3)
                        v_ow = T.axis.spatial(T.int64(14), ow_0 * T.int64(14) + ow_1 + ow_2 + ow_3)
                        v_oc_block = T.axis.spatial(T.int64(8), oc_block_0 * T.int64(8) + oc_block_1 * T.int64(8) + oc_block_2 * T.int64(2) + oc_block_3)
                        v_ic = T.axis.reduce(T.int64(256), ic_0 + ic_1)
                        v_kh = T.axis.reduce(T.int64(1), kh_0 + kh_1)
                        v_kw = T.axis.reduce(T.int64(1), kw_0 + kw_1)
                        T.reads(p0[v_n, v_ic // T.int64(8), v_oh + v_kh, v_ow + v_kw, v_ic % T.int64(8)], p1[v_oc_chunk, v_ic // T.int64(8), v_kh, v_kw, v_ic % T.int64(8), v_oc_block])
                        T.writes(conv2d_NCHWc[v_n, v_oc_chunk, v_oh, v_ow, v_oc_block])
                        T.block_attr({"meta_schedule.tiling_structure": "SSRSRS"})
                        with T.init():
                            conv2d_NCHWc[v_n, v_oc_chunk, v_oh, v_ow, v_oc_block] = T.float32(0)
                        conv2d_NCHWc[v_n, v_oc_chunk, v_oh, v_ow, v_oc_block] = conv2d_NCHWc[v_n, v_oc_chunk, v_oh, v_ow, v_oc_block] + p0[v_n, v_ic // T.int64(8), v_oh + v_kh, v_ow + v_kw, v_ic % T.int64(8)] * p1[v_oc_chunk, v_ic // T.int64(8), v_kh, v_kw, v_ic % T.int64(8), v_oc_block]
                for ax0, ax1, ax2, ax3, ax4 in T.grid(T.int64(1), T.int64(8), T.int64(2), T.int64(1), T.int64(8)):
                    with T.block("T_relu"):
                        v_ax0 = T.axis.spatial(T.int64(1), ax0)
                        v_ax1 = T.axis.spatial(T.int64(16), oc_chunk_1 * T.int64(8) + ax1)
                        v_ax2 = T.axis.spatial(T.int64(14), oh_1 * T.int64(2) + ax2)
                        v_ax3 = T.axis.spatial(T.int64(14), ow_1 + ax3)
                        v_ax4 = T.axis.spatial(T.int64(8), ax4)
                        T.reads(conv2d_NCHWc[v_ax0, v_ax1, v_ax2, v_ax3, v_ax4], p2[v_ax0, v_ax1, T.int64(0), T.int64(0), v_ax4])
                        T.writes(T_relu[v_ax0, v_ax1, v_ax2, v_ax3, v_ax4])
                        T_relu[v_ax0, v_ax1, v_ax2, v_ax3, v_ax4] = T.max(conv2d_NCHWc[v_ax0, v_ax1, v_ax2, v_ax3, v_ax4] + p2[v_ax0, v_ax1, T.int64(0), T.int64(0), v_ax4], T.float32(0))
b0 = sch.get_block(name="conv2d_NCHWc", func_name="main")
b1 = sch.get_block(name="T_add", func_name="main")
b2 = sch.get_block(name="root", func_name="main")
sch.compute_inline(block=b1)
sch.annotate(block_or_loop=b0, ann_key="meta_schedule.tiling_structure", ann_val="SSRSRS")
l3, l4, l5, l6, l7, l8, l9, l10 = sch.get_loops(block=b0)
v11, v12, v13, v14 = sch.sample_perfect_tile(loop=l3, n=4, max_innermost_factor=64, decision=[1, 1, 1, 1])
l15, l16, l17, l18 = sch.split(loop=l3, factors=[v11, v12, v13, v14], preserve_unit_iters=True, disable_predication=False)
v19, v20, v21, v22 = sch.sample_perfect_tile(loop=l4, n=4, max_innermost_factor=64, decision=[1, 2, 1, 8])
l23, l24, l25, l26 = sch.split(loop=l4, factors=[v19, v20, v21, v22], preserve_unit_iters=True, disable_predication=False)
v27, v28, v29, v30 = sch.sample_perfect_tile(loop=l5, n=4, max_innermost_factor=64, decision=[1, 7, 1, 2])
l31, l32, l33, l34 = sch.split(loop=l5, factors=[v27, v28, v29, v30], preserve_unit_iters=True, disable_predication=False)
v35, v36, v37, v38 = sch.sample_perfect_tile(loop=l6, n=4, max_innermost_factor=64, decision=[1, 14, 1, 1])
l39, l40, l41, l42 = sch.split(loop=l6, factors=[v35, v36, v37, v38], preserve_unit_iters=True, disable_predication=False)
v43, v44, v45, v46 = sch.sample_perfect_tile(loop=l7, n=4, max_innermost_factor=64, decision=[1, 1, 4, 2])
l47, l48, l49, l50 = sch.split(loop=l7, factors=[v43, v44, v45, v46], preserve_unit_iters=True, disable_predication=False)
v51, v52 = sch.sample_perfect_tile(loop=l8, n=2, max_innermost_factor=64, decision=[256, 1])
l53, l54 = sch.split(loop=l8, factors=[v51, v52], preserve_unit_iters=True, disable_predication=False)
v55, v56 = sch.sample_perfect_tile(loop=l9, n=2, max_innermost_factor=64, decision=[1, 1])
l57, l58 = sch.split(loop=l9, factors=[v55, v56], preserve_unit_iters=True, disable_predication=False)
v59, v60 = sch.sample_perfect_tile(loop=l10, n=2, max_innermost_factor=64, decision=[1, 1])
l61, l62 = sch.split(loop=l10, factors=[v59, v60], preserve_unit_iters=True, disable_predication=False)
sch.reorder(l15, l23, l31, l39, l47, l16, l24, l32, l40, l48, l53, l57, l61, l17, l25, l33, l41, l49, l54, l58, l62, l18, l26, l34, l42, l50)
b63, = sch.get_consumers(block=b0)
sch.reverse_compute_at(block=b63, loop=l48, preserve_unit_loops=True, index=-1)
sch.annotate(block_or_loop=b2, ann_key="meta_schedule.parallel", ann_val=96)
sch.annotate(block_or_loop=b2, ann_key="meta_schedule.vectorize", ann_val=64)
v64 = sch.sample_categorical(candidates=[0, 16, 64, 512], probs=[0.25, 0.25, 0.25, 0.25], decision=1)
sch.annotate(block_or_loop=b2, ann_key="meta_schedule.unroll_explicit", ann_val=v64)
2024-05-21 02:46:39 [INFO] [task_scheduler.cc:170] Design space #2:
# from tvm.script import ir as I
# from tvm.script import tir as T

@I.ir_module
class Module:
    @T.prim_func
    def main(p0: T.Buffer((T.int64(1), T.int64(32), T.int64(14), T.int64(14), T.int64(8)), "float32"), p1: T.Buffer((T.int64(16), T.int64(32), T.int64(1), T.int64(1), T.int64(8), T.int64(8)), "float32"), p2: T.Buffer((T.int64(1), T.int64(16), T.int64(1), T.int64(1), T.int64(8)), "float32"), T_relu: T.Buffer((T.int64(1), T.int64(16), T.int64(14), T.int64(14), T.int64(8)), "float32")):
        T.func_attr({"tir.noalias": T.bool(True)})
        with T.block("root"):
            T.reads()
            T.writes()
            T.block_attr({"meta_schedule.parallel": 96, "meta_schedule.unroll_explicit": 64, "meta_schedule.vectorize": 64})
            conv2d_NCHWc = T.alloc_buffer((T.int64(1), T.int64(16), T.int64(14), T.int64(14), T.int64(8)))
            for n_0, oc_chunk_0, oh_0, ow_0, oc_block_0 in T.grid(T.int64(1), T.int64(1), T.int64(1), T.int64(1), T.int64(1)):
                for n_1, oc_chunk_1, oh_1, ow_1, oc_block_1, ic_0, kh_0, kw_0, n_2, oc_chunk_2, oh_2, ow_2, oc_block_2, ic_1, kh_1, kw_1, n_3, oc_chunk_3, oh_3, ow_3, oc_block_3 in T.grid(T.int64(1), T.int64(2), T.int64(7), T.int64(14), T.int64(1), T.int64(256), T.int64(1), T.int64(1), T.int64(1), T.int64(1), T.int64(1), T.int64(1), T.int64(4), T.int64(1), T.int64(1), T.int64(1), T.int64(1), T.int64(8), T.int64(2), T.int64(1), T.int64(2)):
                    with T.block("conv2d_NCHWc"):
                        v_n = T.axis.spatial(T.int64(1), n_0 + n_1 + n_2 + n_3)
                        v_oc_chunk = T.axis.spatial(T.int64(16), oc_chunk_0 * T.int64(16) + oc_chunk_1 * T.int64(8) + oc_chunk_2 * T.int64(8) + oc_chunk_3)
                        v_oh = T.axis.spatial(T.int64(14), oh_0 * T.int64(14) + oh_1 * T.int64(2) + oh_2 * T.int64(2) + oh_3)
                        v_ow = T.axis.spatial(T.int64(14), ow_0 * T.int64(14) + ow_1 + ow_2 + ow_3)
                        v_oc_block = T.axis.spatial(T.int64(8), oc_block_0 * T.int64(8) + oc_block_1 * T.int64(8) + oc_block_2 * T.int64(2) + oc_block_3)
                        v_ic = T.axis.reduce(T.int64(256), ic_0 + ic_1)
                        v_kh = T.axis.reduce(T.int64(1), kh_0 + kh_1)
                        v_kw = T.axis.reduce(T.int64(1), kw_0 + kw_1)
                        T.reads(p0[v_n, v_ic // T.int64(8), v_oh + v_kh, v_ow + v_kw, v_ic % T.int64(8)], p1[v_oc_chunk, v_ic // T.int64(8), v_kh, v_kw, v_ic % T.int64(8), v_oc_block])
                        T.writes(conv2d_NCHWc[v_n, v_oc_chunk, v_oh, v_ow, v_oc_block])
                        T.block_attr({"meta_schedule.tiling_structure": "SSRSRS"})
                        with T.init():
                            conv2d_NCHWc[v_n, v_oc_chunk, v_oh, v_ow, v_oc_block] = T.float32(0)
                        conv2d_NCHWc[v_n, v_oc_chunk, v_oh, v_ow, v_oc_block] = conv2d_NCHWc[v_n, v_oc_chunk, v_oh, v_ow, v_oc_block] + p0[v_n, v_ic // T.int64(8), v_oh + v_kh, v_ow + v_kw, v_ic % T.int64(8)] * p1[v_oc_chunk, v_ic // T.int64(8), v_kh, v_kw, v_ic % T.int64(8), v_oc_block]
                for ax0, ax1, ax2, ax3, ax4 in T.grid(T.int64(1), T.int64(16), T.int64(14), T.int64(14), T.int64(8)):
                    with T.block("T_relu"):
                        v_ax0, v_ax1, v_ax2, v_ax3, v_ax4 = T.axis.remap("SSSSS", [ax0, ax1, ax2, ax3, ax4])
                        T.reads(conv2d_NCHWc[v_ax0, v_ax1, v_ax2, v_ax3, v_ax4], p2[v_ax0, v_ax1, T.int64(0), T.int64(0), v_ax4])
                        T.writes(T_relu[v_ax0, v_ax1, v_ax2, v_ax3, v_ax4])
                        T_relu[v_ax0, v_ax1, v_ax2, v_ax3, v_ax4] = T.max(conv2d_NCHWc[v_ax0, v_ax1, v_ax2, v_ax3, v_ax4] + p2[v_ax0, v_ax1, T.int64(0), T.int64(0), v_ax4], T.float32(0))
b0 = sch.get_block(name="conv2d_NCHWc", func_name="main")
b1 = sch.get_block(name="T_add", func_name="main")
b2 = sch.get_block(name="root", func_name="main")
sch.compute_inline(block=b1)
sch.annotate(block_or_loop=b0, ann_key="meta_schedule.tiling_structure", ann_val="SSRSRS")
l3, l4, l5, l6, l7, l8, l9, l10 = sch.get_loops(block=b0)
v11, v12, v13, v14 = sch.sample_perfect_tile(loop=l3, n=4, max_innermost_factor=64, decision=[1, 1, 1, 1])
l15, l16, l17, l18 = sch.split(loop=l3, factors=[v11, v12, v13, v14], preserve_unit_iters=True, disable_predication=False)
v19, v20, v21, v22 = sch.sample_perfect_tile(loop=l4, n=4, max_innermost_factor=64, decision=[1, 2, 1, 8])
l23, l24, l25, l26 = sch.split(loop=l4, factors=[v19, v20, v21, v22], preserve_unit_iters=True, disable_predication=False)
v27, v28, v29, v30 = sch.sample_perfect_tile(loop=l5, n=4, max_innermost_factor=64, decision=[1, 7, 1, 2])
l31, l32, l33, l34 = sch.split(loop=l5, factors=[v27, v28, v29, v30], preserve_unit_iters=True, disable_predication=False)
v35, v36, v37, v38 = sch.sample_perfect_tile(loop=l6, n=4, max_innermost_factor=64, decision=[1, 14, 1, 1])
l39, l40, l41, l42 = sch.split(loop=l6, factors=[v35, v36, v37, v38], preserve_unit_iters=True, disable_predication=False)
v43, v44, v45, v46 = sch.sample_perfect_tile(loop=l7, n=4, max_innermost_factor=64, decision=[1, 1, 4, 2])
l47, l48, l49, l50 = sch.split(loop=l7, factors=[v43, v44, v45, v46], preserve_unit_iters=True, disable_predication=False)
v51, v52 = sch.sample_perfect_tile(loop=l8, n=2, max_innermost_factor=64, decision=[256, 1])
l53, l54 = sch.split(loop=l8, factors=[v51, v52], preserve_unit_iters=True, disable_predication=False)
v55, v56 = sch.sample_perfect_tile(loop=l9, n=2, max_innermost_factor=64, decision=[1, 1])
l57, l58 = sch.split(loop=l9, factors=[v55, v56], preserve_unit_iters=True, disable_predication=False)
v59, v60 = sch.sample_perfect_tile(loop=l10, n=2, max_innermost_factor=64, decision=[1, 1])
l61, l62 = sch.split(loop=l10, factors=[v59, v60], preserve_unit_iters=True, disable_predication=False)
sch.reorder(l15, l23, l31, l39, l47, l16, l24, l32, l40, l48, l53, l57, l61, l17, l25, l33, l41, l49, l54, l58, l62, l18, l26, l34, l42, l50)
b63, = sch.get_consumers(block=b0)
sch.reverse_compute_at(block=b63, loop=l47, preserve_unit_loops=True, index=-1)
sch.annotate(block_or_loop=b2, ann_key="meta_schedule.parallel", ann_val=96)
sch.annotate(block_or_loop=b2, ann_key="meta_schedule.vectorize", ann_val=64)
v64 = sch.sample_categorical(candidates=[0, 16, 64, 512], probs=[0.25, 0.25, 0.25, 0.25], decision=2)
sch.annotate(block_or_loop=b2, ann_key="meta_schedule.unroll_explicit", ann_val=v64)
2024-05-21 03:52:32 [INFO] [evolutionary_search.cc:713] Generating candidates......
2024-05-21 03:52:32 [INFO] [evolutionary_search.cc:715] Picked top 0 candidate(s) from database
2024-05-21 03:52:33 [INFO] [evolutionary_search.cc:533] Sample-Init-Population summary:
Postproc #0 [meta_schedule.DisallowDynamicLoop(0x1b69fb98)]: 0 failure(s)
Postproc #1 [meta_schedule.RewriteParallelVectorizeUnroll(0xb079ad8)]: 0 failure(s)
Postproc #2 [meta_schedule.RewriteReductionBlock(0x10003e88)]: 0 failure(s)
Postproc #3 [meta_schedule.RewriteLayout(0xe24d168)]: 0 failure(s)
2024-05-21 03:52:33 [INFO] [evolutionary_search.cc:723] Sampled 512 candidate(s)
2024-05-21 03:52:34 [INFO] [evolutionary_search.cc:621] Evolve iter #0 done. Summary:
Postproc #0 [meta_schedule.DisallowDynamicLoop(0x1b69fb98)]: 0 failure(s)
Postproc #1 [meta_schedule.RewriteParallelVectorizeUnroll(0xb079ad8)]: 0 failure(s)
Postproc #2 [meta_schedule.RewriteReductionBlock(0x10003e88)]: 0 failure(s)
Postproc #3 [meta_schedule.RewriteLayout(0xe24d168)]: 0 failure(s)
2024-05-21 03:52:34 [INFO] [evolutionary_search.cc:621] Evolve iter #1 done. Summary:
Postproc #0 [meta_schedule.DisallowDynamicLoop(0x1b69fb98)]: 0 failure(s)
Postproc #1 [meta_schedule.RewriteParallelVectorizeUnroll(0xb079ad8)]: 0 failure(s)
Postproc #2 [meta_schedule.RewriteReductionBlock(0x10003e88)]: 0 failure(s)
Postproc #3 [meta_schedule.RewriteLayout(0xe24d168)]: 0 failure(s)
2024-05-21 03:52:35 [INFO] [evolutionary_search.cc:621] Evolve iter #2 done. Summary:
Postproc #0 [meta_schedule.DisallowDynamicLoop(0x1b69fb98)]: 0 failure(s)
Postproc #1 [meta_schedule.RewriteParallelVectorizeUnroll(0xb079ad8)]: 0 failure(s)
Postproc #2 [meta_schedule.RewriteReductionBlock(0x10003e88)]: 0 failure(s)
Postproc #3 [meta_schedule.RewriteLayout(0xe24d168)]: 0 failure(s)
2024-05-21 03:52:36 [INFO] [evolutionary_search.cc:621] Evolve iter #3 done. Summary:
Postproc #0 [meta_schedule.DisallowDynamicLoop(0x1b69fb98)]: 0 failure(s)
Postproc #1 [meta_schedule.RewriteParallelVectorizeUnroll(0xb079ad8)]: 0 failure(s)
Postproc #2 [meta_schedule.RewriteReductionBlock(0x10003e88)]: 0 failure(s)
Postproc #3 [meta_schedule.RewriteLayout(0xe24d168)]: 0 failure(s)
2024-05-21 03:52:36 [INFO] [evolutionary_search.cc:649] Scores of the best 64 candidates:
[1 : 16]:	0.9994  0.9987  0.9986  0.9978  0.9977  0.9975  0.9968  0.9964  0.9951  0.9950  0.9945  0.9937  0.9933  0.9932  0.9926  0.9926
[17 : 32]:	0.9921  0.9909  0.9900  0.9897  0.9892  0.9887  0.9879  0.9875  0.9875  0.9860  0.9851  0.9850  0.9838  0.9835  0.9828  0.9822
[33 : 48]:	0.9821  0.9815  0.9814  0.9811  0.9805  0.9797  0.9795  0.9782  0.9779  0.9770  0.9769  0.9764  0.9760  0.9744  0.9742  0.9740
[49 : 64]:	0.9737  0.9730  0.9729  0.9720  0.9717  0.9717  0.9708  0.9704  0.9693  0.9693  0.9685  0.9684  0.9681  0.9681  0.9669  0.9652
2024-05-21 03:52:36 [INFO] [evolutionary_search.cc:727] Got 64 candidate(s) with evolutionary search
2024-05-21 03:52:36 [INFO] [evolutionary_search.cc:730] Sending 64 candidates(s) for measurement
2024-05-21 04:46:40 [INFO] [task_scheduler.cc:131] [Task #40: fused_nn_contrib_conv2d_NCHWc_add_nn_relu_39] Trial #1: GFLOPs: 21.3773. Time: 603.2204 us. Best GFLOPs: 21.3773
2024-05-21 04:46:40 [INFO] [task_scheduler.cc:131] [Task #40: fused_nn_contrib_conv2d_NCHWc_add_nn_relu_39] Trial #2: GFLOPs: 5.9759. Time: 2157.8664 us. Best GFLOPs: 21.3773
2024-05-21 04:46:40 [INFO] [task_scheduler.cc:131] [Task #40: fused_nn_contrib_conv2d_NCHWc_add_nn_relu_39] Trial #3: GFLOPs: 35.5516. Time: 362.7188 us. Best GFLOPs: 35.5516
2024-05-21 04:46:40 [INFO] [task_scheduler.cc:131] [Task #40: fused_nn_contrib_conv2d_NCHWc_add_nn_relu_39] Trial #4: GFLOPs: 31.2402. Time: 412.7766 us. Best GFLOPs: 35.5516
2024-05-21 04:46:40 [INFO] [task_scheduler.cc:131] [Task #40: fused_nn_contrib_conv2d_NCHWc_add_nn_relu_39] Trial #5: GFLOPs: 76.5549. Time: 168.4443 us. Best GFLOPs: 76.5549
2024-05-21 04:46:40 [INFO] [task_scheduler.cc:131] [Task #40: fused_nn_contrib_conv2d_NCHWc_add_nn_relu_39] Trial #6: GFLOPs: 12.2907. Time: 1049.1835 us. Best GFLOPs: 76.5549
2024-05-21 04:46:40 [INFO] [task_scheduler.cc:131] [Task #40: fused_nn_contrib_conv2d_NCHWc_add_nn_relu_39] Trial #7: GFLOPs: 29.6558. Time: 434.8297 us. Best GFLOPs: 76.5549
2024-05-21 04:46:40 [INFO] [task_scheduler.cc:131] [Task #40: fused_nn_contrib_conv2d_NCHWc_add_nn_relu_39] Trial #8: GFLOPs: 61.5744. Time: 209.4253 us. Best GFLOPs: 76.5549
2024-05-21 04:46:40 [INFO] [task_scheduler.cc:131] [Task #40: fused_nn_contrib_conv2d_NCHWc_add_nn_relu_39] Trial #9: GFLOPs: 96.4876. Time: 133.6465 us. Best GFLOPs: 96.4876
2024-05-21 04:46:40 [INFO] [task_scheduler.cc:131] [Task #40: fused_nn_contrib_conv2d_NCHWc_add_nn_relu_39] Trial #10: GFLOPs: 18.8384. Time: 684.5183 us. Best GFLOPs: 96.4876
2024-05-21 04:46:40 [INFO] [task_scheduler.cc:131] [Task #40: fused_nn_contrib_conv2d_NCHWc_add_nn_relu_39] Trial #11: GFLOPs: 40.1899. Time: 320.8578 us. Best GFLOPs: 96.4876
2024-05-21 04:46:40 [INFO] [task_scheduler.cc:131] [Task #40: fused_nn_contrib_conv2d_NCHWc_add_nn_relu_39] Trial #12: GFLOPs: 64.9343. Time: 198.5890 us. Best GFLOPs: 96.4876
2024-05-21 04:46:40 [INFO] [task_scheduler.cc:131] [Task #40: fused_nn_contrib_conv2d_NCHWc_add_nn_relu_39] Trial #13: GFLOPs: 18.5150. Time: 696.4758 us. Best GFLOPs: 96.4876
2024-05-21 04:46:40 [INFO] [task_scheduler.cc:131] [Task #40: fused_nn_contrib_conv2d_NCHWc_add_nn_relu_39] Trial #14: GFLOPs: 20.1428. Time: 640.1922 us. Best GFLOPs: 96.4876
2024-05-21 04:46:40 [INFO] [task_scheduler.cc:131] [Task #40: fused_nn_contrib_conv2d_NCHWc_add_nn_relu_39] Trial #15: GFLOPs: 23.9444. Time: 538.5487 us. Best GFLOPs: 96.4876
2024-05-21 04:46:40 [INFO] [task_scheduler.cc:131] [Task #40: fused_nn_contrib_conv2d_NCHWc_add_nn_relu_39] Trial #16: GFLOPs: 53.9613. Time: 238.9718 us. Best GFLOPs: 96.4876
2024-05-21 04:46:40 [INFO] [task_scheduler.cc:131] [Task #40: fused_nn_contrib_conv2d_NCHWc_add_nn_relu_39] Trial #17: GFLOPs: 61.4831. Time: 209.7364 us. Best GFLOPs: 96.4876
2024-05-21 04:46:40 [INFO] [task_scheduler.cc:131] [Task #40: fused_nn_contrib_conv2d_NCHWc_add_nn_relu_39] Trial #18: GFLOPs: 80.4224. Time: 160.3437 us. Best GFLOPs: 96.4876
2024-05-21 04:46:40 [INFO] [task_scheduler.cc:131] [Task #40: fused_nn_contrib_conv2d_NCHWc_add_nn_relu_39] Trial #19: GFLOPs: 8.7293. Time: 1477.2280 us. Best GFLOPs: 96.4876
2024-05-21 04:46:40 [INFO] [task_scheduler.cc:131] [Task #40: fused_nn_contrib_conv2d_NCHWc_add_nn_relu_39] Trial #20: GFLOPs: 46.0456. Time: 280.0534 us. Best GFLOPs: 96.4876
2024-05-21 04:46:40 [INFO] [task_scheduler.cc:131] [Task #40: fused_nn_contrib_conv2d_NCHWc_add_nn_relu_39] Trial #21: GFLOPs: 15.6765. Time: 822.5855 us. Best GFLOPs: 96.4876
2024-05-21 04:46:40 [INFO] [task_scheduler.cc:131] [Task #40: fused_nn_contrib_conv2d_NCHWc_add_nn_relu_39] Trial #22: GFLOPs: 40.3266. Time: 319.7699 us. Best GFLOPs: 96.4876
2024-05-21 04:46:40 [INFO] [task_scheduler.cc:131] [Task #40: fused_nn_contrib_conv2d_NCHWc_add_nn_relu_39] Trial #23: GFLOPs: 73.2234. Time: 176.1081 us. Best GFLOPs: 96.4876
2024-05-21 04:46:40 [INFO] [task_scheduler.cc:131] [Task #40: fused_nn_contrib_conv2d_NCHWc_add_nn_relu_39] Trial #24: GFLOPs: 28.0506. Time: 459.7137 us. Best GFLOPs: 96.4876
2024-05-21 04:46:40 [INFO] [task_scheduler.cc:131] [Task #40: fused_nn_contrib_conv2d_NCHWc_add_nn_relu_39] Trial #25: GFLOPs: 64.5039. Time: 199.9140 us. Best GFLOPs: 96.4876
2024-05-21 04:46:40 [INFO] [task_scheduler.cc:131] [Task #40: fused_nn_contrib_conv2d_NCHWc_add_nn_relu_39] Trial #26: GFLOPs: 52.2996. Time: 246.5648 us. Best GFLOPs: 96.4876
2024-05-21 04:46:40 [INFO] [task_scheduler.cc:131] [Task #40: fused_nn_contrib_conv2d_NCHWc_add_nn_relu_39] Trial #27: GFLOPs: 41.6842. Time: 309.3555 us. Best GFLOPs: 96.4876
2024-05-21 04:46:40 [INFO] [task_scheduler.cc:131] [Task #40: fused_nn_contrib_conv2d_NCHWc_add_nn_relu_39] Trial #28: GFLOPs: 48.5504. Time: 265.6052 us. Best GFLOPs: 96.4876
2024-05-21 04:46:40 [INFO] [task_scheduler.cc:131] [Task #40: fused_nn_contrib_conv2d_NCHWc_add_nn_relu_39] Trial #29: GFLOPs: 22.7429. Time: 566.9997 us. Best GFLOPs: 96.4876
2024-05-21 04:46:40 [INFO] [task_scheduler.cc:131] [Task #40: fused_nn_contrib_conv2d_NCHWc_add_nn_relu_39] Trial #30: GFLOPs: 7.6668. Time: 1681.9675 us. Best GFLOPs: 96.4876
2024-05-21 04:46:40 [INFO] [task_scheduler.cc:131] [Task #40: fused_nn_contrib_conv2d_NCHWc_add_nn_relu_39] Trial #31: GFLOPs: 8.9707. Time: 1437.4826 us. Best GFLOPs: 96.4876
2024-05-21 04:46:40 [INFO] [task_scheduler.cc:131] [Task #40: fused_nn_contrib_conv2d_NCHWc_add_nn_relu_39] Trial #32: GFLOPs: 31.9695. Time: 403.3599 us. Best GFLOPs: 96.4876
2024-05-21 04:46:40 [INFO] [task_scheduler.cc:131] [Task #40: fused_nn_contrib_conv2d_NCHWc_add_nn_relu_39] Trial #33: GFLOPs: 13.2823. Time: 970.8564 us. Best GFLOPs: 96.4876
2024-05-21 04:46:40 [INFO] [task_scheduler.cc:131] [Task #40: fused_nn_contrib_conv2d_NCHWc_add_nn_relu_39] Trial #34: GFLOPs: 19.4651. Time: 662.4781 us. Best GFLOPs: 96.4876
2024-05-21 04:46:40 [INFO] [task_scheduler.cc:131] [Task #40: fused_nn_contrib_conv2d_NCHWc_add_nn_relu_39] Trial #35: GFLOPs: 65.0501. Time: 198.2354 us. Best GFLOPs: 96.4876
2024-05-21 04:46:40 [INFO] [task_scheduler.cc:131] [Task #40: fused_nn_contrib_conv2d_NCHWc_add_nn_relu_39] Trial #36: GFLOPs: 69.6338. Time: 185.1864 us. Best GFLOPs: 96.4876
2024-05-21 04:46:40 [INFO] [task_scheduler.cc:131] [Task #40: fused_nn_contrib_conv2d_NCHWc_add_nn_relu_39] Trial #37: GFLOPs: 46.9569. Time: 274.6185 us. Best GFLOPs: 96.4876
2024-05-21 04:46:40 [INFO] [task_scheduler.cc:131] [Task #40: fused_nn_contrib_conv2d_NCHWc_add_nn_relu_39] Trial #38: GFLOPs: 20.7947. Time: 620.1201 us. Best GFLOPs: 96.4876
2024-05-21 04:46:40 [INFO] [task_scheduler.cc:131] [Task #40: fused_nn_contrib_conv2d_NCHWc_add_nn_relu_39] Trial #39: GFLOPs: 29.1800. Time: 441.9204 us. Best GFLOPs: 96.4876
2024-05-21 04:46:40 [INFO] [task_scheduler.cc:131] [Task #40: fused_nn_contrib_conv2d_NCHWc_add_nn_relu_39] Trial #40: GFLOPs: 9.6997. Time: 1329.4441 us. Best GFLOPs: 96.4876
2024-05-21 04:46:40 [INFO] [task_scheduler.cc:131] [Task #40: fused_nn_contrib_conv2d_NCHWc_add_nn_relu_39] Trial #41: GFLOPs: 79.0111. Time: 163.2078 us. Best GFLOPs: 96.4876
2024-05-21 04:46:40 [INFO] [task_scheduler.cc:131] [Task #40: fused_nn_contrib_conv2d_NCHWc_add_nn_relu_39] Trial #42: GFLOPs: 14.1548. Time: 911.0163 us. Best GFLOPs: 96.4876
2024-05-21 04:46:40 [INFO] [task_scheduler.cc:131] [Task #40: fused_nn_contrib_conv2d_NCHWc_add_nn_relu_39] Trial #43: GFLOPs: 12.1272. Time: 1063.3306 us. Best GFLOPs: 96.4876
2024-05-21 04:46:40 [INFO] [task_scheduler.cc:131] [Task #40: fused_nn_contrib_conv2d_NCHWc_add_nn_relu_39] Trial #44: GFLOPs: 18.0142. Time: 715.8354 us. Best GFLOPs: 96.4876
2024-05-21 04:46:40 [INFO] [task_scheduler.cc:131] [Task #40: fused_nn_contrib_conv2d_NCHWc_add_nn_relu_39] Trial #45: GFLOPs: 68.1996. Time: 189.0807 us. Best GFLOPs: 96.4876
2024-05-21 04:46:40 [INFO] [task_scheduler.cc:131] [Task #40: fused_nn_contrib_conv2d_NCHWc_add_nn_relu_39] Trial #46: GFLOPs: 36.5725. Time: 352.5932 us. Best GFLOPs: 96.4876
2024-05-21 04:46:40 [INFO] [task_scheduler.cc:131] [Task #40: fused_nn_contrib_conv2d_NCHWc_add_nn_relu_39] Trial #47: GFLOPs: 23.4998. Time: 548.7389 us. Best GFLOPs: 96.4876
2024-05-21 04:46:40 [INFO] [task_scheduler.cc:131] [Task #40: fused_nn_contrib_conv2d_NCHWc_add_nn_relu_39] Trial #48: GFLOPs: 108.1941. Time: 119.1861 us. Best GFLOPs: 108.1941
2024-05-21 04:46:40 [INFO] [task_scheduler.cc:131] [Task #40: fused_nn_contrib_conv2d_NCHWc_add_nn_relu_39] Trial #49: GFLOPs: 9.2804. Time: 1389.5106 us. Best GFLOPs: 108.1941
2024-05-21 04:46:40 [INFO] [task_scheduler.cc:131] [Task #40: fused_nn_contrib_conv2d_NCHWc_add_nn_relu_39] Trial #50: GFLOPs: 44.8706. Time: 287.3874 us. Best GFLOPs: 108.1941
2024-05-21 04:46:40 [INFO] [task_scheduler.cc:131] [Task #40: fused_nn_contrib_conv2d_NCHWc_add_nn_relu_39] Trial #51: GFLOPs: 49.7358. Time: 259.2747 us. Best GFLOPs: 108.1941
2024-05-21 04:46:40 [INFO] [task_scheduler.cc:131] [Task #40: fused_nn_contrib_conv2d_NCHWc_add_nn_relu_39] Trial #52: GFLOPs: 26.5709. Time: 485.3137 us. Best GFLOPs: 108.1941
2024-05-21 04:46:40 [INFO] [task_scheduler.cc:131] [Task #40: fused_nn_contrib_conv2d_NCHWc_add_nn_relu_39] Trial #53: GFLOPs: 12.5336. Time: 1028.8555 us. Best GFLOPs: 108.1941
2024-05-21 04:46:40 [INFO] [task_scheduler.cc:131] [Task #40: fused_nn_contrib_conv2d_NCHWc_add_nn_relu_39] Trial #54: GFLOPs: 69.9631. Time: 184.3148 us. Best GFLOPs: 108.1941
2024-05-21 04:46:40 [INFO] [task_scheduler.cc:131] [Task #40: fused_nn_contrib_conv2d_NCHWc_add_nn_relu_39] Trial #55: GFLOPs: 84.8789. Time: 151.9251 us. Best GFLOPs: 108.1941
2024-05-21 04:46:40 [INFO] [task_scheduler.cc:131] [Task #40: fused_nn_contrib_conv2d_NCHWc_add_nn_relu_39] Trial #56: GFLOPs: 80.8040. Time: 159.5866 us. Best GFLOPs: 108.1941
2024-05-21 04:46:40 [INFO] [task_scheduler.cc:131] [Task #40: fused_nn_contrib_conv2d_NCHWc_add_nn_relu_39] Trial #57: GFLOPs: 17.9291. Time: 719.2352 us. Best GFLOPs: 108.1941
2024-05-21 04:46:40 [INFO] [task_scheduler.cc:131] [Task #40: fused_nn_contrib_conv2d_NCHWc_add_nn_relu_39] Trial #58: GFLOPs: 36.4808. Time: 353.4798 us. Best GFLOPs: 108.1941
2024-05-21 04:46:40 [INFO] [task_scheduler.cc:131] [Task #40: fused_nn_contrib_conv2d_NCHWc_add_nn_relu_39] Trial #59: GFLOPs: 17.3914. Time: 741.4713 us. Best GFLOPs: 108.1941
2024-05-21 04:46:40 [INFO] [task_scheduler.cc:131] [Task #40: fused_nn_contrib_conv2d_NCHWc_add_nn_relu_39] Trial #60: GFLOPs: 19.2423. Time: 670.1498 us. Best GFLOPs: 108.1941
2024-05-21 04:46:40 [INFO] [task_scheduler.cc:131] [Task #40: fused_nn_contrib_conv2d_NCHWc_add_nn_relu_39] Trial #61: GFLOPs: 37.2857. Time: 345.8494 us. Best GFLOPs: 108.1941
2024-05-21 04:46:40 [INFO] [task_scheduler.cc:131] [Task #40: fused_nn_contrib_conv2d_NCHWc_add_nn_relu_39] Trial #62: GFLOPs: 13.8980. Time: 927.8497 us. Best GFLOPs: 108.1941
2024-05-21 04:46:40 [INFO] [task_scheduler.cc:131] [Task #40: fused_nn_contrib_conv2d_NCHWc_add_nn_relu_39] Trial #63: GFLOPs: 51.9254. Time: 248.3414 us. Best GFLOPs: 108.1941
2024-05-21 04:46:40 [INFO] [task_scheduler.cc:131] [Task #40: fused_nn_contrib_conv2d_NCHWc_add_nn_relu_39] Trial #64: GFLOPs: 17.6366. Time: 731.1649 us. Best GFLOPs: 108.1941
