2024-05-21 02:46:40 [INFO] [task_scheduler.cc:160] Initializing Task #68: "fused_nn_avg_pool2d"
2024-05-21 02:46:40 [INFO] [task_scheduler.cc:35] 
# from tvm.script import ir as I
# from tvm.script import tir as T

@I.ir_module
class Module:
    @T.prim_func
    def main(p0: T.Buffer((T.int64(1), T.int64(16), T.int64(56), T.int64(56), T.int64(8)), "float32"), pool_avg: T.Buffer((T.int64(1), T.int64(16), T.int64(28), T.int64(28), T.int64(8)), "float32")):
        T.func_attr({"tir.noalias": T.bool(True)})
        # with T.block("root"):
        pool_sum = T.alloc_buffer((T.int64(1), T.int64(16), T.int64(28), T.int64(28), T.int64(8)))
        for ax0, ax1, ax2, ax3, ax4, rv0, rv1 in T.grid(T.int64(1), T.int64(16), T.int64(28), T.int64(28), T.int64(8), T.int64(2), T.int64(2)):
            with T.block("pool_sum"):
                v_ax0, v_ax1, v_ax2, v_ax3, v_ax4, v_rv0, v_rv1 = T.axis.remap("SSSSSRR", [ax0, ax1, ax2, ax3, ax4, rv0, rv1])
                T.reads(p0[v_ax0, v_ax1, v_ax2 * T.int64(2) + v_rv0, v_ax3 * T.int64(2) + v_rv1, v_ax4])
                T.writes(pool_sum[v_ax0, v_ax1, v_ax2, v_ax3, v_ax4])
                with T.init():
                    pool_sum[v_ax0, v_ax1, v_ax2, v_ax3, v_ax4] = T.float32(0)
                pool_sum[v_ax0, v_ax1, v_ax2, v_ax3, v_ax4] = pool_sum[v_ax0, v_ax1, v_ax2, v_ax3, v_ax4] + p0[v_ax0, v_ax1, v_ax2 * T.int64(2) + v_rv0, v_ax3 * T.int64(2) + v_rv1, v_ax4]
        for ax0, ax1, ax2, ax3, ax4 in T.grid(T.int64(1), T.int64(16), T.int64(28), T.int64(28), T.int64(8)):
            with T.block("pool_avg"):
                v_ax0, v_ax1, v_ax2, v_ax3, v_ax4 = T.axis.remap("SSSSS", [ax0, ax1, ax2, ax3, ax4])
                T.reads(pool_sum[v_ax0, v_ax1, v_ax2, v_ax3, v_ax4])
                T.writes(pool_avg[v_ax0, v_ax1, v_ax2, v_ax3, v_ax4])
                T.block_attr({"schedule_rule": "meta_schedule.pool_avg"})
                pool_avg[v_ax0, v_ax1, v_ax2, v_ax3, v_ax4] = pool_sum[v_ax0, v_ax1, v_ax2, v_ax3, v_ax4] / T.Cast("float32", (T.min(T.int64(1), T.int64(55) - v_ax2 * T.int64(2)) + T.int64(1)) * (T.min(T.int64(1), T.int64(55) - v_ax3 * T.int64(2)) + T.int64(1)))
2024-05-21 02:46:40 [INFO] [task_scheduler.cc:164] Total 3 design space(s) generated
2024-05-21 02:46:40 [INFO] [task_scheduler.cc:170] Design space #0:
# from tvm.script import ir as I
# from tvm.script import tir as T

@I.ir_module
class Module:
    @T.prim_func
    def main(p0: T.Buffer((T.int64(1), T.int64(16), T.int64(56), T.int64(56), T.int64(8)), "float32"), pool_avg: T.Buffer((T.int64(1), T.int64(16), T.int64(28), T.int64(28), T.int64(8)), "float32")):
        T.func_attr({"tir.noalias": T.bool(True)})
        with T.block("root"):
            T.reads()
            T.writes()
            T.block_attr({"meta_schedule.parallel": 96, "meta_schedule.unroll_explicit": 0, "meta_schedule.vectorize": 64})
            pool_sum = T.alloc_buffer((T.int64(1), T.int64(16), T.int64(28), T.int64(28), T.int64(8)))
            pool_sum_rf = T.alloc_buffer((T.int64(1), T.int64(16), T.int64(28), T.int64(28), T.int64(8), T.int64(4)))
            for ax0, ax1 in T.grid(T.int64(1), T.int64(16)):
                for ax0_1, ax1_1, ax2, ax3, ax4, ax5, ax6 in T.grid(T.int64(4), T.int64(1), T.int64(1), T.int64(28), T.int64(28), T.int64(8), T.int64(1)):
                    with T.block("pool_sum_rf"):
                        vrv0_rv1_fused_0, v_ax0 = T.axis.remap("SS", [ax0_1, ax1_1])
                        v_ax1 = T.axis.spatial(T.int64(16), ax1 + ax2)
                        v_ax2, v_ax3, v_ax4, vrv0_rv1_fused_1 = T.axis.remap("SSSR", [ax3, ax4, ax5, ax6])
                        T.reads(p0[v_ax0, v_ax1, v_ax2 * T.int64(2) + (vrv0_rv1_fused_0 + vrv0_rv1_fused_1) // T.int64(2), v_ax3 * T.int64(2) + (vrv0_rv1_fused_0 + vrv0_rv1_fused_1) % T.int64(2), v_ax4])
                        T.writes(pool_sum_rf[v_ax0, v_ax1, v_ax2, v_ax3, v_ax4, vrv0_rv1_fused_0])
                        with T.init():
                            pool_sum_rf[v_ax0, v_ax1, v_ax2, v_ax3, v_ax4, vrv0_rv1_fused_0] = T.float32(0)
                        pool_sum_rf[v_ax0, v_ax1, v_ax2, v_ax3, v_ax4, vrv0_rv1_fused_0] = pool_sum_rf[v_ax0, v_ax1, v_ax2, v_ax3, v_ax4, vrv0_rv1_fused_0] + p0[v_ax0, v_ax1, v_ax2 * T.int64(2) + (vrv0_rv1_fused_0 + vrv0_rv1_fused_1) // T.int64(2), v_ax3 * T.int64(2) + (vrv0_rv1_fused_0 + vrv0_rv1_fused_1) % T.int64(2), v_ax4]
                for ax2 in range(T.int64(28)):
                    for ax0_1, ax1_1, ax2_1, ax3, ax4, ax5 in T.grid(T.int64(4), T.int64(1), T.int64(1), T.int64(1), T.int64(28), T.int64(8)):
                        with T.block("pool_sum"):
                            vrv0_rv1_fused_0, v_ax0 = T.axis.remap("RS", [ax0_1, ax1_1])
                            v_ax1 = T.axis.spatial(T.int64(16), ax1 + ax2_1)
                            v_ax2 = T.axis.spatial(T.int64(28), ax2 + ax3)
                            v_ax3, v_ax4 = T.axis.remap("SS", [ax4, ax5])
                            T.reads(pool_sum_rf[v_ax0, v_ax1, v_ax2, v_ax3, v_ax4, vrv0_rv1_fused_0])
                            T.writes(pool_sum[v_ax0, v_ax1, v_ax2, v_ax3, v_ax4])
                            with T.init():
                                pool_sum[v_ax0, v_ax1, v_ax2, v_ax3, v_ax4] = T.float32(0)
                            pool_sum[v_ax0, v_ax1, v_ax2, v_ax3, v_ax4] = pool_sum[v_ax0, v_ax1, v_ax2, v_ax3, v_ax4] + pool_sum_rf[v_ax0, v_ax1, v_ax2, v_ax3, v_ax4, vrv0_rv1_fused_0]
                    for ax3, ax4 in T.grid(T.int64(28), T.int64(8)):
                        with T.block("pool_avg"):
                            v_ax0, v_ax1, v_ax2, v_ax3, v_ax4 = T.axis.remap("SSSSS", [ax0, ax1, ax2, ax3, ax4])
                            T.reads(pool_sum[v_ax0, v_ax1, v_ax2, v_ax3, v_ax4])
                            T.writes(pool_avg[v_ax0, v_ax1, v_ax2, v_ax3, v_ax4])
                            pool_avg[v_ax0, v_ax1, v_ax2, v_ax3, v_ax4] = pool_sum[v_ax0, v_ax1, v_ax2, v_ax3, v_ax4] / T.Cast("float32", (T.min(T.int64(1), T.int64(55) - v_ax2 * T.int64(2)) + T.int64(1)) * (T.min(T.int64(1), T.int64(55) - v_ax3 * T.int64(2)) + T.int64(1)))
b0 = sch.get_block(name="pool_sum", func_name="main")
b1 = sch.get_block(name="pool_avg", func_name="main")
b2 = sch.get_block(name="root", func_name="main")
sch.unannotate(block_or_loop=b1, ann_key="schedule_rule")
l3, l4, l5, l6, l7, l8, l9 = sch.get_loops(block=b0)
l10 = sch.fuse(l8, l9, preserve_unit_iters=True)
v11, v12 = sch.sample_perfect_tile(loop=l10, n=2, max_innermost_factor=64, decision=[4, 1])
l13, l14 = sch.split(loop=l10, factors=[v11, v12], preserve_unit_iters=True, disable_predication=False)
b15 = sch.rfactor(loop=l13, factor_axis=5)
sch.annotate(block_or_loop=b0, ann_key="meta_schedule.random_compute_producer", ann_val=1)
sch.annotate(block_or_loop=b2, ann_key="meta_schedule.parallel", ann_val=96)
sch.annotate(block_or_loop=b2, ann_key="meta_schedule.vectorize", ann_val=64)
v16 = sch.sample_categorical(candidates=[0, 16, 64, 512], probs=[0.25, 0.25, 0.25, 0.25], decision=0)
sch.annotate(block_or_loop=b2, ann_key="meta_schedule.unroll_explicit", ann_val=v16)
b17, = sch.get_producers(block=b0)
sch.unannotate(block_or_loop=b0, ann_key="meta_schedule.random_compute_producer")
l18 = sch.sample_compute_location(block=b0, decision=2)
sch.compute_at(block=b0, loop=l18, preserve_unit_loops=True, index=-1)
l19 = sch.sample_compute_location(block=b17, decision=1)
sch.compute_at(block=b17, loop=l19, preserve_unit_loops=True, index=-1)
2024-05-21 02:46:40 [INFO] [task_scheduler.cc:170] Design space #1:
# from tvm.script import ir as I
# from tvm.script import tir as T

@I.ir_module
class Module:
    @T.prim_func
    def main(p0: T.Buffer((T.int64(1), T.int64(16), T.int64(56), T.int64(56), T.int64(8)), "float32"), pool_avg: T.Buffer((T.int64(1), T.int64(16), T.int64(28), T.int64(28), T.int64(8)), "float32")):
        T.func_attr({"tir.noalias": T.bool(True)})
        with T.block("root"):
            T.reads()
            T.writes()
            T.block_attr({"meta_schedule.parallel": 96, "meta_schedule.unroll_explicit": 512, "meta_schedule.vectorize": 64})
            pool_sum = T.alloc_buffer((T.int64(1), T.int64(16), T.int64(28), T.int64(28), T.int64(8)))
            pool_sum_rf = T.alloc_buffer((T.int64(1), T.int64(16), T.int64(28), T.int64(28), T.int64(8), T.int64(1)))
            for ax0, ax1, ax2 in T.grid(T.int64(1), T.int64(16), T.int64(28)):
                for ax0_1, ax1_1, ax2_1, ax3, ax4, ax5 in T.grid(T.int64(1), T.int64(1), T.int64(1), T.int64(1), T.int64(28), T.int64(8)):
                    for ax0_2, ax1_2, ax2_2, ax3_1, ax4_1, ax5_1, ax6 in T.grid(T.int64(1), T.int64(1), T.int64(1), T.int64(1), T.int64(1), T.int64(1), T.int64(4)):
                        with T.block("pool_sum_rf"):
                            vrv0_rv1_fused_1, v_ax0 = T.axis.remap("SS", [ax0_2, ax1_2])
                            v_ax1 = T.axis.spatial(T.int64(16), ax1 + ax2_2)
                            v_ax2 = T.axis.spatial(T.int64(28), ax2 + ax3_1)
                            v_ax3 = T.axis.spatial(T.int64(28), ax4 + ax4_1)
                            v_ax4 = T.axis.spatial(T.int64(8), ax5 + ax5_1)
                            vrv0_rv1_fused_0 = T.axis.reduce(T.int64(4), ax6)
                            T.reads(p0[v_ax0, v_ax1, v_ax2 * T.int64(2) + (vrv0_rv1_fused_0 + vrv0_rv1_fused_1) // T.int64(2), v_ax3 * T.int64(2) + (vrv0_rv1_fused_0 + vrv0_rv1_fused_1) % T.int64(2), v_ax4])
                            T.writes(pool_sum_rf[v_ax0, v_ax1, v_ax2, v_ax3, v_ax4, vrv0_rv1_fused_1])
                            with T.init():
                                pool_sum_rf[v_ax0, v_ax1, v_ax2, v_ax3, v_ax4, vrv0_rv1_fused_1] = T.float32(0)
                            pool_sum_rf[v_ax0, v_ax1, v_ax2, v_ax3, v_ax4, vrv0_rv1_fused_1] = pool_sum_rf[v_ax0, v_ax1, v_ax2, v_ax3, v_ax4, vrv0_rv1_fused_1] + p0[v_ax0, v_ax1, v_ax2 * T.int64(2) + (vrv0_rv1_fused_0 + vrv0_rv1_fused_1) // T.int64(2), v_ax3 * T.int64(2) + (vrv0_rv1_fused_0 + vrv0_rv1_fused_1) % T.int64(2), v_ax4]
                    with T.block("pool_sum"):
                        vrv0_rv1_fused_1, v_ax0 = T.axis.remap("RS", [ax0_1, ax1_1])
                        v_ax1 = T.axis.spatial(T.int64(16), ax1 + ax2_1)
                        v_ax2 = T.axis.spatial(T.int64(28), ax2 + ax3)
                        v_ax3, v_ax4 = T.axis.remap("SS", [ax4, ax5])
                        T.reads(pool_sum_rf[v_ax0, v_ax1, v_ax2, v_ax3, v_ax4, vrv0_rv1_fused_1])
                        T.writes(pool_sum[v_ax0, v_ax1, v_ax2, v_ax3, v_ax4])
                        with T.init():
                            pool_sum[v_ax0, v_ax1, v_ax2, v_ax3, v_ax4] = T.float32(0)
                        pool_sum[v_ax0, v_ax1, v_ax2, v_ax3, v_ax4] = pool_sum[v_ax0, v_ax1, v_ax2, v_ax3, v_ax4] + pool_sum_rf[v_ax0, v_ax1, v_ax2, v_ax3, v_ax4, vrv0_rv1_fused_1]
                for ax3, ax4 in T.grid(T.int64(28), T.int64(8)):
                    with T.block("pool_avg"):
                        v_ax0, v_ax1, v_ax2, v_ax3, v_ax4 = T.axis.remap("SSSSS", [ax0, ax1, ax2, ax3, ax4])
                        T.reads(pool_sum[v_ax0, v_ax1, v_ax2, v_ax3, v_ax4])
                        T.writes(pool_avg[v_ax0, v_ax1, v_ax2, v_ax3, v_ax4])
                        pool_avg[v_ax0, v_ax1, v_ax2, v_ax3, v_ax4] = pool_sum[v_ax0, v_ax1, v_ax2, v_ax3, v_ax4] / T.Cast("float32", (T.min(T.int64(1), T.int64(55) - v_ax2 * T.int64(2)) + T.int64(1)) * (T.min(T.int64(1), T.int64(55) - v_ax3 * T.int64(2)) + T.int64(1)))
b0 = sch.get_block(name="pool_sum", func_name="main")
b1 = sch.get_block(name="pool_avg", func_name="main")
b2 = sch.get_block(name="root", func_name="main")
sch.unannotate(block_or_loop=b1, ann_key="schedule_rule")
l3, l4, l5, l6, l7, l8, l9 = sch.get_loops(block=b0)
l10 = sch.fuse(l8, l9, preserve_unit_iters=True)
v11, v12 = sch.sample_perfect_tile(loop=l10, n=2, max_innermost_factor=64, decision=[4, 1])
l13, l14 = sch.split(loop=l10, factors=[v11, v12], preserve_unit_iters=True, disable_predication=False)
b15 = sch.rfactor(loop=l14, factor_axis=5)
sch.annotate(block_or_loop=b0, ann_key="meta_schedule.random_compute_producer", ann_val=1)
sch.annotate(block_or_loop=b2, ann_key="meta_schedule.parallel", ann_val=96)
sch.annotate(block_or_loop=b2, ann_key="meta_schedule.vectorize", ann_val=64)
v16 = sch.sample_categorical(candidates=[0, 16, 64, 512], probs=[0.25, 0.25, 0.25, 0.25], decision=3)
sch.annotate(block_or_loop=b2, ann_key="meta_schedule.unroll_explicit", ann_val=v16)
b17, = sch.get_producers(block=b0)
sch.unannotate(block_or_loop=b0, ann_key="meta_schedule.random_compute_producer")
l18 = sch.sample_compute_location(block=b0, decision=2)
sch.compute_at(block=b0, loop=l18, preserve_unit_loops=True, index=-1)
l19 = sch.sample_compute_location(block=b17, decision=8)
sch.compute_at(block=b17, loop=l19, preserve_unit_loops=True, index=-1)
2024-05-21 02:46:40 [INFO] [task_scheduler.cc:170] Design space #2:
# from tvm.script import ir as I
# from tvm.script import tir as T

@I.ir_module
class Module:
    @T.prim_func
    def main(p0: T.Buffer((T.int64(1), T.int64(16), T.int64(56), T.int64(56), T.int64(8)), "float32"), pool_avg: T.Buffer((T.int64(1), T.int64(16), T.int64(28), T.int64(28), T.int64(8)), "float32")):
        T.func_attr({"tir.noalias": T.bool(True)})
        with T.block("root"):
            T.reads()
            T.writes()
            T.block_attr({"meta_schedule.parallel": 96, "meta_schedule.unroll_explicit": 16, "meta_schedule.vectorize": 64})
            pool_sum = T.alloc_buffer((T.int64(1), T.int64(16), T.int64(28), T.int64(28), T.int64(8)))
            for ax0, ax1, ax2, ax3, ax4, rv0, rv1 in T.grid(T.int64(1), T.int64(16), T.int64(28), T.int64(28), T.int64(8), T.int64(2), T.int64(2)):
                with T.block("pool_sum"):
                    v_ax0, v_ax1, v_ax2, v_ax3, v_ax4, v_rv0, v_rv1 = T.axis.remap("SSSSSRR", [ax0, ax1, ax2, ax3, ax4, rv0, rv1])
                    T.reads(p0[v_ax0, v_ax1, v_ax2 * T.int64(2) + v_rv0, v_ax3 * T.int64(2) + v_rv1, v_ax4])
                    T.writes(pool_sum[v_ax0, v_ax1, v_ax2, v_ax3, v_ax4])
                    with T.init():
                        pool_sum[v_ax0, v_ax1, v_ax2, v_ax3, v_ax4] = T.float32(0)
                    pool_sum[v_ax0, v_ax1, v_ax2, v_ax3, v_ax4] = pool_sum[v_ax0, v_ax1, v_ax2, v_ax3, v_ax4] + p0[v_ax0, v_ax1, v_ax2 * T.int64(2) + v_rv0, v_ax3 * T.int64(2) + v_rv1, v_ax4]
            for ax0, ax1, ax2, ax3, ax4 in T.grid(T.int64(1), T.int64(16), T.int64(28), T.int64(28), T.int64(8)):
                with T.block("pool_avg"):
                    v_ax0, v_ax1, v_ax2, v_ax3, v_ax4 = T.axis.remap("SSSSS", [ax0, ax1, ax2, ax3, ax4])
                    T.reads(pool_sum[v_ax0, v_ax1, v_ax2, v_ax3, v_ax4])
                    T.writes(pool_avg[v_ax0, v_ax1, v_ax2, v_ax3, v_ax4])
                    pool_avg[v_ax0, v_ax1, v_ax2, v_ax3, v_ax4] = pool_sum[v_ax0, v_ax1, v_ax2, v_ax3, v_ax4] / T.Cast("float32", (T.min(T.int64(1), T.int64(55) - v_ax2 * T.int64(2)) + T.int64(1)) * (T.min(T.int64(1), T.int64(55) - v_ax3 * T.int64(2)) + T.int64(1)))
b0 = sch.get_block(name="pool_sum", func_name="main")
b1 = sch.get_block(name="pool_avg", func_name="main")
b2 = sch.get_block(name="root", func_name="main")
sch.unannotate(block_or_loop=b1, ann_key="schedule_rule")
sch.annotate(block_or_loop=b2, ann_key="meta_schedule.parallel", ann_val=96)
sch.annotate(block_or_loop=b2, ann_key="meta_schedule.vectorize", ann_val=64)
v3 = sch.sample_categorical(candidates=[0, 16, 64, 512], probs=[0.25, 0.25, 0.25, 0.25], decision=1)
sch.annotate(block_or_loop=b2, ann_key="meta_schedule.unroll_explicit", ann_val=v3)
l4 = sch.sample_compute_location(block=b0, decision=-1)
sch.compute_at(block=b0, loop=l4, preserve_unit_loops=True, index=-1)
2024-05-21 04:35:01 [INFO] [evolutionary_search.cc:713] Generating candidates......
2024-05-21 04:35:01 [INFO] [evolutionary_search.cc:715] Picked top 0 candidate(s) from database
2024-05-21 04:35:02 [INFO] [evolutionary_search.cc:533] Sample-Init-Population summary:
Postproc #0 [meta_schedule.DisallowDynamicLoop(0xeeefe68)]: 0 failure(s)
Postproc #1 [meta_schedule.RewriteParallelVectorizeUnroll(0x1e885508)]: 0 failure(s)
Postproc #2 [meta_schedule.RewriteReductionBlock(0xf2d2cd8)]: 0 failure(s)
Postproc #3 [meta_schedule.RewriteLayout(0x9d22e68)]: 0 failure(s)
2024-05-21 04:35:02 [INFO] [evolutionary_search.cc:723] Sampled 512 candidate(s)
2024-05-21 04:35:03 [INFO] [evolutionary_search.cc:621] Evolve iter #0 done. Summary:
Postproc #0 [meta_schedule.DisallowDynamicLoop(0xeeefe68)]: 0 failure(s)
Postproc #1 [meta_schedule.RewriteParallelVectorizeUnroll(0x1e885508)]: 0 failure(s)
Postproc #2 [meta_schedule.RewriteReductionBlock(0xf2d2cd8)]: 0 failure(s)
Postproc #3 [meta_schedule.RewriteLayout(0x9d22e68)]: 0 failure(s)
2024-05-21 04:35:03 [INFO] [evolutionary_search.cc:621] Evolve iter #1 done. Summary:
Postproc #0 [meta_schedule.DisallowDynamicLoop(0xeeefe68)]: 0 failure(s)
Postproc #1 [meta_schedule.RewriteParallelVectorizeUnroll(0x1e885508)]: 0 failure(s)
Postproc #2 [meta_schedule.RewriteReductionBlock(0xf2d2cd8)]: 0 failure(s)
Postproc #3 [meta_schedule.RewriteLayout(0x9d22e68)]: 0 failure(s)
2024-05-21 04:35:04 [INFO] [evolutionary_search.cc:621] Evolve iter #2 done. Summary:
Postproc #0 [meta_schedule.DisallowDynamicLoop(0xeeefe68)]: 0 failure(s)
Postproc #1 [meta_schedule.RewriteParallelVectorizeUnroll(0x1e885508)]: 0 failure(s)
Postproc #2 [meta_schedule.RewriteReductionBlock(0xf2d2cd8)]: 0 failure(s)
Postproc #3 [meta_schedule.RewriteLayout(0x9d22e68)]: 0 failure(s)
2024-05-21 04:35:05 [INFO] [evolutionary_search.cc:621] Evolve iter #3 done. Summary:
Postproc #0 [meta_schedule.DisallowDynamicLoop(0xeeefe68)]: 0 failure(s)
Postproc #1 [meta_schedule.RewriteParallelVectorizeUnroll(0x1e885508)]: 0 failure(s)
Postproc #2 [meta_schedule.RewriteReductionBlock(0xf2d2cd8)]: 0 failure(s)
Postproc #3 [meta_schedule.RewriteLayout(0x9d22e68)]: 0 failure(s)
2024-05-21 04:35:05 [INFO] [evolutionary_search.cc:649] Scores of the best 64 candidates:
[1 : 16]:	0.9995  0.9992  0.9982  0.9976  0.9958  0.9958  0.9933  0.9912  0.9851  0.9850  0.9843  0.9842  0.9815  0.9805  0.9769  0.9727
[17 : 32]:	0.9719  0.9671  0.9645  0.9627  0.9612  0.9610  0.9592  0.9582  0.9576  0.9575  0.9567  0.9555  0.9518  0.9513  0.9505  0.9457
[33 : 48]:	0.9439  0.9426  0.9412  0.9411  0.9393  0.9381  0.9377  0.9366  0.9365  0.9334  0.9328  0.9314  0.9288  0.9284  0.9274  0.9261
[49 : 64]:	0.9236  0.9225  0.9167  0.9158  0.9131  0.9116  0.9101  0.9073  0.9053  0.9041  0.9034  0.9027  0.9008  0.8982  0.8973  0.8968
2024-05-21 04:35:05 [INFO] [evolutionary_search.cc:727] Got 64 candidate(s) with evolutionary search
2024-05-21 04:35:05 [INFO] [evolutionary_search.cc:730] Sending 63 candidates(s) for measurement
2024-05-21 04:46:46 [INFO] [task_scheduler.cc:131] [Task #68: fused_nn_avg_pool2d] Trial #1: GFLOPs: 17.4422. Time: 80.5478 us. Best GFLOPs: 17.4422
2024-05-21 04:46:46 [INFO] [task_scheduler.cc:131] [Task #68: fused_nn_avg_pool2d] Trial #2: GFLOPs: 68.9648. Time: 20.3717 us. Best GFLOPs: 68.9648
2024-05-21 04:46:46 [INFO] [task_scheduler.cc:131] [Task #68: fused_nn_avg_pool2d] Trial #3: GFLOPs: 24.0472. Time: 58.4238 us. Best GFLOPs: 68.9648
2024-05-21 04:46:46 [INFO] [task_scheduler.cc:131] [Task #68: fused_nn_avg_pool2d] Trial #4: GFLOPs: 17.1974. Time: 81.6943 us. Best GFLOPs: 68.9648
2024-05-21 04:46:46 [INFO] [task_scheduler.cc:131] [Task #68: fused_nn_avg_pool2d] Trial #5: GFLOPs: 41.2069. Time: 34.0945 us. Best GFLOPs: 68.9648
2024-05-21 04:46:46 [INFO] [task_scheduler.cc:131] [Task #68: fused_nn_avg_pool2d] Trial #6: GFLOPs: 18.6101. Time: 75.4929 us. Best GFLOPs: 68.9648
2024-05-21 04:46:46 [INFO] [task_scheduler.cc:131] [Task #68: fused_nn_avg_pool2d] Trial #7: GFLOPs: 29.2954. Time: 47.9573 us. Best GFLOPs: 68.9648
2024-05-21 04:46:46 [INFO] [task_scheduler.cc:131] [Task #68: fused_nn_avg_pool2d] Trial #8: GFLOPs: 11.2959. Time: 124.3749 us. Best GFLOPs: 68.9648
2024-05-21 04:46:46 [INFO] [task_scheduler.cc:131] [Task #68: fused_nn_avg_pool2d] Trial #9: GFLOPs: 13.1502. Time: 106.8366 us. Best GFLOPs: 68.9648
2024-05-21 04:46:46 [INFO] [task_scheduler.cc:131] [Task #68: fused_nn_avg_pool2d] Trial #10: GFLOPs: 35.0971. Time: 40.0298 us. Best GFLOPs: 68.9648
2024-05-21 04:46:46 [INFO] [task_scheduler.cc:131] [Task #68: fused_nn_avg_pool2d] Trial #11: GFLOPs: 28.0405. Time: 50.1035 us. Best GFLOPs: 68.9648
2024-05-21 04:46:46 [INFO] [task_scheduler.cc:131] [Task #68: fused_nn_avg_pool2d] Trial #12: GFLOPs: 111.2663. Time: 12.6267 us. Best GFLOPs: 111.2663
2024-05-21 04:46:46 [INFO] [task_scheduler.cc:131] [Task #68: fused_nn_avg_pool2d] Trial #13: GFLOPs: 12.0169. Time: 116.9127 us. Best GFLOPs: 111.2663
2024-05-21 04:46:46 [INFO] [task_scheduler.cc:131] [Task #68: fused_nn_avg_pool2d] Trial #14: GFLOPs: 14.9003. Time: 94.2887 us. Best GFLOPs: 111.2663
2024-05-21 04:46:46 [INFO] [task_scheduler.cc:131] [Task #68: fused_nn_avg_pool2d] Trial #15: GFLOPs: 15.9010. Time: 88.3546 us. Best GFLOPs: 111.2663
2024-05-21 04:46:46 [INFO] [task_scheduler.cc:131] [Task #68: fused_nn_avg_pool2d] Trial #16: GFLOPs: 40.3390. Time: 34.8281 us. Best GFLOPs: 111.2663
2024-05-21 04:46:46 [INFO] [task_scheduler.cc:131] [Task #68: fused_nn_avg_pool2d] Trial #17: GFLOPs: 15.7609. Time: 89.1402 us. Best GFLOPs: 111.2663
2024-05-21 04:46:46 [INFO] [task_scheduler.cc:131] [Task #68: fused_nn_avg_pool2d] Trial #18: GFLOPs: 13.7753. Time: 101.9890 us. Best GFLOPs: 111.2663
2024-05-21 04:46:46 [INFO] [task_scheduler.cc:131] [Task #68: fused_nn_avg_pool2d] Trial #19: GFLOPs: 26.2912. Time: 53.4372 us. Best GFLOPs: 111.2663
2024-05-21 04:46:46 [INFO] [task_scheduler.cc:131] [Task #68: fused_nn_avg_pool2d] Trial #20: GFLOPs: 13.7654. Time: 102.0621 us. Best GFLOPs: 111.2663
2024-05-21 04:46:46 [INFO] [task_scheduler.cc:131] [Task #68: fused_nn_avg_pool2d] Trial #21: GFLOPs: 28.6843. Time: 48.9789 us. Best GFLOPs: 111.2663
2024-05-21 04:46:46 [INFO] [task_scheduler.cc:131] [Task #68: fused_nn_avg_pool2d] Trial #22: GFLOPs: 35.9393. Time: 39.0917 us. Best GFLOPs: 111.2663
2024-05-21 04:46:46 [INFO] [task_scheduler.cc:131] [Task #68: fused_nn_avg_pool2d] Trial #23: GFLOPs: 26.4443. Time: 53.1278 us. Best GFLOPs: 111.2663
2024-05-21 04:46:46 [INFO] [task_scheduler.cc:131] [Task #68: fused_nn_avg_pool2d] Trial #24: GFLOPs: 12.5610. Time: 111.8484 us. Best GFLOPs: 111.2663
2024-05-21 04:46:46 [INFO] [task_scheduler.cc:131] [Task #68: fused_nn_avg_pool2d] Trial #25: GFLOPs: 25.4042. Time: 55.3029 us. Best GFLOPs: 111.2663
2024-05-21 04:46:46 [INFO] [task_scheduler.cc:131] [Task #68: fused_nn_avg_pool2d] Trial #26: GFLOPs: 13.7369. Time: 102.2740 us. Best GFLOPs: 111.2663
2024-05-21 04:46:46 [INFO] [task_scheduler.cc:131] [Task #68: fused_nn_avg_pool2d] Trial #27: GFLOPs: 14.2725. Time: 98.4357 us. Best GFLOPs: 111.2663
2024-05-21 04:46:46 [INFO] [task_scheduler.cc:131] [Task #68: fused_nn_avg_pool2d] Trial #28: GFLOPs: 99.6342. Time: 14.1009 us. Best GFLOPs: 111.2663
2024-05-21 04:46:46 [INFO] [task_scheduler.cc:131] [Task #68: fused_nn_avg_pool2d] Trial #29: GFLOPs: 23.8350. Time: 58.9439 us. Best GFLOPs: 111.2663
2024-05-21 04:46:46 [INFO] [task_scheduler.cc:131] [Task #68: fused_nn_avg_pool2d] Trial #30: GFLOPs: 9.5748. Time: 146.7319 us. Best GFLOPs: 111.2663
2024-05-21 04:46:46 [INFO] [task_scheduler.cc:131] [Task #68: fused_nn_avg_pool2d] Trial #31: GFLOPs: 12.0556. Time: 116.5372 us. Best GFLOPs: 111.2663
2024-05-21 04:46:46 [INFO] [task_scheduler.cc:131] [Task #68: fused_nn_avg_pool2d] Trial #32: GFLOPs: 10.9210. Time: 128.6446 us. Best GFLOPs: 111.2663
2024-05-21 04:46:46 [INFO] [task_scheduler.cc:131] [Task #68: fused_nn_avg_pool2d] Trial #33: GFLOPs: 14.3284. Time: 98.0517 us. Best GFLOPs: 111.2663
2024-05-21 04:46:46 [INFO] [task_scheduler.cc:131] [Task #68: fused_nn_avg_pool2d] Trial #34: GFLOPs: 8.2727. Time: 169.8272 us. Best GFLOPs: 111.2663
2024-05-21 04:46:46 [INFO] [task_scheduler.cc:131] [Task #68: fused_nn_avg_pool2d] Trial #35: GFLOPs: 39.6008. Time: 35.4772 us. Best GFLOPs: 111.2663
2024-05-21 04:46:46 [INFO] [task_scheduler.cc:131] [Task #68: fused_nn_avg_pool2d] Trial #36: GFLOPs: 8.1316. Time: 172.7749 us. Best GFLOPs: 111.2663
2024-05-21 04:46:46 [INFO] [task_scheduler.cc:131] [Task #68: fused_nn_avg_pool2d] Trial #37: GFLOPs: 45.1249. Time: 31.1342 us. Best GFLOPs: 111.2663
2024-05-21 04:46:46 [INFO] [task_scheduler.cc:131] [Task #68: fused_nn_avg_pool2d] Trial #38: GFLOPs: 14.3534. Time: 97.8815 us. Best GFLOPs: 111.2663
2024-05-21 04:46:46 [INFO] [task_scheduler.cc:131] [Task #68: fused_nn_avg_pool2d] Trial #39: GFLOPs: 40.1894. Time: 34.9576 us. Best GFLOPs: 111.2663
2024-05-21 04:46:46 [INFO] [task_scheduler.cc:131] [Task #68: fused_nn_avg_pool2d] Trial #40: GFLOPs: 113.4509. Time: 12.3836 us. Best GFLOPs: 113.4509
2024-05-21 04:46:46 [INFO] [task_scheduler.cc:131] [Task #68: fused_nn_avg_pool2d] Trial #41: GFLOPs: 28.4282. Time: 49.4202 us. Best GFLOPs: 113.4509
2024-05-21 04:46:46 [INFO] [task_scheduler.cc:131] [Task #68: fused_nn_avg_pool2d] Trial #42: GFLOPs: 96.2845. Time: 14.5914 us. Best GFLOPs: 113.4509
2024-05-21 04:46:46 [INFO] [task_scheduler.cc:131] [Task #68: fused_nn_avg_pool2d] Trial #43: GFLOPs: 10.4979. Time: 133.8299 us. Best GFLOPs: 113.4509
2024-05-21 04:46:46 [INFO] [task_scheduler.cc:131] [Task #68: fused_nn_avg_pool2d] Trial #44: GFLOPs: 13.8883. Time: 101.1590 us. Best GFLOPs: 113.4509
2024-05-21 04:46:46 [INFO] [task_scheduler.cc:131] [Task #68: fused_nn_avg_pool2d] Trial #45: GFLOPs: 15.5047. Time: 90.6133 us. Best GFLOPs: 113.4509
2024-05-21 04:46:46 [INFO] [task_scheduler.cc:131] [Task #68: fused_nn_avg_pool2d] Trial #46: GFLOPs: 16.7779. Time: 83.7368 us. Best GFLOPs: 113.4509
2024-05-21 04:46:46 [INFO] [task_scheduler.cc:131] [Task #68: fused_nn_avg_pool2d] Trial #47: GFLOPs: 14.6348. Time: 95.9991 us. Best GFLOPs: 113.4509
2024-05-21 04:46:46 [INFO] [task_scheduler.cc:131] [Task #68: fused_nn_avg_pool2d] Trial #48: GFLOPs: 10.9754. Time: 128.0066 us. Best GFLOPs: 113.4509
2024-05-21 04:46:46 [INFO] [task_scheduler.cc:131] [Task #68: fused_nn_avg_pool2d] Trial #49: GFLOPs: 21.4420. Time: 65.5221 us. Best GFLOPs: 113.4509
2024-05-21 04:46:46 [INFO] [task_scheduler.cc:131] [Task #68: fused_nn_avg_pool2d] Trial #50: GFLOPs: 29.7284. Time: 47.2588 us. Best GFLOPs: 113.4509
2024-05-21 04:46:46 [INFO] [task_scheduler.cc:131] [Task #68: fused_nn_avg_pool2d] Trial #51: GFLOPs: 16.1486. Time: 87.0002 us. Best GFLOPs: 113.4509
2024-05-21 04:46:46 [INFO] [task_scheduler.cc:131] [Task #68: fused_nn_avg_pool2d] Trial #52: GFLOPs: 14.9946. Time: 93.6958 us. Best GFLOPs: 113.4509
2024-05-21 04:46:46 [INFO] [task_scheduler.cc:131] [Task #68: fused_nn_avg_pool2d] Trial #53: GFLOPs: 30.6781. Time: 45.7958 us. Best GFLOPs: 113.4509
2024-05-21 04:46:46 [INFO] [task_scheduler.cc:131] [Task #68: fused_nn_avg_pool2d] Trial #54: GFLOPs: 13.1655. Time: 106.7126 us. Best GFLOPs: 113.4509
2024-05-21 04:46:46 [INFO] [task_scheduler.cc:131] [Task #68: fused_nn_avg_pool2d] Trial #55: GFLOPs: 26.4146. Time: 53.1875 us. Best GFLOPs: 113.4509
2024-05-21 04:46:46 [INFO] [task_scheduler.cc:131] [Task #68: fused_nn_avg_pool2d] Trial #56: GFLOPs: 15.0090. Time: 93.6054 us. Best GFLOPs: 113.4509
2024-05-21 04:46:46 [INFO] [task_scheduler.cc:131] [Task #68: fused_nn_avg_pool2d] Trial #57: GFLOPs: 29.1824. Time: 48.1430 us. Best GFLOPs: 113.4509
2024-05-21 04:46:46 [INFO] [task_scheduler.cc:131] [Task #68: fused_nn_avg_pool2d] Trial #58: GFLOPs: 24.5853. Time: 57.1451 us. Best GFLOPs: 113.4509
2024-05-21 04:46:46 [INFO] [task_scheduler.cc:131] [Task #68: fused_nn_avg_pool2d] Trial #59: GFLOPs: 20.5987. Time: 68.2046 us. Best GFLOPs: 113.4509
2024-05-21 04:46:46 [INFO] [task_scheduler.cc:131] [Task #68: fused_nn_avg_pool2d] Trial #60: GFLOPs: 29.7531. Time: 47.2196 us. Best GFLOPs: 113.4509
2024-05-21 04:46:46 [INFO] [task_scheduler.cc:131] [Task #68: fused_nn_avg_pool2d] Trial #61: GFLOPs: 19.8531. Time: 70.7661 us. Best GFLOPs: 113.4509
2024-05-21 04:46:46 [INFO] [task_scheduler.cc:131] [Task #68: fused_nn_avg_pool2d] Trial #62: GFLOPs: 29.9480. Time: 46.9123 us. Best GFLOPs: 113.4509
2024-05-21 04:46:46 [INFO] [task_scheduler.cc:131] [Task #68: fused_nn_avg_pool2d] Trial #63: GFLOPs: 7.4637. Time: 188.2357 us. Best GFLOPs: 113.4509
