2024-05-21 02:46:39 [INFO] [task_scheduler.cc:160] Initializing Task #41: "fused_nn_contrib_conv2d_NCHWc_1"
2024-05-21 02:46:39 [INFO] [task_scheduler.cc:35] 
# from tvm.script import ir as I
# from tvm.script import tir as T

@I.ir_module
class Module:
    @T.prim_func
    def main(p0: T.Buffer((T.int64(1), T.int64(16), T.int64(14), T.int64(14), T.int64(8)), "float32"), p1: T.Buffer((T.int64(4), T.int64(16), T.int64(3), T.int64(3), T.int64(8), T.int64(8)), "float32"), conv2d_NCHWc: T.Buffer((T.int64(1), T.int64(4), T.int64(14), T.int64(14), T.int64(8)), "float32")):
        T.func_attr({"tir.noalias": T.bool(True)})
        # with T.block("root"):
        data_pad = T.alloc_buffer((T.int64(1), T.int64(16), T.int64(16), T.int64(16), T.int64(8)))
        for i0, i1, i2, i3, i4 in T.grid(T.int64(1), T.int64(16), T.int64(16), T.int64(16), T.int64(8)):
            with T.block("data_pad"):
                v_i0, v_i1, v_i2, v_i3, v_i4 = T.axis.remap("SSSSS", [i0, i1, i2, i3, i4])
                T.reads(p0[v_i0, v_i1, v_i2 - T.int64(1), v_i3 - T.int64(1), v_i4])
                T.writes(data_pad[v_i0, v_i1, v_i2, v_i3, v_i4])
                data_pad[v_i0, v_i1, v_i2, v_i3, v_i4] = T.if_then_else(T.int64(1) <= v_i2 and v_i2 < T.int64(15) and T.int64(1) <= v_i3 and v_i3 < T.int64(15), p0[v_i0, v_i1, v_i2 - T.int64(1), v_i3 - T.int64(1), v_i4], T.float32(0))
        for n, oc_chunk, oh, ow, oc_block, ic, kh, kw in T.grid(T.int64(1), T.int64(4), T.int64(14), T.int64(14), T.int64(8), T.int64(128), T.int64(3), T.int64(3)):
            with T.block("conv2d_NCHWc"):
                v_n, v_oc_chunk, v_oh, v_ow, v_oc_block, v_ic, v_kh, v_kw = T.axis.remap("SSSSSRRR", [n, oc_chunk, oh, ow, oc_block, ic, kh, kw])
                T.reads(data_pad[v_n, v_ic // T.int64(8), v_oh + v_kh, v_ow + v_kw, v_ic % T.int64(8)], p1[v_oc_chunk, v_ic // T.int64(8), v_kh, v_kw, v_ic % T.int64(8), v_oc_block])
                T.writes(conv2d_NCHWc[v_n, v_oc_chunk, v_oh, v_ow, v_oc_block])
                with T.init():
                    conv2d_NCHWc[v_n, v_oc_chunk, v_oh, v_ow, v_oc_block] = T.float32(0)
                conv2d_NCHWc[v_n, v_oc_chunk, v_oh, v_ow, v_oc_block] = conv2d_NCHWc[v_n, v_oc_chunk, v_oh, v_ow, v_oc_block] + data_pad[v_n, v_ic // T.int64(8), v_oh + v_kh, v_ow + v_kw, v_ic % T.int64(8)] * p1[v_oc_chunk, v_ic // T.int64(8), v_kh, v_kw, v_ic % T.int64(8), v_oc_block]
2024-05-21 02:46:39 [INFO] [task_scheduler.cc:164] Total 3 design space(s) generated
2024-05-21 02:46:39 [INFO] [task_scheduler.cc:170] Design space #0:
# from tvm.script import ir as I
# from tvm.script import tir as T

@I.ir_module
class Module:
    @T.prim_func
    def main(p0: T.Buffer((T.int64(1), T.int64(16), T.int64(14), T.int64(14), T.int64(8)), "float32"), p1: T.Buffer((T.int64(4), T.int64(16), T.int64(3), T.int64(3), T.int64(8), T.int64(8)), "float32"), conv2d_NCHWc: T.Buffer((T.int64(1), T.int64(4), T.int64(14), T.int64(14), T.int64(8)), "float32")):
        T.func_attr({"tir.noalias": T.bool(True)})
        with T.block("root"):
            T.reads()
            T.writes()
            T.block_attr({"meta_schedule.parallel": 96, "meta_schedule.unroll_explicit": 16, "meta_schedule.vectorize": 64})
            data_pad = T.alloc_buffer((T.int64(1), T.int64(16), T.int64(16), T.int64(16), T.int64(8)))
            conv2d_NCHWc_global = T.alloc_buffer((T.int64(1), T.int64(4), T.int64(14), T.int64(14), T.int64(8)))
            for n_0, oc_chunk_0, oh_0, ow_0, oc_block_0, n_1, oc_chunk_1, oh_1 in T.grid(T.int64(1), T.int64(1), T.int64(1), T.int64(1), T.int64(1), T.int64(1), T.int64(1), T.int64(14)):
                for ax0, ax1, ax2, ax3, ax4 in T.grid(T.int64(1), T.int64(16), T.int64(3), T.int64(16), T.int64(8)):
                    with T.block("data_pad"):
                        v_i0, v_i1 = T.axis.remap("SS", [ax0, ax1])
                        v_i2 = T.axis.spatial(T.int64(16), oh_1 + ax2)
                        v_i3, v_i4 = T.axis.remap("SS", [ax3, ax4])
                        T.reads(p0[v_i0, v_i1, v_i2 - T.int64(1), v_i3 - T.int64(1), v_i4])
                        T.writes(data_pad[v_i0, v_i1, v_i2, v_i3, v_i4])
                        data_pad[v_i0, v_i1, v_i2, v_i3, v_i4] = T.if_then_else(T.int64(1) <= v_i2 and v_i2 < T.int64(15) and T.int64(1) <= v_i3 and v_i3 < T.int64(15), p0[v_i0, v_i1, v_i2 - T.int64(1), v_i3 - T.int64(1), v_i4], T.float32(0))
                for ow_1, oc_block_1 in T.grid(T.int64(1), T.int64(1)):
                    for ic_0, kh_0, kw_0, n_2, oc_chunk_2, oh_2, ow_2, oc_block_2, ic_1, kh_1, kw_1, n_3, oc_chunk_3, oh_3, ow_3, oc_block_3 in T.grid(T.int64(4), T.int64(1), T.int64(3), T.int64(1), T.int64(4), T.int64(1), T.int64(7), T.int64(2), T.int64(32), T.int64(3), T.int64(1), T.int64(1), T.int64(1), T.int64(1), T.int64(2), T.int64(4)):
                        with T.block("conv2d_NCHWc"):
                            v_n = T.axis.spatial(T.int64(1), n_0 + n_1 + n_2 + n_3)
                            v_oc_chunk = T.axis.spatial(T.int64(4), oc_chunk_0 * T.int64(4) + oc_chunk_1 * T.int64(4) + oc_chunk_2 + oc_chunk_3)
                            v_oh = T.axis.spatial(T.int64(14), oh_0 * T.int64(14) + oh_1 + oh_2 + oh_3)
                            v_ow = T.axis.spatial(T.int64(14), ow_0 * T.int64(14) + ow_1 * T.int64(14) + ow_2 * T.int64(2) + ow_3)
                            v_oc_block = T.axis.spatial(T.int64(8), oc_block_0 * T.int64(8) + oc_block_1 * T.int64(8) + oc_block_2 * T.int64(4) + oc_block_3)
                            v_ic = T.axis.reduce(T.int64(128), ic_0 * T.int64(32) + ic_1)
                            v_kh = T.axis.reduce(T.int64(3), kh_0 * T.int64(3) + kh_1)
                            v_kw = T.axis.reduce(T.int64(3), kw_0 + kw_1)
                            T.reads(data_pad[v_n, v_ic // T.int64(8), v_oh + v_kh, v_ow + v_kw, v_ic % T.int64(8)], p1[v_oc_chunk, v_ic // T.int64(8), v_kh, v_kw, v_ic % T.int64(8), v_oc_block])
                            T.writes(conv2d_NCHWc_global[v_n, v_oc_chunk, v_oh, v_ow, v_oc_block])
                            T.block_attr({"meta_schedule.tiling_structure": "SSRSRS"})
                            with T.init():
                                conv2d_NCHWc_global[v_n, v_oc_chunk, v_oh, v_ow, v_oc_block] = T.float32(0)
                            conv2d_NCHWc_global[v_n, v_oc_chunk, v_oh, v_ow, v_oc_block] = conv2d_NCHWc_global[v_n, v_oc_chunk, v_oh, v_ow, v_oc_block] + data_pad[v_n, v_ic // T.int64(8), v_oh + v_kh, v_ow + v_kw, v_ic % T.int64(8)] * p1[v_oc_chunk, v_ic // T.int64(8), v_kh, v_kw, v_ic % T.int64(8), v_oc_block]
                    for ax0, ax1, ax2, ax3, ax4 in T.grid(T.int64(1), T.int64(4), T.int64(1), T.int64(14), T.int64(8)):
                        with T.block("conv2d_NCHWc_global"):
                            v0, v1 = T.axis.remap("SS", [ax0, ax1])
                            v2 = T.axis.spatial(T.int64(14), oh_1 + ax2)
                            v3, v4 = T.axis.remap("SS", [ax3, ax4])
                            T.reads(conv2d_NCHWc_global[v0, v1, v2, v3, v4])
                            T.writes(conv2d_NCHWc[v0, v1, v2, v3, v4])
                            conv2d_NCHWc[v0, v1, v2, v3, v4] = conv2d_NCHWc_global[v0, v1, v2, v3, v4]
b0 = sch.get_block(name="data_pad", func_name="main")
b1 = sch.get_block(name="conv2d_NCHWc", func_name="main")
b2 = sch.get_block(name="root", func_name="main")
sch.annotate(block_or_loop=b1, ann_key="meta_schedule.tiling_structure", ann_val="SSRSRS")
l3, l4, l5, l6, l7, l8, l9, l10 = sch.get_loops(block=b1)
v11, v12, v13, v14 = sch.sample_perfect_tile(loop=l3, n=4, max_innermost_factor=64, decision=[1, 1, 1, 1])
l15, l16, l17, l18 = sch.split(loop=l3, factors=[v11, v12, v13, v14], preserve_unit_iters=True, disable_predication=False)
v19, v20, v21, v22 = sch.sample_perfect_tile(loop=l4, n=4, max_innermost_factor=64, decision=[1, 1, 4, 1])
l23, l24, l25, l26 = sch.split(loop=l4, factors=[v19, v20, v21, v22], preserve_unit_iters=True, disable_predication=False)
v27, v28, v29, v30 = sch.sample_perfect_tile(loop=l5, n=4, max_innermost_factor=64, decision=[1, 14, 1, 1])
l31, l32, l33, l34 = sch.split(loop=l5, factors=[v27, v28, v29, v30], preserve_unit_iters=True, disable_predication=False)
v35, v36, v37, v38 = sch.sample_perfect_tile(loop=l6, n=4, max_innermost_factor=64, decision=[1, 1, 7, 2])
l39, l40, l41, l42 = sch.split(loop=l6, factors=[v35, v36, v37, v38], preserve_unit_iters=True, disable_predication=False)
v43, v44, v45, v46 = sch.sample_perfect_tile(loop=l7, n=4, max_innermost_factor=64, decision=[1, 1, 2, 4])
l47, l48, l49, l50 = sch.split(loop=l7, factors=[v43, v44, v45, v46], preserve_unit_iters=True, disable_predication=False)
v51, v52 = sch.sample_perfect_tile(loop=l8, n=2, max_innermost_factor=64, decision=[4, 32])
l53, l54 = sch.split(loop=l8, factors=[v51, v52], preserve_unit_iters=True, disable_predication=False)
v55, v56 = sch.sample_perfect_tile(loop=l9, n=2, max_innermost_factor=64, decision=[1, 3])
l57, l58 = sch.split(loop=l9, factors=[v55, v56], preserve_unit_iters=True, disable_predication=False)
v59, v60 = sch.sample_perfect_tile(loop=l10, n=2, max_innermost_factor=64, decision=[3, 1])
l61, l62 = sch.split(loop=l10, factors=[v59, v60], preserve_unit_iters=True, disable_predication=False)
sch.reorder(l15, l23, l31, l39, l47, l16, l24, l32, l40, l48, l53, l57, l61, l17, l25, l33, l41, l49, l54, l58, l62, l18, l26, l34, l42, l50)
b63 = sch.cache_write(block=b1, write_buffer_index=0, storage_scope="global")
sch.reverse_compute_at(block=b63, loop=l48, preserve_unit_loops=True, index=-1)
sch.annotate(block_or_loop=b2, ann_key="meta_schedule.parallel", ann_val=96)
sch.annotate(block_or_loop=b2, ann_key="meta_schedule.vectorize", ann_val=64)
v64 = sch.sample_categorical(candidates=[0, 16, 64, 512], probs=[0.25, 0.25, 0.25, 0.25], decision=1)
sch.annotate(block_or_loop=b2, ann_key="meta_schedule.unroll_explicit", ann_val=v64)
l65 = sch.sample_compute_location(block=b0, decision=7)
sch.compute_at(block=b0, loop=l65, preserve_unit_loops=True, index=-1)
2024-05-21 02:46:39 [INFO] [task_scheduler.cc:170] Design space #1:
# from tvm.script import ir as I
# from tvm.script import tir as T

@I.ir_module
class Module:
    @T.prim_func
    def main(p0: T.Buffer((T.int64(1), T.int64(16), T.int64(14), T.int64(14), T.int64(8)), "float32"), p1: T.Buffer((T.int64(4), T.int64(16), T.int64(3), T.int64(3), T.int64(8), T.int64(8)), "float32"), conv2d_NCHWc: T.Buffer((T.int64(1), T.int64(4), T.int64(14), T.int64(14), T.int64(8)), "float32")):
        T.func_attr({"tir.noalias": T.bool(True)})
        with T.block("root"):
            T.reads()
            T.writes()
            T.block_attr({"meta_schedule.parallel": 96, "meta_schedule.unroll_explicit": 64, "meta_schedule.vectorize": 64})
            data_pad = T.alloc_buffer((T.int64(1), T.int64(16), T.int64(16), T.int64(16), T.int64(8)))
            conv2d_NCHWc_global = T.alloc_buffer((T.int64(1), T.int64(4), T.int64(14), T.int64(14), T.int64(8)))
            for n_0, oc_chunk_0, oh_0, ow_0, oc_block_0 in T.grid(T.int64(1), T.int64(1), T.int64(1), T.int64(1), T.int64(1)):
                for n_1, oc_chunk_1, oh_1 in T.grid(T.int64(1), T.int64(1), T.int64(14)):
                    for ax0, ax1, ax2, ax3, ax4 in T.grid(T.int64(1), T.int64(16), T.int64(3), T.int64(16), T.int64(8)):
                        with T.block("data_pad"):
                            v_i0, v_i1 = T.axis.remap("SS", [ax0, ax1])
                            v_i2 = T.axis.spatial(T.int64(16), oh_1 + ax2)
                            v_i3, v_i4 = T.axis.remap("SS", [ax3, ax4])
                            T.reads(p0[v_i0, v_i1, v_i2 - T.int64(1), v_i3 - T.int64(1), v_i4])
                            T.writes(data_pad[v_i0, v_i1, v_i2, v_i3, v_i4])
                            data_pad[v_i0, v_i1, v_i2, v_i3, v_i4] = T.if_then_else(T.int64(1) <= v_i2 and v_i2 < T.int64(15) and T.int64(1) <= v_i3 and v_i3 < T.int64(15), p0[v_i0, v_i1, v_i2 - T.int64(1), v_i3 - T.int64(1), v_i4], T.float32(0))
                    for ow_1, oc_block_1, ic_0, kh_0, kw_0, n_2, oc_chunk_2, oh_2, ow_2, oc_block_2, ic_1, kh_1, kw_1, n_3, oc_chunk_3, oh_3, ow_3, oc_block_3 in T.grid(T.int64(1), T.int64(1), T.int64(4), T.int64(1), T.int64(3), T.int64(1), T.int64(4), T.int64(1), T.int64(7), T.int64(2), T.int64(32), T.int64(3), T.int64(1), T.int64(1), T.int64(1), T.int64(1), T.int64(2), T.int64(4)):
                        with T.block("conv2d_NCHWc"):
                            v_n = T.axis.spatial(T.int64(1), n_0 + n_1 + n_2 + n_3)
                            v_oc_chunk = T.axis.spatial(T.int64(4), oc_chunk_0 * T.int64(4) + oc_chunk_1 * T.int64(4) + oc_chunk_2 + oc_chunk_3)
                            v_oh = T.axis.spatial(T.int64(14), oh_0 * T.int64(14) + oh_1 + oh_2 + oh_3)
                            v_ow = T.axis.spatial(T.int64(14), ow_0 * T.int64(14) + ow_1 * T.int64(14) + ow_2 * T.int64(2) + ow_3)
                            v_oc_block = T.axis.spatial(T.int64(8), oc_block_0 * T.int64(8) + oc_block_1 * T.int64(8) + oc_block_2 * T.int64(4) + oc_block_3)
                            v_ic = T.axis.reduce(T.int64(128), ic_0 * T.int64(32) + ic_1)
                            v_kh = T.axis.reduce(T.int64(3), kh_0 * T.int64(3) + kh_1)
                            v_kw = T.axis.reduce(T.int64(3), kw_0 + kw_1)
                            T.reads(data_pad[v_n, v_ic // T.int64(8), v_oh + v_kh, v_ow + v_kw, v_ic % T.int64(8)], p1[v_oc_chunk, v_ic // T.int64(8), v_kh, v_kw, v_ic % T.int64(8), v_oc_block])
                            T.writes(conv2d_NCHWc_global[v_n, v_oc_chunk, v_oh, v_ow, v_oc_block])
                            T.block_attr({"meta_schedule.tiling_structure": "SSRSRS"})
                            with T.init():
                                conv2d_NCHWc_global[v_n, v_oc_chunk, v_oh, v_ow, v_oc_block] = T.float32(0)
                            conv2d_NCHWc_global[v_n, v_oc_chunk, v_oh, v_ow, v_oc_block] = conv2d_NCHWc_global[v_n, v_oc_chunk, v_oh, v_ow, v_oc_block] + data_pad[v_n, v_ic // T.int64(8), v_oh + v_kh, v_ow + v_kw, v_ic % T.int64(8)] * p1[v_oc_chunk, v_ic // T.int64(8), v_kh, v_kw, v_ic % T.int64(8), v_oc_block]
                for ax0, ax1, ax2, ax3, ax4 in T.grid(T.int64(1), T.int64(4), T.int64(14), T.int64(14), T.int64(8)):
                    with T.block("conv2d_NCHWc_global"):
                        v0, v1, v2, v3, v4 = T.axis.remap("SSSSS", [ax0, ax1, ax2, ax3, ax4])
                        T.reads(conv2d_NCHWc_global[v0, v1, v2, v3, v4])
                        T.writes(conv2d_NCHWc[v0, v1, v2, v3, v4])
                        conv2d_NCHWc[v0, v1, v2, v3, v4] = conv2d_NCHWc_global[v0, v1, v2, v3, v4]
b0 = sch.get_block(name="data_pad", func_name="main")
b1 = sch.get_block(name="conv2d_NCHWc", func_name="main")
b2 = sch.get_block(name="root", func_name="main")
sch.annotate(block_or_loop=b1, ann_key="meta_schedule.tiling_structure", ann_val="SSRSRS")
l3, l4, l5, l6, l7, l8, l9, l10 = sch.get_loops(block=b1)
v11, v12, v13, v14 = sch.sample_perfect_tile(loop=l3, n=4, max_innermost_factor=64, decision=[1, 1, 1, 1])
l15, l16, l17, l18 = sch.split(loop=l3, factors=[v11, v12, v13, v14], preserve_unit_iters=True, disable_predication=False)
v19, v20, v21, v22 = sch.sample_perfect_tile(loop=l4, n=4, max_innermost_factor=64, decision=[1, 1, 4, 1])
l23, l24, l25, l26 = sch.split(loop=l4, factors=[v19, v20, v21, v22], preserve_unit_iters=True, disable_predication=False)
v27, v28, v29, v30 = sch.sample_perfect_tile(loop=l5, n=4, max_innermost_factor=64, decision=[1, 14, 1, 1])
l31, l32, l33, l34 = sch.split(loop=l5, factors=[v27, v28, v29, v30], preserve_unit_iters=True, disable_predication=False)
v35, v36, v37, v38 = sch.sample_perfect_tile(loop=l6, n=4, max_innermost_factor=64, decision=[1, 1, 7, 2])
l39, l40, l41, l42 = sch.split(loop=l6, factors=[v35, v36, v37, v38], preserve_unit_iters=True, disable_predication=False)
v43, v44, v45, v46 = sch.sample_perfect_tile(loop=l7, n=4, max_innermost_factor=64, decision=[1, 1, 2, 4])
l47, l48, l49, l50 = sch.split(loop=l7, factors=[v43, v44, v45, v46], preserve_unit_iters=True, disable_predication=False)
v51, v52 = sch.sample_perfect_tile(loop=l8, n=2, max_innermost_factor=64, decision=[4, 32])
l53, l54 = sch.split(loop=l8, factors=[v51, v52], preserve_unit_iters=True, disable_predication=False)
v55, v56 = sch.sample_perfect_tile(loop=l9, n=2, max_innermost_factor=64, decision=[1, 3])
l57, l58 = sch.split(loop=l9, factors=[v55, v56], preserve_unit_iters=True, disable_predication=False)
v59, v60 = sch.sample_perfect_tile(loop=l10, n=2, max_innermost_factor=64, decision=[3, 1])
l61, l62 = sch.split(loop=l10, factors=[v59, v60], preserve_unit_iters=True, disable_predication=False)
sch.reorder(l15, l23, l31, l39, l47, l16, l24, l32, l40, l48, l53, l57, l61, l17, l25, l33, l41, l49, l54, l58, l62, l18, l26, l34, l42, l50)
b63 = sch.cache_write(block=b1, write_buffer_index=0, storage_scope="global")
sch.reverse_compute_at(block=b63, loop=l47, preserve_unit_loops=True, index=-1)
sch.annotate(block_or_loop=b2, ann_key="meta_schedule.parallel", ann_val=96)
sch.annotate(block_or_loop=b2, ann_key="meta_schedule.vectorize", ann_val=64)
v64 = sch.sample_categorical(candidates=[0, 16, 64, 512], probs=[0.25, 0.25, 0.25, 0.25], decision=2)
sch.annotate(block_or_loop=b2, ann_key="meta_schedule.unroll_explicit", ann_val=v64)
l65 = sch.sample_compute_location(block=b0, decision=7)
sch.compute_at(block=b0, loop=l65, preserve_unit_loops=True, index=-1)
2024-05-21 02:46:39 [INFO] [task_scheduler.cc:170] Design space #2:
# from tvm.script import ir as I
# from tvm.script import tir as T

@I.ir_module
class Module:
    @T.prim_func
    def main(p0: T.Buffer((T.int64(1), T.int64(16), T.int64(14), T.int64(14), T.int64(8)), "float32"), p1: T.Buffer((T.int64(4), T.int64(16), T.int64(3), T.int64(3), T.int64(8), T.int64(8)), "float32"), conv2d_NCHWc: T.Buffer((T.int64(1), T.int64(4), T.int64(14), T.int64(14), T.int64(8)), "float32")):
        T.func_attr({"tir.noalias": T.bool(True)})
        with T.block("root"):
            T.reads()
            T.writes()
            T.block_attr({"meta_schedule.parallel": 96, "meta_schedule.unroll_explicit": 64, "meta_schedule.vectorize": 64})
            data_pad = T.alloc_buffer((T.int64(1), T.int64(16), T.int64(16), T.int64(16), T.int64(8)))
            for n_0, oc_chunk_0, oh_0, ow_0, oc_block_0, n_1, oc_chunk_1, oh_1, ow_1, oc_block_1, ic_0, kh_0, kw_0 in T.grid(T.int64(1), T.int64(1), T.int64(1), T.int64(1), T.int64(1), T.int64(1), T.int64(1), T.int64(14), T.int64(1), T.int64(1), T.int64(4), T.int64(1), T.int64(3)):
                for ax0, ax1, ax2, ax3, ax4 in T.grid(T.int64(1), T.int64(4), T.int64(3), T.int64(14), T.int64(8)):
                    with T.block("data_pad"):
                        v_i0 = T.axis.spatial(T.int64(1), ax0)
                        v_i1 = T.axis.spatial(T.int64(16), ic_0 * T.int64(4) + ax1)
                        v_i2 = T.axis.spatial(T.int64(16), oh_1 + ax2)
                        v_i3 = T.axis.spatial(T.int64(16), kw_0 + ax3)
                        v_i4 = T.axis.spatial(T.int64(8), ax4)
                        T.reads(p0[v_i0, v_i1, v_i2 - T.int64(1), v_i3 - T.int64(1), v_i4])
                        T.writes(data_pad[v_i0, v_i1, v_i2, v_i3, v_i4])
                        data_pad[v_i0, v_i1, v_i2, v_i3, v_i4] = T.if_then_else(T.int64(1) <= v_i2 and v_i2 < T.int64(15) and T.int64(1) <= v_i3 and v_i3 < T.int64(15), p0[v_i0, v_i1, v_i2 - T.int64(1), v_i3 - T.int64(1), v_i4], T.float32(0))
                for n_2, oc_chunk_2, oh_2, ow_2, oc_block_2, ic_1, kh_1, kw_1, n_3, oc_chunk_3, oh_3, ow_3, oc_block_3 in T.grid(T.int64(1), T.int64(4), T.int64(1), T.int64(7), T.int64(2), T.int64(32), T.int64(3), T.int64(1), T.int64(1), T.int64(1), T.int64(1), T.int64(2), T.int64(4)):
                    with T.block("conv2d_NCHWc"):
                        v_n = T.axis.spatial(T.int64(1), n_0 + n_1 + n_2 + n_3)
                        v_oc_chunk = T.axis.spatial(T.int64(4), oc_chunk_0 * T.int64(4) + oc_chunk_1 * T.int64(4) + oc_chunk_2 + oc_chunk_3)
                        v_oh = T.axis.spatial(T.int64(14), oh_0 * T.int64(14) + oh_1 + oh_2 + oh_3)
                        v_ow = T.axis.spatial(T.int64(14), ow_0 * T.int64(14) + ow_1 * T.int64(14) + ow_2 * T.int64(2) + ow_3)
                        v_oc_block = T.axis.spatial(T.int64(8), oc_block_0 * T.int64(8) + oc_block_1 * T.int64(8) + oc_block_2 * T.int64(4) + oc_block_3)
                        v_ic = T.axis.reduce(T.int64(128), ic_0 * T.int64(32) + ic_1)
                        v_kh = T.axis.reduce(T.int64(3), kh_0 * T.int64(3) + kh_1)
                        v_kw = T.axis.reduce(T.int64(3), kw_0 + kw_1)
                        T.reads(data_pad[v_n, v_ic // T.int64(8), v_oh + v_kh, v_ow + v_kw, v_ic % T.int64(8)], p1[v_oc_chunk, v_ic // T.int64(8), v_kh, v_kw, v_ic % T.int64(8), v_oc_block])
                        T.writes(conv2d_NCHWc[v_n, v_oc_chunk, v_oh, v_ow, v_oc_block])
                        T.block_attr({"meta_schedule.tiling_structure": "SSRSRS"})
                        with T.init():
                            conv2d_NCHWc[v_n, v_oc_chunk, v_oh, v_ow, v_oc_block] = T.float32(0)
                        conv2d_NCHWc[v_n, v_oc_chunk, v_oh, v_ow, v_oc_block] = conv2d_NCHWc[v_n, v_oc_chunk, v_oh, v_ow, v_oc_block] + data_pad[v_n, v_ic // T.int64(8), v_oh + v_kh, v_ow + v_kw, v_ic % T.int64(8)] * p1[v_oc_chunk, v_ic // T.int64(8), v_kh, v_kw, v_ic % T.int64(8), v_oc_block]
b0 = sch.get_block(name="data_pad", func_name="main")
b1 = sch.get_block(name="conv2d_NCHWc", func_name="main")
b2 = sch.get_block(name="root", func_name="main")
sch.annotate(block_or_loop=b1, ann_key="meta_schedule.tiling_structure", ann_val="SSRSRS")
l3, l4, l5, l6, l7, l8, l9, l10 = sch.get_loops(block=b1)
v11, v12, v13, v14 = sch.sample_perfect_tile(loop=l3, n=4, max_innermost_factor=64, decision=[1, 1, 1, 1])
l15, l16, l17, l18 = sch.split(loop=l3, factors=[v11, v12, v13, v14], preserve_unit_iters=True, disable_predication=False)
v19, v20, v21, v22 = sch.sample_perfect_tile(loop=l4, n=4, max_innermost_factor=64, decision=[1, 1, 4, 1])
l23, l24, l25, l26 = sch.split(loop=l4, factors=[v19, v20, v21, v22], preserve_unit_iters=True, disable_predication=False)
v27, v28, v29, v30 = sch.sample_perfect_tile(loop=l5, n=4, max_innermost_factor=64, decision=[1, 14, 1, 1])
l31, l32, l33, l34 = sch.split(loop=l5, factors=[v27, v28, v29, v30], preserve_unit_iters=True, disable_predication=False)
v35, v36, v37, v38 = sch.sample_perfect_tile(loop=l6, n=4, max_innermost_factor=64, decision=[1, 1, 7, 2])
l39, l40, l41, l42 = sch.split(loop=l6, factors=[v35, v36, v37, v38], preserve_unit_iters=True, disable_predication=False)
v43, v44, v45, v46 = sch.sample_perfect_tile(loop=l7, n=4, max_innermost_factor=64, decision=[1, 1, 2, 4])
l47, l48, l49, l50 = sch.split(loop=l7, factors=[v43, v44, v45, v46], preserve_unit_iters=True, disable_predication=False)
v51, v52 = sch.sample_perfect_tile(loop=l8, n=2, max_innermost_factor=64, decision=[4, 32])
l53, l54 = sch.split(loop=l8, factors=[v51, v52], preserve_unit_iters=True, disable_predication=False)
v55, v56 = sch.sample_perfect_tile(loop=l9, n=2, max_innermost_factor=64, decision=[1, 3])
l57, l58 = sch.split(loop=l9, factors=[v55, v56], preserve_unit_iters=True, disable_predication=False)
v59, v60 = sch.sample_perfect_tile(loop=l10, n=2, max_innermost_factor=64, decision=[3, 1])
l61, l62 = sch.split(loop=l10, factors=[v59, v60], preserve_unit_iters=True, disable_predication=False)
sch.reorder(l15, l23, l31, l39, l47, l16, l24, l32, l40, l48, l53, l57, l61, l17, l25, l33, l41, l49, l54, l58, l62, l18, l26, l34, l42, l50)
sch.annotate(block_or_loop=b2, ann_key="meta_schedule.parallel", ann_val=96)
sch.annotate(block_or_loop=b2, ann_key="meta_schedule.vectorize", ann_val=64)
v63 = sch.sample_categorical(candidates=[0, 16, 64, 512], probs=[0.25, 0.25, 0.25, 0.25], decision=2)
sch.annotate(block_or_loop=b2, ann_key="meta_schedule.unroll_explicit", ann_val=v63)
l64 = sch.sample_compute_location(block=b0, decision=12)
sch.compute_at(block=b0, loop=l64, preserve_unit_loops=True, index=-1)
2024-05-21 03:54:08 [INFO] [evolutionary_search.cc:713] Generating candidates......
2024-05-21 03:54:08 [INFO] [evolutionary_search.cc:715] Picked top 0 candidate(s) from database
2024-05-21 03:54:10 [INFO] [evolutionary_search.cc:533] Sample-Init-Population summary:
Postproc #0 [meta_schedule.DisallowDynamicLoop(0x199b35a8)]: 0 failure(s)
Postproc #1 [meta_schedule.RewriteParallelVectorizeUnroll(0x20f093b8)]: 0 failure(s)
Postproc #2 [meta_schedule.RewriteReductionBlock(0x193e61b8)]: 0 failure(s)
Postproc #3 [meta_schedule.RewriteLayout(0x19a55048)]: 0 failure(s)
2024-05-21 03:54:10 [INFO] [evolutionary_search.cc:723] Sampled 512 candidate(s)
2024-05-21 03:54:11 [INFO] [evolutionary_search.cc:621] Evolve iter #0 done. Summary:
Postproc #0 [meta_schedule.DisallowDynamicLoop(0x199b35a8)]: 0 failure(s)
Postproc #1 [meta_schedule.RewriteParallelVectorizeUnroll(0x20f093b8)]: 0 failure(s)
Postproc #2 [meta_schedule.RewriteReductionBlock(0x193e61b8)]: 0 failure(s)
Postproc #3 [meta_schedule.RewriteLayout(0x19a55048)]: 0 failure(s)
2024-05-21 03:54:13 [INFO] [evolutionary_search.cc:621] Evolve iter #1 done. Summary:
Postproc #0 [meta_schedule.DisallowDynamicLoop(0x199b35a8)]: 0 failure(s)
Postproc #1 [meta_schedule.RewriteParallelVectorizeUnroll(0x20f093b8)]: 0 failure(s)
Postproc #2 [meta_schedule.RewriteReductionBlock(0x193e61b8)]: 0 failure(s)
Postproc #3 [meta_schedule.RewriteLayout(0x19a55048)]: 0 failure(s)
2024-05-21 03:54:15 [INFO] [evolutionary_search.cc:621] Evolve iter #2 done. Summary:
Postproc #0 [meta_schedule.DisallowDynamicLoop(0x199b35a8)]: 0 failure(s)
Postproc #1 [meta_schedule.RewriteParallelVectorizeUnroll(0x20f093b8)]: 0 failure(s)
Postproc #2 [meta_schedule.RewriteReductionBlock(0x193e61b8)]: 0 failure(s)
Postproc #3 [meta_schedule.RewriteLayout(0x19a55048)]: 0 failure(s)
2024-05-21 03:54:17 [INFO] [evolutionary_search.cc:621] Evolve iter #3 done. Summary:
Postproc #0 [meta_schedule.DisallowDynamicLoop(0x199b35a8)]: 0 failure(s)
Postproc #1 [meta_schedule.RewriteParallelVectorizeUnroll(0x20f093b8)]: 0 failure(s)
Postproc #2 [meta_schedule.RewriteReductionBlock(0x193e61b8)]: 0 failure(s)
Postproc #3 [meta_schedule.RewriteLayout(0x19a55048)]: 0 failure(s)
2024-05-21 03:54:17 [INFO] [evolutionary_search.cc:649] Scores of the best 64 candidates:
[1 : 16]:	0.9996  0.9984  0.9977  0.9975  0.9970  0.9967  0.9965  0.9955  0.9940  0.9937  0.9935  0.9934  0.9926  0.9924  0.9916  0.9913
[17 : 32]:	0.9906  0.9894  0.9893  0.9892  0.9890  0.9889  0.9883  0.9880  0.9878  0.9864  0.9856  0.9851  0.9843  0.9839  0.9835  0.9829
[33 : 48]:	0.9825  0.9815  0.9810  0.9810  0.9806  0.9805  0.9804  0.9799  0.9793  0.9791  0.9776  0.9771  0.9770  0.9769  0.9767  0.9759
[49 : 64]:	0.9759  0.9748  0.9748  0.9746  0.9738  0.9734  0.9731  0.9729  0.9728  0.9724  0.9717  0.9714  0.9713  0.9710  0.9704  0.9693
2024-05-21 03:54:17 [INFO] [evolutionary_search.cc:727] Got 64 candidate(s) with evolutionary search
2024-05-21 03:54:17 [INFO] [evolutionary_search.cc:730] Sending 64 candidates(s) for measurement
2024-05-21 04:46:40 [INFO] [task_scheduler.cc:131] [Task #41: fused_nn_contrib_conv2d_NCHWc_1] Trial #1: GFLOPs: 14.8696. Time: 971.8274 us. Best GFLOPs: 14.8696
2024-05-21 04:46:40 [INFO] [task_scheduler.cc:131] [Task #41: fused_nn_contrib_conv2d_NCHWc_1] Trial #2: GFLOPs: 12.2848. Time: 1176.3110 us. Best GFLOPs: 14.8696
2024-05-21 04:46:40 [INFO] [task_scheduler.cc:131] [Task #41: fused_nn_contrib_conv2d_NCHWc_1] Trial #3: GFLOPs: 16.6758. Time: 866.5643 us. Best GFLOPs: 16.6758
2024-05-21 04:46:40 [INFO] [task_scheduler.cc:131] [Task #41: fused_nn_contrib_conv2d_NCHWc_1] Trial #4: GFLOPs: 28.5518. Time: 506.1227 us. Best GFLOPs: 28.5518
2024-05-21 04:46:40 [INFO] [task_scheduler.cc:131] [Task #41: fused_nn_contrib_conv2d_NCHWc_1] Trial #5: GFLOPs: 71.0543. Time: 203.3753 us. Best GFLOPs: 71.0543
2024-05-21 04:46:40 [INFO] [task_scheduler.cc:131] [Task #41: fused_nn_contrib_conv2d_NCHWc_1] Trial #6: GFLOPs: 26.2273. Time: 550.9795 us. Best GFLOPs: 71.0543
2024-05-21 04:46:40 [INFO] [task_scheduler.cc:131] [Task #41: fused_nn_contrib_conv2d_NCHWc_1] Trial #7: GFLOPs: 25.0020. Time: 577.9822 us. Best GFLOPs: 71.0543
2024-05-21 04:46:40 [INFO] [task_scheduler.cc:131] [Task #41: fused_nn_contrib_conv2d_NCHWc_1] Trial #8: GFLOPs: 85.3822. Time: 169.2471 us. Best GFLOPs: 85.3822
2024-05-21 04:46:40 [INFO] [task_scheduler.cc:131] [Task #41: fused_nn_contrib_conv2d_NCHWc_1] Trial #9: GFLOPs: 3.7217. Time: 3882.8378 us. Best GFLOPs: 85.3822
2024-05-21 04:46:40 [INFO] [task_scheduler.cc:131] [Task #41: fused_nn_contrib_conv2d_NCHWc_1] Trial #10: GFLOPs: 25.7443. Time: 561.3164 us. Best GFLOPs: 85.3822
2024-05-21 04:46:40 [INFO] [task_scheduler.cc:131] [Task #41: fused_nn_contrib_conv2d_NCHWc_1] Trial #11: GFLOPs: 55.1382. Time: 262.0811 us. Best GFLOPs: 85.3822
2024-05-21 04:46:40 [INFO] [task_scheduler.cc:131] [Task #41: fused_nn_contrib_conv2d_NCHWc_1] Trial #12: GFLOPs: 28.4297. Time: 508.2949 us. Best GFLOPs: 85.3822
2024-05-21 04:46:40 [INFO] [task_scheduler.cc:131] [Task #41: fused_nn_contrib_conv2d_NCHWc_1] Trial #13: GFLOPs: 8.3829. Time: 1723.8230 us. Best GFLOPs: 85.3822
2024-05-21 04:46:40 [INFO] [task_scheduler.cc:131] [Task #41: fused_nn_contrib_conv2d_NCHWc_1] Trial #14: GFLOPs: 22.2619. Time: 649.1209 us. Best GFLOPs: 85.3822
2024-05-21 04:46:40 [INFO] [task_scheduler.cc:131] [Task #41: fused_nn_contrib_conv2d_NCHWc_1] Trial #15: GFLOPs: 15.7638. Time: 916.6990 us. Best GFLOPs: 85.3822
2024-05-21 04:46:40 [INFO] [task_scheduler.cc:131] [Task #41: fused_nn_contrib_conv2d_NCHWc_1] Trial #16: GFLOPs: 36.3749. Time: 397.2714 us. Best GFLOPs: 85.3822
2024-05-21 04:46:40 [INFO] [task_scheduler.cc:131] [Task #41: fused_nn_contrib_conv2d_NCHWc_1] Trial #17: GFLOPs: 22.0544. Time: 655.2290 us. Best GFLOPs: 85.3822
2024-05-21 04:46:40 [INFO] [task_scheduler.cc:131] [Task #41: fused_nn_contrib_conv2d_NCHWc_1] Trial #18: GFLOPs: 31.0912. Time: 464.7841 us. Best GFLOPs: 85.3822
2024-05-21 04:46:40 [INFO] [task_scheduler.cc:131] [Task #41: fused_nn_contrib_conv2d_NCHWc_1] Trial #19: GFLOPs: 25.5079. Time: 566.5173 us. Best GFLOPs: 85.3822
2024-05-21 04:46:40 [INFO] [task_scheduler.cc:131] [Task #41: fused_nn_contrib_conv2d_NCHWc_1] Trial #20: GFLOPs: 23.1364. Time: 624.5879 us. Best GFLOPs: 85.3822
2024-05-21 04:46:40 [INFO] [task_scheduler.cc:131] [Task #41: fused_nn_contrib_conv2d_NCHWc_1] Trial #21: GFLOPs: 10.8387. Time: 1333.2545 us. Best GFLOPs: 85.3822
2024-05-21 04:46:40 [INFO] [task_scheduler.cc:131] [Task #41: fused_nn_contrib_conv2d_NCHWc_1] Trial #22: GFLOPs: 17.5609. Time: 822.8920 us. Best GFLOPs: 85.3822
2024-05-21 04:46:40 [INFO] [task_scheduler.cc:131] [Task #41: fused_nn_contrib_conv2d_NCHWc_1] Trial #23: GFLOPs: 32.9094. Time: 439.1055 us. Best GFLOPs: 85.3822
2024-05-21 04:46:40 [INFO] [task_scheduler.cc:131] [Task #41: fused_nn_contrib_conv2d_NCHWc_1] Trial #24: GFLOPs: 129.0683. Time: 111.9616 us. Best GFLOPs: 129.0683
2024-05-21 04:46:40 [INFO] [task_scheduler.cc:131] [Task #41: fused_nn_contrib_conv2d_NCHWc_1] Trial #25: GFLOPs: 25.8929. Time: 558.0950 us. Best GFLOPs: 129.0683
2024-05-21 04:46:40 [INFO] [task_scheduler.cc:131] [Task #41: fused_nn_contrib_conv2d_NCHWc_1] Trial #26: GFLOPs: 66.2146. Time: 218.2401 us. Best GFLOPs: 129.0683
2024-05-21 04:46:40 [INFO] [task_scheduler.cc:131] [Task #41: fused_nn_contrib_conv2d_NCHWc_1] Trial #27: GFLOPs: 44.8612. Time: 322.1199 us. Best GFLOPs: 129.0683
2024-05-21 04:46:40 [INFO] [task_scheduler.cc:131] [Task #41: fused_nn_contrib_conv2d_NCHWc_1] Trial #28: GFLOPs: 6.8125. Time: 2121.1997 us. Best GFLOPs: 129.0683
2024-05-21 04:46:40 [INFO] [task_scheduler.cc:131] [Task #41: fused_nn_contrib_conv2d_NCHWc_1] Trial #29: GFLOPs: 14.0258. Time: 1030.2954 us. Best GFLOPs: 129.0683
2024-05-21 04:46:40 [INFO] [task_scheduler.cc:131] [Task #41: fused_nn_contrib_conv2d_NCHWc_1] Trial #30: GFLOPs: 30.2325. Time: 477.9856 us. Best GFLOPs: 129.0683
2024-05-21 04:46:40 [INFO] [task_scheduler.cc:131] [Task #41: fused_nn_contrib_conv2d_NCHWc_1] Trial #31: GFLOPs: 21.8579. Time: 661.1188 us. Best GFLOPs: 129.0683
2024-05-21 04:46:40 [INFO] [task_scheduler.cc:131] [Task #41: fused_nn_contrib_conv2d_NCHWc_1] Trial #32: GFLOPs: 15.2734. Time: 946.1326 us. Best GFLOPs: 129.0683
2024-05-21 04:46:40 [INFO] [task_scheduler.cc:131] [Task #41: fused_nn_contrib_conv2d_NCHWc_1] Trial #33: GFLOPs: 18.5625. Time: 778.4882 us. Best GFLOPs: 129.0683
2024-05-21 04:46:40 [INFO] [task_scheduler.cc:131] [Task #41: fused_nn_contrib_conv2d_NCHWc_1] Trial #34: GFLOPs: 31.7218. Time: 455.5449 us. Best GFLOPs: 129.0683
2024-05-21 04:46:40 [INFO] [task_scheduler.cc:131] [Task #41: fused_nn_contrib_conv2d_NCHWc_1] Trial #35: GFLOPs: 135.2363. Time: 106.8551 us. Best GFLOPs: 135.2363
2024-05-21 04:46:40 [INFO] [task_scheduler.cc:131] [Task #41: fused_nn_contrib_conv2d_NCHWc_1] Trial #36: GFLOPs: 23.7210. Time: 609.1945 us. Best GFLOPs: 135.2363
2024-05-21 04:46:40 [INFO] [task_scheduler.cc:131] [Task #41: fused_nn_contrib_conv2d_NCHWc_1] Trial #37: GFLOPs: 25.2068. Time: 573.2857 us. Best GFLOPs: 135.2363
2024-05-21 04:46:40 [INFO] [task_scheduler.cc:131] [Task #41: fused_nn_contrib_conv2d_NCHWc_1] Trial #38: GFLOPs: 25.1484. Time: 574.6169 us. Best GFLOPs: 135.2363
2024-05-21 04:46:40 [INFO] [task_scheduler.cc:131] [Task #41: fused_nn_contrib_conv2d_NCHWc_1] Trial #39: GFLOPs: 33.6438. Time: 429.5199 us. Best GFLOPs: 135.2363
2024-05-21 04:46:40 [INFO] [task_scheduler.cc:131] [Task #41: fused_nn_contrib_conv2d_NCHWc_1] Trial #40: GFLOPs: 40.3136. Time: 358.4568 us. Best GFLOPs: 135.2363
2024-05-21 04:46:40 [INFO] [task_scheduler.cc:131] [Task #41: fused_nn_contrib_conv2d_NCHWc_1] Trial #41: GFLOPs: 30.6664. Time: 471.2224 us. Best GFLOPs: 135.2363
2024-05-21 04:46:40 [INFO] [task_scheduler.cc:131] [Task #41: fused_nn_contrib_conv2d_NCHWc_1] Trial #42: GFLOPs: 12.4357. Time: 1162.0281 us. Best GFLOPs: 135.2363
2024-05-21 04:46:40 [INFO] [task_scheduler.cc:131] [Task #41: fused_nn_contrib_conv2d_NCHWc_1] Trial #43: GFLOPs: 2.4557. Time: 5884.5252 us. Best GFLOPs: 135.2363
2024-05-21 04:46:40 [INFO] [task_scheduler.cc:131] [Task #41: fused_nn_contrib_conv2d_NCHWc_1] Trial #44: GFLOPs: 38.5256. Time: 375.0932 us. Best GFLOPs: 135.2363
2024-05-21 04:46:40 [INFO] [task_scheduler.cc:131] [Task #41: fused_nn_contrib_conv2d_NCHWc_1] Trial #45: GFLOPs: 35.4658. Time: 407.4542 us. Best GFLOPs: 135.2363
2024-05-21 04:46:40 [INFO] [task_scheduler.cc:131] [Task #41: fused_nn_contrib_conv2d_NCHWc_1] Trial #46: GFLOPs: 22.1583. Time: 652.1578 us. Best GFLOPs: 135.2363
2024-05-21 04:46:40 [INFO] [task_scheduler.cc:131] [Task #41: fused_nn_contrib_conv2d_NCHWc_1] Trial #47: GFLOPs: 22.5183. Time: 641.7307 us. Best GFLOPs: 135.2363
2024-05-21 04:46:40 [INFO] [task_scheduler.cc:131] [Task #41: fused_nn_contrib_conv2d_NCHWc_1] Trial #48: GFLOPs: 87.1293. Time: 165.8533 us. Best GFLOPs: 135.2363
2024-05-21 04:46:40 [INFO] [task_scheduler.cc:131] [Task #41: fused_nn_contrib_conv2d_NCHWc_1] Trial #49: GFLOPs: 26.5122. Time: 545.0587 us. Best GFLOPs: 135.2363
2024-05-21 04:46:40 [INFO] [task_scheduler.cc:131] [Task #41: fused_nn_contrib_conv2d_NCHWc_1] Trial #50: GFLOPs: 116.1208. Time: 124.4453 us. Best GFLOPs: 135.2363
2024-05-21 04:46:40 [INFO] [task_scheduler.cc:131] [Task #41: fused_nn_contrib_conv2d_NCHWc_1] Trial #51: GFLOPs: 31.1132. Time: 464.4552 us. Best GFLOPs: 135.2363
2024-05-21 04:46:40 [INFO] [task_scheduler.cc:131] [Task #41: fused_nn_contrib_conv2d_NCHWc_1] Trial #52: GFLOPs: 22.0783. Time: 654.5193 us. Best GFLOPs: 135.2363
2024-05-21 04:46:40 [INFO] [task_scheduler.cc:131] [Task #41: fused_nn_contrib_conv2d_NCHWc_1] Trial #53: GFLOPs: 7.8523. Time: 1840.3144 us. Best GFLOPs: 135.2363
2024-05-21 04:46:40 [INFO] [task_scheduler.cc:131] [Task #41: fused_nn_contrib_conv2d_NCHWc_1] Trial #54: GFLOPs: 48.4528. Time: 298.2423 us. Best GFLOPs: 135.2363
2024-05-21 04:46:40 [INFO] [task_scheduler.cc:131] [Task #41: fused_nn_contrib_conv2d_NCHWc_1] Trial #55: GFLOPs: 18.5327. Time: 779.7401 us. Best GFLOPs: 135.2363
2024-05-21 04:46:40 [INFO] [task_scheduler.cc:131] [Task #41: fused_nn_contrib_conv2d_NCHWc_1] Trial #56: GFLOPs: 36.7932. Time: 392.7539 us. Best GFLOPs: 135.2363
2024-05-21 04:46:40 [INFO] [task_scheduler.cc:131] [Task #41: fused_nn_contrib_conv2d_NCHWc_1] Trial #57: GFLOPs: 40.6387. Time: 355.5889 us. Best GFLOPs: 135.2363
2024-05-21 04:46:40 [INFO] [task_scheduler.cc:131] [Task #41: fused_nn_contrib_conv2d_NCHWc_1] Trial #58: GFLOPs: 54.2219. Time: 266.5103 us. Best GFLOPs: 135.2363
2024-05-21 04:46:40 [INFO] [task_scheduler.cc:131] [Task #41: fused_nn_contrib_conv2d_NCHWc_1] Trial #59: GFLOPs: 22.7882. Time: 634.1290 us. Best GFLOPs: 135.2363
2024-05-21 04:46:40 [INFO] [task_scheduler.cc:131] [Task #41: fused_nn_contrib_conv2d_NCHWc_1] Trial #60: GFLOPs: 24.7117. Time: 584.7700 us. Best GFLOPs: 135.2363
2024-05-21 04:46:40 [INFO] [task_scheduler.cc:131] [Task #41: fused_nn_contrib_conv2d_NCHWc_1] Trial #61: GFLOPs: 17.7949. Time: 812.0668 us. Best GFLOPs: 135.2363
2024-05-21 04:46:40 [INFO] [task_scheduler.cc:131] [Task #41: fused_nn_contrib_conv2d_NCHWc_1] Trial #62: GFLOPs: 31.5372. Time: 458.2111 us. Best GFLOPs: 135.2363
2024-05-21 04:46:40 [INFO] [task_scheduler.cc:131] [Task #41: fused_nn_contrib_conv2d_NCHWc_1] Trial #63: GFLOPs: 26.2715. Time: 550.0527 us. Best GFLOPs: 135.2363
2024-05-21 04:46:40 [INFO] [task_scheduler.cc:131] [Task #41: fused_nn_contrib_conv2d_NCHWc_1] Trial #64: GFLOPs: 19.8721. Time: 727.1841 us. Best GFLOPs: 135.2363
2024-05-21 04:52:12 [INFO] [evolutionary_search.cc:713] Generating candidates......
2024-05-21 04:52:13 [INFO] [evolutionary_search.cc:715] Picked top 64 candidate(s) from database
2024-05-21 04:52:14 [INFO] [evolutionary_search.cc:533] Sample-Init-Population summary:
Postproc #0 [meta_schedule.DisallowDynamicLoop(0x199b35a8)]: 0 failure(s)
Postproc #1 [meta_schedule.RewriteParallelVectorizeUnroll(0x20f093b8)]: 0 failure(s)
Postproc #2 [meta_schedule.RewriteReductionBlock(0x193e61b8)]: 0 failure(s)
Postproc #3 [meta_schedule.RewriteLayout(0x19a55048)]: 0 failure(s)
2024-05-21 04:52:14 [INFO] [evolutionary_search.cc:723] Sampled 448 candidate(s)
2024-05-21 04:52:18 [INFO] [evolutionary_search.cc:621] Evolve iter #0 done. Summary:
Postproc #0 [meta_schedule.DisallowDynamicLoop(0x199b35a8)]: 0 failure(s)
Postproc #1 [meta_schedule.RewriteParallelVectorizeUnroll(0x20f093b8)]: 0 failure(s)
Postproc #2 [meta_schedule.RewriteReductionBlock(0x193e61b8)]: 0 failure(s)
Postproc #3 [meta_schedule.RewriteLayout(0x19a55048)]: 0 failure(s)
2024-05-21 04:52:21 [INFO] [evolutionary_search.cc:621] Evolve iter #1 done. Summary:
Postproc #0 [meta_schedule.DisallowDynamicLoop(0x199b35a8)]: 0 failure(s)
Postproc #1 [meta_schedule.RewriteParallelVectorizeUnroll(0x20f093b8)]: 0 failure(s)
Postproc #2 [meta_schedule.RewriteReductionBlock(0x193e61b8)]: 0 failure(s)
Postproc #3 [meta_schedule.RewriteLayout(0x19a55048)]: 0 failure(s)
2024-05-21 04:52:25 [INFO] [evolutionary_search.cc:621] Evolve iter #2 done. Summary:
Postproc #0 [meta_schedule.DisallowDynamicLoop(0x199b35a8)]: 0 failure(s)
Postproc #1 [meta_schedule.RewriteParallelVectorizeUnroll(0x20f093b8)]: 0 failure(s)
Postproc #2 [meta_schedule.RewriteReductionBlock(0x193e61b8)]: 0 failure(s)
Postproc #3 [meta_schedule.RewriteLayout(0x19a55048)]: 0 failure(s)
2024-05-21 04:52:28 [INFO] [evolutionary_search.cc:621] Evolve iter #3 done. Summary:
Postproc #0 [meta_schedule.DisallowDynamicLoop(0x199b35a8)]: 0 failure(s)
Postproc #1 [meta_schedule.RewriteParallelVectorizeUnroll(0x20f093b8)]: 0 failure(s)
Postproc #2 [meta_schedule.RewriteReductionBlock(0x193e61b8)]: 0 failure(s)
Postproc #3 [meta_schedule.RewriteLayout(0x19a55048)]: 0 failure(s)
2024-05-21 04:52:30 [INFO] [evolutionary_search.cc:649] Scores of the best 64 candidates:
[1 : 16]:	1.1214  1.0674  1.0355  1.0075  1.0007  0.9914  0.9904  0.9904  0.9706  0.9706  0.9705  0.9697  0.9650  0.9649  0.9649  0.9643
[17 : 32]:	0.9620  0.9580  0.9557  0.9552  0.9552  0.9483  0.9483  0.9411  0.9382  0.9382  0.9347  0.9347  0.9347  0.9347  0.9347  0.9347
[33 : 48]:	0.9342  0.9331  0.9309  0.9302  0.9302  0.9149  0.9143  0.9141  0.9135  0.9132  0.9081  0.9043  0.8997  0.8987  0.8960  0.8955
[49 : 64]:	0.8927  0.8925  0.8874  0.8867  0.8828  0.8784  0.8714  0.8678  0.8665  0.8640  0.8634  0.8613  0.8607  0.8591  0.8589  0.8489
2024-05-21 04:52:30 [INFO] [evolutionary_search.cc:727] Got 64 candidate(s) with evolutionary search
2024-05-21 04:52:30 [INFO] [evolutionary_search.cc:730] Sending 64 candidates(s) for measurement
2024-05-21 04:54:11 [INFO] [task_scheduler.cc:131] [Task #41: fused_nn_contrib_conv2d_NCHWc_1] Trial #65: GFLOPs: 148.0073. Time: 97.6350 us. Best GFLOPs: 148.0073
2024-05-21 04:54:11 [INFO] [task_scheduler.cc:131] [Task #41: fused_nn_contrib_conv2d_NCHWc_1] Trial #66: GFLOPs: 178.9949. Time: 80.7324 us. Best GFLOPs: 178.9949
2024-05-21 04:54:11 [INFO] [task_scheduler.cc:131] [Task #41: fused_nn_contrib_conv2d_NCHWc_1] Trial #67: GFLOPs: 312.9274. Time: 46.1790 us. Best GFLOPs: 312.9274
2024-05-21 04:54:11 [INFO] [task_scheduler.cc:131] [Task #41: fused_nn_contrib_conv2d_NCHWc_1] Trial #68: GFLOPs: 105.4247. Time: 137.0712 us. Best GFLOPs: 312.9274
2024-05-21 04:54:11 [INFO] [task_scheduler.cc:131] [Task #41: fused_nn_contrib_conv2d_NCHWc_1] Trial #69: GFLOPs: 157.4005. Time: 91.8084 us. Best GFLOPs: 312.9274
2024-05-21 04:54:11 [INFO] [task_scheduler.cc:131] [Task #41: fused_nn_contrib_conv2d_NCHWc_1] Trial #70: GFLOPs: 228.3762. Time: 63.2758 us. Best GFLOPs: 312.9274
2024-05-21 04:54:11 [INFO] [task_scheduler.cc:131] [Task #41: fused_nn_contrib_conv2d_NCHWc_1] Trial #71: GFLOPs: 183.8570. Time: 78.5974 us. Best GFLOPs: 312.9274
2024-05-21 04:54:11 [INFO] [task_scheduler.cc:131] [Task #41: fused_nn_contrib_conv2d_NCHWc_1] Trial #72: GFLOPs: 94.9378. Time: 152.2122 us. Best GFLOPs: 312.9274
2024-05-21 04:54:11 [INFO] [task_scheduler.cc:131] [Task #41: fused_nn_contrib_conv2d_NCHWc_1] Trial #73: GFLOPs: 142.3985. Time: 101.4806 us. Best GFLOPs: 312.9274
2024-05-21 04:54:11 [INFO] [task_scheduler.cc:131] [Task #41: fused_nn_contrib_conv2d_NCHWc_1] Trial #74: GFLOPs: 85.3249. Time: 169.3607 us. Best GFLOPs: 312.9274
2024-05-21 04:54:11 [INFO] [task_scheduler.cc:131] [Task #41: fused_nn_contrib_conv2d_NCHWc_1] Trial #75: GFLOPs: 127.4428. Time: 113.3896 us. Best GFLOPs: 312.9274
2024-05-21 04:54:11 [INFO] [task_scheduler.cc:131] [Task #41: fused_nn_contrib_conv2d_NCHWc_1] Trial #76: GFLOPs: 89.1082. Time: 162.1701 us. Best GFLOPs: 312.9274
2024-05-21 04:54:11 [INFO] [task_scheduler.cc:131] [Task #41: fused_nn_contrib_conv2d_NCHWc_1] Trial #77: GFLOPs: 80.1881. Time: 180.2098 us. Best GFLOPs: 312.9274
2024-05-21 04:54:11 [INFO] [task_scheduler.cc:131] [Task #41: fused_nn_contrib_conv2d_NCHWc_1] Trial #78: GFLOPs: 73.1286. Time: 197.6066 us. Best GFLOPs: 312.9274
2024-05-21 04:54:11 [INFO] [task_scheduler.cc:131] [Task #41: fused_nn_contrib_conv2d_NCHWc_1] Trial #79: GFLOPs: 74.6607. Time: 193.5516 us. Best GFLOPs: 312.9274
2024-05-21 04:54:11 [INFO] [task_scheduler.cc:131] [Task #41: fused_nn_contrib_conv2d_NCHWc_1] Trial #80: GFLOPs: 91.6084. Time: 157.7441 us. Best GFLOPs: 312.9274
2024-05-21 04:54:11 [INFO] [task_scheduler.cc:131] [Task #41: fused_nn_contrib_conv2d_NCHWc_1] Trial #81: GFLOPs: 91.6324. Time: 157.7029 us. Best GFLOPs: 312.9274
2024-05-21 04:54:11 [INFO] [task_scheduler.cc:131] [Task #41: fused_nn_contrib_conv2d_NCHWc_1] Trial #82: GFLOPs: 90.7955. Time: 159.1564 us. Best GFLOPs: 312.9274
2024-05-21 04:54:11 [INFO] [task_scheduler.cc:131] [Task #41: fused_nn_contrib_conv2d_NCHWc_1] Trial #83: GFLOPs: 14.8188. Time: 975.1592 us. Best GFLOPs: 312.9274
2024-05-21 04:54:11 [INFO] [task_scheduler.cc:131] [Task #41: fused_nn_contrib_conv2d_NCHWc_1] Trial #84: GFLOPs: 93.7631. Time: 154.1191 us. Best GFLOPs: 312.9274
2024-05-21 04:54:11 [INFO] [task_scheduler.cc:131] [Task #41: fused_nn_contrib_conv2d_NCHWc_1] Trial #85: GFLOPs: 94.5780. Time: 152.7912 us. Best GFLOPs: 312.9274
2024-05-21 04:54:11 [INFO] [task_scheduler.cc:131] [Task #41: fused_nn_contrib_conv2d_NCHWc_1] Trial #86: GFLOPs: 160.5539. Time: 90.0052 us. Best GFLOPs: 312.9274
2024-05-21 04:54:11 [INFO] [task_scheduler.cc:131] [Task #41: fused_nn_contrib_conv2d_NCHWc_1] Trial #87: GFLOPs: 131.0209. Time: 110.2930 us. Best GFLOPs: 312.9274
2024-05-21 04:54:11 [INFO] [task_scheduler.cc:131] [Task #41: fused_nn_contrib_conv2d_NCHWc_1] Trial #88: GFLOPs: 14.4242. Time: 1001.8380 us. Best GFLOPs: 312.9274
2024-05-21 04:54:11 [INFO] [task_scheduler.cc:131] [Task #41: fused_nn_contrib_conv2d_NCHWc_1] Trial #89: GFLOPs: 142.1741. Time: 101.6408 us. Best GFLOPs: 312.9274
2024-05-21 04:54:11 [INFO] [task_scheduler.cc:131] [Task #41: fused_nn_contrib_conv2d_NCHWc_1] Trial #90: GFLOPs: 131.6146. Time: 109.7955 us. Best GFLOPs: 312.9274
2024-05-21 04:54:11 [INFO] [task_scheduler.cc:131] [Task #41: fused_nn_contrib_conv2d_NCHWc_1] Trial #91: GFLOPs: 75.7331. Time: 190.8106 us. Best GFLOPs: 312.9274
2024-05-21 04:54:11 [INFO] [task_scheduler.cc:131] [Task #41: fused_nn_contrib_conv2d_NCHWc_1] Trial #92: GFLOPs: 81.1375. Time: 178.1012 us. Best GFLOPs: 312.9274
2024-05-21 04:54:11 [INFO] [task_scheduler.cc:131] [Task #41: fused_nn_contrib_conv2d_NCHWc_1] Trial #93: GFLOPs: 70.7339. Time: 204.2966 us. Best GFLOPs: 312.9274
2024-05-21 04:54:11 [INFO] [task_scheduler.cc:131] [Task #41: fused_nn_contrib_conv2d_NCHWc_1] Trial #94: GFLOPs: 60.1389. Time: 240.2887 us. Best GFLOPs: 312.9274
2024-05-21 04:54:11 [INFO] [task_scheduler.cc:131] [Task #41: fused_nn_contrib_conv2d_NCHWc_1] Trial #95: GFLOPs: 81.5502. Time: 177.1999 us. Best GFLOPs: 312.9274
2024-05-21 04:54:11 [INFO] [task_scheduler.cc:131] [Task #41: fused_nn_contrib_conv2d_NCHWc_1] Trial #96: GFLOPs: 61.5432. Time: 234.8057 us. Best GFLOPs: 312.9274
2024-05-21 04:54:11 [INFO] [task_scheduler.cc:131] [Task #41: fused_nn_contrib_conv2d_NCHWc_1] Trial #97: GFLOPs: 89.4429. Time: 161.5633 us. Best GFLOPs: 312.9274
2024-05-21 04:54:11 [INFO] [task_scheduler.cc:131] [Task #41: fused_nn_contrib_conv2d_NCHWc_1] Trial #98: GFLOPs: 50.0949. Time: 288.4665 us. Best GFLOPs: 312.9274
2024-05-21 04:54:11 [INFO] [task_scheduler.cc:131] [Task #41: fused_nn_contrib_conv2d_NCHWc_1] Trial #99: GFLOPs: 78.1742. Time: 184.8525 us. Best GFLOPs: 312.9274
2024-05-21 04:54:11 [INFO] [task_scheduler.cc:131] [Task #41: fused_nn_contrib_conv2d_NCHWc_1] Trial #100: GFLOPs: 72.0432. Time: 200.5837 us. Best GFLOPs: 312.9274
2024-05-21 04:54:11 [INFO] [task_scheduler.cc:131] [Task #41: fused_nn_contrib_conv2d_NCHWc_1] Trial #101: GFLOPs: 126.2837. Time: 114.4303 us. Best GFLOPs: 312.9274
2024-05-21 04:54:11 [INFO] [task_scheduler.cc:131] [Task #41: fused_nn_contrib_conv2d_NCHWc_1] Trial #102: GFLOPs: 142.2078. Time: 101.6167 us. Best GFLOPs: 312.9274
2024-05-21 04:54:11 [INFO] [task_scheduler.cc:131] [Task #41: fused_nn_contrib_conv2d_NCHWc_1] Trial #103: GFLOPs: 165.9698. Time: 87.0682 us. Best GFLOPs: 312.9274
2024-05-21 04:54:11 [INFO] [task_scheduler.cc:131] [Task #41: fused_nn_contrib_conv2d_NCHWc_1] Trial #104: GFLOPs: 138.7101. Time: 104.1791 us. Best GFLOPs: 312.9274
2024-05-21 04:54:11 [INFO] [task_scheduler.cc:131] [Task #41: fused_nn_contrib_conv2d_NCHWc_1] Trial #105: GFLOPs: 74.6306. Time: 193.6295 us. Best GFLOPs: 312.9274
2024-05-21 04:54:11 [INFO] [task_scheduler.cc:131] [Task #41: fused_nn_contrib_conv2d_NCHWc_1] Trial #106: GFLOPs: 124.7040. Time: 115.8799 us. Best GFLOPs: 312.9274
2024-05-21 04:54:11 [INFO] [task_scheduler.cc:131] [Task #41: fused_nn_contrib_conv2d_NCHWc_1] Trial #107: GFLOPs: 101.0168. Time: 143.0523 us. Best GFLOPs: 312.9274
2024-05-21 04:54:11 [INFO] [task_scheduler.cc:131] [Task #41: fused_nn_contrib_conv2d_NCHWc_1] Trial #108: GFLOPs: 58.3705. Time: 247.5682 us. Best GFLOPs: 312.9274
2024-05-21 04:54:11 [INFO] [task_scheduler.cc:131] [Task #41: fused_nn_contrib_conv2d_NCHWc_1] Trial #109: GFLOPs: 83.4895. Time: 173.0839 us. Best GFLOPs: 312.9274
2024-05-21 04:54:11 [INFO] [task_scheduler.cc:131] [Task #41: fused_nn_contrib_conv2d_NCHWc_1] Trial #110: GFLOPs: 226.5422. Time: 63.7881 us. Best GFLOPs: 312.9274
2024-05-21 04:54:11 [INFO] [task_scheduler.cc:131] [Task #41: fused_nn_contrib_conv2d_NCHWc_1] Trial #111: GFLOPs: 186.8569. Time: 77.3356 us. Best GFLOPs: 312.9274
2024-05-21 04:54:11 [INFO] [task_scheduler.cc:131] [Task #41: fused_nn_contrib_conv2d_NCHWc_1] Trial #112: GFLOPs: 245.8062. Time: 58.7889 us. Best GFLOPs: 312.9274
2024-05-21 04:54:11 [INFO] [task_scheduler.cc:131] [Task #41: fused_nn_contrib_conv2d_NCHWc_1] Trial #113: GFLOPs: 94.6108. Time: 152.7383 us. Best GFLOPs: 312.9274
2024-05-21 04:54:11 [INFO] [task_scheduler.cc:131] [Task #41: fused_nn_contrib_conv2d_NCHWc_1] Trial #114: GFLOPs: 103.9048. Time: 139.0763 us. Best GFLOPs: 312.9274
2024-05-21 04:54:11 [INFO] [task_scheduler.cc:131] [Task #41: fused_nn_contrib_conv2d_NCHWc_1] Trial #115: GFLOPs: 58.3071. Time: 247.8375 us. Best GFLOPs: 312.9274
2024-05-21 04:54:11 [INFO] [task_scheduler.cc:131] [Task #41: fused_nn_contrib_conv2d_NCHWc_1] Trial #116: GFLOPs: 146.5639. Time: 98.5965 us. Best GFLOPs: 312.9274
2024-05-21 04:54:11 [INFO] [task_scheduler.cc:131] [Task #41: fused_nn_contrib_conv2d_NCHWc_1] Trial #117: GFLOPs: 146.8373. Time: 98.4129 us. Best GFLOPs: 312.9274
2024-05-21 04:54:11 [INFO] [task_scheduler.cc:131] [Task #41: fused_nn_contrib_conv2d_NCHWc_1] Trial #118: GFLOPs: 146.9513. Time: 98.3366 us. Best GFLOPs: 312.9274
2024-05-21 04:54:11 [INFO] [task_scheduler.cc:131] [Task #41: fused_nn_contrib_conv2d_NCHWc_1] Trial #119: GFLOPs: 42.9082. Time: 336.7817 us. Best GFLOPs: 312.9274
2024-05-21 04:54:11 [INFO] [task_scheduler.cc:131] [Task #41: fused_nn_contrib_conv2d_NCHWc_1] Trial #120: GFLOPs: 149.4303. Time: 96.7052 us. Best GFLOPs: 312.9274
2024-05-21 04:54:11 [INFO] [task_scheduler.cc:131] [Task #41: fused_nn_contrib_conv2d_NCHWc_1] Trial #121: GFLOPs: 32.4060. Time: 445.9261 us. Best GFLOPs: 312.9274
2024-05-21 04:54:11 [INFO] [task_scheduler.cc:131] [Task #41: fused_nn_contrib_conv2d_NCHWc_1] Trial #122: GFLOPs: 79.0022. Time: 182.9149 us. Best GFLOPs: 312.9274
2024-05-21 04:54:11 [INFO] [task_scheduler.cc:131] [Task #41: fused_nn_contrib_conv2d_NCHWc_1] Trial #123: GFLOPs: 38.0627. Time: 379.6548 us. Best GFLOPs: 312.9274
2024-05-21 04:54:11 [INFO] [task_scheduler.cc:131] [Task #41: fused_nn_contrib_conv2d_NCHWc_1] Trial #124: GFLOPs: 110.0162. Time: 131.3505 us. Best GFLOPs: 312.9274
2024-05-21 04:54:11 [INFO] [task_scheduler.cc:131] [Task #41: fused_nn_contrib_conv2d_NCHWc_1] Trial #125: GFLOPs: 119.9486. Time: 120.4740 us. Best GFLOPs: 312.9274
2024-05-21 04:54:11 [INFO] [task_scheduler.cc:131] [Task #41: fused_nn_contrib_conv2d_NCHWc_1] Trial #126: GFLOPs: 9.2209. Time: 1567.1597 us. Best GFLOPs: 312.9274
2024-05-21 04:54:11 [INFO] [task_scheduler.cc:131] [Task #41: fused_nn_contrib_conv2d_NCHWc_1] Trial #127: GFLOPs: 81.3302. Time: 177.6793 us. Best GFLOPs: 312.9274
2024-05-21 04:54:11 [INFO] [task_scheduler.cc:131] [Task #41: fused_nn_contrib_conv2d_NCHWc_1] Trial #128: GFLOPs: 79.7330. Time: 181.2385 us. Best GFLOPs: 312.9274
2024-05-21 05:12:18 [INFO] [evolutionary_search.cc:713] Generating candidates......
2024-05-21 05:12:19 [INFO] [evolutionary_search.cc:715] Picked top 102 candidate(s) from database
2024-05-21 05:12:20 [INFO] [evolutionary_search.cc:533] Sample-Init-Population summary:
Postproc #0 [meta_schedule.DisallowDynamicLoop(0x199b35a8)]: 0 failure(s)
Postproc #1 [meta_schedule.RewriteParallelVectorizeUnroll(0x20f093b8)]: 0 failure(s)
Postproc #2 [meta_schedule.RewriteReductionBlock(0x193e61b8)]: 0 failure(s)
Postproc #3 [meta_schedule.RewriteLayout(0x19a55048)]: 0 failure(s)
2024-05-21 05:12:20 [INFO] [evolutionary_search.cc:723] Sampled 410 candidate(s)
2024-05-21 05:12:23 [INFO] [evolutionary_search.cc:621] Evolve iter #0 done. Summary:
Postproc #0 [meta_schedule.DisallowDynamicLoop(0x199b35a8)]: 0 failure(s)
Postproc #1 [meta_schedule.RewriteParallelVectorizeUnroll(0x20f093b8)]: 0 failure(s)
Postproc #2 [meta_schedule.RewriteReductionBlock(0x193e61b8)]: 0 failure(s)
Postproc #3 [meta_schedule.RewriteLayout(0x19a55048)]: 0 failure(s)
2024-05-21 05:12:27 [INFO] [evolutionary_search.cc:621] Evolve iter #1 done. Summary:
Postproc #0 [meta_schedule.DisallowDynamicLoop(0x199b35a8)]: 0 failure(s)
Postproc #1 [meta_schedule.RewriteParallelVectorizeUnroll(0x20f093b8)]: 0 failure(s)
Postproc #2 [meta_schedule.RewriteReductionBlock(0x193e61b8)]: 0 failure(s)
Postproc #3 [meta_schedule.RewriteLayout(0x19a55048)]: 0 failure(s)
2024-05-21 05:12:30 [INFO] [evolutionary_search.cc:621] Evolve iter #2 done. Summary:
Postproc #0 [meta_schedule.DisallowDynamicLoop(0x199b35a8)]: 0 failure(s)
Postproc #1 [meta_schedule.RewriteParallelVectorizeUnroll(0x20f093b8)]: 0 failure(s)
Postproc #2 [meta_schedule.RewriteReductionBlock(0x193e61b8)]: 0 failure(s)
Postproc #3 [meta_schedule.RewriteLayout(0x19a55048)]: 0 failure(s)
2024-05-21 05:12:34 [INFO] [evolutionary_search.cc:621] Evolve iter #3 done. Summary:
Postproc #0 [meta_schedule.DisallowDynamicLoop(0x199b35a8)]: 0 failure(s)
Postproc #1 [meta_schedule.RewriteParallelVectorizeUnroll(0x20f093b8)]: 0 failure(s)
Postproc #2 [meta_schedule.RewriteReductionBlock(0x193e61b8)]: 0 failure(s)
Postproc #3 [meta_schedule.RewriteLayout(0x19a55048)]: 0 failure(s)
2024-05-21 05:12:36 [INFO] [evolutionary_search.cc:649] Scores of the best 64 candidates:
[1 : 16]:	0.7445  0.7265  0.7164  0.6965  0.6726  0.6705  0.6705  0.6705  0.6702  0.6685  0.6665  0.6605  0.6492  0.6474  0.6455  0.6380
[17 : 32]:	0.6266  0.6250  0.6167  0.6111  0.6106  0.6053  0.6021  0.6018  0.5991  0.5991  0.5972  0.5887  0.5844  0.5823  0.5783  0.5776
[33 : 48]:	0.5771  0.5761  0.5761  0.5760  0.5750  0.5706  0.5684  0.5669  0.5661  0.5649  0.5604  0.5603  0.5574  0.5564  0.5562  0.5554
[49 : 64]:	0.5543  0.5524  0.5478  0.5460  0.5427  0.5427  0.5421  0.5415  0.5396  0.5381  0.5375  0.5368  0.5355  0.5353  0.5337  0.5337
2024-05-21 05:12:36 [INFO] [evolutionary_search.cc:727] Got 64 candidate(s) with evolutionary search
2024-05-21 05:12:36 [INFO] [evolutionary_search.cc:730] Sending 64 candidates(s) for measurement
2024-05-21 05:14:07 [INFO] [task_scheduler.cc:131] [Task #41: fused_nn_contrib_conv2d_NCHWc_1] Trial #129: GFLOPs: 108.3329. Time: 133.3915 us. Best GFLOPs: 312.9274
2024-05-21 05:14:07 [INFO] [task_scheduler.cc:131] [Task #41: fused_nn_contrib_conv2d_NCHWc_1] Trial #130: GFLOPs: 138.9464. Time: 104.0019 us. Best GFLOPs: 312.9274
2024-05-21 05:14:07 [INFO] [task_scheduler.cc:131] [Task #41: fused_nn_contrib_conv2d_NCHWc_1] Trial #131: GFLOPs: 112.4803. Time: 128.4730 us. Best GFLOPs: 312.9274
2024-05-21 05:14:07 [INFO] [task_scheduler.cc:131] [Task #41: fused_nn_contrib_conv2d_NCHWc_1] Trial #132: GFLOPs: 97.8173. Time: 147.7314 us. Best GFLOPs: 312.9274
2024-05-21 05:14:07 [INFO] [task_scheduler.cc:131] [Task #41: fused_nn_contrib_conv2d_NCHWc_1] Trial #133: GFLOPs: 145.8606. Time: 99.0719 us. Best GFLOPs: 312.9274
2024-05-21 05:14:07 [INFO] [task_scheduler.cc:131] [Task #41: fused_nn_contrib_conv2d_NCHWc_1] Trial #134: GFLOPs: 116.1699. Time: 124.3927 us. Best GFLOPs: 312.9274
2024-05-21 05:14:07 [INFO] [task_scheduler.cc:131] [Task #41: fused_nn_contrib_conv2d_NCHWc_1] Trial #135: GFLOPs: 112.2892. Time: 128.6917 us. Best GFLOPs: 312.9274
2024-05-21 05:14:07 [INFO] [task_scheduler.cc:131] [Task #41: fused_nn_contrib_conv2d_NCHWc_1] Trial #136: GFLOPs: 123.7656. Time: 116.7585 us. Best GFLOPs: 312.9274
2024-05-21 05:14:07 [INFO] [task_scheduler.cc:131] [Task #41: fused_nn_contrib_conv2d_NCHWc_1] Trial #137: GFLOPs: 167.6746. Time: 86.1829 us. Best GFLOPs: 312.9274
2024-05-21 05:14:07 [INFO] [task_scheduler.cc:131] [Task #41: fused_nn_contrib_conv2d_NCHWc_1] Trial #138: GFLOPs: 99.8106. Time: 144.7811 us. Best GFLOPs: 312.9274
2024-05-21 05:14:07 [INFO] [task_scheduler.cc:131] [Task #41: fused_nn_contrib_conv2d_NCHWc_1] Trial #139: GFLOPs: 98.8752. Time: 146.1507 us. Best GFLOPs: 312.9274
2024-05-21 05:14:07 [INFO] [task_scheduler.cc:131] [Task #41: fused_nn_contrib_conv2d_NCHWc_1] Trial #140: GFLOPs: 101.5076. Time: 142.3607 us. Best GFLOPs: 312.9274
2024-05-21 05:14:07 [INFO] [task_scheduler.cc:131] [Task #41: fused_nn_contrib_conv2d_NCHWc_1] Trial #141: GFLOPs: 163.7819. Time: 88.2313 us. Best GFLOPs: 312.9274
2024-05-21 05:14:07 [INFO] [task_scheduler.cc:131] [Task #41: fused_nn_contrib_conv2d_NCHWc_1] Trial #142: GFLOPs: 115.6454. Time: 124.9569 us. Best GFLOPs: 312.9274
2024-05-21 05:14:07 [INFO] [task_scheduler.cc:131] [Task #41: fused_nn_contrib_conv2d_NCHWc_1] Trial #143: GFLOPs: 162.7757. Time: 88.7767 us. Best GFLOPs: 312.9274
2024-05-21 05:14:07 [INFO] [task_scheduler.cc:131] [Task #41: fused_nn_contrib_conv2d_NCHWc_1] Trial #144: GFLOPs: 78.4711. Time: 184.1529 us. Best GFLOPs: 312.9274
2024-05-21 05:14:07 [INFO] [task_scheduler.cc:131] [Task #41: fused_nn_contrib_conv2d_NCHWc_1] Trial #145: GFLOPs: 81.6811. Time: 176.9158 us. Best GFLOPs: 312.9274
2024-05-21 05:14:07 [INFO] [task_scheduler.cc:131] [Task #41: fused_nn_contrib_conv2d_NCHWc_1] Trial #146: GFLOPs: 64.6906. Time: 223.3817 us. Best GFLOPs: 312.9274
2024-05-21 05:14:07 [INFO] [task_scheduler.cc:131] [Task #41: fused_nn_contrib_conv2d_NCHWc_1] Trial #147: GFLOPs: 186.9800. Time: 77.2847 us. Best GFLOPs: 312.9274
2024-05-21 05:14:07 [INFO] [task_scheduler.cc:131] [Task #41: fused_nn_contrib_conv2d_NCHWc_1] Trial #148: GFLOPs: 117.4537. Time: 123.0330 us. Best GFLOPs: 312.9274
2024-05-21 05:14:07 [INFO] [task_scheduler.cc:131] [Task #41: fused_nn_contrib_conv2d_NCHWc_1] Trial #149: GFLOPs: 148.5466. Time: 97.2805 us. Best GFLOPs: 312.9274
2024-05-21 05:14:07 [INFO] [task_scheduler.cc:131] [Task #41: fused_nn_contrib_conv2d_NCHWc_1] Trial #150: GFLOPs: 63.3153. Time: 228.2339 us. Best GFLOPs: 312.9274
2024-05-21 05:14:07 [INFO] [task_scheduler.cc:131] [Task #41: fused_nn_contrib_conv2d_NCHWc_1] Trial #151: GFLOPs: 111.5296. Time: 129.5681 us. Best GFLOPs: 312.9274
2024-05-21 05:14:07 [INFO] [task_scheduler.cc:131] [Task #41: fused_nn_contrib_conv2d_NCHWc_1] Trial #152: GFLOPs: 158.8003. Time: 90.9991 us. Best GFLOPs: 312.9274
2024-05-21 05:14:07 [INFO] [task_scheduler.cc:131] [Task #41: fused_nn_contrib_conv2d_NCHWc_1] Trial #153: GFLOPs: 149.9704. Time: 96.3569 us. Best GFLOPs: 312.9274
2024-05-21 05:14:07 [INFO] [task_scheduler.cc:131] [Task #41: fused_nn_contrib_conv2d_NCHWc_1] Trial #154: GFLOPs: 132.7702. Time: 108.8399 us. Best GFLOPs: 312.9274
2024-05-21 05:14:07 [INFO] [task_scheduler.cc:131] [Task #41: fused_nn_contrib_conv2d_NCHWc_1] Trial #155: GFLOPs: 155.2039. Time: 93.1078 us. Best GFLOPs: 312.9274
2024-05-21 05:14:07 [INFO] [task_scheduler.cc:131] [Task #41: fused_nn_contrib_conv2d_NCHWc_1] Trial #156: GFLOPs: 180.5202. Time: 80.0502 us. Best GFLOPs: 312.9274
2024-05-21 05:14:07 [INFO] [task_scheduler.cc:131] [Task #41: fused_nn_contrib_conv2d_NCHWc_1] Trial #157: GFLOPs: 158.6152. Time: 91.1053 us. Best GFLOPs: 312.9274
2024-05-21 05:14:07 [INFO] [task_scheduler.cc:131] [Task #41: fused_nn_contrib_conv2d_NCHWc_1] Trial #158: GFLOPs: 102.7351. Time: 140.6597 us. Best GFLOPs: 312.9274
2024-05-21 05:14:07 [INFO] [task_scheduler.cc:131] [Task #41: fused_nn_contrib_conv2d_NCHWc_1] Trial #159: GFLOPs: 130.8206. Time: 110.4619 us. Best GFLOPs: 312.9274
2024-05-21 05:14:07 [INFO] [task_scheduler.cc:131] [Task #41: fused_nn_contrib_conv2d_NCHWc_1] Trial #160: GFLOPs: 115.0635. Time: 125.5888 us. Best GFLOPs: 312.9274
2024-05-21 05:14:07 [INFO] [task_scheduler.cc:131] [Task #41: fused_nn_contrib_conv2d_NCHWc_1] Trial #161: GFLOPs: 104.5268. Time: 138.2487 us. Best GFLOPs: 312.9274
2024-05-21 05:14:07 [INFO] [task_scheduler.cc:131] [Task #41: fused_nn_contrib_conv2d_NCHWc_1] Trial #162: GFLOPs: 103.3096. Time: 139.8775 us. Best GFLOPs: 312.9274
2024-05-21 05:14:07 [INFO] [task_scheduler.cc:131] [Task #41: fused_nn_contrib_conv2d_NCHWc_1] Trial #163: GFLOPs: 98.7076. Time: 146.3990 us. Best GFLOPs: 312.9274
2024-05-21 05:14:07 [INFO] [task_scheduler.cc:131] [Task #41: fused_nn_contrib_conv2d_NCHWc_1] Trial #164: GFLOPs: 55.1187. Time: 262.1741 us. Best GFLOPs: 312.9274
2024-05-21 05:14:07 [INFO] [task_scheduler.cc:131] [Task #41: fused_nn_contrib_conv2d_NCHWc_1] Trial #165: GFLOPs: 145.5408. Time: 99.2896 us. Best GFLOPs: 312.9274
2024-05-21 05:14:07 [INFO] [task_scheduler.cc:131] [Task #41: fused_nn_contrib_conv2d_NCHWc_1] Trial #166: GFLOPs: 167.2928. Time: 86.3796 us. Best GFLOPs: 312.9274
2024-05-21 05:14:07 [INFO] [task_scheduler.cc:131] [Task #41: fused_nn_contrib_conv2d_NCHWc_1] Trial #167: GFLOPs: 143.7852. Time: 100.5019 us. Best GFLOPs: 312.9274
2024-05-21 05:14:07 [INFO] [task_scheduler.cc:131] [Task #41: fused_nn_contrib_conv2d_NCHWc_1] Trial #168: GFLOPs: 109.1424. Time: 132.4021 us. Best GFLOPs: 312.9274
2024-05-21 05:14:07 [INFO] [task_scheduler.cc:131] [Task #41: fused_nn_contrib_conv2d_NCHWc_1] Trial #169: GFLOPs: 90.0813. Time: 160.4183 us. Best GFLOPs: 312.9274
2024-05-21 05:14:07 [INFO] [task_scheduler.cc:131] [Task #41: fused_nn_contrib_conv2d_NCHWc_1] Trial #170: GFLOPs: 129.2163. Time: 111.8333 us. Best GFLOPs: 312.9274
2024-05-21 05:14:07 [INFO] [task_scheduler.cc:131] [Task #41: fused_nn_contrib_conv2d_NCHWc_1] Trial #171: GFLOPs: 153.8770. Time: 93.9107 us. Best GFLOPs: 312.9274
2024-05-21 05:14:07 [INFO] [task_scheduler.cc:131] [Task #41: fused_nn_contrib_conv2d_NCHWc_1] Trial #172: GFLOPs: 112.3176. Time: 128.6591 us. Best GFLOPs: 312.9274
2024-05-21 05:14:07 [INFO] [task_scheduler.cc:131] [Task #41: fused_nn_contrib_conv2d_NCHWc_1] Trial #173: GFLOPs: 100.6292. Time: 143.6034 us. Best GFLOPs: 312.9274
2024-05-21 05:14:07 [INFO] [task_scheduler.cc:131] [Task #41: fused_nn_contrib_conv2d_NCHWc_1] Trial #174: GFLOPs: 108.7991. Time: 132.8200 us. Best GFLOPs: 312.9274
2024-05-21 05:14:07 [INFO] [task_scheduler.cc:131] [Task #41: fused_nn_contrib_conv2d_NCHWc_1] Trial #175: GFLOPs: 107.0027. Time: 135.0498 us. Best GFLOPs: 312.9274
2024-05-21 05:14:07 [INFO] [task_scheduler.cc:131] [Task #41: fused_nn_contrib_conv2d_NCHWc_1] Trial #176: GFLOPs: 72.6001. Time: 199.0450 us. Best GFLOPs: 312.9274
2024-05-21 05:14:07 [INFO] [task_scheduler.cc:131] [Task #41: fused_nn_contrib_conv2d_NCHWc_1] Trial #177: GFLOPs: 94.3923. Time: 153.0918 us. Best GFLOPs: 312.9274
2024-05-21 05:14:07 [INFO] [task_scheduler.cc:131] [Task #41: fused_nn_contrib_conv2d_NCHWc_1] Trial #178: GFLOPs: 108.9974. Time: 132.5783 us. Best GFLOPs: 312.9274
2024-05-21 05:14:07 [INFO] [task_scheduler.cc:131] [Task #41: fused_nn_contrib_conv2d_NCHWc_1] Trial #179: GFLOPs: 101.2961. Time: 142.6578 us. Best GFLOPs: 312.9274
2024-05-21 05:14:07 [INFO] [task_scheduler.cc:131] [Task #41: fused_nn_contrib_conv2d_NCHWc_1] Trial #180: GFLOPs: 145.4409. Time: 99.3578 us. Best GFLOPs: 312.9274
2024-05-21 05:14:07 [INFO] [task_scheduler.cc:131] [Task #41: fused_nn_contrib_conv2d_NCHWc_1] Trial #181: GFLOPs: 86.4262. Time: 167.2026 us. Best GFLOPs: 312.9274
2024-05-21 05:14:07 [INFO] [task_scheduler.cc:131] [Task #41: fused_nn_contrib_conv2d_NCHWc_1] Trial #182: GFLOPs: 109.3249. Time: 132.1811 us. Best GFLOPs: 312.9274
2024-05-21 05:14:07 [INFO] [task_scheduler.cc:131] [Task #41: fused_nn_contrib_conv2d_NCHWc_1] Trial #183: GFLOPs: 158.4688. Time: 91.1895 us. Best GFLOPs: 312.9274
2024-05-21 05:14:07 [INFO] [task_scheduler.cc:131] [Task #41: fused_nn_contrib_conv2d_NCHWc_1] Trial #184: GFLOPs: 100.2522. Time: 144.1433 us. Best GFLOPs: 312.9274
2024-05-21 05:14:07 [INFO] [task_scheduler.cc:131] [Task #41: fused_nn_contrib_conv2d_NCHWc_1] Trial #185: GFLOPs: 97.5550. Time: 148.1287 us. Best GFLOPs: 312.9274
2024-05-21 05:14:07 [INFO] [task_scheduler.cc:131] [Task #41: fused_nn_contrib_conv2d_NCHWc_1] Trial #186: GFLOPs: 104.9293. Time: 137.7183 us. Best GFLOPs: 312.9274
2024-05-21 05:14:07 [INFO] [task_scheduler.cc:131] [Task #41: fused_nn_contrib_conv2d_NCHWc_1] Trial #187: GFLOPs: 92.7203. Time: 155.8525 us. Best GFLOPs: 312.9274
2024-05-21 05:14:07 [INFO] [task_scheduler.cc:131] [Task #41: fused_nn_contrib_conv2d_NCHWc_1] Trial #188: GFLOPs: 102.2294. Time: 141.3556 us. Best GFLOPs: 312.9274
2024-05-21 05:14:07 [INFO] [task_scheduler.cc:131] [Task #41: fused_nn_contrib_conv2d_NCHWc_1] Trial #189: GFLOPs: 103.8091. Time: 139.2045 us. Best GFLOPs: 312.9274
2024-05-21 05:14:07 [INFO] [task_scheduler.cc:131] [Task #41: fused_nn_contrib_conv2d_NCHWc_1] Trial #190: GFLOPs: 33.4707. Time: 431.7412 us. Best GFLOPs: 312.9274
2024-05-21 05:14:07 [INFO] [task_scheduler.cc:131] [Task #41: fused_nn_contrib_conv2d_NCHWc_1] Trial #191: GFLOPs: 14.6979. Time: 983.1820 us. Best GFLOPs: 312.9274
2024-05-21 05:14:07 [INFO] [task_scheduler.cc:131] [Task #41: fused_nn_contrib_conv2d_NCHWc_1] Trial #192: GFLOPs: 111.0701. Time: 130.1042 us. Best GFLOPs: 312.9274
2024-05-21 05:34:23 [INFO] [evolutionary_search.cc:713] Generating candidates......
2024-05-21 05:34:23 [INFO] [evolutionary_search.cc:715] Picked top 102 candidate(s) from database
2024-05-21 05:34:25 [INFO] [evolutionary_search.cc:533] Sample-Init-Population summary:
Postproc #0 [meta_schedule.DisallowDynamicLoop(0x199b35a8)]: 0 failure(s)
Postproc #1 [meta_schedule.RewriteParallelVectorizeUnroll(0x20f093b8)]: 0 failure(s)
Postproc #2 [meta_schedule.RewriteReductionBlock(0x193e61b8)]: 0 failure(s)
Postproc #3 [meta_schedule.RewriteLayout(0x19a55048)]: 0 failure(s)
2024-05-21 05:34:25 [INFO] [evolutionary_search.cc:723] Sampled 410 candidate(s)
2024-05-21 05:34:28 [INFO] [evolutionary_search.cc:621] Evolve iter #0 done. Summary:
Postproc #0 [meta_schedule.DisallowDynamicLoop(0x199b35a8)]: 0 failure(s)
Postproc #1 [meta_schedule.RewriteParallelVectorizeUnroll(0x20f093b8)]: 0 failure(s)
Postproc #2 [meta_schedule.RewriteReductionBlock(0x193e61b8)]: 0 failure(s)
Postproc #3 [meta_schedule.RewriteLayout(0x19a55048)]: 0 failure(s)
2024-05-21 05:34:32 [INFO] [evolutionary_search.cc:621] Evolve iter #1 done. Summary:
Postproc #0 [meta_schedule.DisallowDynamicLoop(0x199b35a8)]: 0 failure(s)
Postproc #1 [meta_schedule.RewriteParallelVectorizeUnroll(0x20f093b8)]: 0 failure(s)
Postproc #2 [meta_schedule.RewriteReductionBlock(0x193e61b8)]: 0 failure(s)
Postproc #3 [meta_schedule.RewriteLayout(0x19a55048)]: 0 failure(s)
2024-05-21 05:34:35 [INFO] [evolutionary_search.cc:621] Evolve iter #2 done. Summary:
Postproc #0 [meta_schedule.DisallowDynamicLoop(0x199b35a8)]: 0 failure(s)
Postproc #1 [meta_schedule.RewriteParallelVectorizeUnroll(0x20f093b8)]: 0 failure(s)
Postproc #2 [meta_schedule.RewriteReductionBlock(0x193e61b8)]: 0 failure(s)
Postproc #3 [meta_schedule.RewriteLayout(0x19a55048)]: 0 failure(s)
2024-05-21 05:34:39 [INFO] [evolutionary_search.cc:621] Evolve iter #3 done. Summary:
Postproc #0 [meta_schedule.DisallowDynamicLoop(0x199b35a8)]: 0 failure(s)
Postproc #1 [meta_schedule.RewriteParallelVectorizeUnroll(0x20f093b8)]: 0 failure(s)
Postproc #2 [meta_schedule.RewriteReductionBlock(0x193e61b8)]: 0 failure(s)
Postproc #3 [meta_schedule.RewriteLayout(0x19a55048)]: 0 failure(s)
2024-05-21 05:34:41 [INFO] [evolutionary_search.cc:649] Scores of the best 64 candidates:
[1 : 16]:	0.9726  0.9577  0.9456  0.9199  0.9175  0.9145  0.9021  0.8977  0.8940  0.8540  0.8237  0.8181  0.7758  0.7719  0.7700  0.7528
[17 : 32]:	0.7528  0.7446  0.7445  0.7432  0.7288  0.7288  0.7278  0.7271  0.7269  0.7269  0.7194  0.7140  0.7111  0.7109  0.7064  0.7024
[33 : 48]:	0.7007  0.6921  0.6917  0.6903  0.6801  0.6743  0.6741  0.6690  0.6672  0.6665  0.6665  0.6620  0.6604  0.6567  0.6557  0.6550
[49 : 64]:	0.6540  0.6511  0.6507  0.6506  0.6501  0.6484  0.6474  0.6465  0.6426  0.6412  0.6409  0.6401  0.6400  0.6385  0.6382  0.6382
2024-05-21 05:34:41 [INFO] [evolutionary_search.cc:727] Got 64 candidate(s) with evolutionary search
2024-05-21 05:34:41 [INFO] [evolutionary_search.cc:730] Sending 64 candidates(s) for measurement
2024-05-21 05:36:20 [INFO] [task_scheduler.cc:131] [Task #41: fused_nn_contrib_conv2d_NCHWc_1] Trial #193: GFLOPs: 179.0248. Time: 80.7189 us. Best GFLOPs: 312.9274
2024-05-21 05:36:20 [INFO] [task_scheduler.cc:131] [Task #41: fused_nn_contrib_conv2d_NCHWc_1] Trial #194: GFLOPs: 205.2227. Time: 70.4147 us. Best GFLOPs: 312.9274
2024-05-21 05:36:20 [INFO] [task_scheduler.cc:131] [Task #41: fused_nn_contrib_conv2d_NCHWc_1] Trial #195: GFLOPs: 164.4924. Time: 87.8502 us. Best GFLOPs: 312.9274
2024-05-21 05:36:20 [INFO] [task_scheduler.cc:131] [Task #41: fused_nn_contrib_conv2d_NCHWc_1] Trial #196: GFLOPs: 178.0344. Time: 81.1679 us. Best GFLOPs: 312.9274
2024-05-21 05:36:20 [INFO] [task_scheduler.cc:131] [Task #41: fused_nn_contrib_conv2d_NCHWc_1] Trial #197: GFLOPs: 177.9861. Time: 81.1900 us. Best GFLOPs: 312.9274
2024-05-21 05:36:20 [INFO] [task_scheduler.cc:131] [Task #41: fused_nn_contrib_conv2d_NCHWc_1] Trial #198: GFLOPs: 193.3501. Time: 74.7384 us. Best GFLOPs: 312.9274
2024-05-21 05:36:20 [INFO] [task_scheduler.cc:131] [Task #41: fused_nn_contrib_conv2d_NCHWc_1] Trial #199: GFLOPs: 191.7387. Time: 75.3666 us. Best GFLOPs: 312.9274
2024-05-21 05:36:20 [INFO] [task_scheduler.cc:131] [Task #41: fused_nn_contrib_conv2d_NCHWc_1] Trial #200: GFLOPs: 167.7323. Time: 86.1533 us. Best GFLOPs: 312.9274
2024-05-21 05:36:20 [INFO] [task_scheduler.cc:131] [Task #41: fused_nn_contrib_conv2d_NCHWc_1] Trial #201: GFLOPs: 166.7765. Time: 86.6470 us. Best GFLOPs: 312.9274
2024-05-21 05:36:20 [INFO] [task_scheduler.cc:131] [Task #41: fused_nn_contrib_conv2d_NCHWc_1] Trial #202: GFLOPs: 166.7745. Time: 86.6480 us. Best GFLOPs: 312.9274
2024-05-21 05:36:20 [INFO] [task_scheduler.cc:131] [Task #41: fused_nn_contrib_conv2d_NCHWc_1] Trial #203: GFLOPs: 188.1308. Time: 76.8119 us. Best GFLOPs: 312.9274
2024-05-21 05:36:20 [INFO] [task_scheduler.cc:131] [Task #41: fused_nn_contrib_conv2d_NCHWc_1] Trial #204: GFLOPs: 192.2154. Time: 75.1797 us. Best GFLOPs: 312.9274
2024-05-21 05:36:20 [INFO] [task_scheduler.cc:131] [Task #41: fused_nn_contrib_conv2d_NCHWc_1] Trial #205: GFLOPs: 122.2775. Time: 118.1794 us. Best GFLOPs: 312.9274
2024-05-21 05:36:20 [INFO] [task_scheduler.cc:131] [Task #41: fused_nn_contrib_conv2d_NCHWc_1] Trial #206: GFLOPs: 79.0232. Time: 182.8664 us. Best GFLOPs: 312.9274
2024-05-21 05:36:20 [INFO] [task_scheduler.cc:131] [Task #41: fused_nn_contrib_conv2d_NCHWc_1] Trial #207: GFLOPs: 164.5523. Time: 87.8182 us. Best GFLOPs: 312.9274
2024-05-21 05:36:20 [INFO] [task_scheduler.cc:131] [Task #41: fused_nn_contrib_conv2d_NCHWc_1] Trial #208: GFLOPs: 164.2375. Time: 87.9865 us. Best GFLOPs: 312.9274
2024-05-21 05:36:20 [INFO] [task_scheduler.cc:131] [Task #41: fused_nn_contrib_conv2d_NCHWc_1] Trial #209: GFLOPs: 163.8768. Time: 88.1802 us. Best GFLOPs: 312.9274
2024-05-21 05:36:20 [INFO] [task_scheduler.cc:131] [Task #41: fused_nn_contrib_conv2d_NCHWc_1] Trial #210: GFLOPs: 185.3181. Time: 77.9777 us. Best GFLOPs: 312.9274
2024-05-21 05:36:20 [INFO] [task_scheduler.cc:131] [Task #41: fused_nn_contrib_conv2d_NCHWc_1] Trial #211: GFLOPs: 96.0776. Time: 150.4064 us. Best GFLOPs: 312.9274
2024-05-21 05:36:20 [INFO] [task_scheduler.cc:131] [Task #41: fused_nn_contrib_conv2d_NCHWc_1] Trial #212: GFLOPs: 204.9172. Time: 70.5196 us. Best GFLOPs: 312.9274
2024-05-21 05:36:20 [INFO] [task_scheduler.cc:131] [Task #41: fused_nn_contrib_conv2d_NCHWc_1] Trial #213: GFLOPs: 138.0385. Time: 104.6859 us. Best GFLOPs: 312.9274
2024-05-21 05:36:20 [INFO] [task_scheduler.cc:131] [Task #41: fused_nn_contrib_conv2d_NCHWc_1] Trial #214: GFLOPs: 146.0696. Time: 98.9302 us. Best GFLOPs: 312.9274
2024-05-21 05:36:20 [INFO] [task_scheduler.cc:131] [Task #41: fused_nn_contrib_conv2d_NCHWc_1] Trial #215: GFLOPs: 136.9370. Time: 105.5280 us. Best GFLOPs: 312.9274
2024-05-21 05:36:20 [INFO] [task_scheduler.cc:131] [Task #41: fused_nn_contrib_conv2d_NCHWc_1] Trial #216: GFLOPs: 165.4770. Time: 87.3275 us. Best GFLOPs: 312.9274
2024-05-21 05:36:20 [INFO] [task_scheduler.cc:131] [Task #41: fused_nn_contrib_conv2d_NCHWc_1] Trial #217: GFLOPs: 81.0365. Time: 178.3233 us. Best GFLOPs: 312.9274
2024-05-21 05:36:20 [INFO] [task_scheduler.cc:131] [Task #41: fused_nn_contrib_conv2d_NCHWc_1] Trial #218: GFLOPs: 80.7872. Time: 178.8736 us. Best GFLOPs: 312.9274
2024-05-21 05:36:20 [INFO] [task_scheduler.cc:131] [Task #41: fused_nn_contrib_conv2d_NCHWc_1] Trial #219: GFLOPs: 114.1451. Time: 126.5993 us. Best GFLOPs: 312.9274
2024-05-21 05:36:20 [INFO] [task_scheduler.cc:131] [Task #41: fused_nn_contrib_conv2d_NCHWc_1] Trial #220: GFLOPs: 168.2926. Time: 85.8665 us. Best GFLOPs: 312.9274
2024-05-21 05:36:20 [INFO] [task_scheduler.cc:131] [Task #41: fused_nn_contrib_conv2d_NCHWc_1] Trial #221: GFLOPs: 157.2825. Time: 91.8773 us. Best GFLOPs: 312.9274
2024-05-21 05:36:20 [INFO] [task_scheduler.cc:131] [Task #41: fused_nn_contrib_conv2d_NCHWc_1] Trial #222: GFLOPs: 103.5780. Time: 139.5151 us. Best GFLOPs: 312.9274
2024-05-21 05:36:20 [INFO] [task_scheduler.cc:131] [Task #41: fused_nn_contrib_conv2d_NCHWc_1] Trial #223: GFLOPs: 114.3825. Time: 126.3366 us. Best GFLOPs: 312.9274
2024-05-21 05:36:20 [INFO] [task_scheduler.cc:131] [Task #41: fused_nn_contrib_conv2d_NCHWc_1] Trial #224: GFLOPs: 162.0234. Time: 89.1889 us. Best GFLOPs: 312.9274
2024-05-21 05:36:20 [INFO] [task_scheduler.cc:131] [Task #41: fused_nn_contrib_conv2d_NCHWc_1] Trial #225: GFLOPs: 60.7749. Time: 237.7739 us. Best GFLOPs: 312.9274
2024-05-21 05:36:20 [INFO] [task_scheduler.cc:131] [Task #41: fused_nn_contrib_conv2d_NCHWc_1] Trial #226: GFLOPs: 66.1605. Time: 218.4188 us. Best GFLOPs: 312.9274
2024-05-21 05:36:20 [INFO] [task_scheduler.cc:131] [Task #41: fused_nn_contrib_conv2d_NCHWc_1] Trial #227: GFLOPs: 102.1332. Time: 141.4886 us. Best GFLOPs: 312.9274
2024-05-21 05:36:20 [INFO] [task_scheduler.cc:131] [Task #41: fused_nn_contrib_conv2d_NCHWc_1] Trial #228: GFLOPs: 112.4813. Time: 128.4719 us. Best GFLOPs: 312.9274
2024-05-21 05:36:20 [INFO] [task_scheduler.cc:131] [Task #41: fused_nn_contrib_conv2d_NCHWc_1] Trial #229: GFLOPs: 131.1289. Time: 110.2022 us. Best GFLOPs: 312.9274
2024-05-21 05:36:20 [INFO] [task_scheduler.cc:131] [Task #41: fused_nn_contrib_conv2d_NCHWc_1] Trial #230: GFLOPs: 28.5088. Time: 506.8859 us. Best GFLOPs: 312.9274
2024-05-21 05:36:20 [INFO] [task_scheduler.cc:131] [Task #41: fused_nn_contrib_conv2d_NCHWc_1] Trial #231: GFLOPs: 113.9957. Time: 126.7652 us. Best GFLOPs: 312.9274
2024-05-21 05:36:20 [INFO] [task_scheduler.cc:131] [Task #41: fused_nn_contrib_conv2d_NCHWc_1] Trial #232: GFLOPs: 145.9776. Time: 98.9925 us. Best GFLOPs: 312.9274
2024-05-21 05:36:20 [INFO] [task_scheduler.cc:131] [Task #41: fused_nn_contrib_conv2d_NCHWc_1] Trial #233: GFLOPs: 137.6235. Time: 105.0016 us. Best GFLOPs: 312.9274
2024-05-21 05:36:20 [INFO] [task_scheduler.cc:131] [Task #41: fused_nn_contrib_conv2d_NCHWc_1] Trial #234: GFLOPs: 74.9287. Time: 192.8591 us. Best GFLOPs: 312.9274
2024-05-21 05:36:20 [INFO] [task_scheduler.cc:131] [Task #41: fused_nn_contrib_conv2d_NCHWc_1] Trial #235: GFLOPs: 74.5468. Time: 193.8472 us. Best GFLOPs: 312.9274
2024-05-21 05:36:20 [INFO] [task_scheduler.cc:131] [Task #41: fused_nn_contrib_conv2d_NCHWc_1] Trial #236: GFLOPs: 193.1692. Time: 74.8084 us. Best GFLOPs: 312.9274
2024-05-21 05:36:20 [INFO] [task_scheduler.cc:131] [Task #41: fused_nn_contrib_conv2d_NCHWc_1] Trial #237: GFLOPs: 133.0852. Time: 108.5822 us. Best GFLOPs: 312.9274
2024-05-21 05:36:20 [INFO] [task_scheduler.cc:131] [Task #41: fused_nn_contrib_conv2d_NCHWc_1] Trial #238: GFLOPs: 217.4219. Time: 66.4638 us. Best GFLOPs: 312.9274
2024-05-21 05:36:20 [INFO] [task_scheduler.cc:131] [Task #41: fused_nn_contrib_conv2d_NCHWc_1] Trial #239: GFLOPs: 117.2219. Time: 123.2763 us. Best GFLOPs: 312.9274
2024-05-21 05:36:20 [INFO] [task_scheduler.cc:131] [Task #41: fused_nn_contrib_conv2d_NCHWc_1] Trial #240: GFLOPs: 176.0296. Time: 82.0924 us. Best GFLOPs: 312.9274
2024-05-21 05:36:20 [INFO] [task_scheduler.cc:131] [Task #41: fused_nn_contrib_conv2d_NCHWc_1] Trial #241: GFLOPs: 184.8052. Time: 78.1942 us. Best GFLOPs: 312.9274
2024-05-21 05:36:20 [INFO] [task_scheduler.cc:131] [Task #41: fused_nn_contrib_conv2d_NCHWc_1] Trial #242: GFLOPs: 155.5724. Time: 92.8872 us. Best GFLOPs: 312.9274
2024-05-21 05:36:20 [INFO] [task_scheduler.cc:131] [Task #41: fused_nn_contrib_conv2d_NCHWc_1] Trial #243: GFLOPs: 96.1651. Time: 150.2696 us. Best GFLOPs: 312.9274
2024-05-21 05:36:20 [INFO] [task_scheduler.cc:131] [Task #41: fused_nn_contrib_conv2d_NCHWc_1] Trial #244: GFLOPs: 51.7100. Time: 279.4566 us. Best GFLOPs: 312.9274
2024-05-21 05:36:20 [INFO] [task_scheduler.cc:131] [Task #41: fused_nn_contrib_conv2d_NCHWc_1] Trial #245: GFLOPs: 78.3836. Time: 184.3587 us. Best GFLOPs: 312.9274
2024-05-21 05:36:20 [INFO] [task_scheduler.cc:131] [Task #41: fused_nn_contrib_conv2d_NCHWc_1] Trial #246: GFLOPs: 112.7798. Time: 128.1319 us. Best GFLOPs: 312.9274
2024-05-21 05:36:20 [INFO] [task_scheduler.cc:131] [Task #41: fused_nn_contrib_conv2d_NCHWc_1] Trial #247: GFLOPs: 79.7351. Time: 181.2337 us. Best GFLOPs: 312.9274
2024-05-21 05:36:20 [INFO] [task_scheduler.cc:131] [Task #41: fused_nn_contrib_conv2d_NCHWc_1] Trial #248: GFLOPs: 68.3568. Time: 211.4010 us. Best GFLOPs: 312.9274
2024-05-21 05:36:20 [INFO] [task_scheduler.cc:131] [Task #41: fused_nn_contrib_conv2d_NCHWc_1] Trial #249: GFLOPs: 112.4582. Time: 128.4983 us. Best GFLOPs: 312.9274
2024-05-21 05:36:20 [INFO] [task_scheduler.cc:131] [Task #41: fused_nn_contrib_conv2d_NCHWc_1] Trial #250: GFLOPs: 168.7746. Time: 85.6212 us. Best GFLOPs: 312.9274
2024-05-21 05:36:20 [INFO] [task_scheduler.cc:131] [Task #41: fused_nn_contrib_conv2d_NCHWc_1] Trial #251: GFLOPs: 167.7622. Time: 86.1379 us. Best GFLOPs: 312.9274
2024-05-21 05:36:20 [INFO] [task_scheduler.cc:131] [Task #41: fused_nn_contrib_conv2d_NCHWc_1] Trial #252: GFLOPs: 143.7178. Time: 100.5491 us. Best GFLOPs: 312.9274
2024-05-21 05:36:20 [INFO] [task_scheduler.cc:131] [Task #41: fused_nn_contrib_conv2d_NCHWc_1] Trial #253: GFLOPs: 156.3804. Time: 92.4073 us. Best GFLOPs: 312.9274
2024-05-21 05:36:20 [INFO] [task_scheduler.cc:131] [Task #41: fused_nn_contrib_conv2d_NCHWc_1] Trial #254: GFLOPs: 16.6006. Time: 870.4904 us. Best GFLOPs: 312.9274
2024-05-21 05:36:20 [INFO] [task_scheduler.cc:131] [Task #41: fused_nn_contrib_conv2d_NCHWc_1] Trial #255: GFLOPs: 39.1466. Time: 369.1426 us. Best GFLOPs: 312.9274
2024-05-21 05:36:20 [INFO] [task_scheduler.cc:131] [Task #41: fused_nn_contrib_conv2d_NCHWc_1] Trial #256: GFLOPs: 33.0576. Time: 437.1367 us. Best GFLOPs: 312.9274
