2024-05-21 02:46:38 [INFO] [task_scheduler.cc:160] Initializing Task #18: "fused_nn_contrib_conv2d_NCHWc_add_nn_relu_17"
2024-05-21 02:46:38 [INFO] [task_scheduler.cc:35] 
# from tvm.script import ir as I
# from tvm.script import tir as T

@I.ir_module
class Module:
    @T.prim_func
    def main(p0: T.Buffer((T.int64(1), T.int64(120), T.int64(14), T.int64(14), T.int64(8)), "float32"), p1: T.Buffer((T.int64(16), T.int64(120), T.int64(1), T.int64(1), T.int64(8), T.int64(8)), "float32"), p2: T.Buffer((T.int64(1), T.int64(16), T.int64(1), T.int64(1), T.int64(8)), "float32"), T_relu: T.Buffer((T.int64(1), T.int64(16), T.int64(14), T.int64(14), T.int64(8)), "float32")):
        T.func_attr({"tir.noalias": T.bool(True)})
        # with T.block("root"):
        conv2d_NCHWc = T.alloc_buffer((T.int64(1), T.int64(16), T.int64(14), T.int64(14), T.int64(8)))
        T_add = T.alloc_buffer((T.int64(1), T.int64(16), T.int64(14), T.int64(14), T.int64(8)))
        for n, oc_chunk, oh, ow, oc_block, ic, kh, kw in T.grid(T.int64(1), T.int64(16), T.int64(14), T.int64(14), T.int64(8), T.int64(960), T.int64(1), T.int64(1)):
            with T.block("conv2d_NCHWc"):
                v_n, v_oc_chunk, v_oh, v_ow, v_oc_block, v_ic, v_kh, v_kw = T.axis.remap("SSSSSRRR", [n, oc_chunk, oh, ow, oc_block, ic, kh, kw])
                T.reads(p0[v_n, v_ic // T.int64(8), v_oh + v_kh, v_ow + v_kw, v_ic % T.int64(8)], p1[v_oc_chunk, v_ic // T.int64(8), v_kh, v_kw, v_ic % T.int64(8), v_oc_block])
                T.writes(conv2d_NCHWc[v_n, v_oc_chunk, v_oh, v_ow, v_oc_block])
                with T.init():
                    conv2d_NCHWc[v_n, v_oc_chunk, v_oh, v_ow, v_oc_block] = T.float32(0)
                conv2d_NCHWc[v_n, v_oc_chunk, v_oh, v_ow, v_oc_block] = conv2d_NCHWc[v_n, v_oc_chunk, v_oh, v_ow, v_oc_block] + p0[v_n, v_ic // T.int64(8), v_oh + v_kh, v_ow + v_kw, v_ic % T.int64(8)] * p1[v_oc_chunk, v_ic // T.int64(8), v_kh, v_kw, v_ic % T.int64(8), v_oc_block]
        for ax0, ax1, ax2, ax3, ax4 in T.grid(T.int64(1), T.int64(16), T.int64(14), T.int64(14), T.int64(8)):
            with T.block("T_add"):
                v_ax0, v_ax1, v_ax2, v_ax3, v_ax4 = T.axis.remap("SSSSS", [ax0, ax1, ax2, ax3, ax4])
                T.reads(conv2d_NCHWc[v_ax0, v_ax1, v_ax2, v_ax3, v_ax4], p2[v_ax0, v_ax1, T.int64(0), T.int64(0), v_ax4])
                T.writes(T_add[v_ax0, v_ax1, v_ax2, v_ax3, v_ax4])
                T_add[v_ax0, v_ax1, v_ax2, v_ax3, v_ax4] = conv2d_NCHWc[v_ax0, v_ax1, v_ax2, v_ax3, v_ax4] + p2[v_ax0, v_ax1, T.int64(0), T.int64(0), v_ax4]
        for ax0, ax1, ax2, ax3, ax4 in T.grid(T.int64(1), T.int64(16), T.int64(14), T.int64(14), T.int64(8)):
            with T.block("T_relu"):
                v_ax0, v_ax1, v_ax2, v_ax3, v_ax4 = T.axis.remap("SSSSS", [ax0, ax1, ax2, ax3, ax4])
                T.reads(T_add[v_ax0, v_ax1, v_ax2, v_ax3, v_ax4])
                T.writes(T_relu[v_ax0, v_ax1, v_ax2, v_ax3, v_ax4])
                T_relu[v_ax0, v_ax1, v_ax2, v_ax3, v_ax4] = T.max(T_add[v_ax0, v_ax1, v_ax2, v_ax3, v_ax4], T.float32(0))
2024-05-21 02:46:38 [INFO] [task_scheduler.cc:164] Total 3 design space(s) generated
2024-05-21 02:46:38 [INFO] [task_scheduler.cc:170] Design space #0:
# from tvm.script import ir as I
# from tvm.script import tir as T

@I.ir_module
class Module:
    @T.prim_func
    def main(p0: T.Buffer((T.int64(1), T.int64(120), T.int64(14), T.int64(14), T.int64(8)), "float32"), p1: T.Buffer((T.int64(16), T.int64(120), T.int64(1), T.int64(1), T.int64(8), T.int64(8)), "float32"), p2: T.Buffer((T.int64(1), T.int64(16), T.int64(1), T.int64(1), T.int64(8)), "float32"), T_relu: T.Buffer((T.int64(1), T.int64(16), T.int64(14), T.int64(14), T.int64(8)), "float32")):
        T.func_attr({"tir.noalias": T.bool(True)})
        with T.block("root"):
            T.reads()
            T.writes()
            T.block_attr({"meta_schedule.parallel": 96, "meta_schedule.unroll_explicit": 64, "meta_schedule.vectorize": 64})
            conv2d_NCHWc = T.alloc_buffer((T.int64(1), T.int64(16), T.int64(14), T.int64(14), T.int64(8)))
            for n_0, oc_chunk_0, oh_0, ow_0, oc_block_0, n_1, oc_chunk_1, oh_1, ow_1, oc_block_1, ic_0, kh_0, kw_0, n_2, oc_chunk_2, oh_2, ow_2, oc_block_2, ic_1, kh_1, kw_1, n_3, oc_chunk_3, oh_3, ow_3, oc_block_3 in T.grid(T.int64(1), T.int64(2), T.int64(1), T.int64(7), T.int64(1), T.int64(1), T.int64(2), T.int64(7), T.int64(1), T.int64(2), T.int64(80), T.int64(1), T.int64(1), T.int64(1), T.int64(1), T.int64(1), T.int64(2), T.int64(2), T.int64(12), T.int64(1), T.int64(1), T.int64(1), T.int64(4), T.int64(2), T.int64(1), T.int64(2)):
                with T.block("conv2d_NCHWc"):
                    v_n = T.axis.spatial(T.int64(1), n_0 + n_1 + n_2 + n_3)
                    v_oc_chunk = T.axis.spatial(T.int64(16), oc_chunk_0 * T.int64(8) + oc_chunk_1 * T.int64(4) + oc_chunk_2 * T.int64(4) + oc_chunk_3)
                    v_oh = T.axis.spatial(T.int64(14), oh_0 * T.int64(14) + oh_1 * T.int64(2) + oh_2 * T.int64(2) + oh_3)
                    v_ow = T.axis.spatial(T.int64(14), ow_0 * T.int64(2) + ow_1 * T.int64(2) + ow_2 + ow_3)
                    v_oc_block = T.axis.spatial(T.int64(8), oc_block_0 * T.int64(8) + oc_block_1 * T.int64(4) + oc_block_2 * T.int64(2) + oc_block_3)
                    v_ic = T.axis.reduce(T.int64(960), ic_0 * T.int64(12) + ic_1)
                    v_kh = T.axis.reduce(T.int64(1), kh_0 + kh_1)
                    v_kw = T.axis.reduce(T.int64(1), kw_0 + kw_1)
                    T.reads(p0[v_n, v_ic // T.int64(8), v_oh + v_kh, v_ow + v_kw, v_ic % T.int64(8)], p1[v_oc_chunk, v_ic // T.int64(8), v_kh, v_kw, v_ic % T.int64(8), v_oc_block])
                    T.writes(conv2d_NCHWc[v_n, v_oc_chunk, v_oh, v_ow, v_oc_block])
                    T.block_attr({"meta_schedule.tiling_structure": "SSRSRS"})
                    with T.init():
                        conv2d_NCHWc[v_n, v_oc_chunk, v_oh, v_ow, v_oc_block] = T.float32(0)
                    conv2d_NCHWc[v_n, v_oc_chunk, v_oh, v_ow, v_oc_block] = conv2d_NCHWc[v_n, v_oc_chunk, v_oh, v_ow, v_oc_block] + p0[v_n, v_ic // T.int64(8), v_oh + v_kh, v_ow + v_kw, v_ic % T.int64(8)] * p1[v_oc_chunk, v_ic // T.int64(8), v_kh, v_kw, v_ic % T.int64(8), v_oc_block]
            for ax0, ax1, ax2, ax3, ax4 in T.grid(T.int64(1), T.int64(16), T.int64(14), T.int64(14), T.int64(8)):
                with T.block("T_relu"):
                    v_ax0, v_ax1, v_ax2, v_ax3, v_ax4 = T.axis.remap("SSSSS", [ax0, ax1, ax2, ax3, ax4])
                    T.reads(conv2d_NCHWc[v_ax0, v_ax1, v_ax2, v_ax3, v_ax4], p2[v_ax0, v_ax1, T.int64(0), T.int64(0), v_ax4])
                    T.writes(T_relu[v_ax0, v_ax1, v_ax2, v_ax3, v_ax4])
                    T_relu[v_ax0, v_ax1, v_ax2, v_ax3, v_ax4] = T.max(conv2d_NCHWc[v_ax0, v_ax1, v_ax2, v_ax3, v_ax4] + p2[v_ax0, v_ax1, T.int64(0), T.int64(0), v_ax4], T.float32(0))
b0 = sch.get_block(name="conv2d_NCHWc", func_name="main")
b1 = sch.get_block(name="T_add", func_name="main")
b2 = sch.get_block(name="root", func_name="main")
sch.compute_inline(block=b1)
sch.annotate(block_or_loop=b0, ann_key="meta_schedule.tiling_structure", ann_val="SSRSRS")
l3, l4, l5, l6, l7, l8, l9, l10 = sch.get_loops(block=b0)
v11, v12, v13, v14 = sch.sample_perfect_tile(loop=l3, n=4, max_innermost_factor=64, decision=[1, 1, 1, 1])
l15, l16, l17, l18 = sch.split(loop=l3, factors=[v11, v12, v13, v14], preserve_unit_iters=True, disable_predication=False)
v19, v20, v21, v22 = sch.sample_perfect_tile(loop=l4, n=4, max_innermost_factor=64, decision=[2, 2, 1, 4])
l23, l24, l25, l26 = sch.split(loop=l4, factors=[v19, v20, v21, v22], preserve_unit_iters=True, disable_predication=False)
v27, v28, v29, v30 = sch.sample_perfect_tile(loop=l5, n=4, max_innermost_factor=64, decision=[1, 7, 1, 2])
l31, l32, l33, l34 = sch.split(loop=l5, factors=[v27, v28, v29, v30], preserve_unit_iters=True, disable_predication=False)
v35, v36, v37, v38 = sch.sample_perfect_tile(loop=l6, n=4, max_innermost_factor=64, decision=[7, 1, 2, 1])
l39, l40, l41, l42 = sch.split(loop=l6, factors=[v35, v36, v37, v38], preserve_unit_iters=True, disable_predication=False)
v43, v44, v45, v46 = sch.sample_perfect_tile(loop=l7, n=4, max_innermost_factor=64, decision=[1, 2, 2, 2])
l47, l48, l49, l50 = sch.split(loop=l7, factors=[v43, v44, v45, v46], preserve_unit_iters=True, disable_predication=False)
v51, v52 = sch.sample_perfect_tile(loop=l8, n=2, max_innermost_factor=64, decision=[80, 12])
l53, l54 = sch.split(loop=l8, factors=[v51, v52], preserve_unit_iters=True, disable_predication=False)
v55, v56 = sch.sample_perfect_tile(loop=l9, n=2, max_innermost_factor=64, decision=[1, 1])
l57, l58 = sch.split(loop=l9, factors=[v55, v56], preserve_unit_iters=True, disable_predication=False)
v59, v60 = sch.sample_perfect_tile(loop=l10, n=2, max_innermost_factor=64, decision=[1, 1])
l61, l62 = sch.split(loop=l10, factors=[v59, v60], preserve_unit_iters=True, disable_predication=False)
sch.reorder(l15, l23, l31, l39, l47, l16, l24, l32, l40, l48, l53, l57, l61, l17, l25, l33, l41, l49, l54, l58, l62, l18, l26, l34, l42, l50)
sch.annotate(block_or_loop=b2, ann_key="meta_schedule.parallel", ann_val=96)
sch.annotate(block_or_loop=b2, ann_key="meta_schedule.vectorize", ann_val=64)
v63 = sch.sample_categorical(candidates=[0, 16, 64, 512], probs=[0.25, 0.25, 0.25, 0.25], decision=2)
sch.annotate(block_or_loop=b2, ann_key="meta_schedule.unroll_explicit", ann_val=v63)
2024-05-21 02:46:38 [INFO] [task_scheduler.cc:170] Design space #1:
# from tvm.script import ir as I
# from tvm.script import tir as T

@I.ir_module
class Module:
    @T.prim_func
    def main(p0: T.Buffer((T.int64(1), T.int64(120), T.int64(14), T.int64(14), T.int64(8)), "float32"), p1: T.Buffer((T.int64(16), T.int64(120), T.int64(1), T.int64(1), T.int64(8), T.int64(8)), "float32"), p2: T.Buffer((T.int64(1), T.int64(16), T.int64(1), T.int64(1), T.int64(8)), "float32"), T_relu: T.Buffer((T.int64(1), T.int64(16), T.int64(14), T.int64(14), T.int64(8)), "float32")):
        T.func_attr({"tir.noalias": T.bool(True)})
        with T.block("root"):
            T.reads()
            T.writes()
            T.block_attr({"meta_schedule.parallel": 96, "meta_schedule.unroll_explicit": 512, "meta_schedule.vectorize": 64})
            conv2d_NCHWc = T.alloc_buffer((T.int64(1), T.int64(16), T.int64(14), T.int64(14), T.int64(8)))
            for n_0, oc_chunk_0, oh_0, ow_0, oc_block_0, n_1, oc_chunk_1, oh_1, ow_1, oc_block_1 in T.grid(T.int64(1), T.int64(2), T.int64(1), T.int64(7), T.int64(1), T.int64(1), T.int64(2), T.int64(7), T.int64(1), T.int64(2)):
                for ic_0, kh_0, kw_0, n_2, oc_chunk_2, oh_2, ow_2, oc_block_2, ic_1, kh_1, kw_1, n_3, oc_chunk_3, oh_3, ow_3, oc_block_3 in T.grid(T.int64(80), T.int64(1), T.int64(1), T.int64(1), T.int64(1), T.int64(1), T.int64(2), T.int64(2), T.int64(12), T.int64(1), T.int64(1), T.int64(1), T.int64(4), T.int64(2), T.int64(1), T.int64(2)):
                    with T.block("conv2d_NCHWc"):
                        v_n = T.axis.spatial(T.int64(1), n_0 + n_1 + n_2 + n_3)
                        v_oc_chunk = T.axis.spatial(T.int64(16), oc_chunk_0 * T.int64(8) + oc_chunk_1 * T.int64(4) + oc_chunk_2 * T.int64(4) + oc_chunk_3)
                        v_oh = T.axis.spatial(T.int64(14), oh_0 * T.int64(14) + oh_1 * T.int64(2) + oh_2 * T.int64(2) + oh_3)
                        v_ow = T.axis.spatial(T.int64(14), ow_0 * T.int64(2) + ow_1 * T.int64(2) + ow_2 + ow_3)
                        v_oc_block = T.axis.spatial(T.int64(8), oc_block_0 * T.int64(8) + oc_block_1 * T.int64(4) + oc_block_2 * T.int64(2) + oc_block_3)
                        v_ic = T.axis.reduce(T.int64(960), ic_0 * T.int64(12) + ic_1)
                        v_kh = T.axis.reduce(T.int64(1), kh_0 + kh_1)
                        v_kw = T.axis.reduce(T.int64(1), kw_0 + kw_1)
                        T.reads(p0[v_n, v_ic // T.int64(8), v_oh + v_kh, v_ow + v_kw, v_ic % T.int64(8)], p1[v_oc_chunk, v_ic // T.int64(8), v_kh, v_kw, v_ic % T.int64(8), v_oc_block])
                        T.writes(conv2d_NCHWc[v_n, v_oc_chunk, v_oh, v_ow, v_oc_block])
                        T.block_attr({"meta_schedule.tiling_structure": "SSRSRS"})
                        with T.init():
                            conv2d_NCHWc[v_n, v_oc_chunk, v_oh, v_ow, v_oc_block] = T.float32(0)
                        conv2d_NCHWc[v_n, v_oc_chunk, v_oh, v_ow, v_oc_block] = conv2d_NCHWc[v_n, v_oc_chunk, v_oh, v_ow, v_oc_block] + p0[v_n, v_ic // T.int64(8), v_oh + v_kh, v_ow + v_kw, v_ic % T.int64(8)] * p1[v_oc_chunk, v_ic // T.int64(8), v_kh, v_kw, v_ic % T.int64(8), v_oc_block]
                for ax0, ax1, ax2, ax3, ax4 in T.grid(T.int64(1), T.int64(4), T.int64(2), T.int64(2), T.int64(4)):
                    with T.block("T_relu"):
                        v_ax0 = T.axis.spatial(T.int64(1), ax0)
                        v_ax1 = T.axis.spatial(T.int64(16), oc_chunk_0 * T.int64(8) + oc_chunk_1 * T.int64(4) + ax1)
                        v_ax2 = T.axis.spatial(T.int64(14), oh_1 * T.int64(2) + ax2)
                        v_ax3 = T.axis.spatial(T.int64(14), ow_0 * T.int64(2) + ax3)
                        v_ax4 = T.axis.spatial(T.int64(8), oc_block_1 * T.int64(4) + ax4)
                        T.reads(conv2d_NCHWc[v_ax0, v_ax1, v_ax2, v_ax3, v_ax4], p2[v_ax0, v_ax1, T.int64(0), T.int64(0), v_ax4])
                        T.writes(T_relu[v_ax0, v_ax1, v_ax2, v_ax3, v_ax4])
                        T_relu[v_ax0, v_ax1, v_ax2, v_ax3, v_ax4] = T.max(conv2d_NCHWc[v_ax0, v_ax1, v_ax2, v_ax3, v_ax4] + p2[v_ax0, v_ax1, T.int64(0), T.int64(0), v_ax4], T.float32(0))
b0 = sch.get_block(name="conv2d_NCHWc", func_name="main")
b1 = sch.get_block(name="T_add", func_name="main")
b2 = sch.get_block(name="root", func_name="main")
sch.compute_inline(block=b1)
sch.annotate(block_or_loop=b0, ann_key="meta_schedule.tiling_structure", ann_val="SSRSRS")
l3, l4, l5, l6, l7, l8, l9, l10 = sch.get_loops(block=b0)
v11, v12, v13, v14 = sch.sample_perfect_tile(loop=l3, n=4, max_innermost_factor=64, decision=[1, 1, 1, 1])
l15, l16, l17, l18 = sch.split(loop=l3, factors=[v11, v12, v13, v14], preserve_unit_iters=True, disable_predication=False)
v19, v20, v21, v22 = sch.sample_perfect_tile(loop=l4, n=4, max_innermost_factor=64, decision=[2, 2, 1, 4])
l23, l24, l25, l26 = sch.split(loop=l4, factors=[v19, v20, v21, v22], preserve_unit_iters=True, disable_predication=False)
v27, v28, v29, v30 = sch.sample_perfect_tile(loop=l5, n=4, max_innermost_factor=64, decision=[1, 7, 1, 2])
l31, l32, l33, l34 = sch.split(loop=l5, factors=[v27, v28, v29, v30], preserve_unit_iters=True, disable_predication=False)
v35, v36, v37, v38 = sch.sample_perfect_tile(loop=l6, n=4, max_innermost_factor=64, decision=[7, 1, 2, 1])
l39, l40, l41, l42 = sch.split(loop=l6, factors=[v35, v36, v37, v38], preserve_unit_iters=True, disable_predication=False)
v43, v44, v45, v46 = sch.sample_perfect_tile(loop=l7, n=4, max_innermost_factor=64, decision=[1, 2, 2, 2])
l47, l48, l49, l50 = sch.split(loop=l7, factors=[v43, v44, v45, v46], preserve_unit_iters=True, disable_predication=False)
v51, v52 = sch.sample_perfect_tile(loop=l8, n=2, max_innermost_factor=64, decision=[80, 12])
l53, l54 = sch.split(loop=l8, factors=[v51, v52], preserve_unit_iters=True, disable_predication=False)
v55, v56 = sch.sample_perfect_tile(loop=l9, n=2, max_innermost_factor=64, decision=[1, 1])
l57, l58 = sch.split(loop=l9, factors=[v55, v56], preserve_unit_iters=True, disable_predication=False)
v59, v60 = sch.sample_perfect_tile(loop=l10, n=2, max_innermost_factor=64, decision=[1, 1])
l61, l62 = sch.split(loop=l10, factors=[v59, v60], preserve_unit_iters=True, disable_predication=False)
sch.reorder(l15, l23, l31, l39, l47, l16, l24, l32, l40, l48, l53, l57, l61, l17, l25, l33, l41, l49, l54, l58, l62, l18, l26, l34, l42, l50)
b63, = sch.get_consumers(block=b0)
sch.reverse_compute_at(block=b63, loop=l48, preserve_unit_loops=True, index=-1)
sch.annotate(block_or_loop=b2, ann_key="meta_schedule.parallel", ann_val=96)
sch.annotate(block_or_loop=b2, ann_key="meta_schedule.vectorize", ann_val=64)
v64 = sch.sample_categorical(candidates=[0, 16, 64, 512], probs=[0.25, 0.25, 0.25, 0.25], decision=3)
sch.annotate(block_or_loop=b2, ann_key="meta_schedule.unroll_explicit", ann_val=v64)
2024-05-21 02:46:38 [INFO] [task_scheduler.cc:170] Design space #2:
# from tvm.script import ir as I
# from tvm.script import tir as T

@I.ir_module
class Module:
    @T.prim_func
    def main(p0: T.Buffer((T.int64(1), T.int64(120), T.int64(14), T.int64(14), T.int64(8)), "float32"), p1: T.Buffer((T.int64(16), T.int64(120), T.int64(1), T.int64(1), T.int64(8), T.int64(8)), "float32"), p2: T.Buffer((T.int64(1), T.int64(16), T.int64(1), T.int64(1), T.int64(8)), "float32"), T_relu: T.Buffer((T.int64(1), T.int64(16), T.int64(14), T.int64(14), T.int64(8)), "float32")):
        T.func_attr({"tir.noalias": T.bool(True)})
        with T.block("root"):
            T.reads()
            T.writes()
            T.block_attr({"meta_schedule.parallel": 96, "meta_schedule.unroll_explicit": 16, "meta_schedule.vectorize": 64})
            conv2d_NCHWc = T.alloc_buffer((T.int64(1), T.int64(16), T.int64(14), T.int64(14), T.int64(8)))
            for n_0, oc_chunk_0, oh_0, ow_0, oc_block_0 in T.grid(T.int64(1), T.int64(2), T.int64(1), T.int64(7), T.int64(1)):
                for n_1, oc_chunk_1, oh_1, ow_1, oc_block_1, ic_0, kh_0, kw_0, n_2, oc_chunk_2, oh_2, ow_2, oc_block_2, ic_1, kh_1, kw_1, n_3, oc_chunk_3, oh_3, ow_3, oc_block_3 in T.grid(T.int64(1), T.int64(2), T.int64(7), T.int64(1), T.int64(2), T.int64(80), T.int64(1), T.int64(1), T.int64(1), T.int64(1), T.int64(1), T.int64(2), T.int64(2), T.int64(12), T.int64(1), T.int64(1), T.int64(1), T.int64(4), T.int64(2), T.int64(1), T.int64(2)):
                    with T.block("conv2d_NCHWc"):
                        v_n = T.axis.spatial(T.int64(1), n_0 + n_1 + n_2 + n_3)
                        v_oc_chunk = T.axis.spatial(T.int64(16), oc_chunk_0 * T.int64(8) + oc_chunk_1 * T.int64(4) + oc_chunk_2 * T.int64(4) + oc_chunk_3)
                        v_oh = T.axis.spatial(T.int64(14), oh_0 * T.int64(14) + oh_1 * T.int64(2) + oh_2 * T.int64(2) + oh_3)
                        v_ow = T.axis.spatial(T.int64(14), ow_0 * T.int64(2) + ow_1 * T.int64(2) + ow_2 + ow_3)
                        v_oc_block = T.axis.spatial(T.int64(8), oc_block_0 * T.int64(8) + oc_block_1 * T.int64(4) + oc_block_2 * T.int64(2) + oc_block_3)
                        v_ic = T.axis.reduce(T.int64(960), ic_0 * T.int64(12) + ic_1)
                        v_kh = T.axis.reduce(T.int64(1), kh_0 + kh_1)
                        v_kw = T.axis.reduce(T.int64(1), kw_0 + kw_1)
                        T.reads(p0[v_n, v_ic // T.int64(8), v_oh + v_kh, v_ow + v_kw, v_ic % T.int64(8)], p1[v_oc_chunk, v_ic // T.int64(8), v_kh, v_kw, v_ic % T.int64(8), v_oc_block])
                        T.writes(conv2d_NCHWc[v_n, v_oc_chunk, v_oh, v_ow, v_oc_block])
                        T.block_attr({"meta_schedule.tiling_structure": "SSRSRS"})
                        with T.init():
                            conv2d_NCHWc[v_n, v_oc_chunk, v_oh, v_ow, v_oc_block] = T.float32(0)
                        conv2d_NCHWc[v_n, v_oc_chunk, v_oh, v_ow, v_oc_block] = conv2d_NCHWc[v_n, v_oc_chunk, v_oh, v_ow, v_oc_block] + p0[v_n, v_ic // T.int64(8), v_oh + v_kh, v_ow + v_kw, v_ic % T.int64(8)] * p1[v_oc_chunk, v_ic // T.int64(8), v_kh, v_kw, v_ic % T.int64(8), v_oc_block]
                for ax0, ax1, ax2, ax3, ax4 in T.grid(T.int64(1), T.int64(8), T.int64(14), T.int64(2), T.int64(8)):
                    with T.block("T_relu"):
                        v_ax0 = T.axis.spatial(T.int64(1), ax0)
                        v_ax1 = T.axis.spatial(T.int64(16), oc_chunk_0 * T.int64(8) + ax1)
                        v_ax2 = T.axis.spatial(T.int64(14), ax2)
                        v_ax3 = T.axis.spatial(T.int64(14), ow_0 * T.int64(2) + ax3)
                        v_ax4 = T.axis.spatial(T.int64(8), ax4)
                        T.reads(conv2d_NCHWc[v_ax0, v_ax1, v_ax2, v_ax3, v_ax4], p2[v_ax0, v_ax1, T.int64(0), T.int64(0), v_ax4])
                        T.writes(T_relu[v_ax0, v_ax1, v_ax2, v_ax3, v_ax4])
                        T_relu[v_ax0, v_ax1, v_ax2, v_ax3, v_ax4] = T.max(conv2d_NCHWc[v_ax0, v_ax1, v_ax2, v_ax3, v_ax4] + p2[v_ax0, v_ax1, T.int64(0), T.int64(0), v_ax4], T.float32(0))
b0 = sch.get_block(name="conv2d_NCHWc", func_name="main")
b1 = sch.get_block(name="T_add", func_name="main")
b2 = sch.get_block(name="root", func_name="main")
sch.compute_inline(block=b1)
sch.annotate(block_or_loop=b0, ann_key="meta_schedule.tiling_structure", ann_val="SSRSRS")
l3, l4, l5, l6, l7, l8, l9, l10 = sch.get_loops(block=b0)
v11, v12, v13, v14 = sch.sample_perfect_tile(loop=l3, n=4, max_innermost_factor=64, decision=[1, 1, 1, 1])
l15, l16, l17, l18 = sch.split(loop=l3, factors=[v11, v12, v13, v14], preserve_unit_iters=True, disable_predication=False)
v19, v20, v21, v22 = sch.sample_perfect_tile(loop=l4, n=4, max_innermost_factor=64, decision=[2, 2, 1, 4])
l23, l24, l25, l26 = sch.split(loop=l4, factors=[v19, v20, v21, v22], preserve_unit_iters=True, disable_predication=False)
v27, v28, v29, v30 = sch.sample_perfect_tile(loop=l5, n=4, max_innermost_factor=64, decision=[1, 7, 1, 2])
l31, l32, l33, l34 = sch.split(loop=l5, factors=[v27, v28, v29, v30], preserve_unit_iters=True, disable_predication=False)
v35, v36, v37, v38 = sch.sample_perfect_tile(loop=l6, n=4, max_innermost_factor=64, decision=[7, 1, 2, 1])
l39, l40, l41, l42 = sch.split(loop=l6, factors=[v35, v36, v37, v38], preserve_unit_iters=True, disable_predication=False)
v43, v44, v45, v46 = sch.sample_perfect_tile(loop=l7, n=4, max_innermost_factor=64, decision=[1, 2, 2, 2])
l47, l48, l49, l50 = sch.split(loop=l7, factors=[v43, v44, v45, v46], preserve_unit_iters=True, disable_predication=False)
v51, v52 = sch.sample_perfect_tile(loop=l8, n=2, max_innermost_factor=64, decision=[80, 12])
l53, l54 = sch.split(loop=l8, factors=[v51, v52], preserve_unit_iters=True, disable_predication=False)
v55, v56 = sch.sample_perfect_tile(loop=l9, n=2, max_innermost_factor=64, decision=[1, 1])
l57, l58 = sch.split(loop=l9, factors=[v55, v56], preserve_unit_iters=True, disable_predication=False)
v59, v60 = sch.sample_perfect_tile(loop=l10, n=2, max_innermost_factor=64, decision=[1, 1])
l61, l62 = sch.split(loop=l10, factors=[v59, v60], preserve_unit_iters=True, disable_predication=False)
sch.reorder(l15, l23, l31, l39, l47, l16, l24, l32, l40, l48, l53, l57, l61, l17, l25, l33, l41, l49, l54, l58, l62, l18, l26, l34, l42, l50)
b63, = sch.get_consumers(block=b0)
sch.reverse_compute_at(block=b63, loop=l47, preserve_unit_loops=True, index=-1)
sch.annotate(block_or_loop=b2, ann_key="meta_schedule.parallel", ann_val=96)
sch.annotate(block_or_loop=b2, ann_key="meta_schedule.vectorize", ann_val=64)
v64 = sch.sample_categorical(candidates=[0, 16, 64, 512], probs=[0.25, 0.25, 0.25, 0.25], decision=1)
sch.annotate(block_or_loop=b2, ann_key="meta_schedule.unroll_explicit", ann_val=v64)
2024-05-21 03:16:43 [INFO] [evolutionary_search.cc:713] Generating candidates......
2024-05-21 03:16:43 [INFO] [evolutionary_search.cc:715] Picked top 0 candidate(s) from database
2024-05-21 03:16:43 [INFO] [evolutionary_search.cc:533] Sample-Init-Population summary:
Postproc #0 [meta_schedule.DisallowDynamicLoop(0xacc37c8)]: 0 failure(s)
Postproc #1 [meta_schedule.RewriteParallelVectorizeUnroll(0x179b9e98)]: 0 failure(s)
Postproc #2 [meta_schedule.RewriteReductionBlock(0x1b2fe7e8)]: 0 failure(s)
Postproc #3 [meta_schedule.RewriteLayout(0x185e80f8)]: 0 failure(s)
2024-05-21 03:16:43 [INFO] [evolutionary_search.cc:723] Sampled 512 candidate(s)
2024-05-21 03:16:44 [INFO] [evolutionary_search.cc:621] Evolve iter #0 done. Summary:
Postproc #0 [meta_schedule.DisallowDynamicLoop(0xacc37c8)]: 0 failure(s)
Postproc #1 [meta_schedule.RewriteParallelVectorizeUnroll(0x179b9e98)]: 0 failure(s)
Postproc #2 [meta_schedule.RewriteReductionBlock(0x1b2fe7e8)]: 0 failure(s)
Postproc #3 [meta_schedule.RewriteLayout(0x185e80f8)]: 0 failure(s)
2024-05-21 03:16:45 [INFO] [evolutionary_search.cc:621] Evolve iter #1 done. Summary:
Postproc #0 [meta_schedule.DisallowDynamicLoop(0xacc37c8)]: 0 failure(s)
Postproc #1 [meta_schedule.RewriteParallelVectorizeUnroll(0x179b9e98)]: 0 failure(s)
Postproc #2 [meta_schedule.RewriteReductionBlock(0x1b2fe7e8)]: 0 failure(s)
Postproc #3 [meta_schedule.RewriteLayout(0x185e80f8)]: 0 failure(s)
2024-05-21 03:16:46 [INFO] [evolutionary_search.cc:621] Evolve iter #2 done. Summary:
Postproc #0 [meta_schedule.DisallowDynamicLoop(0xacc37c8)]: 0 failure(s)
Postproc #1 [meta_schedule.RewriteParallelVectorizeUnroll(0x179b9e98)]: 0 failure(s)
Postproc #2 [meta_schedule.RewriteReductionBlock(0x1b2fe7e8)]: 0 failure(s)
Postproc #3 [meta_schedule.RewriteLayout(0x185e80f8)]: 0 failure(s)
2024-05-21 03:16:47 [INFO] [evolutionary_search.cc:621] Evolve iter #3 done. Summary:
Postproc #0 [meta_schedule.DisallowDynamicLoop(0xacc37c8)]: 0 failure(s)
Postproc #1 [meta_schedule.RewriteParallelVectorizeUnroll(0x179b9e98)]: 0 failure(s)
Postproc #2 [meta_schedule.RewriteReductionBlock(0x1b2fe7e8)]: 0 failure(s)
Postproc #3 [meta_schedule.RewriteLayout(0x185e80f8)]: 0 failure(s)
2024-05-21 03:16:47 [INFO] [evolutionary_search.cc:649] Scores of the best 64 candidates:
[1 : 16]:	0.9989  0.9973  0.9962  0.9948  0.9947  0.9939  0.9932  0.9925  0.9922  0.9919  0.9918  0.9915  0.9913  0.9911  0.9908  0.9904
[17 : 32]:	0.9888  0.9881  0.9880  0.9875  0.9866  0.9865  0.9861  0.9854  0.9838  0.9829  0.9822  0.9816  0.9804  0.9792  0.9790  0.9787
[33 : 48]:	0.9778  0.9752  0.9745  0.9743  0.9738  0.9734  0.9730  0.9729  0.9727  0.9724  0.9723  0.9711  0.9705  0.9700  0.9699  0.9692
[49 : 64]:	0.9691  0.9689  0.9675  0.9671  0.9670  0.9667  0.9663  0.9662  0.9642  0.9635  0.9635  0.9628  0.9613  0.9611  0.9609  0.9608
2024-05-21 03:16:47 [INFO] [evolutionary_search.cc:727] Got 64 candidate(s) with evolutionary search
2024-05-21 03:16:47 [INFO] [evolutionary_search.cc:730] Sending 64 candidates(s) for measurement
2024-05-21 04:46:35 [INFO] [task_scheduler.cc:131] [Task #18: fused_nn_contrib_conv2d_NCHWc_add_nn_relu_17] Trial #1: GFLOPs: 33.8140. Time: 1426.0129 us. Best GFLOPs: 33.8140
2024-05-21 04:46:35 [INFO] [task_scheduler.cc:131] [Task #18: fused_nn_contrib_conv2d_NCHWc_add_nn_relu_17] Trial #2: GFLOPs: 11.5980. Time: 4157.5532 us. Best GFLOPs: 33.8140
2024-05-21 04:46:35 [INFO] [task_scheduler.cc:131] [Task #18: fused_nn_contrib_conv2d_NCHWc_add_nn_relu_17] Trial #3: GFLOPs: 82.9822. Time: 581.0783 us. Best GFLOPs: 82.9822
2024-05-21 04:46:35 [INFO] [task_scheduler.cc:131] [Task #18: fused_nn_contrib_conv2d_NCHWc_add_nn_relu_17] Trial #4: GFLOPs: 11.8600. Time: 4065.6786 us. Best GFLOPs: 82.9822
2024-05-21 04:46:35 [INFO] [task_scheduler.cc:131] [Task #18: fused_nn_contrib_conv2d_NCHWc_add_nn_relu_17] Trial #5: GFLOPs: 13.8132. Time: 3490.8036 us. Best GFLOPs: 82.9822
2024-05-21 04:46:35 [INFO] [task_scheduler.cc:131] [Task #18: fused_nn_contrib_conv2d_NCHWc_add_nn_relu_17] Trial #6: GFLOPs: 85.6540. Time: 562.9525 us. Best GFLOPs: 85.6540
2024-05-21 04:46:35 [INFO] [task_scheduler.cc:131] [Task #18: fused_nn_contrib_conv2d_NCHWc_add_nn_relu_17] Trial #7: GFLOPs: 56.0528. Time: 860.2448 us. Best GFLOPs: 85.6540
2024-05-21 04:46:35 [INFO] [task_scheduler.cc:131] [Task #18: fused_nn_contrib_conv2d_NCHWc_add_nn_relu_17] Trial #8: GFLOPs: 9.2812. Time: 5195.3703 us. Best GFLOPs: 85.6540
2024-05-21 04:46:35 [INFO] [task_scheduler.cc:131] [Task #18: fused_nn_contrib_conv2d_NCHWc_add_nn_relu_17] Trial #9: GFLOPs: 13.0867. Time: 3684.5789 us. Best GFLOPs: 85.6540
2024-05-21 04:46:35 [INFO] [task_scheduler.cc:131] [Task #18: fused_nn_contrib_conv2d_NCHWc_add_nn_relu_17] Trial #10: GFLOPs: 9.2278. Time: 5225.4002 us. Best GFLOPs: 85.6540
2024-05-21 04:46:35 [INFO] [task_scheduler.cc:131] [Task #18: fused_nn_contrib_conv2d_NCHWc_add_nn_relu_17] Trial #11: GFLOPs: 20.1832. Time: 2389.0700 us. Best GFLOPs: 85.6540
2024-05-21 04:46:35 [INFO] [task_scheduler.cc:131] [Task #18: fused_nn_contrib_conv2d_NCHWc_add_nn_relu_17] Trial #12: GFLOPs: 22.2159. Time: 2170.4826 us. Best GFLOPs: 85.6540
2024-05-21 04:46:35 [INFO] [task_scheduler.cc:131] [Task #18: fused_nn_contrib_conv2d_NCHWc_add_nn_relu_17] Trial #13: GFLOPs: 79.2709. Time: 608.2833 us. Best GFLOPs: 85.6540
2024-05-21 04:46:35 [INFO] [task_scheduler.cc:131] [Task #18: fused_nn_contrib_conv2d_NCHWc_add_nn_relu_17] Trial #14: GFLOPs: 17.5405. Time: 2749.0103 us. Best GFLOPs: 85.6540
2024-05-21 04:46:35 [INFO] [task_scheduler.cc:131] [Task #18: fused_nn_contrib_conv2d_NCHWc_add_nn_relu_17] Trial #15: GFLOPs: 25.9683. Time: 1856.8494 us. Best GFLOPs: 85.6540
2024-05-21 04:46:35 [INFO] [task_scheduler.cc:131] [Task #18: fused_nn_contrib_conv2d_NCHWc_add_nn_relu_17] Trial #16: GFLOPs: 13.9221. Time: 3463.5023 us. Best GFLOPs: 85.6540
2024-05-21 04:46:35 [INFO] [task_scheduler.cc:131] [Task #18: fused_nn_contrib_conv2d_NCHWc_add_nn_relu_17] Trial #17: GFLOPs: 13.4273. Time: 3591.1302 us. Best GFLOPs: 85.6540
2024-05-21 04:46:35 [INFO] [task_scheduler.cc:131] [Task #18: fused_nn_contrib_conv2d_NCHWc_add_nn_relu_17] Trial #18: GFLOPs: 11.3158. Time: 4261.2115 us. Best GFLOPs: 85.6540
2024-05-21 04:46:35 [INFO] [task_scheduler.cc:131] [Task #18: fused_nn_contrib_conv2d_NCHWc_add_nn_relu_17] Trial #19: GFLOPs: 5.2124. Time: 9250.8541 us. Best GFLOPs: 85.6540
2024-05-21 04:46:35 [INFO] [task_scheduler.cc:131] [Task #18: fused_nn_contrib_conv2d_NCHWc_add_nn_relu_17] Trial #20: GFLOPs: 53.9346. Time: 894.0297 us. Best GFLOPs: 85.6540
2024-05-21 04:46:35 [INFO] [task_scheduler.cc:131] [Task #18: fused_nn_contrib_conv2d_NCHWc_add_nn_relu_17] Trial #21: GFLOPs: 70.5810. Time: 683.1745 us. Best GFLOPs: 85.6540
2024-05-21 04:46:35 [INFO] [task_scheduler.cc:131] [Task #18: fused_nn_contrib_conv2d_NCHWc_add_nn_relu_17] Trial #22: GFLOPs: 15.7866. Time: 3054.4379 us. Best GFLOPs: 85.6540
2024-05-21 04:46:35 [INFO] [task_scheduler.cc:131] [Task #18: fused_nn_contrib_conv2d_NCHWc_add_nn_relu_17] Trial #23: GFLOPs: 29.5424. Time: 1632.2018 us. Best GFLOPs: 85.6540
2024-05-21 04:46:35 [INFO] [task_scheduler.cc:131] [Task #18: fused_nn_contrib_conv2d_NCHWc_add_nn_relu_17] Trial #24: GFLOPs: 50.3482. Time: 957.7130 us. Best GFLOPs: 85.6540
2024-05-21 04:46:35 [INFO] [task_scheduler.cc:131] [Task #18: fused_nn_contrib_conv2d_NCHWc_add_nn_relu_17] Trial #25: GFLOPs: 34.1656. Time: 1411.3354 us. Best GFLOPs: 85.6540
2024-05-21 04:46:35 [INFO] [task_scheduler.cc:131] [Task #18: fused_nn_contrib_conv2d_NCHWc_add_nn_relu_17] Trial #26: GFLOPs: 27.3832. Time: 1760.9007 us. Best GFLOPs: 85.6540
2024-05-21 04:46:35 [INFO] [task_scheduler.cc:131] [Task #18: fused_nn_contrib_conv2d_NCHWc_add_nn_relu_17] Trial #27: GFLOPs: 34.0070. Time: 1417.9192 us. Best GFLOPs: 85.6540
2024-05-21 04:46:35 [INFO] [task_scheduler.cc:131] [Task #18: fused_nn_contrib_conv2d_NCHWc_add_nn_relu_17] Trial #28: GFLOPs: 25.9002. Time: 1861.7279 us. Best GFLOPs: 85.6540
2024-05-21 04:46:35 [INFO] [task_scheduler.cc:131] [Task #18: fused_nn_contrib_conv2d_NCHWc_add_nn_relu_17] Trial #29: GFLOPs: 17.9927. Time: 2679.9246 us. Best GFLOPs: 85.6540
2024-05-21 04:46:35 [INFO] [task_scheduler.cc:131] [Task #18: fused_nn_contrib_conv2d_NCHWc_add_nn_relu_17] Trial #30: GFLOPs: 10.3416. Time: 4662.6391 us. Best GFLOPs: 85.6540
2024-05-21 04:46:35 [INFO] [task_scheduler.cc:131] [Task #18: fused_nn_contrib_conv2d_NCHWc_add_nn_relu_17] Trial #31: GFLOPs: 43.3479. Time: 1112.3751 us. Best GFLOPs: 85.6540
2024-05-21 04:46:35 [INFO] [task_scheduler.cc:131] [Task #18: fused_nn_contrib_conv2d_NCHWc_add_nn_relu_17] Trial #32: GFLOPs: 43.9219. Time: 1097.8369 us. Best GFLOPs: 85.6540
2024-05-21 04:46:35 [INFO] [task_scheduler.cc:131] [Task #18: fused_nn_contrib_conv2d_NCHWc_add_nn_relu_17] Trial #33: GFLOPs: 29.5170. Time: 1633.6056 us. Best GFLOPs: 85.6540
2024-05-21 04:46:35 [INFO] [task_scheduler.cc:131] [Task #18: fused_nn_contrib_conv2d_NCHWc_add_nn_relu_17] Trial #34: GFLOPs: 56.5922. Time: 852.0456 us. Best GFLOPs: 85.6540
2024-05-21 04:46:35 [INFO] [task_scheduler.cc:131] [Task #18: fused_nn_contrib_conv2d_NCHWc_add_nn_relu_17] Trial #35: GFLOPs: 74.2391. Time: 649.5110 us. Best GFLOPs: 85.6540
2024-05-21 04:46:35 [INFO] [task_scheduler.cc:131] [Task #18: fused_nn_contrib_conv2d_NCHWc_add_nn_relu_17] Trial #36: GFLOPs: 44.2312. Time: 1090.1621 us. Best GFLOPs: 85.6540
2024-05-21 04:46:35 [INFO] [task_scheduler.cc:131] [Task #18: fused_nn_contrib_conv2d_NCHWc_add_nn_relu_17] Trial #37: GFLOPs: 18.0532. Time: 2670.9475 us. Best GFLOPs: 85.6540
2024-05-21 04:46:35 [INFO] [task_scheduler.cc:131] [Task #18: fused_nn_contrib_conv2d_NCHWc_add_nn_relu_17] Trial #38: GFLOPs: 15.0097. Time: 3212.5242 us. Best GFLOPs: 85.6540
2024-05-21 04:46:35 [INFO] [task_scheduler.cc:131] [Task #18: fused_nn_contrib_conv2d_NCHWc_add_nn_relu_17] Trial #39: GFLOPs: 19.9455. Time: 2417.5417 us. Best GFLOPs: 85.6540
2024-05-21 04:46:35 [INFO] [task_scheduler.cc:131] [Task #18: fused_nn_contrib_conv2d_NCHWc_add_nn_relu_17] Trial #40: GFLOPs: 5.7284. Time: 8417.4870 us. Best GFLOPs: 85.6540
2024-05-21 04:46:35 [INFO] [task_scheduler.cc:131] [Task #18: fused_nn_contrib_conv2d_NCHWc_add_nn_relu_17] Trial #41: GFLOPs: 38.0124. Time: 1268.5121 us. Best GFLOPs: 85.6540
2024-05-21 04:46:35 [INFO] [task_scheduler.cc:131] [Task #18: fused_nn_contrib_conv2d_NCHWc_add_nn_relu_17] Trial #42: GFLOPs: 37.0000. Time: 1303.2196 us. Best GFLOPs: 85.6540
2024-05-21 04:46:35 [INFO] [task_scheduler.cc:131] [Task #18: fused_nn_contrib_conv2d_NCHWc_add_nn_relu_17] Trial #43: GFLOPs: 26.5878. Time: 1813.5780 us. Best GFLOPs: 85.6540
2024-05-21 04:46:35 [INFO] [task_scheduler.cc:131] [Task #18: fused_nn_contrib_conv2d_NCHWc_add_nn_relu_17] Trial #44: GFLOPs: 21.0595. Time: 2289.6613 us. Best GFLOPs: 85.6540
2024-05-21 04:46:35 [INFO] [task_scheduler.cc:131] [Task #18: fused_nn_contrib_conv2d_NCHWc_add_nn_relu_17] Trial #45: GFLOPs: 39.6570. Time: 1215.9052 us. Best GFLOPs: 85.6540
2024-05-21 04:46:35 [INFO] [task_scheduler.cc:131] [Task #18: fused_nn_contrib_conv2d_NCHWc_add_nn_relu_17] Trial #46: GFLOPs: 97.7020. Time: 493.5327 us. Best GFLOPs: 97.7020
2024-05-21 04:46:35 [INFO] [task_scheduler.cc:131] [Task #18: fused_nn_contrib_conv2d_NCHWc_add_nn_relu_17] Trial #47: GFLOPs: 3.4454. Time: 13995.0954 us. Best GFLOPs: 97.7020
2024-05-21 04:46:35 [INFO] [task_scheduler.cc:131] [Task #18: fused_nn_contrib_conv2d_NCHWc_add_nn_relu_17] Trial #48: GFLOPs: 17.0997. Time: 2819.8875 us. Best GFLOPs: 97.7020
2024-05-21 04:46:35 [INFO] [task_scheduler.cc:131] [Task #18: fused_nn_contrib_conv2d_NCHWc_add_nn_relu_17] Trial #49: GFLOPs: 31.2054. Time: 1545.2154 us. Best GFLOPs: 97.7020
2024-05-21 04:46:35 [INFO] [task_scheduler.cc:131] [Task #18: fused_nn_contrib_conv2d_NCHWc_add_nn_relu_17] Trial #50: GFLOPs: 26.8014. Time: 1799.1272 us. Best GFLOPs: 97.7020
2024-05-21 04:46:35 [INFO] [task_scheduler.cc:131] [Task #18: fused_nn_contrib_conv2d_NCHWc_add_nn_relu_17] Trial #51: GFLOPs: 12.3187. Time: 3914.3106 us. Best GFLOPs: 97.7020
2024-05-21 04:46:35 [INFO] [task_scheduler.cc:131] [Task #18: fused_nn_contrib_conv2d_NCHWc_add_nn_relu_17] Trial #52: GFLOPs: 16.9227. Time: 2849.3767 us. Best GFLOPs: 97.7020
2024-05-21 04:46:35 [INFO] [task_scheduler.cc:131] [Task #18: fused_nn_contrib_conv2d_NCHWc_add_nn_relu_17] Trial #53: GFLOPs: 36.6640. Time: 1315.1632 us. Best GFLOPs: 97.7020
2024-05-21 04:46:35 [INFO] [task_scheduler.cc:131] [Task #18: fused_nn_contrib_conv2d_NCHWc_add_nn_relu_17] Trial #54: GFLOPs: 58.5331. Time: 823.7923 us. Best GFLOPs: 97.7020
2024-05-21 04:46:35 [INFO] [task_scheduler.cc:131] [Task #18: fused_nn_contrib_conv2d_NCHWc_add_nn_relu_17] Trial #55: GFLOPs: 48.0509. Time: 1003.5006 us. Best GFLOPs: 97.7020
2024-05-21 04:46:35 [INFO] [task_scheduler.cc:131] [Task #18: fused_nn_contrib_conv2d_NCHWc_add_nn_relu_17] Trial #56: GFLOPs: 5.2438. Time: 9195.3691 us. Best GFLOPs: 97.7020
2024-05-21 04:46:35 [INFO] [task_scheduler.cc:131] [Task #18: fused_nn_contrib_conv2d_NCHWc_add_nn_relu_17] Trial #57: GFLOPs: 47.6864. Time: 1011.1716 us. Best GFLOPs: 97.7020
2024-05-21 04:46:35 [INFO] [task_scheduler.cc:131] [Task #18: fused_nn_contrib_conv2d_NCHWc_add_nn_relu_17] Trial #58: GFLOPs: 18.1714. Time: 2653.5730 us. Best GFLOPs: 97.7020
2024-05-21 04:46:35 [INFO] [task_scheduler.cc:131] [Task #18: fused_nn_contrib_conv2d_NCHWc_add_nn_relu_17] Trial #59: GFLOPs: 49.1553. Time: 980.9558 us. Best GFLOPs: 97.7020
2024-05-21 04:46:35 [INFO] [task_scheduler.cc:131] [Task #18: fused_nn_contrib_conv2d_NCHWc_add_nn_relu_17] Trial #60: GFLOPs: 10.2155. Time: 4720.1978 us. Best GFLOPs: 97.7020
2024-05-21 04:46:35 [INFO] [task_scheduler.cc:131] [Task #18: fused_nn_contrib_conv2d_NCHWc_add_nn_relu_17] Trial #61: GFLOPs: 43.4077. Time: 1110.8420 us. Best GFLOPs: 97.7020
2024-05-21 04:46:35 [INFO] [task_scheduler.cc:131] [Task #18: fused_nn_contrib_conv2d_NCHWc_add_nn_relu_17] Trial #62: GFLOPs: 30.7119. Time: 1570.0456 us. Best GFLOPs: 97.7020
2024-05-21 04:46:35 [INFO] [task_scheduler.cc:131] [Task #18: fused_nn_contrib_conv2d_NCHWc_add_nn_relu_17] Trial #63: GFLOPs: 23.2881. Time: 2070.5477 us. Best GFLOPs: 97.7020
2024-05-21 04:46:35 [INFO] [task_scheduler.cc:131] [Task #18: fused_nn_contrib_conv2d_NCHWc_add_nn_relu_17] Trial #64: GFLOPs: 29.1954. Time: 1651.5992 us. Best GFLOPs: 97.7020
2024-05-21 05:19:09 [INFO] [evolutionary_search.cc:713] Generating candidates......
2024-05-21 05:19:09 [INFO] [evolutionary_search.cc:715] Picked top 64 candidate(s) from database
2024-05-21 05:19:10 [INFO] [evolutionary_search.cc:533] Sample-Init-Population summary:
Postproc #0 [meta_schedule.DisallowDynamicLoop(0xacc37c8)]: 0 failure(s)
Postproc #1 [meta_schedule.RewriteParallelVectorizeUnroll(0x179b9e98)]: 0 failure(s)
Postproc #2 [meta_schedule.RewriteReductionBlock(0x1b2fe7e8)]: 0 failure(s)
Postproc #3 [meta_schedule.RewriteLayout(0x185e80f8)]: 0 failure(s)
2024-05-21 05:19:10 [INFO] [evolutionary_search.cc:723] Sampled 448 candidate(s)
2024-05-21 05:19:12 [INFO] [evolutionary_search.cc:621] Evolve iter #0 done. Summary:
Postproc #0 [meta_schedule.DisallowDynamicLoop(0xacc37c8)]: 0 failure(s)
Postproc #1 [meta_schedule.RewriteParallelVectorizeUnroll(0x179b9e98)]: 0 failure(s)
Postproc #2 [meta_schedule.RewriteReductionBlock(0x1b2fe7e8)]: 0 failure(s)
Postproc #3 [meta_schedule.RewriteLayout(0x185e80f8)]: 0 failure(s)
2024-05-21 05:19:14 [INFO] [evolutionary_search.cc:621] Evolve iter #1 done. Summary:
Postproc #0 [meta_schedule.DisallowDynamicLoop(0xacc37c8)]: 0 failure(s)
Postproc #1 [meta_schedule.RewriteParallelVectorizeUnroll(0x179b9e98)]: 0 failure(s)
Postproc #2 [meta_schedule.RewriteReductionBlock(0x1b2fe7e8)]: 0 failure(s)
Postproc #3 [meta_schedule.RewriteLayout(0x185e80f8)]: 0 failure(s)
2024-05-21 05:19:16 [INFO] [evolutionary_search.cc:621] Evolve iter #2 done. Summary:
Postproc #0 [meta_schedule.DisallowDynamicLoop(0xacc37c8)]: 0 failure(s)
Postproc #1 [meta_schedule.RewriteParallelVectorizeUnroll(0x179b9e98)]: 0 failure(s)
Postproc #2 [meta_schedule.RewriteReductionBlock(0x1b2fe7e8)]: 0 failure(s)
Postproc #3 [meta_schedule.RewriteLayout(0x185e80f8)]: 0 failure(s)
2024-05-21 05:19:18 [INFO] [evolutionary_search.cc:621] Evolve iter #3 done. Summary:
Postproc #0 [meta_schedule.DisallowDynamicLoop(0xacc37c8)]: 0 failure(s)
Postproc #1 [meta_schedule.RewriteParallelVectorizeUnroll(0x179b9e98)]: 0 failure(s)
Postproc #2 [meta_schedule.RewriteReductionBlock(0x1b2fe7e8)]: 0 failure(s)
Postproc #3 [meta_schedule.RewriteLayout(0x185e80f8)]: 0 failure(s)
2024-05-21 05:19:19 [INFO] [evolutionary_search.cc:649] Scores of the best 64 candidates:
[1 : 16]:	1.0034  0.9836  0.9726  0.9709  0.9667  0.9592  0.9562  0.9547  0.9360  0.9336  0.9279  0.9205  0.9189  0.9189  0.9179  0.9068
[17 : 32]:	0.9042  0.9017  0.8948  0.8912  0.8900  0.8862  0.8844  0.8801  0.8797  0.8791  0.8790  0.8771  0.8751  0.8722  0.8716  0.8663
[33 : 48]:	0.8660  0.8611  0.8560  0.8557  0.8500  0.8498  0.8404  0.8387  0.8383  0.8372  0.8247  0.8244  0.8202  0.8196  0.8183  0.8166
[49 : 64]:	0.8132  0.8124  0.8118  0.8062  0.8020  0.8010  0.8009  0.7989  0.7988  0.7987  0.7982  0.7922  0.7909  0.7892  0.7846  0.7834
2024-05-21 05:19:19 [INFO] [evolutionary_search.cc:727] Got 64 candidate(s) with evolutionary search
2024-05-21 05:19:19 [INFO] [evolutionary_search.cc:730] Sending 64 candidates(s) for measurement
2024-05-21 05:20:46 [INFO] [task_scheduler.cc:131] [Task #18: fused_nn_contrib_conv2d_NCHWc_add_nn_relu_17] Trial #65: GFLOPs: 133.7271. Time: 360.5787 us. Best GFLOPs: 133.7271
2024-05-21 05:20:46 [INFO] [task_scheduler.cc:131] [Task #18: fused_nn_contrib_conv2d_NCHWc_add_nn_relu_17] Trial #66: GFLOPs: 213.1421. Time: 226.2300 us. Best GFLOPs: 213.1421
2024-05-21 05:20:46 [INFO] [task_scheduler.cc:131] [Task #18: fused_nn_contrib_conv2d_NCHWc_add_nn_relu_17] Trial #67: GFLOPs: 225.4520. Time: 213.8776 us. Best GFLOPs: 225.4520
2024-05-21 05:20:46 [INFO] [task_scheduler.cc:131] [Task #18: fused_nn_contrib_conv2d_NCHWc_add_nn_relu_17] Trial #68: GFLOPs: 126.4963. Time: 381.1900 us. Best GFLOPs: 225.4520
2024-05-21 05:20:46 [INFO] [task_scheduler.cc:131] [Task #18: fused_nn_contrib_conv2d_NCHWc_add_nn_relu_17] Trial #69: GFLOPs: 90.9805. Time: 529.9940 us. Best GFLOPs: 225.4520
2024-05-21 05:20:46 [INFO] [task_scheduler.cc:131] [Task #18: fused_nn_contrib_conv2d_NCHWc_add_nn_relu_17] Trial #70: GFLOPs: 116.6862. Time: 413.2376 us. Best GFLOPs: 225.4520
2024-05-21 05:20:46 [INFO] [task_scheduler.cc:131] [Task #18: fused_nn_contrib_conv2d_NCHWc_add_nn_relu_17] Trial #71: GFLOPs: 153.7897. Time: 313.5395 us. Best GFLOPs: 225.4520
2024-05-21 05:20:46 [INFO] [task_scheduler.cc:131] [Task #18: fused_nn_contrib_conv2d_NCHWc_add_nn_relu_17] Trial #72: GFLOPs: 170.4894. Time: 282.8277 us. Best GFLOPs: 225.4520
2024-05-21 05:20:46 [INFO] [task_scheduler.cc:131] [Task #18: fused_nn_contrib_conv2d_NCHWc_add_nn_relu_17] Trial #73: GFLOPs: 130.9547. Time: 368.2123 us. Best GFLOPs: 225.4520
2024-05-21 05:20:46 [INFO] [task_scheduler.cc:131] [Task #18: fused_nn_contrib_conv2d_NCHWc_add_nn_relu_17] Trial #74: GFLOPs: 140.0088. Time: 344.4008 us. Best GFLOPs: 225.4520
2024-05-21 05:20:46 [INFO] [task_scheduler.cc:131] [Task #18: fused_nn_contrib_conv2d_NCHWc_add_nn_relu_17] Trial #75: GFLOPs: 136.5430. Time: 353.1424 us. Best GFLOPs: 225.4520
2024-05-21 05:20:46 [INFO] [task_scheduler.cc:131] [Task #18: fused_nn_contrib_conv2d_NCHWc_add_nn_relu_17] Trial #76: GFLOPs: 167.1981. Time: 288.3953 us. Best GFLOPs: 225.4520
2024-05-21 05:20:46 [INFO] [task_scheduler.cc:131] [Task #18: fused_nn_contrib_conv2d_NCHWc_add_nn_relu_17] Trial #77: GFLOPs: 99.4522. Time: 484.8472 us. Best GFLOPs: 225.4520
2024-05-21 05:20:46 [INFO] [task_scheduler.cc:131] [Task #18: fused_nn_contrib_conv2d_NCHWc_add_nn_relu_17] Trial #78: GFLOPs: 99.6035. Time: 484.1111 us. Best GFLOPs: 225.4520
2024-05-21 05:20:46 [INFO] [task_scheduler.cc:131] [Task #18: fused_nn_contrib_conv2d_NCHWc_add_nn_relu_17] Trial #79: GFLOPs: 140.1719. Time: 344.0001 us. Best GFLOPs: 225.4520
2024-05-21 05:20:46 [INFO] [task_scheduler.cc:131] [Task #18: fused_nn_contrib_conv2d_NCHWc_add_nn_relu_17] Trial #80: GFLOPs: 54.7701. Time: 880.3917 us. Best GFLOPs: 225.4520
2024-05-21 05:20:46 [INFO] [task_scheduler.cc:131] [Task #18: fused_nn_contrib_conv2d_NCHWc_add_nn_relu_17] Trial #81: GFLOPs: 40.9790. Time: 1176.6790 us. Best GFLOPs: 225.4520
2024-05-21 05:20:46 [INFO] [task_scheduler.cc:131] [Task #18: fused_nn_contrib_conv2d_NCHWc_add_nn_relu_17] Trial #82: GFLOPs: 108.0554. Time: 446.2446 us. Best GFLOPs: 225.4520
2024-05-21 05:20:46 [INFO] [task_scheduler.cc:131] [Task #18: fused_nn_contrib_conv2d_NCHWc_add_nn_relu_17] Trial #83: GFLOPs: 125.5106. Time: 384.1838 us. Best GFLOPs: 225.4520
2024-05-21 05:20:46 [INFO] [task_scheduler.cc:131] [Task #18: fused_nn_contrib_conv2d_NCHWc_add_nn_relu_17] Trial #84: GFLOPs: 101.0727. Time: 477.0740 us. Best GFLOPs: 225.4520
2024-05-21 05:20:46 [INFO] [task_scheduler.cc:131] [Task #18: fused_nn_contrib_conv2d_NCHWc_add_nn_relu_17] Trial #85: GFLOPs: 53.9496. Time: 893.7807 us. Best GFLOPs: 225.4520
2024-05-21 05:20:46 [INFO] [task_scheduler.cc:131] [Task #18: fused_nn_contrib_conv2d_NCHWc_add_nn_relu_17] Trial #86: GFLOPs: 53.2301. Time: 905.8617 us. Best GFLOPs: 225.4520
2024-05-21 05:20:46 [INFO] [task_scheduler.cc:131] [Task #18: fused_nn_contrib_conv2d_NCHWc_add_nn_relu_17] Trial #87: GFLOPs: 44.4353. Time: 1085.1536 us. Best GFLOPs: 225.4520
2024-05-21 05:20:46 [INFO] [task_scheduler.cc:131] [Task #18: fused_nn_contrib_conv2d_NCHWc_add_nn_relu_17] Trial #88: GFLOPs: 58.6739. Time: 821.8153 us. Best GFLOPs: 225.4520
2024-05-21 05:20:46 [INFO] [task_scheduler.cc:131] [Task #18: fused_nn_contrib_conv2d_NCHWc_add_nn_relu_17] Trial #89: GFLOPs: 123.9891. Time: 388.8980 us. Best GFLOPs: 225.4520
2024-05-21 05:20:46 [INFO] [task_scheduler.cc:131] [Task #18: fused_nn_contrib_conv2d_NCHWc_add_nn_relu_17] Trial #90: GFLOPs: 104.1090. Time: 463.1599 us. Best GFLOPs: 225.4520
2024-05-21 05:20:46 [INFO] [task_scheduler.cc:131] [Task #18: fused_nn_contrib_conv2d_NCHWc_add_nn_relu_17] Trial #91: GFLOPs: 90.3064. Time: 533.9506 us. Best GFLOPs: 225.4520
2024-05-21 05:20:46 [INFO] [task_scheduler.cc:131] [Task #18: fused_nn_contrib_conv2d_NCHWc_add_nn_relu_17] Trial #92: GFLOPs: 104.2808. Time: 462.3972 us. Best GFLOPs: 225.4520
2024-05-21 05:20:46 [INFO] [task_scheduler.cc:131] [Task #18: fused_nn_contrib_conv2d_NCHWc_add_nn_relu_17] Trial #93: GFLOPs: 11.9995. Time: 4018.4235 us. Best GFLOPs: 225.4520
2024-05-21 05:20:46 [INFO] [task_scheduler.cc:131] [Task #18: fused_nn_contrib_conv2d_NCHWc_add_nn_relu_17] Trial #94: GFLOPs: 48.5854. Time: 992.4612 us. Best GFLOPs: 225.4520
2024-05-21 05:20:46 [INFO] [task_scheduler.cc:131] [Task #18: fused_nn_contrib_conv2d_NCHWc_add_nn_relu_17] Trial #95: GFLOPs: 42.7087. Time: 1129.0243 us. Best GFLOPs: 225.4520
2024-05-21 05:20:46 [INFO] [task_scheduler.cc:131] [Task #18: fused_nn_contrib_conv2d_NCHWc_add_nn_relu_17] Trial #96: GFLOPs: 11.7985. Time: 4086.8878 us. Best GFLOPs: 225.4520
2024-05-21 05:20:46 [INFO] [task_scheduler.cc:131] [Task #18: fused_nn_contrib_conv2d_NCHWc_add_nn_relu_17] Trial #97: GFLOPs: 70.1849. Time: 687.0299 us. Best GFLOPs: 225.4520
2024-05-21 05:20:46 [INFO] [task_scheduler.cc:131] [Task #18: fused_nn_contrib_conv2d_NCHWc_add_nn_relu_17] Trial #98: GFLOPs: 165.0321. Time: 292.1804 us. Best GFLOPs: 225.4520
2024-05-21 05:20:46 [INFO] [task_scheduler.cc:131] [Task #18: fused_nn_contrib_conv2d_NCHWc_add_nn_relu_17] Trial #99: GFLOPs: 89.7068. Time: 537.5194 us. Best GFLOPs: 225.4520
2024-05-21 05:20:46 [INFO] [task_scheduler.cc:131] [Task #18: fused_nn_contrib_conv2d_NCHWc_add_nn_relu_17] Trial #100: GFLOPs: 96.8472. Time: 497.8889 us. Best GFLOPs: 225.4520
2024-05-21 05:20:46 [INFO] [task_scheduler.cc:131] [Task #18: fused_nn_contrib_conv2d_NCHWc_add_nn_relu_17] Trial #101: GFLOPs: 45.5026. Time: 1059.7001 us. Best GFLOPs: 225.4520
2024-05-21 05:20:46 [INFO] [task_scheduler.cc:131] [Task #18: fused_nn_contrib_conv2d_NCHWc_add_nn_relu_17] Trial #102: GFLOPs: 99.6509. Time: 483.8806 us. Best GFLOPs: 225.4520
2024-05-21 05:20:46 [INFO] [task_scheduler.cc:131] [Task #18: fused_nn_contrib_conv2d_NCHWc_add_nn_relu_17] Trial #103: GFLOPs: 44.7595. Time: 1077.2928 us. Best GFLOPs: 225.4520
2024-05-21 05:20:46 [INFO] [task_scheduler.cc:131] [Task #18: fused_nn_contrib_conv2d_NCHWc_add_nn_relu_17] Trial #104: GFLOPs: 87.6792. Time: 549.9494 us. Best GFLOPs: 225.4520
2024-05-21 05:20:46 [INFO] [task_scheduler.cc:131] [Task #18: fused_nn_contrib_conv2d_NCHWc_add_nn_relu_17] Trial #105: GFLOPs: 125.5782. Time: 383.9768 us. Best GFLOPs: 225.4520
2024-05-21 05:20:46 [INFO] [task_scheduler.cc:131] [Task #18: fused_nn_contrib_conv2d_NCHWc_add_nn_relu_17] Trial #106: GFLOPs: 87.8032. Time: 549.1730 us. Best GFLOPs: 225.4520
2024-05-21 05:20:46 [INFO] [task_scheduler.cc:131] [Task #18: fused_nn_contrib_conv2d_NCHWc_add_nn_relu_17] Trial #107: GFLOPs: 181.7521. Time: 265.3017 us. Best GFLOPs: 225.4520
2024-05-21 05:20:46 [INFO] [task_scheduler.cc:131] [Task #18: fused_nn_contrib_conv2d_NCHWc_add_nn_relu_17] Trial #108: GFLOPs: 107.5733. Time: 448.2445 us. Best GFLOPs: 225.4520
2024-05-21 05:20:46 [INFO] [task_scheduler.cc:131] [Task #18: fused_nn_contrib_conv2d_NCHWc_add_nn_relu_17] Trial #109: GFLOPs: 84.3470. Time: 571.6757 us. Best GFLOPs: 225.4520
2024-05-21 05:20:46 [INFO] [task_scheduler.cc:131] [Task #18: fused_nn_contrib_conv2d_NCHWc_add_nn_relu_17] Trial #110: GFLOPs: 159.3024. Time: 302.6893 us. Best GFLOPs: 225.4520
2024-05-21 05:20:46 [INFO] [task_scheduler.cc:131] [Task #18: fused_nn_contrib_conv2d_NCHWc_add_nn_relu_17] Trial #111: GFLOPs: 165.8996. Time: 290.6525 us. Best GFLOPs: 225.4520
2024-05-21 05:20:46 [INFO] [task_scheduler.cc:131] [Task #18: fused_nn_contrib_conv2d_NCHWc_add_nn_relu_17] Trial #112: GFLOPs: 142.3981. Time: 338.6222 us. Best GFLOPs: 225.4520
2024-05-21 05:20:46 [INFO] [task_scheduler.cc:131] [Task #18: fused_nn_contrib_conv2d_NCHWc_add_nn_relu_17] Trial #113: GFLOPs: 96.7054. Time: 498.6188 us. Best GFLOPs: 225.4520
2024-05-21 05:20:46 [INFO] [task_scheduler.cc:131] [Task #18: fused_nn_contrib_conv2d_NCHWc_add_nn_relu_17] Trial #114: GFLOPs: 104.0049. Time: 463.6238 us. Best GFLOPs: 225.4520
2024-05-21 05:20:46 [INFO] [task_scheduler.cc:131] [Task #18: fused_nn_contrib_conv2d_NCHWc_add_nn_relu_17] Trial #115: GFLOPs: 77.7070. Time: 620.5251 us. Best GFLOPs: 225.4520
2024-05-21 05:20:46 [INFO] [task_scheduler.cc:131] [Task #18: fused_nn_contrib_conv2d_NCHWc_add_nn_relu_17] Trial #116: GFLOPs: 162.6442. Time: 296.4701 us. Best GFLOPs: 225.4520
2024-05-21 05:20:46 [INFO] [task_scheduler.cc:131] [Task #18: fused_nn_contrib_conv2d_NCHWc_add_nn_relu_17] Trial #117: GFLOPs: 77.5845. Time: 621.5048 us. Best GFLOPs: 225.4520
2024-05-21 05:20:46 [INFO] [task_scheduler.cc:131] [Task #18: fused_nn_contrib_conv2d_NCHWc_add_nn_relu_17] Trial #118: GFLOPs: 131.8828. Time: 365.6210 us. Best GFLOPs: 225.4520
2024-05-21 05:20:46 [INFO] [task_scheduler.cc:131] [Task #18: fused_nn_contrib_conv2d_NCHWc_add_nn_relu_17] Trial #119: GFLOPs: 75.0801. Time: 642.2363 us. Best GFLOPs: 225.4520
2024-05-21 05:20:46 [INFO] [task_scheduler.cc:131] [Task #18: fused_nn_contrib_conv2d_NCHWc_add_nn_relu_17] Trial #120: GFLOPs: 65.5099. Time: 736.0592 us. Best GFLOPs: 225.4520
2024-05-21 05:20:46 [INFO] [task_scheduler.cc:131] [Task #18: fused_nn_contrib_conv2d_NCHWc_add_nn_relu_17] Trial #121: GFLOPs: 105.6547. Time: 456.3843 us. Best GFLOPs: 225.4520
2024-05-21 05:20:46 [INFO] [task_scheduler.cc:131] [Task #18: fused_nn_contrib_conv2d_NCHWc_add_nn_relu_17] Trial #122: GFLOPs: 132.3686. Time: 364.2794 us. Best GFLOPs: 225.4520
2024-05-21 05:20:46 [INFO] [task_scheduler.cc:131] [Task #18: fused_nn_contrib_conv2d_NCHWc_add_nn_relu_17] Trial #123: GFLOPs: 53.9624. Time: 893.5691 us. Best GFLOPs: 225.4520
2024-05-21 05:20:46 [INFO] [task_scheduler.cc:131] [Task #18: fused_nn_contrib_conv2d_NCHWc_add_nn_relu_17] Trial #124: GFLOPs: 64.2941. Time: 749.9778 us. Best GFLOPs: 225.4520
2024-05-21 05:20:46 [INFO] [task_scheduler.cc:131] [Task #18: fused_nn_contrib_conv2d_NCHWc_add_nn_relu_17] Trial #125: GFLOPs: 54.8670. Time: 878.8361 us. Best GFLOPs: 225.4520
2024-05-21 05:20:46 [INFO] [task_scheduler.cc:131] [Task #18: fused_nn_contrib_conv2d_NCHWc_add_nn_relu_17] Trial #126: GFLOPs: 10.4779. Time: 4601.9659 us. Best GFLOPs: 225.4520
2024-05-21 05:20:46 [INFO] [task_scheduler.cc:131] [Task #18: fused_nn_contrib_conv2d_NCHWc_add_nn_relu_17] Trial #127: GFLOPs: 66.4026. Time: 726.1633 us. Best GFLOPs: 225.4520
2024-05-21 05:20:46 [INFO] [task_scheduler.cc:131] [Task #18: fused_nn_contrib_conv2d_NCHWc_add_nn_relu_17] Trial #128: GFLOPs: 21.1809. Time: 2276.5431 us. Best GFLOPs: 225.4520
