2024-05-20 13:16:49 [INFO] [task_scheduler.cc:160] Initializing Task #33: "fused_nn_contrib_conv2d_NCHWc_add_nn_relu_32"
2024-05-20 13:16:49 [INFO] [task_scheduler.cc:35] 
# from tvm.script import ir as I
# from tvm.script import tir as T

@I.ir_module
class Module:
    @T.prim_func
    def main(p0: T.Buffer((T.int64(1), T.int64(60), T.int64(2), T.int64(2), T.int64(8)), "float32"), p1: T.Buffer((T.int64(16), T.int64(60), T.int64(1), T.int64(1), T.int64(8), T.int64(8)), "float32"), p2: T.Buffer((T.int64(1), T.int64(16), T.int64(1), T.int64(1), T.int64(8)), "float32"), T_relu: T.Buffer((T.int64(1), T.int64(16), T.int64(2), T.int64(2), T.int64(8)), "float32")):
        T.func_attr({"tir.noalias": T.bool(True)})
        # with T.block("root"):
        conv2d_NCHWc = T.alloc_buffer((T.int64(1), T.int64(16), T.int64(2), T.int64(2), T.int64(8)))
        T_add = T.alloc_buffer((T.int64(1), T.int64(16), T.int64(2), T.int64(2), T.int64(8)))
        for n, oc_chunk, oh, ow, oc_block, ic, kh, kw in T.grid(T.int64(1), T.int64(16), T.int64(2), T.int64(2), T.int64(8), T.int64(480), T.int64(1), T.int64(1)):
            with T.block("conv2d_NCHWc"):
                v_n, v_oc_chunk, v_oh, v_ow, v_oc_block, v_ic, v_kh, v_kw = T.axis.remap("SSSSSRRR", [n, oc_chunk, oh, ow, oc_block, ic, kh, kw])
                T.reads(p0[v_n, v_ic // T.int64(8), v_oh + v_kh, v_ow + v_kw, v_ic % T.int64(8)], p1[v_oc_chunk, v_ic // T.int64(8), v_kh, v_kw, v_ic % T.int64(8), v_oc_block])
                T.writes(conv2d_NCHWc[v_n, v_oc_chunk, v_oh, v_ow, v_oc_block])
                with T.init():
                    conv2d_NCHWc[v_n, v_oc_chunk, v_oh, v_ow, v_oc_block] = T.float32(0)
                conv2d_NCHWc[v_n, v_oc_chunk, v_oh, v_ow, v_oc_block] = conv2d_NCHWc[v_n, v_oc_chunk, v_oh, v_ow, v_oc_block] + p0[v_n, v_ic // T.int64(8), v_oh + v_kh, v_ow + v_kw, v_ic % T.int64(8)] * p1[v_oc_chunk, v_ic // T.int64(8), v_kh, v_kw, v_ic % T.int64(8), v_oc_block]
        for ax0, ax1, ax2, ax3, ax4 in T.grid(T.int64(1), T.int64(16), T.int64(2), T.int64(2), T.int64(8)):
            with T.block("T_add"):
                v_ax0, v_ax1, v_ax2, v_ax3, v_ax4 = T.axis.remap("SSSSS", [ax0, ax1, ax2, ax3, ax4])
                T.reads(conv2d_NCHWc[v_ax0, v_ax1, v_ax2, v_ax3, v_ax4], p2[v_ax0, v_ax1, T.int64(0), T.int64(0), v_ax4])
                T.writes(T_add[v_ax0, v_ax1, v_ax2, v_ax3, v_ax4])
                T_add[v_ax0, v_ax1, v_ax2, v_ax3, v_ax4] = conv2d_NCHWc[v_ax0, v_ax1, v_ax2, v_ax3, v_ax4] + p2[v_ax0, v_ax1, T.int64(0), T.int64(0), v_ax4]
        for ax0, ax1, ax2, ax3, ax4 in T.grid(T.int64(1), T.int64(16), T.int64(2), T.int64(2), T.int64(8)):
            with T.block("T_relu"):
                v_ax0, v_ax1, v_ax2, v_ax3, v_ax4 = T.axis.remap("SSSSS", [ax0, ax1, ax2, ax3, ax4])
                T.reads(T_add[v_ax0, v_ax1, v_ax2, v_ax3, v_ax4])
                T.writes(T_relu[v_ax0, v_ax1, v_ax2, v_ax3, v_ax4])
                T_relu[v_ax0, v_ax1, v_ax2, v_ax3, v_ax4] = T.max(T_add[v_ax0, v_ax1, v_ax2, v_ax3, v_ax4], T.float32(0))
2024-05-20 13:16:49 [INFO] [task_scheduler.cc:164] Total 3 design space(s) generated
2024-05-20 13:16:49 [INFO] [task_scheduler.cc:170] Design space #0:
# from tvm.script import ir as I
# from tvm.script import tir as T

@I.ir_module
class Module:
    @T.prim_func
    def main(p0: T.Buffer((T.int64(1), T.int64(60), T.int64(2), T.int64(2), T.int64(8)), "float32"), p1: T.Buffer((T.int64(16), T.int64(60), T.int64(1), T.int64(1), T.int64(8), T.int64(8)), "float32"), p2: T.Buffer((T.int64(1), T.int64(16), T.int64(1), T.int64(1), T.int64(8)), "float32"), T_relu: T.Buffer((T.int64(1), T.int64(16), T.int64(2), T.int64(2), T.int64(8)), "float32")):
        T.func_attr({"tir.noalias": T.bool(True)})
        with T.block("root"):
            T.reads()
            T.writes()
            T.block_attr({"meta_schedule.parallel": 96, "meta_schedule.unroll_explicit": 64, "meta_schedule.vectorize": 64})
            conv2d_NCHWc = T.alloc_buffer((T.int64(1), T.int64(16), T.int64(2), T.int64(2), T.int64(8)))
            for n_0, oc_chunk_0, oh_0, ow_0, oc_block_0, n_1, oc_chunk_1, oh_1, ow_1, oc_block_1, ic_0, kh_0, kw_0, n_2, oc_chunk_2, oh_2, ow_2, oc_block_2, ic_1, kh_1, kw_1, n_3, oc_chunk_3, oh_3, ow_3, oc_block_3 in T.grid(T.int64(1), T.int64(2), T.int64(1), T.int64(1), T.int64(2), T.int64(1), T.int64(2), T.int64(2), T.int64(1), T.int64(1), T.int64(40), T.int64(1), T.int64(1), T.int64(1), T.int64(1), T.int64(1), T.int64(2), T.int64(4), T.int64(12), T.int64(1), T.int64(1), T.int64(1), T.int64(4), T.int64(1), T.int64(1), T.int64(1)):
                with T.block("conv2d_NCHWc"):
                    v_n = T.axis.spatial(T.int64(1), n_0 + n_1 + n_2 + n_3)
                    v_oc_chunk = T.axis.spatial(T.int64(16), oc_chunk_0 * T.int64(8) + oc_chunk_1 * T.int64(4) + oc_chunk_2 * T.int64(4) + oc_chunk_3)
                    v_oh = T.axis.spatial(T.int64(2), oh_0 * T.int64(2) + oh_1 + oh_2 + oh_3)
                    v_ow = T.axis.spatial(T.int64(2), ow_0 * T.int64(2) + ow_1 * T.int64(2) + ow_2 + ow_3)
                    v_oc_block = T.axis.spatial(T.int64(8), oc_block_0 * T.int64(4) + oc_block_1 * T.int64(4) + oc_block_2 + oc_block_3)
                    v_ic = T.axis.reduce(T.int64(480), ic_0 * T.int64(12) + ic_1)
                    v_kh = T.axis.reduce(T.int64(1), kh_0 + kh_1)
                    v_kw = T.axis.reduce(T.int64(1), kw_0 + kw_1)
                    T.reads(p0[v_n, v_ic // T.int64(8), v_oh + v_kh, v_ow + v_kw, v_ic % T.int64(8)], p1[v_oc_chunk, v_ic // T.int64(8), v_kh, v_kw, v_ic % T.int64(8), v_oc_block])
                    T.writes(conv2d_NCHWc[v_n, v_oc_chunk, v_oh, v_ow, v_oc_block])
                    T.block_attr({"meta_schedule.tiling_structure": "SSRSRS"})
                    with T.init():
                        conv2d_NCHWc[v_n, v_oc_chunk, v_oh, v_ow, v_oc_block] = T.float32(0)
                    conv2d_NCHWc[v_n, v_oc_chunk, v_oh, v_ow, v_oc_block] = conv2d_NCHWc[v_n, v_oc_chunk, v_oh, v_ow, v_oc_block] + p0[v_n, v_ic // T.int64(8), v_oh + v_kh, v_ow + v_kw, v_ic % T.int64(8)] * p1[v_oc_chunk, v_ic // T.int64(8), v_kh, v_kw, v_ic % T.int64(8), v_oc_block]
            for ax0, ax1, ax2, ax3, ax4 in T.grid(T.int64(1), T.int64(16), T.int64(2), T.int64(2), T.int64(8)):
                with T.block("T_relu"):
                    v_ax0, v_ax1, v_ax2, v_ax3, v_ax4 = T.axis.remap("SSSSS", [ax0, ax1, ax2, ax3, ax4])
                    T.reads(conv2d_NCHWc[v_ax0, v_ax1, v_ax2, v_ax3, v_ax4], p2[v_ax0, v_ax1, T.int64(0), T.int64(0), v_ax4])
                    T.writes(T_relu[v_ax0, v_ax1, v_ax2, v_ax3, v_ax4])
                    T_relu[v_ax0, v_ax1, v_ax2, v_ax3, v_ax4] = T.max(conv2d_NCHWc[v_ax0, v_ax1, v_ax2, v_ax3, v_ax4] + p2[v_ax0, v_ax1, T.int64(0), T.int64(0), v_ax4], T.float32(0))
b0 = sch.get_block(name="conv2d_NCHWc", func_name="main")
b1 = sch.get_block(name="T_add", func_name="main")
b2 = sch.get_block(name="root", func_name="main")
sch.compute_inline(block=b1)
sch.annotate(block_or_loop=b0, ann_key="meta_schedule.tiling_structure", ann_val="SSRSRS")
l3, l4, l5, l6, l7, l8, l9, l10 = sch.get_loops(block=b0)
v11, v12, v13, v14 = sch.sample_perfect_tile(loop=l3, n=4, max_innermost_factor=64, decision=[1, 1, 1, 1])
l15, l16, l17, l18 = sch.split(loop=l3, factors=[v11, v12, v13, v14], preserve_unit_iters=True, disable_predication=False)
v19, v20, v21, v22 = sch.sample_perfect_tile(loop=l4, n=4, max_innermost_factor=64, decision=[2, 2, 1, 4])
l23, l24, l25, l26 = sch.split(loop=l4, factors=[v19, v20, v21, v22], preserve_unit_iters=True, disable_predication=False)
v27, v28, v29, v30 = sch.sample_perfect_tile(loop=l5, n=4, max_innermost_factor=64, decision=[1, 2, 1, 1])
l31, l32, l33, l34 = sch.split(loop=l5, factors=[v27, v28, v29, v30], preserve_unit_iters=True, disable_predication=False)
v35, v36, v37, v38 = sch.sample_perfect_tile(loop=l6, n=4, max_innermost_factor=64, decision=[1, 1, 2, 1])
l39, l40, l41, l42 = sch.split(loop=l6, factors=[v35, v36, v37, v38], preserve_unit_iters=True, disable_predication=False)
v43, v44, v45, v46 = sch.sample_perfect_tile(loop=l7, n=4, max_innermost_factor=64, decision=[2, 1, 4, 1])
l47, l48, l49, l50 = sch.split(loop=l7, factors=[v43, v44, v45, v46], preserve_unit_iters=True, disable_predication=False)
v51, v52 = sch.sample_perfect_tile(loop=l8, n=2, max_innermost_factor=64, decision=[40, 12])
l53, l54 = sch.split(loop=l8, factors=[v51, v52], preserve_unit_iters=True, disable_predication=False)
v55, v56 = sch.sample_perfect_tile(loop=l9, n=2, max_innermost_factor=64, decision=[1, 1])
l57, l58 = sch.split(loop=l9, factors=[v55, v56], preserve_unit_iters=True, disable_predication=False)
v59, v60 = sch.sample_perfect_tile(loop=l10, n=2, max_innermost_factor=64, decision=[1, 1])
l61, l62 = sch.split(loop=l10, factors=[v59, v60], preserve_unit_iters=True, disable_predication=False)
sch.reorder(l15, l23, l31, l39, l47, l16, l24, l32, l40, l48, l53, l57, l61, l17, l25, l33, l41, l49, l54, l58, l62, l18, l26, l34, l42, l50)
sch.annotate(block_or_loop=b2, ann_key="meta_schedule.parallel", ann_val=96)
sch.annotate(block_or_loop=b2, ann_key="meta_schedule.vectorize", ann_val=64)
v63 = sch.sample_categorical(candidates=[0, 16, 64, 512], probs=[0.25, 0.25, 0.25, 0.25], decision=2)
sch.annotate(block_or_loop=b2, ann_key="meta_schedule.unroll_explicit", ann_val=v63)
2024-05-20 13:16:49 [INFO] [task_scheduler.cc:170] Design space #1:
# from tvm.script import ir as I
# from tvm.script import tir as T

@I.ir_module
class Module:
    @T.prim_func
    def main(p0: T.Buffer((T.int64(1), T.int64(60), T.int64(2), T.int64(2), T.int64(8)), "float32"), p1: T.Buffer((T.int64(16), T.int64(60), T.int64(1), T.int64(1), T.int64(8), T.int64(8)), "float32"), p2: T.Buffer((T.int64(1), T.int64(16), T.int64(1), T.int64(1), T.int64(8)), "float32"), T_relu: T.Buffer((T.int64(1), T.int64(16), T.int64(2), T.int64(2), T.int64(8)), "float32")):
        T.func_attr({"tir.noalias": T.bool(True)})
        with T.block("root"):
            T.reads()
            T.writes()
            T.block_attr({"meta_schedule.parallel": 96, "meta_schedule.unroll_explicit": 512, "meta_schedule.vectorize": 64})
            conv2d_NCHWc = T.alloc_buffer((T.int64(1), T.int64(16), T.int64(2), T.int64(2), T.int64(8)))
            for n_0, oc_chunk_0, oh_0, ow_0, oc_block_0, n_1, oc_chunk_1, oh_1, ow_1, oc_block_1 in T.grid(T.int64(1), T.int64(2), T.int64(1), T.int64(1), T.int64(2), T.int64(1), T.int64(2), T.int64(2), T.int64(1), T.int64(1)):
                for ic_0, kh_0, kw_0, n_2, oc_chunk_2, oh_2, ow_2, oc_block_2, ic_1, kh_1, kw_1, n_3, oc_chunk_3, oh_3, ow_3, oc_block_3 in T.grid(T.int64(40), T.int64(1), T.int64(1), T.int64(1), T.int64(1), T.int64(1), T.int64(2), T.int64(4), T.int64(12), T.int64(1), T.int64(1), T.int64(1), T.int64(4), T.int64(1), T.int64(1), T.int64(1)):
                    with T.block("conv2d_NCHWc"):
                        v_n = T.axis.spatial(T.int64(1), n_0 + n_1 + n_2 + n_3)
                        v_oc_chunk = T.axis.spatial(T.int64(16), oc_chunk_0 * T.int64(8) + oc_chunk_1 * T.int64(4) + oc_chunk_2 * T.int64(4) + oc_chunk_3)
                        v_oh = T.axis.spatial(T.int64(2), oh_0 * T.int64(2) + oh_1 + oh_2 + oh_3)
                        v_ow = T.axis.spatial(T.int64(2), ow_0 * T.int64(2) + ow_1 * T.int64(2) + ow_2 + ow_3)
                        v_oc_block = T.axis.spatial(T.int64(8), oc_block_0 * T.int64(4) + oc_block_1 * T.int64(4) + oc_block_2 + oc_block_3)
                        v_ic = T.axis.reduce(T.int64(480), ic_0 * T.int64(12) + ic_1)
                        v_kh = T.axis.reduce(T.int64(1), kh_0 + kh_1)
                        v_kw = T.axis.reduce(T.int64(1), kw_0 + kw_1)
                        T.reads(p0[v_n, v_ic // T.int64(8), v_oh + v_kh, v_ow + v_kw, v_ic % T.int64(8)], p1[v_oc_chunk, v_ic // T.int64(8), v_kh, v_kw, v_ic % T.int64(8), v_oc_block])
                        T.writes(conv2d_NCHWc[v_n, v_oc_chunk, v_oh, v_ow, v_oc_block])
                        T.block_attr({"meta_schedule.tiling_structure": "SSRSRS"})
                        with T.init():
                            conv2d_NCHWc[v_n, v_oc_chunk, v_oh, v_ow, v_oc_block] = T.float32(0)
                        conv2d_NCHWc[v_n, v_oc_chunk, v_oh, v_ow, v_oc_block] = conv2d_NCHWc[v_n, v_oc_chunk, v_oh, v_ow, v_oc_block] + p0[v_n, v_ic // T.int64(8), v_oh + v_kh, v_ow + v_kw, v_ic % T.int64(8)] * p1[v_oc_chunk, v_ic // T.int64(8), v_kh, v_kw, v_ic % T.int64(8), v_oc_block]
                for ax0, ax1, ax2, ax3, ax4 in T.grid(T.int64(1), T.int64(4), T.int64(1), T.int64(2), T.int64(4)):
                    with T.block("T_relu"):
                        v_ax0 = T.axis.spatial(T.int64(1), ax0)
                        v_ax1 = T.axis.spatial(T.int64(16), oc_chunk_0 * T.int64(8) + oc_chunk_1 * T.int64(4) + ax1)
                        v_ax2 = T.axis.spatial(T.int64(2), oh_1 + ax2)
                        v_ax3 = T.axis.spatial(T.int64(2), ax3)
                        v_ax4 = T.axis.spatial(T.int64(8), oc_block_0 * T.int64(4) + ax4)
                        T.reads(conv2d_NCHWc[v_ax0, v_ax1, v_ax2, v_ax3, v_ax4], p2[v_ax0, v_ax1, T.int64(0), T.int64(0), v_ax4])
                        T.writes(T_relu[v_ax0, v_ax1, v_ax2, v_ax3, v_ax4])
                        T_relu[v_ax0, v_ax1, v_ax2, v_ax3, v_ax4] = T.max(conv2d_NCHWc[v_ax0, v_ax1, v_ax2, v_ax3, v_ax4] + p2[v_ax0, v_ax1, T.int64(0), T.int64(0), v_ax4], T.float32(0))
b0 = sch.get_block(name="conv2d_NCHWc", func_name="main")
b1 = sch.get_block(name="T_add", func_name="main")
b2 = sch.get_block(name="root", func_name="main")
sch.compute_inline(block=b1)
sch.annotate(block_or_loop=b0, ann_key="meta_schedule.tiling_structure", ann_val="SSRSRS")
l3, l4, l5, l6, l7, l8, l9, l10 = sch.get_loops(block=b0)
v11, v12, v13, v14 = sch.sample_perfect_tile(loop=l3, n=4, max_innermost_factor=64, decision=[1, 1, 1, 1])
l15, l16, l17, l18 = sch.split(loop=l3, factors=[v11, v12, v13, v14], preserve_unit_iters=True, disable_predication=False)
v19, v20, v21, v22 = sch.sample_perfect_tile(loop=l4, n=4, max_innermost_factor=64, decision=[2, 2, 1, 4])
l23, l24, l25, l26 = sch.split(loop=l4, factors=[v19, v20, v21, v22], preserve_unit_iters=True, disable_predication=False)
v27, v28, v29, v30 = sch.sample_perfect_tile(loop=l5, n=4, max_innermost_factor=64, decision=[1, 2, 1, 1])
l31, l32, l33, l34 = sch.split(loop=l5, factors=[v27, v28, v29, v30], preserve_unit_iters=True, disable_predication=False)
v35, v36, v37, v38 = sch.sample_perfect_tile(loop=l6, n=4, max_innermost_factor=64, decision=[1, 1, 2, 1])
l39, l40, l41, l42 = sch.split(loop=l6, factors=[v35, v36, v37, v38], preserve_unit_iters=True, disable_predication=False)
v43, v44, v45, v46 = sch.sample_perfect_tile(loop=l7, n=4, max_innermost_factor=64, decision=[2, 1, 4, 1])
l47, l48, l49, l50 = sch.split(loop=l7, factors=[v43, v44, v45, v46], preserve_unit_iters=True, disable_predication=False)
v51, v52 = sch.sample_perfect_tile(loop=l8, n=2, max_innermost_factor=64, decision=[40, 12])
l53, l54 = sch.split(loop=l8, factors=[v51, v52], preserve_unit_iters=True, disable_predication=False)
v55, v56 = sch.sample_perfect_tile(loop=l9, n=2, max_innermost_factor=64, decision=[1, 1])
l57, l58 = sch.split(loop=l9, factors=[v55, v56], preserve_unit_iters=True, disable_predication=False)
v59, v60 = sch.sample_perfect_tile(loop=l10, n=2, max_innermost_factor=64, decision=[1, 1])
l61, l62 = sch.split(loop=l10, factors=[v59, v60], preserve_unit_iters=True, disable_predication=False)
sch.reorder(l15, l23, l31, l39, l47, l16, l24, l32, l40, l48, l53, l57, l61, l17, l25, l33, l41, l49, l54, l58, l62, l18, l26, l34, l42, l50)
b63, = sch.get_consumers(block=b0)
sch.reverse_compute_at(block=b63, loop=l48, preserve_unit_loops=True, index=-1)
sch.annotate(block_or_loop=b2, ann_key="meta_schedule.parallel", ann_val=96)
sch.annotate(block_or_loop=b2, ann_key="meta_schedule.vectorize", ann_val=64)
v64 = sch.sample_categorical(candidates=[0, 16, 64, 512], probs=[0.25, 0.25, 0.25, 0.25], decision=3)
sch.annotate(block_or_loop=b2, ann_key="meta_schedule.unroll_explicit", ann_val=v64)
2024-05-20 13:16:49 [INFO] [task_scheduler.cc:170] Design space #2:
# from tvm.script import ir as I
# from tvm.script import tir as T

@I.ir_module
class Module:
    @T.prim_func
    def main(p0: T.Buffer((T.int64(1), T.int64(60), T.int64(2), T.int64(2), T.int64(8)), "float32"), p1: T.Buffer((T.int64(16), T.int64(60), T.int64(1), T.int64(1), T.int64(8), T.int64(8)), "float32"), p2: T.Buffer((T.int64(1), T.int64(16), T.int64(1), T.int64(1), T.int64(8)), "float32"), T_relu: T.Buffer((T.int64(1), T.int64(16), T.int64(2), T.int64(2), T.int64(8)), "float32")):
        T.func_attr({"tir.noalias": T.bool(True)})
        with T.block("root"):
            T.reads()
            T.writes()
            T.block_attr({"meta_schedule.parallel": 96, "meta_schedule.unroll_explicit": 64, "meta_schedule.vectorize": 64})
            conv2d_NCHWc = T.alloc_buffer((T.int64(1), T.int64(16), T.int64(2), T.int64(2), T.int64(8)))
            for n_0, oc_chunk_0, oh_0, ow_0, oc_block_0 in T.grid(T.int64(1), T.int64(2), T.int64(1), T.int64(1), T.int64(2)):
                for n_1, oc_chunk_1, oh_1, ow_1, oc_block_1, ic_0, kh_0, kw_0, n_2, oc_chunk_2, oh_2, ow_2, oc_block_2, ic_1, kh_1, kw_1, n_3, oc_chunk_3, oh_3, ow_3, oc_block_3 in T.grid(T.int64(1), T.int64(2), T.int64(2), T.int64(1), T.int64(1), T.int64(40), T.int64(1), T.int64(1), T.int64(1), T.int64(1), T.int64(1), T.int64(2), T.int64(4), T.int64(12), T.int64(1), T.int64(1), T.int64(1), T.int64(4), T.int64(1), T.int64(1), T.int64(1)):
                    with T.block("conv2d_NCHWc"):
                        v_n = T.axis.spatial(T.int64(1), n_0 + n_1 + n_2 + n_3)
                        v_oc_chunk = T.axis.spatial(T.int64(16), oc_chunk_0 * T.int64(8) + oc_chunk_1 * T.int64(4) + oc_chunk_2 * T.int64(4) + oc_chunk_3)
                        v_oh = T.axis.spatial(T.int64(2), oh_0 * T.int64(2) + oh_1 + oh_2 + oh_3)
                        v_ow = T.axis.spatial(T.int64(2), ow_0 * T.int64(2) + ow_1 * T.int64(2) + ow_2 + ow_3)
                        v_oc_block = T.axis.spatial(T.int64(8), oc_block_0 * T.int64(4) + oc_block_1 * T.int64(4) + oc_block_2 + oc_block_3)
                        v_ic = T.axis.reduce(T.int64(480), ic_0 * T.int64(12) + ic_1)
                        v_kh = T.axis.reduce(T.int64(1), kh_0 + kh_1)
                        v_kw = T.axis.reduce(T.int64(1), kw_0 + kw_1)
                        T.reads(p0[v_n, v_ic // T.int64(8), v_oh + v_kh, v_ow + v_kw, v_ic % T.int64(8)], p1[v_oc_chunk, v_ic // T.int64(8), v_kh, v_kw, v_ic % T.int64(8), v_oc_block])
                        T.writes(conv2d_NCHWc[v_n, v_oc_chunk, v_oh, v_ow, v_oc_block])
                        T.block_attr({"meta_schedule.tiling_structure": "SSRSRS"})
                        with T.init():
                            conv2d_NCHWc[v_n, v_oc_chunk, v_oh, v_ow, v_oc_block] = T.float32(0)
                        conv2d_NCHWc[v_n, v_oc_chunk, v_oh, v_ow, v_oc_block] = conv2d_NCHWc[v_n, v_oc_chunk, v_oh, v_ow, v_oc_block] + p0[v_n, v_ic // T.int64(8), v_oh + v_kh, v_ow + v_kw, v_ic % T.int64(8)] * p1[v_oc_chunk, v_ic // T.int64(8), v_kh, v_kw, v_ic % T.int64(8), v_oc_block]
                for ax0, ax1, ax2, ax3, ax4 in T.grid(T.int64(1), T.int64(8), T.int64(2), T.int64(2), T.int64(4)):
                    with T.block("T_relu"):
                        v_ax0 = T.axis.spatial(T.int64(1), ax0)
                        v_ax1 = T.axis.spatial(T.int64(16), oc_chunk_0 * T.int64(8) + ax1)
                        v_ax2, v_ax3 = T.axis.remap("SS", [ax2, ax3])
                        v_ax4 = T.axis.spatial(T.int64(8), oc_block_0 * T.int64(4) + ax4)
                        T.reads(conv2d_NCHWc[v_ax0, v_ax1, v_ax2, v_ax3, v_ax4], p2[v_ax0, v_ax1, T.int64(0), T.int64(0), v_ax4])
                        T.writes(T_relu[v_ax0, v_ax1, v_ax2, v_ax3, v_ax4])
                        T_relu[v_ax0, v_ax1, v_ax2, v_ax3, v_ax4] = T.max(conv2d_NCHWc[v_ax0, v_ax1, v_ax2, v_ax3, v_ax4] + p2[v_ax0, v_ax1, T.int64(0), T.int64(0), v_ax4], T.float32(0))
b0 = sch.get_block(name="conv2d_NCHWc", func_name="main")
b1 = sch.get_block(name="T_add", func_name="main")
b2 = sch.get_block(name="root", func_name="main")
sch.compute_inline(block=b1)
sch.annotate(block_or_loop=b0, ann_key="meta_schedule.tiling_structure", ann_val="SSRSRS")
l3, l4, l5, l6, l7, l8, l9, l10 = sch.get_loops(block=b0)
v11, v12, v13, v14 = sch.sample_perfect_tile(loop=l3, n=4, max_innermost_factor=64, decision=[1, 1, 1, 1])
l15, l16, l17, l18 = sch.split(loop=l3, factors=[v11, v12, v13, v14], preserve_unit_iters=True, disable_predication=False)
v19, v20, v21, v22 = sch.sample_perfect_tile(loop=l4, n=4, max_innermost_factor=64, decision=[2, 2, 1, 4])
l23, l24, l25, l26 = sch.split(loop=l4, factors=[v19, v20, v21, v22], preserve_unit_iters=True, disable_predication=False)
v27, v28, v29, v30 = sch.sample_perfect_tile(loop=l5, n=4, max_innermost_factor=64, decision=[1, 2, 1, 1])
l31, l32, l33, l34 = sch.split(loop=l5, factors=[v27, v28, v29, v30], preserve_unit_iters=True, disable_predication=False)
v35, v36, v37, v38 = sch.sample_perfect_tile(loop=l6, n=4, max_innermost_factor=64, decision=[1, 1, 2, 1])
l39, l40, l41, l42 = sch.split(loop=l6, factors=[v35, v36, v37, v38], preserve_unit_iters=True, disable_predication=False)
v43, v44, v45, v46 = sch.sample_perfect_tile(loop=l7, n=4, max_innermost_factor=64, decision=[2, 1, 4, 1])
l47, l48, l49, l50 = sch.split(loop=l7, factors=[v43, v44, v45, v46], preserve_unit_iters=True, disable_predication=False)
v51, v52 = sch.sample_perfect_tile(loop=l8, n=2, max_innermost_factor=64, decision=[40, 12])
l53, l54 = sch.split(loop=l8, factors=[v51, v52], preserve_unit_iters=True, disable_predication=False)
v55, v56 = sch.sample_perfect_tile(loop=l9, n=2, max_innermost_factor=64, decision=[1, 1])
l57, l58 = sch.split(loop=l9, factors=[v55, v56], preserve_unit_iters=True, disable_predication=False)
v59, v60 = sch.sample_perfect_tile(loop=l10, n=2, max_innermost_factor=64, decision=[1, 1])
l61, l62 = sch.split(loop=l10, factors=[v59, v60], preserve_unit_iters=True, disable_predication=False)
sch.reorder(l15, l23, l31, l39, l47, l16, l24, l32, l40, l48, l53, l57, l61, l17, l25, l33, l41, l49, l54, l58, l62, l18, l26, l34, l42, l50)
b63, = sch.get_consumers(block=b0)
sch.reverse_compute_at(block=b63, loop=l47, preserve_unit_loops=True, index=-1)
sch.annotate(block_or_loop=b2, ann_key="meta_schedule.parallel", ann_val=96)
sch.annotate(block_or_loop=b2, ann_key="meta_schedule.vectorize", ann_val=64)
v64 = sch.sample_categorical(candidates=[0, 16, 64, 512], probs=[0.25, 0.25, 0.25, 0.25], decision=2)
sch.annotate(block_or_loop=b2, ann_key="meta_schedule.unroll_explicit", ann_val=v64)
2024-05-20 14:18:44 [INFO] [evolutionary_search.cc:713] Generating candidates......
2024-05-20 14:18:44 [INFO] [evolutionary_search.cc:715] Picked top 0 candidate(s) from database
2024-05-20 14:18:45 [INFO] [evolutionary_search.cc:533] Sample-Init-Population summary:
Postproc #0 [meta_schedule.DisallowDynamicLoop(0x481586a8)]: 0 failure(s)
Postproc #1 [meta_schedule.RewriteParallelVectorizeUnroll(0x488bbce8)]: 0 failure(s)
Postproc #2 [meta_schedule.RewriteReductionBlock(0x4c3bbd88)]: 0 failure(s)
Postproc #3 [meta_schedule.RewriteLayout(0x473a07d8)]: 0 failure(s)
2024-05-20 14:18:45 [INFO] [evolutionary_search.cc:723] Sampled 512 candidate(s)
2024-05-20 14:18:47 [INFO] [evolutionary_search.cc:621] Evolve iter #0 done. Summary:
Postproc #0 [meta_schedule.DisallowDynamicLoop(0x481586a8)]: 0 failure(s)
Postproc #1 [meta_schedule.RewriteParallelVectorizeUnroll(0x488bbce8)]: 0 failure(s)
Postproc #2 [meta_schedule.RewriteReductionBlock(0x4c3bbd88)]: 0 failure(s)
Postproc #3 [meta_schedule.RewriteLayout(0x473a07d8)]: 0 failure(s)
2024-05-20 14:18:48 [INFO] [evolutionary_search.cc:621] Evolve iter #1 done. Summary:
Postproc #0 [meta_schedule.DisallowDynamicLoop(0x481586a8)]: 0 failure(s)
Postproc #1 [meta_schedule.RewriteParallelVectorizeUnroll(0x488bbce8)]: 0 failure(s)
Postproc #2 [meta_schedule.RewriteReductionBlock(0x4c3bbd88)]: 0 failure(s)
Postproc #3 [meta_schedule.RewriteLayout(0x473a07d8)]: 0 failure(s)
2024-05-20 14:18:49 [INFO] [evolutionary_search.cc:621] Evolve iter #2 done. Summary:
Postproc #0 [meta_schedule.DisallowDynamicLoop(0x481586a8)]: 0 failure(s)
Postproc #1 [meta_schedule.RewriteParallelVectorizeUnroll(0x488bbce8)]: 0 failure(s)
Postproc #2 [meta_schedule.RewriteReductionBlock(0x4c3bbd88)]: 0 failure(s)
Postproc #3 [meta_schedule.RewriteLayout(0x473a07d8)]: 0 failure(s)
2024-05-20 14:18:50 [INFO] [evolutionary_search.cc:621] Evolve iter #3 done. Summary:
Postproc #0 [meta_schedule.DisallowDynamicLoop(0x481586a8)]: 0 failure(s)
Postproc #1 [meta_schedule.RewriteParallelVectorizeUnroll(0x488bbce8)]: 0 failure(s)
Postproc #2 [meta_schedule.RewriteReductionBlock(0x4c3bbd88)]: 0 failure(s)
Postproc #3 [meta_schedule.RewriteLayout(0x473a07d8)]: 0 failure(s)
2024-05-20 14:18:50 [INFO] [evolutionary_search.cc:649] Scores of the best 64 candidates:
[1 : 16]:	0.9998  0.9989  0.9987  0.9986  0.9981  0.9979  0.9974  0.9966  0.9965  0.9956  0.9939  0.9939  0.9922  0.9921  0.9915  0.9913
[17 : 32]:	0.9908  0.9907  0.9903  0.9895  0.9895  0.9893  0.9887  0.9884  0.9878  0.9869  0.9867  0.9866  0.9865  0.9853  0.9853  0.9843
[33 : 48]:	0.9825  0.9825  0.9822  0.9820  0.9817  0.9814  0.9813  0.9812  0.9809  0.9809  0.9788  0.9787  0.9787  0.9779  0.9779  0.9768
[49 : 64]:	0.9747  0.9738  0.9736  0.9735  0.9733  0.9726  0.9726  0.9725  0.9723  0.9722  0.9716  0.9713  0.9711  0.9709  0.9706  0.9702
2024-05-20 14:18:50 [INFO] [evolutionary_search.cc:727] Got 64 candidate(s) with evolutionary search
2024-05-20 14:18:50 [INFO] [evolutionary_search.cc:730] Sending 64 candidates(s) for measurement
2024-05-20 15:31:16 [INFO] [task_scheduler.cc:131] [Task #33: fused_nn_contrib_conv2d_NCHWc_add_nn_relu_32] Trial #1: GFLOPs: 6.9908. Time: 70.4562 us. Best GFLOPs: 6.9908
2024-05-20 15:31:16 [INFO] [task_scheduler.cc:131] [Task #33: fused_nn_contrib_conv2d_NCHWc_add_nn_relu_32] Trial #2: GFLOPs: 8.8464. Time: 55.6771 us. Best GFLOPs: 8.8464
2024-05-20 15:31:16 [INFO] [task_scheduler.cc:131] [Task #33: fused_nn_contrib_conv2d_NCHWc_add_nn_relu_32] Trial #3: GFLOPs: 14.6602. Time: 33.5974 us. Best GFLOPs: 14.6602
2024-05-20 15:31:16 [INFO] [task_scheduler.cc:131] [Task #33: fused_nn_contrib_conv2d_NCHWc_add_nn_relu_32] Trial #4: GFLOPs: 27.7664. Time: 17.7389 us. Best GFLOPs: 27.7664
2024-05-20 15:31:16 [INFO] [task_scheduler.cc:131] [Task #33: fused_nn_contrib_conv2d_NCHWc_add_nn_relu_32] Trial #5: GFLOPs: 9.7224. Time: 50.6609 us. Best GFLOPs: 27.7664
2024-05-20 15:31:16 [INFO] [task_scheduler.cc:131] [Task #33: fused_nn_contrib_conv2d_NCHWc_add_nn_relu_32] Trial #6: GFLOPs: 4.3702. Time: 112.7057 us. Best GFLOPs: 27.7664
2024-05-20 15:31:16 [INFO] [task_scheduler.cc:131] [Task #33: fused_nn_contrib_conv2d_NCHWc_add_nn_relu_32] Trial #7: GFLOPs: 4.2202. Time: 116.7106 us. Best GFLOPs: 27.7664
2024-05-20 15:31:16 [INFO] [task_scheduler.cc:131] [Task #33: fused_nn_contrib_conv2d_NCHWc_add_nn_relu_32] Trial #8: GFLOPs: 12.7211. Time: 38.7186 us. Best GFLOPs: 27.7664
2024-05-20 15:31:16 [INFO] [task_scheduler.cc:131] [Task #33: fused_nn_contrib_conv2d_NCHWc_add_nn_relu_32] Trial #9: GFLOPs: 19.9213. Time: 24.7245 us. Best GFLOPs: 27.7664
2024-05-20 15:31:16 [INFO] [task_scheduler.cc:131] [Task #33: fused_nn_contrib_conv2d_NCHWc_add_nn_relu_32] Trial #10: GFLOPs: 9.2053. Time: 53.5068 us. Best GFLOPs: 27.7664
2024-05-20 15:31:16 [INFO] [task_scheduler.cc:131] [Task #33: fused_nn_contrib_conv2d_NCHWc_add_nn_relu_32] Trial #11: GFLOPs: 30.8449. Time: 15.9684 us. Best GFLOPs: 30.8449
2024-05-20 15:31:16 [INFO] [task_scheduler.cc:131] [Task #33: fused_nn_contrib_conv2d_NCHWc_add_nn_relu_32] Trial #12: GFLOPs: 4.4788. Time: 109.9716 us. Best GFLOPs: 30.8449
2024-05-20 15:31:16 [INFO] [task_scheduler.cc:131] [Task #33: fused_nn_contrib_conv2d_NCHWc_add_nn_relu_32] Trial #13: GFLOPs: 21.2774. Time: 23.1487 us. Best GFLOPs: 30.8449
2024-05-20 15:31:16 [INFO] [task_scheduler.cc:131] [Task #33: fused_nn_contrib_conv2d_NCHWc_add_nn_relu_32] Trial #14: GFLOPs: 8.1958. Time: 60.0969 us. Best GFLOPs: 30.8449
2024-05-20 15:31:16 [INFO] [task_scheduler.cc:131] [Task #33: fused_nn_contrib_conv2d_NCHWc_add_nn_relu_32] Trial #15: GFLOPs: 36.8255. Time: 13.3751 us. Best GFLOPs: 36.8255
2024-05-20 15:31:16 [INFO] [task_scheduler.cc:131] [Task #33: fused_nn_contrib_conv2d_NCHWc_add_nn_relu_32] Trial #16: GFLOPs: 9.3457. Time: 52.7027 us. Best GFLOPs: 36.8255
2024-05-20 15:31:16 [INFO] [task_scheduler.cc:131] [Task #33: fused_nn_contrib_conv2d_NCHWc_add_nn_relu_32] Trial #17: GFLOPs: 44.5047. Time: 11.0672 us. Best GFLOPs: 44.5047
2024-05-20 15:31:16 [INFO] [task_scheduler.cc:131] [Task #33: fused_nn_contrib_conv2d_NCHWc_add_nn_relu_32] Trial #18: GFLOPs: 11.0193. Time: 44.6983 us. Best GFLOPs: 44.5047
2024-05-20 15:31:16 [INFO] [task_scheduler.cc:131] [Task #33: fused_nn_contrib_conv2d_NCHWc_add_nn_relu_32] Trial #19: GFLOPs: 13.3265. Time: 36.9598 us. Best GFLOPs: 44.5047
2024-05-20 15:31:16 [INFO] [task_scheduler.cc:131] [Task #33: fused_nn_contrib_conv2d_NCHWc_add_nn_relu_32] Trial #20: GFLOPs: 13.0335. Time: 37.7905 us. Best GFLOPs: 44.5047
2024-05-20 15:31:16 [INFO] [task_scheduler.cc:131] [Task #33: fused_nn_contrib_conv2d_NCHWc_add_nn_relu_32] Trial #21: GFLOPs: 25.6357. Time: 19.2132 us. Best GFLOPs: 44.5047
2024-05-20 15:31:16 [INFO] [task_scheduler.cc:131] [Task #33: fused_nn_contrib_conv2d_NCHWc_add_nn_relu_32] Trial #22: GFLOPs: 6.9521. Time: 70.8482 us. Best GFLOPs: 44.5047
2024-05-20 15:31:16 [INFO] [task_scheduler.cc:131] [Task #33: fused_nn_contrib_conv2d_NCHWc_add_nn_relu_32] Trial #23: GFLOPs: 24.9101. Time: 19.7728 us. Best GFLOPs: 44.5047
2024-05-20 15:31:16 [INFO] [task_scheduler.cc:131] [Task #33: fused_nn_contrib_conv2d_NCHWc_add_nn_relu_32] Trial #24: GFLOPs: 1.8356. Time: 268.3347 us. Best GFLOPs: 44.5047
2024-05-20 15:31:16 [INFO] [task_scheduler.cc:131] [Task #33: fused_nn_contrib_conv2d_NCHWc_add_nn_relu_32] Trial #25: GFLOPs: 10.0448. Time: 49.0347 us. Best GFLOPs: 44.5047
2024-05-20 15:31:16 [INFO] [task_scheduler.cc:131] [Task #33: fused_nn_contrib_conv2d_NCHWc_add_nn_relu_32] Trial #26: GFLOPs: 5.3581. Time: 91.9248 us. Best GFLOPs: 44.5047
2024-05-20 15:31:16 [INFO] [task_scheduler.cc:131] [Task #33: fused_nn_contrib_conv2d_NCHWc_add_nn_relu_32] Trial #27: GFLOPs: 18.1219. Time: 27.1795 us. Best GFLOPs: 44.5047
2024-05-20 15:31:16 [INFO] [task_scheduler.cc:131] [Task #33: fused_nn_contrib_conv2d_NCHWc_add_nn_relu_32] Trial #28: GFLOPs: 9.7449. Time: 50.5437 us. Best GFLOPs: 44.5047
2024-05-20 15:31:16 [INFO] [task_scheduler.cc:131] [Task #33: fused_nn_contrib_conv2d_NCHWc_add_nn_relu_32] Trial #29: GFLOPs: 22.9570. Time: 21.4551 us. Best GFLOPs: 44.5047
2024-05-20 15:31:16 [INFO] [task_scheduler.cc:131] [Task #33: fused_nn_contrib_conv2d_NCHWc_add_nn_relu_32] Trial #30: GFLOPs: 12.3548. Time: 39.8665 us. Best GFLOPs: 44.5047
2024-05-20 15:31:16 [INFO] [task_scheduler.cc:131] [Task #33: fused_nn_contrib_conv2d_NCHWc_add_nn_relu_32] Trial #31: GFLOPs: 18.0000. Time: 27.3635 us. Best GFLOPs: 44.5047
2024-05-20 15:31:16 [INFO] [task_scheduler.cc:131] [Task #33: fused_nn_contrib_conv2d_NCHWc_add_nn_relu_32] Trial #32: GFLOPs: 34.7676. Time: 14.1668 us. Best GFLOPs: 44.5047
2024-05-20 15:31:16 [INFO] [task_scheduler.cc:131] [Task #33: fused_nn_contrib_conv2d_NCHWc_add_nn_relu_32] Trial #33: GFLOPs: 20.8752. Time: 23.5947 us. Best GFLOPs: 44.5047
2024-05-20 15:31:16 [INFO] [task_scheduler.cc:131] [Task #33: fused_nn_contrib_conv2d_NCHWc_add_nn_relu_32] Trial #34: GFLOPs: 12.6652. Time: 38.8896 us. Best GFLOPs: 44.5047
2024-05-20 15:31:16 [INFO] [task_scheduler.cc:131] [Task #33: fused_nn_contrib_conv2d_NCHWc_add_nn_relu_32] Trial #35: GFLOPs: 24.7730. Time: 19.8823 us. Best GFLOPs: 44.5047
2024-05-20 15:31:16 [INFO] [task_scheduler.cc:131] [Task #33: fused_nn_contrib_conv2d_NCHWc_add_nn_relu_32] Trial #36: GFLOPs: 8.6520. Time: 56.9285 us. Best GFLOPs: 44.5047
2024-05-20 15:31:16 [INFO] [task_scheduler.cc:131] [Task #33: fused_nn_contrib_conv2d_NCHWc_add_nn_relu_32] Trial #37: GFLOPs: 23.1455. Time: 21.2804 us. Best GFLOPs: 44.5047
2024-05-20 15:31:16 [INFO] [task_scheduler.cc:131] [Task #33: fused_nn_contrib_conv2d_NCHWc_add_nn_relu_32] Trial #38: GFLOPs: 21.6500. Time: 22.7503 us. Best GFLOPs: 44.5047
2024-05-20 15:31:16 [INFO] [task_scheduler.cc:131] [Task #33: fused_nn_contrib_conv2d_NCHWc_add_nn_relu_32] Trial #39: GFLOPs: 13.0819. Time: 37.6508 us. Best GFLOPs: 44.5047
2024-05-20 15:31:16 [INFO] [task_scheduler.cc:131] [Task #33: fused_nn_contrib_conv2d_NCHWc_add_nn_relu_32] Trial #40: GFLOPs: 43.3875. Time: 11.3522 us. Best GFLOPs: 44.5047
2024-05-20 15:31:16 [INFO] [task_scheduler.cc:131] [Task #33: fused_nn_contrib_conv2d_NCHWc_add_nn_relu_32] Trial #41: GFLOPs: 12.2740. Time: 40.1290 us. Best GFLOPs: 44.5047
2024-05-20 15:31:16 [INFO] [task_scheduler.cc:131] [Task #33: fused_nn_contrib_conv2d_NCHWc_add_nn_relu_32] Trial #42: GFLOPs: 7.3906. Time: 66.6449 us. Best GFLOPs: 44.5047
2024-05-20 15:31:16 [INFO] [task_scheduler.cc:131] [Task #33: fused_nn_contrib_conv2d_NCHWc_add_nn_relu_32] Trial #43: GFLOPs: 27.5852. Time: 17.8553 us. Best GFLOPs: 44.5047
2024-05-20 15:31:16 [INFO] [task_scheduler.cc:131] [Task #33: fused_nn_contrib_conv2d_NCHWc_add_nn_relu_32] Trial #44: GFLOPs: 26.8454. Time: 18.3474 us. Best GFLOPs: 44.5047
2024-05-20 15:31:16 [INFO] [task_scheduler.cc:131] [Task #33: fused_nn_contrib_conv2d_NCHWc_add_nn_relu_32] Trial #45: GFLOPs: 57.2121. Time: 8.6091 us. Best GFLOPs: 57.2121
2024-05-20 15:31:16 [INFO] [task_scheduler.cc:131] [Task #33: fused_nn_contrib_conv2d_NCHWc_add_nn_relu_32] Trial #46: GFLOPs: 24.7258. Time: 19.9202 us. Best GFLOPs: 57.2121
2024-05-20 15:31:16 [INFO] [task_scheduler.cc:131] [Task #33: fused_nn_contrib_conv2d_NCHWc_add_nn_relu_32] Trial #47: GFLOPs: 0.4935. Time: 998.1610 us. Best GFLOPs: 57.2121
2024-05-20 15:31:16 [INFO] [task_scheduler.cc:131] [Task #33: fused_nn_contrib_conv2d_NCHWc_add_nn_relu_32] Trial #48: GFLOPs: 13.1722. Time: 37.3928 us. Best GFLOPs: 57.2121
2024-05-20 15:31:16 [INFO] [task_scheduler.cc:131] [Task #33: fused_nn_contrib_conv2d_NCHWc_add_nn_relu_32] Trial #49: GFLOPs: 16.6240. Time: 29.6286 us. Best GFLOPs: 57.2121
2024-05-20 15:31:16 [INFO] [task_scheduler.cc:131] [Task #33: fused_nn_contrib_conv2d_NCHWc_add_nn_relu_32] Trial #50: GFLOPs: 21.6626. Time: 22.7370 us. Best GFLOPs: 57.2121
2024-05-20 15:31:16 [INFO] [task_scheduler.cc:131] [Task #33: fused_nn_contrib_conv2d_NCHWc_add_nn_relu_32] Trial #51: GFLOPs: 35.2129. Time: 13.9876 us. Best GFLOPs: 57.2121
2024-05-20 15:31:16 [INFO] [task_scheduler.cc:131] [Task #33: fused_nn_contrib_conv2d_NCHWc_add_nn_relu_32] Trial #52: GFLOPs: 21.6978. Time: 22.7002 us. Best GFLOPs: 57.2121
2024-05-20 15:31:16 [INFO] [task_scheduler.cc:131] [Task #33: fused_nn_contrib_conv2d_NCHWc_add_nn_relu_32] Trial #53: GFLOPs: 40.9646. Time: 12.0237 us. Best GFLOPs: 57.2121
2024-05-20 15:31:16 [INFO] [task_scheduler.cc:131] [Task #33: fused_nn_contrib_conv2d_NCHWc_add_nn_relu_32] Trial #54: GFLOPs: 9.9827. Time: 49.3398 us. Best GFLOPs: 57.2121
2024-05-20 15:31:16 [INFO] [task_scheduler.cc:131] [Task #33: fused_nn_contrib_conv2d_NCHWc_add_nn_relu_32] Trial #55: GFLOPs: 15.3289. Time: 32.1317 us. Best GFLOPs: 57.2121
2024-05-20 15:31:16 [INFO] [task_scheduler.cc:131] [Task #33: fused_nn_contrib_conv2d_NCHWc_add_nn_relu_32] Trial #56: GFLOPs: 33.5095. Time: 14.6986 us. Best GFLOPs: 57.2121
2024-05-20 15:31:16 [INFO] [task_scheduler.cc:131] [Task #33: fused_nn_contrib_conv2d_NCHWc_add_nn_relu_32] Trial #57: GFLOPs: 15.6049. Time: 31.5634 us. Best GFLOPs: 57.2121
2024-05-20 15:31:16 [INFO] [task_scheduler.cc:131] [Task #33: fused_nn_contrib_conv2d_NCHWc_add_nn_relu_32] Trial #58: GFLOPs: 25.3930. Time: 19.3968 us. Best GFLOPs: 57.2121
2024-05-20 15:31:16 [INFO] [task_scheduler.cc:131] [Task #33: fused_nn_contrib_conv2d_NCHWc_add_nn_relu_32] Trial #59: GFLOPs: 18.8398. Time: 26.1438 us. Best GFLOPs: 57.2121
2024-05-20 15:31:16 [INFO] [task_scheduler.cc:131] [Task #33: fused_nn_contrib_conv2d_NCHWc_add_nn_relu_32] Trial #60: GFLOPs: 23.4205. Time: 21.0304 us. Best GFLOPs: 57.2121
2024-05-20 15:31:16 [INFO] [task_scheduler.cc:131] [Task #33: fused_nn_contrib_conv2d_NCHWc_add_nn_relu_32] Trial #61: GFLOPs: 48.9250. Time: 10.0673 us. Best GFLOPs: 57.2121
2024-05-20 15:31:16 [INFO] [task_scheduler.cc:131] [Task #33: fused_nn_contrib_conv2d_NCHWc_add_nn_relu_32] Trial #62: GFLOPs: 12.6168. Time: 39.0389 us. Best GFLOPs: 57.2121
2024-05-20 15:31:16 [INFO] [task_scheduler.cc:131] [Task #33: fused_nn_contrib_conv2d_NCHWc_add_nn_relu_32] Trial #63: GFLOPs: 13.7447. Time: 35.8352 us. Best GFLOPs: 57.2121
2024-05-20 15:31:16 [INFO] [task_scheduler.cc:131] [Task #33: fused_nn_contrib_conv2d_NCHWc_add_nn_relu_32] Trial #64: GFLOPs: 37.9440. Time: 12.9808 us. Best GFLOPs: 57.2121
2024-05-20 16:54:33 [INFO] [evolutionary_search.cc:713] Generating candidates......
2024-05-20 16:54:33 [INFO] [evolutionary_search.cc:715] Picked top 64 candidate(s) from database
2024-05-20 16:54:34 [INFO] [evolutionary_search.cc:533] Sample-Init-Population summary:
Postproc #0 [meta_schedule.DisallowDynamicLoop(0x481586a8)]: 0 failure(s)
Postproc #1 [meta_schedule.RewriteParallelVectorizeUnroll(0x488bbce8)]: 0 failure(s)
Postproc #2 [meta_schedule.RewriteReductionBlock(0x4c3bbd88)]: 0 failure(s)
Postproc #3 [meta_schedule.RewriteLayout(0x473a07d8)]: 0 failure(s)
2024-05-20 16:54:34 [INFO] [evolutionary_search.cc:723] Sampled 448 candidate(s)
2024-05-20 16:54:36 [INFO] [evolutionary_search.cc:621] Evolve iter #0 done. Summary:
Postproc #0 [meta_schedule.DisallowDynamicLoop(0x481586a8)]: 0 failure(s)
Postproc #1 [meta_schedule.RewriteParallelVectorizeUnroll(0x488bbce8)]: 0 failure(s)
Postproc #2 [meta_schedule.RewriteReductionBlock(0x4c3bbd88)]: 0 failure(s)
Postproc #3 [meta_schedule.RewriteLayout(0x473a07d8)]: 0 failure(s)
2024-05-20 16:54:38 [INFO] [evolutionary_search.cc:621] Evolve iter #1 done. Summary:
Postproc #0 [meta_schedule.DisallowDynamicLoop(0x481586a8)]: 0 failure(s)
Postproc #1 [meta_schedule.RewriteParallelVectorizeUnroll(0x488bbce8)]: 0 failure(s)
Postproc #2 [meta_schedule.RewriteReductionBlock(0x4c3bbd88)]: 0 failure(s)
Postproc #3 [meta_schedule.RewriteLayout(0x473a07d8)]: 0 failure(s)
2024-05-20 16:54:41 [INFO] [evolutionary_search.cc:621] Evolve iter #2 done. Summary:
Postproc #0 [meta_schedule.DisallowDynamicLoop(0x481586a8)]: 0 failure(s)
Postproc #1 [meta_schedule.RewriteParallelVectorizeUnroll(0x488bbce8)]: 0 failure(s)
Postproc #2 [meta_schedule.RewriteReductionBlock(0x4c3bbd88)]: 0 failure(s)
Postproc #3 [meta_schedule.RewriteLayout(0x473a07d8)]: 0 failure(s)
2024-05-20 16:54:43 [INFO] [evolutionary_search.cc:621] Evolve iter #3 done. Summary:
Postproc #0 [meta_schedule.DisallowDynamicLoop(0x481586a8)]: 0 failure(s)
Postproc #1 [meta_schedule.RewriteParallelVectorizeUnroll(0x488bbce8)]: 0 failure(s)
Postproc #2 [meta_schedule.RewriteReductionBlock(0x4c3bbd88)]: 0 failure(s)
Postproc #3 [meta_schedule.RewriteLayout(0x473a07d8)]: 0 failure(s)
2024-05-20 16:54:44 [INFO] [evolutionary_search.cc:649] Scores of the best 64 candidates:
[1 : 16]:	0.9461  0.9105  0.9097  0.9068  0.8831  0.8819  0.8804  0.8728  0.8700  0.8647  0.8521  0.8494  0.8448  0.8415  0.8391  0.8389
[17 : 32]:	0.8371  0.8357  0.8354  0.8289  0.8289  0.8280  0.8244  0.8180  0.8170  0.8170  0.8169  0.8164  0.8159  0.8154  0.8141  0.8076
[33 : 48]:	0.8054  0.8015  0.7999  0.7995  0.7965  0.7939  0.7935  0.7931  0.7930  0.7916  0.7916  0.7903  0.7881  0.7864  0.7833  0.7826
[49 : 64]:	0.7824  0.7810  0.7809  0.7805  0.7798  0.7791  0.7780  0.7775  0.7765  0.7752  0.7752  0.7745  0.7741  0.7741  0.7734  0.7732
2024-05-20 16:54:44 [INFO] [evolutionary_search.cc:727] Got 64 candidate(s) with evolutionary search
2024-05-20 16:54:44 [INFO] [evolutionary_search.cc:730] Sending 64 candidates(s) for measurement
2024-05-20 16:56:26 [INFO] [task_scheduler.cc:131] [Task #33: fused_nn_contrib_conv2d_NCHWc_add_nn_relu_32] Trial #65: GFLOPs: 29.2331. Time: 16.8488 us. Best GFLOPs: 57.2121
2024-05-20 16:56:26 [INFO] [task_scheduler.cc:131] [Task #33: fused_nn_contrib_conv2d_NCHWc_add_nn_relu_32] Trial #66: GFLOPs: 51.7925. Time: 9.5099 us. Best GFLOPs: 57.2121
2024-05-20 16:56:26 [INFO] [task_scheduler.cc:131] [Task #33: fused_nn_contrib_conv2d_NCHWc_add_nn_relu_32] Trial #67: GFLOPs: 44.1946. Time: 11.1449 us. Best GFLOPs: 57.2121
2024-05-20 16:56:26 [INFO] [task_scheduler.cc:131] [Task #33: fused_nn_contrib_conv2d_NCHWc_add_nn_relu_32] Trial #68: GFLOPs: 54.8865. Time: 8.9739 us. Best GFLOPs: 57.2121
2024-05-20 16:56:26 [INFO] [task_scheduler.cc:131] [Task #33: fused_nn_contrib_conv2d_NCHWc_add_nn_relu_32] Trial #69: GFLOPs: 47.8293. Time: 10.2980 us. Best GFLOPs: 57.2121
2024-05-20 16:56:26 [INFO] [task_scheduler.cc:131] [Task #33: fused_nn_contrib_conv2d_NCHWc_add_nn_relu_32] Trial #70: GFLOPs: 63.4929. Time: 7.7575 us. Best GFLOPs: 63.4929
2024-05-20 16:56:26 [INFO] [task_scheduler.cc:131] [Task #33: fused_nn_contrib_conv2d_NCHWc_add_nn_relu_32] Trial #71: GFLOPs: 56.2329. Time: 8.7590 us. Best GFLOPs: 63.4929
2024-05-20 16:56:26 [INFO] [task_scheduler.cc:131] [Task #33: fused_nn_contrib_conv2d_NCHWc_add_nn_relu_32] Trial #72: GFLOPs: 43.5161. Time: 11.3187 us. Best GFLOPs: 63.4929
2024-05-20 16:56:26 [INFO] [task_scheduler.cc:131] [Task #33: fused_nn_contrib_conv2d_NCHWc_add_nn_relu_32] Trial #73: GFLOPs: 37.2220. Time: 13.2326 us. Best GFLOPs: 63.4929
2024-05-20 16:56:26 [INFO] [task_scheduler.cc:131] [Task #33: fused_nn_contrib_conv2d_NCHWc_add_nn_relu_32] Trial #74: GFLOPs: 45.8059. Time: 10.7529 us. Best GFLOPs: 63.4929
2024-05-20 16:56:26 [INFO] [task_scheduler.cc:131] [Task #33: fused_nn_contrib_conv2d_NCHWc_add_nn_relu_32] Trial #75: GFLOPs: 43.7437. Time: 11.2598 us. Best GFLOPs: 63.4929
2024-05-20 16:56:26 [INFO] [task_scheduler.cc:131] [Task #33: fused_nn_contrib_conv2d_NCHWc_add_nn_relu_32] Trial #76: GFLOPs: 45.2306. Time: 10.8896 us. Best GFLOPs: 63.4929
2024-05-20 16:56:26 [INFO] [task_scheduler.cc:131] [Task #33: fused_nn_contrib_conv2d_NCHWc_add_nn_relu_32] Trial #77: GFLOPs: 56.7058. Time: 8.6859 us. Best GFLOPs: 63.4929
2024-05-20 16:56:26 [INFO] [task_scheduler.cc:131] [Task #33: fused_nn_contrib_conv2d_NCHWc_add_nn_relu_32] Trial #78: GFLOPs: 82.1170. Time: 5.9981 us. Best GFLOPs: 82.1170
2024-05-20 16:56:26 [INFO] [task_scheduler.cc:131] [Task #33: fused_nn_contrib_conv2d_NCHWc_add_nn_relu_32] Trial #79: GFLOPs: 84.3620. Time: 5.8385 us. Best GFLOPs: 84.3620
2024-05-20 16:56:26 [INFO] [task_scheduler.cc:131] [Task #33: fused_nn_contrib_conv2d_NCHWc_add_nn_relu_32] Trial #80: GFLOPs: 74.2296. Time: 6.6354 us. Best GFLOPs: 84.3620
2024-05-20 16:56:26 [INFO] [task_scheduler.cc:131] [Task #33: fused_nn_contrib_conv2d_NCHWc_add_nn_relu_32] Trial #81: GFLOPs: 73.2521. Time: 6.7240 us. Best GFLOPs: 84.3620
2024-05-20 16:56:26 [INFO] [task_scheduler.cc:131] [Task #33: fused_nn_contrib_conv2d_NCHWc_add_nn_relu_32] Trial #82: GFLOPs: 44.3905. Time: 11.0957 us. Best GFLOPs: 84.3620
2024-05-20 16:56:26 [INFO] [task_scheduler.cc:131] [Task #33: fused_nn_contrib_conv2d_NCHWc_add_nn_relu_32] Trial #83: GFLOPs: 50.6501. Time: 9.7244 us. Best GFLOPs: 84.3620
2024-05-20 16:56:26 [INFO] [task_scheduler.cc:131] [Task #33: fused_nn_contrib_conv2d_NCHWc_add_nn_relu_32] Trial #84: GFLOPs: 57.4414. Time: 8.5747 us. Best GFLOPs: 84.3620
2024-05-20 16:56:26 [INFO] [task_scheduler.cc:131] [Task #33: fused_nn_contrib_conv2d_NCHWc_add_nn_relu_32] Trial #85: GFLOPs: 66.4797. Time: 7.4089 us. Best GFLOPs: 84.3620
2024-05-20 16:56:26 [INFO] [task_scheduler.cc:131] [Task #33: fused_nn_contrib_conv2d_NCHWc_add_nn_relu_32] Trial #86: GFLOPs: 64.7577. Time: 7.6060 us. Best GFLOPs: 84.3620
2024-05-20 16:56:26 [INFO] [task_scheduler.cc:131] [Task #33: fused_nn_contrib_conv2d_NCHWc_add_nn_relu_32] Trial #87: GFLOPs: 51.7589. Time: 9.5161 us. Best GFLOPs: 84.3620
2024-05-20 16:56:26 [INFO] [task_scheduler.cc:131] [Task #33: fused_nn_contrib_conv2d_NCHWc_add_nn_relu_32] Trial #88: GFLOPs: 62.0331. Time: 7.9400 us. Best GFLOPs: 84.3620
2024-05-20 16:56:26 [INFO] [task_scheduler.cc:131] [Task #33: fused_nn_contrib_conv2d_NCHWc_add_nn_relu_32] Trial #89: GFLOPs: 42.8758. Time: 11.4877 us. Best GFLOPs: 84.3620
2024-05-20 16:56:26 [INFO] [task_scheduler.cc:131] [Task #33: fused_nn_contrib_conv2d_NCHWc_add_nn_relu_32] Trial #90: GFLOPs: 58.1496. Time: 8.4703 us. Best GFLOPs: 84.3620
2024-05-20 16:56:26 [INFO] [task_scheduler.cc:131] [Task #33: fused_nn_contrib_conv2d_NCHWc_add_nn_relu_32] Trial #91: GFLOPs: 59.2486. Time: 8.3132 us. Best GFLOPs: 84.3620
2024-05-20 16:56:26 [INFO] [task_scheduler.cc:131] [Task #33: fused_nn_contrib_conv2d_NCHWc_add_nn_relu_32] Trial #92: GFLOPs: 66.4653. Time: 7.4105 us. Best GFLOPs: 84.3620
2024-05-20 16:56:26 [INFO] [task_scheduler.cc:131] [Task #33: fused_nn_contrib_conv2d_NCHWc_add_nn_relu_32] Trial #93: GFLOPs: 55.9586. Time: 8.8019 us. Best GFLOPs: 84.3620
2024-05-20 16:56:26 [INFO] [task_scheduler.cc:131] [Task #33: fused_nn_contrib_conv2d_NCHWc_add_nn_relu_32] Trial #94: GFLOPs: 63.3631. Time: 7.7734 us. Best GFLOPs: 84.3620
2024-05-20 16:56:26 [INFO] [task_scheduler.cc:131] [Task #33: fused_nn_contrib_conv2d_NCHWc_add_nn_relu_32] Trial #95: GFLOPs: 77.3522. Time: 6.3676 us. Best GFLOPs: 84.3620
2024-05-20 16:56:26 [INFO] [task_scheduler.cc:131] [Task #33: fused_nn_contrib_conv2d_NCHWc_add_nn_relu_32] Trial #96: GFLOPs: 63.2301. Time: 7.7897 us. Best GFLOPs: 84.3620
2024-05-20 16:56:26 [INFO] [task_scheduler.cc:131] [Task #33: fused_nn_contrib_conv2d_NCHWc_add_nn_relu_32] Trial #97: GFLOPs: 36.0588. Time: 13.6595 us. Best GFLOPs: 84.3620
2024-05-20 16:56:26 [INFO] [task_scheduler.cc:131] [Task #33: fused_nn_contrib_conv2d_NCHWc_add_nn_relu_32] Trial #98: GFLOPs: 59.6427. Time: 8.2582 us. Best GFLOPs: 84.3620
2024-05-20 16:56:26 [INFO] [task_scheduler.cc:131] [Task #33: fused_nn_contrib_conv2d_NCHWc_add_nn_relu_32] Trial #99: GFLOPs: 42.6607. Time: 11.5456 us. Best GFLOPs: 84.3620
2024-05-20 16:56:26 [INFO] [task_scheduler.cc:131] [Task #33: fused_nn_contrib_conv2d_NCHWc_add_nn_relu_32] Trial #100: GFLOPs: 68.9142. Time: 7.1472 us. Best GFLOPs: 84.3620
2024-05-20 16:56:26 [INFO] [task_scheduler.cc:131] [Task #33: fused_nn_contrib_conv2d_NCHWc_add_nn_relu_32] Trial #101: GFLOPs: 38.4070. Time: 12.8243 us. Best GFLOPs: 84.3620
2024-05-20 16:56:26 [INFO] [task_scheduler.cc:131] [Task #33: fused_nn_contrib_conv2d_NCHWc_add_nn_relu_32] Trial #102: GFLOPs: 63.9664. Time: 7.7000 us. Best GFLOPs: 84.3620
2024-05-20 16:56:26 [INFO] [task_scheduler.cc:131] [Task #33: fused_nn_contrib_conv2d_NCHWc_add_nn_relu_32] Trial #103: GFLOPs: 58.9058. Time: 8.3616 us. Best GFLOPs: 84.3620
2024-05-20 16:56:26 [INFO] [task_scheduler.cc:131] [Task #33: fused_nn_contrib_conv2d_NCHWc_add_nn_relu_32] Trial #104: GFLOPs: 61.9597. Time: 7.9494 us. Best GFLOPs: 84.3620
2024-05-20 16:56:26 [INFO] [task_scheduler.cc:131] [Task #33: fused_nn_contrib_conv2d_NCHWc_add_nn_relu_32] Trial #105: GFLOPs: 42.7645. Time: 11.5176 us. Best GFLOPs: 84.3620
2024-05-20 16:56:26 [INFO] [task_scheduler.cc:131] [Task #33: fused_nn_contrib_conv2d_NCHWc_add_nn_relu_32] Trial #106: GFLOPs: 42.6298. Time: 11.5540 us. Best GFLOPs: 84.3620
2024-05-20 16:56:26 [INFO] [task_scheduler.cc:131] [Task #33: fused_nn_contrib_conv2d_NCHWc_add_nn_relu_32] Trial #107: GFLOPs: 42.1023. Time: 11.6987 us. Best GFLOPs: 84.3620
2024-05-20 16:56:26 [INFO] [task_scheduler.cc:131] [Task #33: fused_nn_contrib_conv2d_NCHWc_add_nn_relu_32] Trial #108: GFLOPs: 71.3892. Time: 6.8994 us. Best GFLOPs: 84.3620
2024-05-20 16:56:26 [INFO] [task_scheduler.cc:131] [Task #33: fused_nn_contrib_conv2d_NCHWc_add_nn_relu_32] Trial #109: GFLOPs: 35.6638. Time: 13.8107 us. Best GFLOPs: 84.3620
2024-05-20 16:56:26 [INFO] [task_scheduler.cc:131] [Task #33: fused_nn_contrib_conv2d_NCHWc_add_nn_relu_32] Trial #110: GFLOPs: 54.8131. Time: 8.9859 us. Best GFLOPs: 84.3620
2024-05-20 16:56:26 [INFO] [task_scheduler.cc:131] [Task #33: fused_nn_contrib_conv2d_NCHWc_add_nn_relu_32] Trial #111: GFLOPs: 54.6037. Time: 9.0203 us. Best GFLOPs: 84.3620
2024-05-20 16:56:26 [INFO] [task_scheduler.cc:131] [Task #33: fused_nn_contrib_conv2d_NCHWc_add_nn_relu_32] Trial #112: GFLOPs: 63.4693. Time: 7.7603 us. Best GFLOPs: 84.3620
2024-05-20 16:56:26 [INFO] [task_scheduler.cc:131] [Task #33: fused_nn_contrib_conv2d_NCHWc_add_nn_relu_32] Trial #113: GFLOPs: 60.5581. Time: 8.1334 us. Best GFLOPs: 84.3620
2024-05-20 16:56:26 [INFO] [task_scheduler.cc:131] [Task #33: fused_nn_contrib_conv2d_NCHWc_add_nn_relu_32] Trial #114: GFLOPs: 52.9329. Time: 9.3051 us. Best GFLOPs: 84.3620
2024-05-20 16:56:26 [INFO] [task_scheduler.cc:131] [Task #33: fused_nn_contrib_conv2d_NCHWc_add_nn_relu_32] Trial #115: GFLOPs: 55.4890. Time: 8.8764 us. Best GFLOPs: 84.3620
2024-05-20 16:56:26 [INFO] [task_scheduler.cc:131] [Task #33: fused_nn_contrib_conv2d_NCHWc_add_nn_relu_32] Trial #116: GFLOPs: 50.2162. Time: 9.8085 us. Best GFLOPs: 84.3620
2024-05-20 16:56:26 [INFO] [task_scheduler.cc:131] [Task #33: fused_nn_contrib_conv2d_NCHWc_add_nn_relu_32] Trial #117: GFLOPs: 53.5246. Time: 9.2022 us. Best GFLOPs: 84.3620
2024-05-20 16:56:26 [INFO] [task_scheduler.cc:131] [Task #33: fused_nn_contrib_conv2d_NCHWc_add_nn_relu_32] Trial #118: GFLOPs: 65.0373. Time: 7.5733 us. Best GFLOPs: 84.3620
2024-05-20 16:56:26 [INFO] [task_scheduler.cc:131] [Task #33: fused_nn_contrib_conv2d_NCHWc_add_nn_relu_32] Trial #119: GFLOPs: 54.5935. Time: 9.0220 us. Best GFLOPs: 84.3620
2024-05-20 16:56:26 [INFO] [task_scheduler.cc:131] [Task #33: fused_nn_contrib_conv2d_NCHWc_add_nn_relu_32] Trial #120: GFLOPs: 62.9505. Time: 7.8243 us. Best GFLOPs: 84.3620
2024-05-20 16:56:26 [INFO] [task_scheduler.cc:131] [Task #33: fused_nn_contrib_conv2d_NCHWc_add_nn_relu_32] Trial #121: GFLOPs: 66.6935. Time: 7.3852 us. Best GFLOPs: 84.3620
2024-05-20 16:56:26 [INFO] [task_scheduler.cc:131] [Task #33: fused_nn_contrib_conv2d_NCHWc_add_nn_relu_32] Trial #122: GFLOPs: 54.0225. Time: 9.1174 us. Best GFLOPs: 84.3620
2024-05-20 16:56:26 [INFO] [task_scheduler.cc:131] [Task #33: fused_nn_contrib_conv2d_NCHWc_add_nn_relu_32] Trial #123: GFLOPs: 53.8625. Time: 9.1445 us. Best GFLOPs: 84.3620
2024-05-20 16:56:26 [INFO] [task_scheduler.cc:131] [Task #33: fused_nn_contrib_conv2d_NCHWc_add_nn_relu_32] Trial #124: GFLOPs: 63.3540. Time: 7.7745 us. Best GFLOPs: 84.3620
2024-05-20 16:56:26 [INFO] [task_scheduler.cc:131] [Task #33: fused_nn_contrib_conv2d_NCHWc_add_nn_relu_32] Trial #125: GFLOPs: 65.2445. Time: 7.5492 us. Best GFLOPs: 84.3620
2024-05-20 16:56:26 [INFO] [task_scheduler.cc:131] [Task #33: fused_nn_contrib_conv2d_NCHWc_add_nn_relu_32] Trial #126: GFLOPs: 19.0521. Time: 25.8525 us. Best GFLOPs: 84.3620
2024-05-20 16:56:26 [INFO] [task_scheduler.cc:131] [Task #33: fused_nn_contrib_conv2d_NCHWc_add_nn_relu_32] Trial #127: GFLOPs: 14.2169. Time: 34.6449 us. Best GFLOPs: 84.3620
2024-05-20 16:56:26 [INFO] [task_scheduler.cc:131] [Task #33: fused_nn_contrib_conv2d_NCHWc_add_nn_relu_32] Trial #128: GFLOPs: 36.4423. Time: 13.5157 us. Best GFLOPs: 84.3620
