2024-05-20 13:16:48 [INFO] [task_scheduler.cc:160] Initializing Task #18: "fused_nn_contrib_conv2d_NCHWc_add_nn_relu_17"
2024-05-20 13:16:48 [INFO] [task_scheduler.cc:35] 
# from tvm.script import ir as I
# from tvm.script import tir as T

@I.ir_module
class Module:
    @T.prim_func
    def main(p0: T.Buffer((T.int64(1), T.int64(120), T.int64(2), T.int64(2), T.int64(8)), "float32"), p1: T.Buffer((T.int64(16), T.int64(120), T.int64(1), T.int64(1), T.int64(8), T.int64(8)), "float32"), p2: T.Buffer((T.int64(1), T.int64(16), T.int64(1), T.int64(1), T.int64(8)), "float32"), T_relu: T.Buffer((T.int64(1), T.int64(16), T.int64(2), T.int64(2), T.int64(8)), "float32")):
        T.func_attr({"tir.noalias": T.bool(True)})
        # with T.block("root"):
        conv2d_NCHWc = T.alloc_buffer((T.int64(1), T.int64(16), T.int64(2), T.int64(2), T.int64(8)))
        T_add = T.alloc_buffer((T.int64(1), T.int64(16), T.int64(2), T.int64(2), T.int64(8)))
        for n, oc_chunk, oh, ow, oc_block, ic, kh, kw in T.grid(T.int64(1), T.int64(16), T.int64(2), T.int64(2), T.int64(8), T.int64(960), T.int64(1), T.int64(1)):
            with T.block("conv2d_NCHWc"):
                v_n, v_oc_chunk, v_oh, v_ow, v_oc_block, v_ic, v_kh, v_kw = T.axis.remap("SSSSSRRR", [n, oc_chunk, oh, ow, oc_block, ic, kh, kw])
                T.reads(p0[v_n, v_ic // T.int64(8), v_oh + v_kh, v_ow + v_kw, v_ic % T.int64(8)], p1[v_oc_chunk, v_ic // T.int64(8), v_kh, v_kw, v_ic % T.int64(8), v_oc_block])
                T.writes(conv2d_NCHWc[v_n, v_oc_chunk, v_oh, v_ow, v_oc_block])
                with T.init():
                    conv2d_NCHWc[v_n, v_oc_chunk, v_oh, v_ow, v_oc_block] = T.float32(0)
                conv2d_NCHWc[v_n, v_oc_chunk, v_oh, v_ow, v_oc_block] = conv2d_NCHWc[v_n, v_oc_chunk, v_oh, v_ow, v_oc_block] + p0[v_n, v_ic // T.int64(8), v_oh + v_kh, v_ow + v_kw, v_ic % T.int64(8)] * p1[v_oc_chunk, v_ic // T.int64(8), v_kh, v_kw, v_ic % T.int64(8), v_oc_block]
        for ax0, ax1, ax2, ax3, ax4 in T.grid(T.int64(1), T.int64(16), T.int64(2), T.int64(2), T.int64(8)):
            with T.block("T_add"):
                v_ax0, v_ax1, v_ax2, v_ax3, v_ax4 = T.axis.remap("SSSSS", [ax0, ax1, ax2, ax3, ax4])
                T.reads(conv2d_NCHWc[v_ax0, v_ax1, v_ax2, v_ax3, v_ax4], p2[v_ax0, v_ax1, T.int64(0), T.int64(0), v_ax4])
                T.writes(T_add[v_ax0, v_ax1, v_ax2, v_ax3, v_ax4])
                T_add[v_ax0, v_ax1, v_ax2, v_ax3, v_ax4] = conv2d_NCHWc[v_ax0, v_ax1, v_ax2, v_ax3, v_ax4] + p2[v_ax0, v_ax1, T.int64(0), T.int64(0), v_ax4]
        for ax0, ax1, ax2, ax3, ax4 in T.grid(T.int64(1), T.int64(16), T.int64(2), T.int64(2), T.int64(8)):
            with T.block("T_relu"):
                v_ax0, v_ax1, v_ax2, v_ax3, v_ax4 = T.axis.remap("SSSSS", [ax0, ax1, ax2, ax3, ax4])
                T.reads(T_add[v_ax0, v_ax1, v_ax2, v_ax3, v_ax4])
                T.writes(T_relu[v_ax0, v_ax1, v_ax2, v_ax3, v_ax4])
                T_relu[v_ax0, v_ax1, v_ax2, v_ax3, v_ax4] = T.max(T_add[v_ax0, v_ax1, v_ax2, v_ax3, v_ax4], T.float32(0))
2024-05-20 13:16:48 [INFO] [task_scheduler.cc:164] Total 3 design space(s) generated
2024-05-20 13:16:48 [INFO] [task_scheduler.cc:170] Design space #0:
# from tvm.script import ir as I
# from tvm.script import tir as T

@I.ir_module
class Module:
    @T.prim_func
    def main(p0: T.Buffer((T.int64(1), T.int64(120), T.int64(2), T.int64(2), T.int64(8)), "float32"), p1: T.Buffer((T.int64(16), T.int64(120), T.int64(1), T.int64(1), T.int64(8), T.int64(8)), "float32"), p2: T.Buffer((T.int64(1), T.int64(16), T.int64(1), T.int64(1), T.int64(8)), "float32"), T_relu: T.Buffer((T.int64(1), T.int64(16), T.int64(2), T.int64(2), T.int64(8)), "float32")):
        T.func_attr({"tir.noalias": T.bool(True)})
        with T.block("root"):
            T.reads()
            T.writes()
            T.block_attr({"meta_schedule.parallel": 96, "meta_schedule.unroll_explicit": 16, "meta_schedule.vectorize": 64})
            conv2d_NCHWc = T.alloc_buffer((T.int64(1), T.int64(16), T.int64(2), T.int64(2), T.int64(8)))
            for n_0, oc_chunk_0, oh_0, ow_0, oc_block_0, n_1, oc_chunk_1, oh_1, ow_1, oc_block_1, ic_0, kh_0, kw_0, n_2, oc_chunk_2, oh_2, ow_2, oc_block_2, ic_1, kh_1, kw_1, n_3, oc_chunk_3, oh_3, ow_3, oc_block_3 in T.grid(T.int64(1), T.int64(1), T.int64(1), T.int64(1), T.int64(4), T.int64(1), T.int64(8), T.int64(1), T.int64(1), T.int64(1), T.int64(160), T.int64(1), T.int64(1), T.int64(1), T.int64(2), T.int64(1), T.int64(1), T.int64(1), T.int64(6), T.int64(1), T.int64(1), T.int64(1), T.int64(1), T.int64(2), T.int64(2), T.int64(2)):
                with T.block("conv2d_NCHWc"):
                    v_n = T.axis.spatial(T.int64(1), n_0 + n_1 + n_2 + n_3)
                    v_oc_chunk = T.axis.spatial(T.int64(16), oc_chunk_0 * T.int64(16) + oc_chunk_1 * T.int64(2) + oc_chunk_2 + oc_chunk_3)
                    v_oh = T.axis.spatial(T.int64(2), oh_0 * T.int64(2) + oh_1 * T.int64(2) + oh_2 * T.int64(2) + oh_3)
                    v_ow = T.axis.spatial(T.int64(2), ow_0 * T.int64(2) + ow_1 * T.int64(2) + ow_2 * T.int64(2) + ow_3)
                    v_oc_block = T.axis.spatial(T.int64(8), oc_block_0 * T.int64(2) + oc_block_1 * T.int64(2) + oc_block_2 * T.int64(2) + oc_block_3)
                    v_ic = T.axis.reduce(T.int64(960), ic_0 * T.int64(6) + ic_1)
                    v_kh = T.axis.reduce(T.int64(1), kh_0 + kh_1)
                    v_kw = T.axis.reduce(T.int64(1), kw_0 + kw_1)
                    T.reads(p0[v_n, v_ic // T.int64(8), v_oh + v_kh, v_ow + v_kw, v_ic % T.int64(8)], p1[v_oc_chunk, v_ic // T.int64(8), v_kh, v_kw, v_ic % T.int64(8), v_oc_block])
                    T.writes(conv2d_NCHWc[v_n, v_oc_chunk, v_oh, v_ow, v_oc_block])
                    T.block_attr({"meta_schedule.tiling_structure": "SSRSRS"})
                    with T.init():
                        conv2d_NCHWc[v_n, v_oc_chunk, v_oh, v_ow, v_oc_block] = T.float32(0)
                    conv2d_NCHWc[v_n, v_oc_chunk, v_oh, v_ow, v_oc_block] = conv2d_NCHWc[v_n, v_oc_chunk, v_oh, v_ow, v_oc_block] + p0[v_n, v_ic // T.int64(8), v_oh + v_kh, v_ow + v_kw, v_ic % T.int64(8)] * p1[v_oc_chunk, v_ic // T.int64(8), v_kh, v_kw, v_ic % T.int64(8), v_oc_block]
            for ax0, ax1, ax2, ax3, ax4 in T.grid(T.int64(1), T.int64(16), T.int64(2), T.int64(2), T.int64(8)):
                with T.block("T_relu"):
                    v_ax0, v_ax1, v_ax2, v_ax3, v_ax4 = T.axis.remap("SSSSS", [ax0, ax1, ax2, ax3, ax4])
                    T.reads(conv2d_NCHWc[v_ax0, v_ax1, v_ax2, v_ax3, v_ax4], p2[v_ax0, v_ax1, T.int64(0), T.int64(0), v_ax4])
                    T.writes(T_relu[v_ax0, v_ax1, v_ax2, v_ax3, v_ax4])
                    T_relu[v_ax0, v_ax1, v_ax2, v_ax3, v_ax4] = T.max(conv2d_NCHWc[v_ax0, v_ax1, v_ax2, v_ax3, v_ax4] + p2[v_ax0, v_ax1, T.int64(0), T.int64(0), v_ax4], T.float32(0))
b0 = sch.get_block(name="conv2d_NCHWc", func_name="main")
b1 = sch.get_block(name="T_add", func_name="main")
b2 = sch.get_block(name="root", func_name="main")
sch.compute_inline(block=b1)
sch.annotate(block_or_loop=b0, ann_key="meta_schedule.tiling_structure", ann_val="SSRSRS")
l3, l4, l5, l6, l7, l8, l9, l10 = sch.get_loops(block=b0)
v11, v12, v13, v14 = sch.sample_perfect_tile(loop=l3, n=4, max_innermost_factor=64, decision=[1, 1, 1, 1])
l15, l16, l17, l18 = sch.split(loop=l3, factors=[v11, v12, v13, v14], preserve_unit_iters=True, disable_predication=False)
v19, v20, v21, v22 = sch.sample_perfect_tile(loop=l4, n=4, max_innermost_factor=64, decision=[1, 8, 2, 1])
l23, l24, l25, l26 = sch.split(loop=l4, factors=[v19, v20, v21, v22], preserve_unit_iters=True, disable_predication=False)
v27, v28, v29, v30 = sch.sample_perfect_tile(loop=l5, n=4, max_innermost_factor=64, decision=[1, 1, 1, 2])
l31, l32, l33, l34 = sch.split(loop=l5, factors=[v27, v28, v29, v30], preserve_unit_iters=True, disable_predication=False)
v35, v36, v37, v38 = sch.sample_perfect_tile(loop=l6, n=4, max_innermost_factor=64, decision=[1, 1, 1, 2])
l39, l40, l41, l42 = sch.split(loop=l6, factors=[v35, v36, v37, v38], preserve_unit_iters=True, disable_predication=False)
v43, v44, v45, v46 = sch.sample_perfect_tile(loop=l7, n=4, max_innermost_factor=64, decision=[4, 1, 1, 2])
l47, l48, l49, l50 = sch.split(loop=l7, factors=[v43, v44, v45, v46], preserve_unit_iters=True, disable_predication=False)
v51, v52 = sch.sample_perfect_tile(loop=l8, n=2, max_innermost_factor=64, decision=[160, 6])
l53, l54 = sch.split(loop=l8, factors=[v51, v52], preserve_unit_iters=True, disable_predication=False)
v55, v56 = sch.sample_perfect_tile(loop=l9, n=2, max_innermost_factor=64, decision=[1, 1])
l57, l58 = sch.split(loop=l9, factors=[v55, v56], preserve_unit_iters=True, disable_predication=False)
v59, v60 = sch.sample_perfect_tile(loop=l10, n=2, max_innermost_factor=64, decision=[1, 1])
l61, l62 = sch.split(loop=l10, factors=[v59, v60], preserve_unit_iters=True, disable_predication=False)
sch.reorder(l15, l23, l31, l39, l47, l16, l24, l32, l40, l48, l53, l57, l61, l17, l25, l33, l41, l49, l54, l58, l62, l18, l26, l34, l42, l50)
sch.annotate(block_or_loop=b2, ann_key="meta_schedule.parallel", ann_val=96)
sch.annotate(block_or_loop=b2, ann_key="meta_schedule.vectorize", ann_val=64)
v63 = sch.sample_categorical(candidates=[0, 16, 64, 512], probs=[0.25, 0.25, 0.25, 0.25], decision=1)
sch.annotate(block_or_loop=b2, ann_key="meta_schedule.unroll_explicit", ann_val=v63)
2024-05-20 13:16:48 [INFO] [task_scheduler.cc:170] Design space #1:
# from tvm.script import ir as I
# from tvm.script import tir as T

@I.ir_module
class Module:
    @T.prim_func
    def main(p0: T.Buffer((T.int64(1), T.int64(120), T.int64(2), T.int64(2), T.int64(8)), "float32"), p1: T.Buffer((T.int64(16), T.int64(120), T.int64(1), T.int64(1), T.int64(8), T.int64(8)), "float32"), p2: T.Buffer((T.int64(1), T.int64(16), T.int64(1), T.int64(1), T.int64(8)), "float32"), T_relu: T.Buffer((T.int64(1), T.int64(16), T.int64(2), T.int64(2), T.int64(8)), "float32")):
        T.func_attr({"tir.noalias": T.bool(True)})
        with T.block("root"):
            T.reads()
            T.writes()
            T.block_attr({"meta_schedule.parallel": 96, "meta_schedule.unroll_explicit": 64, "meta_schedule.vectorize": 64})
            conv2d_NCHWc = T.alloc_buffer((T.int64(1), T.int64(16), T.int64(2), T.int64(2), T.int64(8)))
            for n_0, oc_chunk_0, oh_0, ow_0, oc_block_0, n_1, oc_chunk_1, oh_1, ow_1, oc_block_1 in T.grid(T.int64(1), T.int64(1), T.int64(1), T.int64(1), T.int64(4), T.int64(1), T.int64(8), T.int64(1), T.int64(1), T.int64(1)):
                for ic_0, kh_0, kw_0, n_2, oc_chunk_2, oh_2, ow_2, oc_block_2, ic_1, kh_1, kw_1, n_3, oc_chunk_3, oh_3, ow_3, oc_block_3 in T.grid(T.int64(160), T.int64(1), T.int64(1), T.int64(1), T.int64(2), T.int64(1), T.int64(1), T.int64(1), T.int64(6), T.int64(1), T.int64(1), T.int64(1), T.int64(1), T.int64(2), T.int64(2), T.int64(2)):
                    with T.block("conv2d_NCHWc"):
                        v_n = T.axis.spatial(T.int64(1), n_0 + n_1 + n_2 + n_3)
                        v_oc_chunk = T.axis.spatial(T.int64(16), oc_chunk_0 * T.int64(16) + oc_chunk_1 * T.int64(2) + oc_chunk_2 + oc_chunk_3)
                        v_oh = T.axis.spatial(T.int64(2), oh_0 * T.int64(2) + oh_1 * T.int64(2) + oh_2 * T.int64(2) + oh_3)
                        v_ow = T.axis.spatial(T.int64(2), ow_0 * T.int64(2) + ow_1 * T.int64(2) + ow_2 * T.int64(2) + ow_3)
                        v_oc_block = T.axis.spatial(T.int64(8), oc_block_0 * T.int64(2) + oc_block_1 * T.int64(2) + oc_block_2 * T.int64(2) + oc_block_3)
                        v_ic = T.axis.reduce(T.int64(960), ic_0 * T.int64(6) + ic_1)
                        v_kh = T.axis.reduce(T.int64(1), kh_0 + kh_1)
                        v_kw = T.axis.reduce(T.int64(1), kw_0 + kw_1)
                        T.reads(p0[v_n, v_ic // T.int64(8), v_oh + v_kh, v_ow + v_kw, v_ic % T.int64(8)], p1[v_oc_chunk, v_ic // T.int64(8), v_kh, v_kw, v_ic % T.int64(8), v_oc_block])
                        T.writes(conv2d_NCHWc[v_n, v_oc_chunk, v_oh, v_ow, v_oc_block])
                        T.block_attr({"meta_schedule.tiling_structure": "SSRSRS"})
                        with T.init():
                            conv2d_NCHWc[v_n, v_oc_chunk, v_oh, v_ow, v_oc_block] = T.float32(0)
                        conv2d_NCHWc[v_n, v_oc_chunk, v_oh, v_ow, v_oc_block] = conv2d_NCHWc[v_n, v_oc_chunk, v_oh, v_ow, v_oc_block] + p0[v_n, v_ic // T.int64(8), v_oh + v_kh, v_ow + v_kw, v_ic % T.int64(8)] * p1[v_oc_chunk, v_ic // T.int64(8), v_kh, v_kw, v_ic % T.int64(8), v_oc_block]
                for ax0, ax1, ax2, ax3, ax4 in T.grid(T.int64(1), T.int64(2), T.int64(2), T.int64(2), T.int64(2)):
                    with T.block("T_relu"):
                        v_ax0 = T.axis.spatial(T.int64(1), ax0)
                        v_ax1 = T.axis.spatial(T.int64(16), oc_chunk_1 * T.int64(2) + ax1)
                        v_ax2, v_ax3 = T.axis.remap("SS", [ax2, ax3])
                        v_ax4 = T.axis.spatial(T.int64(8), oc_block_0 * T.int64(2) + ax4)
                        T.reads(conv2d_NCHWc[v_ax0, v_ax1, v_ax2, v_ax3, v_ax4], p2[v_ax0, v_ax1, T.int64(0), T.int64(0), v_ax4])
                        T.writes(T_relu[v_ax0, v_ax1, v_ax2, v_ax3, v_ax4])
                        T_relu[v_ax0, v_ax1, v_ax2, v_ax3, v_ax4] = T.max(conv2d_NCHWc[v_ax0, v_ax1, v_ax2, v_ax3, v_ax4] + p2[v_ax0, v_ax1, T.int64(0), T.int64(0), v_ax4], T.float32(0))
b0 = sch.get_block(name="conv2d_NCHWc", func_name="main")
b1 = sch.get_block(name="T_add", func_name="main")
b2 = sch.get_block(name="root", func_name="main")
sch.compute_inline(block=b1)
sch.annotate(block_or_loop=b0, ann_key="meta_schedule.tiling_structure", ann_val="SSRSRS")
l3, l4, l5, l6, l7, l8, l9, l10 = sch.get_loops(block=b0)
v11, v12, v13, v14 = sch.sample_perfect_tile(loop=l3, n=4, max_innermost_factor=64, decision=[1, 1, 1, 1])
l15, l16, l17, l18 = sch.split(loop=l3, factors=[v11, v12, v13, v14], preserve_unit_iters=True, disable_predication=False)
v19, v20, v21, v22 = sch.sample_perfect_tile(loop=l4, n=4, max_innermost_factor=64, decision=[1, 8, 2, 1])
l23, l24, l25, l26 = sch.split(loop=l4, factors=[v19, v20, v21, v22], preserve_unit_iters=True, disable_predication=False)
v27, v28, v29, v30 = sch.sample_perfect_tile(loop=l5, n=4, max_innermost_factor=64, decision=[1, 1, 1, 2])
l31, l32, l33, l34 = sch.split(loop=l5, factors=[v27, v28, v29, v30], preserve_unit_iters=True, disable_predication=False)
v35, v36, v37, v38 = sch.sample_perfect_tile(loop=l6, n=4, max_innermost_factor=64, decision=[1, 1, 1, 2])
l39, l40, l41, l42 = sch.split(loop=l6, factors=[v35, v36, v37, v38], preserve_unit_iters=True, disable_predication=False)
v43, v44, v45, v46 = sch.sample_perfect_tile(loop=l7, n=4, max_innermost_factor=64, decision=[4, 1, 1, 2])
l47, l48, l49, l50 = sch.split(loop=l7, factors=[v43, v44, v45, v46], preserve_unit_iters=True, disable_predication=False)
v51, v52 = sch.sample_perfect_tile(loop=l8, n=2, max_innermost_factor=64, decision=[160, 6])
l53, l54 = sch.split(loop=l8, factors=[v51, v52], preserve_unit_iters=True, disable_predication=False)
v55, v56 = sch.sample_perfect_tile(loop=l9, n=2, max_innermost_factor=64, decision=[1, 1])
l57, l58 = sch.split(loop=l9, factors=[v55, v56], preserve_unit_iters=True, disable_predication=False)
v59, v60 = sch.sample_perfect_tile(loop=l10, n=2, max_innermost_factor=64, decision=[1, 1])
l61, l62 = sch.split(loop=l10, factors=[v59, v60], preserve_unit_iters=True, disable_predication=False)
sch.reorder(l15, l23, l31, l39, l47, l16, l24, l32, l40, l48, l53, l57, l61, l17, l25, l33, l41, l49, l54, l58, l62, l18, l26, l34, l42, l50)
b63, = sch.get_consumers(block=b0)
sch.reverse_compute_at(block=b63, loop=l48, preserve_unit_loops=True, index=-1)
sch.annotate(block_or_loop=b2, ann_key="meta_schedule.parallel", ann_val=96)
sch.annotate(block_or_loop=b2, ann_key="meta_schedule.vectorize", ann_val=64)
v64 = sch.sample_categorical(candidates=[0, 16, 64, 512], probs=[0.25, 0.25, 0.25, 0.25], decision=2)
sch.annotate(block_or_loop=b2, ann_key="meta_schedule.unroll_explicit", ann_val=v64)
2024-05-20 13:16:48 [INFO] [task_scheduler.cc:170] Design space #2:
# from tvm.script import ir as I
# from tvm.script import tir as T

@I.ir_module
class Module:
    @T.prim_func
    def main(p0: T.Buffer((T.int64(1), T.int64(120), T.int64(2), T.int64(2), T.int64(8)), "float32"), p1: T.Buffer((T.int64(16), T.int64(120), T.int64(1), T.int64(1), T.int64(8), T.int64(8)), "float32"), p2: T.Buffer((T.int64(1), T.int64(16), T.int64(1), T.int64(1), T.int64(8)), "float32"), T_relu: T.Buffer((T.int64(1), T.int64(16), T.int64(2), T.int64(2), T.int64(8)), "float32")):
        T.func_attr({"tir.noalias": T.bool(True)})
        with T.block("root"):
            T.reads()
            T.writes()
            T.block_attr({"meta_schedule.parallel": 96, "meta_schedule.unroll_explicit": 0, "meta_schedule.vectorize": 64})
            conv2d_NCHWc = T.alloc_buffer((T.int64(1), T.int64(16), T.int64(2), T.int64(2), T.int64(8)))
            for n_0, oc_chunk_0, oh_0, ow_0, oc_block_0 in T.grid(T.int64(1), T.int64(1), T.int64(1), T.int64(1), T.int64(4)):
                for n_1, oc_chunk_1, oh_1, ow_1, oc_block_1, ic_0, kh_0, kw_0, n_2, oc_chunk_2, oh_2, ow_2, oc_block_2, ic_1, kh_1, kw_1, n_3, oc_chunk_3, oh_3, ow_3, oc_block_3 in T.grid(T.int64(1), T.int64(8), T.int64(1), T.int64(1), T.int64(1), T.int64(160), T.int64(1), T.int64(1), T.int64(1), T.int64(2), T.int64(1), T.int64(1), T.int64(1), T.int64(6), T.int64(1), T.int64(1), T.int64(1), T.int64(1), T.int64(2), T.int64(2), T.int64(2)):
                    with T.block("conv2d_NCHWc"):
                        v_n = T.axis.spatial(T.int64(1), n_0 + n_1 + n_2 + n_3)
                        v_oc_chunk = T.axis.spatial(T.int64(16), oc_chunk_0 * T.int64(16) + oc_chunk_1 * T.int64(2) + oc_chunk_2 + oc_chunk_3)
                        v_oh = T.axis.spatial(T.int64(2), oh_0 * T.int64(2) + oh_1 * T.int64(2) + oh_2 * T.int64(2) + oh_3)
                        v_ow = T.axis.spatial(T.int64(2), ow_0 * T.int64(2) + ow_1 * T.int64(2) + ow_2 * T.int64(2) + ow_3)
                        v_oc_block = T.axis.spatial(T.int64(8), oc_block_0 * T.int64(2) + oc_block_1 * T.int64(2) + oc_block_2 * T.int64(2) + oc_block_3)
                        v_ic = T.axis.reduce(T.int64(960), ic_0 * T.int64(6) + ic_1)
                        v_kh = T.axis.reduce(T.int64(1), kh_0 + kh_1)
                        v_kw = T.axis.reduce(T.int64(1), kw_0 + kw_1)
                        T.reads(p0[v_n, v_ic // T.int64(8), v_oh + v_kh, v_ow + v_kw, v_ic % T.int64(8)], p1[v_oc_chunk, v_ic // T.int64(8), v_kh, v_kw, v_ic % T.int64(8), v_oc_block])
                        T.writes(conv2d_NCHWc[v_n, v_oc_chunk, v_oh, v_ow, v_oc_block])
                        T.block_attr({"meta_schedule.tiling_structure": "SSRSRS"})
                        with T.init():
                            conv2d_NCHWc[v_n, v_oc_chunk, v_oh, v_ow, v_oc_block] = T.float32(0)
                        conv2d_NCHWc[v_n, v_oc_chunk, v_oh, v_ow, v_oc_block] = conv2d_NCHWc[v_n, v_oc_chunk, v_oh, v_ow, v_oc_block] + p0[v_n, v_ic // T.int64(8), v_oh + v_kh, v_ow + v_kw, v_ic % T.int64(8)] * p1[v_oc_chunk, v_ic // T.int64(8), v_kh, v_kw, v_ic % T.int64(8), v_oc_block]
                for ax0, ax1, ax2, ax3, ax4 in T.grid(T.int64(1), T.int64(16), T.int64(2), T.int64(2), T.int64(2)):
                    with T.block("T_relu"):
                        v_ax0, v_ax1, v_ax2, v_ax3 = T.axis.remap("SSSS", [ax0, ax1, ax2, ax3])
                        v_ax4 = T.axis.spatial(T.int64(8), oc_block_0 * T.int64(2) + ax4)
                        T.reads(conv2d_NCHWc[v_ax0, v_ax1, v_ax2, v_ax3, v_ax4], p2[v_ax0, v_ax1, T.int64(0), T.int64(0), v_ax4])
                        T.writes(T_relu[v_ax0, v_ax1, v_ax2, v_ax3, v_ax4])
                        T_relu[v_ax0, v_ax1, v_ax2, v_ax3, v_ax4] = T.max(conv2d_NCHWc[v_ax0, v_ax1, v_ax2, v_ax3, v_ax4] + p2[v_ax0, v_ax1, T.int64(0), T.int64(0), v_ax4], T.float32(0))
b0 = sch.get_block(name="conv2d_NCHWc", func_name="main")
b1 = sch.get_block(name="T_add", func_name="main")
b2 = sch.get_block(name="root", func_name="main")
sch.compute_inline(block=b1)
sch.annotate(block_or_loop=b0, ann_key="meta_schedule.tiling_structure", ann_val="SSRSRS")
l3, l4, l5, l6, l7, l8, l9, l10 = sch.get_loops(block=b0)
v11, v12, v13, v14 = sch.sample_perfect_tile(loop=l3, n=4, max_innermost_factor=64, decision=[1, 1, 1, 1])
l15, l16, l17, l18 = sch.split(loop=l3, factors=[v11, v12, v13, v14], preserve_unit_iters=True, disable_predication=False)
v19, v20, v21, v22 = sch.sample_perfect_tile(loop=l4, n=4, max_innermost_factor=64, decision=[1, 8, 2, 1])
l23, l24, l25, l26 = sch.split(loop=l4, factors=[v19, v20, v21, v22], preserve_unit_iters=True, disable_predication=False)
v27, v28, v29, v30 = sch.sample_perfect_tile(loop=l5, n=4, max_innermost_factor=64, decision=[1, 1, 1, 2])
l31, l32, l33, l34 = sch.split(loop=l5, factors=[v27, v28, v29, v30], preserve_unit_iters=True, disable_predication=False)
v35, v36, v37, v38 = sch.sample_perfect_tile(loop=l6, n=4, max_innermost_factor=64, decision=[1, 1, 1, 2])
l39, l40, l41, l42 = sch.split(loop=l6, factors=[v35, v36, v37, v38], preserve_unit_iters=True, disable_predication=False)
v43, v44, v45, v46 = sch.sample_perfect_tile(loop=l7, n=4, max_innermost_factor=64, decision=[4, 1, 1, 2])
l47, l48, l49, l50 = sch.split(loop=l7, factors=[v43, v44, v45, v46], preserve_unit_iters=True, disable_predication=False)
v51, v52 = sch.sample_perfect_tile(loop=l8, n=2, max_innermost_factor=64, decision=[160, 6])
l53, l54 = sch.split(loop=l8, factors=[v51, v52], preserve_unit_iters=True, disable_predication=False)
v55, v56 = sch.sample_perfect_tile(loop=l9, n=2, max_innermost_factor=64, decision=[1, 1])
l57, l58 = sch.split(loop=l9, factors=[v55, v56], preserve_unit_iters=True, disable_predication=False)
v59, v60 = sch.sample_perfect_tile(loop=l10, n=2, max_innermost_factor=64, decision=[1, 1])
l61, l62 = sch.split(loop=l10, factors=[v59, v60], preserve_unit_iters=True, disable_predication=False)
sch.reorder(l15, l23, l31, l39, l47, l16, l24, l32, l40, l48, l53, l57, l61, l17, l25, l33, l41, l49, l54, l58, l62, l18, l26, l34, l42, l50)
b63, = sch.get_consumers(block=b0)
sch.reverse_compute_at(block=b63, loop=l47, preserve_unit_loops=True, index=-1)
sch.annotate(block_or_loop=b2, ann_key="meta_schedule.parallel", ann_val=96)
sch.annotate(block_or_loop=b2, ann_key="meta_schedule.vectorize", ann_val=64)
v64 = sch.sample_categorical(candidates=[0, 16, 64, 512], probs=[0.25, 0.25, 0.25, 0.25], decision=0)
sch.annotate(block_or_loop=b2, ann_key="meta_schedule.unroll_explicit", ann_val=v64)
2024-05-20 13:49:33 [INFO] [evolutionary_search.cc:713] Generating candidates......
2024-05-20 13:49:33 [INFO] [evolutionary_search.cc:715] Picked top 0 candidate(s) from database
2024-05-20 13:49:34 [INFO] [evolutionary_search.cc:533] Sample-Init-Population summary:
Postproc #0 [meta_schedule.DisallowDynamicLoop(0x47006258)]: 0 failure(s)
Postproc #1 [meta_schedule.RewriteParallelVectorizeUnroll(0x42d3f658)]: 0 failure(s)
Postproc #2 [meta_schedule.RewriteReductionBlock(0x43e9b288)]: 0 failure(s)
Postproc #3 [meta_schedule.RewriteLayout(0x471f3e58)]: 0 failure(s)
2024-05-20 13:49:34 [INFO] [evolutionary_search.cc:723] Sampled 512 candidate(s)
2024-05-20 13:49:35 [INFO] [evolutionary_search.cc:621] Evolve iter #0 done. Summary:
Postproc #0 [meta_schedule.DisallowDynamicLoop(0x47006258)]: 0 failure(s)
Postproc #1 [meta_schedule.RewriteParallelVectorizeUnroll(0x42d3f658)]: 0 failure(s)
Postproc #2 [meta_schedule.RewriteReductionBlock(0x43e9b288)]: 0 failure(s)
Postproc #3 [meta_schedule.RewriteLayout(0x471f3e58)]: 0 failure(s)
2024-05-20 13:49:36 [INFO] [evolutionary_search.cc:621] Evolve iter #1 done. Summary:
Postproc #0 [meta_schedule.DisallowDynamicLoop(0x47006258)]: 0 failure(s)
Postproc #1 [meta_schedule.RewriteParallelVectorizeUnroll(0x42d3f658)]: 0 failure(s)
Postproc #2 [meta_schedule.RewriteReductionBlock(0x43e9b288)]: 0 failure(s)
Postproc #3 [meta_schedule.RewriteLayout(0x471f3e58)]: 0 failure(s)
2024-05-20 13:49:37 [INFO] [evolutionary_search.cc:621] Evolve iter #2 done. Summary:
Postproc #0 [meta_schedule.DisallowDynamicLoop(0x47006258)]: 0 failure(s)
Postproc #1 [meta_schedule.RewriteParallelVectorizeUnroll(0x42d3f658)]: 0 failure(s)
Postproc #2 [meta_schedule.RewriteReductionBlock(0x43e9b288)]: 0 failure(s)
Postproc #3 [meta_schedule.RewriteLayout(0x471f3e58)]: 0 failure(s)
2024-05-20 13:49:38 [INFO] [evolutionary_search.cc:621] Evolve iter #3 done. Summary:
Postproc #0 [meta_schedule.DisallowDynamicLoop(0x47006258)]: 0 failure(s)
Postproc #1 [meta_schedule.RewriteParallelVectorizeUnroll(0x42d3f658)]: 0 failure(s)
Postproc #2 [meta_schedule.RewriteReductionBlock(0x43e9b288)]: 0 failure(s)
Postproc #3 [meta_schedule.RewriteLayout(0x471f3e58)]: 0 failure(s)
2024-05-20 13:49:38 [INFO] [evolutionary_search.cc:649] Scores of the best 64 candidates:
[1 : 16]:	0.9996  0.9996  0.9996  0.9993  0.9990  0.9980  0.9977  0.9975  0.9975  0.9968  0.9957  0.9957  0.9953  0.9952  0.9946  0.9942
[17 : 32]:	0.9934  0.9925  0.9917  0.9895  0.9883  0.9879  0.9869  0.9863  0.9861  0.9856  0.9852  0.9838  0.9835  0.9835  0.9833  0.9820
[33 : 48]:	0.9799  0.9784  0.9784  0.9777  0.9776  0.9769  0.9763  0.9760  0.9753  0.9753  0.9740  0.9736  0.9734  0.9733  0.9731  0.9727
[49 : 64]:	0.9721  0.9720  0.9710  0.9704  0.9700  0.9692  0.9690  0.9690  0.9687  0.9686  0.9678  0.9676  0.9666  0.9661  0.9656  0.9655
2024-05-20 13:49:39 [INFO] [evolutionary_search.cc:727] Got 64 candidate(s) with evolutionary search
2024-05-20 13:49:39 [INFO] [evolutionary_search.cc:730] Sending 64 candidates(s) for measurement
2024-05-20 15:31:12 [INFO] [task_scheduler.cc:131] [Task #18: fused_nn_contrib_conv2d_NCHWc_add_nn_relu_17] Trial #1: GFLOPs: 4.4908. Time: 219.1273 us. Best GFLOPs: 4.4908
2024-05-20 15:31:12 [INFO] [task_scheduler.cc:131] [Task #18: fused_nn_contrib_conv2d_NCHWc_add_nn_relu_17] Trial #2: GFLOPs: 14.8968. Time: 66.0587 us. Best GFLOPs: 14.8968
2024-05-20 15:31:12 [INFO] [task_scheduler.cc:131] [Task #18: fused_nn_contrib_conv2d_NCHWc_add_nn_relu_17] Trial #3: GFLOPs: 12.7612. Time: 77.1139 us. Best GFLOPs: 14.8968
2024-05-20 15:31:12 [INFO] [task_scheduler.cc:131] [Task #18: fused_nn_contrib_conv2d_NCHWc_add_nn_relu_17] Trial #4: GFLOPs: 15.8281. Time: 62.1718 us. Best GFLOPs: 15.8281
2024-05-20 15:31:12 [INFO] [task_scheduler.cc:131] [Task #18: fused_nn_contrib_conv2d_NCHWc_add_nn_relu_17] Trial #5: GFLOPs: 18.1262. Time: 54.2896 us. Best GFLOPs: 18.1262
2024-05-20 15:31:12 [INFO] [task_scheduler.cc:131] [Task #18: fused_nn_contrib_conv2d_NCHWc_add_nn_relu_17] Trial #6: GFLOPs: 15.4756. Time: 63.5880 us. Best GFLOPs: 18.1262
2024-05-20 15:31:12 [INFO] [task_scheduler.cc:131] [Task #18: fused_nn_contrib_conv2d_NCHWc_add_nn_relu_17] Trial #7: GFLOPs: 23.4027. Time: 42.0492 us. Best GFLOPs: 23.4027
2024-05-20 15:31:12 [INFO] [task_scheduler.cc:131] [Task #18: fused_nn_contrib_conv2d_NCHWc_add_nn_relu_17] Trial #8: GFLOPs: 46.9891. Time: 20.9424 us. Best GFLOPs: 46.9891
2024-05-20 15:31:12 [INFO] [task_scheduler.cc:131] [Task #18: fused_nn_contrib_conv2d_NCHWc_add_nn_relu_17] Trial #9: GFLOPs: 7.7022. Time: 127.7646 us. Best GFLOPs: 46.9891
2024-05-20 15:31:12 [INFO] [task_scheduler.cc:131] [Task #18: fused_nn_contrib_conv2d_NCHWc_add_nn_relu_17] Trial #10: GFLOPs: 16.3195. Time: 60.2999 us. Best GFLOPs: 46.9891
2024-05-20 15:31:12 [INFO] [task_scheduler.cc:131] [Task #18: fused_nn_contrib_conv2d_NCHWc_add_nn_relu_17] Trial #11: GFLOPs: 17.0742. Time: 57.6345 us. Best GFLOPs: 46.9891
2024-05-20 15:31:12 [INFO] [task_scheduler.cc:131] [Task #18: fused_nn_contrib_conv2d_NCHWc_add_nn_relu_17] Trial #12: GFLOPs: 14.8907. Time: 66.0860 us. Best GFLOPs: 46.9891
2024-05-20 15:31:12 [INFO] [task_scheduler.cc:131] [Task #18: fused_nn_contrib_conv2d_NCHWc_add_nn_relu_17] Trial #13: GFLOPs: 17.0429. Time: 57.7404 us. Best GFLOPs: 46.9891
2024-05-20 15:31:12 [INFO] [task_scheduler.cc:131] [Task #18: fused_nn_contrib_conv2d_NCHWc_add_nn_relu_17] Trial #14: GFLOPs: 7.5099. Time: 131.0348 us. Best GFLOPs: 46.9891
2024-05-20 15:31:12 [INFO] [task_scheduler.cc:131] [Task #18: fused_nn_contrib_conv2d_NCHWc_add_nn_relu_17] Trial #15: GFLOPs: 11.4187. Time: 86.1801 us. Best GFLOPs: 46.9891
2024-05-20 15:31:12 [INFO] [task_scheduler.cc:131] [Task #18: fused_nn_contrib_conv2d_NCHWc_add_nn_relu_17] Trial #16: GFLOPs: 12.4142. Time: 79.2692 us. Best GFLOPs: 46.9891
2024-05-20 15:31:12 [INFO] [task_scheduler.cc:131] [Task #18: fused_nn_contrib_conv2d_NCHWc_add_nn_relu_17] Trial #17: GFLOPs: 10.3606. Time: 94.9815 us. Best GFLOPs: 46.9891
2024-05-20 15:31:12 [INFO] [task_scheduler.cc:131] [Task #18: fused_nn_contrib_conv2d_NCHWc_add_nn_relu_17] Trial #18: GFLOPs: 3.6332. Time: 270.8520 us. Best GFLOPs: 46.9891
2024-05-20 15:31:12 [INFO] [task_scheduler.cc:131] [Task #18: fused_nn_contrib_conv2d_NCHWc_add_nn_relu_17] Trial #19: GFLOPs: 20.3635. Time: 48.3250 us. Best GFLOPs: 46.9891
2024-05-20 15:31:12 [INFO] [task_scheduler.cc:131] [Task #18: fused_nn_contrib_conv2d_NCHWc_add_nn_relu_17] Trial #20: GFLOPs: 19.7922. Time: 49.7198 us. Best GFLOPs: 46.9891
2024-05-20 15:31:12 [INFO] [task_scheduler.cc:131] [Task #18: fused_nn_contrib_conv2d_NCHWc_add_nn_relu_17] Trial #21: GFLOPs: 28.1394. Time: 34.9710 us. Best GFLOPs: 46.9891
2024-05-20 15:31:12 [INFO] [task_scheduler.cc:131] [Task #18: fused_nn_contrib_conv2d_NCHWc_add_nn_relu_17] Trial #22: GFLOPs: 31.2837. Time: 31.4561 us. Best GFLOPs: 46.9891
2024-05-20 15:31:12 [INFO] [task_scheduler.cc:131] [Task #18: fused_nn_contrib_conv2d_NCHWc_add_nn_relu_17] Trial #23: GFLOPs: 47.1489. Time: 20.8714 us. Best GFLOPs: 47.1489
2024-05-20 15:31:12 [INFO] [task_scheduler.cc:131] [Task #18: fused_nn_contrib_conv2d_NCHWc_add_nn_relu_17] Trial #24: GFLOPs: 45.4202. Time: 21.6658 us. Best GFLOPs: 47.1489
2024-05-20 15:31:12 [INFO] [task_scheduler.cc:131] [Task #18: fused_nn_contrib_conv2d_NCHWc_add_nn_relu_17] Trial #25: GFLOPs: 13.6327. Time: 72.1843 us. Best GFLOPs: 47.1489
2024-05-20 15:31:12 [INFO] [task_scheduler.cc:131] [Task #18: fused_nn_contrib_conv2d_NCHWc_add_nn_relu_17] Trial #26: GFLOPs: 10.8217. Time: 90.9342 us. Best GFLOPs: 47.1489
2024-05-20 15:31:12 [INFO] [task_scheduler.cc:131] [Task #18: fused_nn_contrib_conv2d_NCHWc_add_nn_relu_17] Trial #27: GFLOPs: 12.4197. Time: 79.2341 us. Best GFLOPs: 47.1489
2024-05-20 15:31:12 [INFO] [task_scheduler.cc:131] [Task #18: fused_nn_contrib_conv2d_NCHWc_add_nn_relu_17] Trial #28: GFLOPs: 4.8098. Time: 204.5961 us. Best GFLOPs: 47.1489
2024-05-20 15:31:12 [INFO] [task_scheduler.cc:131] [Task #18: fused_nn_contrib_conv2d_NCHWc_add_nn_relu_17] Trial #29: GFLOPs: 14.5022. Time: 67.8561 us. Best GFLOPs: 47.1489
2024-05-20 15:31:12 [INFO] [task_scheduler.cc:131] [Task #18: fused_nn_contrib_conv2d_NCHWc_add_nn_relu_17] Trial #30: GFLOPs: 10.0961. Time: 97.4698 us. Best GFLOPs: 47.1489
2024-05-20 15:31:12 [INFO] [task_scheduler.cc:131] [Task #18: fused_nn_contrib_conv2d_NCHWc_add_nn_relu_17] Trial #31: GFLOPs: 10.2338. Time: 96.1583 us. Best GFLOPs: 47.1489
2024-05-20 15:31:12 [INFO] [task_scheduler.cc:131] [Task #18: fused_nn_contrib_conv2d_NCHWc_add_nn_relu_17] Trial #32: GFLOPs: 6.0055. Time: 163.8618 us. Best GFLOPs: 47.1489
2024-05-20 15:31:12 [INFO] [task_scheduler.cc:131] [Task #18: fused_nn_contrib_conv2d_NCHWc_add_nn_relu_17] Trial #33: GFLOPs: 5.2064. Time: 189.0110 us. Best GFLOPs: 47.1489
2024-05-20 15:31:12 [INFO] [task_scheduler.cc:131] [Task #18: fused_nn_contrib_conv2d_NCHWc_add_nn_relu_17] Trial #34: GFLOPs: 7.2334. Time: 136.0450 us. Best GFLOPs: 47.1489
2024-05-20 15:31:12 [INFO] [task_scheduler.cc:131] [Task #18: fused_nn_contrib_conv2d_NCHWc_add_nn_relu_17] Trial #35: GFLOPs: 8.2645. Time: 119.0706 us. Best GFLOPs: 47.1489
2024-05-20 15:31:12 [INFO] [task_scheduler.cc:131] [Task #18: fused_nn_contrib_conv2d_NCHWc_add_nn_relu_17] Trial #36: GFLOPs: 9.3746. Time: 104.9710 us. Best GFLOPs: 47.1489
2024-05-20 15:31:12 [INFO] [task_scheduler.cc:131] [Task #18: fused_nn_contrib_conv2d_NCHWc_add_nn_relu_17] Trial #37: GFLOPs: 19.5496. Time: 50.3368 us. Best GFLOPs: 47.1489
2024-05-20 15:31:12 [INFO] [task_scheduler.cc:131] [Task #18: fused_nn_contrib_conv2d_NCHWc_add_nn_relu_17] Trial #38: GFLOPs: 13.9418. Time: 70.5838 us. Best GFLOPs: 47.1489
2024-05-20 15:31:12 [INFO] [task_scheduler.cc:131] [Task #18: fused_nn_contrib_conv2d_NCHWc_add_nn_relu_17] Trial #39: GFLOPs: 13.3099. Time: 73.9349 us. Best GFLOPs: 47.1489
2024-05-20 15:31:12 [INFO] [task_scheduler.cc:131] [Task #18: fused_nn_contrib_conv2d_NCHWc_add_nn_relu_17] Trial #40: GFLOPs: 17.9617. Time: 54.7868 us. Best GFLOPs: 47.1489
2024-05-20 15:31:12 [INFO] [task_scheduler.cc:131] [Task #18: fused_nn_contrib_conv2d_NCHWc_add_nn_relu_17] Trial #41: GFLOPs: 24.9104. Time: 39.5042 us. Best GFLOPs: 47.1489
2024-05-20 15:31:12 [INFO] [task_scheduler.cc:131] [Task #18: fused_nn_contrib_conv2d_NCHWc_add_nn_relu_17] Trial #42: GFLOPs: 12.5823. Time: 78.2103 us. Best GFLOPs: 47.1489
2024-05-20 15:31:12 [INFO] [task_scheduler.cc:131] [Task #18: fused_nn_contrib_conv2d_NCHWc_add_nn_relu_17] Trial #43: GFLOPs: 12.4225. Time: 79.2160 us. Best GFLOPs: 47.1489
2024-05-20 15:31:12 [INFO] [task_scheduler.cc:131] [Task #18: fused_nn_contrib_conv2d_NCHWc_add_nn_relu_17] Trial #44: GFLOPs: 28.9947. Time: 33.9394 us. Best GFLOPs: 47.1489
2024-05-20 15:31:12 [INFO] [task_scheduler.cc:131] [Task #18: fused_nn_contrib_conv2d_NCHWc_add_nn_relu_17] Trial #45: GFLOPs: 12.3218. Time: 79.8639 us. Best GFLOPs: 47.1489
2024-05-20 15:31:12 [INFO] [task_scheduler.cc:131] [Task #18: fused_nn_contrib_conv2d_NCHWc_add_nn_relu_17] Trial #46: GFLOPs: 7.0231. Time: 140.1191 us. Best GFLOPs: 47.1489
2024-05-20 15:31:12 [INFO] [task_scheduler.cc:131] [Task #18: fused_nn_contrib_conv2d_NCHWc_add_nn_relu_17] Trial #47: GFLOPs: 14.7909. Time: 66.5315 us. Best GFLOPs: 47.1489
2024-05-20 15:31:12 [INFO] [task_scheduler.cc:131] [Task #18: fused_nn_contrib_conv2d_NCHWc_add_nn_relu_17] Trial #48: GFLOPs: 37.9274. Time: 25.9460 us. Best GFLOPs: 47.1489
2024-05-20 15:31:12 [INFO] [task_scheduler.cc:131] [Task #18: fused_nn_contrib_conv2d_NCHWc_add_nn_relu_17] Trial #49: GFLOPs: 11.6769. Time: 84.2742 us. Best GFLOPs: 47.1489
2024-05-20 15:31:12 [INFO] [task_scheduler.cc:131] [Task #18: fused_nn_contrib_conv2d_NCHWc_add_nn_relu_17] Trial #50: GFLOPs: 18.3458. Time: 53.6397 us. Best GFLOPs: 47.1489
2024-05-20 15:31:12 [INFO] [task_scheduler.cc:131] [Task #18: fused_nn_contrib_conv2d_NCHWc_add_nn_relu_17] Trial #51: GFLOPs: 22.1485. Time: 44.4303 us. Best GFLOPs: 47.1489
2024-05-20 15:31:12 [INFO] [task_scheduler.cc:131] [Task #18: fused_nn_contrib_conv2d_NCHWc_add_nn_relu_17] Trial #52: GFLOPs: 13.2243. Time: 74.4133 us. Best GFLOPs: 47.1489
2024-05-20 15:31:12 [INFO] [task_scheduler.cc:131] [Task #18: fused_nn_contrib_conv2d_NCHWc_add_nn_relu_17] Trial #53: GFLOPs: 27.2447. Time: 36.1194 us. Best GFLOPs: 47.1489
2024-05-20 15:31:12 [INFO] [task_scheduler.cc:131] [Task #18: fused_nn_contrib_conv2d_NCHWc_add_nn_relu_17] Trial #54: GFLOPs: 6.8847. Time: 142.9356 us. Best GFLOPs: 47.1489
2024-05-20 15:31:12 [INFO] [task_scheduler.cc:131] [Task #18: fused_nn_contrib_conv2d_NCHWc_add_nn_relu_17] Trial #55: GFLOPs: 13.3920. Time: 73.4816 us. Best GFLOPs: 47.1489
2024-05-20 15:31:12 [INFO] [task_scheduler.cc:131] [Task #18: fused_nn_contrib_conv2d_NCHWc_add_nn_relu_17] Trial #56: GFLOPs: 2.3839. Time: 412.7985 us. Best GFLOPs: 47.1489
2024-05-20 15:31:12 [INFO] [task_scheduler.cc:131] [Task #18: fused_nn_contrib_conv2d_NCHWc_add_nn_relu_17] Trial #57: GFLOPs: 6.7084. Time: 146.6906 us. Best GFLOPs: 47.1489
2024-05-20 15:31:12 [INFO] [task_scheduler.cc:131] [Task #18: fused_nn_contrib_conv2d_NCHWc_add_nn_relu_17] Trial #58: GFLOPs: 28.3923. Time: 34.6595 us. Best GFLOPs: 47.1489
2024-05-20 15:31:12 [INFO] [task_scheduler.cc:131] [Task #18: fused_nn_contrib_conv2d_NCHWc_add_nn_relu_17] Trial #59: GFLOPs: 25.0901. Time: 39.2213 us. Best GFLOPs: 47.1489
2024-05-20 15:31:12 [INFO] [task_scheduler.cc:131] [Task #18: fused_nn_contrib_conv2d_NCHWc_add_nn_relu_17] Trial #60: GFLOPs: 3.9465. Time: 249.3481 us. Best GFLOPs: 47.1489
2024-05-20 15:31:12 [INFO] [task_scheduler.cc:131] [Task #18: fused_nn_contrib_conv2d_NCHWc_add_nn_relu_17] Trial #61: GFLOPs: 15.7718. Time: 62.3941 us. Best GFLOPs: 47.1489
2024-05-20 15:31:12 [INFO] [task_scheduler.cc:131] [Task #18: fused_nn_contrib_conv2d_NCHWc_add_nn_relu_17] Trial #62: GFLOPs: 45.5207. Time: 21.6179 us. Best GFLOPs: 47.1489
2024-05-20 15:31:12 [INFO] [task_scheduler.cc:131] [Task #18: fused_nn_contrib_conv2d_NCHWc_add_nn_relu_17] Trial #63: GFLOPs: 29.6748. Time: 33.1616 us. Best GFLOPs: 47.1489
2024-05-20 15:31:12 [INFO] [task_scheduler.cc:131] [Task #18: fused_nn_contrib_conv2d_NCHWc_add_nn_relu_17] Trial #64: GFLOPs: 17.5837. Time: 55.9644 us. Best GFLOPs: 47.1489
2024-05-20 16:02:26 [INFO] [evolutionary_search.cc:713] Generating candidates......
2024-05-20 16:02:26 [INFO] [evolutionary_search.cc:715] Picked top 64 candidate(s) from database
2024-05-20 16:02:27 [INFO] [evolutionary_search.cc:533] Sample-Init-Population summary:
Postproc #0 [meta_schedule.DisallowDynamicLoop(0x47006258)]: 0 failure(s)
Postproc #1 [meta_schedule.RewriteParallelVectorizeUnroll(0x42d3f658)]: 0 failure(s)
Postproc #2 [meta_schedule.RewriteReductionBlock(0x43e9b288)]: 0 failure(s)
Postproc #3 [meta_schedule.RewriteLayout(0x471f3e58)]: 0 failure(s)
2024-05-20 16:02:27 [INFO] [evolutionary_search.cc:723] Sampled 448 candidate(s)
2024-05-20 16:02:30 [INFO] [evolutionary_search.cc:621] Evolve iter #0 done. Summary:
Postproc #0 [meta_schedule.DisallowDynamicLoop(0x47006258)]: 0 failure(s)
Postproc #1 [meta_schedule.RewriteParallelVectorizeUnroll(0x42d3f658)]: 0 failure(s)
Postproc #2 [meta_schedule.RewriteReductionBlock(0x43e9b288)]: 0 failure(s)
Postproc #3 [meta_schedule.RewriteLayout(0x471f3e58)]: 0 failure(s)
2024-05-20 16:02:32 [INFO] [evolutionary_search.cc:621] Evolve iter #1 done. Summary:
Postproc #0 [meta_schedule.DisallowDynamicLoop(0x47006258)]: 0 failure(s)
Postproc #1 [meta_schedule.RewriteParallelVectorizeUnroll(0x42d3f658)]: 0 failure(s)
Postproc #2 [meta_schedule.RewriteReductionBlock(0x43e9b288)]: 0 failure(s)
Postproc #3 [meta_schedule.RewriteLayout(0x471f3e58)]: 0 failure(s)
2024-05-20 16:02:35 [INFO] [evolutionary_search.cc:621] Evolve iter #2 done. Summary:
Postproc #0 [meta_schedule.DisallowDynamicLoop(0x47006258)]: 0 failure(s)
Postproc #1 [meta_schedule.RewriteParallelVectorizeUnroll(0x42d3f658)]: 0 failure(s)
Postproc #2 [meta_schedule.RewriteReductionBlock(0x43e9b288)]: 0 failure(s)
Postproc #3 [meta_schedule.RewriteLayout(0x471f3e58)]: 0 failure(s)
2024-05-20 16:02:37 [INFO] [evolutionary_search.cc:621] Evolve iter #3 done. Summary:
Postproc #0 [meta_schedule.DisallowDynamicLoop(0x47006258)]: 0 failure(s)
Postproc #1 [meta_schedule.RewriteParallelVectorizeUnroll(0x42d3f658)]: 0 failure(s)
Postproc #2 [meta_schedule.RewriteReductionBlock(0x43e9b288)]: 0 failure(s)
Postproc #3 [meta_schedule.RewriteLayout(0x471f3e58)]: 0 failure(s)
2024-05-20 16:02:39 [INFO] [evolutionary_search.cc:649] Scores of the best 64 candidates:
[1 : 16]:	1.0632  1.0589  1.0509  1.0378  1.0352  1.0239  1.0157  1.0142  1.0124  1.0101  1.0011  0.9960  0.9959  0.9947  0.9929  0.9900
[17 : 32]:	0.9885  0.9880  0.9880  0.9876  0.9849  0.9835  0.9807  0.9803  0.9795  0.9770  0.9757  0.9719  0.9710  0.9681  0.9668  0.9668
[33 : 48]:	0.9664  0.9651  0.9640  0.9611  0.9611  0.9595  0.9576  0.9573  0.9573  0.9531  0.9527  0.9509  0.9497  0.9497  0.9496  0.9495
[49 : 64]:	0.9494  0.9470  0.9470  0.9470  0.9470  0.9466  0.9455  0.9454  0.9452  0.9445  0.9433  0.9415  0.9411  0.9404  0.9399  0.9395
2024-05-20 16:02:39 [INFO] [evolutionary_search.cc:727] Got 64 candidate(s) with evolutionary search
2024-05-20 16:02:39 [INFO] [evolutionary_search.cc:730] Sending 64 candidates(s) for measurement
2024-05-20 16:04:21 [INFO] [task_scheduler.cc:131] [Task #18: fused_nn_contrib_conv2d_NCHWc_add_nn_relu_17] Trial #65: GFLOPs: 52.0684. Time: 18.8995 us. Best GFLOPs: 52.0684
2024-05-20 16:04:21 [INFO] [task_scheduler.cc:131] [Task #18: fused_nn_contrib_conv2d_NCHWc_add_nn_relu_17] Trial #66: GFLOPs: 77.7493. Time: 12.6569 us. Best GFLOPs: 77.7493
2024-05-20 16:04:21 [INFO] [task_scheduler.cc:131] [Task #18: fused_nn_contrib_conv2d_NCHWc_add_nn_relu_17] Trial #67: GFLOPs: 76.1037. Time: 12.9306 us. Best GFLOPs: 77.7493
2024-05-20 16:04:21 [INFO] [task_scheduler.cc:131] [Task #18: fused_nn_contrib_conv2d_NCHWc_add_nn_relu_17] Trial #68: GFLOPs: 99.2481. Time: 9.9152 us. Best GFLOPs: 99.2481
2024-05-20 16:04:21 [INFO] [task_scheduler.cc:131] [Task #18: fused_nn_contrib_conv2d_NCHWc_add_nn_relu_17] Trial #69: GFLOPs: 62.4228. Time: 15.7645 us. Best GFLOPs: 99.2481
2024-05-20 16:04:21 [INFO] [task_scheduler.cc:131] [Task #18: fused_nn_contrib_conv2d_NCHWc_add_nn_relu_17] Trial #70: GFLOPs: 94.4030. Time: 10.4241 us. Best GFLOPs: 99.2481
2024-05-20 16:04:21 [INFO] [task_scheduler.cc:131] [Task #18: fused_nn_contrib_conv2d_NCHWc_add_nn_relu_17] Trial #71: GFLOPs: 114.0705. Time: 8.6268 us. Best GFLOPs: 114.0705
2024-05-20 16:04:21 [INFO] [task_scheduler.cc:131] [Task #18: fused_nn_contrib_conv2d_NCHWc_add_nn_relu_17] Trial #72: GFLOPs: 75.3827. Time: 13.0542 us. Best GFLOPs: 114.0705
2024-05-20 16:04:21 [INFO] [task_scheduler.cc:131] [Task #18: fused_nn_contrib_conv2d_NCHWc_add_nn_relu_17] Trial #73: GFLOPs: 87.5009. Time: 11.2463 us. Best GFLOPs: 114.0705
2024-05-20 16:04:21 [INFO] [task_scheduler.cc:131] [Task #18: fused_nn_contrib_conv2d_NCHWc_add_nn_relu_17] Trial #74: GFLOPs: 96.6831. Time: 10.1782 us. Best GFLOPs: 114.0705
2024-05-20 16:04:21 [INFO] [task_scheduler.cc:131] [Task #18: fused_nn_contrib_conv2d_NCHWc_add_nn_relu_17] Trial #75: GFLOPs: 104.2258. Time: 9.4417 us. Best GFLOPs: 114.0705
2024-05-20 16:04:21 [INFO] [task_scheduler.cc:131] [Task #18: fused_nn_contrib_conv2d_NCHWc_add_nn_relu_17] Trial #76: GFLOPs: 42.8411. Time: 22.9701 us. Best GFLOPs: 114.0705
2024-05-20 16:04:21 [INFO] [task_scheduler.cc:131] [Task #18: fused_nn_contrib_conv2d_NCHWc_add_nn_relu_17] Trial #77: GFLOPs: 60.7892. Time: 16.1882 us. Best GFLOPs: 114.0705
2024-05-20 16:04:21 [INFO] [task_scheduler.cc:131] [Task #18: fused_nn_contrib_conv2d_NCHWc_add_nn_relu_17] Trial #78: GFLOPs: 68.4500. Time: 14.3764 us. Best GFLOPs: 114.0705
2024-05-20 16:04:21 [INFO] [task_scheduler.cc:131] [Task #18: fused_nn_contrib_conv2d_NCHWc_add_nn_relu_17] Trial #79: GFLOPs: 96.8563. Time: 10.1600 us. Best GFLOPs: 114.0705
2024-05-20 16:04:21 [INFO] [task_scheduler.cc:131] [Task #18: fused_nn_contrib_conv2d_NCHWc_add_nn_relu_17] Trial #80: GFLOPs: 66.3203. Time: 14.8380 us. Best GFLOPs: 114.0705
2024-05-20 16:04:21 [INFO] [task_scheduler.cc:131] [Task #18: fused_nn_contrib_conv2d_NCHWc_add_nn_relu_17] Trial #81: GFLOPs: 93.1430. Time: 10.5651 us. Best GFLOPs: 114.0705
2024-05-20 16:04:21 [INFO] [task_scheduler.cc:131] [Task #18: fused_nn_contrib_conv2d_NCHWc_add_nn_relu_17] Trial #82: GFLOPs: 72.0063. Time: 13.6664 us. Best GFLOPs: 114.0705
2024-05-20 16:04:21 [INFO] [task_scheduler.cc:131] [Task #18: fused_nn_contrib_conv2d_NCHWc_add_nn_relu_17] Trial #83: GFLOPs: 66.9136. Time: 14.7065 us. Best GFLOPs: 114.0705
2024-05-20 16:04:21 [INFO] [task_scheduler.cc:131] [Task #18: fused_nn_contrib_conv2d_NCHWc_add_nn_relu_17] Trial #84: GFLOPs: 52.1283. Time: 18.8777 us. Best GFLOPs: 114.0705
2024-05-20 16:04:21 [INFO] [task_scheduler.cc:131] [Task #18: fused_nn_contrib_conv2d_NCHWc_add_nn_relu_17] Trial #85: GFLOPs: 50.5131. Time: 19.4814 us. Best GFLOPs: 114.0705
2024-05-20 16:04:21 [INFO] [task_scheduler.cc:131] [Task #18: fused_nn_contrib_conv2d_NCHWc_add_nn_relu_17] Trial #86: GFLOPs: 59.1975. Time: 16.6234 us. Best GFLOPs: 114.0705
2024-05-20 16:04:21 [INFO] [task_scheduler.cc:131] [Task #18: fused_nn_contrib_conv2d_NCHWc_add_nn_relu_17] Trial #87: GFLOPs: 47.6218. Time: 20.6641 us. Best GFLOPs: 114.0705
2024-05-20 16:04:21 [INFO] [task_scheduler.cc:131] [Task #18: fused_nn_contrib_conv2d_NCHWc_add_nn_relu_17] Trial #88: GFLOPs: 38.0116. Time: 25.8885 us. Best GFLOPs: 114.0705
2024-05-20 16:04:21 [INFO] [task_scheduler.cc:131] [Task #18: fused_nn_contrib_conv2d_NCHWc_add_nn_relu_17] Trial #89: GFLOPs: 54.9321. Time: 17.9142 us. Best GFLOPs: 114.0705
2024-05-20 16:04:21 [INFO] [task_scheduler.cc:131] [Task #18: fused_nn_contrib_conv2d_NCHWc_add_nn_relu_17] Trial #90: GFLOPs: 73.1238. Time: 13.4575 us. Best GFLOPs: 114.0705
2024-05-20 16:04:21 [INFO] [task_scheduler.cc:131] [Task #18: fused_nn_contrib_conv2d_NCHWc_add_nn_relu_17] Trial #91: GFLOPs: 53.6715. Time: 18.3349 us. Best GFLOPs: 114.0705
2024-05-20 16:04:21 [INFO] [task_scheduler.cc:131] [Task #18: fused_nn_contrib_conv2d_NCHWc_add_nn_relu_17] Trial #92: GFLOPs: 60.2174. Time: 16.3419 us. Best GFLOPs: 114.0705
2024-05-20 16:04:21 [INFO] [task_scheduler.cc:131] [Task #18: fused_nn_contrib_conv2d_NCHWc_add_nn_relu_17] Trial #93: GFLOPs: 40.7475. Time: 24.1503 us. Best GFLOPs: 114.0705
2024-05-20 16:04:21 [INFO] [task_scheduler.cc:131] [Task #18: fused_nn_contrib_conv2d_NCHWc_add_nn_relu_17] Trial #94: GFLOPs: 73.5759. Time: 13.3748 us. Best GFLOPs: 114.0705
2024-05-20 16:04:21 [INFO] [task_scheduler.cc:131] [Task #18: fused_nn_contrib_conv2d_NCHWc_add_nn_relu_17] Trial #95: GFLOPs: 43.0698. Time: 22.8481 us. Best GFLOPs: 114.0705
2024-05-20 16:04:21 [INFO] [task_scheduler.cc:131] [Task #18: fused_nn_contrib_conv2d_NCHWc_add_nn_relu_17] Trial #96: GFLOPs: 50.8674. Time: 19.3457 us. Best GFLOPs: 114.0705
2024-05-20 16:04:21 [INFO] [task_scheduler.cc:131] [Task #18: fused_nn_contrib_conv2d_NCHWc_add_nn_relu_17] Trial #97: GFLOPs: 101.4320. Time: 9.7017 us. Best GFLOPs: 114.0705
2024-05-20 16:04:21 [INFO] [task_scheduler.cc:131] [Task #18: fused_nn_contrib_conv2d_NCHWc_add_nn_relu_17] Trial #98: GFLOPs: 75.2489. Time: 13.0775 us. Best GFLOPs: 114.0705
2024-05-20 16:04:21 [INFO] [task_scheduler.cc:131] [Task #18: fused_nn_contrib_conv2d_NCHWc_add_nn_relu_17] Trial #99: GFLOPs: 68.7006. Time: 14.3240 us. Best GFLOPs: 114.0705
2024-05-20 16:04:21 [INFO] [task_scheduler.cc:131] [Task #18: fused_nn_contrib_conv2d_NCHWc_add_nn_relu_17] Trial #100: GFLOPs: 56.9411. Time: 17.2821 us. Best GFLOPs: 114.0705
2024-05-20 16:04:21 [INFO] [task_scheduler.cc:131] [Task #18: fused_nn_contrib_conv2d_NCHWc_add_nn_relu_17] Trial #101: GFLOPs: 57.7198. Time: 17.0490 us. Best GFLOPs: 114.0705
2024-05-20 16:04:21 [INFO] [task_scheduler.cc:131] [Task #18: fused_nn_contrib_conv2d_NCHWc_add_nn_relu_17] Trial #102: GFLOPs: 42.0774. Time: 23.3870 us. Best GFLOPs: 114.0705
2024-05-20 16:04:21 [INFO] [task_scheduler.cc:131] [Task #18: fused_nn_contrib_conv2d_NCHWc_add_nn_relu_17] Trial #103: GFLOPs: 58.9568. Time: 16.6913 us. Best GFLOPs: 114.0705
2024-05-20 16:04:21 [INFO] [task_scheduler.cc:131] [Task #18: fused_nn_contrib_conv2d_NCHWc_add_nn_relu_17] Trial #104: GFLOPs: 82.4212. Time: 11.9395 us. Best GFLOPs: 114.0705
2024-05-20 16:04:21 [INFO] [task_scheduler.cc:131] [Task #18: fused_nn_contrib_conv2d_NCHWc_add_nn_relu_17] Trial #105: GFLOPs: 47.4452. Time: 20.7411 us. Best GFLOPs: 114.0705
2024-05-20 16:04:21 [INFO] [task_scheduler.cc:131] [Task #18: fused_nn_contrib_conv2d_NCHWc_add_nn_relu_17] Trial #106: GFLOPs: 73.2565. Time: 13.4331 us. Best GFLOPs: 114.0705
2024-05-20 16:04:21 [INFO] [task_scheduler.cc:131] [Task #18: fused_nn_contrib_conv2d_NCHWc_add_nn_relu_17] Trial #107: GFLOPs: 78.1244. Time: 12.5961 us. Best GFLOPs: 114.0705
2024-05-20 16:04:21 [INFO] [task_scheduler.cc:131] [Task #18: fused_nn_contrib_conv2d_NCHWc_add_nn_relu_17] Trial #108: GFLOPs: 71.9829. Time: 13.6708 us. Best GFLOPs: 114.0705
2024-05-20 16:04:21 [INFO] [task_scheduler.cc:131] [Task #18: fused_nn_contrib_conv2d_NCHWc_add_nn_relu_17] Trial #109: GFLOPs: 66.5237. Time: 14.7927 us. Best GFLOPs: 114.0705
2024-05-20 16:04:21 [INFO] [task_scheduler.cc:131] [Task #18: fused_nn_contrib_conv2d_NCHWc_add_nn_relu_17] Trial #110: GFLOPs: 80.5523. Time: 12.2165 us. Best GFLOPs: 114.0705
2024-05-20 16:04:21 [INFO] [task_scheduler.cc:131] [Task #18: fused_nn_contrib_conv2d_NCHWc_add_nn_relu_17] Trial #111: GFLOPs: 64.7011. Time: 15.2094 us. Best GFLOPs: 114.0705
2024-05-20 16:04:21 [INFO] [task_scheduler.cc:131] [Task #18: fused_nn_contrib_conv2d_NCHWc_add_nn_relu_17] Trial #112: GFLOPs: 64.5572. Time: 15.2433 us. Best GFLOPs: 114.0705
2024-05-20 16:04:21 [INFO] [task_scheduler.cc:131] [Task #18: fused_nn_contrib_conv2d_NCHWc_add_nn_relu_17] Trial #113: GFLOPs: 74.1930. Time: 13.2636 us. Best GFLOPs: 114.0705
2024-05-20 16:04:21 [INFO] [task_scheduler.cc:131] [Task #18: fused_nn_contrib_conv2d_NCHWc_add_nn_relu_17] Trial #114: GFLOPs: 58.3077. Time: 16.8771 us. Best GFLOPs: 114.0705
2024-05-20 16:04:21 [INFO] [task_scheduler.cc:131] [Task #18: fused_nn_contrib_conv2d_NCHWc_add_nn_relu_17] Trial #115: GFLOPs: 57.5754. Time: 17.0918 us. Best GFLOPs: 114.0705
2024-05-20 16:04:21 [INFO] [task_scheduler.cc:131] [Task #18: fused_nn_contrib_conv2d_NCHWc_add_nn_relu_17] Trial #116: GFLOPs: 61.3623. Time: 16.0369 us. Best GFLOPs: 114.0705
2024-05-20 16:04:21 [INFO] [task_scheduler.cc:131] [Task #18: fused_nn_contrib_conv2d_NCHWc_add_nn_relu_17] Trial #117: GFLOPs: 82.9648. Time: 11.8612 us. Best GFLOPs: 114.0705
2024-05-20 16:04:21 [INFO] [task_scheduler.cc:131] [Task #18: fused_nn_contrib_conv2d_NCHWc_add_nn_relu_17] Trial #118: GFLOPs: 47.4264. Time: 20.7493 us. Best GFLOPs: 114.0705
2024-05-20 16:04:21 [INFO] [task_scheduler.cc:131] [Task #18: fused_nn_contrib_conv2d_NCHWc_add_nn_relu_17] Trial #119: GFLOPs: 29.8538. Time: 32.9628 us. Best GFLOPs: 114.0705
2024-05-20 16:04:21 [INFO] [task_scheduler.cc:131] [Task #18: fused_nn_contrib_conv2d_NCHWc_add_nn_relu_17] Trial #120: GFLOPs: 37.8733. Time: 25.9831 us. Best GFLOPs: 114.0705
2024-05-20 16:04:21 [INFO] [task_scheduler.cc:131] [Task #18: fused_nn_contrib_conv2d_NCHWc_add_nn_relu_17] Trial #121: GFLOPs: 69.9791. Time: 14.0623 us. Best GFLOPs: 114.0705
2024-05-20 16:04:21 [INFO] [task_scheduler.cc:131] [Task #18: fused_nn_contrib_conv2d_NCHWc_add_nn_relu_17] Trial #122: GFLOPs: 72.9150. Time: 13.4960 us. Best GFLOPs: 114.0705
2024-05-20 16:04:21 [INFO] [task_scheduler.cc:131] [Task #18: fused_nn_contrib_conv2d_NCHWc_add_nn_relu_17] Trial #123: GFLOPs: 46.6684. Time: 21.0863 us. Best GFLOPs: 114.0705
2024-05-20 16:04:21 [INFO] [task_scheduler.cc:131] [Task #18: fused_nn_contrib_conv2d_NCHWc_add_nn_relu_17] Trial #124: GFLOPs: 10.5249. Time: 93.4989 us. Best GFLOPs: 114.0705
2024-05-20 16:04:21 [INFO] [task_scheduler.cc:131] [Task #18: fused_nn_contrib_conv2d_NCHWc_add_nn_relu_17] Trial #125: GFLOPs: 65.7292. Time: 14.9715 us. Best GFLOPs: 114.0705
2024-05-20 16:04:21 [INFO] [task_scheduler.cc:131] [Task #18: fused_nn_contrib_conv2d_NCHWc_add_nn_relu_17] Trial #126: GFLOPs: 24.7007. Time: 39.8395 us. Best GFLOPs: 114.0705
2024-05-20 16:04:21 [INFO] [task_scheduler.cc:131] [Task #18: fused_nn_contrib_conv2d_NCHWc_add_nn_relu_17] Trial #127: GFLOPs: 4.0371. Time: 243.7527 us. Best GFLOPs: 114.0705
2024-05-20 16:04:21 [INFO] [task_scheduler.cc:131] [Task #18: fused_nn_contrib_conv2d_NCHWc_add_nn_relu_17] Trial #128: GFLOPs: 44.3400. Time: 22.1936 us. Best GFLOPs: 114.0705
