2024-05-20 13:16:49 [INFO] [task_scheduler.cc:160] Initializing Task #22: "fused_nn_contrib_conv2d_NCHWc_add_nn_relu_21"
2024-05-20 13:16:49 [INFO] [task_scheduler.cc:35] 
# from tvm.script import ir as I
# from tvm.script import tir as T

@I.ir_module
class Module:
    @T.prim_func
    def main(p0: T.Buffer((T.int64(1), T.int64(104), T.int64(2), T.int64(2), T.int64(8)), "float32"), p1: T.Buffer((T.int64(16), T.int64(104), T.int64(1), T.int64(1), T.int64(8), T.int64(8)), "float32"), p2: T.Buffer((T.int64(1), T.int64(16), T.int64(1), T.int64(1), T.int64(8)), "float32"), T_relu: T.Buffer((T.int64(1), T.int64(16), T.int64(2), T.int64(2), T.int64(8)), "float32")):
        T.func_attr({"tir.noalias": T.bool(True)})
        # with T.block("root"):
        conv2d_NCHWc = T.alloc_buffer((T.int64(1), T.int64(16), T.int64(2), T.int64(2), T.int64(8)))
        T_add = T.alloc_buffer((T.int64(1), T.int64(16), T.int64(2), T.int64(2), T.int64(8)))
        for n, oc_chunk, oh, ow, oc_block, ic, kh, kw in T.grid(T.int64(1), T.int64(16), T.int64(2), T.int64(2), T.int64(8), T.int64(832), T.int64(1), T.int64(1)):
            with T.block("conv2d_NCHWc"):
                v_n, v_oc_chunk, v_oh, v_ow, v_oc_block, v_ic, v_kh, v_kw = T.axis.remap("SSSSSRRR", [n, oc_chunk, oh, ow, oc_block, ic, kh, kw])
                T.reads(p0[v_n, v_ic // T.int64(8), v_oh + v_kh, v_ow + v_kw, v_ic % T.int64(8)], p1[v_oc_chunk, v_ic // T.int64(8), v_kh, v_kw, v_ic % T.int64(8), v_oc_block])
                T.writes(conv2d_NCHWc[v_n, v_oc_chunk, v_oh, v_ow, v_oc_block])
                with T.init():
                    conv2d_NCHWc[v_n, v_oc_chunk, v_oh, v_ow, v_oc_block] = T.float32(0)
                conv2d_NCHWc[v_n, v_oc_chunk, v_oh, v_ow, v_oc_block] = conv2d_NCHWc[v_n, v_oc_chunk, v_oh, v_ow, v_oc_block] + p0[v_n, v_ic // T.int64(8), v_oh + v_kh, v_ow + v_kw, v_ic % T.int64(8)] * p1[v_oc_chunk, v_ic // T.int64(8), v_kh, v_kw, v_ic % T.int64(8), v_oc_block]
        for ax0, ax1, ax2, ax3, ax4 in T.grid(T.int64(1), T.int64(16), T.int64(2), T.int64(2), T.int64(8)):
            with T.block("T_add"):
                v_ax0, v_ax1, v_ax2, v_ax3, v_ax4 = T.axis.remap("SSSSS", [ax0, ax1, ax2, ax3, ax4])
                T.reads(conv2d_NCHWc[v_ax0, v_ax1, v_ax2, v_ax3, v_ax4], p2[v_ax0, v_ax1, T.int64(0), T.int64(0), v_ax4])
                T.writes(T_add[v_ax0, v_ax1, v_ax2, v_ax3, v_ax4])
                T_add[v_ax0, v_ax1, v_ax2, v_ax3, v_ax4] = conv2d_NCHWc[v_ax0, v_ax1, v_ax2, v_ax3, v_ax4] + p2[v_ax0, v_ax1, T.int64(0), T.int64(0), v_ax4]
        for ax0, ax1, ax2, ax3, ax4 in T.grid(T.int64(1), T.int64(16), T.int64(2), T.int64(2), T.int64(8)):
            with T.block("T_relu"):
                v_ax0, v_ax1, v_ax2, v_ax3, v_ax4 = T.axis.remap("SSSSS", [ax0, ax1, ax2, ax3, ax4])
                T.reads(T_add[v_ax0, v_ax1, v_ax2, v_ax3, v_ax4])
                T.writes(T_relu[v_ax0, v_ax1, v_ax2, v_ax3, v_ax4])
                T_relu[v_ax0, v_ax1, v_ax2, v_ax3, v_ax4] = T.max(T_add[v_ax0, v_ax1, v_ax2, v_ax3, v_ax4], T.float32(0))
2024-05-20 13:16:49 [INFO] [task_scheduler.cc:164] Total 3 design space(s) generated
2024-05-20 13:16:49 [INFO] [task_scheduler.cc:170] Design space #0:
# from tvm.script import ir as I
# from tvm.script import tir as T

@I.ir_module
class Module:
    @T.prim_func
    def main(p0: T.Buffer((T.int64(1), T.int64(104), T.int64(2), T.int64(2), T.int64(8)), "float32"), p1: T.Buffer((T.int64(16), T.int64(104), T.int64(1), T.int64(1), T.int64(8), T.int64(8)), "float32"), p2: T.Buffer((T.int64(1), T.int64(16), T.int64(1), T.int64(1), T.int64(8)), "float32"), T_relu: T.Buffer((T.int64(1), T.int64(16), T.int64(2), T.int64(2), T.int64(8)), "float32")):
        T.func_attr({"tir.noalias": T.bool(True)})
        with T.block("root"):
            T.reads()
            T.writes()
            T.block_attr({"meta_schedule.parallel": 96, "meta_schedule.unroll_explicit": 0, "meta_schedule.vectorize": 64})
            conv2d_NCHWc = T.alloc_buffer((T.int64(1), T.int64(16), T.int64(2), T.int64(2), T.int64(8)))
            for n_0, oc_chunk_0, oh_0, ow_0, oc_block_0, n_1, oc_chunk_1, oh_1, ow_1, oc_block_1, ic_0, kh_0, kw_0, n_2, oc_chunk_2, oh_2, ow_2, oc_block_2, ic_1, kh_1, kw_1, n_3, oc_chunk_3, oh_3, ow_3, oc_block_3 in T.grid(T.int64(1), T.int64(2), T.int64(1), T.int64(1), T.int64(2), T.int64(1), T.int64(4), T.int64(1), T.int64(1), T.int64(1), T.int64(52), T.int64(1), T.int64(1), T.int64(1), T.int64(1), T.int64(1), T.int64(1), T.int64(2), T.int64(16), T.int64(1), T.int64(1), T.int64(1), T.int64(2), T.int64(2), T.int64(2), T.int64(2)):
                with T.block("conv2d_NCHWc"):
                    v_n = T.axis.spatial(T.int64(1), n_0 + n_1 + n_2 + n_3)
                    v_oc_chunk = T.axis.spatial(T.int64(16), oc_chunk_0 * T.int64(8) + oc_chunk_1 * T.int64(2) + oc_chunk_2 * T.int64(2) + oc_chunk_3)
                    v_oh = T.axis.spatial(T.int64(2), oh_0 * T.int64(2) + oh_1 * T.int64(2) + oh_2 * T.int64(2) + oh_3)
                    v_ow = T.axis.spatial(T.int64(2), ow_0 * T.int64(2) + ow_1 * T.int64(2) + ow_2 * T.int64(2) + ow_3)
                    v_oc_block = T.axis.spatial(T.int64(8), oc_block_0 * T.int64(4) + oc_block_1 * T.int64(4) + oc_block_2 * T.int64(2) + oc_block_3)
                    v_ic = T.axis.reduce(T.int64(832), ic_0 * T.int64(16) + ic_1)
                    v_kh = T.axis.reduce(T.int64(1), kh_0 + kh_1)
                    v_kw = T.axis.reduce(T.int64(1), kw_0 + kw_1)
                    T.reads(p0[v_n, v_ic // T.int64(8), v_oh + v_kh, v_ow + v_kw, v_ic % T.int64(8)], p1[v_oc_chunk, v_ic // T.int64(8), v_kh, v_kw, v_ic % T.int64(8), v_oc_block])
                    T.writes(conv2d_NCHWc[v_n, v_oc_chunk, v_oh, v_ow, v_oc_block])
                    T.block_attr({"meta_schedule.tiling_structure": "SSRSRS"})
                    with T.init():
                        conv2d_NCHWc[v_n, v_oc_chunk, v_oh, v_ow, v_oc_block] = T.float32(0)
                    conv2d_NCHWc[v_n, v_oc_chunk, v_oh, v_ow, v_oc_block] = conv2d_NCHWc[v_n, v_oc_chunk, v_oh, v_ow, v_oc_block] + p0[v_n, v_ic // T.int64(8), v_oh + v_kh, v_ow + v_kw, v_ic % T.int64(8)] * p1[v_oc_chunk, v_ic // T.int64(8), v_kh, v_kw, v_ic % T.int64(8), v_oc_block]
            for ax0, ax1, ax2, ax3, ax4 in T.grid(T.int64(1), T.int64(16), T.int64(2), T.int64(2), T.int64(8)):
                with T.block("T_relu"):
                    v_ax0, v_ax1, v_ax2, v_ax3, v_ax4 = T.axis.remap("SSSSS", [ax0, ax1, ax2, ax3, ax4])
                    T.reads(conv2d_NCHWc[v_ax0, v_ax1, v_ax2, v_ax3, v_ax4], p2[v_ax0, v_ax1, T.int64(0), T.int64(0), v_ax4])
                    T.writes(T_relu[v_ax0, v_ax1, v_ax2, v_ax3, v_ax4])
                    T_relu[v_ax0, v_ax1, v_ax2, v_ax3, v_ax4] = T.max(conv2d_NCHWc[v_ax0, v_ax1, v_ax2, v_ax3, v_ax4] + p2[v_ax0, v_ax1, T.int64(0), T.int64(0), v_ax4], T.float32(0))
b0 = sch.get_block(name="conv2d_NCHWc", func_name="main")
b1 = sch.get_block(name="T_add", func_name="main")
b2 = sch.get_block(name="root", func_name="main")
sch.compute_inline(block=b1)
sch.annotate(block_or_loop=b0, ann_key="meta_schedule.tiling_structure", ann_val="SSRSRS")
l3, l4, l5, l6, l7, l8, l9, l10 = sch.get_loops(block=b0)
v11, v12, v13, v14 = sch.sample_perfect_tile(loop=l3, n=4, max_innermost_factor=64, decision=[1, 1, 1, 1])
l15, l16, l17, l18 = sch.split(loop=l3, factors=[v11, v12, v13, v14], preserve_unit_iters=True, disable_predication=False)
v19, v20, v21, v22 = sch.sample_perfect_tile(loop=l4, n=4, max_innermost_factor=64, decision=[2, 4, 1, 2])
l23, l24, l25, l26 = sch.split(loop=l4, factors=[v19, v20, v21, v22], preserve_unit_iters=True, disable_predication=False)
v27, v28, v29, v30 = sch.sample_perfect_tile(loop=l5, n=4, max_innermost_factor=64, decision=[1, 1, 1, 2])
l31, l32, l33, l34 = sch.split(loop=l5, factors=[v27, v28, v29, v30], preserve_unit_iters=True, disable_predication=False)
v35, v36, v37, v38 = sch.sample_perfect_tile(loop=l6, n=4, max_innermost_factor=64, decision=[1, 1, 1, 2])
l39, l40, l41, l42 = sch.split(loop=l6, factors=[v35, v36, v37, v38], preserve_unit_iters=True, disable_predication=False)
v43, v44, v45, v46 = sch.sample_perfect_tile(loop=l7, n=4, max_innermost_factor=64, decision=[2, 1, 2, 2])
l47, l48, l49, l50 = sch.split(loop=l7, factors=[v43, v44, v45, v46], preserve_unit_iters=True, disable_predication=False)
v51, v52 = sch.sample_perfect_tile(loop=l8, n=2, max_innermost_factor=64, decision=[52, 16])
l53, l54 = sch.split(loop=l8, factors=[v51, v52], preserve_unit_iters=True, disable_predication=False)
v55, v56 = sch.sample_perfect_tile(loop=l9, n=2, max_innermost_factor=64, decision=[1, 1])
l57, l58 = sch.split(loop=l9, factors=[v55, v56], preserve_unit_iters=True, disable_predication=False)
v59, v60 = sch.sample_perfect_tile(loop=l10, n=2, max_innermost_factor=64, decision=[1, 1])
l61, l62 = sch.split(loop=l10, factors=[v59, v60], preserve_unit_iters=True, disable_predication=False)
sch.reorder(l15, l23, l31, l39, l47, l16, l24, l32, l40, l48, l53, l57, l61, l17, l25, l33, l41, l49, l54, l58, l62, l18, l26, l34, l42, l50)
sch.annotate(block_or_loop=b2, ann_key="meta_schedule.parallel", ann_val=96)
sch.annotate(block_or_loop=b2, ann_key="meta_schedule.vectorize", ann_val=64)
v63 = sch.sample_categorical(candidates=[0, 16, 64, 512], probs=[0.25, 0.25, 0.25, 0.25], decision=0)
sch.annotate(block_or_loop=b2, ann_key="meta_schedule.unroll_explicit", ann_val=v63)
2024-05-20 13:16:49 [INFO] [task_scheduler.cc:170] Design space #1:
# from tvm.script import ir as I
# from tvm.script import tir as T

@I.ir_module
class Module:
    @T.prim_func
    def main(p0: T.Buffer((T.int64(1), T.int64(104), T.int64(2), T.int64(2), T.int64(8)), "float32"), p1: T.Buffer((T.int64(16), T.int64(104), T.int64(1), T.int64(1), T.int64(8), T.int64(8)), "float32"), p2: T.Buffer((T.int64(1), T.int64(16), T.int64(1), T.int64(1), T.int64(8)), "float32"), T_relu: T.Buffer((T.int64(1), T.int64(16), T.int64(2), T.int64(2), T.int64(8)), "float32")):
        T.func_attr({"tir.noalias": T.bool(True)})
        with T.block("root"):
            T.reads()
            T.writes()
            T.block_attr({"meta_schedule.parallel": 96, "meta_schedule.unroll_explicit": 512, "meta_schedule.vectorize": 64})
            conv2d_NCHWc = T.alloc_buffer((T.int64(1), T.int64(16), T.int64(2), T.int64(2), T.int64(8)))
            for n_0, oc_chunk_0, oh_0, ow_0, oc_block_0, n_1, oc_chunk_1, oh_1, ow_1, oc_block_1 in T.grid(T.int64(1), T.int64(2), T.int64(1), T.int64(1), T.int64(2), T.int64(1), T.int64(4), T.int64(1), T.int64(1), T.int64(1)):
                for ic_0, kh_0, kw_0, n_2, oc_chunk_2, oh_2, ow_2, oc_block_2, ic_1, kh_1, kw_1, n_3, oc_chunk_3, oh_3, ow_3, oc_block_3 in T.grid(T.int64(52), T.int64(1), T.int64(1), T.int64(1), T.int64(1), T.int64(1), T.int64(1), T.int64(2), T.int64(16), T.int64(1), T.int64(1), T.int64(1), T.int64(2), T.int64(2), T.int64(2), T.int64(2)):
                    with T.block("conv2d_NCHWc"):
                        v_n = T.axis.spatial(T.int64(1), n_0 + n_1 + n_2 + n_3)
                        v_oc_chunk = T.axis.spatial(T.int64(16), oc_chunk_0 * T.int64(8) + oc_chunk_1 * T.int64(2) + oc_chunk_2 * T.int64(2) + oc_chunk_3)
                        v_oh = T.axis.spatial(T.int64(2), oh_0 * T.int64(2) + oh_1 * T.int64(2) + oh_2 * T.int64(2) + oh_3)
                        v_ow = T.axis.spatial(T.int64(2), ow_0 * T.int64(2) + ow_1 * T.int64(2) + ow_2 * T.int64(2) + ow_3)
                        v_oc_block = T.axis.spatial(T.int64(8), oc_block_0 * T.int64(4) + oc_block_1 * T.int64(4) + oc_block_2 * T.int64(2) + oc_block_3)
                        v_ic = T.axis.reduce(T.int64(832), ic_0 * T.int64(16) + ic_1)
                        v_kh = T.axis.reduce(T.int64(1), kh_0 + kh_1)
                        v_kw = T.axis.reduce(T.int64(1), kw_0 + kw_1)
                        T.reads(p0[v_n, v_ic // T.int64(8), v_oh + v_kh, v_ow + v_kw, v_ic % T.int64(8)], p1[v_oc_chunk, v_ic // T.int64(8), v_kh, v_kw, v_ic % T.int64(8), v_oc_block])
                        T.writes(conv2d_NCHWc[v_n, v_oc_chunk, v_oh, v_ow, v_oc_block])
                        T.block_attr({"meta_schedule.tiling_structure": "SSRSRS"})
                        with T.init():
                            conv2d_NCHWc[v_n, v_oc_chunk, v_oh, v_ow, v_oc_block] = T.float32(0)
                        conv2d_NCHWc[v_n, v_oc_chunk, v_oh, v_ow, v_oc_block] = conv2d_NCHWc[v_n, v_oc_chunk, v_oh, v_ow, v_oc_block] + p0[v_n, v_ic // T.int64(8), v_oh + v_kh, v_ow + v_kw, v_ic % T.int64(8)] * p1[v_oc_chunk, v_ic // T.int64(8), v_kh, v_kw, v_ic % T.int64(8), v_oc_block]
                for ax0, ax1, ax2, ax3, ax4 in T.grid(T.int64(1), T.int64(2), T.int64(2), T.int64(2), T.int64(4)):
                    with T.block("T_relu"):
                        v_ax0 = T.axis.spatial(T.int64(1), ax0)
                        v_ax1 = T.axis.spatial(T.int64(16), oc_chunk_0 * T.int64(8) + oc_chunk_1 * T.int64(2) + ax1)
                        v_ax2, v_ax3 = T.axis.remap("SS", [ax2, ax3])
                        v_ax4 = T.axis.spatial(T.int64(8), oc_block_0 * T.int64(4) + ax4)
                        T.reads(conv2d_NCHWc[v_ax0, v_ax1, v_ax2, v_ax3, v_ax4], p2[v_ax0, v_ax1, T.int64(0), T.int64(0), v_ax4])
                        T.writes(T_relu[v_ax0, v_ax1, v_ax2, v_ax3, v_ax4])
                        T_relu[v_ax0, v_ax1, v_ax2, v_ax3, v_ax4] = T.max(conv2d_NCHWc[v_ax0, v_ax1, v_ax2, v_ax3, v_ax4] + p2[v_ax0, v_ax1, T.int64(0), T.int64(0), v_ax4], T.float32(0))
b0 = sch.get_block(name="conv2d_NCHWc", func_name="main")
b1 = sch.get_block(name="T_add", func_name="main")
b2 = sch.get_block(name="root", func_name="main")
sch.compute_inline(block=b1)
sch.annotate(block_or_loop=b0, ann_key="meta_schedule.tiling_structure", ann_val="SSRSRS")
l3, l4, l5, l6, l7, l8, l9, l10 = sch.get_loops(block=b0)
v11, v12, v13, v14 = sch.sample_perfect_tile(loop=l3, n=4, max_innermost_factor=64, decision=[1, 1, 1, 1])
l15, l16, l17, l18 = sch.split(loop=l3, factors=[v11, v12, v13, v14], preserve_unit_iters=True, disable_predication=False)
v19, v20, v21, v22 = sch.sample_perfect_tile(loop=l4, n=4, max_innermost_factor=64, decision=[2, 4, 1, 2])
l23, l24, l25, l26 = sch.split(loop=l4, factors=[v19, v20, v21, v22], preserve_unit_iters=True, disable_predication=False)
v27, v28, v29, v30 = sch.sample_perfect_tile(loop=l5, n=4, max_innermost_factor=64, decision=[1, 1, 1, 2])
l31, l32, l33, l34 = sch.split(loop=l5, factors=[v27, v28, v29, v30], preserve_unit_iters=True, disable_predication=False)
v35, v36, v37, v38 = sch.sample_perfect_tile(loop=l6, n=4, max_innermost_factor=64, decision=[1, 1, 1, 2])
l39, l40, l41, l42 = sch.split(loop=l6, factors=[v35, v36, v37, v38], preserve_unit_iters=True, disable_predication=False)
v43, v44, v45, v46 = sch.sample_perfect_tile(loop=l7, n=4, max_innermost_factor=64, decision=[2, 1, 2, 2])
l47, l48, l49, l50 = sch.split(loop=l7, factors=[v43, v44, v45, v46], preserve_unit_iters=True, disable_predication=False)
v51, v52 = sch.sample_perfect_tile(loop=l8, n=2, max_innermost_factor=64, decision=[52, 16])
l53, l54 = sch.split(loop=l8, factors=[v51, v52], preserve_unit_iters=True, disable_predication=False)
v55, v56 = sch.sample_perfect_tile(loop=l9, n=2, max_innermost_factor=64, decision=[1, 1])
l57, l58 = sch.split(loop=l9, factors=[v55, v56], preserve_unit_iters=True, disable_predication=False)
v59, v60 = sch.sample_perfect_tile(loop=l10, n=2, max_innermost_factor=64, decision=[1, 1])
l61, l62 = sch.split(loop=l10, factors=[v59, v60], preserve_unit_iters=True, disable_predication=False)
sch.reorder(l15, l23, l31, l39, l47, l16, l24, l32, l40, l48, l53, l57, l61, l17, l25, l33, l41, l49, l54, l58, l62, l18, l26, l34, l42, l50)
b63, = sch.get_consumers(block=b0)
sch.reverse_compute_at(block=b63, loop=l48, preserve_unit_loops=True, index=-1)
sch.annotate(block_or_loop=b2, ann_key="meta_schedule.parallel", ann_val=96)
sch.annotate(block_or_loop=b2, ann_key="meta_schedule.vectorize", ann_val=64)
v64 = sch.sample_categorical(candidates=[0, 16, 64, 512], probs=[0.25, 0.25, 0.25, 0.25], decision=3)
sch.annotate(block_or_loop=b2, ann_key="meta_schedule.unroll_explicit", ann_val=v64)
2024-05-20 13:16:49 [INFO] [task_scheduler.cc:170] Design space #2:
# from tvm.script import ir as I
# from tvm.script import tir as T

@I.ir_module
class Module:
    @T.prim_func
    def main(p0: T.Buffer((T.int64(1), T.int64(104), T.int64(2), T.int64(2), T.int64(8)), "float32"), p1: T.Buffer((T.int64(16), T.int64(104), T.int64(1), T.int64(1), T.int64(8), T.int64(8)), "float32"), p2: T.Buffer((T.int64(1), T.int64(16), T.int64(1), T.int64(1), T.int64(8)), "float32"), T_relu: T.Buffer((T.int64(1), T.int64(16), T.int64(2), T.int64(2), T.int64(8)), "float32")):
        T.func_attr({"tir.noalias": T.bool(True)})
        with T.block("root"):
            T.reads()
            T.writes()
            T.block_attr({"meta_schedule.parallel": 96, "meta_schedule.unroll_explicit": 64, "meta_schedule.vectorize": 64})
            conv2d_NCHWc = T.alloc_buffer((T.int64(1), T.int64(16), T.int64(2), T.int64(2), T.int64(8)))
            for n_0, oc_chunk_0, oh_0, ow_0, oc_block_0 in T.grid(T.int64(1), T.int64(2), T.int64(1), T.int64(1), T.int64(2)):
                for n_1, oc_chunk_1, oh_1, ow_1, oc_block_1, ic_0, kh_0, kw_0, n_2, oc_chunk_2, oh_2, ow_2, oc_block_2, ic_1, kh_1, kw_1, n_3, oc_chunk_3, oh_3, ow_3, oc_block_3 in T.grid(T.int64(1), T.int64(4), T.int64(1), T.int64(1), T.int64(1), T.int64(52), T.int64(1), T.int64(1), T.int64(1), T.int64(1), T.int64(1), T.int64(1), T.int64(2), T.int64(16), T.int64(1), T.int64(1), T.int64(1), T.int64(2), T.int64(2), T.int64(2), T.int64(2)):
                    with T.block("conv2d_NCHWc"):
                        v_n = T.axis.spatial(T.int64(1), n_0 + n_1 + n_2 + n_3)
                        v_oc_chunk = T.axis.spatial(T.int64(16), oc_chunk_0 * T.int64(8) + oc_chunk_1 * T.int64(2) + oc_chunk_2 * T.int64(2) + oc_chunk_3)
                        v_oh = T.axis.spatial(T.int64(2), oh_0 * T.int64(2) + oh_1 * T.int64(2) + oh_2 * T.int64(2) + oh_3)
                        v_ow = T.axis.spatial(T.int64(2), ow_0 * T.int64(2) + ow_1 * T.int64(2) + ow_2 * T.int64(2) + ow_3)
                        v_oc_block = T.axis.spatial(T.int64(8), oc_block_0 * T.int64(4) + oc_block_1 * T.int64(4) + oc_block_2 * T.int64(2) + oc_block_3)
                        v_ic = T.axis.reduce(T.int64(832), ic_0 * T.int64(16) + ic_1)
                        v_kh = T.axis.reduce(T.int64(1), kh_0 + kh_1)
                        v_kw = T.axis.reduce(T.int64(1), kw_0 + kw_1)
                        T.reads(p0[v_n, v_ic // T.int64(8), v_oh + v_kh, v_ow + v_kw, v_ic % T.int64(8)], p1[v_oc_chunk, v_ic // T.int64(8), v_kh, v_kw, v_ic % T.int64(8), v_oc_block])
                        T.writes(conv2d_NCHWc[v_n, v_oc_chunk, v_oh, v_ow, v_oc_block])
                        T.block_attr({"meta_schedule.tiling_structure": "SSRSRS"})
                        with T.init():
                            conv2d_NCHWc[v_n, v_oc_chunk, v_oh, v_ow, v_oc_block] = T.float32(0)
                        conv2d_NCHWc[v_n, v_oc_chunk, v_oh, v_ow, v_oc_block] = conv2d_NCHWc[v_n, v_oc_chunk, v_oh, v_ow, v_oc_block] + p0[v_n, v_ic // T.int64(8), v_oh + v_kh, v_ow + v_kw, v_ic % T.int64(8)] * p1[v_oc_chunk, v_ic // T.int64(8), v_kh, v_kw, v_ic % T.int64(8), v_oc_block]
                for ax0, ax1, ax2, ax3, ax4 in T.grid(T.int64(1), T.int64(8), T.int64(2), T.int64(2), T.int64(4)):
                    with T.block("T_relu"):
                        v_ax0 = T.axis.spatial(T.int64(1), ax0)
                        v_ax1 = T.axis.spatial(T.int64(16), oc_chunk_0 * T.int64(8) + ax1)
                        v_ax2, v_ax3 = T.axis.remap("SS", [ax2, ax3])
                        v_ax4 = T.axis.spatial(T.int64(8), oc_block_0 * T.int64(4) + ax4)
                        T.reads(conv2d_NCHWc[v_ax0, v_ax1, v_ax2, v_ax3, v_ax4], p2[v_ax0, v_ax1, T.int64(0), T.int64(0), v_ax4])
                        T.writes(T_relu[v_ax0, v_ax1, v_ax2, v_ax3, v_ax4])
                        T_relu[v_ax0, v_ax1, v_ax2, v_ax3, v_ax4] = T.max(conv2d_NCHWc[v_ax0, v_ax1, v_ax2, v_ax3, v_ax4] + p2[v_ax0, v_ax1, T.int64(0), T.int64(0), v_ax4], T.float32(0))
b0 = sch.get_block(name="conv2d_NCHWc", func_name="main")
b1 = sch.get_block(name="T_add", func_name="main")
b2 = sch.get_block(name="root", func_name="main")
sch.compute_inline(block=b1)
sch.annotate(block_or_loop=b0, ann_key="meta_schedule.tiling_structure", ann_val="SSRSRS")
l3, l4, l5, l6, l7, l8, l9, l10 = sch.get_loops(block=b0)
v11, v12, v13, v14 = sch.sample_perfect_tile(loop=l3, n=4, max_innermost_factor=64, decision=[1, 1, 1, 1])
l15, l16, l17, l18 = sch.split(loop=l3, factors=[v11, v12, v13, v14], preserve_unit_iters=True, disable_predication=False)
v19, v20, v21, v22 = sch.sample_perfect_tile(loop=l4, n=4, max_innermost_factor=64, decision=[2, 4, 1, 2])
l23, l24, l25, l26 = sch.split(loop=l4, factors=[v19, v20, v21, v22], preserve_unit_iters=True, disable_predication=False)
v27, v28, v29, v30 = sch.sample_perfect_tile(loop=l5, n=4, max_innermost_factor=64, decision=[1, 1, 1, 2])
l31, l32, l33, l34 = sch.split(loop=l5, factors=[v27, v28, v29, v30], preserve_unit_iters=True, disable_predication=False)
v35, v36, v37, v38 = sch.sample_perfect_tile(loop=l6, n=4, max_innermost_factor=64, decision=[1, 1, 1, 2])
l39, l40, l41, l42 = sch.split(loop=l6, factors=[v35, v36, v37, v38], preserve_unit_iters=True, disable_predication=False)
v43, v44, v45, v46 = sch.sample_perfect_tile(loop=l7, n=4, max_innermost_factor=64, decision=[2, 1, 2, 2])
l47, l48, l49, l50 = sch.split(loop=l7, factors=[v43, v44, v45, v46], preserve_unit_iters=True, disable_predication=False)
v51, v52 = sch.sample_perfect_tile(loop=l8, n=2, max_innermost_factor=64, decision=[52, 16])
l53, l54 = sch.split(loop=l8, factors=[v51, v52], preserve_unit_iters=True, disable_predication=False)
v55, v56 = sch.sample_perfect_tile(loop=l9, n=2, max_innermost_factor=64, decision=[1, 1])
l57, l58 = sch.split(loop=l9, factors=[v55, v56], preserve_unit_iters=True, disable_predication=False)
v59, v60 = sch.sample_perfect_tile(loop=l10, n=2, max_innermost_factor=64, decision=[1, 1])
l61, l62 = sch.split(loop=l10, factors=[v59, v60], preserve_unit_iters=True, disable_predication=False)
sch.reorder(l15, l23, l31, l39, l47, l16, l24, l32, l40, l48, l53, l57, l61, l17, l25, l33, l41, l49, l54, l58, l62, l18, l26, l34, l42, l50)
b63, = sch.get_consumers(block=b0)
sch.reverse_compute_at(block=b63, loop=l47, preserve_unit_loops=True, index=-1)
sch.annotate(block_or_loop=b2, ann_key="meta_schedule.parallel", ann_val=96)
sch.annotate(block_or_loop=b2, ann_key="meta_schedule.vectorize", ann_val=64)
v64 = sch.sample_categorical(candidates=[0, 16, 64, 512], probs=[0.25, 0.25, 0.25, 0.25], decision=2)
sch.annotate(block_or_loop=b2, ann_key="meta_schedule.unroll_explicit", ann_val=v64)
2024-05-20 13:57:21 [INFO] [evolutionary_search.cc:713] Generating candidates......
2024-05-20 13:57:21 [INFO] [evolutionary_search.cc:715] Picked top 0 candidate(s) from database
2024-05-20 13:57:22 [INFO] [evolutionary_search.cc:533] Sample-Init-Population summary:
Postproc #0 [meta_schedule.DisallowDynamicLoop(0x478c03f8)]: 0 failure(s)
Postproc #1 [meta_schedule.RewriteParallelVectorizeUnroll(0x4314b9b8)]: 0 failure(s)
Postproc #2 [meta_schedule.RewriteReductionBlock(0x52930bc8)]: 0 failure(s)
Postproc #3 [meta_schedule.RewriteLayout(0x4bed38d8)]: 0 failure(s)
2024-05-20 13:57:22 [INFO] [evolutionary_search.cc:723] Sampled 512 candidate(s)
2024-05-20 13:57:23 [INFO] [evolutionary_search.cc:621] Evolve iter #0 done. Summary:
Postproc #0 [meta_schedule.DisallowDynamicLoop(0x478c03f8)]: 0 failure(s)
Postproc #1 [meta_schedule.RewriteParallelVectorizeUnroll(0x4314b9b8)]: 0 failure(s)
Postproc #2 [meta_schedule.RewriteReductionBlock(0x52930bc8)]: 0 failure(s)
Postproc #3 [meta_schedule.RewriteLayout(0x4bed38d8)]: 0 failure(s)
2024-05-20 13:57:24 [INFO] [evolutionary_search.cc:621] Evolve iter #1 done. Summary:
Postproc #0 [meta_schedule.DisallowDynamicLoop(0x478c03f8)]: 0 failure(s)
Postproc #1 [meta_schedule.RewriteParallelVectorizeUnroll(0x4314b9b8)]: 0 failure(s)
Postproc #2 [meta_schedule.RewriteReductionBlock(0x52930bc8)]: 0 failure(s)
Postproc #3 [meta_schedule.RewriteLayout(0x4bed38d8)]: 0 failure(s)
2024-05-20 13:57:25 [INFO] [evolutionary_search.cc:621] Evolve iter #2 done. Summary:
Postproc #0 [meta_schedule.DisallowDynamicLoop(0x478c03f8)]: 0 failure(s)
Postproc #1 [meta_schedule.RewriteParallelVectorizeUnroll(0x4314b9b8)]: 0 failure(s)
Postproc #2 [meta_schedule.RewriteReductionBlock(0x52930bc8)]: 0 failure(s)
Postproc #3 [meta_schedule.RewriteLayout(0x4bed38d8)]: 0 failure(s)
2024-05-20 13:57:26 [INFO] [evolutionary_search.cc:621] Evolve iter #3 done. Summary:
Postproc #0 [meta_schedule.DisallowDynamicLoop(0x478c03f8)]: 0 failure(s)
Postproc #1 [meta_schedule.RewriteParallelVectorizeUnroll(0x4314b9b8)]: 0 failure(s)
Postproc #2 [meta_schedule.RewriteReductionBlock(0x52930bc8)]: 0 failure(s)
Postproc #3 [meta_schedule.RewriteLayout(0x4bed38d8)]: 0 failure(s)
2024-05-20 13:57:26 [INFO] [evolutionary_search.cc:649] Scores of the best 64 candidates:
[1 : 16]:	0.9995  0.9994  0.9990  0.9983  0.9972  0.9971  0.9967  0.9966  0.9963  0.9954  0.9941  0.9937  0.9922  0.9920  0.9917  0.9914
[17 : 32]:	0.9907  0.9905  0.9900  0.9897  0.9889  0.9860  0.9858  0.9858  0.9857  0.9857  0.9850  0.9845  0.9843  0.9834  0.9824  0.9823
[33 : 48]:	0.9819  0.9806  0.9805  0.9805  0.9804  0.9796  0.9787  0.9782  0.9771  0.9770  0.9764  0.9762  0.9761  0.9742  0.9739  0.9737
[49 : 64]:	0.9735  0.9730  0.9729  0.9726  0.9703  0.9702  0.9699  0.9697  0.9697  0.9696  0.9688  0.9687  0.9673  0.9669  0.9660  0.9659
2024-05-20 13:57:26 [INFO] [evolutionary_search.cc:727] Got 64 candidate(s) with evolutionary search
2024-05-20 13:57:26 [INFO] [evolutionary_search.cc:730] Sending 64 candidates(s) for measurement
2024-05-20 15:31:13 [INFO] [task_scheduler.cc:131] [Task #22: fused_nn_contrib_conv2d_NCHWc_add_nn_relu_21] Trial #1: GFLOPs: 23.7574. Time: 35.9042 us. Best GFLOPs: 23.7574
2024-05-20 15:31:13 [INFO] [task_scheduler.cc:131] [Task #22: fused_nn_contrib_conv2d_NCHWc_add_nn_relu_21] Trial #2: GFLOPs: 13.9681. Time: 61.0672 us. Best GFLOPs: 23.7574
2024-05-20 15:31:13 [INFO] [task_scheduler.cc:131] [Task #22: fused_nn_contrib_conv2d_NCHWc_add_nn_relu_21] Trial #3: GFLOPs: 5.2610. Time: 162.1351 us. Best GFLOPs: 23.7574
2024-05-20 15:31:13 [INFO] [task_scheduler.cc:131] [Task #22: fused_nn_contrib_conv2d_NCHWc_add_nn_relu_21] Trial #4: GFLOPs: 13.4343. Time: 63.4935 us. Best GFLOPs: 23.7574
2024-05-20 15:31:13 [INFO] [task_scheduler.cc:131] [Task #22: fused_nn_contrib_conv2d_NCHWc_add_nn_relu_21] Trial #5: GFLOPs: 6.6163. Time: 128.9220 us. Best GFLOPs: 23.7574
2024-05-20 15:31:13 [INFO] [task_scheduler.cc:131] [Task #22: fused_nn_contrib_conv2d_NCHWc_add_nn_relu_21] Trial #6: GFLOPs: 31.2487. Time: 27.2968 us. Best GFLOPs: 31.2487
2024-05-20 15:31:13 [INFO] [task_scheduler.cc:131] [Task #22: fused_nn_contrib_conv2d_NCHWc_add_nn_relu_21] Trial #7: GFLOPs: 13.0151. Time: 65.5386 us. Best GFLOPs: 31.2487
2024-05-20 15:31:13 [INFO] [task_scheduler.cc:131] [Task #22: fused_nn_contrib_conv2d_NCHWc_add_nn_relu_21] Trial #8: GFLOPs: 19.2412. Time: 44.3316 us. Best GFLOPs: 31.2487
2024-05-20 15:31:13 [INFO] [task_scheduler.cc:131] [Task #22: fused_nn_contrib_conv2d_NCHWc_add_nn_relu_21] Trial #9: GFLOPs: 42.1870. Time: 20.2193 us. Best GFLOPs: 42.1870
2024-05-20 15:31:13 [INFO] [task_scheduler.cc:131] [Task #22: fused_nn_contrib_conv2d_NCHWc_add_nn_relu_21] Trial #10: GFLOPs: 13.2398. Time: 64.4264 us. Best GFLOPs: 42.1870
2024-05-20 15:31:13 [INFO] [task_scheduler.cc:131] [Task #22: fused_nn_contrib_conv2d_NCHWc_add_nn_relu_21] Trial #11: GFLOPs: 10.5820. Time: 80.6075 us. Best GFLOPs: 42.1870
2024-05-20 15:31:13 [INFO] [task_scheduler.cc:131] [Task #22: fused_nn_contrib_conv2d_NCHWc_add_nn_relu_21] Trial #12: GFLOPs: 52.0791. Time: 16.3788 us. Best GFLOPs: 52.0791
2024-05-20 15:31:13 [INFO] [task_scheduler.cc:131] [Task #22: fused_nn_contrib_conv2d_NCHWc_add_nn_relu_21] Trial #13: GFLOPs: 24.5430. Time: 34.7550 us. Best GFLOPs: 52.0791
2024-05-20 15:31:13 [INFO] [task_scheduler.cc:131] [Task #22: fused_nn_contrib_conv2d_NCHWc_add_nn_relu_21] Trial #14: GFLOPs: 57.0585. Time: 14.9494 us. Best GFLOPs: 57.0585
2024-05-20 15:31:13 [INFO] [task_scheduler.cc:131] [Task #22: fused_nn_contrib_conv2d_NCHWc_add_nn_relu_21] Trial #15: GFLOPs: 25.8723. Time: 32.9694 us. Best GFLOPs: 57.0585
2024-05-20 15:31:13 [INFO] [task_scheduler.cc:131] [Task #22: fused_nn_contrib_conv2d_NCHWc_add_nn_relu_21] Trial #16: GFLOPs: 14.3261. Time: 59.5410 us. Best GFLOPs: 57.0585
2024-05-20 15:31:13 [INFO] [task_scheduler.cc:131] [Task #22: fused_nn_contrib_conv2d_NCHWc_add_nn_relu_21] Trial #17: GFLOPs: 70.7548. Time: 12.0556 us. Best GFLOPs: 70.7548
2024-05-20 15:31:13 [INFO] [task_scheduler.cc:131] [Task #22: fused_nn_contrib_conv2d_NCHWc_add_nn_relu_21] Trial #18: GFLOPs: 7.8687. Time: 108.4038 us. Best GFLOPs: 70.7548
2024-05-20 15:31:13 [INFO] [task_scheduler.cc:131] [Task #22: fused_nn_contrib_conv2d_NCHWc_add_nn_relu_21] Trial #19: GFLOPs: 20.3141. Time: 41.9902 us. Best GFLOPs: 70.7548
2024-05-20 15:31:13 [INFO] [task_scheduler.cc:131] [Task #22: fused_nn_contrib_conv2d_NCHWc_add_nn_relu_21] Trial #20: GFLOPs: 52.7270. Time: 16.1775 us. Best GFLOPs: 70.7548
2024-05-20 15:31:13 [INFO] [task_scheduler.cc:131] [Task #22: fused_nn_contrib_conv2d_NCHWc_add_nn_relu_21] Trial #21: GFLOPs: 12.3767. Time: 68.9191 us. Best GFLOPs: 70.7548
2024-05-20 15:31:13 [INFO] [task_scheduler.cc:131] [Task #22: fused_nn_contrib_conv2d_NCHWc_add_nn_relu_21] Trial #22: GFLOPs: 27.2798. Time: 31.2682 us. Best GFLOPs: 70.7548
2024-05-20 15:31:13 [INFO] [task_scheduler.cc:131] [Task #22: fused_nn_contrib_conv2d_NCHWc_add_nn_relu_21] Trial #23: GFLOPs: 6.3794. Time: 133.7101 us. Best GFLOPs: 70.7548
2024-05-20 15:31:13 [INFO] [task_scheduler.cc:131] [Task #22: fused_nn_contrib_conv2d_NCHWc_add_nn_relu_21] Trial #24: GFLOPs: 31.4135. Time: 27.1537 us. Best GFLOPs: 70.7548
2024-05-20 15:31:13 [INFO] [task_scheduler.cc:131] [Task #22: fused_nn_contrib_conv2d_NCHWc_add_nn_relu_21] Trial #25: GFLOPs: 26.6639. Time: 31.9906 us. Best GFLOPs: 70.7548
2024-05-20 15:31:13 [INFO] [task_scheduler.cc:131] [Task #22: fused_nn_contrib_conv2d_NCHWc_add_nn_relu_21] Trial #26: GFLOPs: 24.1980. Time: 35.2505 us. Best GFLOPs: 70.7548
2024-05-20 15:31:13 [INFO] [task_scheduler.cc:131] [Task #22: fused_nn_contrib_conv2d_NCHWc_add_nn_relu_21] Trial #27: GFLOPs: 23.1463. Time: 36.8522 us. Best GFLOPs: 70.7548
2024-05-20 15:31:13 [INFO] [task_scheduler.cc:131] [Task #22: fused_nn_contrib_conv2d_NCHWc_add_nn_relu_21] Trial #28: GFLOPs: 6.1799. Time: 138.0267 us. Best GFLOPs: 70.7548
2024-05-20 15:31:13 [INFO] [task_scheduler.cc:131] [Task #22: fused_nn_contrib_conv2d_NCHWc_add_nn_relu_21] Trial #29: GFLOPs: 18.0497. Time: 47.2579 us. Best GFLOPs: 70.7548
2024-05-20 15:31:13 [INFO] [task_scheduler.cc:131] [Task #22: fused_nn_contrib_conv2d_NCHWc_add_nn_relu_21] Trial #30: GFLOPs: 13.6557. Time: 62.4642 us. Best GFLOPs: 70.7548
2024-05-20 15:31:13 [INFO] [task_scheduler.cc:131] [Task #22: fused_nn_contrib_conv2d_NCHWc_add_nn_relu_21] Trial #31: GFLOPs: 8.3164. Time: 102.5670 us. Best GFLOPs: 70.7548
2024-05-20 15:31:13 [INFO] [task_scheduler.cc:131] [Task #22: fused_nn_contrib_conv2d_NCHWc_add_nn_relu_21] Trial #32: GFLOPs: 31.7437. Time: 26.8712 us. Best GFLOPs: 70.7548
2024-05-20 15:31:13 [INFO] [task_scheduler.cc:131] [Task #22: fused_nn_contrib_conv2d_NCHWc_add_nn_relu_21] Trial #33: GFLOPs: 15.8424. Time: 53.8423 us. Best GFLOPs: 70.7548
2024-05-20 15:31:13 [INFO] [task_scheduler.cc:131] [Task #22: fused_nn_contrib_conv2d_NCHWc_add_nn_relu_21] Trial #34: GFLOPs: 8.3868. Time: 101.7065 us. Best GFLOPs: 70.7548
2024-05-20 15:31:13 [INFO] [task_scheduler.cc:131] [Task #22: fused_nn_contrib_conv2d_NCHWc_add_nn_relu_21] Trial #35: GFLOPs: 14.9541. Time: 57.0407 us. Best GFLOPs: 70.7548
2024-05-20 15:31:13 [INFO] [task_scheduler.cc:131] [Task #22: fused_nn_contrib_conv2d_NCHWc_add_nn_relu_21] Trial #36: GFLOPs: 16.3422. Time: 52.1956 us. Best GFLOPs: 70.7548
2024-05-20 15:31:13 [INFO] [task_scheduler.cc:131] [Task #22: fused_nn_contrib_conv2d_NCHWc_add_nn_relu_21] Trial #37: GFLOPs: 22.0238. Time: 38.7305 us. Best GFLOPs: 70.7548
2024-05-20 15:31:13 [INFO] [task_scheduler.cc:131] [Task #22: fused_nn_contrib_conv2d_NCHWc_add_nn_relu_21] Trial #38: GFLOPs: 24.3051. Time: 35.0952 us. Best GFLOPs: 70.7548
2024-05-20 15:31:13 [INFO] [task_scheduler.cc:131] [Task #22: fused_nn_contrib_conv2d_NCHWc_add_nn_relu_21] Trial #39: GFLOPs: 13.0334. Time: 65.4466 us. Best GFLOPs: 70.7548
2024-05-20 15:31:13 [INFO] [task_scheduler.cc:131] [Task #22: fused_nn_contrib_conv2d_NCHWc_add_nn_relu_21] Trial #40: GFLOPs: 44.1534. Time: 19.3188 us. Best GFLOPs: 70.7548
2024-05-20 15:31:13 [INFO] [task_scheduler.cc:131] [Task #22: fused_nn_contrib_conv2d_NCHWc_add_nn_relu_21] Trial #41: GFLOPs: 9.7618. Time: 87.3807 us. Best GFLOPs: 70.7548
2024-05-20 15:31:13 [INFO] [task_scheduler.cc:131] [Task #22: fused_nn_contrib_conv2d_NCHWc_add_nn_relu_21] Trial #42: GFLOPs: 46.7424. Time: 18.2488 us. Best GFLOPs: 70.7548
2024-05-20 15:31:13 [INFO] [task_scheduler.cc:131] [Task #22: fused_nn_contrib_conv2d_NCHWc_add_nn_relu_21] Trial #43: GFLOPs: 20.8967. Time: 40.8194 us. Best GFLOPs: 70.7548
2024-05-20 15:31:13 [INFO] [task_scheduler.cc:131] [Task #22: fused_nn_contrib_conv2d_NCHWc_add_nn_relu_21] Trial #44: GFLOPs: 10.8063. Time: 78.9349 us. Best GFLOPs: 70.7548
2024-05-20 15:31:13 [INFO] [task_scheduler.cc:131] [Task #22: fused_nn_contrib_conv2d_NCHWc_add_nn_relu_21] Trial #45: GFLOPs: 24.4896. Time: 34.8308 us. Best GFLOPs: 70.7548
2024-05-20 15:31:13 [INFO] [task_scheduler.cc:131] [Task #22: fused_nn_contrib_conv2d_NCHWc_add_nn_relu_21] Trial #46: GFLOPs: 28.6605. Time: 29.7619 us. Best GFLOPs: 70.7548
2024-05-20 15:31:13 [INFO] [task_scheduler.cc:131] [Task #22: fused_nn_contrib_conv2d_NCHWc_add_nn_relu_21] Trial #47: GFLOPs: 8.3786. Time: 101.8055 us. Best GFLOPs: 70.7548
2024-05-20 15:31:13 [INFO] [task_scheduler.cc:131] [Task #22: fused_nn_contrib_conv2d_NCHWc_add_nn_relu_21] Trial #48: GFLOPs: 8.1101. Time: 105.1762 us. Best GFLOPs: 70.7548
2024-05-20 15:31:13 [INFO] [task_scheduler.cc:131] [Task #22: fused_nn_contrib_conv2d_NCHWc_add_nn_relu_21] Trial #49: GFLOPs: 42.1556. Time: 20.2344 us. Best GFLOPs: 70.7548
2024-05-20 15:31:13 [INFO] [task_scheduler.cc:131] [Task #22: fused_nn_contrib_conv2d_NCHWc_add_nn_relu_21] Trial #50: GFLOPs: 21.2026. Time: 40.2305 us. Best GFLOPs: 70.7548
2024-05-20 15:31:13 [INFO] [task_scheduler.cc:131] [Task #22: fused_nn_contrib_conv2d_NCHWc_add_nn_relu_21] Trial #51: GFLOPs: 41.6007. Time: 20.5043 us. Best GFLOPs: 70.7548
2024-05-20 15:31:13 [INFO] [task_scheduler.cc:131] [Task #22: fused_nn_contrib_conv2d_NCHWc_add_nn_relu_21] Trial #52: GFLOPs: 59.4963. Time: 14.3369 us. Best GFLOPs: 70.7548
2024-05-20 15:31:13 [INFO] [task_scheduler.cc:131] [Task #22: fused_nn_contrib_conv2d_NCHWc_add_nn_relu_21] Trial #53: GFLOPs: 5.6597. Time: 150.7142 us. Best GFLOPs: 70.7548
2024-05-20 15:31:13 [INFO] [task_scheduler.cc:131] [Task #22: fused_nn_contrib_conv2d_NCHWc_add_nn_relu_21] Trial #54: GFLOPs: 50.5730. Time: 16.8665 us. Best GFLOPs: 70.7548
2024-05-20 15:31:13 [INFO] [task_scheduler.cc:131] [Task #22: fused_nn_contrib_conv2d_NCHWc_add_nn_relu_21] Trial #55: GFLOPs: 18.1448. Time: 47.0102 us. Best GFLOPs: 70.7548
2024-05-20 15:31:13 [INFO] [task_scheduler.cc:131] [Task #22: fused_nn_contrib_conv2d_NCHWc_add_nn_relu_21] Trial #56: GFLOPs: 10.2797. Time: 82.9785 us. Best GFLOPs: 70.7548
2024-05-20 15:31:13 [INFO] [task_scheduler.cc:131] [Task #22: fused_nn_contrib_conv2d_NCHWc_add_nn_relu_21] Trial #57: GFLOPs: 19.0528. Time: 44.7698 us. Best GFLOPs: 70.7548
2024-05-20 15:31:13 [INFO] [task_scheduler.cc:131] [Task #22: fused_nn_contrib_conv2d_NCHWc_add_nn_relu_21] Trial #58: GFLOPs: 14.3001. Time: 59.6495 us. Best GFLOPs: 70.7548
2024-05-20 15:31:13 [INFO] [task_scheduler.cc:131] [Task #22: fused_nn_contrib_conv2d_NCHWc_add_nn_relu_21] Trial #59: GFLOPs: 5.7863. Time: 147.4157 us. Best GFLOPs: 70.7548
2024-05-20 15:31:13 [INFO] [task_scheduler.cc:131] [Task #22: fused_nn_contrib_conv2d_NCHWc_add_nn_relu_21] Trial #60: GFLOPs: 42.0160. Time: 20.3016 us. Best GFLOPs: 70.7548
2024-05-20 15:31:13 [INFO] [task_scheduler.cc:131] [Task #22: fused_nn_contrib_conv2d_NCHWc_add_nn_relu_21] Trial #61: GFLOPs: 35.3096. Time: 24.1575 us. Best GFLOPs: 70.7548
2024-05-20 15:31:13 [INFO] [task_scheduler.cc:131] [Task #22: fused_nn_contrib_conv2d_NCHWc_add_nn_relu_21] Trial #62: GFLOPs: 15.9373. Time: 53.5217 us. Best GFLOPs: 70.7548
2024-05-20 15:31:13 [INFO] [task_scheduler.cc:131] [Task #22: fused_nn_contrib_conv2d_NCHWc_add_nn_relu_21] Trial #63: GFLOPs: 11.7028. Time: 72.8882 us. Best GFLOPs: 70.7548
2024-05-20 15:31:13 [INFO] [task_scheduler.cc:131] [Task #22: fused_nn_contrib_conv2d_NCHWc_add_nn_relu_21] Trial #64: GFLOPs: 9.7104. Time: 87.8433 us. Best GFLOPs: 70.7548
2024-05-20 16:26:06 [INFO] [evolutionary_search.cc:713] Generating candidates......
2024-05-20 16:26:06 [INFO] [evolutionary_search.cc:715] Picked top 64 candidate(s) from database
2024-05-20 16:26:07 [INFO] [evolutionary_search.cc:533] Sample-Init-Population summary:
Postproc #0 [meta_schedule.DisallowDynamicLoop(0x478c03f8)]: 0 failure(s)
Postproc #1 [meta_schedule.RewriteParallelVectorizeUnroll(0x4314b9b8)]: 0 failure(s)
Postproc #2 [meta_schedule.RewriteReductionBlock(0x52930bc8)]: 0 failure(s)
Postproc #3 [meta_schedule.RewriteLayout(0x4bed38d8)]: 0 failure(s)
2024-05-20 16:26:07 [INFO] [evolutionary_search.cc:723] Sampled 448 candidate(s)
2024-05-20 16:26:09 [INFO] [evolutionary_search.cc:621] Evolve iter #0 done. Summary:
Postproc #0 [meta_schedule.DisallowDynamicLoop(0x478c03f8)]: 0 failure(s)
Postproc #1 [meta_schedule.RewriteParallelVectorizeUnroll(0x4314b9b8)]: 0 failure(s)
Postproc #2 [meta_schedule.RewriteReductionBlock(0x52930bc8)]: 0 failure(s)
Postproc #3 [meta_schedule.RewriteLayout(0x4bed38d8)]: 0 failure(s)
2024-05-20 16:26:11 [INFO] [evolutionary_search.cc:621] Evolve iter #1 done. Summary:
Postproc #0 [meta_schedule.DisallowDynamicLoop(0x478c03f8)]: 0 failure(s)
Postproc #1 [meta_schedule.RewriteParallelVectorizeUnroll(0x4314b9b8)]: 0 failure(s)
Postproc #2 [meta_schedule.RewriteReductionBlock(0x52930bc8)]: 0 failure(s)
Postproc #3 [meta_schedule.RewriteLayout(0x4bed38d8)]: 0 failure(s)
2024-05-20 16:26:13 [INFO] [evolutionary_search.cc:621] Evolve iter #2 done. Summary:
Postproc #0 [meta_schedule.DisallowDynamicLoop(0x478c03f8)]: 0 failure(s)
Postproc #1 [meta_schedule.RewriteParallelVectorizeUnroll(0x4314b9b8)]: 0 failure(s)
Postproc #2 [meta_schedule.RewriteReductionBlock(0x52930bc8)]: 0 failure(s)
Postproc #3 [meta_schedule.RewriteLayout(0x4bed38d8)]: 0 failure(s)
2024-05-20 16:26:15 [INFO] [evolutionary_search.cc:621] Evolve iter #3 done. Summary:
Postproc #0 [meta_schedule.DisallowDynamicLoop(0x478c03f8)]: 0 failure(s)
Postproc #1 [meta_schedule.RewriteParallelVectorizeUnroll(0x4314b9b8)]: 0 failure(s)
Postproc #2 [meta_schedule.RewriteReductionBlock(0x52930bc8)]: 0 failure(s)
Postproc #3 [meta_schedule.RewriteLayout(0x4bed38d8)]: 0 failure(s)
2024-05-20 16:26:17 [INFO] [evolutionary_search.cc:649] Scores of the best 64 candidates:
[1 : 16]:	1.0552  1.0375  1.0319  1.0237  1.0215  1.0001  0.9981  0.9979  0.9970  0.9970  0.9915  0.9866  0.9856  0.9807  0.9770  0.9757
[17 : 32]:	0.9752  0.9641  0.9456  0.9418  0.9326  0.9276  0.9236  0.9192  0.9190  0.9183  0.9175  0.9164  0.9148  0.9110  0.9110  0.9098
[33 : 48]:	0.9090  0.9042  0.9037  0.9031  0.9017  0.9000  0.8997  0.8977  0.8968  0.8957  0.8938  0.8932  0.8879  0.8868  0.8863  0.8850
[49 : 64]:	0.8835  0.8834  0.8829  0.8791  0.8754  0.8749  0.8742  0.8737  0.8728  0.8647  0.8591  0.8553  0.8494  0.8440  0.8431  0.8428
2024-05-20 16:26:17 [INFO] [evolutionary_search.cc:727] Got 64 candidate(s) with evolutionary search
2024-05-20 16:26:17 [INFO] [evolutionary_search.cc:730] Sending 64 candidates(s) for measurement
2024-05-20 16:27:51 [INFO] [task_scheduler.cc:131] [Task #22: fused_nn_contrib_conv2d_NCHWc_add_nn_relu_21] Trial #65: GFLOPs: 53.5409. Time: 15.9316 us. Best GFLOPs: 70.7548
2024-05-20 16:27:51 [INFO] [task_scheduler.cc:131] [Task #22: fused_nn_contrib_conv2d_NCHWc_add_nn_relu_21] Trial #66: GFLOPs: 96.6264. Time: 8.8277 us. Best GFLOPs: 96.6264
2024-05-20 16:27:51 [INFO] [task_scheduler.cc:131] [Task #22: fused_nn_contrib_conv2d_NCHWc_add_nn_relu_21] Trial #67: GFLOPs: 95.7449. Time: 8.9090 us. Best GFLOPs: 96.6264
2024-05-20 16:27:51 [INFO] [task_scheduler.cc:131] [Task #22: fused_nn_contrib_conv2d_NCHWc_add_nn_relu_21] Trial #68: GFLOPs: 71.1997. Time: 11.9803 us. Best GFLOPs: 96.6264
2024-05-20 16:27:51 [INFO] [task_scheduler.cc:131] [Task #22: fused_nn_contrib_conv2d_NCHWc_add_nn_relu_21] Trial #69: GFLOPs: 60.1954. Time: 14.1704 us. Best GFLOPs: 96.6264
2024-05-20 16:27:51 [INFO] [task_scheduler.cc:131] [Task #22: fused_nn_contrib_conv2d_NCHWc_add_nn_relu_21] Trial #70: GFLOPs: 101.6195. Time: 8.3940 us. Best GFLOPs: 101.6195
2024-05-20 16:27:51 [INFO] [task_scheduler.cc:131] [Task #22: fused_nn_contrib_conv2d_NCHWc_add_nn_relu_21] Trial #71: GFLOPs: 68.2121. Time: 12.5050 us. Best GFLOPs: 101.6195
2024-05-20 16:27:51 [INFO] [task_scheduler.cc:131] [Task #22: fused_nn_contrib_conv2d_NCHWc_add_nn_relu_21] Trial #72: GFLOPs: 82.2334. Time: 10.3728 us. Best GFLOPs: 101.6195
2024-05-20 16:27:51 [INFO] [task_scheduler.cc:131] [Task #22: fused_nn_contrib_conv2d_NCHWc_add_nn_relu_21] Trial #73: GFLOPs: 71.3648. Time: 11.9526 us. Best GFLOPs: 101.6195
2024-05-20 16:27:51 [INFO] [task_scheduler.cc:131] [Task #22: fused_nn_contrib_conv2d_NCHWc_add_nn_relu_21] Trial #74: GFLOPs: 83.0315. Time: 10.2731 us. Best GFLOPs: 101.6195
2024-05-20 16:27:51 [INFO] [task_scheduler.cc:131] [Task #22: fused_nn_contrib_conv2d_NCHWc_add_nn_relu_21] Trial #75: GFLOPs: 73.8781. Time: 11.5459 us. Best GFLOPs: 101.6195
2024-05-20 16:27:51 [INFO] [task_scheduler.cc:131] [Task #22: fused_nn_contrib_conv2d_NCHWc_add_nn_relu_21] Trial #76: GFLOPs: 86.4883. Time: 9.8625 us. Best GFLOPs: 101.6195
2024-05-20 16:27:51 [INFO] [task_scheduler.cc:131] [Task #22: fused_nn_contrib_conv2d_NCHWc_add_nn_relu_21] Trial #77: GFLOPs: 67.2242. Time: 12.6888 us. Best GFLOPs: 101.6195
2024-05-20 16:27:51 [INFO] [task_scheduler.cc:131] [Task #22: fused_nn_contrib_conv2d_NCHWc_add_nn_relu_21] Trial #78: GFLOPs: 72.8921. Time: 11.7021 us. Best GFLOPs: 101.6195
2024-05-20 16:27:51 [INFO] [task_scheduler.cc:131] [Task #22: fused_nn_contrib_conv2d_NCHWc_add_nn_relu_21] Trial #79: GFLOPs: 76.0918. Time: 11.2100 us. Best GFLOPs: 101.6195
2024-05-20 16:27:51 [INFO] [task_scheduler.cc:131] [Task #22: fused_nn_contrib_conv2d_NCHWc_add_nn_relu_21] Trial #80: GFLOPs: 55.0782. Time: 15.4869 us. Best GFLOPs: 101.6195
2024-05-20 16:27:51 [INFO] [task_scheduler.cc:131] [Task #22: fused_nn_contrib_conv2d_NCHWc_add_nn_relu_21] Trial #81: GFLOPs: 68.0629. Time: 12.5324 us. Best GFLOPs: 101.6195
2024-05-20 16:27:51 [INFO] [task_scheduler.cc:131] [Task #22: fused_nn_contrib_conv2d_NCHWc_add_nn_relu_21] Trial #82: GFLOPs: 65.0489. Time: 13.1131 us. Best GFLOPs: 101.6195
2024-05-20 16:27:51 [INFO] [task_scheduler.cc:131] [Task #22: fused_nn_contrib_conv2d_NCHWc_add_nn_relu_21] Trial #83: GFLOPs: 91.7912. Time: 9.2927 us. Best GFLOPs: 101.6195
2024-05-20 16:27:51 [INFO] [task_scheduler.cc:131] [Task #22: fused_nn_contrib_conv2d_NCHWc_add_nn_relu_21] Trial #84: GFLOPs: 104.3746. Time: 8.1724 us. Best GFLOPs: 104.3746
2024-05-20 16:27:51 [INFO] [task_scheduler.cc:131] [Task #22: fused_nn_contrib_conv2d_NCHWc_add_nn_relu_21] Trial #85: GFLOPs: 109.1654. Time: 7.8138 us. Best GFLOPs: 109.1654
2024-05-20 16:27:51 [INFO] [task_scheduler.cc:131] [Task #22: fused_nn_contrib_conv2d_NCHWc_add_nn_relu_21] Trial #86: GFLOPs: 68.5653. Time: 12.4406 us. Best GFLOPs: 109.1654
2024-05-20 16:27:51 [INFO] [task_scheduler.cc:131] [Task #22: fused_nn_contrib_conv2d_NCHWc_add_nn_relu_21] Trial #87: GFLOPs: 70.9037. Time: 12.0303 us. Best GFLOPs: 109.1654
2024-05-20 16:27:51 [INFO] [task_scheduler.cc:131] [Task #22: fused_nn_contrib_conv2d_NCHWc_add_nn_relu_21] Trial #88: GFLOPs: 58.6009. Time: 14.5560 us. Best GFLOPs: 109.1654
2024-05-20 16:27:51 [INFO] [task_scheduler.cc:131] [Task #22: fused_nn_contrib_conv2d_NCHWc_add_nn_relu_21] Trial #89: GFLOPs: 59.8420. Time: 14.2541 us. Best GFLOPs: 109.1654
2024-05-20 16:27:51 [INFO] [task_scheduler.cc:131] [Task #22: fused_nn_contrib_conv2d_NCHWc_add_nn_relu_21] Trial #90: GFLOPs: 71.6914. Time: 11.8981 us. Best GFLOPs: 109.1654
2024-05-20 16:27:51 [INFO] [task_scheduler.cc:131] [Task #22: fused_nn_contrib_conv2d_NCHWc_add_nn_relu_21] Trial #91: GFLOPs: 109.5741. Time: 7.7846 us. Best GFLOPs: 109.5741
2024-05-20 16:27:51 [INFO] [task_scheduler.cc:131] [Task #22: fused_nn_contrib_conv2d_NCHWc_add_nn_relu_21] Trial #92: GFLOPs: 47.6089. Time: 17.9167 us. Best GFLOPs: 109.5741
2024-05-20 16:27:51 [INFO] [task_scheduler.cc:131] [Task #22: fused_nn_contrib_conv2d_NCHWc_add_nn_relu_21] Trial #93: GFLOPs: 38.1946. Time: 22.3328 us. Best GFLOPs: 109.5741
2024-05-20 16:27:51 [INFO] [task_scheduler.cc:131] [Task #22: fused_nn_contrib_conv2d_NCHWc_add_nn_relu_21] Trial #94: GFLOPs: 89.3224. Time: 9.5496 us. Best GFLOPs: 109.5741
2024-05-20 16:27:51 [INFO] [task_scheduler.cc:131] [Task #22: fused_nn_contrib_conv2d_NCHWc_add_nn_relu_21] Trial #95: GFLOPs: 58.6453. Time: 14.5449 us. Best GFLOPs: 109.5741
2024-05-20 16:27:51 [INFO] [task_scheduler.cc:131] [Task #22: fused_nn_contrib_conv2d_NCHWc_add_nn_relu_21] Trial #96: GFLOPs: 103.0498. Time: 8.2775 us. Best GFLOPs: 109.5741
2024-05-20 16:27:51 [INFO] [task_scheduler.cc:131] [Task #22: fused_nn_contrib_conv2d_NCHWc_add_nn_relu_21] Trial #97: GFLOPs: 91.1825. Time: 9.3548 us. Best GFLOPs: 109.5741
2024-05-20 16:27:51 [INFO] [task_scheduler.cc:131] [Task #22: fused_nn_contrib_conv2d_NCHWc_add_nn_relu_21] Trial #98: GFLOPs: 102.7258. Time: 8.3036 us. Best GFLOPs: 109.5741
2024-05-20 16:27:51 [INFO] [task_scheduler.cc:131] [Task #22: fused_nn_contrib_conv2d_NCHWc_add_nn_relu_21] Trial #99: GFLOPs: 68.6598. Time: 12.4235 us. Best GFLOPs: 109.5741
2024-05-20 16:27:51 [INFO] [task_scheduler.cc:131] [Task #22: fused_nn_contrib_conv2d_NCHWc_add_nn_relu_21] Trial #100: GFLOPs: 72.7182. Time: 11.7301 us. Best GFLOPs: 109.5741
2024-05-20 16:27:51 [INFO] [task_scheduler.cc:131] [Task #22: fused_nn_contrib_conv2d_NCHWc_add_nn_relu_21] Trial #101: GFLOPs: 94.8211. Time: 8.9958 us. Best GFLOPs: 109.5741
2024-05-20 16:27:51 [INFO] [task_scheduler.cc:131] [Task #22: fused_nn_contrib_conv2d_NCHWc_add_nn_relu_21] Trial #102: GFLOPs: 78.2305. Time: 10.9036 us. Best GFLOPs: 109.5741
2024-05-20 16:27:51 [INFO] [task_scheduler.cc:131] [Task #22: fused_nn_contrib_conv2d_NCHWc_add_nn_relu_21] Trial #103: GFLOPs: 53.4508. Time: 15.9585 us. Best GFLOPs: 109.5741
2024-05-20 16:27:51 [INFO] [task_scheduler.cc:131] [Task #22: fused_nn_contrib_conv2d_NCHWc_add_nn_relu_21] Trial #104: GFLOPs: 59.2048. Time: 14.4075 us. Best GFLOPs: 109.5741
2024-05-20 16:27:51 [INFO] [task_scheduler.cc:131] [Task #22: fused_nn_contrib_conv2d_NCHWc_add_nn_relu_21] Trial #105: GFLOPs: 40.8442. Time: 20.8840 us. Best GFLOPs: 109.5741
2024-05-20 16:27:51 [INFO] [task_scheduler.cc:131] [Task #22: fused_nn_contrib_conv2d_NCHWc_add_nn_relu_21] Trial #106: GFLOPs: 56.4221. Time: 15.1181 us. Best GFLOPs: 109.5741
2024-05-20 16:27:51 [INFO] [task_scheduler.cc:131] [Task #22: fused_nn_contrib_conv2d_NCHWc_add_nn_relu_21] Trial #107: GFLOPs: 72.6827. Time: 11.7358 us. Best GFLOPs: 109.5741
2024-05-20 16:27:51 [INFO] [task_scheduler.cc:131] [Task #22: fused_nn_contrib_conv2d_NCHWc_add_nn_relu_21] Trial #108: GFLOPs: 71.7704. Time: 11.8850 us. Best GFLOPs: 109.5741
2024-05-20 16:27:51 [INFO] [task_scheduler.cc:131] [Task #22: fused_nn_contrib_conv2d_NCHWc_add_nn_relu_21] Trial #109: GFLOPs: 90.2486. Time: 9.4516 us. Best GFLOPs: 109.5741
2024-05-20 16:27:51 [INFO] [task_scheduler.cc:131] [Task #22: fused_nn_contrib_conv2d_NCHWc_add_nn_relu_21] Trial #110: GFLOPs: 97.1060. Time: 8.7841 us. Best GFLOPs: 109.5741
2024-05-20 16:27:51 [INFO] [task_scheduler.cc:131] [Task #22: fused_nn_contrib_conv2d_NCHWc_add_nn_relu_21] Trial #111: GFLOPs: 89.8874. Time: 9.4896 us. Best GFLOPs: 109.5741
2024-05-20 16:27:51 [INFO] [task_scheduler.cc:131] [Task #22: fused_nn_contrib_conv2d_NCHWc_add_nn_relu_21] Trial #112: GFLOPs: 54.2081. Time: 15.7355 us. Best GFLOPs: 109.5741
2024-05-20 16:27:51 [INFO] [task_scheduler.cc:131] [Task #22: fused_nn_contrib_conv2d_NCHWc_add_nn_relu_21] Trial #113: GFLOPs: 66.0155. Time: 12.9211 us. Best GFLOPs: 109.5741
2024-05-20 16:27:51 [INFO] [task_scheduler.cc:131] [Task #22: fused_nn_contrib_conv2d_NCHWc_add_nn_relu_21] Trial #114: GFLOPs: 49.4087. Time: 17.2640 us. Best GFLOPs: 109.5741
2024-05-20 16:27:51 [INFO] [task_scheduler.cc:131] [Task #22: fused_nn_contrib_conv2d_NCHWc_add_nn_relu_21] Trial #115: GFLOPs: 88.3077. Time: 9.6593 us. Best GFLOPs: 109.5741
2024-05-20 16:27:51 [INFO] [task_scheduler.cc:131] [Task #22: fused_nn_contrib_conv2d_NCHWc_add_nn_relu_21] Trial #116: GFLOPs: 71.7915. Time: 11.8815 us. Best GFLOPs: 109.5741
2024-05-20 16:27:51 [INFO] [task_scheduler.cc:131] [Task #22: fused_nn_contrib_conv2d_NCHWc_add_nn_relu_21] Trial #117: GFLOPs: 97.2058. Time: 8.7751 us. Best GFLOPs: 109.5741
2024-05-20 16:27:51 [INFO] [task_scheduler.cc:131] [Task #22: fused_nn_contrib_conv2d_NCHWc_add_nn_relu_21] Trial #118: GFLOPs: 43.0138. Time: 19.8307 us. Best GFLOPs: 109.5741
2024-05-20 16:27:51 [INFO] [task_scheduler.cc:131] [Task #22: fused_nn_contrib_conv2d_NCHWc_add_nn_relu_21] Trial #119: GFLOPs: 92.8101. Time: 9.1907 us. Best GFLOPs: 109.5741
2024-05-20 16:27:51 [INFO] [task_scheduler.cc:131] [Task #22: fused_nn_contrib_conv2d_NCHWc_add_nn_relu_21] Trial #120: GFLOPs: 66.4455. Time: 12.8375 us. Best GFLOPs: 109.5741
2024-05-20 16:27:51 [INFO] [task_scheduler.cc:131] [Task #22: fused_nn_contrib_conv2d_NCHWc_add_nn_relu_21] Trial #121: GFLOPs: 72.4026. Time: 11.7812 us. Best GFLOPs: 109.5741
2024-05-20 16:27:51 [INFO] [task_scheduler.cc:131] [Task #22: fused_nn_contrib_conv2d_NCHWc_add_nn_relu_21] Trial #122: GFLOPs: 78.3564. Time: 10.8861 us. Best GFLOPs: 109.5741
2024-05-20 16:27:51 [INFO] [task_scheduler.cc:131] [Task #22: fused_nn_contrib_conv2d_NCHWc_add_nn_relu_21] Trial #123: GFLOPs: 68.0987. Time: 12.5258 us. Best GFLOPs: 109.5741
2024-05-20 16:27:51 [INFO] [task_scheduler.cc:131] [Task #22: fused_nn_contrib_conv2d_NCHWc_add_nn_relu_21] Trial #124: GFLOPs: 64.9068. Time: 13.1418 us. Best GFLOPs: 109.5741
2024-05-20 16:27:51 [INFO] [task_scheduler.cc:131] [Task #22: fused_nn_contrib_conv2d_NCHWc_add_nn_relu_21] Trial #125: GFLOPs: 71.5763. Time: 11.9172 us. Best GFLOPs: 109.5741
2024-05-20 16:27:51 [INFO] [task_scheduler.cc:131] [Task #22: fused_nn_contrib_conv2d_NCHWc_add_nn_relu_21] Trial #126: GFLOPs: 10.5580. Time: 80.7911 us. Best GFLOPs: 109.5741
2024-05-20 16:27:51 [INFO] [task_scheduler.cc:131] [Task #22: fused_nn_contrib_conv2d_NCHWc_add_nn_relu_21] Trial #127: GFLOPs: 23.7479. Time: 35.9186 us. Best GFLOPs: 109.5741
2024-05-20 16:27:51 [INFO] [task_scheduler.cc:131] [Task #22: fused_nn_contrib_conv2d_NCHWc_add_nn_relu_21] Trial #128: GFLOPs: 17.3490. Time: 49.1666 us. Best GFLOPs: 109.5741
