2024-05-20 13:16:49 [INFO] [task_scheduler.cc:160] Initializing Task #28: "fused_nn_contrib_conv2d_NCHWc_add_nn_relu_27"
2024-05-20 13:16:49 [INFO] [task_scheduler.cc:35] 
# from tvm.script import ir as I
# from tvm.script import tir as T

@I.ir_module
class Module:
    @T.prim_func
    def main(p0: T.Buffer((T.int64(1), T.int64(80), T.int64(2), T.int64(2), T.int64(8)), "float32"), p1: T.Buffer((T.int64(16), T.int64(80), T.int64(1), T.int64(1), T.int64(8), T.int64(8)), "float32"), p2: T.Buffer((T.int64(1), T.int64(16), T.int64(1), T.int64(1), T.int64(8)), "float32"), T_relu: T.Buffer((T.int64(1), T.int64(16), T.int64(2), T.int64(2), T.int64(8)), "float32")):
        T.func_attr({"tir.noalias": T.bool(True)})
        # with T.block("root"):
        conv2d_NCHWc = T.alloc_buffer((T.int64(1), T.int64(16), T.int64(2), T.int64(2), T.int64(8)))
        T_add = T.alloc_buffer((T.int64(1), T.int64(16), T.int64(2), T.int64(2), T.int64(8)))
        for n, oc_chunk, oh, ow, oc_block, ic, kh, kw in T.grid(T.int64(1), T.int64(16), T.int64(2), T.int64(2), T.int64(8), T.int64(640), T.int64(1), T.int64(1)):
            with T.block("conv2d_NCHWc"):
                v_n, v_oc_chunk, v_oh, v_ow, v_oc_block, v_ic, v_kh, v_kw = T.axis.remap("SSSSSRRR", [n, oc_chunk, oh, ow, oc_block, ic, kh, kw])
                T.reads(p0[v_n, v_ic // T.int64(8), v_oh + v_kh, v_ow + v_kw, v_ic % T.int64(8)], p1[v_oc_chunk, v_ic // T.int64(8), v_kh, v_kw, v_ic % T.int64(8), v_oc_block])
                T.writes(conv2d_NCHWc[v_n, v_oc_chunk, v_oh, v_ow, v_oc_block])
                with T.init():
                    conv2d_NCHWc[v_n, v_oc_chunk, v_oh, v_ow, v_oc_block] = T.float32(0)
                conv2d_NCHWc[v_n, v_oc_chunk, v_oh, v_ow, v_oc_block] = conv2d_NCHWc[v_n, v_oc_chunk, v_oh, v_ow, v_oc_block] + p0[v_n, v_ic // T.int64(8), v_oh + v_kh, v_ow + v_kw, v_ic % T.int64(8)] * p1[v_oc_chunk, v_ic // T.int64(8), v_kh, v_kw, v_ic % T.int64(8), v_oc_block]
        for ax0, ax1, ax2, ax3, ax4 in T.grid(T.int64(1), T.int64(16), T.int64(2), T.int64(2), T.int64(8)):
            with T.block("T_add"):
                v_ax0, v_ax1, v_ax2, v_ax3, v_ax4 = T.axis.remap("SSSSS", [ax0, ax1, ax2, ax3, ax4])
                T.reads(conv2d_NCHWc[v_ax0, v_ax1, v_ax2, v_ax3, v_ax4], p2[v_ax0, v_ax1, T.int64(0), T.int64(0), v_ax4])
                T.writes(T_add[v_ax0, v_ax1, v_ax2, v_ax3, v_ax4])
                T_add[v_ax0, v_ax1, v_ax2, v_ax3, v_ax4] = conv2d_NCHWc[v_ax0, v_ax1, v_ax2, v_ax3, v_ax4] + p2[v_ax0, v_ax1, T.int64(0), T.int64(0), v_ax4]
        for ax0, ax1, ax2, ax3, ax4 in T.grid(T.int64(1), T.int64(16), T.int64(2), T.int64(2), T.int64(8)):
            with T.block("T_relu"):
                v_ax0, v_ax1, v_ax2, v_ax3, v_ax4 = T.axis.remap("SSSSS", [ax0, ax1, ax2, ax3, ax4])
                T.reads(T_add[v_ax0, v_ax1, v_ax2, v_ax3, v_ax4])
                T.writes(T_relu[v_ax0, v_ax1, v_ax2, v_ax3, v_ax4])
                T_relu[v_ax0, v_ax1, v_ax2, v_ax3, v_ax4] = T.max(T_add[v_ax0, v_ax1, v_ax2, v_ax3, v_ax4], T.float32(0))
2024-05-20 13:16:49 [INFO] [task_scheduler.cc:164] Total 3 design space(s) generated
2024-05-20 13:16:49 [INFO] [task_scheduler.cc:170] Design space #0:
# from tvm.script import ir as I
# from tvm.script import tir as T

@I.ir_module
class Module:
    @T.prim_func
    def main(p0: T.Buffer((T.int64(1), T.int64(80), T.int64(2), T.int64(2), T.int64(8)), "float32"), p1: T.Buffer((T.int64(16), T.int64(80), T.int64(1), T.int64(1), T.int64(8), T.int64(8)), "float32"), p2: T.Buffer((T.int64(1), T.int64(16), T.int64(1), T.int64(1), T.int64(8)), "float32"), T_relu: T.Buffer((T.int64(1), T.int64(16), T.int64(2), T.int64(2), T.int64(8)), "float32")):
        T.func_attr({"tir.noalias": T.bool(True)})
        with T.block("root"):
            T.reads()
            T.writes()
            T.block_attr({"meta_schedule.parallel": 96, "meta_schedule.unroll_explicit": 64, "meta_schedule.vectorize": 64})
            conv2d_NCHWc = T.alloc_buffer((T.int64(1), T.int64(16), T.int64(2), T.int64(2), T.int64(8)))
            for n_0, oc_chunk_0, oh_0, ow_0, oc_block_0, n_1, oc_chunk_1, oh_1, ow_1, oc_block_1, ic_0, kh_0, kw_0, n_2, oc_chunk_2, oh_2, ow_2, oc_block_2, ic_1, kh_1, kw_1, n_3, oc_chunk_3, oh_3, ow_3, oc_block_3 in T.grid(T.int64(1), T.int64(4), T.int64(1), T.int64(1), T.int64(4), T.int64(1), T.int64(2), T.int64(1), T.int64(2), T.int64(2), T.int64(10), T.int64(1), T.int64(1), T.int64(1), T.int64(2), T.int64(1), T.int64(1), T.int64(1), T.int64(64), T.int64(1), T.int64(1), T.int64(1), T.int64(1), T.int64(2), T.int64(1), T.int64(1)):
                with T.block("conv2d_NCHWc"):
                    v_n = T.axis.spatial(T.int64(1), n_0 + n_1 + n_2 + n_3)
                    v_oc_chunk = T.axis.spatial(T.int64(16), oc_chunk_0 * T.int64(4) + oc_chunk_1 * T.int64(2) + oc_chunk_2 + oc_chunk_3)
                    v_oh = T.axis.spatial(T.int64(2), oh_0 * T.int64(2) + oh_1 * T.int64(2) + oh_2 * T.int64(2) + oh_3)
                    v_ow = T.axis.spatial(T.int64(2), ow_0 * T.int64(2) + ow_1 + ow_2 + ow_3)
                    v_oc_block = T.axis.spatial(T.int64(8), oc_block_0 * T.int64(2) + oc_block_1 + oc_block_2 + oc_block_3)
                    v_ic = T.axis.reduce(T.int64(640), ic_0 * T.int64(64) + ic_1)
                    v_kh = T.axis.reduce(T.int64(1), kh_0 + kh_1)
                    v_kw = T.axis.reduce(T.int64(1), kw_0 + kw_1)
                    T.reads(p0[v_n, v_ic // T.int64(8), v_oh + v_kh, v_ow + v_kw, v_ic % T.int64(8)], p1[v_oc_chunk, v_ic // T.int64(8), v_kh, v_kw, v_ic % T.int64(8), v_oc_block])
                    T.writes(conv2d_NCHWc[v_n, v_oc_chunk, v_oh, v_ow, v_oc_block])
                    T.block_attr({"meta_schedule.tiling_structure": "SSRSRS"})
                    with T.init():
                        conv2d_NCHWc[v_n, v_oc_chunk, v_oh, v_ow, v_oc_block] = T.float32(0)
                    conv2d_NCHWc[v_n, v_oc_chunk, v_oh, v_ow, v_oc_block] = conv2d_NCHWc[v_n, v_oc_chunk, v_oh, v_ow, v_oc_block] + p0[v_n, v_ic // T.int64(8), v_oh + v_kh, v_ow + v_kw, v_ic % T.int64(8)] * p1[v_oc_chunk, v_ic // T.int64(8), v_kh, v_kw, v_ic % T.int64(8), v_oc_block]
            for ax0, ax1, ax2, ax3, ax4 in T.grid(T.int64(1), T.int64(16), T.int64(2), T.int64(2), T.int64(8)):
                with T.block("T_relu"):
                    v_ax0, v_ax1, v_ax2, v_ax3, v_ax4 = T.axis.remap("SSSSS", [ax0, ax1, ax2, ax3, ax4])
                    T.reads(conv2d_NCHWc[v_ax0, v_ax1, v_ax2, v_ax3, v_ax4], p2[v_ax0, v_ax1, T.int64(0), T.int64(0), v_ax4])
                    T.writes(T_relu[v_ax0, v_ax1, v_ax2, v_ax3, v_ax4])
                    T_relu[v_ax0, v_ax1, v_ax2, v_ax3, v_ax4] = T.max(conv2d_NCHWc[v_ax0, v_ax1, v_ax2, v_ax3, v_ax4] + p2[v_ax0, v_ax1, T.int64(0), T.int64(0), v_ax4], T.float32(0))
b0 = sch.get_block(name="conv2d_NCHWc", func_name="main")
b1 = sch.get_block(name="T_add", func_name="main")
b2 = sch.get_block(name="root", func_name="main")
sch.compute_inline(block=b1)
sch.annotate(block_or_loop=b0, ann_key="meta_schedule.tiling_structure", ann_val="SSRSRS")
l3, l4, l5, l6, l7, l8, l9, l10 = sch.get_loops(block=b0)
v11, v12, v13, v14 = sch.sample_perfect_tile(loop=l3, n=4, max_innermost_factor=64, decision=[1, 1, 1, 1])
l15, l16, l17, l18 = sch.split(loop=l3, factors=[v11, v12, v13, v14], preserve_unit_iters=True, disable_predication=False)
v19, v20, v21, v22 = sch.sample_perfect_tile(loop=l4, n=4, max_innermost_factor=64, decision=[4, 2, 2, 1])
l23, l24, l25, l26 = sch.split(loop=l4, factors=[v19, v20, v21, v22], preserve_unit_iters=True, disable_predication=False)
v27, v28, v29, v30 = sch.sample_perfect_tile(loop=l5, n=4, max_innermost_factor=64, decision=[1, 1, 1, 2])
l31, l32, l33, l34 = sch.split(loop=l5, factors=[v27, v28, v29, v30], preserve_unit_iters=True, disable_predication=False)
v35, v36, v37, v38 = sch.sample_perfect_tile(loop=l6, n=4, max_innermost_factor=64, decision=[1, 2, 1, 1])
l39, l40, l41, l42 = sch.split(loop=l6, factors=[v35, v36, v37, v38], preserve_unit_iters=True, disable_predication=False)
v43, v44, v45, v46 = sch.sample_perfect_tile(loop=l7, n=4, max_innermost_factor=64, decision=[4, 2, 1, 1])
l47, l48, l49, l50 = sch.split(loop=l7, factors=[v43, v44, v45, v46], preserve_unit_iters=True, disable_predication=False)
v51, v52 = sch.sample_perfect_tile(loop=l8, n=2, max_innermost_factor=64, decision=[10, 64])
l53, l54 = sch.split(loop=l8, factors=[v51, v52], preserve_unit_iters=True, disable_predication=False)
v55, v56 = sch.sample_perfect_tile(loop=l9, n=2, max_innermost_factor=64, decision=[1, 1])
l57, l58 = sch.split(loop=l9, factors=[v55, v56], preserve_unit_iters=True, disable_predication=False)
v59, v60 = sch.sample_perfect_tile(loop=l10, n=2, max_innermost_factor=64, decision=[1, 1])
l61, l62 = sch.split(loop=l10, factors=[v59, v60], preserve_unit_iters=True, disable_predication=False)
sch.reorder(l15, l23, l31, l39, l47, l16, l24, l32, l40, l48, l53, l57, l61, l17, l25, l33, l41, l49, l54, l58, l62, l18, l26, l34, l42, l50)
sch.annotate(block_or_loop=b2, ann_key="meta_schedule.parallel", ann_val=96)
sch.annotate(block_or_loop=b2, ann_key="meta_schedule.vectorize", ann_val=64)
v63 = sch.sample_categorical(candidates=[0, 16, 64, 512], probs=[0.25, 0.25, 0.25, 0.25], decision=2)
sch.annotate(block_or_loop=b2, ann_key="meta_schedule.unroll_explicit", ann_val=v63)
2024-05-20 13:16:49 [INFO] [task_scheduler.cc:170] Design space #1:
# from tvm.script import ir as I
# from tvm.script import tir as T

@I.ir_module
class Module:
    @T.prim_func
    def main(p0: T.Buffer((T.int64(1), T.int64(80), T.int64(2), T.int64(2), T.int64(8)), "float32"), p1: T.Buffer((T.int64(16), T.int64(80), T.int64(1), T.int64(1), T.int64(8), T.int64(8)), "float32"), p2: T.Buffer((T.int64(1), T.int64(16), T.int64(1), T.int64(1), T.int64(8)), "float32"), T_relu: T.Buffer((T.int64(1), T.int64(16), T.int64(2), T.int64(2), T.int64(8)), "float32")):
        T.func_attr({"tir.noalias": T.bool(True)})
        with T.block("root"):
            T.reads()
            T.writes()
            T.block_attr({"meta_schedule.parallel": 96, "meta_schedule.unroll_explicit": 16, "meta_schedule.vectorize": 64})
            conv2d_NCHWc = T.alloc_buffer((T.int64(1), T.int64(16), T.int64(2), T.int64(2), T.int64(8)))
            for n_0, oc_chunk_0, oh_0, ow_0, oc_block_0, n_1, oc_chunk_1, oh_1, ow_1, oc_block_1 in T.grid(T.int64(1), T.int64(4), T.int64(1), T.int64(1), T.int64(4), T.int64(1), T.int64(2), T.int64(1), T.int64(2), T.int64(2)):
                for ic_0, kh_0, kw_0, n_2, oc_chunk_2, oh_2, ow_2, oc_block_2, ic_1, kh_1, kw_1, n_3, oc_chunk_3, oh_3, ow_3, oc_block_3 in T.grid(T.int64(10), T.int64(1), T.int64(1), T.int64(1), T.int64(2), T.int64(1), T.int64(1), T.int64(1), T.int64(64), T.int64(1), T.int64(1), T.int64(1), T.int64(1), T.int64(2), T.int64(1), T.int64(1)):
                    with T.block("conv2d_NCHWc"):
                        v_n = T.axis.spatial(T.int64(1), n_0 + n_1 + n_2 + n_3)
                        v_oc_chunk = T.axis.spatial(T.int64(16), oc_chunk_0 * T.int64(4) + oc_chunk_1 * T.int64(2) + oc_chunk_2 + oc_chunk_3)
                        v_oh = T.axis.spatial(T.int64(2), oh_0 * T.int64(2) + oh_1 * T.int64(2) + oh_2 * T.int64(2) + oh_3)
                        v_ow = T.axis.spatial(T.int64(2), ow_0 * T.int64(2) + ow_1 + ow_2 + ow_3)
                        v_oc_block = T.axis.spatial(T.int64(8), oc_block_0 * T.int64(2) + oc_block_1 + oc_block_2 + oc_block_3)
                        v_ic = T.axis.reduce(T.int64(640), ic_0 * T.int64(64) + ic_1)
                        v_kh = T.axis.reduce(T.int64(1), kh_0 + kh_1)
                        v_kw = T.axis.reduce(T.int64(1), kw_0 + kw_1)
                        T.reads(p0[v_n, v_ic // T.int64(8), v_oh + v_kh, v_ow + v_kw, v_ic % T.int64(8)], p1[v_oc_chunk, v_ic // T.int64(8), v_kh, v_kw, v_ic % T.int64(8), v_oc_block])
                        T.writes(conv2d_NCHWc[v_n, v_oc_chunk, v_oh, v_ow, v_oc_block])
                        T.block_attr({"meta_schedule.tiling_structure": "SSRSRS"})
                        with T.init():
                            conv2d_NCHWc[v_n, v_oc_chunk, v_oh, v_ow, v_oc_block] = T.float32(0)
                        conv2d_NCHWc[v_n, v_oc_chunk, v_oh, v_ow, v_oc_block] = conv2d_NCHWc[v_n, v_oc_chunk, v_oh, v_ow, v_oc_block] + p0[v_n, v_ic // T.int64(8), v_oh + v_kh, v_ow + v_kw, v_ic % T.int64(8)] * p1[v_oc_chunk, v_ic // T.int64(8), v_kh, v_kw, v_ic % T.int64(8), v_oc_block]
                for ax0, ax1, ax2, ax3, ax4 in T.grid(T.int64(1), T.int64(2), T.int64(2), T.int64(1), T.int64(1)):
                    with T.block("T_relu"):
                        v_ax0 = T.axis.spatial(T.int64(1), ax0)
                        v_ax1 = T.axis.spatial(T.int64(16), oc_chunk_0 * T.int64(4) + oc_chunk_1 * T.int64(2) + ax1)
                        v_ax2 = T.axis.spatial(T.int64(2), ax2)
                        v_ax3 = T.axis.spatial(T.int64(2), ow_1 + ax3)
                        v_ax4 = T.axis.spatial(T.int64(8), oc_block_0 * T.int64(2) + oc_block_1 + ax4)
                        T.reads(conv2d_NCHWc[v_ax0, v_ax1, v_ax2, v_ax3, v_ax4], p2[v_ax0, v_ax1, T.int64(0), T.int64(0), v_ax4])
                        T.writes(T_relu[v_ax0, v_ax1, v_ax2, v_ax3, v_ax4])
                        T_relu[v_ax0, v_ax1, v_ax2, v_ax3, v_ax4] = T.max(conv2d_NCHWc[v_ax0, v_ax1, v_ax2, v_ax3, v_ax4] + p2[v_ax0, v_ax1, T.int64(0), T.int64(0), v_ax4], T.float32(0))
b0 = sch.get_block(name="conv2d_NCHWc", func_name="main")
b1 = sch.get_block(name="T_add", func_name="main")
b2 = sch.get_block(name="root", func_name="main")
sch.compute_inline(block=b1)
sch.annotate(block_or_loop=b0, ann_key="meta_schedule.tiling_structure", ann_val="SSRSRS")
l3, l4, l5, l6, l7, l8, l9, l10 = sch.get_loops(block=b0)
v11, v12, v13, v14 = sch.sample_perfect_tile(loop=l3, n=4, max_innermost_factor=64, decision=[1, 1, 1, 1])
l15, l16, l17, l18 = sch.split(loop=l3, factors=[v11, v12, v13, v14], preserve_unit_iters=True, disable_predication=False)
v19, v20, v21, v22 = sch.sample_perfect_tile(loop=l4, n=4, max_innermost_factor=64, decision=[4, 2, 2, 1])
l23, l24, l25, l26 = sch.split(loop=l4, factors=[v19, v20, v21, v22], preserve_unit_iters=True, disable_predication=False)
v27, v28, v29, v30 = sch.sample_perfect_tile(loop=l5, n=4, max_innermost_factor=64, decision=[1, 1, 1, 2])
l31, l32, l33, l34 = sch.split(loop=l5, factors=[v27, v28, v29, v30], preserve_unit_iters=True, disable_predication=False)
v35, v36, v37, v38 = sch.sample_perfect_tile(loop=l6, n=4, max_innermost_factor=64, decision=[1, 2, 1, 1])
l39, l40, l41, l42 = sch.split(loop=l6, factors=[v35, v36, v37, v38], preserve_unit_iters=True, disable_predication=False)
v43, v44, v45, v46 = sch.sample_perfect_tile(loop=l7, n=4, max_innermost_factor=64, decision=[4, 2, 1, 1])
l47, l48, l49, l50 = sch.split(loop=l7, factors=[v43, v44, v45, v46], preserve_unit_iters=True, disable_predication=False)
v51, v52 = sch.sample_perfect_tile(loop=l8, n=2, max_innermost_factor=64, decision=[10, 64])
l53, l54 = sch.split(loop=l8, factors=[v51, v52], preserve_unit_iters=True, disable_predication=False)
v55, v56 = sch.sample_perfect_tile(loop=l9, n=2, max_innermost_factor=64, decision=[1, 1])
l57, l58 = sch.split(loop=l9, factors=[v55, v56], preserve_unit_iters=True, disable_predication=False)
v59, v60 = sch.sample_perfect_tile(loop=l10, n=2, max_innermost_factor=64, decision=[1, 1])
l61, l62 = sch.split(loop=l10, factors=[v59, v60], preserve_unit_iters=True, disable_predication=False)
sch.reorder(l15, l23, l31, l39, l47, l16, l24, l32, l40, l48, l53, l57, l61, l17, l25, l33, l41, l49, l54, l58, l62, l18, l26, l34, l42, l50)
b63, = sch.get_consumers(block=b0)
sch.reverse_compute_at(block=b63, loop=l48, preserve_unit_loops=True, index=-1)
sch.annotate(block_or_loop=b2, ann_key="meta_schedule.parallel", ann_val=96)
sch.annotate(block_or_loop=b2, ann_key="meta_schedule.vectorize", ann_val=64)
v64 = sch.sample_categorical(candidates=[0, 16, 64, 512], probs=[0.25, 0.25, 0.25, 0.25], decision=1)
sch.annotate(block_or_loop=b2, ann_key="meta_schedule.unroll_explicit", ann_val=v64)
2024-05-20 13:16:49 [INFO] [task_scheduler.cc:170] Design space #2:
# from tvm.script import ir as I
# from tvm.script import tir as T

@I.ir_module
class Module:
    @T.prim_func
    def main(p0: T.Buffer((T.int64(1), T.int64(80), T.int64(2), T.int64(2), T.int64(8)), "float32"), p1: T.Buffer((T.int64(16), T.int64(80), T.int64(1), T.int64(1), T.int64(8), T.int64(8)), "float32"), p2: T.Buffer((T.int64(1), T.int64(16), T.int64(1), T.int64(1), T.int64(8)), "float32"), T_relu: T.Buffer((T.int64(1), T.int64(16), T.int64(2), T.int64(2), T.int64(8)), "float32")):
        T.func_attr({"tir.noalias": T.bool(True)})
        with T.block("root"):
            T.reads()
            T.writes()
            T.block_attr({"meta_schedule.parallel": 96, "meta_schedule.unroll_explicit": 512, "meta_schedule.vectorize": 64})
            conv2d_NCHWc = T.alloc_buffer((T.int64(1), T.int64(16), T.int64(2), T.int64(2), T.int64(8)))
            for n_0, oc_chunk_0, oh_0, ow_0, oc_block_0 in T.grid(T.int64(1), T.int64(4), T.int64(1), T.int64(1), T.int64(4)):
                for n_1, oc_chunk_1, oh_1, ow_1, oc_block_1, ic_0, kh_0, kw_0, n_2, oc_chunk_2, oh_2, ow_2, oc_block_2, ic_1, kh_1, kw_1, n_3, oc_chunk_3, oh_3, ow_3, oc_block_3 in T.grid(T.int64(1), T.int64(2), T.int64(1), T.int64(2), T.int64(2), T.int64(10), T.int64(1), T.int64(1), T.int64(1), T.int64(2), T.int64(1), T.int64(1), T.int64(1), T.int64(64), T.int64(1), T.int64(1), T.int64(1), T.int64(1), T.int64(2), T.int64(1), T.int64(1)):
                    with T.block("conv2d_NCHWc"):
                        v_n = T.axis.spatial(T.int64(1), n_0 + n_1 + n_2 + n_3)
                        v_oc_chunk = T.axis.spatial(T.int64(16), oc_chunk_0 * T.int64(4) + oc_chunk_1 * T.int64(2) + oc_chunk_2 + oc_chunk_3)
                        v_oh = T.axis.spatial(T.int64(2), oh_0 * T.int64(2) + oh_1 * T.int64(2) + oh_2 * T.int64(2) + oh_3)
                        v_ow = T.axis.spatial(T.int64(2), ow_0 * T.int64(2) + ow_1 + ow_2 + ow_3)
                        v_oc_block = T.axis.spatial(T.int64(8), oc_block_0 * T.int64(2) + oc_block_1 + oc_block_2 + oc_block_3)
                        v_ic = T.axis.reduce(T.int64(640), ic_0 * T.int64(64) + ic_1)
                        v_kh = T.axis.reduce(T.int64(1), kh_0 + kh_1)
                        v_kw = T.axis.reduce(T.int64(1), kw_0 + kw_1)
                        T.reads(p0[v_n, v_ic // T.int64(8), v_oh + v_kh, v_ow + v_kw, v_ic % T.int64(8)], p1[v_oc_chunk, v_ic // T.int64(8), v_kh, v_kw, v_ic % T.int64(8), v_oc_block])
                        T.writes(conv2d_NCHWc[v_n, v_oc_chunk, v_oh, v_ow, v_oc_block])
                        T.block_attr({"meta_schedule.tiling_structure": "SSRSRS"})
                        with T.init():
                            conv2d_NCHWc[v_n, v_oc_chunk, v_oh, v_ow, v_oc_block] = T.float32(0)
                        conv2d_NCHWc[v_n, v_oc_chunk, v_oh, v_ow, v_oc_block] = conv2d_NCHWc[v_n, v_oc_chunk, v_oh, v_ow, v_oc_block] + p0[v_n, v_ic // T.int64(8), v_oh + v_kh, v_ow + v_kw, v_ic % T.int64(8)] * p1[v_oc_chunk, v_ic // T.int64(8), v_kh, v_kw, v_ic % T.int64(8), v_oc_block]
                for ax0, ax1, ax2, ax3, ax4 in T.grid(T.int64(1), T.int64(4), T.int64(2), T.int64(2), T.int64(2)):
                    with T.block("T_relu"):
                        v_ax0 = T.axis.spatial(T.int64(1), ax0)
                        v_ax1 = T.axis.spatial(T.int64(16), oc_chunk_0 * T.int64(4) + ax1)
                        v_ax2, v_ax3 = T.axis.remap("SS", [ax2, ax3])
                        v_ax4 = T.axis.spatial(T.int64(8), oc_block_0 * T.int64(2) + ax4)
                        T.reads(conv2d_NCHWc[v_ax0, v_ax1, v_ax2, v_ax3, v_ax4], p2[v_ax0, v_ax1, T.int64(0), T.int64(0), v_ax4])
                        T.writes(T_relu[v_ax0, v_ax1, v_ax2, v_ax3, v_ax4])
                        T_relu[v_ax0, v_ax1, v_ax2, v_ax3, v_ax4] = T.max(conv2d_NCHWc[v_ax0, v_ax1, v_ax2, v_ax3, v_ax4] + p2[v_ax0, v_ax1, T.int64(0), T.int64(0), v_ax4], T.float32(0))
b0 = sch.get_block(name="conv2d_NCHWc", func_name="main")
b1 = sch.get_block(name="T_add", func_name="main")
b2 = sch.get_block(name="root", func_name="main")
sch.compute_inline(block=b1)
sch.annotate(block_or_loop=b0, ann_key="meta_schedule.tiling_structure", ann_val="SSRSRS")
l3, l4, l5, l6, l7, l8, l9, l10 = sch.get_loops(block=b0)
v11, v12, v13, v14 = sch.sample_perfect_tile(loop=l3, n=4, max_innermost_factor=64, decision=[1, 1, 1, 1])
l15, l16, l17, l18 = sch.split(loop=l3, factors=[v11, v12, v13, v14], preserve_unit_iters=True, disable_predication=False)
v19, v20, v21, v22 = sch.sample_perfect_tile(loop=l4, n=4, max_innermost_factor=64, decision=[4, 2, 2, 1])
l23, l24, l25, l26 = sch.split(loop=l4, factors=[v19, v20, v21, v22], preserve_unit_iters=True, disable_predication=False)
v27, v28, v29, v30 = sch.sample_perfect_tile(loop=l5, n=4, max_innermost_factor=64, decision=[1, 1, 1, 2])
l31, l32, l33, l34 = sch.split(loop=l5, factors=[v27, v28, v29, v30], preserve_unit_iters=True, disable_predication=False)
v35, v36, v37, v38 = sch.sample_perfect_tile(loop=l6, n=4, max_innermost_factor=64, decision=[1, 2, 1, 1])
l39, l40, l41, l42 = sch.split(loop=l6, factors=[v35, v36, v37, v38], preserve_unit_iters=True, disable_predication=False)
v43, v44, v45, v46 = sch.sample_perfect_tile(loop=l7, n=4, max_innermost_factor=64, decision=[4, 2, 1, 1])
l47, l48, l49, l50 = sch.split(loop=l7, factors=[v43, v44, v45, v46], preserve_unit_iters=True, disable_predication=False)
v51, v52 = sch.sample_perfect_tile(loop=l8, n=2, max_innermost_factor=64, decision=[10, 64])
l53, l54 = sch.split(loop=l8, factors=[v51, v52], preserve_unit_iters=True, disable_predication=False)
v55, v56 = sch.sample_perfect_tile(loop=l9, n=2, max_innermost_factor=64, decision=[1, 1])
l57, l58 = sch.split(loop=l9, factors=[v55, v56], preserve_unit_iters=True, disable_predication=False)
v59, v60 = sch.sample_perfect_tile(loop=l10, n=2, max_innermost_factor=64, decision=[1, 1])
l61, l62 = sch.split(loop=l10, factors=[v59, v60], preserve_unit_iters=True, disable_predication=False)
sch.reorder(l15, l23, l31, l39, l47, l16, l24, l32, l40, l48, l53, l57, l61, l17, l25, l33, l41, l49, l54, l58, l62, l18, l26, l34, l42, l50)
b63, = sch.get_consumers(block=b0)
sch.reverse_compute_at(block=b63, loop=l47, preserve_unit_loops=True, index=-1)
sch.annotate(block_or_loop=b2, ann_key="meta_schedule.parallel", ann_val=96)
sch.annotate(block_or_loop=b2, ann_key="meta_schedule.vectorize", ann_val=64)
v64 = sch.sample_categorical(candidates=[0, 16, 64, 512], probs=[0.25, 0.25, 0.25, 0.25], decision=3)
sch.annotate(block_or_loop=b2, ann_key="meta_schedule.unroll_explicit", ann_val=v64)
2024-05-20 14:09:02 [INFO] [evolutionary_search.cc:713] Generating candidates......
2024-05-20 14:09:02 [INFO] [evolutionary_search.cc:715] Picked top 0 candidate(s) from database
2024-05-20 14:09:03 [INFO] [evolutionary_search.cc:533] Sample-Init-Population summary:
Postproc #0 [meta_schedule.DisallowDynamicLoop(0x4b7525b8)]: 0 failure(s)
Postproc #1 [meta_schedule.RewriteParallelVectorizeUnroll(0x524ea9b8)]: 0 failure(s)
Postproc #2 [meta_schedule.RewriteReductionBlock(0x53078ee8)]: 0 failure(s)
Postproc #3 [meta_schedule.RewriteLayout(0x4926c718)]: 0 failure(s)
2024-05-20 14:09:03 [INFO] [evolutionary_search.cc:723] Sampled 512 candidate(s)
2024-05-20 14:09:03 [INFO] [evolutionary_search.cc:621] Evolve iter #0 done. Summary:
Postproc #0 [meta_schedule.DisallowDynamicLoop(0x4b7525b8)]: 0 failure(s)
Postproc #1 [meta_schedule.RewriteParallelVectorizeUnroll(0x524ea9b8)]: 0 failure(s)
Postproc #2 [meta_schedule.RewriteReductionBlock(0x53078ee8)]: 0 failure(s)
Postproc #3 [meta_schedule.RewriteLayout(0x4926c718)]: 0 failure(s)
2024-05-20 14:09:04 [INFO] [evolutionary_search.cc:621] Evolve iter #1 done. Summary:
Postproc #0 [meta_schedule.DisallowDynamicLoop(0x4b7525b8)]: 0 failure(s)
Postproc #1 [meta_schedule.RewriteParallelVectorizeUnroll(0x524ea9b8)]: 0 failure(s)
Postproc #2 [meta_schedule.RewriteReductionBlock(0x53078ee8)]: 0 failure(s)
Postproc #3 [meta_schedule.RewriteLayout(0x4926c718)]: 0 failure(s)
2024-05-20 14:09:06 [INFO] [evolutionary_search.cc:621] Evolve iter #2 done. Summary:
Postproc #0 [meta_schedule.DisallowDynamicLoop(0x4b7525b8)]: 0 failure(s)
Postproc #1 [meta_schedule.RewriteParallelVectorizeUnroll(0x524ea9b8)]: 0 failure(s)
Postproc #2 [meta_schedule.RewriteReductionBlock(0x53078ee8)]: 0 failure(s)
Postproc #3 [meta_schedule.RewriteLayout(0x4926c718)]: 0 failure(s)
2024-05-20 14:09:07 [INFO] [evolutionary_search.cc:621] Evolve iter #3 done. Summary:
Postproc #0 [meta_schedule.DisallowDynamicLoop(0x4b7525b8)]: 0 failure(s)
Postproc #1 [meta_schedule.RewriteParallelVectorizeUnroll(0x524ea9b8)]: 0 failure(s)
Postproc #2 [meta_schedule.RewriteReductionBlock(0x53078ee8)]: 0 failure(s)
Postproc #3 [meta_schedule.RewriteLayout(0x4926c718)]: 0 failure(s)
2024-05-20 14:09:07 [INFO] [evolutionary_search.cc:649] Scores of the best 64 candidates:
[1 : 16]:	0.9997  0.9991  0.9980  0.9979  0.9971  0.9971  0.9971  0.9968  0.9966  0.9961  0.9959  0.9955  0.9954  0.9949  0.9948  0.9947
[17 : 32]:	0.9944  0.9939  0.9939  0.9931  0.9929  0.9911  0.9910  0.9908  0.9902  0.9898  0.9897  0.9894  0.9892  0.9883  0.9877  0.9874
[33 : 48]:	0.9871  0.9870  0.9866  0.9864  0.9863  0.9857  0.9857  0.9853  0.9850  0.9849  0.9814  0.9812  0.9806  0.9801  0.9799  0.9794
[49 : 64]:	0.9791  0.9788  0.9787  0.9777  0.9766  0.9765  0.9756  0.9753  0.9750  0.9750  0.9734  0.9727  0.9720  0.9716  0.9708  0.9707
2024-05-20 14:09:07 [INFO] [evolutionary_search.cc:727] Got 64 candidate(s) with evolutionary search
2024-05-20 14:09:07 [INFO] [evolutionary_search.cc:730] Sending 64 candidates(s) for measurement
2024-05-20 15:31:15 [INFO] [task_scheduler.cc:131] [Task #28: fused_nn_contrib_conv2d_NCHWc_add_nn_relu_27] Trial #1: GFLOPs: 8.6888. Time: 75.5433 us. Best GFLOPs: 8.6888
2024-05-20 15:31:15 [INFO] [task_scheduler.cc:131] [Task #28: fused_nn_contrib_conv2d_NCHWc_add_nn_relu_27] Trial #2: GFLOPs: 21.4830. Time: 30.5536 us. Best GFLOPs: 21.4830
2024-05-20 15:31:15 [INFO] [task_scheduler.cc:131] [Task #28: fused_nn_contrib_conv2d_NCHWc_add_nn_relu_27] Trial #3: GFLOPs: 40.0691. Time: 16.3813 us. Best GFLOPs: 40.0691
2024-05-20 15:31:15 [INFO] [task_scheduler.cc:131] [Task #28: fused_nn_contrib_conv2d_NCHWc_add_nn_relu_27] Trial #4: GFLOPs: 18.8771. Time: 34.7714 us. Best GFLOPs: 40.0691
2024-05-20 15:31:15 [INFO] [task_scheduler.cc:131] [Task #28: fused_nn_contrib_conv2d_NCHWc_add_nn_relu_27] Trial #5: GFLOPs: 10.9300. Time: 60.0537 us. Best GFLOPs: 40.0691
2024-05-20 15:31:15 [INFO] [task_scheduler.cc:131] [Task #28: fused_nn_contrib_conv2d_NCHWc_add_nn_relu_27] Trial #6: GFLOPs: 17.1512. Time: 38.2705 us. Best GFLOPs: 40.0691
2024-05-20 15:31:15 [INFO] [task_scheduler.cc:131] [Task #28: fused_nn_contrib_conv2d_NCHWc_add_nn_relu_27] Trial #7: GFLOPs: 12.8351. Time: 51.1396 us. Best GFLOPs: 40.0691
2024-05-20 15:31:15 [INFO] [task_scheduler.cc:131] [Task #28: fused_nn_contrib_conv2d_NCHWc_add_nn_relu_27] Trial #8: GFLOPs: 27.4597. Time: 23.9035 us. Best GFLOPs: 40.0691
2024-05-20 15:31:15 [INFO] [task_scheduler.cc:131] [Task #28: fused_nn_contrib_conv2d_NCHWc_add_nn_relu_27] Trial #9: GFLOPs: 13.2118. Time: 49.6815 us. Best GFLOPs: 40.0691
2024-05-20 15:31:15 [INFO] [task_scheduler.cc:131] [Task #28: fused_nn_contrib_conv2d_NCHWc_add_nn_relu_27] Trial #10: GFLOPs: 49.9779. Time: 13.1335 us. Best GFLOPs: 49.9779
2024-05-20 15:31:15 [INFO] [task_scheduler.cc:131] [Task #28: fused_nn_contrib_conv2d_NCHWc_add_nn_relu_27] Trial #11: GFLOPs: 5.5209. Time: 118.8911 us. Best GFLOPs: 49.9779
2024-05-20 15:31:15 [INFO] [task_scheduler.cc:131] [Task #28: fused_nn_contrib_conv2d_NCHWc_add_nn_relu_27] Trial #12: GFLOPs: 26.3017. Time: 24.9560 us. Best GFLOPs: 49.9779
2024-05-20 15:31:15 [INFO] [task_scheduler.cc:131] [Task #28: fused_nn_contrib_conv2d_NCHWc_add_nn_relu_27] Trial #13: GFLOPs: 14.6539. Time: 44.7923 us. Best GFLOPs: 49.9779
2024-05-20 15:31:15 [INFO] [task_scheduler.cc:131] [Task #28: fused_nn_contrib_conv2d_NCHWc_add_nn_relu_27] Trial #14: GFLOPs: 2.5365. Time: 258.7796 us. Best GFLOPs: 49.9779
2024-05-20 15:31:15 [INFO] [task_scheduler.cc:131] [Task #28: fused_nn_contrib_conv2d_NCHWc_add_nn_relu_27] Trial #15: GFLOPs: 7.3859. Time: 88.8699 us. Best GFLOPs: 49.9779
2024-05-20 15:31:15 [INFO] [task_scheduler.cc:131] [Task #28: fused_nn_contrib_conv2d_NCHWc_add_nn_relu_27] Trial #16: GFLOPs: 29.3880. Time: 22.3351 us. Best GFLOPs: 49.9779
2024-05-20 15:31:15 [INFO] [task_scheduler.cc:131] [Task #28: fused_nn_contrib_conv2d_NCHWc_add_nn_relu_27] Trial #17: GFLOPs: 23.4182. Time: 28.0288 us. Best GFLOPs: 49.9779
2024-05-20 15:31:15 [INFO] [task_scheduler.cc:131] [Task #28: fused_nn_contrib_conv2d_NCHWc_add_nn_relu_27] Trial #18: GFLOPs: 12.2556. Time: 53.5577 us. Best GFLOPs: 49.9779
2024-05-20 15:31:15 [INFO] [task_scheduler.cc:131] [Task #28: fused_nn_contrib_conv2d_NCHWc_add_nn_relu_27] Trial #19: GFLOPs: 15.0804. Time: 43.5256 us. Best GFLOPs: 49.9779
2024-05-20 15:31:15 [INFO] [task_scheduler.cc:131] [Task #28: fused_nn_contrib_conv2d_NCHWc_add_nn_relu_27] Trial #20: GFLOPs: 10.8654. Time: 60.4107 us. Best GFLOPs: 49.9779
2024-05-20 15:31:15 [INFO] [task_scheduler.cc:131] [Task #28: fused_nn_contrib_conv2d_NCHWc_add_nn_relu_27] Trial #21: GFLOPs: 13.5885. Time: 48.3044 us. Best GFLOPs: 49.9779
2024-05-20 15:31:15 [INFO] [task_scheduler.cc:131] [Task #28: fused_nn_contrib_conv2d_NCHWc_add_nn_relu_27] Trial #22: GFLOPs: 9.4089. Time: 69.7620 us. Best GFLOPs: 49.9779
2024-05-20 15:31:15 [INFO] [task_scheduler.cc:131] [Task #28: fused_nn_contrib_conv2d_NCHWc_add_nn_relu_27] Trial #23: GFLOPs: 29.8664. Time: 21.9773 us. Best GFLOPs: 49.9779
2024-05-20 15:31:15 [INFO] [task_scheduler.cc:131] [Task #28: fused_nn_contrib_conv2d_NCHWc_add_nn_relu_27] Trial #24: GFLOPs: 31.5085. Time: 20.8320 us. Best GFLOPs: 49.9779
2024-05-20 15:31:15 [INFO] [task_scheduler.cc:131] [Task #28: fused_nn_contrib_conv2d_NCHWc_add_nn_relu_27] Trial #25: GFLOPs: 24.9332. Time: 26.3257 us. Best GFLOPs: 49.9779
2024-05-20 15:31:15 [INFO] [task_scheduler.cc:131] [Task #28: fused_nn_contrib_conv2d_NCHWc_add_nn_relu_27] Trial #26: GFLOPs: 7.0414. Time: 93.2181 us. Best GFLOPs: 49.9779
2024-05-20 15:31:15 [INFO] [task_scheduler.cc:131] [Task #28: fused_nn_contrib_conv2d_NCHWc_add_nn_relu_27] Trial #27: GFLOPs: 27.8451. Time: 23.5727 us. Best GFLOPs: 49.9779
2024-05-20 15:31:15 [INFO] [task_scheduler.cc:131] [Task #28: fused_nn_contrib_conv2d_NCHWc_add_nn_relu_27] Trial #28: GFLOPs: 10.1492. Time: 64.6735 us. Best GFLOPs: 49.9779
2024-05-20 15:31:15 [INFO] [task_scheduler.cc:131] [Task #28: fused_nn_contrib_conv2d_NCHWc_add_nn_relu_27] Trial #29: GFLOPs: 33.1753. Time: 19.7853 us. Best GFLOPs: 49.9779
2024-05-20 15:31:15 [INFO] [task_scheduler.cc:131] [Task #28: fused_nn_contrib_conv2d_NCHWc_add_nn_relu_27] Trial #30: GFLOPs: 32.6753. Time: 20.0881 us. Best GFLOPs: 49.9779
2024-05-20 15:31:15 [INFO] [task_scheduler.cc:131] [Task #28: fused_nn_contrib_conv2d_NCHWc_add_nn_relu_27] Trial #31: GFLOPs: 12.2765. Time: 53.4669 us. Best GFLOPs: 49.9779
2024-05-20 15:31:15 [INFO] [task_scheduler.cc:131] [Task #28: fused_nn_contrib_conv2d_NCHWc_add_nn_relu_27] Trial #32: GFLOPs: 5.9093. Time: 111.0770 us. Best GFLOPs: 49.9779
2024-05-20 15:31:15 [INFO] [task_scheduler.cc:131] [Task #28: fused_nn_contrib_conv2d_NCHWc_add_nn_relu_27] Trial #33: GFLOPs: 5.2887. Time: 124.1100 us. Best GFLOPs: 49.9779
2024-05-20 15:31:15 [INFO] [task_scheduler.cc:131] [Task #28: fused_nn_contrib_conv2d_NCHWc_add_nn_relu_27] Trial #34: GFLOPs: 8.1221. Time: 80.8144 us. Best GFLOPs: 49.9779
2024-05-20 15:31:15 [INFO] [task_scheduler.cc:131] [Task #28: fused_nn_contrib_conv2d_NCHWc_add_nn_relu_27] Trial #35: GFLOPs: 13.3354. Time: 49.2211 us. Best GFLOPs: 49.9779
2024-05-20 15:31:15 [INFO] [task_scheduler.cc:131] [Task #28: fused_nn_contrib_conv2d_NCHWc_add_nn_relu_27] Trial #36: GFLOPs: 10.5663. Time: 62.1202 us. Best GFLOPs: 49.9779
2024-05-20 15:31:15 [INFO] [task_scheduler.cc:131] [Task #28: fused_nn_contrib_conv2d_NCHWc_add_nn_relu_27] Trial #37: GFLOPs: 6.6036. Time: 99.3982 us. Best GFLOPs: 49.9779
2024-05-20 15:31:15 [INFO] [task_scheduler.cc:131] [Task #28: fused_nn_contrib_conv2d_NCHWc_add_nn_relu_27] Trial #38: GFLOPs: 15.5985. Time: 42.0800 us. Best GFLOPs: 49.9779
2024-05-20 15:31:15 [INFO] [task_scheduler.cc:131] [Task #28: fused_nn_contrib_conv2d_NCHWc_add_nn_relu_27] Trial #39: GFLOPs: 20.5916. Time: 31.8763 us. Best GFLOPs: 49.9779
2024-05-20 15:31:15 [INFO] [task_scheduler.cc:131] [Task #28: fused_nn_contrib_conv2d_NCHWc_add_nn_relu_27] Trial #40: GFLOPs: 21.1673. Time: 31.0093 us. Best GFLOPs: 49.9779
2024-05-20 15:31:15 [INFO] [task_scheduler.cc:131] [Task #28: fused_nn_contrib_conv2d_NCHWc_add_nn_relu_27] Trial #41: GFLOPs: 85.9611. Time: 7.6358 us. Best GFLOPs: 85.9611
2024-05-20 15:31:15 [INFO] [task_scheduler.cc:131] [Task #28: fused_nn_contrib_conv2d_NCHWc_add_nn_relu_27] Trial #42: GFLOPs: 26.2506. Time: 25.0045 us. Best GFLOPs: 85.9611
2024-05-20 15:31:15 [INFO] [task_scheduler.cc:131] [Task #28: fused_nn_contrib_conv2d_NCHWc_add_nn_relu_27] Trial #43: GFLOPs: 38.1329. Time: 17.2130 us. Best GFLOPs: 85.9611
2024-05-20 15:31:15 [INFO] [task_scheduler.cc:131] [Task #28: fused_nn_contrib_conv2d_NCHWc_add_nn_relu_27] Trial #44: GFLOPs: 9.5898. Time: 68.4460 us. Best GFLOPs: 85.9611
2024-05-20 15:31:15 [INFO] [task_scheduler.cc:131] [Task #28: fused_nn_contrib_conv2d_NCHWc_add_nn_relu_27] Trial #45: GFLOPs: 13.8054. Time: 47.5454 us. Best GFLOPs: 85.9611
2024-05-20 15:31:15 [INFO] [task_scheduler.cc:131] [Task #28: fused_nn_contrib_conv2d_NCHWc_add_nn_relu_27] Trial #46: GFLOPs: 46.8143. Time: 14.0210 us. Best GFLOPs: 85.9611
2024-05-20 15:31:15 [INFO] [task_scheduler.cc:131] [Task #28: fused_nn_contrib_conv2d_NCHWc_add_nn_relu_27] Trial #47: GFLOPs: 13.5930. Time: 48.2885 us. Best GFLOPs: 85.9611
2024-05-20 15:31:15 [INFO] [task_scheduler.cc:131] [Task #28: fused_nn_contrib_conv2d_NCHWc_add_nn_relu_27] Trial #48: GFLOPs: 4.2644. Time: 153.9221 us. Best GFLOPs: 85.9611
2024-05-20 15:31:15 [INFO] [task_scheduler.cc:131] [Task #28: fused_nn_contrib_conv2d_NCHWc_add_nn_relu_27] Trial #49: GFLOPs: 14.8277. Time: 44.2674 us. Best GFLOPs: 85.9611
2024-05-20 15:31:15 [INFO] [task_scheduler.cc:131] [Task #28: fused_nn_contrib_conv2d_NCHWc_add_nn_relu_27] Trial #50: GFLOPs: 8.5764. Time: 76.5333 us. Best GFLOPs: 85.9611
2024-05-20 15:31:15 [INFO] [task_scheduler.cc:131] [Task #28: fused_nn_contrib_conv2d_NCHWc_add_nn_relu_27] Trial #51: GFLOPs: 21.4128. Time: 30.6538 us. Best GFLOPs: 85.9611
2024-05-20 15:31:15 [INFO] [task_scheduler.cc:131] [Task #28: fused_nn_contrib_conv2d_NCHWc_add_nn_relu_27] Trial #52: GFLOPs: 14.9928. Time: 43.7800 us. Best GFLOPs: 85.9611
2024-05-20 15:31:15 [INFO] [task_scheduler.cc:131] [Task #28: fused_nn_contrib_conv2d_NCHWc_add_nn_relu_27] Trial #53: GFLOPs: 12.1717. Time: 53.9269 us. Best GFLOPs: 85.9611
2024-05-20 15:31:15 [INFO] [task_scheduler.cc:131] [Task #28: fused_nn_contrib_conv2d_NCHWc_add_nn_relu_27] Trial #54: GFLOPs: 50.4428. Time: 13.0124 us. Best GFLOPs: 85.9611
2024-05-20 15:31:15 [INFO] [task_scheduler.cc:131] [Task #28: fused_nn_contrib_conv2d_NCHWc_add_nn_relu_27] Trial #55: GFLOPs: 11.6472. Time: 56.3553 us. Best GFLOPs: 85.9611
2024-05-20 15:31:15 [INFO] [task_scheduler.cc:131] [Task #28: fused_nn_contrib_conv2d_NCHWc_add_nn_relu_27] Trial #56: GFLOPs: 8.1472. Time: 80.5660 us. Best GFLOPs: 85.9611
2024-05-20 15:31:15 [INFO] [task_scheduler.cc:131] [Task #28: fused_nn_contrib_conv2d_NCHWc_add_nn_relu_27] Trial #57: GFLOPs: 10.2346. Time: 64.1339 us. Best GFLOPs: 85.9611
2024-05-20 15:31:15 [INFO] [task_scheduler.cc:131] [Task #28: fused_nn_contrib_conv2d_NCHWc_add_nn_relu_27] Trial #58: GFLOPs: 18.5795. Time: 35.3285 us. Best GFLOPs: 85.9611
2024-05-20 15:31:15 [INFO] [task_scheduler.cc:131] [Task #28: fused_nn_contrib_conv2d_NCHWc_add_nn_relu_27] Trial #59: GFLOPs: 9.8702. Time: 66.5017 us. Best GFLOPs: 85.9611
2024-05-20 15:31:15 [INFO] [task_scheduler.cc:131] [Task #28: fused_nn_contrib_conv2d_NCHWc_add_nn_relu_27] Trial #60: GFLOPs: 10.7230. Time: 61.2129 us. Best GFLOPs: 85.9611
2024-05-20 15:31:15 [INFO] [task_scheduler.cc:131] [Task #28: fused_nn_contrib_conv2d_NCHWc_add_nn_relu_27] Trial #61: GFLOPs: 13.0304. Time: 50.3735 us. Best GFLOPs: 85.9611
2024-05-20 15:31:15 [INFO] [task_scheduler.cc:131] [Task #28: fused_nn_contrib_conv2d_NCHWc_add_nn_relu_27] Trial #62: GFLOPs: 14.4492. Time: 45.4269 us. Best GFLOPs: 85.9611
2024-05-20 15:31:15 [INFO] [task_scheduler.cc:131] [Task #28: fused_nn_contrib_conv2d_NCHWc_add_nn_relu_27] Trial #63: GFLOPs: 24.0691. Time: 27.2708 us. Best GFLOPs: 85.9611
2024-05-20 15:31:15 [INFO] [task_scheduler.cc:131] [Task #28: fused_nn_contrib_conv2d_NCHWc_add_nn_relu_27] Trial #64: GFLOPs: 19.7637. Time: 33.2115 us. Best GFLOPs: 85.9611
2024-05-20 17:08:19 [INFO] [evolutionary_search.cc:713] Generating candidates......
2024-05-20 17:08:19 [INFO] [evolutionary_search.cc:715] Picked top 64 candidate(s) from database
2024-05-20 17:08:20 [INFO] [evolutionary_search.cc:533] Sample-Init-Population summary:
Postproc #0 [meta_schedule.DisallowDynamicLoop(0x4b7525b8)]: 0 failure(s)
Postproc #1 [meta_schedule.RewriteParallelVectorizeUnroll(0x524ea9b8)]: 0 failure(s)
Postproc #2 [meta_schedule.RewriteReductionBlock(0x53078ee8)]: 0 failure(s)
Postproc #3 [meta_schedule.RewriteLayout(0x4926c718)]: 0 failure(s)
2024-05-20 17:08:20 [INFO] [evolutionary_search.cc:723] Sampled 448 candidate(s)
2024-05-20 17:08:23 [INFO] [evolutionary_search.cc:621] Evolve iter #0 done. Summary:
Postproc #0 [meta_schedule.DisallowDynamicLoop(0x4b7525b8)]: 0 failure(s)
Postproc #1 [meta_schedule.RewriteParallelVectorizeUnroll(0x524ea9b8)]: 0 failure(s)
Postproc #2 [meta_schedule.RewriteReductionBlock(0x53078ee8)]: 0 failure(s)
Postproc #3 [meta_schedule.RewriteLayout(0x4926c718)]: 0 failure(s)
2024-05-20 17:08:25 [INFO] [evolutionary_search.cc:621] Evolve iter #1 done. Summary:
Postproc #0 [meta_schedule.DisallowDynamicLoop(0x4b7525b8)]: 0 failure(s)
Postproc #1 [meta_schedule.RewriteParallelVectorizeUnroll(0x524ea9b8)]: 0 failure(s)
Postproc #2 [meta_schedule.RewriteReductionBlock(0x53078ee8)]: 0 failure(s)
Postproc #3 [meta_schedule.RewriteLayout(0x4926c718)]: 0 failure(s)
2024-05-20 17:08:27 [INFO] [evolutionary_search.cc:621] Evolve iter #2 done. Summary:
Postproc #0 [meta_schedule.DisallowDynamicLoop(0x4b7525b8)]: 0 failure(s)
Postproc #1 [meta_schedule.RewriteParallelVectorizeUnroll(0x524ea9b8)]: 0 failure(s)
Postproc #2 [meta_schedule.RewriteReductionBlock(0x53078ee8)]: 0 failure(s)
Postproc #3 [meta_schedule.RewriteLayout(0x4926c718)]: 0 failure(s)
2024-05-20 17:08:29 [INFO] [evolutionary_search.cc:621] Evolve iter #3 done. Summary:
Postproc #0 [meta_schedule.DisallowDynamicLoop(0x4b7525b8)]: 0 failure(s)
Postproc #1 [meta_schedule.RewriteParallelVectorizeUnroll(0x524ea9b8)]: 0 failure(s)
Postproc #2 [meta_schedule.RewriteReductionBlock(0x53078ee8)]: 0 failure(s)
Postproc #3 [meta_schedule.RewriteLayout(0x4926c718)]: 0 failure(s)
2024-05-20 17:08:30 [INFO] [evolutionary_search.cc:649] Scores of the best 64 candidates:
[1 : 16]:	0.9371  0.8939  0.8471  0.8443  0.8443  0.8401  0.8353  0.8352  0.8325  0.8321  0.8306  0.8239  0.8237  0.8202  0.8177  0.8165
[17 : 32]:	0.8155  0.8130  0.8129  0.8129  0.8129  0.8062  0.8050  0.8044  0.8038  0.8036  0.8033  0.8014  0.8012  0.7987  0.7984  0.7982
[33 : 48]:	0.7971  0.7954  0.7945  0.7941  0.7936  0.7873  0.7873  0.7864  0.7853  0.7841  0.7838  0.7833  0.7830  0.7812  0.7802  0.7794
[49 : 64]:	0.7787  0.7786  0.7776  0.7740  0.7715  0.7701  0.7691  0.7684  0.7680  0.7661  0.7643  0.7635  0.7626  0.7625  0.7619  0.7607
2024-05-20 17:08:30 [INFO] [evolutionary_search.cc:727] Got 64 candidate(s) with evolutionary search
2024-05-20 17:08:30 [INFO] [evolutionary_search.cc:730] Sending 64 candidates(s) for measurement
2024-05-20 17:10:16 [INFO] [task_scheduler.cc:131] [Task #28: fused_nn_contrib_conv2d_NCHWc_add_nn_relu_27] Trial #65: GFLOPs: 51.9018. Time: 12.6467 us. Best GFLOPs: 85.9611
2024-05-20 17:10:16 [INFO] [task_scheduler.cc:131] [Task #28: fused_nn_contrib_conv2d_NCHWc_add_nn_relu_27] Trial #66: GFLOPs: 83.5671. Time: 7.8546 us. Best GFLOPs: 85.9611
2024-05-20 17:10:16 [INFO] [task_scheduler.cc:131] [Task #28: fused_nn_contrib_conv2d_NCHWc_add_nn_relu_27] Trial #67: GFLOPs: 54.3158. Time: 12.0846 us. Best GFLOPs: 85.9611
2024-05-20 17:10:16 [INFO] [task_scheduler.cc:131] [Task #28: fused_nn_contrib_conv2d_NCHWc_add_nn_relu_27] Trial #68: GFLOPs: 79.6762. Time: 8.2381 us. Best GFLOPs: 85.9611
2024-05-20 17:10:16 [INFO] [task_scheduler.cc:131] [Task #28: fused_nn_contrib_conv2d_NCHWc_add_nn_relu_27] Trial #69: GFLOPs: 79.1096. Time: 8.2971 us. Best GFLOPs: 85.9611
2024-05-20 17:10:16 [INFO] [task_scheduler.cc:131] [Task #28: fused_nn_contrib_conv2d_NCHWc_add_nn_relu_27] Trial #70: GFLOPs: 76.6220. Time: 8.5665 us. Best GFLOPs: 85.9611
2024-05-20 17:10:16 [INFO] [task_scheduler.cc:131] [Task #28: fused_nn_contrib_conv2d_NCHWc_add_nn_relu_27] Trial #71: GFLOPs: 83.0975. Time: 7.8990 us. Best GFLOPs: 85.9611
2024-05-20 17:10:16 [INFO] [task_scheduler.cc:131] [Task #28: fused_nn_contrib_conv2d_NCHWc_add_nn_relu_27] Trial #72: GFLOPs: 78.4274. Time: 8.3693 us. Best GFLOPs: 85.9611
2024-05-20 17:10:16 [INFO] [task_scheduler.cc:131] [Task #28: fused_nn_contrib_conv2d_NCHWc_add_nn_relu_27] Trial #73: GFLOPs: 85.5850. Time: 7.6694 us. Best GFLOPs: 85.9611
2024-05-20 17:10:16 [INFO] [task_scheduler.cc:131] [Task #28: fused_nn_contrib_conv2d_NCHWc_add_nn_relu_27] Trial #74: GFLOPs: 74.3686. Time: 8.8261 us. Best GFLOPs: 85.9611
2024-05-20 17:10:16 [INFO] [task_scheduler.cc:131] [Task #28: fused_nn_contrib_conv2d_NCHWc_add_nn_relu_27] Trial #75: GFLOPs: 83.2220. Time: 7.8871 us. Best GFLOPs: 85.9611
2024-05-20 17:10:16 [INFO] [task_scheduler.cc:131] [Task #28: fused_nn_contrib_conv2d_NCHWc_add_nn_relu_27] Trial #76: GFLOPs: 88.5013. Time: 7.4167 us. Best GFLOPs: 88.5013
2024-05-20 17:10:16 [INFO] [task_scheduler.cc:131] [Task #28: fused_nn_contrib_conv2d_NCHWc_add_nn_relu_27] Trial #77: GFLOPs: 47.7923. Time: 13.7341 us. Best GFLOPs: 88.5013
2024-05-20 17:10:16 [INFO] [task_scheduler.cc:131] [Task #28: fused_nn_contrib_conv2d_NCHWc_add_nn_relu_27] Trial #78: GFLOPs: 62.4972. Time: 10.5026 us. Best GFLOPs: 88.5013
2024-05-20 17:10:16 [INFO] [task_scheduler.cc:131] [Task #28: fused_nn_contrib_conv2d_NCHWc_add_nn_relu_27] Trial #79: GFLOPs: 84.1700. Time: 7.7983 us. Best GFLOPs: 88.5013
2024-05-20 17:10:16 [INFO] [task_scheduler.cc:131] [Task #28: fused_nn_contrib_conv2d_NCHWc_add_nn_relu_27] Trial #80: GFLOPs: 77.4342. Time: 8.4767 us. Best GFLOPs: 88.5013
2024-05-20 17:10:16 [INFO] [task_scheduler.cc:131] [Task #28: fused_nn_contrib_conv2d_NCHWc_add_nn_relu_27] Trial #81: GFLOPs: 65.7928. Time: 9.9765 us. Best GFLOPs: 88.5013
2024-05-20 17:10:16 [INFO] [task_scheduler.cc:131] [Task #28: fused_nn_contrib_conv2d_NCHWc_add_nn_relu_27] Trial #82: GFLOPs: 77.0336. Time: 8.5208 us. Best GFLOPs: 88.5013
2024-05-20 17:10:16 [INFO] [task_scheduler.cc:131] [Task #28: fused_nn_contrib_conv2d_NCHWc_add_nn_relu_27] Trial #83: GFLOPs: 67.4812. Time: 9.7269 us. Best GFLOPs: 88.5013
2024-05-20 17:10:16 [INFO] [task_scheduler.cc:131] [Task #28: fused_nn_contrib_conv2d_NCHWc_add_nn_relu_27] Trial #84: GFLOPs: 77.6471. Time: 8.4534 us. Best GFLOPs: 88.5013
2024-05-20 17:10:16 [INFO] [task_scheduler.cc:131] [Task #28: fused_nn_contrib_conv2d_NCHWc_add_nn_relu_27] Trial #85: GFLOPs: 74.1151. Time: 8.8563 us. Best GFLOPs: 88.5013
2024-05-20 17:10:16 [INFO] [task_scheduler.cc:131] [Task #28: fused_nn_contrib_conv2d_NCHWc_add_nn_relu_27] Trial #86: GFLOPs: 49.9745. Time: 13.1344 us. Best GFLOPs: 88.5013
2024-05-20 17:10:16 [INFO] [task_scheduler.cc:131] [Task #28: fused_nn_contrib_conv2d_NCHWc_add_nn_relu_27] Trial #87: GFLOPs: 74.4916. Time: 8.8115 us. Best GFLOPs: 88.5013
2024-05-20 17:10:16 [INFO] [task_scheduler.cc:131] [Task #28: fused_nn_contrib_conv2d_NCHWc_add_nn_relu_27] Trial #88: GFLOPs: 61.0536. Time: 10.7509 us. Best GFLOPs: 88.5013
2024-05-20 17:10:16 [INFO] [task_scheduler.cc:131] [Task #28: fused_nn_contrib_conv2d_NCHWc_add_nn_relu_27] Trial #89: GFLOPs: 67.3309. Time: 9.7486 us. Best GFLOPs: 88.5013
2024-05-20 17:10:16 [INFO] [task_scheduler.cc:131] [Task #28: fused_nn_contrib_conv2d_NCHWc_add_nn_relu_27] Trial #90: GFLOPs: 56.3525. Time: 11.6478 us. Best GFLOPs: 88.5013
2024-05-20 17:10:16 [INFO] [task_scheduler.cc:131] [Task #28: fused_nn_contrib_conv2d_NCHWc_add_nn_relu_27] Trial #91: GFLOPs: 33.6904. Time: 19.4828 us. Best GFLOPs: 88.5013
2024-05-20 17:10:16 [INFO] [task_scheduler.cc:131] [Task #28: fused_nn_contrib_conv2d_NCHWc_add_nn_relu_27] Trial #92: GFLOPs: 43.3788. Time: 15.1315 us. Best GFLOPs: 88.5013
2024-05-20 17:10:16 [INFO] [task_scheduler.cc:131] [Task #28: fused_nn_contrib_conv2d_NCHWc_add_nn_relu_27] Trial #93: GFLOPs: 73.9621. Time: 8.8746 us. Best GFLOPs: 88.5013
2024-05-20 17:10:16 [INFO] [task_scheduler.cc:131] [Task #28: fused_nn_contrib_conv2d_NCHWc_add_nn_relu_27] Trial #94: GFLOPs: 65.3441. Time: 10.0450 us. Best GFLOPs: 88.5013
2024-05-20 17:10:16 [INFO] [task_scheduler.cc:131] [Task #28: fused_nn_contrib_conv2d_NCHWc_add_nn_relu_27] Trial #95: GFLOPs: 54.3600. Time: 12.0748 us. Best GFLOPs: 88.5013
2024-05-20 17:10:16 [INFO] [task_scheduler.cc:131] [Task #28: fused_nn_contrib_conv2d_NCHWc_add_nn_relu_27] Trial #96: GFLOPs: 82.8430. Time: 7.9232 us. Best GFLOPs: 88.5013
2024-05-20 17:10:16 [INFO] [task_scheduler.cc:131] [Task #28: fused_nn_contrib_conv2d_NCHWc_add_nn_relu_27] Trial #97: GFLOPs: 73.0632. Time: 8.9838 us. Best GFLOPs: 88.5013
2024-05-20 17:10:16 [INFO] [task_scheduler.cc:131] [Task #28: fused_nn_contrib_conv2d_NCHWc_add_nn_relu_27] Trial #98: GFLOPs: 9.6298. Time: 68.1618 us. Best GFLOPs: 88.5013
2024-05-20 17:10:16 [INFO] [task_scheduler.cc:131] [Task #28: fused_nn_contrib_conv2d_NCHWc_add_nn_relu_27] Trial #99: GFLOPs: 59.3641. Time: 11.0569 us. Best GFLOPs: 88.5013
2024-05-20 17:10:16 [INFO] [task_scheduler.cc:131] [Task #28: fused_nn_contrib_conv2d_NCHWc_add_nn_relu_27] Trial #100: GFLOPs: 62.2742. Time: 10.5402 us. Best GFLOPs: 88.5013
2024-05-20 17:10:16 [INFO] [task_scheduler.cc:131] [Task #28: fused_nn_contrib_conv2d_NCHWc_add_nn_relu_27] Trial #101: GFLOPs: 71.5126. Time: 9.1786 us. Best GFLOPs: 88.5013
2024-05-20 17:10:16 [INFO] [task_scheduler.cc:131] [Task #28: fused_nn_contrib_conv2d_NCHWc_add_nn_relu_27] Trial #102: GFLOPs: 69.1426. Time: 9.4932 us. Best GFLOPs: 88.5013
2024-05-20 17:10:16 [INFO] [task_scheduler.cc:131] [Task #28: fused_nn_contrib_conv2d_NCHWc_add_nn_relu_27] Trial #103: GFLOPs: 58.0411. Time: 11.3090 us. Best GFLOPs: 88.5013
2024-05-20 17:10:16 [INFO] [task_scheduler.cc:131] [Task #28: fused_nn_contrib_conv2d_NCHWc_add_nn_relu_27] Trial #104: GFLOPs: 89.3006. Time: 7.3503 us. Best GFLOPs: 89.3006
2024-05-20 17:10:16 [INFO] [task_scheduler.cc:131] [Task #28: fused_nn_contrib_conv2d_NCHWc_add_nn_relu_27] Trial #105: GFLOPs: 92.0707. Time: 7.1291 us. Best GFLOPs: 92.0707
2024-05-20 17:10:16 [INFO] [task_scheduler.cc:131] [Task #28: fused_nn_contrib_conv2d_NCHWc_add_nn_relu_27] Trial #106: GFLOPs: 50.3080. Time: 13.0473 us. Best GFLOPs: 92.0707
2024-05-20 17:10:16 [INFO] [task_scheduler.cc:131] [Task #28: fused_nn_contrib_conv2d_NCHWc_add_nn_relu_27] Trial #107: GFLOPs: 56.0402. Time: 11.7127 us. Best GFLOPs: 92.0707
2024-05-20 17:10:16 [INFO] [task_scheduler.cc:131] [Task #28: fused_nn_contrib_conv2d_NCHWc_add_nn_relu_27] Trial #108: GFLOPs: 39.3319. Time: 16.6883 us. Best GFLOPs: 92.0707
2024-05-20 17:10:16 [INFO] [task_scheduler.cc:131] [Task #28: fused_nn_contrib_conv2d_NCHWc_add_nn_relu_27] Trial #109: GFLOPs: 46.7616. Time: 14.0368 us. Best GFLOPs: 92.0707
2024-05-20 17:10:16 [INFO] [task_scheduler.cc:131] [Task #28: fused_nn_contrib_conv2d_NCHWc_add_nn_relu_27] Trial #110: GFLOPs: 52.4826. Time: 12.5067 us. Best GFLOPs: 92.0707
2024-05-20 17:10:16 [INFO] [task_scheduler.cc:131] [Task #28: fused_nn_contrib_conv2d_NCHWc_add_nn_relu_27] Trial #111: GFLOPs: 35.4108. Time: 18.5363 us. Best GFLOPs: 92.0707
2024-05-20 17:10:16 [INFO] [task_scheduler.cc:131] [Task #28: fused_nn_contrib_conv2d_NCHWc_add_nn_relu_27] Trial #112: GFLOPs: 70.0490. Time: 9.3704 us. Best GFLOPs: 92.0707
2024-05-20 17:10:16 [INFO] [task_scheduler.cc:131] [Task #28: fused_nn_contrib_conv2d_NCHWc_add_nn_relu_27] Trial #113: GFLOPs: 87.8613. Time: 7.4707 us. Best GFLOPs: 92.0707
2024-05-20 17:10:16 [INFO] [task_scheduler.cc:131] [Task #28: fused_nn_contrib_conv2d_NCHWc_add_nn_relu_27] Trial #114: GFLOPs: 80.0893. Time: 8.1956 us. Best GFLOPs: 92.0707
2024-05-20 17:10:16 [INFO] [task_scheduler.cc:131] [Task #28: fused_nn_contrib_conv2d_NCHWc_add_nn_relu_27] Trial #115: GFLOPs: 75.4965. Time: 8.6942 us. Best GFLOPs: 92.0707
2024-05-20 17:10:16 [INFO] [task_scheduler.cc:131] [Task #28: fused_nn_contrib_conv2d_NCHWc_add_nn_relu_27] Trial #116: GFLOPs: 50.7324. Time: 12.9382 us. Best GFLOPs: 92.0707
2024-05-20 17:10:16 [INFO] [task_scheduler.cc:131] [Task #28: fused_nn_contrib_conv2d_NCHWc_add_nn_relu_27] Trial #117: GFLOPs: 32.3081. Time: 20.3164 us. Best GFLOPs: 92.0707
2024-05-20 17:10:16 [INFO] [task_scheduler.cc:131] [Task #28: fused_nn_contrib_conv2d_NCHWc_add_nn_relu_27] Trial #118: GFLOPs: 48.8331. Time: 13.4414 us. Best GFLOPs: 92.0707
2024-05-20 17:10:16 [INFO] [task_scheduler.cc:131] [Task #28: fused_nn_contrib_conv2d_NCHWc_add_nn_relu_27] Trial #119: GFLOPs: 72.5812. Time: 9.0434 us. Best GFLOPs: 92.0707
2024-05-20 17:10:16 [INFO] [task_scheduler.cc:131] [Task #28: fused_nn_contrib_conv2d_NCHWc_add_nn_relu_27] Trial #120: GFLOPs: 73.4334. Time: 8.9385 us. Best GFLOPs: 92.0707
2024-05-20 17:10:16 [INFO] [task_scheduler.cc:131] [Task #28: fused_nn_contrib_conv2d_NCHWc_add_nn_relu_27] Trial #121: GFLOPs: 44.2785. Time: 14.8240 us. Best GFLOPs: 92.0707
2024-05-20 17:10:16 [INFO] [task_scheduler.cc:131] [Task #28: fused_nn_contrib_conv2d_NCHWc_add_nn_relu_27] Trial #122: GFLOPs: 69.7141. Time: 9.4154 us. Best GFLOPs: 92.0707
2024-05-20 17:10:16 [INFO] [task_scheduler.cc:131] [Task #28: fused_nn_contrib_conv2d_NCHWc_add_nn_relu_27] Trial #123: GFLOPs: 68.0038. Time: 9.6522 us. Best GFLOPs: 92.0707
2024-05-20 17:10:16 [INFO] [task_scheduler.cc:131] [Task #28: fused_nn_contrib_conv2d_NCHWc_add_nn_relu_27] Trial #124: GFLOPs: 46.6910. Time: 14.0580 us. Best GFLOPs: 92.0707
2024-05-20 17:10:16 [INFO] [task_scheduler.cc:131] [Task #28: fused_nn_contrib_conv2d_NCHWc_add_nn_relu_27] Trial #125: GFLOPs: 79.0779. Time: 8.3005 us. Best GFLOPs: 92.0707
2024-05-20 17:10:16 [INFO] [task_scheduler.cc:131] [Task #28: fused_nn_contrib_conv2d_NCHWc_add_nn_relu_27] Trial #126: GFLOPs: 15.2716. Time: 42.9806 us. Best GFLOPs: 92.0707
2024-05-20 17:10:16 [INFO] [task_scheduler.cc:131] [Task #28: fused_nn_contrib_conv2d_NCHWc_add_nn_relu_27] Trial #127: GFLOPs: 10.0457. Time: 65.3397 us. Best GFLOPs: 92.0707
2024-05-20 17:10:16 [INFO] [task_scheduler.cc:131] [Task #28: fused_nn_contrib_conv2d_NCHWc_add_nn_relu_27] Trial #128: GFLOPs: 20.8356. Time: 31.5030 us. Best GFLOPs: 92.0707
