2024-05-21 07:11:21 [INFO] [task_scheduler.cc:160] Initializing Task #14: "fused_nn_conv2d_add_add_1"
2024-05-21 07:11:21 [INFO] [task_scheduler.cc:35] 
# from tvm.script import ir as I
# from tvm.script import tir as T

@I.ir_module
class Module:
    @T.prim_func
    def main(p0: T.Buffer((T.int64(1), T.int64(4), T.int64(4), T.int64(192)), "float32"), p1: T.Buffer((T.int64(1), T.int64(1), T.int64(192), T.int64(32)), "float32"), p2: T.Buffer((T.int64(1), T.int64(1), T.int64(1), T.int64(32)), "float32"), p3: T.Buffer((T.int64(1), T.int64(4), T.int64(4), T.int64(32)), "float32"), T_add: T.Buffer((T.int64(1), T.int64(4), T.int64(4), T.int64(32)), "float32")):
        T.func_attr({"layout_free_buffers": [1], "tir.noalias": T.bool(True)})
        # with T.block("root"):
        pad_temp = T.alloc_buffer((T.int64(1), T.int64(4), T.int64(4), T.int64(192)))
        conv2d_nhwc = T.alloc_buffer((T.int64(1), T.int64(4), T.int64(4), T.int64(32)))
        T_add_1 = T.alloc_buffer((T.int64(1), T.int64(4), T.int64(4), T.int64(32)))
        for i0, i1, i2, i3 in T.grid(T.int64(1), T.int64(4), T.int64(4), T.int64(192)):
            with T.block("pad_temp"):
                v_i0, v_i1, v_i2, v_i3 = T.axis.remap("SSSS", [i0, i1, i2, i3])
                T.reads(p0[v_i0, v_i1, v_i2, v_i3])
                T.writes(pad_temp[v_i0, v_i1, v_i2, v_i3])
                pad_temp[v_i0, v_i1, v_i2, v_i3] = p0[v_i0, v_i1, v_i2, v_i3]
        for nn, yy, xx, ff, ry, rx, rc in T.grid(T.int64(1), T.int64(4), T.int64(4), T.int64(32), T.int64(1), T.int64(1), T.int64(192)):
            with T.block("conv2d_nhwc"):
                v_nn, v_yy, v_xx, v_ff, v_ry, v_rx, v_rc = T.axis.remap("SSSSRRR", [nn, yy, xx, ff, ry, rx, rc])
                T.reads(pad_temp[v_nn, v_yy + v_ry, v_xx + v_rx, v_rc], p1[v_ry, v_rx, v_rc, v_ff])
                T.writes(conv2d_nhwc[v_nn, v_yy, v_xx, v_ff])
                with T.init():
                    conv2d_nhwc[v_nn, v_yy, v_xx, v_ff] = T.float32(0)
                conv2d_nhwc[v_nn, v_yy, v_xx, v_ff] = conv2d_nhwc[v_nn, v_yy, v_xx, v_ff] + pad_temp[v_nn, v_yy + v_ry, v_xx + v_rx, v_rc] * p1[v_ry, v_rx, v_rc, v_ff]
        for ax0, ax1, ax2, ax3 in T.grid(T.int64(1), T.int64(4), T.int64(4), T.int64(32)):
            with T.block("T_add"):
                v_ax0, v_ax1, v_ax2, v_ax3 = T.axis.remap("SSSS", [ax0, ax1, ax2, ax3])
                T.reads(conv2d_nhwc[v_ax0, v_ax1, v_ax2, v_ax3], p2[v_ax0, T.int64(0), T.int64(0), v_ax3])
                T.writes(T_add_1[v_ax0, v_ax1, v_ax2, v_ax3])
                T_add_1[v_ax0, v_ax1, v_ax2, v_ax3] = conv2d_nhwc[v_ax0, v_ax1, v_ax2, v_ax3] + p2[v_ax0, T.int64(0), T.int64(0), v_ax3]
        for ax0, ax1, ax2, ax3 in T.grid(T.int64(1), T.int64(4), T.int64(4), T.int64(32)):
            with T.block("T_add_1"):
                v_ax0, v_ax1, v_ax2, v_ax3 = T.axis.remap("SSSS", [ax0, ax1, ax2, ax3])
                T.reads(p3[v_ax0, v_ax1, v_ax2, v_ax3], T_add_1[v_ax0, v_ax1, v_ax2, v_ax3])
                T.writes(T_add[v_ax0, v_ax1, v_ax2, v_ax3])
                T_add[v_ax0, v_ax1, v_ax2, v_ax3] = p3[v_ax0, v_ax1, v_ax2, v_ax3] + T_add_1[v_ax0, v_ax1, v_ax2, v_ax3]
2024-05-21 07:11:21 [INFO] [task_scheduler.cc:164] Total 3 design space(s) generated
2024-05-21 07:11:21 [INFO] [task_scheduler.cc:170] Design space #0:
# from tvm.script import ir as I
# from tvm.script import tir as T

@I.ir_module
class Module:
    @T.prim_func
    def main(p0: T.Buffer((T.int64(1), T.int64(4), T.int64(4), T.int64(192)), "float32"), p1: T.Buffer((T.int64(1), T.int64(1), T.int64(192), T.int64(32)), "float32"), p2: T.Buffer((T.int64(1), T.int64(1), T.int64(1), T.int64(32)), "float32"), p3: T.Buffer((T.int64(1), T.int64(4), T.int64(4), T.int64(32)), "float32"), T_add: T.Buffer((T.int64(1), T.int64(4), T.int64(4), T.int64(32)), "float32")):
        T.func_attr({"layout_free_buffers": [1], "tir.noalias": T.bool(True)})
        with T.block("root"):
            T.reads()
            T.writes()
            T.block_attr({"meta_schedule.parallel": 96, "meta_schedule.unroll_explicit": 16, "meta_schedule.vectorize": 64})
            conv2d_nhwc = T.alloc_buffer((T.int64(1), T.int64(4), T.int64(4), T.int64(32)))
            for nn_0, yy_0, xx_0, ff_0, nn_1, yy_1, xx_1, ff_1, ry_0, rx_0, rc_0, nn_2, yy_2, xx_2, ff_2, ry_1, rx_1, rc_1, nn_3, yy_3, xx_3, ff_3 in T.grid(T.int64(1), T.int64(4), T.int64(2), T.int64(1), T.int64(1), T.int64(1), T.int64(1), T.int64(1), T.int64(1), T.int64(1), T.int64(16), T.int64(1), T.int64(1), T.int64(1), T.int64(4), T.int64(1), T.int64(1), T.int64(12), T.int64(1), T.int64(1), T.int64(2), T.int64(8)):
                with T.block("conv2d_nhwc"):
                    v_nn = T.axis.spatial(T.int64(1), nn_0 + nn_1 + nn_2 + nn_3)
                    v_yy = T.axis.spatial(T.int64(4), yy_0 + yy_1 + yy_2 + yy_3)
                    v_xx = T.axis.spatial(T.int64(4), xx_0 * T.int64(2) + xx_1 * T.int64(2) + xx_2 * T.int64(2) + xx_3)
                    v_ff = T.axis.spatial(T.int64(32), ff_0 * T.int64(32) + ff_1 * T.int64(32) + ff_2 * T.int64(8) + ff_3)
                    v_ry = T.axis.reduce(T.int64(1), ry_0 + ry_1)
                    v_rx = T.axis.reduce(T.int64(1), rx_0 + rx_1)
                    v_rc = T.axis.reduce(T.int64(192), rc_0 * T.int64(12) + rc_1)
                    T.reads(p0[v_nn, v_yy + v_ry, v_xx + v_rx, v_rc], p1[v_ry, v_rx, v_rc, v_ff])
                    T.writes(conv2d_nhwc[v_nn, v_yy, v_xx, v_ff])
                    T.block_attr({"meta_schedule.tiling_structure": "SSRSRS"})
                    with T.init():
                        conv2d_nhwc[v_nn, v_yy, v_xx, v_ff] = T.float32(0)
                    conv2d_nhwc[v_nn, v_yy, v_xx, v_ff] = conv2d_nhwc[v_nn, v_yy, v_xx, v_ff] + p0[v_nn, v_yy + v_ry, v_xx + v_rx, v_rc] * p1[v_ry, v_rx, v_rc, v_ff]
            for ax0, ax1, ax2, ax3 in T.grid(T.int64(1), T.int64(4), T.int64(4), T.int64(32)):
                with T.block("T_add_1"):
                    v_ax0, v_ax1, v_ax2, v_ax3 = T.axis.remap("SSSS", [ax0, ax1, ax2, ax3])
                    T.reads(p3[v_ax0, v_ax1, v_ax2, v_ax3], conv2d_nhwc[v_ax0, v_ax1, v_ax2, v_ax3], p2[v_ax0, T.int64(0), T.int64(0), v_ax3])
                    T.writes(T_add[v_ax0, v_ax1, v_ax2, v_ax3])
                    T_add[v_ax0, v_ax1, v_ax2, v_ax3] = p3[v_ax0, v_ax1, v_ax2, v_ax3] + (conv2d_nhwc[v_ax0, v_ax1, v_ax2, v_ax3] + p2[v_ax0, T.int64(0), T.int64(0), v_ax3])
b0 = sch.get_block(name="pad_temp", func_name="main")
b1 = sch.get_block(name="conv2d_nhwc", func_name="main")
b2 = sch.get_block(name="T_add", func_name="main")
b3 = sch.get_block(name="root", func_name="main")
sch.compute_inline(block=b2)
sch.compute_inline(block=b0)
sch.annotate(block_or_loop=b1, ann_key="meta_schedule.tiling_structure", ann_val="SSRSRS")
l4, l5, l6, l7, l8, l9, l10 = sch.get_loops(block=b1)
v11, v12, v13, v14 = sch.sample_perfect_tile(loop=l4, n=4, max_innermost_factor=64, decision=[1, 1, 1, 1])
l15, l16, l17, l18 = sch.split(loop=l4, factors=[v11, v12, v13, v14], preserve_unit_iters=True, disable_predication=False)
v19, v20, v21, v22 = sch.sample_perfect_tile(loop=l5, n=4, max_innermost_factor=64, decision=[4, 1, 1, 1])
l23, l24, l25, l26 = sch.split(loop=l5, factors=[v19, v20, v21, v22], preserve_unit_iters=True, disable_predication=False)
v27, v28, v29, v30 = sch.sample_perfect_tile(loop=l6, n=4, max_innermost_factor=64, decision=[2, 1, 1, 2])
l31, l32, l33, l34 = sch.split(loop=l6, factors=[v27, v28, v29, v30], preserve_unit_iters=True, disable_predication=False)
v35, v36, v37, v38 = sch.sample_perfect_tile(loop=l7, n=4, max_innermost_factor=64, decision=[1, 1, 4, 8])
l39, l40, l41, l42 = sch.split(loop=l7, factors=[v35, v36, v37, v38], preserve_unit_iters=True, disable_predication=False)
v43, v44 = sch.sample_perfect_tile(loop=l8, n=2, max_innermost_factor=64, decision=[1, 1])
l45, l46 = sch.split(loop=l8, factors=[v43, v44], preserve_unit_iters=True, disable_predication=False)
v47, v48 = sch.sample_perfect_tile(loop=l9, n=2, max_innermost_factor=64, decision=[1, 1])
l49, l50 = sch.split(loop=l9, factors=[v47, v48], preserve_unit_iters=True, disable_predication=False)
v51, v52 = sch.sample_perfect_tile(loop=l10, n=2, max_innermost_factor=64, decision=[16, 12])
l53, l54 = sch.split(loop=l10, factors=[v51, v52], preserve_unit_iters=True, disable_predication=False)
sch.reorder(l15, l23, l31, l39, l16, l24, l32, l40, l45, l49, l53, l17, l25, l33, l41, l46, l50, l54, l18, l26, l34, l42)
sch.annotate(block_or_loop=b3, ann_key="meta_schedule.parallel", ann_val=96)
sch.annotate(block_or_loop=b3, ann_key="meta_schedule.vectorize", ann_val=64)
v55 = sch.sample_categorical(candidates=[0, 16, 64, 512], probs=[0.25, 0.25, 0.25, 0.25], decision=1)
sch.annotate(block_or_loop=b3, ann_key="meta_schedule.unroll_explicit", ann_val=v55)
2024-05-21 07:11:21 [INFO] [task_scheduler.cc:170] Design space #1:
# from tvm.script import ir as I
# from tvm.script import tir as T

@I.ir_module
class Module:
    @T.prim_func
    def main(p0: T.Buffer((T.int64(1), T.int64(4), T.int64(4), T.int64(192)), "float32"), p1: T.Buffer((T.int64(1), T.int64(1), T.int64(192), T.int64(32)), "float32"), p2: T.Buffer((T.int64(1), T.int64(1), T.int64(1), T.int64(32)), "float32"), p3: T.Buffer((T.int64(1), T.int64(4), T.int64(4), T.int64(32)), "float32"), T_add: T.Buffer((T.int64(1), T.int64(4), T.int64(4), T.int64(32)), "float32")):
        T.func_attr({"layout_free_buffers": [1], "tir.noalias": T.bool(True)})
        with T.block("root"):
            T.reads()
            T.writes()
            T.block_attr({"meta_schedule.parallel": 96, "meta_schedule.unroll_explicit": 0, "meta_schedule.vectorize": 64})
            conv2d_nhwc = T.alloc_buffer((T.int64(1), T.int64(4), T.int64(4), T.int64(32)))
            for nn_0, yy_0, xx_0, ff_0, nn_1, yy_1, xx_1, ff_1 in T.grid(T.int64(1), T.int64(4), T.int64(2), T.int64(1), T.int64(1), T.int64(1), T.int64(1), T.int64(1)):
                for ry_0, rx_0, rc_0, nn_2, yy_2, xx_2, ff_2, ry_1, rx_1, rc_1, nn_3, yy_3, xx_3, ff_3 in T.grid(T.int64(1), T.int64(1), T.int64(16), T.int64(1), T.int64(1), T.int64(1), T.int64(4), T.int64(1), T.int64(1), T.int64(12), T.int64(1), T.int64(1), T.int64(2), T.int64(8)):
                    with T.block("conv2d_nhwc"):
                        v_nn = T.axis.spatial(T.int64(1), nn_0 + nn_1 + nn_2 + nn_3)
                        v_yy = T.axis.spatial(T.int64(4), yy_0 + yy_1 + yy_2 + yy_3)
                        v_xx = T.axis.spatial(T.int64(4), xx_0 * T.int64(2) + xx_1 * T.int64(2) + xx_2 * T.int64(2) + xx_3)
                        v_ff = T.axis.spatial(T.int64(32), ff_0 * T.int64(32) + ff_1 * T.int64(32) + ff_2 * T.int64(8) + ff_3)
                        v_ry = T.axis.reduce(T.int64(1), ry_0 + ry_1)
                        v_rx = T.axis.reduce(T.int64(1), rx_0 + rx_1)
                        v_rc = T.axis.reduce(T.int64(192), rc_0 * T.int64(12) + rc_1)
                        T.reads(p0[v_nn, v_yy + v_ry, v_xx + v_rx, v_rc], p1[v_ry, v_rx, v_rc, v_ff])
                        T.writes(conv2d_nhwc[v_nn, v_yy, v_xx, v_ff])
                        T.block_attr({"meta_schedule.tiling_structure": "SSRSRS"})
                        with T.init():
                            conv2d_nhwc[v_nn, v_yy, v_xx, v_ff] = T.float32(0)
                        conv2d_nhwc[v_nn, v_yy, v_xx, v_ff] = conv2d_nhwc[v_nn, v_yy, v_xx, v_ff] + p0[v_nn, v_yy + v_ry, v_xx + v_rx, v_rc] * p1[v_ry, v_rx, v_rc, v_ff]
                for ax0, ax1, ax2, ax3 in T.grid(T.int64(1), T.int64(1), T.int64(2), T.int64(32)):
                    with T.block("T_add_1"):
                        v_ax0 = T.axis.spatial(T.int64(1), ax0)
                        v_ax1 = T.axis.spatial(T.int64(4), yy_0 + ax1)
                        v_ax2 = T.axis.spatial(T.int64(4), xx_0 * T.int64(2) + ax2)
                        v_ax3 = T.axis.spatial(T.int64(32), ax3)
                        T.reads(p3[v_ax0, v_ax1, v_ax2, v_ax3], conv2d_nhwc[v_ax0, v_ax1, v_ax2, v_ax3], p2[v_ax0, T.int64(0), T.int64(0), v_ax3])
                        T.writes(T_add[v_ax0, v_ax1, v_ax2, v_ax3])
                        T_add[v_ax0, v_ax1, v_ax2, v_ax3] = p3[v_ax0, v_ax1, v_ax2, v_ax3] + (conv2d_nhwc[v_ax0, v_ax1, v_ax2, v_ax3] + p2[v_ax0, T.int64(0), T.int64(0), v_ax3])
b0 = sch.get_block(name="pad_temp", func_name="main")
b1 = sch.get_block(name="conv2d_nhwc", func_name="main")
b2 = sch.get_block(name="T_add", func_name="main")
b3 = sch.get_block(name="root", func_name="main")
sch.compute_inline(block=b2)
sch.compute_inline(block=b0)
sch.annotate(block_or_loop=b1, ann_key="meta_schedule.tiling_structure", ann_val="SSRSRS")
l4, l5, l6, l7, l8, l9, l10 = sch.get_loops(block=b1)
v11, v12, v13, v14 = sch.sample_perfect_tile(loop=l4, n=4, max_innermost_factor=64, decision=[1, 1, 1, 1])
l15, l16, l17, l18 = sch.split(loop=l4, factors=[v11, v12, v13, v14], preserve_unit_iters=True, disable_predication=False)
v19, v20, v21, v22 = sch.sample_perfect_tile(loop=l5, n=4, max_innermost_factor=64, decision=[4, 1, 1, 1])
l23, l24, l25, l26 = sch.split(loop=l5, factors=[v19, v20, v21, v22], preserve_unit_iters=True, disable_predication=False)
v27, v28, v29, v30 = sch.sample_perfect_tile(loop=l6, n=4, max_innermost_factor=64, decision=[2, 1, 1, 2])
l31, l32, l33, l34 = sch.split(loop=l6, factors=[v27, v28, v29, v30], preserve_unit_iters=True, disable_predication=False)
v35, v36, v37, v38 = sch.sample_perfect_tile(loop=l7, n=4, max_innermost_factor=64, decision=[1, 1, 4, 8])
l39, l40, l41, l42 = sch.split(loop=l7, factors=[v35, v36, v37, v38], preserve_unit_iters=True, disable_predication=False)
v43, v44 = sch.sample_perfect_tile(loop=l8, n=2, max_innermost_factor=64, decision=[1, 1])
l45, l46 = sch.split(loop=l8, factors=[v43, v44], preserve_unit_iters=True, disable_predication=False)
v47, v48 = sch.sample_perfect_tile(loop=l9, n=2, max_innermost_factor=64, decision=[1, 1])
l49, l50 = sch.split(loop=l9, factors=[v47, v48], preserve_unit_iters=True, disable_predication=False)
v51, v52 = sch.sample_perfect_tile(loop=l10, n=2, max_innermost_factor=64, decision=[16, 12])
l53, l54 = sch.split(loop=l10, factors=[v51, v52], preserve_unit_iters=True, disable_predication=False)
sch.reorder(l15, l23, l31, l39, l16, l24, l32, l40, l45, l49, l53, l17, l25, l33, l41, l46, l50, l54, l18, l26, l34, l42)
b55, = sch.get_consumers(block=b1)
sch.reverse_compute_at(block=b55, loop=l40, preserve_unit_loops=True, index=-1)
sch.annotate(block_or_loop=b3, ann_key="meta_schedule.parallel", ann_val=96)
sch.annotate(block_or_loop=b3, ann_key="meta_schedule.vectorize", ann_val=64)
v56 = sch.sample_categorical(candidates=[0, 16, 64, 512], probs=[0.25, 0.25, 0.25, 0.25], decision=0)
sch.annotate(block_or_loop=b3, ann_key="meta_schedule.unroll_explicit", ann_val=v56)
2024-05-21 07:11:21 [INFO] [task_scheduler.cc:170] Design space #2:
# from tvm.script import ir as I
# from tvm.script import tir as T

@I.ir_module
class Module:
    @T.prim_func
    def main(p0: T.Buffer((T.int64(1), T.int64(4), T.int64(4), T.int64(192)), "float32"), p1: T.Buffer((T.int64(1), T.int64(1), T.int64(192), T.int64(32)), "float32"), p2: T.Buffer((T.int64(1), T.int64(1), T.int64(1), T.int64(32)), "float32"), p3: T.Buffer((T.int64(1), T.int64(4), T.int64(4), T.int64(32)), "float32"), T_add: T.Buffer((T.int64(1), T.int64(4), T.int64(4), T.int64(32)), "float32")):
        T.func_attr({"layout_free_buffers": [1], "tir.noalias": T.bool(True)})
        with T.block("root"):
            T.reads()
            T.writes()
            T.block_attr({"meta_schedule.parallel": 96, "meta_schedule.unroll_explicit": 16, "meta_schedule.vectorize": 64})
            conv2d_nhwc = T.alloc_buffer((T.int64(1), T.int64(4), T.int64(4), T.int64(32)))
            for nn_0, yy_0, xx_0, ff_0 in T.grid(T.int64(1), T.int64(4), T.int64(2), T.int64(1)):
                for nn_1, yy_1, xx_1, ff_1, ry_0, rx_0, rc_0, nn_2, yy_2, xx_2, ff_2, ry_1, rx_1, rc_1, nn_3, yy_3, xx_3, ff_3 in T.grid(T.int64(1), T.int64(1), T.int64(1), T.int64(1), T.int64(1), T.int64(1), T.int64(16), T.int64(1), T.int64(1), T.int64(1), T.int64(4), T.int64(1), T.int64(1), T.int64(12), T.int64(1), T.int64(1), T.int64(2), T.int64(8)):
                    with T.block("conv2d_nhwc"):
                        v_nn = T.axis.spatial(T.int64(1), nn_0 + nn_1 + nn_2 + nn_3)
                        v_yy = T.axis.spatial(T.int64(4), yy_0 + yy_1 + yy_2 + yy_3)
                        v_xx = T.axis.spatial(T.int64(4), xx_0 * T.int64(2) + xx_1 * T.int64(2) + xx_2 * T.int64(2) + xx_3)
                        v_ff = T.axis.spatial(T.int64(32), ff_0 * T.int64(32) + ff_1 * T.int64(32) + ff_2 * T.int64(8) + ff_3)
                        v_ry = T.axis.reduce(T.int64(1), ry_0 + ry_1)
                        v_rx = T.axis.reduce(T.int64(1), rx_0 + rx_1)
                        v_rc = T.axis.reduce(T.int64(192), rc_0 * T.int64(12) + rc_1)
                        T.reads(p0[v_nn, v_yy + v_ry, v_xx + v_rx, v_rc], p1[v_ry, v_rx, v_rc, v_ff])
                        T.writes(conv2d_nhwc[v_nn, v_yy, v_xx, v_ff])
                        T.block_attr({"meta_schedule.tiling_structure": "SSRSRS"})
                        with T.init():
                            conv2d_nhwc[v_nn, v_yy, v_xx, v_ff] = T.float32(0)
                        conv2d_nhwc[v_nn, v_yy, v_xx, v_ff] = conv2d_nhwc[v_nn, v_yy, v_xx, v_ff] + p0[v_nn, v_yy + v_ry, v_xx + v_rx, v_rc] * p1[v_ry, v_rx, v_rc, v_ff]
                for ax0, ax1, ax2, ax3 in T.grid(T.int64(1), T.int64(1), T.int64(2), T.int64(32)):
                    with T.block("T_add_1"):
                        v_ax0 = T.axis.spatial(T.int64(1), ax0)
                        v_ax1 = T.axis.spatial(T.int64(4), yy_0 + ax1)
                        v_ax2 = T.axis.spatial(T.int64(4), xx_0 * T.int64(2) + ax2)
                        v_ax3 = T.axis.spatial(T.int64(32), ax3)
                        T.reads(p3[v_ax0, v_ax1, v_ax2, v_ax3], conv2d_nhwc[v_ax0, v_ax1, v_ax2, v_ax3], p2[v_ax0, T.int64(0), T.int64(0), v_ax3])
                        T.writes(T_add[v_ax0, v_ax1, v_ax2, v_ax3])
                        T_add[v_ax0, v_ax1, v_ax2, v_ax3] = p3[v_ax0, v_ax1, v_ax2, v_ax3] + (conv2d_nhwc[v_ax0, v_ax1, v_ax2, v_ax3] + p2[v_ax0, T.int64(0), T.int64(0), v_ax3])
b0 = sch.get_block(name="pad_temp", func_name="main")
b1 = sch.get_block(name="conv2d_nhwc", func_name="main")
b2 = sch.get_block(name="T_add", func_name="main")
b3 = sch.get_block(name="root", func_name="main")
sch.compute_inline(block=b2)
sch.compute_inline(block=b0)
sch.annotate(block_or_loop=b1, ann_key="meta_schedule.tiling_structure", ann_val="SSRSRS")
l4, l5, l6, l7, l8, l9, l10 = sch.get_loops(block=b1)
v11, v12, v13, v14 = sch.sample_perfect_tile(loop=l4, n=4, max_innermost_factor=64, decision=[1, 1, 1, 1])
l15, l16, l17, l18 = sch.split(loop=l4, factors=[v11, v12, v13, v14], preserve_unit_iters=True, disable_predication=False)
v19, v20, v21, v22 = sch.sample_perfect_tile(loop=l5, n=4, max_innermost_factor=64, decision=[4, 1, 1, 1])
l23, l24, l25, l26 = sch.split(loop=l5, factors=[v19, v20, v21, v22], preserve_unit_iters=True, disable_predication=False)
v27, v28, v29, v30 = sch.sample_perfect_tile(loop=l6, n=4, max_innermost_factor=64, decision=[2, 1, 1, 2])
l31, l32, l33, l34 = sch.split(loop=l6, factors=[v27, v28, v29, v30], preserve_unit_iters=True, disable_predication=False)
v35, v36, v37, v38 = sch.sample_perfect_tile(loop=l7, n=4, max_innermost_factor=64, decision=[1, 1, 4, 8])
l39, l40, l41, l42 = sch.split(loop=l7, factors=[v35, v36, v37, v38], preserve_unit_iters=True, disable_predication=False)
v43, v44 = sch.sample_perfect_tile(loop=l8, n=2, max_innermost_factor=64, decision=[1, 1])
l45, l46 = sch.split(loop=l8, factors=[v43, v44], preserve_unit_iters=True, disable_predication=False)
v47, v48 = sch.sample_perfect_tile(loop=l9, n=2, max_innermost_factor=64, decision=[1, 1])
l49, l50 = sch.split(loop=l9, factors=[v47, v48], preserve_unit_iters=True, disable_predication=False)
v51, v52 = sch.sample_perfect_tile(loop=l10, n=2, max_innermost_factor=64, decision=[16, 12])
l53, l54 = sch.split(loop=l10, factors=[v51, v52], preserve_unit_iters=True, disable_predication=False)
sch.reorder(l15, l23, l31, l39, l16, l24, l32, l40, l45, l49, l53, l17, l25, l33, l41, l46, l50, l54, l18, l26, l34, l42)
b55, = sch.get_consumers(block=b1)
sch.reverse_compute_at(block=b55, loop=l39, preserve_unit_loops=True, index=-1)
sch.annotate(block_or_loop=b3, ann_key="meta_schedule.parallel", ann_val=96)
sch.annotate(block_or_loop=b3, ann_key="meta_schedule.vectorize", ann_val=64)
v56 = sch.sample_categorical(candidates=[0, 16, 64, 512], probs=[0.25, 0.25, 0.25, 0.25], decision=1)
sch.annotate(block_or_loop=b3, ann_key="meta_schedule.unroll_explicit", ann_val=v56)
2024-05-21 07:33:19 [INFO] [evolutionary_search.cc:713] Generating candidates......
2024-05-21 07:33:19 [INFO] [evolutionary_search.cc:715] Picked top 0 candidate(s) from database
2024-05-21 07:33:20 [INFO] [evolutionary_search.cc:533] Sample-Init-Population summary:
Postproc #0 [meta_schedule.DisallowDynamicLoop(0xe474b58)]: 0 failure(s)
Postproc #1 [meta_schedule.RewriteParallelVectorizeUnroll(0xe12d4e8)]: 0 failure(s)
Postproc #2 [meta_schedule.RewriteReductionBlock(0xbf54348)]: 0 failure(s)
Postproc #3 [meta_schedule.RewriteLayout(0xd859bc8)]: 0 failure(s)
2024-05-21 07:33:20 [INFO] [evolutionary_search.cc:723] Sampled 512 candidate(s)
2024-05-21 07:33:21 [INFO] [evolutionary_search.cc:621] Evolve iter #0 done. Summary:
Postproc #0 [meta_schedule.DisallowDynamicLoop(0xe474b58)]: 0 failure(s)
Postproc #1 [meta_schedule.RewriteParallelVectorizeUnroll(0xe12d4e8)]: 0 failure(s)
Postproc #2 [meta_schedule.RewriteReductionBlock(0xbf54348)]: 0 failure(s)
Postproc #3 [meta_schedule.RewriteLayout(0xd859bc8)]: 0 failure(s)
2024-05-21 07:33:21 [INFO] [evolutionary_search.cc:621] Evolve iter #1 done. Summary:
Postproc #0 [meta_schedule.DisallowDynamicLoop(0xe474b58)]: 0 failure(s)
Postproc #1 [meta_schedule.RewriteParallelVectorizeUnroll(0xe12d4e8)]: 0 failure(s)
Postproc #2 [meta_schedule.RewriteReductionBlock(0xbf54348)]: 0 failure(s)
Postproc #3 [meta_schedule.RewriteLayout(0xd859bc8)]: 0 failure(s)
2024-05-21 07:33:22 [INFO] [evolutionary_search.cc:621] Evolve iter #2 done. Summary:
Postproc #0 [meta_schedule.DisallowDynamicLoop(0xe474b58)]: 0 failure(s)
Postproc #1 [meta_schedule.RewriteParallelVectorizeUnroll(0xe12d4e8)]: 0 failure(s)
Postproc #2 [meta_schedule.RewriteReductionBlock(0xbf54348)]: 0 failure(s)
Postproc #3 [meta_schedule.RewriteLayout(0xd859bc8)]: 0 failure(s)
2024-05-21 07:33:23 [INFO] [evolutionary_search.cc:621] Evolve iter #3 done. Summary:
Postproc #0 [meta_schedule.DisallowDynamicLoop(0xe474b58)]: 0 failure(s)
Postproc #1 [meta_schedule.RewriteParallelVectorizeUnroll(0xe12d4e8)]: 0 failure(s)
Postproc #2 [meta_schedule.RewriteReductionBlock(0xbf54348)]: 0 failure(s)
Postproc #3 [meta_schedule.RewriteLayout(0xd859bc8)]: 0 failure(s)
2024-05-21 07:33:23 [INFO] [evolutionary_search.cc:649] Scores of the best 64 candidates:
[1 : 16]:	0.9997  0.9987  0.9985  0.9984  0.9980  0.9977  0.9960  0.9953  0.9953  0.9950  0.9943  0.9934  0.9929  0.9916  0.9913  0.9908
[17 : 32]:	0.9894  0.9885  0.9884  0.9877  0.9877  0.9875  0.9875  0.9870  0.9868  0.9863  0.9857  0.9856  0.9853  0.9843  0.9841  0.9841
[33 : 48]:	0.9831  0.9827  0.9824  0.9819  0.9811  0.9807  0.9800  0.9800  0.9798  0.9792  0.9788  0.9776  0.9774  0.9768  0.9761  0.9755
[49 : 64]:	0.9751  0.9748  0.9747  0.9745  0.9736  0.9733  0.9732  0.9730  0.9728  0.9724  0.9723  0.9722  0.9719  0.9717  0.9712  0.9712
2024-05-21 07:33:23 [INFO] [evolutionary_search.cc:727] Got 64 candidate(s) with evolutionary search
2024-05-21 07:33:24 [INFO] [evolutionary_search.cc:730] Sending 64 candidates(s) for measurement
2024-05-21 08:09:48 [INFO] [task_scheduler.cc:131] [Task #14: fused_nn_conv2d_add_add_1] Trial #1: GFLOPs: 21.4618. Time: 9.2086 us. Best GFLOPs: 21.4618
2024-05-21 08:09:48 [INFO] [task_scheduler.cc:131] [Task #14: fused_nn_conv2d_add_add_1] Trial #2: GFLOPs: 10.8168. Time: 18.2709 us. Best GFLOPs: 21.4618
2024-05-21 08:09:48 [INFO] [task_scheduler.cc:131] [Task #14: fused_nn_conv2d_add_add_1] Trial #3: GFLOPs: 30.6218. Time: 6.4540 us. Best GFLOPs: 30.6218
2024-05-21 08:09:48 [INFO] [task_scheduler.cc:131] [Task #14: fused_nn_conv2d_add_add_1] Trial #4: GFLOPs: 14.7930. Time: 13.3599 us. Best GFLOPs: 30.6218
2024-05-21 08:09:48 [INFO] [task_scheduler.cc:131] [Task #14: fused_nn_conv2d_add_add_1] Trial #5: GFLOPs: 22.3451. Time: 8.8445 us. Best GFLOPs: 30.6218
2024-05-21 08:09:48 [INFO] [task_scheduler.cc:131] [Task #14: fused_nn_conv2d_add_add_1] Trial #6: GFLOPs: 19.3097. Time: 10.2349 us. Best GFLOPs: 30.6218
2024-05-21 08:09:48 [INFO] [task_scheduler.cc:131] [Task #14: fused_nn_conv2d_add_add_1] Trial #7: GFLOPs: 16.6928. Time: 11.8393 us. Best GFLOPs: 30.6218
2024-05-21 08:09:48 [INFO] [task_scheduler.cc:131] [Task #14: fused_nn_conv2d_add_add_1] Trial #8: GFLOPs: 15.7883. Time: 12.5176 us. Best GFLOPs: 30.6218
2024-05-21 08:09:48 [INFO] [task_scheduler.cc:131] [Task #14: fused_nn_conv2d_add_add_1] Trial #9: GFLOPs: 13.1487. Time: 15.0305 us. Best GFLOPs: 30.6218
2024-05-21 08:09:48 [INFO] [task_scheduler.cc:131] [Task #14: fused_nn_conv2d_add_add_1] Trial #10: GFLOPs: 7.8946. Time: 25.0339 us. Best GFLOPs: 30.6218
2024-05-21 08:09:48 [INFO] [task_scheduler.cc:131] [Task #14: fused_nn_conv2d_add_add_1] Trial #11: GFLOPs: 22.9589. Time: 8.6081 us. Best GFLOPs: 30.6218
2024-05-21 08:09:48 [INFO] [task_scheduler.cc:131] [Task #14: fused_nn_conv2d_add_add_1] Trial #12: GFLOPs: 17.1333. Time: 11.5350 us. Best GFLOPs: 30.6218
2024-05-21 08:09:48 [INFO] [task_scheduler.cc:131] [Task #14: fused_nn_conv2d_add_add_1] Trial #13: GFLOPs: 25.7572. Time: 7.6729 us. Best GFLOPs: 30.6218
2024-05-21 08:09:48 [INFO] [task_scheduler.cc:131] [Task #14: fused_nn_conv2d_add_add_1] Trial #14: GFLOPs: 11.0739. Time: 17.8467 us. Best GFLOPs: 30.6218
2024-05-21 08:09:48 [INFO] [task_scheduler.cc:131] [Task #14: fused_nn_conv2d_add_add_1] Trial #15: GFLOPs: 8.8874. Time: 22.2374 us. Best GFLOPs: 30.6218
2024-05-21 08:09:48 [INFO] [task_scheduler.cc:131] [Task #14: fused_nn_conv2d_add_add_1] Trial #16: GFLOPs: 9.1338. Time: 21.6375 us. Best GFLOPs: 30.6218
2024-05-21 08:09:48 [INFO] [task_scheduler.cc:131] [Task #14: fused_nn_conv2d_add_add_1] Trial #17: GFLOPs: 9.8232. Time: 20.1188 us. Best GFLOPs: 30.6218
2024-05-21 08:09:48 [INFO] [task_scheduler.cc:131] [Task #14: fused_nn_conv2d_add_add_1] Trial #18: GFLOPs: 11.0488. Time: 17.8872 us. Best GFLOPs: 30.6218
2024-05-21 08:09:48 [INFO] [task_scheduler.cc:131] [Task #14: fused_nn_conv2d_add_add_1] Trial #19: GFLOPs: 6.7730. Time: 29.1795 us. Best GFLOPs: 30.6218
2024-05-21 08:09:48 [INFO] [task_scheduler.cc:131] [Task #14: fused_nn_conv2d_add_add_1] Trial #20: GFLOPs: 15.4681. Time: 12.7767 us. Best GFLOPs: 30.6218
2024-05-21 08:09:48 [INFO] [task_scheduler.cc:131] [Task #14: fused_nn_conv2d_add_add_1] Trial #21: GFLOPs: 7.4325. Time: 26.5901 us. Best GFLOPs: 30.6218
2024-05-21 08:09:48 [INFO] [task_scheduler.cc:131] [Task #14: fused_nn_conv2d_add_add_1] Trial #22: GFLOPs: 25.9243. Time: 7.6234 us. Best GFLOPs: 30.6218
2024-05-21 08:09:48 [INFO] [task_scheduler.cc:131] [Task #14: fused_nn_conv2d_add_add_1] Trial #23: GFLOPs: 16.9913. Time: 11.6314 us. Best GFLOPs: 30.6218
2024-05-21 08:09:48 [INFO] [task_scheduler.cc:131] [Task #14: fused_nn_conv2d_add_add_1] Trial #24: GFLOPs: 21.7326. Time: 9.0938 us. Best GFLOPs: 30.6218
2024-05-21 08:09:48 [INFO] [task_scheduler.cc:131] [Task #14: fused_nn_conv2d_add_add_1] Trial #25: GFLOPs: 19.3728. Time: 10.2015 us. Best GFLOPs: 30.6218
2024-05-21 08:09:48 [INFO] [task_scheduler.cc:131] [Task #14: fused_nn_conv2d_add_add_1] Trial #26: GFLOPs: 20.6991. Time: 9.5479 us. Best GFLOPs: 30.6218
2024-05-21 08:09:48 [INFO] [task_scheduler.cc:131] [Task #14: fused_nn_conv2d_add_add_1] Trial #27: GFLOPs: 13.1464. Time: 15.0332 us. Best GFLOPs: 30.6218
2024-05-21 08:09:48 [INFO] [task_scheduler.cc:131] [Task #14: fused_nn_conv2d_add_add_1] Trial #28: GFLOPs: 28.5550. Time: 6.9211 us. Best GFLOPs: 30.6218
2024-05-21 08:09:48 [INFO] [task_scheduler.cc:131] [Task #14: fused_nn_conv2d_add_add_1] Trial #29: GFLOPs: 37.1772. Time: 5.3159 us. Best GFLOPs: 37.1772
2024-05-21 08:09:48 [INFO] [task_scheduler.cc:131] [Task #14: fused_nn_conv2d_add_add_1] Trial #30: GFLOPs: 35.8358. Time: 5.5149 us. Best GFLOPs: 37.1772
2024-05-21 08:09:48 [INFO] [task_scheduler.cc:131] [Task #14: fused_nn_conv2d_add_add_1] Trial #31: GFLOPs: 14.0407. Time: 14.0757 us. Best GFLOPs: 37.1772
2024-05-21 08:09:48 [INFO] [task_scheduler.cc:131] [Task #14: fused_nn_conv2d_add_add_1] Trial #32: GFLOPs: 22.4296. Time: 8.8112 us. Best GFLOPs: 37.1772
2024-05-21 08:09:48 [INFO] [task_scheduler.cc:131] [Task #14: fused_nn_conv2d_add_add_1] Trial #33: GFLOPs: 19.0067. Time: 10.3980 us. Best GFLOPs: 37.1772
2024-05-21 08:09:48 [INFO] [task_scheduler.cc:131] [Task #14: fused_nn_conv2d_add_add_1] Trial #34: GFLOPs: 12.7551. Time: 15.4943 us. Best GFLOPs: 37.1772
2024-05-21 08:09:48 [INFO] [task_scheduler.cc:131] [Task #14: fused_nn_conv2d_add_add_1] Trial #35: GFLOPs: 22.1537. Time: 8.9209 us. Best GFLOPs: 37.1772
2024-05-21 08:09:48 [INFO] [task_scheduler.cc:131] [Task #14: fused_nn_conv2d_add_add_1] Trial #36: GFLOPs: 11.5308. Time: 17.1395 us. Best GFLOPs: 37.1772
2024-05-21 08:09:48 [INFO] [task_scheduler.cc:131] [Task #14: fused_nn_conv2d_add_add_1] Trial #37: GFLOPs: 4.5804. Time: 43.1472 us. Best GFLOPs: 37.1772
2024-05-21 08:09:48 [INFO] [task_scheduler.cc:131] [Task #14: fused_nn_conv2d_add_add_1] Trial #38: GFLOPs: 33.8993. Time: 5.8300 us. Best GFLOPs: 37.1772
2024-05-21 08:09:48 [INFO] [task_scheduler.cc:131] [Task #14: fused_nn_conv2d_add_add_1] Trial #39: GFLOPs: 31.6157. Time: 6.2511 us. Best GFLOPs: 37.1772
2024-05-21 08:09:48 [INFO] [task_scheduler.cc:131] [Task #14: fused_nn_conv2d_add_add_1] Trial #40: GFLOPs: 17.8965. Time: 11.0430 us. Best GFLOPs: 37.1772
2024-05-21 08:09:48 [INFO] [task_scheduler.cc:131] [Task #14: fused_nn_conv2d_add_add_1] Trial #41: GFLOPs: 19.3122. Time: 10.2335 us. Best GFLOPs: 37.1772
2024-05-21 08:09:48 [INFO] [task_scheduler.cc:131] [Task #14: fused_nn_conv2d_add_add_1] Trial #42: GFLOPs: 17.3114. Time: 11.4163 us. Best GFLOPs: 37.1772
2024-05-21 08:09:48 [INFO] [task_scheduler.cc:131] [Task #14: fused_nn_conv2d_add_add_1] Trial #43: GFLOPs: 13.7488. Time: 14.3745 us. Best GFLOPs: 37.1772
2024-05-21 08:09:48 [INFO] [task_scheduler.cc:131] [Task #14: fused_nn_conv2d_add_add_1] Trial #44: GFLOPs: 18.2867. Time: 10.8074 us. Best GFLOPs: 37.1772
2024-05-21 08:09:48 [INFO] [task_scheduler.cc:131] [Task #14: fused_nn_conv2d_add_add_1] Trial #45: GFLOPs: 18.0512. Time: 10.9484 us. Best GFLOPs: 37.1772
2024-05-21 08:09:48 [INFO] [task_scheduler.cc:131] [Task #14: fused_nn_conv2d_add_add_1] Trial #46: GFLOPs: 13.3524. Time: 14.8013 us. Best GFLOPs: 37.1772
2024-05-21 08:09:48 [INFO] [task_scheduler.cc:131] [Task #14: fused_nn_conv2d_add_add_1] Trial #47: GFLOPs: 16.1098. Time: 12.2678 us. Best GFLOPs: 37.1772
2024-05-21 08:09:48 [INFO] [task_scheduler.cc:131] [Task #14: fused_nn_conv2d_add_add_1] Trial #48: GFLOPs: 13.5856. Time: 14.5472 us. Best GFLOPs: 37.1772
2024-05-21 08:09:48 [INFO] [task_scheduler.cc:131] [Task #14: fused_nn_conv2d_add_add_1] Trial #49: GFLOPs: 6.7230. Time: 29.3966 us. Best GFLOPs: 37.1772
2024-05-21 08:09:48 [INFO] [task_scheduler.cc:131] [Task #14: fused_nn_conv2d_add_add_1] Trial #50: GFLOPs: 15.4364. Time: 12.8030 us. Best GFLOPs: 37.1772
2024-05-21 08:09:48 [INFO] [task_scheduler.cc:131] [Task #14: fused_nn_conv2d_add_add_1] Trial #51: GFLOPs: 32.6495. Time: 6.0531 us. Best GFLOPs: 37.1772
2024-05-21 08:09:48 [INFO] [task_scheduler.cc:131] [Task #14: fused_nn_conv2d_add_add_1] Trial #52: GFLOPs: 16.3489. Time: 12.0884 us. Best GFLOPs: 37.1772
2024-05-21 08:09:48 [INFO] [task_scheduler.cc:131] [Task #14: fused_nn_conv2d_add_add_1] Trial #53: GFLOPs: 18.4873. Time: 10.6902 us. Best GFLOPs: 37.1772
2024-05-21 08:09:48 [INFO] [task_scheduler.cc:131] [Task #14: fused_nn_conv2d_add_add_1] Trial #54: GFLOPs: 36.4425. Time: 5.4231 us. Best GFLOPs: 37.1772
2024-05-21 08:09:48 [INFO] [task_scheduler.cc:131] [Task #14: fused_nn_conv2d_add_add_1] Trial #55: GFLOPs: 12.0226. Time: 16.4384 us. Best GFLOPs: 37.1772
2024-05-21 08:09:48 [INFO] [task_scheduler.cc:131] [Task #14: fused_nn_conv2d_add_add_1] Trial #56: GFLOPs: 35.9288. Time: 5.5007 us. Best GFLOPs: 37.1772
2024-05-21 08:09:48 [INFO] [task_scheduler.cc:131] [Task #14: fused_nn_conv2d_add_add_1] Trial #57: GFLOPs: 12.9595. Time: 15.2500 us. Best GFLOPs: 37.1772
2024-05-21 08:09:48 [INFO] [task_scheduler.cc:131] [Task #14: fused_nn_conv2d_add_add_1] Trial #58: GFLOPs: 26.2507. Time: 7.5286 us. Best GFLOPs: 37.1772
2024-05-21 08:09:48 [INFO] [task_scheduler.cc:131] [Task #14: fused_nn_conv2d_add_add_1] Trial #59: GFLOPs: 28.9122. Time: 6.8356 us. Best GFLOPs: 37.1772
2024-05-21 08:09:48 [INFO] [task_scheduler.cc:131] [Task #14: fused_nn_conv2d_add_add_1] Trial #60: GFLOPs: 17.8099. Time: 11.0967 us. Best GFLOPs: 37.1772
2024-05-21 08:09:48 [INFO] [task_scheduler.cc:131] [Task #14: fused_nn_conv2d_add_add_1] Trial #61: GFLOPs: 21.9882. Time: 8.9881 us. Best GFLOPs: 37.1772
2024-05-21 08:09:48 [INFO] [task_scheduler.cc:131] [Task #14: fused_nn_conv2d_add_add_1] Trial #62: GFLOPs: 27.7960. Time: 7.1101 us. Best GFLOPs: 37.1772
2024-05-21 08:09:48 [INFO] [task_scheduler.cc:131] [Task #14: fused_nn_conv2d_add_add_1] Trial #63: GFLOPs: 19.8147. Time: 9.9740 us. Best GFLOPs: 37.1772
2024-05-21 08:09:48 [INFO] [task_scheduler.cc:131] [Task #14: fused_nn_conv2d_add_add_1] Trial #64: GFLOPs: 19.9975. Time: 9.8828 us. Best GFLOPs: 37.1772
2024-05-21 08:27:58 [INFO] [evolutionary_search.cc:713] Generating candidates......
2024-05-21 08:27:58 [INFO] [evolutionary_search.cc:715] Picked top 64 candidate(s) from database
2024-05-21 08:27:58 [INFO] [evolutionary_search.cc:533] Sample-Init-Population summary:
Postproc #0 [meta_schedule.DisallowDynamicLoop(0xe474b58)]: 0 failure(s)
Postproc #1 [meta_schedule.RewriteParallelVectorizeUnroll(0xe12d4e8)]: 0 failure(s)
Postproc #2 [meta_schedule.RewriteReductionBlock(0xbf54348)]: 0 failure(s)
Postproc #3 [meta_schedule.RewriteLayout(0xd859bc8)]: 0 failure(s)
2024-05-21 08:27:58 [INFO] [evolutionary_search.cc:723] Sampled 448 candidate(s)
2024-05-21 08:28:00 [INFO] [evolutionary_search.cc:621] Evolve iter #0 done. Summary:
Postproc #0 [meta_schedule.DisallowDynamicLoop(0xe474b58)]: 0 failure(s)
Postproc #1 [meta_schedule.RewriteParallelVectorizeUnroll(0xe12d4e8)]: 0 failure(s)
Postproc #2 [meta_schedule.RewriteReductionBlock(0xbf54348)]: 0 failure(s)
Postproc #3 [meta_schedule.RewriteLayout(0xd859bc8)]: 0 failure(s)
2024-05-21 08:28:02 [INFO] [evolutionary_search.cc:621] Evolve iter #1 done. Summary:
Postproc #0 [meta_schedule.DisallowDynamicLoop(0xe474b58)]: 0 failure(s)
Postproc #1 [meta_schedule.RewriteParallelVectorizeUnroll(0xe12d4e8)]: 0 failure(s)
Postproc #2 [meta_schedule.RewriteReductionBlock(0xbf54348)]: 0 failure(s)
Postproc #3 [meta_schedule.RewriteLayout(0xd859bc8)]: 0 failure(s)
2024-05-21 08:28:04 [INFO] [evolutionary_search.cc:621] Evolve iter #2 done. Summary:
Postproc #0 [meta_schedule.DisallowDynamicLoop(0xe474b58)]: 0 failure(s)
Postproc #1 [meta_schedule.RewriteParallelVectorizeUnroll(0xe12d4e8)]: 0 failure(s)
Postproc #2 [meta_schedule.RewriteReductionBlock(0xbf54348)]: 0 failure(s)
Postproc #3 [meta_schedule.RewriteLayout(0xd859bc8)]: 0 failure(s)
2024-05-21 08:28:06 [INFO] [evolutionary_search.cc:621] Evolve iter #3 done. Summary:
Postproc #0 [meta_schedule.DisallowDynamicLoop(0xe474b58)]: 0 failure(s)
Postproc #1 [meta_schedule.RewriteParallelVectorizeUnroll(0xe12d4e8)]: 0 failure(s)
Postproc #2 [meta_schedule.RewriteReductionBlock(0xbf54348)]: 0 failure(s)
Postproc #3 [meta_schedule.RewriteLayout(0xd859bc8)]: 0 failure(s)
2024-05-21 08:28:07 [INFO] [evolutionary_search.cc:649] Scores of the best 64 candidates:
[1 : 16]:	0.9286  0.9250  0.9141  0.9137  0.9074  0.9074  0.9038  0.9034  0.9002  0.8987  0.8977  0.8971  0.8967  0.8960  0.8958  0.8927
[17 : 32]:	0.8910  0.8904  0.8900  0.8881  0.8876  0.8851  0.8845  0.8829  0.8828  0.8817  0.8814  0.8805  0.8805  0.8782  0.8770  0.8758
[33 : 48]:	0.8753  0.8743  0.8739  0.8726  0.8725  0.8719  0.8714  0.8707  0.8701  0.8701  0.8678  0.8678  0.8656  0.8648  0.8633  0.8632
[49 : 64]:	0.8632  0.8627  0.8598  0.8598  0.8592  0.8576  0.8563  0.8551  0.8546  0.8534  0.8533  0.8529  0.8492  0.8480  0.8457  0.8440
2024-05-21 08:28:07 [INFO] [evolutionary_search.cc:727] Got 64 candidate(s) with evolutionary search
2024-05-21 08:28:07 [INFO] [evolutionary_search.cc:730] Sending 64 candidates(s) for measurement
2024-05-21 08:29:45 [INFO] [task_scheduler.cc:131] [Task #14: fused_nn_conv2d_add_add_1] Trial #65: GFLOPs: 36.6151. Time: 5.3975 us. Best GFLOPs: 37.1772
2024-05-21 08:29:45 [INFO] [task_scheduler.cc:131] [Task #14: fused_nn_conv2d_add_add_1] Trial #66: GFLOPs: 36.3250. Time: 5.4407 us. Best GFLOPs: 37.1772
2024-05-21 08:29:45 [INFO] [task_scheduler.cc:131] [Task #14: fused_nn_conv2d_add_add_1] Trial #67: GFLOPs: 34.2511. Time: 5.7701 us. Best GFLOPs: 37.1772
2024-05-21 08:29:45 [INFO] [task_scheduler.cc:131] [Task #14: fused_nn_conv2d_add_add_1] Trial #68: GFLOPs: 33.6057. Time: 5.8809 us. Best GFLOPs: 37.1772
2024-05-21 08:29:45 [INFO] [task_scheduler.cc:131] [Task #14: fused_nn_conv2d_add_add_1] Trial #69: GFLOPs: 35.9008. Time: 5.5049 us. Best GFLOPs: 37.1772
2024-05-21 08:29:45 [INFO] [task_scheduler.cc:131] [Task #14: fused_nn_conv2d_add_add_1] Trial #70: GFLOPs: 35.7168. Time: 5.5333 us. Best GFLOPs: 37.1772
2024-05-21 08:29:45 [INFO] [task_scheduler.cc:131] [Task #14: fused_nn_conv2d_add_add_1] Trial #71: GFLOPs: 37.3105. Time: 5.2970 us. Best GFLOPs: 37.3105
2024-05-21 08:29:45 [INFO] [task_scheduler.cc:131] [Task #14: fused_nn_conv2d_add_add_1] Trial #72: GFLOPs: 34.5029. Time: 5.7280 us. Best GFLOPs: 37.3105
2024-05-21 08:29:45 [INFO] [task_scheduler.cc:131] [Task #14: fused_nn_conv2d_add_add_1] Trial #73: GFLOPs: 33.6543. Time: 5.8724 us. Best GFLOPs: 37.3105
2024-05-21 08:29:45 [INFO] [task_scheduler.cc:131] [Task #14: fused_nn_conv2d_add_add_1] Trial #74: GFLOPs: 36.3211. Time: 5.4412 us. Best GFLOPs: 37.3105
2024-05-21 08:29:45 [INFO] [task_scheduler.cc:131] [Task #14: fused_nn_conv2d_add_add_1] Trial #75: GFLOPs: 37.0445. Time: 5.3350 us. Best GFLOPs: 37.3105
2024-05-21 08:29:45 [INFO] [task_scheduler.cc:131] [Task #14: fused_nn_conv2d_add_add_1] Trial #76: GFLOPs: 32.9379. Time: 6.0001 us. Best GFLOPs: 37.3105
2024-05-21 08:29:45 [INFO] [task_scheduler.cc:131] [Task #14: fused_nn_conv2d_add_add_1] Trial #77: GFLOPs: 28.9674. Time: 6.8226 us. Best GFLOPs: 37.3105
2024-05-21 08:29:45 [INFO] [task_scheduler.cc:131] [Task #14: fused_nn_conv2d_add_add_1] Trial #78: GFLOPs: 37.8711. Time: 5.2186 us. Best GFLOPs: 37.8711
2024-05-21 08:29:45 [INFO] [task_scheduler.cc:131] [Task #14: fused_nn_conv2d_add_add_1] Trial #79: GFLOPs: 36.7488. Time: 5.3779 us. Best GFLOPs: 37.8711
2024-05-21 08:29:45 [INFO] [task_scheduler.cc:131] [Task #14: fused_nn_conv2d_add_add_1] Trial #80: GFLOPs: 37.1203. Time: 5.3241 us. Best GFLOPs: 37.8711
2024-05-21 08:29:45 [INFO] [task_scheduler.cc:131] [Task #14: fused_nn_conv2d_add_add_1] Trial #81: GFLOPs: 34.2026. Time: 5.7783 us. Best GFLOPs: 37.8711
2024-05-21 08:29:45 [INFO] [task_scheduler.cc:131] [Task #14: fused_nn_conv2d_add_add_1] Trial #82: GFLOPs: 20.5273. Time: 9.6278 us. Best GFLOPs: 37.8711
2024-05-21 08:29:45 [INFO] [task_scheduler.cc:131] [Task #14: fused_nn_conv2d_add_add_1] Trial #83: GFLOPs: 36.0511. Time: 5.4820 us. Best GFLOPs: 37.8711
2024-05-21 08:29:45 [INFO] [task_scheduler.cc:131] [Task #14: fused_nn_conv2d_add_add_1] Trial #84: GFLOPs: 36.8274. Time: 5.3664 us. Best GFLOPs: 37.8711
2024-05-21 08:29:45 [INFO] [task_scheduler.cc:131] [Task #14: fused_nn_conv2d_add_add_1] Trial #85: GFLOPs: 35.8747. Time: 5.5089 us. Best GFLOPs: 37.8711
2024-05-21 08:29:45 [INFO] [task_scheduler.cc:131] [Task #14: fused_nn_conv2d_add_add_1] Trial #86: GFLOPs: 36.3891. Time: 5.4311 us. Best GFLOPs: 37.8711
2024-05-21 08:29:45 [INFO] [task_scheduler.cc:131] [Task #14: fused_nn_conv2d_add_add_1] Trial #87: GFLOPs: 38.8388. Time: 5.0885 us. Best GFLOPs: 38.8388
2024-05-21 08:29:45 [INFO] [task_scheduler.cc:131] [Task #14: fused_nn_conv2d_add_add_1] Trial #88: GFLOPs: 36.2887. Time: 5.4461 us. Best GFLOPs: 38.8388
2024-05-21 08:29:45 [INFO] [task_scheduler.cc:131] [Task #14: fused_nn_conv2d_add_add_1] Trial #89: GFLOPs: 34.0856. Time: 5.7981 us. Best GFLOPs: 38.8388
2024-05-21 08:29:45 [INFO] [task_scheduler.cc:131] [Task #14: fused_nn_conv2d_add_add_1] Trial #90: GFLOPs: 33.5286. Time: 5.8944 us. Best GFLOPs: 38.8388
2024-05-21 08:29:45 [INFO] [task_scheduler.cc:131] [Task #14: fused_nn_conv2d_add_add_1] Trial #91: GFLOPs: 28.9292. Time: 6.8316 us. Best GFLOPs: 38.8388
2024-05-21 08:29:45 [INFO] [task_scheduler.cc:131] [Task #14: fused_nn_conv2d_add_add_1] Trial #92: GFLOPs: 38.1975. Time: 5.1740 us. Best GFLOPs: 38.8388
2024-05-21 08:29:45 [INFO] [task_scheduler.cc:131] [Task #14: fused_nn_conv2d_add_add_1] Trial #93: GFLOPs: 32.2702. Time: 6.1243 us. Best GFLOPs: 38.8388
2024-05-21 08:29:45 [INFO] [task_scheduler.cc:131] [Task #14: fused_nn_conv2d_add_add_1] Trial #94: GFLOPs: 32.5928. Time: 6.0637 us. Best GFLOPs: 38.8388
2024-05-21 08:29:45 [INFO] [task_scheduler.cc:131] [Task #14: fused_nn_conv2d_add_add_1] Trial #95: GFLOPs: 36.1803. Time: 5.4624 us. Best GFLOPs: 38.8388
2024-05-21 08:29:45 [INFO] [task_scheduler.cc:131] [Task #14: fused_nn_conv2d_add_add_1] Trial #96: GFLOPs: 32.7208. Time: 6.0400 us. Best GFLOPs: 38.8388
2024-05-21 08:29:45 [INFO] [task_scheduler.cc:131] [Task #14: fused_nn_conv2d_add_add_1] Trial #97: GFLOPs: 33.4389. Time: 5.9102 us. Best GFLOPs: 38.8388
2024-05-21 08:29:45 [INFO] [task_scheduler.cc:131] [Task #14: fused_nn_conv2d_add_add_1] Trial #98: GFLOPs: 32.6601. Time: 6.0512 us. Best GFLOPs: 38.8388
2024-05-21 08:29:45 [INFO] [task_scheduler.cc:131] [Task #14: fused_nn_conv2d_add_add_1] Trial #99: GFLOPs: 35.1631. Time: 5.6204 us. Best GFLOPs: 38.8388
2024-05-21 08:29:45 [INFO] [task_scheduler.cc:131] [Task #14: fused_nn_conv2d_add_add_1] Trial #100: GFLOPs: 29.2233. Time: 6.7628 us. Best GFLOPs: 38.8388
2024-05-21 08:29:45 [INFO] [task_scheduler.cc:131] [Task #14: fused_nn_conv2d_add_add_1] Trial #101: GFLOPs: 36.1784. Time: 5.4627 us. Best GFLOPs: 38.8388
2024-05-21 08:29:45 [INFO] [task_scheduler.cc:131] [Task #14: fused_nn_conv2d_add_add_1] Trial #102: GFLOPs: 36.8542. Time: 5.3625 us. Best GFLOPs: 38.8388
2024-05-21 08:29:45 [INFO] [task_scheduler.cc:131] [Task #14: fused_nn_conv2d_add_add_1] Trial #103: GFLOPs: 27.1895. Time: 7.2687 us. Best GFLOPs: 38.8388
2024-05-21 08:29:45 [INFO] [task_scheduler.cc:131] [Task #14: fused_nn_conv2d_add_add_1] Trial #104: GFLOPs: 31.8134. Time: 6.2122 us. Best GFLOPs: 38.8388
2024-05-21 08:29:45 [INFO] [task_scheduler.cc:131] [Task #14: fused_nn_conv2d_add_add_1] Trial #105: GFLOPs: 31.0156. Time: 6.3720 us. Best GFLOPs: 38.8388
2024-05-21 08:29:45 [INFO] [task_scheduler.cc:131] [Task #14: fused_nn_conv2d_add_add_1] Trial #106: GFLOPs: 27.7311. Time: 7.1267 us. Best GFLOPs: 38.8388
2024-05-21 08:29:45 [INFO] [task_scheduler.cc:131] [Task #14: fused_nn_conv2d_add_add_1] Trial #107: GFLOPs: 36.8008. Time: 5.3703 us. Best GFLOPs: 38.8388
2024-05-21 08:29:45 [INFO] [task_scheduler.cc:131] [Task #14: fused_nn_conv2d_add_add_1] Trial #108: GFLOPs: 34.9718. Time: 5.6512 us. Best GFLOPs: 38.8388
2024-05-21 08:29:45 [INFO] [task_scheduler.cc:131] [Task #14: fused_nn_conv2d_add_add_1] Trial #109: GFLOPs: 37.2631. Time: 5.3037 us. Best GFLOPs: 38.8388
2024-05-21 08:29:45 [INFO] [task_scheduler.cc:131] [Task #14: fused_nn_conv2d_add_add_1] Trial #110: GFLOPs: 32.4651. Time: 6.0875 us. Best GFLOPs: 38.8388
2024-05-21 08:29:45 [INFO] [task_scheduler.cc:131] [Task #14: fused_nn_conv2d_add_add_1] Trial #111: GFLOPs: 31.7770. Time: 6.2193 us. Best GFLOPs: 38.8388
2024-05-21 08:29:45 [INFO] [task_scheduler.cc:131] [Task #14: fused_nn_conv2d_add_add_1] Trial #112: GFLOPs: 35.8843. Time: 5.5075 us. Best GFLOPs: 38.8388
2024-05-21 08:29:45 [INFO] [task_scheduler.cc:131] [Task #14: fused_nn_conv2d_add_add_1] Trial #113: GFLOPs: 36.8715. Time: 5.3600 us. Best GFLOPs: 38.8388
2024-05-21 08:29:45 [INFO] [task_scheduler.cc:131] [Task #14: fused_nn_conv2d_add_add_1] Trial #114: GFLOPs: 35.4857. Time: 5.5693 us. Best GFLOPs: 38.8388
2024-05-21 08:29:45 [INFO] [task_scheduler.cc:131] [Task #14: fused_nn_conv2d_add_add_1] Trial #115: GFLOPs: 33.9752. Time: 5.8170 us. Best GFLOPs: 38.8388
2024-05-21 08:29:45 [INFO] [task_scheduler.cc:131] [Task #14: fused_nn_conv2d_add_add_1] Trial #116: GFLOPs: 31.2196. Time: 6.3304 us. Best GFLOPs: 38.8388
2024-05-21 08:29:45 [INFO] [task_scheduler.cc:131] [Task #14: fused_nn_conv2d_add_add_1] Trial #117: GFLOPs: 36.2261. Time: 5.4555 us. Best GFLOPs: 38.8388
2024-05-21 08:29:45 [INFO] [task_scheduler.cc:131] [Task #14: fused_nn_conv2d_add_add_1] Trial #118: GFLOPs: 29.0035. Time: 6.8141 us. Best GFLOPs: 38.8388
2024-05-21 08:29:45 [INFO] [task_scheduler.cc:131] [Task #14: fused_nn_conv2d_add_add_1] Trial #119: GFLOPs: 36.8664. Time: 5.3608 us. Best GFLOPs: 38.8388
2024-05-21 08:29:45 [INFO] [task_scheduler.cc:131] [Task #14: fused_nn_conv2d_add_add_1] Trial #120: GFLOPs: 24.5863. Time: 8.0383 us. Best GFLOPs: 38.8388
2024-05-21 08:29:45 [INFO] [task_scheduler.cc:131] [Task #14: fused_nn_conv2d_add_add_1] Trial #121: GFLOPs: 22.8157. Time: 8.6621 us. Best GFLOPs: 38.8388
2024-05-21 08:29:45 [INFO] [task_scheduler.cc:131] [Task #14: fused_nn_conv2d_add_add_1] Trial #122: GFLOPs: 33.4758. Time: 5.9037 us. Best GFLOPs: 38.8388
2024-05-21 08:29:45 [INFO] [task_scheduler.cc:131] [Task #14: fused_nn_conv2d_add_add_1] Trial #123: GFLOPs: 34.2154. Time: 5.7761 us. Best GFLOPs: 38.8388
2024-05-21 08:29:45 [INFO] [task_scheduler.cc:131] [Task #14: fused_nn_conv2d_add_add_1] Trial #124: GFLOPs: 29.7919. Time: 6.6338 us. Best GFLOPs: 38.8388
2024-05-21 08:29:45 [INFO] [task_scheduler.cc:131] [Task #14: fused_nn_conv2d_add_add_1] Trial #125: GFLOPs: 32.2408. Time: 6.1299 us. Best GFLOPs: 38.8388
2024-05-21 08:29:45 [INFO] [task_scheduler.cc:131] [Task #14: fused_nn_conv2d_add_add_1] Trial #126: GFLOPs: 28.6720. Time: 6.8929 us. Best GFLOPs: 38.8388
2024-05-21 08:29:45 [INFO] [task_scheduler.cc:131] [Task #14: fused_nn_conv2d_add_add_1] Trial #127: GFLOPs: 10.1122. Time: 19.5438 us. Best GFLOPs: 38.8388
2024-05-21 08:29:45 [INFO] [task_scheduler.cc:131] [Task #14: fused_nn_conv2d_add_add_1] Trial #128: GFLOPs: 27.1666. Time: 7.2748 us. Best GFLOPs: 38.8388
2024-05-21 09:07:34 [INFO] [evolutionary_search.cc:713] Generating candidates......
2024-05-21 09:07:34 [INFO] [evolutionary_search.cc:715] Picked top 102 candidate(s) from database
2024-05-21 09:07:35 [INFO] [evolutionary_search.cc:533] Sample-Init-Population summary:
Postproc #0 [meta_schedule.DisallowDynamicLoop(0xe474b58)]: 0 failure(s)
Postproc #1 [meta_schedule.RewriteParallelVectorizeUnroll(0xe12d4e8)]: 0 failure(s)
Postproc #2 [meta_schedule.RewriteReductionBlock(0xbf54348)]: 0 failure(s)
Postproc #3 [meta_schedule.RewriteLayout(0xd859bc8)]: 0 failure(s)
2024-05-21 09:07:35 [INFO] [evolutionary_search.cc:723] Sampled 410 candidate(s)
2024-05-21 09:07:37 [INFO] [evolutionary_search.cc:621] Evolve iter #0 done. Summary:
Postproc #0 [meta_schedule.DisallowDynamicLoop(0xe474b58)]: 0 failure(s)
Postproc #1 [meta_schedule.RewriteParallelVectorizeUnroll(0xe12d4e8)]: 0 failure(s)
Postproc #2 [meta_schedule.RewriteReductionBlock(0xbf54348)]: 0 failure(s)
Postproc #3 [meta_schedule.RewriteLayout(0xd859bc8)]: 0 failure(s)
2024-05-21 09:07:39 [INFO] [evolutionary_search.cc:621] Evolve iter #1 done. Summary:
Postproc #0 [meta_schedule.DisallowDynamicLoop(0xe474b58)]: 0 failure(s)
Postproc #1 [meta_schedule.RewriteParallelVectorizeUnroll(0xe12d4e8)]: 0 failure(s)
Postproc #2 [meta_schedule.RewriteReductionBlock(0xbf54348)]: 0 failure(s)
Postproc #3 [meta_schedule.RewriteLayout(0xd859bc8)]: 0 failure(s)
2024-05-21 09:07:41 [INFO] [evolutionary_search.cc:621] Evolve iter #2 done. Summary:
Postproc #0 [meta_schedule.DisallowDynamicLoop(0xe474b58)]: 0 failure(s)
Postproc #1 [meta_schedule.RewriteParallelVectorizeUnroll(0xe12d4e8)]: 0 failure(s)
Postproc #2 [meta_schedule.RewriteReductionBlock(0xbf54348)]: 0 failure(s)
Postproc #3 [meta_schedule.RewriteLayout(0xd859bc8)]: 0 failure(s)
2024-05-21 09:07:43 [INFO] [evolutionary_search.cc:621] Evolve iter #3 done. Summary:
Postproc #0 [meta_schedule.DisallowDynamicLoop(0xe474b58)]: 0 failure(s)
Postproc #1 [meta_schedule.RewriteParallelVectorizeUnroll(0xe12d4e8)]: 0 failure(s)
Postproc #2 [meta_schedule.RewriteReductionBlock(0xbf54348)]: 0 failure(s)
Postproc #3 [meta_schedule.RewriteLayout(0xd859bc8)]: 0 failure(s)
2024-05-21 09:07:44 [INFO] [evolutionary_search.cc:649] Scores of the best 64 candidates:
[1 : 16]:	0.9430  0.9425  0.9425  0.9404  0.9345  0.9314  0.9300  0.9293  0.9292  0.9288  0.9269  0.9269  0.9265  0.9264  0.9249  0.9249
[17 : 32]:	0.9249  0.9248  0.9229  0.9221  0.9220  0.9193  0.9193  0.9192  0.9192  0.9191  0.9184  0.9179  0.9175  0.9175  0.9171  0.9170
[33 : 48]:	0.9158  0.9155  0.9153  0.9153  0.9146  0.9146  0.9142  0.9142  0.9136  0.9133  0.9130  0.9127  0.9118  0.9117  0.9110  0.9104
[49 : 64]:	0.9093  0.9093  0.9088  0.9087  0.9083  0.9083  0.9082  0.9082  0.9081  0.9077  0.9076  0.9072  0.9066  0.9066  0.9064  0.9064
2024-05-21 09:07:44 [INFO] [evolutionary_search.cc:727] Got 64 candidate(s) with evolutionary search
2024-05-21 09:07:44 [INFO] [evolutionary_search.cc:730] Sending 64 candidates(s) for measurement
2024-05-21 09:09:29 [INFO] [task_scheduler.cc:131] [Task #14: fused_nn_conv2d_add_add_1] Trial #129: GFLOPs: 39.4203. Time: 5.0135 us. Best GFLOPs: 39.4203
2024-05-21 09:09:29 [INFO] [task_scheduler.cc:131] [Task #14: fused_nn_conv2d_add_add_1] Trial #130: GFLOPs: 39.0782. Time: 5.0574 us. Best GFLOPs: 39.4203
2024-05-21 09:09:29 [INFO] [task_scheduler.cc:131] [Task #14: fused_nn_conv2d_add_add_1] Trial #131: GFLOPs: 37.9142. Time: 5.2126 us. Best GFLOPs: 39.4203
2024-05-21 09:09:29 [INFO] [task_scheduler.cc:131] [Task #14: fused_nn_conv2d_add_add_1] Trial #132: GFLOPs: 32.6160. Time: 6.0594 us. Best GFLOPs: 39.4203
2024-05-21 09:09:29 [INFO] [task_scheduler.cc:131] [Task #14: fused_nn_conv2d_add_add_1] Trial #133: GFLOPs: 33.7102. Time: 5.8627 us. Best GFLOPs: 39.4203
2024-05-21 09:09:29 [INFO] [task_scheduler.cc:131] [Task #14: fused_nn_conv2d_add_add_1] Trial #134: GFLOPs: 36.8053. Time: 5.3697 us. Best GFLOPs: 39.4203
2024-05-21 09:09:29 [INFO] [task_scheduler.cc:131] [Task #14: fused_nn_conv2d_add_add_1] Trial #135: GFLOPs: 37.7573. Time: 5.2343 us. Best GFLOPs: 39.4203
2024-05-21 09:09:29 [INFO] [task_scheduler.cc:131] [Task #14: fused_nn_conv2d_add_add_1] Trial #136: GFLOPs: 27.6830. Time: 7.1391 us. Best GFLOPs: 39.4203
2024-05-21 09:09:29 [INFO] [task_scheduler.cc:131] [Task #14: fused_nn_conv2d_add_add_1] Trial #137: GFLOPs: 38.2561. Time: 5.1660 us. Best GFLOPs: 39.4203
2024-05-21 09:09:29 [INFO] [task_scheduler.cc:131] [Task #14: fused_nn_conv2d_add_add_1] Trial #138: GFLOPs: 36.6617. Time: 5.3907 us. Best GFLOPs: 39.4203
2024-05-21 09:09:29 [INFO] [task_scheduler.cc:131] [Task #14: fused_nn_conv2d_add_add_1] Trial #139: GFLOPs: 38.6279. Time: 5.1163 us. Best GFLOPs: 39.4203
2024-05-21 09:09:29 [INFO] [task_scheduler.cc:131] [Task #14: fused_nn_conv2d_add_add_1] Trial #140: GFLOPs: 38.6741. Time: 5.1102 us. Best GFLOPs: 39.4203
2024-05-21 09:09:29 [INFO] [task_scheduler.cc:131] [Task #14: fused_nn_conv2d_add_add_1] Trial #141: GFLOPs: 37.4451. Time: 5.2779 us. Best GFLOPs: 39.4203
2024-05-21 09:09:29 [INFO] [task_scheduler.cc:131] [Task #14: fused_nn_conv2d_add_add_1] Trial #142: GFLOPs: 38.4831. Time: 5.1356 us. Best GFLOPs: 39.4203
2024-05-21 09:09:29 [INFO] [task_scheduler.cc:131] [Task #14: fused_nn_conv2d_add_add_1] Trial #143: GFLOPs: 32.2443. Time: 6.1292 us. Best GFLOPs: 39.4203
2024-05-21 09:09:29 [INFO] [task_scheduler.cc:131] [Task #14: fused_nn_conv2d_add_add_1] Trial #144: GFLOPs: 35.5663. Time: 5.5567 us. Best GFLOPs: 39.4203
2024-05-21 09:09:29 [INFO] [task_scheduler.cc:131] [Task #14: fused_nn_conv2d_add_add_1] Trial #145: GFLOPs: 30.9736. Time: 6.3807 us. Best GFLOPs: 39.4203
2024-05-21 09:09:29 [INFO] [task_scheduler.cc:131] [Task #14: fused_nn_conv2d_add_add_1] Trial #146: GFLOPs: 27.4154. Time: 7.2088 us. Best GFLOPs: 39.4203
2024-05-21 09:09:29 [INFO] [task_scheduler.cc:131] [Task #14: fused_nn_conv2d_add_add_1] Trial #147: GFLOPs: 34.2783. Time: 5.7655 us. Best GFLOPs: 39.4203
2024-05-21 09:09:29 [INFO] [task_scheduler.cc:131] [Task #14: fused_nn_conv2d_add_add_1] Trial #148: GFLOPs: 30.2218. Time: 6.5394 us. Best GFLOPs: 39.4203
2024-05-21 09:09:29 [INFO] [task_scheduler.cc:131] [Task #14: fused_nn_conv2d_add_add_1] Trial #149: GFLOPs: 30.9113. Time: 6.3935 us. Best GFLOPs: 39.4203
2024-05-21 09:09:29 [INFO] [task_scheduler.cc:131] [Task #14: fused_nn_conv2d_add_add_1] Trial #150: GFLOPs: 36.9582. Time: 5.3475 us. Best GFLOPs: 39.4203
2024-05-21 09:09:29 [INFO] [task_scheduler.cc:131] [Task #14: fused_nn_conv2d_add_add_1] Trial #151: GFLOPs: 30.9826. Time: 6.3788 us. Best GFLOPs: 39.4203
2024-05-21 09:09:29 [INFO] [task_scheduler.cc:131] [Task #14: fused_nn_conv2d_add_add_1] Trial #152: GFLOPs: 32.4413. Time: 6.0920 us. Best GFLOPs: 39.4203
2024-05-21 09:09:29 [INFO] [task_scheduler.cc:131] [Task #14: fused_nn_conv2d_add_add_1] Trial #153: GFLOPs: 32.4474. Time: 6.0908 us. Best GFLOPs: 39.4203
2024-05-21 09:09:29 [INFO] [task_scheduler.cc:131] [Task #14: fused_nn_conv2d_add_add_1] Trial #154: GFLOPs: 32.3835. Time: 6.1029 us. Best GFLOPs: 39.4203
2024-05-21 09:09:29 [INFO] [task_scheduler.cc:131] [Task #14: fused_nn_conv2d_add_add_1] Trial #155: GFLOPs: 32.3414. Time: 6.1108 us. Best GFLOPs: 39.4203
2024-05-21 09:09:29 [INFO] [task_scheduler.cc:131] [Task #14: fused_nn_conv2d_add_add_1] Trial #156: GFLOPs: 33.4185. Time: 5.9139 us. Best GFLOPs: 39.4203
2024-05-21 09:09:29 [INFO] [task_scheduler.cc:131] [Task #14: fused_nn_conv2d_add_add_1] Trial #157: GFLOPs: 31.0886. Time: 6.3571 us. Best GFLOPs: 39.4203
2024-05-21 09:09:29 [INFO] [task_scheduler.cc:131] [Task #14: fused_nn_conv2d_add_add_1] Trial #158: GFLOPs: 30.6482. Time: 6.4484 us. Best GFLOPs: 39.4203
2024-05-21 09:09:29 [INFO] [task_scheduler.cc:131] [Task #14: fused_nn_conv2d_add_add_1] Trial #159: GFLOPs: 38.6703. Time: 5.1107 us. Best GFLOPs: 39.4203
2024-05-21 09:09:29 [INFO] [task_scheduler.cc:131] [Task #14: fused_nn_conv2d_add_add_1] Trial #160: GFLOPs: 36.8891. Time: 5.3575 us. Best GFLOPs: 39.4203
2024-05-21 09:09:29 [INFO] [task_scheduler.cc:131] [Task #14: fused_nn_conv2d_add_add_1] Trial #161: GFLOPs: 34.5248. Time: 5.7244 us. Best GFLOPs: 39.4203
2024-05-21 09:09:29 [INFO] [task_scheduler.cc:131] [Task #14: fused_nn_conv2d_add_add_1] Trial #162: GFLOPs: 36.6582. Time: 5.3912 us. Best GFLOPs: 39.4203
2024-05-21 09:09:29 [INFO] [task_scheduler.cc:131] [Task #14: fused_nn_conv2d_add_add_1] Trial #163: GFLOPs: 29.9427. Time: 6.6003 us. Best GFLOPs: 39.4203
2024-05-21 09:09:29 [INFO] [task_scheduler.cc:131] [Task #14: fused_nn_conv2d_add_add_1] Trial #164: GFLOPs: 32.3798. Time: 6.1036 us. Best GFLOPs: 39.4203
2024-05-21 09:09:29 [INFO] [task_scheduler.cc:131] [Task #14: fused_nn_conv2d_add_add_1] Trial #165: GFLOPs: 30.7287. Time: 6.4315 us. Best GFLOPs: 39.4203
2024-05-21 09:09:29 [INFO] [task_scheduler.cc:131] [Task #14: fused_nn_conv2d_add_add_1] Trial #166: GFLOPs: 31.6684. Time: 6.2407 us. Best GFLOPs: 39.4203
2024-05-21 09:09:29 [INFO] [task_scheduler.cc:131] [Task #14: fused_nn_conv2d_add_add_1] Trial #167: GFLOPs: 31.0391. Time: 6.3672 us. Best GFLOPs: 39.4203
2024-05-21 09:09:29 [INFO] [task_scheduler.cc:131] [Task #14: fused_nn_conv2d_add_add_1] Trial #168: GFLOPs: 30.5645. Time: 6.4661 us. Best GFLOPs: 39.4203
2024-05-21 09:09:29 [INFO] [task_scheduler.cc:131] [Task #14: fused_nn_conv2d_add_add_1] Trial #169: GFLOPs: 34.2682. Time: 5.7672 us. Best GFLOPs: 39.4203
2024-05-21 09:09:29 [INFO] [task_scheduler.cc:131] [Task #14: fused_nn_conv2d_add_add_1] Trial #170: GFLOPs: 29.6562. Time: 6.6641 us. Best GFLOPs: 39.4203
2024-05-21 09:09:29 [INFO] [task_scheduler.cc:131] [Task #14: fused_nn_conv2d_add_add_1] Trial #171: GFLOPs: 32.2018. Time: 6.1373 us. Best GFLOPs: 39.4203
2024-05-21 09:09:29 [INFO] [task_scheduler.cc:131] [Task #14: fused_nn_conv2d_add_add_1] Trial #172: GFLOPs: 36.0411. Time: 5.4835 us. Best GFLOPs: 39.4203
2024-05-21 09:09:29 [INFO] [task_scheduler.cc:131] [Task #14: fused_nn_conv2d_add_add_1] Trial #173: GFLOPs: 29.8697. Time: 6.6165 us. Best GFLOPs: 39.4203
2024-05-21 09:09:29 [INFO] [task_scheduler.cc:131] [Task #14: fused_nn_conv2d_add_add_1] Trial #174: GFLOPs: 37.9844. Time: 5.2030 us. Best GFLOPs: 39.4203
2024-05-21 09:09:29 [INFO] [task_scheduler.cc:131] [Task #14: fused_nn_conv2d_add_add_1] Trial #175: GFLOPs: 36.1863. Time: 5.4615 us. Best GFLOPs: 39.4203
2024-05-21 09:09:29 [INFO] [task_scheduler.cc:131] [Task #14: fused_nn_conv2d_add_add_1] Trial #176: GFLOPs: 35.0376. Time: 5.6406 us. Best GFLOPs: 39.4203
2024-05-21 09:09:29 [INFO] [task_scheduler.cc:131] [Task #14: fused_nn_conv2d_add_add_1] Trial #177: GFLOPs: 32.0870. Time: 6.1592 us. Best GFLOPs: 39.4203
2024-05-21 09:09:29 [INFO] [task_scheduler.cc:131] [Task #14: fused_nn_conv2d_add_add_1] Trial #178: GFLOPs: 31.6578. Time: 6.2428 us. Best GFLOPs: 39.4203
2024-05-21 09:09:29 [INFO] [task_scheduler.cc:131] [Task #14: fused_nn_conv2d_add_add_1] Trial #179: GFLOPs: 27.4992. Time: 7.1868 us. Best GFLOPs: 39.4203
2024-05-21 09:09:29 [INFO] [task_scheduler.cc:131] [Task #14: fused_nn_conv2d_add_add_1] Trial #180: GFLOPs: 30.4222. Time: 6.4963 us. Best GFLOPs: 39.4203
2024-05-21 09:09:29 [INFO] [task_scheduler.cc:131] [Task #14: fused_nn_conv2d_add_add_1] Trial #181: GFLOPs: 34.4758. Time: 5.7325 us. Best GFLOPs: 39.4203
2024-05-21 09:09:29 [INFO] [task_scheduler.cc:131] [Task #14: fused_nn_conv2d_add_add_1] Trial #182: GFLOPs: 34.6730. Time: 5.6999 us. Best GFLOPs: 39.4203
2024-05-21 09:09:29 [INFO] [task_scheduler.cc:131] [Task #14: fused_nn_conv2d_add_add_1] Trial #183: GFLOPs: 35.4424. Time: 5.5761 us. Best GFLOPs: 39.4203
2024-05-21 09:09:29 [INFO] [task_scheduler.cc:131] [Task #14: fused_nn_conv2d_add_add_1] Trial #184: GFLOPs: 33.7927. Time: 5.8484 us. Best GFLOPs: 39.4203
2024-05-21 09:09:29 [INFO] [task_scheduler.cc:131] [Task #14: fused_nn_conv2d_add_add_1] Trial #185: GFLOPs: 34.8734. Time: 5.6671 us. Best GFLOPs: 39.4203
2024-05-21 09:09:29 [INFO] [task_scheduler.cc:131] [Task #14: fused_nn_conv2d_add_add_1] Trial #186: GFLOPs: 25.7992. Time: 7.6604 us. Best GFLOPs: 39.4203
2024-05-21 09:09:29 [INFO] [task_scheduler.cc:131] [Task #14: fused_nn_conv2d_add_add_1] Trial #187: GFLOPs: 33.4445. Time: 5.9092 us. Best GFLOPs: 39.4203
2024-05-21 09:09:29 [INFO] [task_scheduler.cc:131] [Task #14: fused_nn_conv2d_add_add_1] Trial #188: GFLOPs: 37.1287. Time: 5.3229 us. Best GFLOPs: 39.4203
2024-05-21 09:09:29 [INFO] [task_scheduler.cc:131] [Task #14: fused_nn_conv2d_add_add_1] Trial #189: GFLOPs: 37.2379. Time: 5.3073 us. Best GFLOPs: 39.4203
2024-05-21 09:09:29 [INFO] [task_scheduler.cc:131] [Task #14: fused_nn_conv2d_add_add_1] Trial #190: GFLOPs: 13.1923. Time: 14.9808 us. Best GFLOPs: 39.4203
2024-05-21 09:09:29 [INFO] [task_scheduler.cc:131] [Task #14: fused_nn_conv2d_add_add_1] Trial #191: GFLOPs: 12.6950. Time: 15.5677 us. Best GFLOPs: 39.4203
2024-05-21 09:09:29 [INFO] [task_scheduler.cc:131] [Task #14: fused_nn_conv2d_add_add_1] Trial #192: GFLOPs: 29.4283. Time: 6.7157 us. Best GFLOPs: 39.4203
