2024-05-21 07:11:20 [INFO] [task_scheduler.cc:160] Initializing Task #5: "fused_nn_conv2d_add_clip_3"
2024-05-21 07:11:20 [INFO] [task_scheduler.cc:35] 
# from tvm.script import ir as I
# from tvm.script import tir as T

@I.ir_module
class Module:
    @T.prim_func
    def main(p0: T.Buffer((T.int64(1), T.int64(17), T.int64(17), T.int64(96)), "float32"), p1: T.Buffer((T.int64(3), T.int64(3), T.int64(96), T.int64(1)), "float32"), p2: T.Buffer((T.int64(1), T.int64(1), T.int64(1), T.int64(96)), "float32"), compute: T.Buffer((T.int64(1), T.int64(8), T.int64(8), T.int64(96)), "float32")):
        T.func_attr({"tir.noalias": T.bool(True)})
        # with T.block("root"):
        PaddedInput = T.alloc_buffer((T.int64(1), T.int64(17), T.int64(17), T.int64(96)))
        DepthwiseConv2d = T.alloc_buffer((T.int64(1), T.int64(8), T.int64(8), T.int64(96)))
        T_add = T.alloc_buffer((T.int64(1), T.int64(8), T.int64(8), T.int64(96)))
        for i0, i1, i2, i3 in T.grid(T.int64(1), T.int64(17), T.int64(17), T.int64(96)):
            with T.block("PaddedInput"):
                v_i0, v_i1, v_i2, v_i3 = T.axis.remap("SSSS", [i0, i1, i2, i3])
                T.reads(p0[v_i0, v_i1, v_i2, v_i3])
                T.writes(PaddedInput[v_i0, v_i1, v_i2, v_i3])
                PaddedInput[v_i0, v_i1, v_i2, v_i3] = p0[v_i0, v_i1, v_i2, v_i3]
        for b, i, j, c, di, dj in T.grid(T.int64(1), T.int64(8), T.int64(8), T.int64(96), T.int64(3), T.int64(3)):
            with T.block("DepthwiseConv2d"):
                v_b, v_i, v_j, v_c, v_di, v_dj = T.axis.remap("SSSSRR", [b, i, j, c, di, dj])
                T.reads(PaddedInput[v_b, v_i * T.int64(2) + v_di, v_j * T.int64(2) + v_dj, v_c], p1[v_di, v_dj, v_c, T.int64(0)])
                T.writes(DepthwiseConv2d[v_b, v_i, v_j, v_c])
                with T.init():
                    DepthwiseConv2d[v_b, v_i, v_j, v_c] = T.float32(0)
                DepthwiseConv2d[v_b, v_i, v_j, v_c] = DepthwiseConv2d[v_b, v_i, v_j, v_c] + PaddedInput[v_b, v_i * T.int64(2) + v_di, v_j * T.int64(2) + v_dj, v_c] * p1[v_di, v_dj, v_c, T.int64(0)]
        for ax0, ax1, ax2, ax3 in T.grid(T.int64(1), T.int64(8), T.int64(8), T.int64(96)):
            with T.block("T_add"):
                v_ax0, v_ax1, v_ax2, v_ax3 = T.axis.remap("SSSS", [ax0, ax1, ax2, ax3])
                T.reads(DepthwiseConv2d[v_ax0, v_ax1, v_ax2, v_ax3], p2[v_ax0, T.int64(0), T.int64(0), v_ax3])
                T.writes(T_add[v_ax0, v_ax1, v_ax2, v_ax3])
                T_add[v_ax0, v_ax1, v_ax2, v_ax3] = DepthwiseConv2d[v_ax0, v_ax1, v_ax2, v_ax3] + p2[v_ax0, T.int64(0), T.int64(0), v_ax3]
        for i0, i1, i2, i3 in T.grid(T.int64(1), T.int64(8), T.int64(8), T.int64(96)):
            with T.block("compute"):
                v_i0, v_i1, v_i2, v_i3 = T.axis.remap("SSSS", [i0, i1, i2, i3])
                T.reads(T_add[v_i0, v_i1, v_i2, v_i3])
                T.writes(compute[v_i0, v_i1, v_i2, v_i3])
                compute[v_i0, v_i1, v_i2, v_i3] = T.max(T.min(T_add[v_i0, v_i1, v_i2, v_i3], T.float32(6)), T.float32(0))
2024-05-21 07:11:20 [INFO] [task_scheduler.cc:164] Total 3 design space(s) generated
2024-05-21 07:11:20 [INFO] [task_scheduler.cc:170] Design space #0:
# from tvm.script import ir as I
# from tvm.script import tir as T

@I.ir_module
class Module:
    @T.prim_func
    def main(p0: T.Buffer((T.int64(1), T.int64(17), T.int64(17), T.int64(96)), "float32"), p1: T.Buffer((T.int64(3), T.int64(3), T.int64(96), T.int64(1)), "float32"), p2: T.Buffer((T.int64(1), T.int64(1), T.int64(1), T.int64(96)), "float32"), compute: T.Buffer((T.int64(1), T.int64(8), T.int64(8), T.int64(96)), "float32")):
        T.func_attr({"tir.noalias": T.bool(True)})
        with T.block("root"):
            T.reads()
            T.writes()
            T.block_attr({"meta_schedule.parallel": 96, "meta_schedule.unroll_explicit": 64, "meta_schedule.vectorize": 64})
            DepthwiseConv2d = T.alloc_buffer((T.int64(1), T.int64(8), T.int64(8), T.int64(96)))
            for b_0, i_0, j_0, c_0, b_1, i_1, j_1, c_1, di_0, dj_0, b_2, i_2, j_2, c_2, di_1, dj_1, b_3, i_3, j_3, c_3 in T.grid(T.int64(1), T.int64(2), T.int64(1), T.int64(24), T.int64(1), T.int64(2), T.int64(1), T.int64(1), T.int64(3), T.int64(3), T.int64(1), T.int64(2), T.int64(4), T.int64(2), T.int64(1), T.int64(1), T.int64(1), T.int64(1), T.int64(2), T.int64(2)):
                with T.block("DepthwiseConv2d"):
                    v_b = T.axis.spatial(T.int64(1), b_0 + b_1 + b_2 + b_3)
                    v_i = T.axis.spatial(T.int64(8), i_0 * T.int64(4) + i_1 * T.int64(2) + i_2 + i_3)
                    v_j = T.axis.spatial(T.int64(8), j_0 * T.int64(8) + j_1 * T.int64(8) + j_2 * T.int64(2) + j_3)
                    v_c = T.axis.spatial(T.int64(96), c_0 * T.int64(4) + c_1 * T.int64(4) + c_2 * T.int64(2) + c_3)
                    v_di = T.axis.reduce(T.int64(3), di_0 + di_1)
                    v_dj = T.axis.reduce(T.int64(3), dj_0 + dj_1)
                    T.reads(p0[v_b, v_i * T.int64(2) + v_di, v_j * T.int64(2) + v_dj, v_c], p1[v_di, v_dj, v_c, T.int64(0)])
                    T.writes(DepthwiseConv2d[v_b, v_i, v_j, v_c])
                    T.block_attr({"meta_schedule.tiling_structure": "SSRSRS"})
                    with T.init():
                        DepthwiseConv2d[v_b, v_i, v_j, v_c] = T.float32(0)
                    DepthwiseConv2d[v_b, v_i, v_j, v_c] = DepthwiseConv2d[v_b, v_i, v_j, v_c] + p0[v_b, v_i * T.int64(2) + v_di, v_j * T.int64(2) + v_dj, v_c] * p1[v_di, v_dj, v_c, T.int64(0)]
            for i0, i1, i2, i3 in T.grid(T.int64(1), T.int64(8), T.int64(8), T.int64(96)):
                with T.block("compute"):
                    v_i0, v_i1, v_i2, v_i3 = T.axis.remap("SSSS", [i0, i1, i2, i3])
                    T.reads(DepthwiseConv2d[v_i0, v_i1, v_i2, v_i3], p2[v_i0, T.int64(0), T.int64(0), v_i3])
                    T.writes(compute[v_i0, v_i1, v_i2, v_i3])
                    compute[v_i0, v_i1, v_i2, v_i3] = T.max(T.min(DepthwiseConv2d[v_i0, v_i1, v_i2, v_i3] + p2[v_i0, T.int64(0), T.int64(0), v_i3], T.float32(6)), T.float32(0))
b0 = sch.get_block(name="PaddedInput", func_name="main")
b1 = sch.get_block(name="DepthwiseConv2d", func_name="main")
b2 = sch.get_block(name="T_add", func_name="main")
b3 = sch.get_block(name="root", func_name="main")
sch.compute_inline(block=b2)
sch.compute_inline(block=b0)
sch.annotate(block_or_loop=b1, ann_key="meta_schedule.tiling_structure", ann_val="SSRSRS")
l4, l5, l6, l7, l8, l9 = sch.get_loops(block=b1)
v10, v11, v12, v13 = sch.sample_perfect_tile(loop=l4, n=4, max_innermost_factor=64, decision=[1, 1, 1, 1])
l14, l15, l16, l17 = sch.split(loop=l4, factors=[v10, v11, v12, v13], preserve_unit_iters=True, disable_predication=False)
v18, v19, v20, v21 = sch.sample_perfect_tile(loop=l5, n=4, max_innermost_factor=64, decision=[2, 2, 2, 1])
l22, l23, l24, l25 = sch.split(loop=l5, factors=[v18, v19, v20, v21], preserve_unit_iters=True, disable_predication=False)
v26, v27, v28, v29 = sch.sample_perfect_tile(loop=l6, n=4, max_innermost_factor=64, decision=[1, 1, 4, 2])
l30, l31, l32, l33 = sch.split(loop=l6, factors=[v26, v27, v28, v29], preserve_unit_iters=True, disable_predication=False)
v34, v35, v36, v37 = sch.sample_perfect_tile(loop=l7, n=4, max_innermost_factor=64, decision=[24, 1, 2, 2])
l38, l39, l40, l41 = sch.split(loop=l7, factors=[v34, v35, v36, v37], preserve_unit_iters=True, disable_predication=False)
v42, v43 = sch.sample_perfect_tile(loop=l8, n=2, max_innermost_factor=64, decision=[3, 1])
l44, l45 = sch.split(loop=l8, factors=[v42, v43], preserve_unit_iters=True, disable_predication=False)
v46, v47 = sch.sample_perfect_tile(loop=l9, n=2, max_innermost_factor=64, decision=[3, 1])
l48, l49 = sch.split(loop=l9, factors=[v46, v47], preserve_unit_iters=True, disable_predication=False)
sch.reorder(l14, l22, l30, l38, l15, l23, l31, l39, l44, l48, l16, l24, l32, l40, l45, l49, l17, l25, l33, l41)
sch.annotate(block_or_loop=b3, ann_key="meta_schedule.parallel", ann_val=96)
sch.annotate(block_or_loop=b3, ann_key="meta_schedule.vectorize", ann_val=64)
v50 = sch.sample_categorical(candidates=[0, 16, 64, 512], probs=[0.25, 0.25, 0.25, 0.25], decision=2)
sch.annotate(block_or_loop=b3, ann_key="meta_schedule.unroll_explicit", ann_val=v50)
2024-05-21 07:11:20 [INFO] [task_scheduler.cc:170] Design space #1:
# from tvm.script import ir as I
# from tvm.script import tir as T

@I.ir_module
class Module:
    @T.prim_func
    def main(p0: T.Buffer((T.int64(1), T.int64(17), T.int64(17), T.int64(96)), "float32"), p1: T.Buffer((T.int64(3), T.int64(3), T.int64(96), T.int64(1)), "float32"), p2: T.Buffer((T.int64(1), T.int64(1), T.int64(1), T.int64(96)), "float32"), compute: T.Buffer((T.int64(1), T.int64(8), T.int64(8), T.int64(96)), "float32")):
        T.func_attr({"tir.noalias": T.bool(True)})
        with T.block("root"):
            T.reads()
            T.writes()
            T.block_attr({"meta_schedule.parallel": 96, "meta_schedule.unroll_explicit": 512, "meta_schedule.vectorize": 64})
            DepthwiseConv2d = T.alloc_buffer((T.int64(1), T.int64(8), T.int64(8), T.int64(96)))
            for b_0, i_0, j_0, c_0, b_1, i_1, j_1, c_1 in T.grid(T.int64(1), T.int64(2), T.int64(1), T.int64(24), T.int64(1), T.int64(2), T.int64(1), T.int64(1)):
                for di_0, dj_0, b_2, i_2, j_2, c_2, di_1, dj_1, b_3, i_3, j_3, c_3 in T.grid(T.int64(3), T.int64(3), T.int64(1), T.int64(2), T.int64(4), T.int64(2), T.int64(1), T.int64(1), T.int64(1), T.int64(1), T.int64(2), T.int64(2)):
                    with T.block("DepthwiseConv2d"):
                        v_b = T.axis.spatial(T.int64(1), b_0 + b_1 + b_2 + b_3)
                        v_i = T.axis.spatial(T.int64(8), i_0 * T.int64(4) + i_1 * T.int64(2) + i_2 + i_3)
                        v_j = T.axis.spatial(T.int64(8), j_0 * T.int64(8) + j_1 * T.int64(8) + j_2 * T.int64(2) + j_3)
                        v_c = T.axis.spatial(T.int64(96), c_0 * T.int64(4) + c_1 * T.int64(4) + c_2 * T.int64(2) + c_3)
                        v_di = T.axis.reduce(T.int64(3), di_0 + di_1)
                        v_dj = T.axis.reduce(T.int64(3), dj_0 + dj_1)
                        T.reads(p0[v_b, v_i * T.int64(2) + v_di, v_j * T.int64(2) + v_dj, v_c], p1[v_di, v_dj, v_c, T.int64(0)])
                        T.writes(DepthwiseConv2d[v_b, v_i, v_j, v_c])
                        T.block_attr({"meta_schedule.tiling_structure": "SSRSRS"})
                        with T.init():
                            DepthwiseConv2d[v_b, v_i, v_j, v_c] = T.float32(0)
                        DepthwiseConv2d[v_b, v_i, v_j, v_c] = DepthwiseConv2d[v_b, v_i, v_j, v_c] + p0[v_b, v_i * T.int64(2) + v_di, v_j * T.int64(2) + v_dj, v_c] * p1[v_di, v_dj, v_c, T.int64(0)]
                for ax0, ax1, ax2, ax3 in T.grid(T.int64(1), T.int64(2), T.int64(8), T.int64(4)):
                    with T.block("compute"):
                        v_i0 = T.axis.spatial(T.int64(1), ax0)
                        v_i1 = T.axis.spatial(T.int64(8), i_0 * T.int64(4) + i_1 * T.int64(2) + ax1)
                        v_i2 = T.axis.spatial(T.int64(8), ax2)
                        v_i3 = T.axis.spatial(T.int64(96), c_0 * T.int64(4) + ax3)
                        T.reads(DepthwiseConv2d[v_i0, v_i1, v_i2, v_i3], p2[v_i0, T.int64(0), T.int64(0), v_i3])
                        T.writes(compute[v_i0, v_i1, v_i2, v_i3])
                        compute[v_i0, v_i1, v_i2, v_i3] = T.max(T.min(DepthwiseConv2d[v_i0, v_i1, v_i2, v_i3] + p2[v_i0, T.int64(0), T.int64(0), v_i3], T.float32(6)), T.float32(0))
b0 = sch.get_block(name="PaddedInput", func_name="main")
b1 = sch.get_block(name="DepthwiseConv2d", func_name="main")
b2 = sch.get_block(name="T_add", func_name="main")
b3 = sch.get_block(name="root", func_name="main")
sch.compute_inline(block=b2)
sch.compute_inline(block=b0)
sch.annotate(block_or_loop=b1, ann_key="meta_schedule.tiling_structure", ann_val="SSRSRS")
l4, l5, l6, l7, l8, l9 = sch.get_loops(block=b1)
v10, v11, v12, v13 = sch.sample_perfect_tile(loop=l4, n=4, max_innermost_factor=64, decision=[1, 1, 1, 1])
l14, l15, l16, l17 = sch.split(loop=l4, factors=[v10, v11, v12, v13], preserve_unit_iters=True, disable_predication=False)
v18, v19, v20, v21 = sch.sample_perfect_tile(loop=l5, n=4, max_innermost_factor=64, decision=[2, 2, 2, 1])
l22, l23, l24, l25 = sch.split(loop=l5, factors=[v18, v19, v20, v21], preserve_unit_iters=True, disable_predication=False)
v26, v27, v28, v29 = sch.sample_perfect_tile(loop=l6, n=4, max_innermost_factor=64, decision=[1, 1, 4, 2])
l30, l31, l32, l33 = sch.split(loop=l6, factors=[v26, v27, v28, v29], preserve_unit_iters=True, disable_predication=False)
v34, v35, v36, v37 = sch.sample_perfect_tile(loop=l7, n=4, max_innermost_factor=64, decision=[24, 1, 2, 2])
l38, l39, l40, l41 = sch.split(loop=l7, factors=[v34, v35, v36, v37], preserve_unit_iters=True, disable_predication=False)
v42, v43 = sch.sample_perfect_tile(loop=l8, n=2, max_innermost_factor=64, decision=[3, 1])
l44, l45 = sch.split(loop=l8, factors=[v42, v43], preserve_unit_iters=True, disable_predication=False)
v46, v47 = sch.sample_perfect_tile(loop=l9, n=2, max_innermost_factor=64, decision=[3, 1])
l48, l49 = sch.split(loop=l9, factors=[v46, v47], preserve_unit_iters=True, disable_predication=False)
sch.reorder(l14, l22, l30, l38, l15, l23, l31, l39, l44, l48, l16, l24, l32, l40, l45, l49, l17, l25, l33, l41)
b50, = sch.get_consumers(block=b1)
sch.reverse_compute_at(block=b50, loop=l39, preserve_unit_loops=True, index=-1)
sch.annotate(block_or_loop=b3, ann_key="meta_schedule.parallel", ann_val=96)
sch.annotate(block_or_loop=b3, ann_key="meta_schedule.vectorize", ann_val=64)
v51 = sch.sample_categorical(candidates=[0, 16, 64, 512], probs=[0.25, 0.25, 0.25, 0.25], decision=3)
sch.annotate(block_or_loop=b3, ann_key="meta_schedule.unroll_explicit", ann_val=v51)
2024-05-21 07:11:20 [INFO] [task_scheduler.cc:170] Design space #2:
# from tvm.script import ir as I
# from tvm.script import tir as T

@I.ir_module
class Module:
    @T.prim_func
    def main(p0: T.Buffer((T.int64(1), T.int64(17), T.int64(17), T.int64(96)), "float32"), p1: T.Buffer((T.int64(3), T.int64(3), T.int64(96), T.int64(1)), "float32"), p2: T.Buffer((T.int64(1), T.int64(1), T.int64(1), T.int64(96)), "float32"), compute: T.Buffer((T.int64(1), T.int64(8), T.int64(8), T.int64(96)), "float32")):
        T.func_attr({"tir.noalias": T.bool(True)})
        with T.block("root"):
            T.reads()
            T.writes()
            T.block_attr({"meta_schedule.parallel": 96, "meta_schedule.unroll_explicit": 0, "meta_schedule.vectorize": 64})
            DepthwiseConv2d = T.alloc_buffer((T.int64(1), T.int64(8), T.int64(8), T.int64(96)))
            for b_0, i_0, j_0, c_0 in T.grid(T.int64(1), T.int64(2), T.int64(1), T.int64(24)):
                for b_1, i_1, j_1, c_1, di_0, dj_0, b_2, i_2, j_2, c_2, di_1, dj_1, b_3, i_3, j_3, c_3 in T.grid(T.int64(1), T.int64(2), T.int64(1), T.int64(1), T.int64(3), T.int64(3), T.int64(1), T.int64(2), T.int64(4), T.int64(2), T.int64(1), T.int64(1), T.int64(1), T.int64(1), T.int64(2), T.int64(2)):
                    with T.block("DepthwiseConv2d"):
                        v_b = T.axis.spatial(T.int64(1), b_0 + b_1 + b_2 + b_3)
                        v_i = T.axis.spatial(T.int64(8), i_0 * T.int64(4) + i_1 * T.int64(2) + i_2 + i_3)
                        v_j = T.axis.spatial(T.int64(8), j_0 * T.int64(8) + j_1 * T.int64(8) + j_2 * T.int64(2) + j_3)
                        v_c = T.axis.spatial(T.int64(96), c_0 * T.int64(4) + c_1 * T.int64(4) + c_2 * T.int64(2) + c_3)
                        v_di = T.axis.reduce(T.int64(3), di_0 + di_1)
                        v_dj = T.axis.reduce(T.int64(3), dj_0 + dj_1)
                        T.reads(p0[v_b, v_i * T.int64(2) + v_di, v_j * T.int64(2) + v_dj, v_c], p1[v_di, v_dj, v_c, T.int64(0)])
                        T.writes(DepthwiseConv2d[v_b, v_i, v_j, v_c])
                        T.block_attr({"meta_schedule.tiling_structure": "SSRSRS"})
                        with T.init():
                            DepthwiseConv2d[v_b, v_i, v_j, v_c] = T.float32(0)
                        DepthwiseConv2d[v_b, v_i, v_j, v_c] = DepthwiseConv2d[v_b, v_i, v_j, v_c] + p0[v_b, v_i * T.int64(2) + v_di, v_j * T.int64(2) + v_dj, v_c] * p1[v_di, v_dj, v_c, T.int64(0)]
                for ax0, ax1, ax2, ax3 in T.grid(T.int64(1), T.int64(4), T.int64(8), T.int64(4)):
                    with T.block("compute"):
                        v_i0 = T.axis.spatial(T.int64(1), ax0)
                        v_i1 = T.axis.spatial(T.int64(8), i_0 * T.int64(4) + ax1)
                        v_i2 = T.axis.spatial(T.int64(8), ax2)
                        v_i3 = T.axis.spatial(T.int64(96), c_0 * T.int64(4) + ax3)
                        T.reads(DepthwiseConv2d[v_i0, v_i1, v_i2, v_i3], p2[v_i0, T.int64(0), T.int64(0), v_i3])
                        T.writes(compute[v_i0, v_i1, v_i2, v_i3])
                        compute[v_i0, v_i1, v_i2, v_i3] = T.max(T.min(DepthwiseConv2d[v_i0, v_i1, v_i2, v_i3] + p2[v_i0, T.int64(0), T.int64(0), v_i3], T.float32(6)), T.float32(0))
b0 = sch.get_block(name="PaddedInput", func_name="main")
b1 = sch.get_block(name="DepthwiseConv2d", func_name="main")
b2 = sch.get_block(name="T_add", func_name="main")
b3 = sch.get_block(name="root", func_name="main")
sch.compute_inline(block=b2)
sch.compute_inline(block=b0)
sch.annotate(block_or_loop=b1, ann_key="meta_schedule.tiling_structure", ann_val="SSRSRS")
l4, l5, l6, l7, l8, l9 = sch.get_loops(block=b1)
v10, v11, v12, v13 = sch.sample_perfect_tile(loop=l4, n=4, max_innermost_factor=64, decision=[1, 1, 1, 1])
l14, l15, l16, l17 = sch.split(loop=l4, factors=[v10, v11, v12, v13], preserve_unit_iters=True, disable_predication=False)
v18, v19, v20, v21 = sch.sample_perfect_tile(loop=l5, n=4, max_innermost_factor=64, decision=[2, 2, 2, 1])
l22, l23, l24, l25 = sch.split(loop=l5, factors=[v18, v19, v20, v21], preserve_unit_iters=True, disable_predication=False)
v26, v27, v28, v29 = sch.sample_perfect_tile(loop=l6, n=4, max_innermost_factor=64, decision=[1, 1, 4, 2])
l30, l31, l32, l33 = sch.split(loop=l6, factors=[v26, v27, v28, v29], preserve_unit_iters=True, disable_predication=False)
v34, v35, v36, v37 = sch.sample_perfect_tile(loop=l7, n=4, max_innermost_factor=64, decision=[24, 1, 2, 2])
l38, l39, l40, l41 = sch.split(loop=l7, factors=[v34, v35, v36, v37], preserve_unit_iters=True, disable_predication=False)
v42, v43 = sch.sample_perfect_tile(loop=l8, n=2, max_innermost_factor=64, decision=[3, 1])
l44, l45 = sch.split(loop=l8, factors=[v42, v43], preserve_unit_iters=True, disable_predication=False)
v46, v47 = sch.sample_perfect_tile(loop=l9, n=2, max_innermost_factor=64, decision=[3, 1])
l48, l49 = sch.split(loop=l9, factors=[v46, v47], preserve_unit_iters=True, disable_predication=False)
sch.reorder(l14, l22, l30, l38, l15, l23, l31, l39, l44, l48, l16, l24, l32, l40, l45, l49, l17, l25, l33, l41)
b50, = sch.get_consumers(block=b1)
sch.reverse_compute_at(block=b50, loop=l38, preserve_unit_loops=True, index=-1)
sch.annotate(block_or_loop=b3, ann_key="meta_schedule.parallel", ann_val=96)
sch.annotate(block_or_loop=b3, ann_key="meta_schedule.vectorize", ann_val=64)
v51 = sch.sample_categorical(candidates=[0, 16, 64, 512], probs=[0.25, 0.25, 0.25, 0.25], decision=0)
sch.annotate(block_or_loop=b3, ann_key="meta_schedule.unroll_explicit", ann_val=v51)
2024-05-21 07:18:40 [INFO] [evolutionary_search.cc:713] Generating candidates......
2024-05-21 07:18:40 [INFO] [evolutionary_search.cc:715] Picked top 0 candidate(s) from database
2024-05-21 07:18:40 [INFO] [evolutionary_search.cc:533] Sample-Init-Population summary:
Postproc #0 [meta_schedule.DisallowDynamicLoop(0xe7b94c8)]: 0 failure(s)
Postproc #1 [meta_schedule.RewriteParallelVectorizeUnroll(0xfe79d88)]: 0 failure(s)
Postproc #2 [meta_schedule.RewriteReductionBlock(0xd0cfeb8)]: 0 failure(s)
Postproc #3 [meta_schedule.RewriteLayout(0xf9a3728)]: 0 failure(s)
2024-05-21 07:18:40 [INFO] [evolutionary_search.cc:723] Sampled 512 candidate(s)
2024-05-21 07:18:41 [INFO] [evolutionary_search.cc:621] Evolve iter #0 done. Summary:
Postproc #0 [meta_schedule.DisallowDynamicLoop(0xe7b94c8)]: 0 failure(s)
Postproc #1 [meta_schedule.RewriteParallelVectorizeUnroll(0xfe79d88)]: 0 failure(s)
Postproc #2 [meta_schedule.RewriteReductionBlock(0xd0cfeb8)]: 0 failure(s)
Postproc #3 [meta_schedule.RewriteLayout(0xf9a3728)]: 0 failure(s)
2024-05-21 07:18:42 [INFO] [evolutionary_search.cc:621] Evolve iter #1 done. Summary:
Postproc #0 [meta_schedule.DisallowDynamicLoop(0xe7b94c8)]: 0 failure(s)
Postproc #1 [meta_schedule.RewriteParallelVectorizeUnroll(0xfe79d88)]: 0 failure(s)
Postproc #2 [meta_schedule.RewriteReductionBlock(0xd0cfeb8)]: 0 failure(s)
Postproc #3 [meta_schedule.RewriteLayout(0xf9a3728)]: 0 failure(s)
2024-05-21 07:18:42 [INFO] [evolutionary_search.cc:621] Evolve iter #2 done. Summary:
Postproc #0 [meta_schedule.DisallowDynamicLoop(0xe7b94c8)]: 0 failure(s)
Postproc #1 [meta_schedule.RewriteParallelVectorizeUnroll(0xfe79d88)]: 0 failure(s)
Postproc #2 [meta_schedule.RewriteReductionBlock(0xd0cfeb8)]: 0 failure(s)
Postproc #3 [meta_schedule.RewriteLayout(0xf9a3728)]: 0 failure(s)
2024-05-21 07:18:43 [INFO] [evolutionary_search.cc:621] Evolve iter #3 done. Summary:
Postproc #0 [meta_schedule.DisallowDynamicLoop(0xe7b94c8)]: 0 failure(s)
Postproc #1 [meta_schedule.RewriteParallelVectorizeUnroll(0xfe79d88)]: 0 failure(s)
Postproc #2 [meta_schedule.RewriteReductionBlock(0xd0cfeb8)]: 0 failure(s)
Postproc #3 [meta_schedule.RewriteLayout(0xf9a3728)]: 0 failure(s)
2024-05-21 07:18:43 [INFO] [evolutionary_search.cc:649] Scores of the best 64 candidates:
[1 : 16]:	0.9995  0.9984  0.9979  0.9970  0.9969  0.9967  0.9965  0.9959  0.9956  0.9949  0.9948  0.9947  0.9937  0.9937  0.9936  0.9934
[17 : 32]:	0.9927  0.9923  0.9921  0.9909  0.9908  0.9904  0.9892  0.9887  0.9873  0.9851  0.9844  0.9840  0.9838  0.9835  0.9833  0.9819
[33 : 48]:	0.9816  0.9810  0.9798  0.9797  0.9795  0.9795  0.9793  0.9790  0.9784  0.9783  0.9779  0.9777  0.9777  0.9763  0.9760  0.9756
[49 : 64]:	0.9746  0.9741  0.9737  0.9733  0.9730  0.9729  0.9729  0.9722  0.9719  0.9719  0.9718  0.9703  0.9697  0.9683  0.9682  0.9668
2024-05-21 07:18:43 [INFO] [evolutionary_search.cc:727] Got 64 candidate(s) with evolutionary search
2024-05-21 07:18:43 [INFO] [evolutionary_search.cc:730] Sending 63 candidates(s) for measurement
2024-05-21 08:09:46 [INFO] [task_scheduler.cc:131] [Task #5: fused_nn_conv2d_add_clip_3] Trial #1: GFLOPs: 9.0622. Time: 14.2376 us. Best GFLOPs: 9.0622
2024-05-21 08:09:46 [INFO] [task_scheduler.cc:131] [Task #5: fused_nn_conv2d_add_clip_3] Trial #2: GFLOPs: 11.3097. Time: 11.4083 us. Best GFLOPs: 11.3097
2024-05-21 08:09:46 [INFO] [task_scheduler.cc:131] [Task #5: fused_nn_conv2d_add_clip_3] Trial #3: GFLOPs: 5.3856. Time: 23.9571 us. Best GFLOPs: 11.3097
2024-05-21 08:09:46 [INFO] [task_scheduler.cc:131] [Task #5: fused_nn_conv2d_add_clip_3] Trial #4: GFLOPs: 12.2043. Time: 10.5720 us. Best GFLOPs: 12.2043
2024-05-21 08:09:46 [INFO] [task_scheduler.cc:131] [Task #5: fused_nn_conv2d_add_clip_3] Trial #5: GFLOPs: 16.1078. Time: 8.0100 us. Best GFLOPs: 16.1078
2024-05-21 08:09:46 [INFO] [task_scheduler.cc:131] [Task #5: fused_nn_conv2d_add_clip_3] Trial #6: GFLOPs: 21.0365. Time: 6.1333 us. Best GFLOPs: 21.0365
2024-05-21 08:09:46 [INFO] [task_scheduler.cc:131] [Task #5: fused_nn_conv2d_add_clip_3] Trial #7: GFLOPs: 16.8324. Time: 7.6652 us. Best GFLOPs: 21.0365
2024-05-21 08:09:46 [INFO] [task_scheduler.cc:131] [Task #5: fused_nn_conv2d_add_clip_3] Trial #8: GFLOPs: 9.5970. Time: 13.4442 us. Best GFLOPs: 21.0365
2024-05-21 08:09:46 [INFO] [task_scheduler.cc:131] [Task #5: fused_nn_conv2d_add_clip_3] Trial #9: GFLOPs: 16.5940. Time: 7.7753 us. Best GFLOPs: 21.0365
2024-05-21 08:09:46 [INFO] [task_scheduler.cc:131] [Task #5: fused_nn_conv2d_add_clip_3] Trial #10: GFLOPs: 9.0683. Time: 14.2280 us. Best GFLOPs: 21.0365
2024-05-21 08:09:46 [INFO] [task_scheduler.cc:131] [Task #5: fused_nn_conv2d_add_clip_3] Trial #11: GFLOPs: 17.4934. Time: 7.3756 us. Best GFLOPs: 21.0365
2024-05-21 08:09:46 [INFO] [task_scheduler.cc:131] [Task #5: fused_nn_conv2d_add_clip_3] Trial #12: GFLOPs: 17.7646. Time: 7.2630 us. Best GFLOPs: 21.0365
2024-05-21 08:09:46 [INFO] [task_scheduler.cc:131] [Task #5: fused_nn_conv2d_add_clip_3] Trial #13: GFLOPs: 19.9882. Time: 6.4550 us. Best GFLOPs: 21.0365
2024-05-21 08:09:46 [INFO] [task_scheduler.cc:131] [Task #5: fused_nn_conv2d_add_clip_3] Trial #14: GFLOPs: 12.8562. Time: 10.0360 us. Best GFLOPs: 21.0365
2024-05-21 08:09:46 [INFO] [task_scheduler.cc:131] [Task #5: fused_nn_conv2d_add_clip_3] Trial #15: GFLOPs: 8.7046. Time: 14.8226 us. Best GFLOPs: 21.0365
2024-05-21 08:09:46 [INFO] [task_scheduler.cc:131] [Task #5: fused_nn_conv2d_add_clip_3] Trial #16: GFLOPs: 8.8083. Time: 14.6481 us. Best GFLOPs: 21.0365
2024-05-21 08:09:46 [INFO] [task_scheduler.cc:131] [Task #5: fused_nn_conv2d_add_clip_3] Trial #17: GFLOPs: 12.6756. Time: 10.1789 us. Best GFLOPs: 21.0365
2024-05-21 08:09:46 [INFO] [task_scheduler.cc:131] [Task #5: fused_nn_conv2d_add_clip_3] Trial #18: GFLOPs: 4.6403. Time: 27.8050 us. Best GFLOPs: 21.0365
2024-05-21 08:09:46 [INFO] [task_scheduler.cc:131] [Task #5: fused_nn_conv2d_add_clip_3] Trial #19: GFLOPs: 9.7975. Time: 13.1690 us. Best GFLOPs: 21.0365
2024-05-21 08:09:46 [INFO] [task_scheduler.cc:131] [Task #5: fused_nn_conv2d_add_clip_3] Trial #20: GFLOPs: 23.3891. Time: 5.5164 us. Best GFLOPs: 23.3891
2024-05-21 08:09:46 [INFO] [task_scheduler.cc:131] [Task #5: fused_nn_conv2d_add_clip_3] Trial #21: GFLOPs: 19.9792. Time: 6.4579 us. Best GFLOPs: 23.3891
2024-05-21 08:09:46 [INFO] [task_scheduler.cc:131] [Task #5: fused_nn_conv2d_add_clip_3] Trial #22: GFLOPs: 18.5971. Time: 6.9378 us. Best GFLOPs: 23.3891
2024-05-21 08:09:46 [INFO] [task_scheduler.cc:131] [Task #5: fused_nn_conv2d_add_clip_3] Trial #23: GFLOPs: 6.7779. Time: 19.0360 us. Best GFLOPs: 23.3891
2024-05-21 08:09:46 [INFO] [task_scheduler.cc:131] [Task #5: fused_nn_conv2d_add_clip_3] Trial #24: GFLOPs: 10.2689. Time: 12.5645 us. Best GFLOPs: 23.3891
2024-05-21 08:09:46 [INFO] [task_scheduler.cc:131] [Task #5: fused_nn_conv2d_add_clip_3] Trial #25: GFLOPs: 20.6178. Time: 6.2579 us. Best GFLOPs: 23.3891
2024-05-21 08:09:46 [INFO] [task_scheduler.cc:131] [Task #5: fused_nn_conv2d_add_clip_3] Trial #26: GFLOPs: 6.0198. Time: 21.4334 us. Best GFLOPs: 23.3891
2024-05-21 08:09:46 [INFO] [task_scheduler.cc:131] [Task #5: fused_nn_conv2d_add_clip_3] Trial #27: GFLOPs: 17.4224. Time: 7.4057 us. Best GFLOPs: 23.3891
2024-05-21 08:09:46 [INFO] [task_scheduler.cc:131] [Task #5: fused_nn_conv2d_add_clip_3] Trial #28: GFLOPs: 22.3297. Time: 5.7781 us. Best GFLOPs: 23.3891
2024-05-21 08:09:46 [INFO] [task_scheduler.cc:131] [Task #5: fused_nn_conv2d_add_clip_3] Trial #29: GFLOPs: 23.2016. Time: 5.5610 us. Best GFLOPs: 23.3891
2024-05-21 08:09:46 [INFO] [task_scheduler.cc:131] [Task #5: fused_nn_conv2d_add_clip_3] Trial #30: GFLOPs: 19.8604. Time: 6.4966 us. Best GFLOPs: 23.3891
2024-05-21 08:09:46 [INFO] [task_scheduler.cc:131] [Task #5: fused_nn_conv2d_add_clip_3] Trial #31: GFLOPs: 8.5670. Time: 15.0606 us. Best GFLOPs: 23.3891
2024-05-21 08:09:46 [INFO] [task_scheduler.cc:131] [Task #5: fused_nn_conv2d_add_clip_3] Trial #32: GFLOPs: 19.9350. Time: 6.4722 us. Best GFLOPs: 23.3891
2024-05-21 08:09:46 [INFO] [task_scheduler.cc:131] [Task #5: fused_nn_conv2d_add_clip_3] Trial #33: GFLOPs: 8.8946. Time: 14.5058 us. Best GFLOPs: 23.3891
2024-05-21 08:09:46 [INFO] [task_scheduler.cc:131] [Task #5: fused_nn_conv2d_add_clip_3] Trial #34: GFLOPs: 13.6489. Time: 9.4530 us. Best GFLOPs: 23.3891
2024-05-21 08:09:46 [INFO] [task_scheduler.cc:131] [Task #5: fused_nn_conv2d_add_clip_3] Trial #35: GFLOPs: 14.2551. Time: 9.0511 us. Best GFLOPs: 23.3891
2024-05-21 08:09:46 [INFO] [task_scheduler.cc:131] [Task #5: fused_nn_conv2d_add_clip_3] Trial #36: GFLOPs: 13.9718. Time: 9.2346 us. Best GFLOPs: 23.3891
2024-05-21 08:09:46 [INFO] [task_scheduler.cc:131] [Task #5: fused_nn_conv2d_add_clip_3] Trial #37: GFLOPs: 17.4523. Time: 7.3930 us. Best GFLOPs: 23.3891
2024-05-21 08:09:46 [INFO] [task_scheduler.cc:131] [Task #5: fused_nn_conv2d_add_clip_3] Trial #38: GFLOPs: 8.2473. Time: 15.6445 us. Best GFLOPs: 23.3891
2024-05-21 08:09:46 [INFO] [task_scheduler.cc:131] [Task #5: fused_nn_conv2d_add_clip_3] Trial #39: GFLOPs: 18.0123. Time: 7.1631 us. Best GFLOPs: 23.3891
2024-05-21 08:09:46 [INFO] [task_scheduler.cc:131] [Task #5: fused_nn_conv2d_add_clip_3] Trial #40: GFLOPs: 8.2138. Time: 15.7083 us. Best GFLOPs: 23.3891
2024-05-21 08:09:46 [INFO] [task_scheduler.cc:131] [Task #5: fused_nn_conv2d_add_clip_3] Trial #41: GFLOPs: 20.4668. Time: 6.3041 us. Best GFLOPs: 23.3891
2024-05-21 08:09:46 [INFO] [task_scheduler.cc:131] [Task #5: fused_nn_conv2d_add_clip_3] Trial #42: GFLOPs: 15.9607. Time: 8.0839 us. Best GFLOPs: 23.3891
2024-05-21 08:09:46 [INFO] [task_scheduler.cc:131] [Task #5: fused_nn_conv2d_add_clip_3] Trial #43: GFLOPs: 7.5488. Time: 17.0920 us. Best GFLOPs: 23.3891
2024-05-21 08:09:46 [INFO] [task_scheduler.cc:131] [Task #5: fused_nn_conv2d_add_clip_3] Trial #44: GFLOPs: 18.8024. Time: 6.8621 us. Best GFLOPs: 23.3891
2024-05-21 08:09:46 [INFO] [task_scheduler.cc:131] [Task #5: fused_nn_conv2d_add_clip_3] Trial #45: GFLOPs: 8.7211. Time: 14.7944 us. Best GFLOPs: 23.3891
2024-05-21 08:09:46 [INFO] [task_scheduler.cc:131] [Task #5: fused_nn_conv2d_add_clip_3] Trial #46: GFLOPs: 8.2789. Time: 15.5847 us. Best GFLOPs: 23.3891
2024-05-21 08:09:46 [INFO] [task_scheduler.cc:131] [Task #5: fused_nn_conv2d_add_clip_3] Trial #47: GFLOPs: 6.8407. Time: 18.8613 us. Best GFLOPs: 23.3891
2024-05-21 08:09:46 [INFO] [task_scheduler.cc:131] [Task #5: fused_nn_conv2d_add_clip_3] Trial #48: GFLOPs: 6.6832. Time: 19.3057 us. Best GFLOPs: 23.3891
2024-05-21 08:09:46 [INFO] [task_scheduler.cc:131] [Task #5: fused_nn_conv2d_add_clip_3] Trial #49: GFLOPs: 2.7628. Time: 46.7011 us. Best GFLOPs: 23.3891
2024-05-21 08:09:46 [INFO] [task_scheduler.cc:131] [Task #5: fused_nn_conv2d_add_clip_3] Trial #50: GFLOPs: 16.1571. Time: 7.9856 us. Best GFLOPs: 23.3891
2024-05-21 08:09:46 [INFO] [task_scheduler.cc:131] [Task #5: fused_nn_conv2d_add_clip_3] Trial #51: GFLOPs: 18.2711. Time: 7.0617 us. Best GFLOPs: 23.3891
2024-05-21 08:09:46 [INFO] [task_scheduler.cc:131] [Task #5: fused_nn_conv2d_add_clip_3] Trial #52: GFLOPs: 14.6120. Time: 8.8300 us. Best GFLOPs: 23.3891
2024-05-21 08:09:46 [INFO] [task_scheduler.cc:131] [Task #5: fused_nn_conv2d_add_clip_3] Trial #53: GFLOPs: 13.0000. Time: 9.9249 us. Best GFLOPs: 23.3891
2024-05-21 08:09:46 [INFO] [task_scheduler.cc:131] [Task #5: fused_nn_conv2d_add_clip_3] Trial #54: GFLOPs: 6.4084. Time: 20.1336 us. Best GFLOPs: 23.3891
2024-05-21 08:09:46 [INFO] [task_scheduler.cc:131] [Task #5: fused_nn_conv2d_add_clip_3] Trial #55: GFLOPs: 8.9476. Time: 14.4200 us. Best GFLOPs: 23.3891
2024-05-21 08:09:46 [INFO] [task_scheduler.cc:131] [Task #5: fused_nn_conv2d_add_clip_3] Trial #56: GFLOPs: 19.2379. Time: 6.7067 us. Best GFLOPs: 23.3891
2024-05-21 08:09:46 [INFO] [task_scheduler.cc:131] [Task #5: fused_nn_conv2d_add_clip_3] Trial #57: GFLOPs: 11.2422. Time: 11.4768 us. Best GFLOPs: 23.3891
2024-05-21 08:09:46 [INFO] [task_scheduler.cc:131] [Task #5: fused_nn_conv2d_add_clip_3] Trial #58: GFLOPs: 21.6228. Time: 5.9670 us. Best GFLOPs: 23.3891
2024-05-21 08:09:46 [INFO] [task_scheduler.cc:131] [Task #5: fused_nn_conv2d_add_clip_3] Trial #59: GFLOPs: 13.6388. Time: 9.4600 us. Best GFLOPs: 23.3891
2024-05-21 08:09:46 [INFO] [task_scheduler.cc:131] [Task #5: fused_nn_conv2d_add_clip_3] Trial #60: GFLOPs: 9.1847. Time: 14.0476 us. Best GFLOPs: 23.3891
2024-05-21 08:09:46 [INFO] [task_scheduler.cc:131] [Task #5: fused_nn_conv2d_add_clip_3] Trial #61: GFLOPs: 6.0783. Time: 21.2269 us. Best GFLOPs: 23.3891
2024-05-21 08:09:46 [INFO] [task_scheduler.cc:131] [Task #5: fused_nn_conv2d_add_clip_3] Trial #62: GFLOPs: 6.1190. Time: 21.0859 us. Best GFLOPs: 23.3891
2024-05-21 08:09:46 [INFO] [task_scheduler.cc:131] [Task #5: fused_nn_conv2d_add_clip_3] Trial #63: GFLOPs: 10.0409. Time: 12.8499 us. Best GFLOPs: 23.3891
2024-05-21 09:05:50 [INFO] [evolutionary_search.cc:713] Generating candidates......
2024-05-21 09:05:50 [INFO] [evolutionary_search.cc:715] Picked top 63 candidate(s) from database
2024-05-21 09:05:51 [INFO] [evolutionary_search.cc:533] Sample-Init-Population summary:
Postproc #0 [meta_schedule.DisallowDynamicLoop(0xe7b94c8)]: 0 failure(s)
Postproc #1 [meta_schedule.RewriteParallelVectorizeUnroll(0xfe79d88)]: 0 failure(s)
Postproc #2 [meta_schedule.RewriteReductionBlock(0xd0cfeb8)]: 0 failure(s)
Postproc #3 [meta_schedule.RewriteLayout(0xf9a3728)]: 0 failure(s)
2024-05-21 09:05:51 [INFO] [evolutionary_search.cc:723] Sampled 449 candidate(s)
2024-05-21 09:05:52 [INFO] [evolutionary_search.cc:621] Evolve iter #0 done. Summary:
Postproc #0 [meta_schedule.DisallowDynamicLoop(0xe7b94c8)]: 0 failure(s)
Postproc #1 [meta_schedule.RewriteParallelVectorizeUnroll(0xfe79d88)]: 0 failure(s)
Postproc #2 [meta_schedule.RewriteReductionBlock(0xd0cfeb8)]: 0 failure(s)
Postproc #3 [meta_schedule.RewriteLayout(0xf9a3728)]: 0 failure(s)
2024-05-21 09:05:53 [INFO] [evolutionary_search.cc:621] Evolve iter #1 done. Summary:
Postproc #0 [meta_schedule.DisallowDynamicLoop(0xe7b94c8)]: 0 failure(s)
Postproc #1 [meta_schedule.RewriteParallelVectorizeUnroll(0xfe79d88)]: 0 failure(s)
Postproc #2 [meta_schedule.RewriteReductionBlock(0xd0cfeb8)]: 0 failure(s)
Postproc #3 [meta_schedule.RewriteLayout(0xf9a3728)]: 0 failure(s)
2024-05-21 09:05:55 [INFO] [evolutionary_search.cc:621] Evolve iter #2 done. Summary:
Postproc #0 [meta_schedule.DisallowDynamicLoop(0xe7b94c8)]: 0 failure(s)
Postproc #1 [meta_schedule.RewriteParallelVectorizeUnroll(0xfe79d88)]: 0 failure(s)
Postproc #2 [meta_schedule.RewriteReductionBlock(0xd0cfeb8)]: 0 failure(s)
Postproc #3 [meta_schedule.RewriteLayout(0xf9a3728)]: 0 failure(s)
2024-05-21 09:05:57 [INFO] [evolutionary_search.cc:621] Evolve iter #3 done. Summary:
Postproc #0 [meta_schedule.DisallowDynamicLoop(0xe7b94c8)]: 0 failure(s)
Postproc #1 [meta_schedule.RewriteParallelVectorizeUnroll(0xfe79d88)]: 0 failure(s)
Postproc #2 [meta_schedule.RewriteReductionBlock(0xd0cfeb8)]: 0 failure(s)
Postproc #3 [meta_schedule.RewriteLayout(0xf9a3728)]: 0 failure(s)
2024-05-21 09:05:58 [INFO] [evolutionary_search.cc:649] Scores of the best 64 candidates:
[1 : 16]:	0.9629  0.9628  0.9567  0.9508  0.9482  0.9460  0.9441  0.9441  0.9441  0.9439  0.9429  0.9231  0.9224  0.9224  0.9195  0.9190
[17 : 32]:	0.9190  0.9175  0.9055  0.9032  0.9032  0.9007  0.9007  0.9002  0.8981  0.8973  0.8962  0.8957  0.8948  0.8948  0.8945  0.8935
[33 : 48]:	0.8929  0.8929  0.8921  0.8892  0.8891  0.8891  0.8884  0.8882  0.8879  0.8876  0.8874  0.8862  0.8834  0.8825  0.8825  0.8825
[49 : 64]:	0.8822  0.8817  0.8793  0.8793  0.8789  0.8789  0.8760  0.8751  0.8748  0.8739  0.8732  0.8706  0.8696  0.8695  0.8686  0.8679
2024-05-21 09:05:58 [INFO] [evolutionary_search.cc:727] Got 64 candidate(s) with evolutionary search
2024-05-21 09:05:58 [INFO] [evolutionary_search.cc:730] Sending 64 candidates(s) for measurement
2024-05-21 09:07:33 [INFO] [task_scheduler.cc:131] [Task #5: fused_nn_conv2d_add_clip_3] Trial #64: GFLOPs: 23.8767. Time: 5.4038 us. Best GFLOPs: 23.8767
2024-05-21 09:07:33 [INFO] [task_scheduler.cc:131] [Task #5: fused_nn_conv2d_add_clip_3] Trial #65: GFLOPs: 23.6658. Time: 5.4519 us. Best GFLOPs: 23.8767
2024-05-21 09:07:33 [INFO] [task_scheduler.cc:131] [Task #5: fused_nn_conv2d_add_clip_3] Trial #66: GFLOPs: 23.5917. Time: 5.4690 us. Best GFLOPs: 23.8767
2024-05-21 09:07:33 [INFO] [task_scheduler.cc:131] [Task #5: fused_nn_conv2d_add_clip_3] Trial #67: GFLOPs: 23.2862. Time: 5.5408 us. Best GFLOPs: 23.8767
2024-05-21 09:07:33 [INFO] [task_scheduler.cc:131] [Task #5: fused_nn_conv2d_add_clip_3] Trial #68: GFLOPs: 24.8500. Time: 5.1921 us. Best GFLOPs: 24.8500
2024-05-21 09:07:33 [INFO] [task_scheduler.cc:131] [Task #5: fused_nn_conv2d_add_clip_3] Trial #69: GFLOPs: 22.8893. Time: 5.6369 us. Best GFLOPs: 24.8500
2024-05-21 09:07:33 [INFO] [task_scheduler.cc:131] [Task #5: fused_nn_conv2d_add_clip_3] Trial #70: GFLOPs: 22.1687. Time: 5.8201 us. Best GFLOPs: 24.8500
2024-05-21 09:07:33 [INFO] [task_scheduler.cc:131] [Task #5: fused_nn_conv2d_add_clip_3] Trial #71: GFLOPs: 21.9245. Time: 5.8849 us. Best GFLOPs: 24.8500
2024-05-21 09:07:33 [INFO] [task_scheduler.cc:131] [Task #5: fused_nn_conv2d_add_clip_3] Trial #72: GFLOPs: 21.9647. Time: 5.8741 us. Best GFLOPs: 24.8500
2024-05-21 09:07:33 [INFO] [task_scheduler.cc:131] [Task #5: fused_nn_conv2d_add_clip_3] Trial #73: GFLOPs: 21.6055. Time: 5.9718 us. Best GFLOPs: 24.8500
2024-05-21 09:07:33 [INFO] [task_scheduler.cc:131] [Task #5: fused_nn_conv2d_add_clip_3] Trial #74: GFLOPs: 22.6612. Time: 5.6936 us. Best GFLOPs: 24.8500
2024-05-21 09:07:33 [INFO] [task_scheduler.cc:131] [Task #5: fused_nn_conv2d_add_clip_3] Trial #75: GFLOPs: 23.5493. Time: 5.4789 us. Best GFLOPs: 24.8500
2024-05-21 09:07:33 [INFO] [task_scheduler.cc:131] [Task #5: fused_nn_conv2d_add_clip_3] Trial #76: GFLOPs: 20.3149. Time: 6.3512 us. Best GFLOPs: 24.8500
2024-05-21 09:07:33 [INFO] [task_scheduler.cc:131] [Task #5: fused_nn_conv2d_add_clip_3] Trial #77: GFLOPs: 20.2598. Time: 6.3685 us. Best GFLOPs: 24.8500
2024-05-21 09:07:33 [INFO] [task_scheduler.cc:131] [Task #5: fused_nn_conv2d_add_clip_3] Trial #78: GFLOPs: 18.7229. Time: 6.8912 us. Best GFLOPs: 24.8500
2024-05-21 09:07:33 [INFO] [task_scheduler.cc:131] [Task #5: fused_nn_conv2d_add_clip_3] Trial #79: GFLOPs: 21.4846. Time: 6.0054 us. Best GFLOPs: 24.8500
2024-05-21 09:07:33 [INFO] [task_scheduler.cc:131] [Task #5: fused_nn_conv2d_add_clip_3] Trial #80: GFLOPs: 20.7783. Time: 6.2096 us. Best GFLOPs: 24.8500
2024-05-21 09:07:33 [INFO] [task_scheduler.cc:131] [Task #5: fused_nn_conv2d_add_clip_3] Trial #81: GFLOPs: 19.1128. Time: 6.7507 us. Best GFLOPs: 24.8500
2024-05-21 09:07:33 [INFO] [task_scheduler.cc:131] [Task #5: fused_nn_conv2d_add_clip_3] Trial #82: GFLOPs: 19.1852. Time: 6.7252 us. Best GFLOPs: 24.8500
2024-05-21 09:07:33 [INFO] [task_scheduler.cc:131] [Task #5: fused_nn_conv2d_add_clip_3] Trial #83: GFLOPs: 21.2098. Time: 6.0832 us. Best GFLOPs: 24.8500
2024-05-21 09:07:33 [INFO] [task_scheduler.cc:131] [Task #5: fused_nn_conv2d_add_clip_3] Trial #84: GFLOPs: 21.1561. Time: 6.0987 us. Best GFLOPs: 24.8500
2024-05-21 09:07:33 [INFO] [task_scheduler.cc:131] [Task #5: fused_nn_conv2d_add_clip_3] Trial #85: GFLOPs: 17.4602. Time: 7.3896 us. Best GFLOPs: 24.8500
2024-05-21 09:07:33 [INFO] [task_scheduler.cc:131] [Task #5: fused_nn_conv2d_add_clip_3] Trial #86: GFLOPs: 14.5762. Time: 8.8517 us. Best GFLOPs: 24.8500
2024-05-21 09:07:33 [INFO] [task_scheduler.cc:131] [Task #5: fused_nn_conv2d_add_clip_3] Trial #87: GFLOPs: 19.5393. Time: 6.6033 us. Best GFLOPs: 24.8500
2024-05-21 09:07:33 [INFO] [task_scheduler.cc:131] [Task #5: fused_nn_conv2d_add_clip_3] Trial #88: GFLOPs: 19.3739. Time: 6.6597 us. Best GFLOPs: 24.8500
2024-05-21 09:07:33 [INFO] [task_scheduler.cc:131] [Task #5: fused_nn_conv2d_add_clip_3] Trial #89: GFLOPs: 19.8609. Time: 6.4964 us. Best GFLOPs: 24.8500
2024-05-21 09:07:33 [INFO] [task_scheduler.cc:131] [Task #5: fused_nn_conv2d_add_clip_3] Trial #90: GFLOPs: 18.8104. Time: 6.8592 us. Best GFLOPs: 24.8500
2024-05-21 09:07:33 [INFO] [task_scheduler.cc:131] [Task #5: fused_nn_conv2d_add_clip_3] Trial #91: GFLOPs: 19.3623. Time: 6.6637 us. Best GFLOPs: 24.8500
2024-05-21 09:07:33 [INFO] [task_scheduler.cc:131] [Task #5: fused_nn_conv2d_add_clip_3] Trial #92: GFLOPs: 19.6419. Time: 6.5688 us. Best GFLOPs: 24.8500
2024-05-21 09:07:33 [INFO] [task_scheduler.cc:131] [Task #5: fused_nn_conv2d_add_clip_3] Trial #93: GFLOPs: 19.8363. Time: 6.5045 us. Best GFLOPs: 24.8500
2024-05-21 09:07:33 [INFO] [task_scheduler.cc:131] [Task #5: fused_nn_conv2d_add_clip_3] Trial #94: GFLOPs: 21.9959. Time: 5.8658 us. Best GFLOPs: 24.8500
2024-05-21 09:07:33 [INFO] [task_scheduler.cc:131] [Task #5: fused_nn_conv2d_add_clip_3] Trial #95: GFLOPs: 20.7568. Time: 6.2160 us. Best GFLOPs: 24.8500
2024-05-21 09:07:33 [INFO] [task_scheduler.cc:131] [Task #5: fused_nn_conv2d_add_clip_3] Trial #96: GFLOPs: 18.1444. Time: 7.1110 us. Best GFLOPs: 24.8500
2024-05-21 09:07:33 [INFO] [task_scheduler.cc:131] [Task #5: fused_nn_conv2d_add_clip_3] Trial #97: GFLOPs: 19.9652. Time: 6.4624 us. Best GFLOPs: 24.8500
2024-05-21 09:07:33 [INFO] [task_scheduler.cc:131] [Task #5: fused_nn_conv2d_add_clip_3] Trial #98: GFLOPs: 20.1351. Time: 6.4079 us. Best GFLOPs: 24.8500
2024-05-21 09:07:33 [INFO] [task_scheduler.cc:131] [Task #5: fused_nn_conv2d_add_clip_3] Trial #99: GFLOPs: 16.0391. Time: 8.0443 us. Best GFLOPs: 24.8500
2024-05-21 09:07:33 [INFO] [task_scheduler.cc:131] [Task #5: fused_nn_conv2d_add_clip_3] Trial #100: GFLOPs: 16.9422. Time: 7.6155 us. Best GFLOPs: 24.8500
2024-05-21 09:07:33 [INFO] [task_scheduler.cc:131] [Task #5: fused_nn_conv2d_add_clip_3] Trial #101: GFLOPs: 14.2111. Time: 9.0791 us. Best GFLOPs: 24.8500
2024-05-21 09:07:33 [INFO] [task_scheduler.cc:131] [Task #5: fused_nn_conv2d_add_clip_3] Trial #102: GFLOPs: 14.4131. Time: 8.9519 us. Best GFLOPs: 24.8500
2024-05-21 09:07:33 [INFO] [task_scheduler.cc:131] [Task #5: fused_nn_conv2d_add_clip_3] Trial #103: GFLOPs: 13.9996. Time: 9.2163 us. Best GFLOPs: 24.8500
2024-05-21 09:07:33 [INFO] [task_scheduler.cc:131] [Task #5: fused_nn_conv2d_add_clip_3] Trial #104: GFLOPs: 18.9990. Time: 6.7911 us. Best GFLOPs: 24.8500
2024-05-21 09:07:33 [INFO] [task_scheduler.cc:131] [Task #5: fused_nn_conv2d_add_clip_3] Trial #105: GFLOPs: 19.6937. Time: 6.5515 us. Best GFLOPs: 24.8500
2024-05-21 09:07:33 [INFO] [task_scheduler.cc:131] [Task #5: fused_nn_conv2d_add_clip_3] Trial #106: GFLOPs: 16.2919. Time: 7.9195 us. Best GFLOPs: 24.8500
2024-05-21 09:07:33 [INFO] [task_scheduler.cc:131] [Task #5: fused_nn_conv2d_add_clip_3] Trial #107: GFLOPs: 18.5178. Time: 6.9676 us. Best GFLOPs: 24.8500
2024-05-21 09:07:33 [INFO] [task_scheduler.cc:131] [Task #5: fused_nn_conv2d_add_clip_3] Trial #108: GFLOPs: 18.4801. Time: 6.9818 us. Best GFLOPs: 24.8500
2024-05-21 09:07:33 [INFO] [task_scheduler.cc:131] [Task #5: fused_nn_conv2d_add_clip_3] Trial #109: GFLOPs: 18.3252. Time: 7.0408 us. Best GFLOPs: 24.8500
2024-05-21 09:07:33 [INFO] [task_scheduler.cc:131] [Task #5: fused_nn_conv2d_add_clip_3] Trial #110: GFLOPs: 17.7021. Time: 7.2886 us. Best GFLOPs: 24.8500
2024-05-21 09:07:33 [INFO] [task_scheduler.cc:131] [Task #5: fused_nn_conv2d_add_clip_3] Trial #111: GFLOPs: 17.7786. Time: 7.2573 us. Best GFLOPs: 24.8500
2024-05-21 09:07:33 [INFO] [task_scheduler.cc:131] [Task #5: fused_nn_conv2d_add_clip_3] Trial #112: GFLOPs: 13.5773. Time: 9.5029 us. Best GFLOPs: 24.8500
2024-05-21 09:07:33 [INFO] [task_scheduler.cc:131] [Task #5: fused_nn_conv2d_add_clip_3] Trial #113: GFLOPs: 18.5248. Time: 6.9649 us. Best GFLOPs: 24.8500
2024-05-21 09:07:33 [INFO] [task_scheduler.cc:131] [Task #5: fused_nn_conv2d_add_clip_3] Trial #114: GFLOPs: 17.9923. Time: 7.1711 us. Best GFLOPs: 24.8500
2024-05-21 09:07:33 [INFO] [task_scheduler.cc:131] [Task #5: fused_nn_conv2d_add_clip_3] Trial #115: GFLOPs: 20.2375. Time: 6.3755 us. Best GFLOPs: 24.8500
2024-05-21 09:07:33 [INFO] [task_scheduler.cc:131] [Task #5: fused_nn_conv2d_add_clip_3] Trial #116: GFLOPs: 20.9123. Time: 6.1698 us. Best GFLOPs: 24.8500
2024-05-21 09:07:33 [INFO] [task_scheduler.cc:131] [Task #5: fused_nn_conv2d_add_clip_3] Trial #117: GFLOPs: 17.8124. Time: 7.2435 us. Best GFLOPs: 24.8500
2024-05-21 09:07:33 [INFO] [task_scheduler.cc:131] [Task #5: fused_nn_conv2d_add_clip_3] Trial #118: GFLOPs: 13.3483. Time: 9.6660 us. Best GFLOPs: 24.8500
2024-05-21 09:07:33 [INFO] [task_scheduler.cc:131] [Task #5: fused_nn_conv2d_add_clip_3] Trial #119: GFLOPs: 18.2784. Time: 7.0588 us. Best GFLOPs: 24.8500
2024-05-21 09:07:33 [INFO] [task_scheduler.cc:131] [Task #5: fused_nn_conv2d_add_clip_3] Trial #120: GFLOPs: 21.2503. Time: 6.0716 us. Best GFLOPs: 24.8500
2024-05-21 09:07:33 [INFO] [task_scheduler.cc:131] [Task #5: fused_nn_conv2d_add_clip_3] Trial #121: GFLOPs: 23.6207. Time: 5.4623 us. Best GFLOPs: 24.8500
2024-05-21 09:07:33 [INFO] [task_scheduler.cc:131] [Task #5: fused_nn_conv2d_add_clip_3] Trial #122: GFLOPs: 17.4763. Time: 7.3828 us. Best GFLOPs: 24.8500
2024-05-21 09:07:33 [INFO] [task_scheduler.cc:131] [Task #5: fused_nn_conv2d_add_clip_3] Trial #123: GFLOPs: 18.5348. Time: 6.9612 us. Best GFLOPs: 24.8500
2024-05-21 09:07:33 [INFO] [task_scheduler.cc:131] [Task #5: fused_nn_conv2d_add_clip_3] Trial #124: GFLOPs: 23.3226. Time: 5.5322 us. Best GFLOPs: 24.8500
2024-05-21 09:07:33 [INFO] [task_scheduler.cc:131] [Task #5: fused_nn_conv2d_add_clip_3] Trial #125: GFLOPs: 19.8358. Time: 6.5046 us. Best GFLOPs: 24.8500
2024-05-21 09:07:33 [INFO] [task_scheduler.cc:131] [Task #5: fused_nn_conv2d_add_clip_3] Trial #126: GFLOPs: 16.4393. Time: 7.8485 us. Best GFLOPs: 24.8500
2024-05-21 09:07:33 [INFO] [task_scheduler.cc:131] [Task #5: fused_nn_conv2d_add_clip_3] Trial #127: GFLOPs: 7.1263. Time: 18.1054 us. Best GFLOPs: 24.8500
