2024-05-21 12:50:21 [INFO] [task_scheduler.cc:160] Initializing Task #17: "fused_nn_conv2d_add_clip_9"
2024-05-21 12:50:21 [INFO] [task_scheduler.cc:35] 
# from tvm.script import ir as I
# from tvm.script import tir as T

@I.ir_module
class Module:
    @T.prim_func
    def main(p0: T.Buffer((T.int64(1), T.int64(29), T.int64(29), T.int64(192)), "float32"), p1: T.Buffer((T.int64(3), T.int64(3), T.int64(192), T.int64(1)), "float32"), p2: T.Buffer((T.int64(1), T.int64(1), T.int64(1), T.int64(192)), "float32"), compute: T.Buffer((T.int64(1), T.int64(14), T.int64(14), T.int64(192)), "float32")):
        T.func_attr({"tir.noalias": T.bool(True)})
        # with T.block("root"):
        PaddedInput = T.alloc_buffer((T.int64(1), T.int64(29), T.int64(29), T.int64(192)))
        DepthwiseConv2d = T.alloc_buffer((T.int64(1), T.int64(14), T.int64(14), T.int64(192)))
        T_add = T.alloc_buffer((T.int64(1), T.int64(14), T.int64(14), T.int64(192)))
        for i0, i1, i2, i3 in T.grid(T.int64(1), T.int64(29), T.int64(29), T.int64(192)):
            with T.block("PaddedInput"):
                v_i0, v_i1, v_i2, v_i3 = T.axis.remap("SSSS", [i0, i1, i2, i3])
                T.reads(p0[v_i0, v_i1, v_i2, v_i3])
                T.writes(PaddedInput[v_i0, v_i1, v_i2, v_i3])
                PaddedInput[v_i0, v_i1, v_i2, v_i3] = p0[v_i0, v_i1, v_i2, v_i3]
        for b, i, j, c, di, dj in T.grid(T.int64(1), T.int64(14), T.int64(14), T.int64(192), T.int64(3), T.int64(3)):
            with T.block("DepthwiseConv2d"):
                v_b, v_i, v_j, v_c, v_di, v_dj = T.axis.remap("SSSSRR", [b, i, j, c, di, dj])
                T.reads(PaddedInput[v_b, v_i * T.int64(2) + v_di, v_j * T.int64(2) + v_dj, v_c], p1[v_di, v_dj, v_c, T.int64(0)])
                T.writes(DepthwiseConv2d[v_b, v_i, v_j, v_c])
                with T.init():
                    DepthwiseConv2d[v_b, v_i, v_j, v_c] = T.float32(0)
                DepthwiseConv2d[v_b, v_i, v_j, v_c] = DepthwiseConv2d[v_b, v_i, v_j, v_c] + PaddedInput[v_b, v_i * T.int64(2) + v_di, v_j * T.int64(2) + v_dj, v_c] * p1[v_di, v_dj, v_c, T.int64(0)]
        for ax0, ax1, ax2, ax3 in T.grid(T.int64(1), T.int64(14), T.int64(14), T.int64(192)):
            with T.block("T_add"):
                v_ax0, v_ax1, v_ax2, v_ax3 = T.axis.remap("SSSS", [ax0, ax1, ax2, ax3])
                T.reads(DepthwiseConv2d[v_ax0, v_ax1, v_ax2, v_ax3], p2[v_ax0, T.int64(0), T.int64(0), v_ax3])
                T.writes(T_add[v_ax0, v_ax1, v_ax2, v_ax3])
                T_add[v_ax0, v_ax1, v_ax2, v_ax3] = DepthwiseConv2d[v_ax0, v_ax1, v_ax2, v_ax3] + p2[v_ax0, T.int64(0), T.int64(0), v_ax3]
        for i0, i1, i2, i3 in T.grid(T.int64(1), T.int64(14), T.int64(14), T.int64(192)):
            with T.block("compute"):
                v_i0, v_i1, v_i2, v_i3 = T.axis.remap("SSSS", [i0, i1, i2, i3])
                T.reads(T_add[v_i0, v_i1, v_i2, v_i3])
                T.writes(compute[v_i0, v_i1, v_i2, v_i3])
                compute[v_i0, v_i1, v_i2, v_i3] = T.max(T.min(T_add[v_i0, v_i1, v_i2, v_i3], T.float32(6)), T.float32(0))
2024-05-21 12:50:21 [INFO] [task_scheduler.cc:164] Total 3 design space(s) generated
2024-05-21 12:50:21 [INFO] [task_scheduler.cc:170] Design space #0:
# from tvm.script import ir as I
# from tvm.script import tir as T

@I.ir_module
class Module:
    @T.prim_func
    def main(p0: T.Buffer((T.int64(1), T.int64(29), T.int64(29), T.int64(192)), "float32"), p1: T.Buffer((T.int64(3), T.int64(3), T.int64(192), T.int64(1)), "float32"), p2: T.Buffer((T.int64(1), T.int64(1), T.int64(1), T.int64(192)), "float32"), compute: T.Buffer((T.int64(1), T.int64(14), T.int64(14), T.int64(192)), "float32")):
        T.func_attr({"tir.noalias": T.bool(True)})
        with T.block("root"):
            T.reads()
            T.writes()
            T.block_attr({"meta_schedule.parallel": 96, "meta_schedule.unroll_explicit": 16, "meta_schedule.vectorize": 64})
            DepthwiseConv2d = T.alloc_buffer((T.int64(1), T.int64(14), T.int64(14), T.int64(192)))
            for b_0, i_0, j_0, c_0, b_1, i_1, j_1, c_1, di_0, dj_0, b_2, i_2, j_2, c_2, di_1, dj_1, b_3, i_3, j_3, c_3 in T.grid(T.int64(1), T.int64(1), T.int64(2), T.int64(3), T.int64(1), T.int64(1), T.int64(7), T.int64(16), T.int64(1), T.int64(1), T.int64(1), T.int64(2), T.int64(1), T.int64(1), T.int64(3), T.int64(3), T.int64(1), T.int64(7), T.int64(1), T.int64(4)):
                with T.block("DepthwiseConv2d"):
                    v_b = T.axis.spatial(T.int64(1), b_0 + b_1 + b_2 + b_3)
                    v_i = T.axis.spatial(T.int64(14), i_0 * T.int64(14) + i_1 * T.int64(14) + i_2 * T.int64(7) + i_3)
                    v_j = T.axis.spatial(T.int64(14), j_0 * T.int64(7) + j_1 + j_2 + j_3)
                    v_c = T.axis.spatial(T.int64(192), c_0 * T.int64(64) + c_1 * T.int64(4) + c_2 * T.int64(4) + c_3)
                    v_di = T.axis.reduce(T.int64(3), di_0 * T.int64(3) + di_1)
                    v_dj = T.axis.reduce(T.int64(3), dj_0 * T.int64(3) + dj_1)
                    T.reads(p0[v_b, v_i * T.int64(2) + v_di, v_j * T.int64(2) + v_dj, v_c], p1[v_di, v_dj, v_c, T.int64(0)])
                    T.writes(DepthwiseConv2d[v_b, v_i, v_j, v_c])
                    T.block_attr({"meta_schedule.tiling_structure": "SSRSRS"})
                    with T.init():
                        DepthwiseConv2d[v_b, v_i, v_j, v_c] = T.float32(0)
                    DepthwiseConv2d[v_b, v_i, v_j, v_c] = DepthwiseConv2d[v_b, v_i, v_j, v_c] + p0[v_b, v_i * T.int64(2) + v_di, v_j * T.int64(2) + v_dj, v_c] * p1[v_di, v_dj, v_c, T.int64(0)]
            for i0, i1, i2, i3 in T.grid(T.int64(1), T.int64(14), T.int64(14), T.int64(192)):
                with T.block("compute"):
                    v_i0, v_i1, v_i2, v_i3 = T.axis.remap("SSSS", [i0, i1, i2, i3])
                    T.reads(DepthwiseConv2d[v_i0, v_i1, v_i2, v_i3], p2[v_i0, T.int64(0), T.int64(0), v_i3])
                    T.writes(compute[v_i0, v_i1, v_i2, v_i3])
                    compute[v_i0, v_i1, v_i2, v_i3] = T.max(T.min(DepthwiseConv2d[v_i0, v_i1, v_i2, v_i3] + p2[v_i0, T.int64(0), T.int64(0), v_i3], T.float32(6)), T.float32(0))
b0 = sch.get_block(name="PaddedInput", func_name="main")
b1 = sch.get_block(name="DepthwiseConv2d", func_name="main")
b2 = sch.get_block(name="T_add", func_name="main")
b3 = sch.get_block(name="root", func_name="main")
sch.compute_inline(block=b2)
sch.compute_inline(block=b0)
sch.annotate(block_or_loop=b1, ann_key="meta_schedule.tiling_structure", ann_val="SSRSRS")
l4, l5, l6, l7, l8, l9 = sch.get_loops(block=b1)
v10, v11, v12, v13 = sch.sample_perfect_tile(loop=l4, n=4, max_innermost_factor=64, decision=[1, 1, 1, 1])
l14, l15, l16, l17 = sch.split(loop=l4, factors=[v10, v11, v12, v13], preserve_unit_iters=True, disable_predication=False)
v18, v19, v20, v21 = sch.sample_perfect_tile(loop=l5, n=4, max_innermost_factor=64, decision=[1, 1, 2, 7])
l22, l23, l24, l25 = sch.split(loop=l5, factors=[v18, v19, v20, v21], preserve_unit_iters=True, disable_predication=False)
v26, v27, v28, v29 = sch.sample_perfect_tile(loop=l6, n=4, max_innermost_factor=64, decision=[2, 7, 1, 1])
l30, l31, l32, l33 = sch.split(loop=l6, factors=[v26, v27, v28, v29], preserve_unit_iters=True, disable_predication=False)
v34, v35, v36, v37 = sch.sample_perfect_tile(loop=l7, n=4, max_innermost_factor=64, decision=[3, 16, 1, 4])
l38, l39, l40, l41 = sch.split(loop=l7, factors=[v34, v35, v36, v37], preserve_unit_iters=True, disable_predication=False)
v42, v43 = sch.sample_perfect_tile(loop=l8, n=2, max_innermost_factor=64, decision=[1, 3])
l44, l45 = sch.split(loop=l8, factors=[v42, v43], preserve_unit_iters=True, disable_predication=False)
v46, v47 = sch.sample_perfect_tile(loop=l9, n=2, max_innermost_factor=64, decision=[1, 3])
l48, l49 = sch.split(loop=l9, factors=[v46, v47], preserve_unit_iters=True, disable_predication=False)
sch.reorder(l14, l22, l30, l38, l15, l23, l31, l39, l44, l48, l16, l24, l32, l40, l45, l49, l17, l25, l33, l41)
sch.annotate(block_or_loop=b3, ann_key="meta_schedule.parallel", ann_val=96)
sch.annotate(block_or_loop=b3, ann_key="meta_schedule.vectorize", ann_val=64)
v50 = sch.sample_categorical(candidates=[0, 16, 64, 512], probs=[0.25, 0.25, 0.25, 0.25], decision=1)
sch.annotate(block_or_loop=b3, ann_key="meta_schedule.unroll_explicit", ann_val=v50)
2024-05-21 12:50:21 [INFO] [task_scheduler.cc:170] Design space #1:
# from tvm.script import ir as I
# from tvm.script import tir as T

@I.ir_module
class Module:
    @T.prim_func
    def main(p0: T.Buffer((T.int64(1), T.int64(29), T.int64(29), T.int64(192)), "float32"), p1: T.Buffer((T.int64(3), T.int64(3), T.int64(192), T.int64(1)), "float32"), p2: T.Buffer((T.int64(1), T.int64(1), T.int64(1), T.int64(192)), "float32"), compute: T.Buffer((T.int64(1), T.int64(14), T.int64(14), T.int64(192)), "float32")):
        T.func_attr({"tir.noalias": T.bool(True)})
        with T.block("root"):
            T.reads()
            T.writes()
            T.block_attr({"meta_schedule.parallel": 96, "meta_schedule.unroll_explicit": 64, "meta_schedule.vectorize": 64})
            DepthwiseConv2d = T.alloc_buffer((T.int64(1), T.int64(14), T.int64(14), T.int64(192)))
            for b_0, i_0, j_0, c_0, b_1, i_1, j_1, c_1 in T.grid(T.int64(1), T.int64(1), T.int64(2), T.int64(3), T.int64(1), T.int64(1), T.int64(7), T.int64(16)):
                for di_0, dj_0, b_2, i_2, j_2, c_2, di_1, dj_1, b_3, i_3, j_3, c_3 in T.grid(T.int64(1), T.int64(1), T.int64(1), T.int64(2), T.int64(1), T.int64(1), T.int64(3), T.int64(3), T.int64(1), T.int64(7), T.int64(1), T.int64(4)):
                    with T.block("DepthwiseConv2d"):
                        v_b = T.axis.spatial(T.int64(1), b_0 + b_1 + b_2 + b_3)
                        v_i = T.axis.spatial(T.int64(14), i_0 * T.int64(14) + i_1 * T.int64(14) + i_2 * T.int64(7) + i_3)
                        v_j = T.axis.spatial(T.int64(14), j_0 * T.int64(7) + j_1 + j_2 + j_3)
                        v_c = T.axis.spatial(T.int64(192), c_0 * T.int64(64) + c_1 * T.int64(4) + c_2 * T.int64(4) + c_3)
                        v_di = T.axis.reduce(T.int64(3), di_0 * T.int64(3) + di_1)
                        v_dj = T.axis.reduce(T.int64(3), dj_0 * T.int64(3) + dj_1)
                        T.reads(p0[v_b, v_i * T.int64(2) + v_di, v_j * T.int64(2) + v_dj, v_c], p1[v_di, v_dj, v_c, T.int64(0)])
                        T.writes(DepthwiseConv2d[v_b, v_i, v_j, v_c])
                        T.block_attr({"meta_schedule.tiling_structure": "SSRSRS"})
                        with T.init():
                            DepthwiseConv2d[v_b, v_i, v_j, v_c] = T.float32(0)
                        DepthwiseConv2d[v_b, v_i, v_j, v_c] = DepthwiseConv2d[v_b, v_i, v_j, v_c] + p0[v_b, v_i * T.int64(2) + v_di, v_j * T.int64(2) + v_dj, v_c] * p1[v_di, v_dj, v_c, T.int64(0)]
                for ax0, ax1, ax2, ax3 in T.grid(T.int64(1), T.int64(14), T.int64(1), T.int64(4)):
                    with T.block("compute"):
                        v_i0, v_i1 = T.axis.remap("SS", [ax0, ax1])
                        v_i2 = T.axis.spatial(T.int64(14), j_0 * T.int64(7) + j_1 + ax2)
                        v_i3 = T.axis.spatial(T.int64(192), c_0 * T.int64(64) + c_1 * T.int64(4) + ax3)
                        T.reads(DepthwiseConv2d[v_i0, v_i1, v_i2, v_i3], p2[v_i0, T.int64(0), T.int64(0), v_i3])
                        T.writes(compute[v_i0, v_i1, v_i2, v_i3])
                        compute[v_i0, v_i1, v_i2, v_i3] = T.max(T.min(DepthwiseConv2d[v_i0, v_i1, v_i2, v_i3] + p2[v_i0, T.int64(0), T.int64(0), v_i3], T.float32(6)), T.float32(0))
b0 = sch.get_block(name="PaddedInput", func_name="main")
b1 = sch.get_block(name="DepthwiseConv2d", func_name="main")
b2 = sch.get_block(name="T_add", func_name="main")
b3 = sch.get_block(name="root", func_name="main")
sch.compute_inline(block=b2)
sch.compute_inline(block=b0)
sch.annotate(block_or_loop=b1, ann_key="meta_schedule.tiling_structure", ann_val="SSRSRS")
l4, l5, l6, l7, l8, l9 = sch.get_loops(block=b1)
v10, v11, v12, v13 = sch.sample_perfect_tile(loop=l4, n=4, max_innermost_factor=64, decision=[1, 1, 1, 1])
l14, l15, l16, l17 = sch.split(loop=l4, factors=[v10, v11, v12, v13], preserve_unit_iters=True, disable_predication=False)
v18, v19, v20, v21 = sch.sample_perfect_tile(loop=l5, n=4, max_innermost_factor=64, decision=[1, 1, 2, 7])
l22, l23, l24, l25 = sch.split(loop=l5, factors=[v18, v19, v20, v21], preserve_unit_iters=True, disable_predication=False)
v26, v27, v28, v29 = sch.sample_perfect_tile(loop=l6, n=4, max_innermost_factor=64, decision=[2, 7, 1, 1])
l30, l31, l32, l33 = sch.split(loop=l6, factors=[v26, v27, v28, v29], preserve_unit_iters=True, disable_predication=False)
v34, v35, v36, v37 = sch.sample_perfect_tile(loop=l7, n=4, max_innermost_factor=64, decision=[3, 16, 1, 4])
l38, l39, l40, l41 = sch.split(loop=l7, factors=[v34, v35, v36, v37], preserve_unit_iters=True, disable_predication=False)
v42, v43 = sch.sample_perfect_tile(loop=l8, n=2, max_innermost_factor=64, decision=[1, 3])
l44, l45 = sch.split(loop=l8, factors=[v42, v43], preserve_unit_iters=True, disable_predication=False)
v46, v47 = sch.sample_perfect_tile(loop=l9, n=2, max_innermost_factor=64, decision=[1, 3])
l48, l49 = sch.split(loop=l9, factors=[v46, v47], preserve_unit_iters=True, disable_predication=False)
sch.reorder(l14, l22, l30, l38, l15, l23, l31, l39, l44, l48, l16, l24, l32, l40, l45, l49, l17, l25, l33, l41)
b50, = sch.get_consumers(block=b1)
sch.reverse_compute_at(block=b50, loop=l39, preserve_unit_loops=True, index=-1)
sch.annotate(block_or_loop=b3, ann_key="meta_schedule.parallel", ann_val=96)
sch.annotate(block_or_loop=b3, ann_key="meta_schedule.vectorize", ann_val=64)
v51 = sch.sample_categorical(candidates=[0, 16, 64, 512], probs=[0.25, 0.25, 0.25, 0.25], decision=2)
sch.annotate(block_or_loop=b3, ann_key="meta_schedule.unroll_explicit", ann_val=v51)
2024-05-21 12:50:21 [INFO] [task_scheduler.cc:170] Design space #2:
# from tvm.script import ir as I
# from tvm.script import tir as T

@I.ir_module
class Module:
    @T.prim_func
    def main(p0: T.Buffer((T.int64(1), T.int64(29), T.int64(29), T.int64(192)), "float32"), p1: T.Buffer((T.int64(3), T.int64(3), T.int64(192), T.int64(1)), "float32"), p2: T.Buffer((T.int64(1), T.int64(1), T.int64(1), T.int64(192)), "float32"), compute: T.Buffer((T.int64(1), T.int64(14), T.int64(14), T.int64(192)), "float32")):
        T.func_attr({"tir.noalias": T.bool(True)})
        with T.block("root"):
            T.reads()
            T.writes()
            T.block_attr({"meta_schedule.parallel": 96, "meta_schedule.unroll_explicit": 512, "meta_schedule.vectorize": 64})
            DepthwiseConv2d = T.alloc_buffer((T.int64(1), T.int64(14), T.int64(14), T.int64(192)))
            for b_0, i_0, j_0, c_0 in T.grid(T.int64(1), T.int64(1), T.int64(2), T.int64(3)):
                for b_1, i_1, j_1, c_1, di_0, dj_0, b_2, i_2, j_2, c_2, di_1, dj_1, b_3, i_3, j_3, c_3 in T.grid(T.int64(1), T.int64(1), T.int64(7), T.int64(16), T.int64(1), T.int64(1), T.int64(1), T.int64(2), T.int64(1), T.int64(1), T.int64(3), T.int64(3), T.int64(1), T.int64(7), T.int64(1), T.int64(4)):
                    with T.block("DepthwiseConv2d"):
                        v_b = T.axis.spatial(T.int64(1), b_0 + b_1 + b_2 + b_3)
                        v_i = T.axis.spatial(T.int64(14), i_0 * T.int64(14) + i_1 * T.int64(14) + i_2 * T.int64(7) + i_3)
                        v_j = T.axis.spatial(T.int64(14), j_0 * T.int64(7) + j_1 + j_2 + j_3)
                        v_c = T.axis.spatial(T.int64(192), c_0 * T.int64(64) + c_1 * T.int64(4) + c_2 * T.int64(4) + c_3)
                        v_di = T.axis.reduce(T.int64(3), di_0 * T.int64(3) + di_1)
                        v_dj = T.axis.reduce(T.int64(3), dj_0 * T.int64(3) + dj_1)
                        T.reads(p0[v_b, v_i * T.int64(2) + v_di, v_j * T.int64(2) + v_dj, v_c], p1[v_di, v_dj, v_c, T.int64(0)])
                        T.writes(DepthwiseConv2d[v_b, v_i, v_j, v_c])
                        T.block_attr({"meta_schedule.tiling_structure": "SSRSRS"})
                        with T.init():
                            DepthwiseConv2d[v_b, v_i, v_j, v_c] = T.float32(0)
                        DepthwiseConv2d[v_b, v_i, v_j, v_c] = DepthwiseConv2d[v_b, v_i, v_j, v_c] + p0[v_b, v_i * T.int64(2) + v_di, v_j * T.int64(2) + v_dj, v_c] * p1[v_di, v_dj, v_c, T.int64(0)]
                for ax0, ax1, ax2, ax3 in T.grid(T.int64(1), T.int64(14), T.int64(7), T.int64(64)):
                    with T.block("compute"):
                        v_i0, v_i1 = T.axis.remap("SS", [ax0, ax1])
                        v_i2 = T.axis.spatial(T.int64(14), j_0 * T.int64(7) + ax2)
                        v_i3 = T.axis.spatial(T.int64(192), c_0 * T.int64(64) + ax3)
                        T.reads(DepthwiseConv2d[v_i0, v_i1, v_i2, v_i3], p2[v_i0, T.int64(0), T.int64(0), v_i3])
                        T.writes(compute[v_i0, v_i1, v_i2, v_i3])
                        compute[v_i0, v_i1, v_i2, v_i3] = T.max(T.min(DepthwiseConv2d[v_i0, v_i1, v_i2, v_i3] + p2[v_i0, T.int64(0), T.int64(0), v_i3], T.float32(6)), T.float32(0))
b0 = sch.get_block(name="PaddedInput", func_name="main")
b1 = sch.get_block(name="DepthwiseConv2d", func_name="main")
b2 = sch.get_block(name="T_add", func_name="main")
b3 = sch.get_block(name="root", func_name="main")
sch.compute_inline(block=b2)
sch.compute_inline(block=b0)
sch.annotate(block_or_loop=b1, ann_key="meta_schedule.tiling_structure", ann_val="SSRSRS")
l4, l5, l6, l7, l8, l9 = sch.get_loops(block=b1)
v10, v11, v12, v13 = sch.sample_perfect_tile(loop=l4, n=4, max_innermost_factor=64, decision=[1, 1, 1, 1])
l14, l15, l16, l17 = sch.split(loop=l4, factors=[v10, v11, v12, v13], preserve_unit_iters=True, disable_predication=False)
v18, v19, v20, v21 = sch.sample_perfect_tile(loop=l5, n=4, max_innermost_factor=64, decision=[1, 1, 2, 7])
l22, l23, l24, l25 = sch.split(loop=l5, factors=[v18, v19, v20, v21], preserve_unit_iters=True, disable_predication=False)
v26, v27, v28, v29 = sch.sample_perfect_tile(loop=l6, n=4, max_innermost_factor=64, decision=[2, 7, 1, 1])
l30, l31, l32, l33 = sch.split(loop=l6, factors=[v26, v27, v28, v29], preserve_unit_iters=True, disable_predication=False)
v34, v35, v36, v37 = sch.sample_perfect_tile(loop=l7, n=4, max_innermost_factor=64, decision=[3, 16, 1, 4])
l38, l39, l40, l41 = sch.split(loop=l7, factors=[v34, v35, v36, v37], preserve_unit_iters=True, disable_predication=False)
v42, v43 = sch.sample_perfect_tile(loop=l8, n=2, max_innermost_factor=64, decision=[1, 3])
l44, l45 = sch.split(loop=l8, factors=[v42, v43], preserve_unit_iters=True, disable_predication=False)
v46, v47 = sch.sample_perfect_tile(loop=l9, n=2, max_innermost_factor=64, decision=[1, 3])
l48, l49 = sch.split(loop=l9, factors=[v46, v47], preserve_unit_iters=True, disable_predication=False)
sch.reorder(l14, l22, l30, l38, l15, l23, l31, l39, l44, l48, l16, l24, l32, l40, l45, l49, l17, l25, l33, l41)
b50, = sch.get_consumers(block=b1)
sch.reverse_compute_at(block=b50, loop=l38, preserve_unit_loops=True, index=-1)
sch.annotate(block_or_loop=b3, ann_key="meta_schedule.parallel", ann_val=96)
sch.annotate(block_or_loop=b3, ann_key="meta_schedule.vectorize", ann_val=64)
v51 = sch.sample_categorical(candidates=[0, 16, 64, 512], probs=[0.25, 0.25, 0.25, 0.25], decision=3)
sch.annotate(block_or_loop=b3, ann_key="meta_schedule.unroll_explicit", ann_val=v51)
2024-05-21 13:16:32 [INFO] [evolutionary_search.cc:713] Generating candidates......
2024-05-21 13:16:32 [INFO] [evolutionary_search.cc:715] Picked top 0 candidate(s) from database
2024-05-21 13:16:33 [INFO] [evolutionary_search.cc:533] Sample-Init-Population summary:
Postproc #0 [meta_schedule.DisallowDynamicLoop(0x105286b8)]: 0 failure(s)
Postproc #1 [meta_schedule.RewriteParallelVectorizeUnroll(0x115711c8)]: 0 failure(s)
Postproc #2 [meta_schedule.RewriteReductionBlock(0x83640b8)]: 0 failure(s)
Postproc #3 [meta_schedule.RewriteLayout(0x11729d88)]: 0 failure(s)
2024-05-21 13:16:33 [INFO] [evolutionary_search.cc:723] Sampled 512 candidate(s)
2024-05-21 13:16:34 [INFO] [evolutionary_search.cc:621] Evolve iter #0 done. Summary:
Postproc #0 [meta_schedule.DisallowDynamicLoop(0x105286b8)]: 0 failure(s)
Postproc #1 [meta_schedule.RewriteParallelVectorizeUnroll(0x115711c8)]: 0 failure(s)
Postproc #2 [meta_schedule.RewriteReductionBlock(0x83640b8)]: 0 failure(s)
Postproc #3 [meta_schedule.RewriteLayout(0x11729d88)]: 0 failure(s)
2024-05-21 13:16:34 [INFO] [evolutionary_search.cc:621] Evolve iter #1 done. Summary:
Postproc #0 [meta_schedule.DisallowDynamicLoop(0x105286b8)]: 0 failure(s)
Postproc #1 [meta_schedule.RewriteParallelVectorizeUnroll(0x115711c8)]: 0 failure(s)
Postproc #2 [meta_schedule.RewriteReductionBlock(0x83640b8)]: 0 failure(s)
Postproc #3 [meta_schedule.RewriteLayout(0x11729d88)]: 0 failure(s)
2024-05-21 13:16:35 [INFO] [evolutionary_search.cc:621] Evolve iter #2 done. Summary:
Postproc #0 [meta_schedule.DisallowDynamicLoop(0x105286b8)]: 0 failure(s)
Postproc #1 [meta_schedule.RewriteParallelVectorizeUnroll(0x115711c8)]: 0 failure(s)
Postproc #2 [meta_schedule.RewriteReductionBlock(0x83640b8)]: 0 failure(s)
Postproc #3 [meta_schedule.RewriteLayout(0x11729d88)]: 0 failure(s)
2024-05-21 13:16:36 [INFO] [evolutionary_search.cc:621] Evolve iter #3 done. Summary:
Postproc #0 [meta_schedule.DisallowDynamicLoop(0x105286b8)]: 0 failure(s)
Postproc #1 [meta_schedule.RewriteParallelVectorizeUnroll(0x115711c8)]: 0 failure(s)
Postproc #2 [meta_schedule.RewriteReductionBlock(0x83640b8)]: 0 failure(s)
Postproc #3 [meta_schedule.RewriteLayout(0x11729d88)]: 0 failure(s)
2024-05-21 13:16:36 [INFO] [evolutionary_search.cc:649] Scores of the best 64 candidates:
[1 : 16]:	0.9983  0.9980  0.9979  0.9975  0.9968  0.9957  0.9954  0.9948  0.9942  0.9938  0.9934  0.9928  0.9926  0.9926  0.9924  0.9919
[17 : 32]:	0.9917  0.9917  0.9916  0.9916  0.9911  0.9906  0.9904  0.9900  0.9897  0.9895  0.9894  0.9894  0.9888  0.9887  0.9887  0.9883
[33 : 48]:	0.9881  0.9865  0.9861  0.9860  0.9855  0.9853  0.9851  0.9841  0.9838  0.9837  0.9816  0.9814  0.9808  0.9801  0.9797  0.9787
[49 : 64]:	0.9785  0.9781  0.9764  0.9762  0.9760  0.9757  0.9746  0.9745  0.9738  0.9737  0.9730  0.9725  0.9724  0.9723  0.9722  0.9722
2024-05-21 13:16:36 [INFO] [evolutionary_search.cc:727] Got 64 candidate(s) with evolutionary search
2024-05-21 13:16:36 [INFO] [evolutionary_search.cc:730] Sending 64 candidates(s) for measurement
2024-05-21 13:49:35 [INFO] [task_scheduler.cc:131] [Task #17: fused_nn_conv2d_add_clip_9] Trial #1: GFLOPs: 40.3581. Time: 19.5815 us. Best GFLOPs: 40.3581
2024-05-21 13:49:35 [INFO] [task_scheduler.cc:131] [Task #17: fused_nn_conv2d_add_clip_9] Trial #2: GFLOPs: 29.2974. Time: 26.9741 us. Best GFLOPs: 40.3581
2024-05-21 13:49:35 [INFO] [task_scheduler.cc:131] [Task #17: fused_nn_conv2d_add_clip_9] Trial #3: GFLOPs: 13.5103. Time: 58.4941 us. Best GFLOPs: 40.3581
2024-05-21 13:49:35 [INFO] [task_scheduler.cc:131] [Task #17: fused_nn_conv2d_add_clip_9] Trial #4: GFLOPs: 53.0212. Time: 14.9048 us. Best GFLOPs: 53.0212
2024-05-21 13:49:35 [INFO] [task_scheduler.cc:131] [Task #17: fused_nn_conv2d_add_clip_9] Trial #5: GFLOPs: 9.9802. Time: 79.1837 us. Best GFLOPs: 53.0212
2024-05-21 13:49:35 [INFO] [task_scheduler.cc:131] [Task #17: fused_nn_conv2d_add_clip_9] Trial #6: GFLOPs: 18.0359. Time: 43.8165 us. Best GFLOPs: 53.0212
2024-05-21 13:49:35 [INFO] [task_scheduler.cc:131] [Task #17: fused_nn_conv2d_add_clip_9] Trial #7: GFLOPs: 13.2055. Time: 59.8443 us. Best GFLOPs: 53.0212
2024-05-21 13:49:35 [INFO] [task_scheduler.cc:131] [Task #17: fused_nn_conv2d_add_clip_9] Trial #8: GFLOPs: 34.8340. Time: 22.6868 us. Best GFLOPs: 53.0212
2024-05-21 13:49:35 [INFO] [task_scheduler.cc:131] [Task #17: fused_nn_conv2d_add_clip_9] Trial #9: GFLOPs: 22.0475. Time: 35.8440 us. Best GFLOPs: 53.0212
2024-05-21 13:49:35 [INFO] [task_scheduler.cc:131] [Task #17: fused_nn_conv2d_add_clip_9] Trial #10: GFLOPs: 8.1139. Time: 97.3975 us. Best GFLOPs: 53.0212
2024-05-21 13:49:35 [INFO] [task_scheduler.cc:131] [Task #17: fused_nn_conv2d_add_clip_9] Trial #11: GFLOPs: 18.6213. Time: 42.4391 us. Best GFLOPs: 53.0212
2024-05-21 13:49:35 [INFO] [task_scheduler.cc:131] [Task #17: fused_nn_conv2d_add_clip_9] Trial #12: GFLOPs: 47.0938. Time: 16.7808 us. Best GFLOPs: 53.0212
2024-05-21 13:49:35 [INFO] [task_scheduler.cc:131] [Task #17: fused_nn_conv2d_add_clip_9] Trial #13: GFLOPs: 22.3084. Time: 35.4249 us. Best GFLOPs: 53.0212
2024-05-21 13:49:35 [INFO] [task_scheduler.cc:131] [Task #17: fused_nn_conv2d_add_clip_9] Trial #14: GFLOPs: 18.4485. Time: 42.8367 us. Best GFLOPs: 53.0212
2024-05-21 13:49:35 [INFO] [task_scheduler.cc:131] [Task #17: fused_nn_conv2d_add_clip_9] Trial #15: GFLOPs: 26.6372. Time: 29.6680 us. Best GFLOPs: 53.0212
2024-05-21 13:49:35 [INFO] [task_scheduler.cc:131] [Task #17: fused_nn_conv2d_add_clip_9] Trial #16: GFLOPs: 11.1835. Time: 70.6641 us. Best GFLOPs: 53.0212
2024-05-21 13:49:35 [INFO] [task_scheduler.cc:131] [Task #17: fused_nn_conv2d_add_clip_9] Trial #17: GFLOPs: 41.1830. Time: 19.1893 us. Best GFLOPs: 53.0212
2024-05-21 13:49:35 [INFO] [task_scheduler.cc:131] [Task #17: fused_nn_conv2d_add_clip_9] Trial #18: GFLOPs: 55.0729. Time: 14.3496 us. Best GFLOPs: 55.0729
2024-05-21 13:49:35 [INFO] [task_scheduler.cc:131] [Task #17: fused_nn_conv2d_add_clip_9] Trial #19: GFLOPs: 29.9163. Time: 26.4161 us. Best GFLOPs: 55.0729
2024-05-21 13:49:35 [INFO] [task_scheduler.cc:131] [Task #17: fused_nn_conv2d_add_clip_9] Trial #20: GFLOPs: 41.4106. Time: 19.0838 us. Best GFLOPs: 55.0729
2024-05-21 13:49:35 [INFO] [task_scheduler.cc:131] [Task #17: fused_nn_conv2d_add_clip_9] Trial #21: GFLOPs: 22.3161. Time: 35.4126 us. Best GFLOPs: 55.0729
2024-05-21 13:49:35 [INFO] [task_scheduler.cc:131] [Task #17: fused_nn_conv2d_add_clip_9] Trial #22: GFLOPs: 29.9905. Time: 26.3507 us. Best GFLOPs: 55.0729
2024-05-21 13:49:35 [INFO] [task_scheduler.cc:131] [Task #17: fused_nn_conv2d_add_clip_9] Trial #23: GFLOPs: 19.1688. Time: 41.2271 us. Best GFLOPs: 55.0729
2024-05-21 13:49:35 [INFO] [task_scheduler.cc:131] [Task #17: fused_nn_conv2d_add_clip_9] Trial #24: GFLOPs: 14.4652. Time: 54.6328 us. Best GFLOPs: 55.0729
2024-05-21 13:49:35 [INFO] [task_scheduler.cc:131] [Task #17: fused_nn_conv2d_add_clip_9] Trial #25: GFLOPs: 54.1729. Time: 14.5880 us. Best GFLOPs: 55.0729
2024-05-21 13:49:35 [INFO] [task_scheduler.cc:131] [Task #17: fused_nn_conv2d_add_clip_9] Trial #26: GFLOPs: 19.8256. Time: 39.8611 us. Best GFLOPs: 55.0729
2024-05-21 13:49:35 [INFO] [task_scheduler.cc:131] [Task #17: fused_nn_conv2d_add_clip_9] Trial #27: GFLOPs: 28.3274. Time: 27.8978 us. Best GFLOPs: 55.0729
2024-05-21 13:49:35 [INFO] [task_scheduler.cc:131] [Task #17: fused_nn_conv2d_add_clip_9] Trial #28: GFLOPs: 9.1273. Time: 86.5829 us. Best GFLOPs: 55.0729
2024-05-21 13:49:35 [INFO] [task_scheduler.cc:131] [Task #17: fused_nn_conv2d_add_clip_9] Trial #29: GFLOPs: 31.7576. Time: 24.8845 us. Best GFLOPs: 55.0729
2024-05-21 13:49:35 [INFO] [task_scheduler.cc:131] [Task #17: fused_nn_conv2d_add_clip_9] Trial #30: GFLOPs: 29.4300. Time: 26.8526 us. Best GFLOPs: 55.0729
2024-05-21 13:49:35 [INFO] [task_scheduler.cc:131] [Task #17: fused_nn_conv2d_add_clip_9] Trial #31: GFLOPs: 21.5191. Time: 36.7242 us. Best GFLOPs: 55.0729
2024-05-21 13:49:35 [INFO] [task_scheduler.cc:131] [Task #17: fused_nn_conv2d_add_clip_9] Trial #32: GFLOPs: 27.0815. Time: 29.1813 us. Best GFLOPs: 55.0729
2024-05-21 13:49:35 [INFO] [task_scheduler.cc:131] [Task #17: fused_nn_conv2d_add_clip_9] Trial #33: GFLOPs: 56.2592. Time: 14.0470 us. Best GFLOPs: 56.2592
2024-05-21 13:49:35 [INFO] [task_scheduler.cc:131] [Task #17: fused_nn_conv2d_add_clip_9] Trial #34: GFLOPs: 23.6751. Time: 33.3799 us. Best GFLOPs: 56.2592
2024-05-21 13:49:35 [INFO] [task_scheduler.cc:131] [Task #17: fused_nn_conv2d_add_clip_9] Trial #35: GFLOPs: 4.5950. Time: 171.9850 us. Best GFLOPs: 56.2592
2024-05-21 13:49:35 [INFO] [task_scheduler.cc:131] [Task #17: fused_nn_conv2d_add_clip_9] Trial #36: GFLOPs: 22.0844. Time: 35.7842 us. Best GFLOPs: 56.2592
2024-05-21 13:49:35 [INFO] [task_scheduler.cc:131] [Task #17: fused_nn_conv2d_add_clip_9] Trial #37: GFLOPs: 14.8981. Time: 53.0453 us. Best GFLOPs: 56.2592
2024-05-21 13:49:35 [INFO] [task_scheduler.cc:131] [Task #17: fused_nn_conv2d_add_clip_9] Trial #38: GFLOPs: 38.4117. Time: 20.5737 us. Best GFLOPs: 56.2592
2024-05-21 13:49:35 [INFO] [task_scheduler.cc:131] [Task #17: fused_nn_conv2d_add_clip_9] Trial #39: GFLOPs: 28.8974. Time: 27.3475 us. Best GFLOPs: 56.2592
2024-05-21 13:49:35 [INFO] [task_scheduler.cc:131] [Task #17: fused_nn_conv2d_add_clip_9] Trial #40: GFLOPs: 13.7896. Time: 57.3092 us. Best GFLOPs: 56.2592
2024-05-21 13:49:35 [INFO] [task_scheduler.cc:131] [Task #17: fused_nn_conv2d_add_clip_9] Trial #41: GFLOPs: 67.6316. Time: 11.6850 us. Best GFLOPs: 67.6316
2024-05-21 13:49:35 [INFO] [task_scheduler.cc:131] [Task #17: fused_nn_conv2d_add_clip_9] Trial #42: GFLOPs: 18.7470. Time: 42.1546 us. Best GFLOPs: 67.6316
2024-05-21 13:49:35 [INFO] [task_scheduler.cc:131] [Task #17: fused_nn_conv2d_add_clip_9] Trial #43: GFLOPs: 18.7679. Time: 42.1077 us. Best GFLOPs: 67.6316
2024-05-21 13:49:35 [INFO] [task_scheduler.cc:131] [Task #17: fused_nn_conv2d_add_clip_9] Trial #44: GFLOPs: 17.8713. Time: 44.2202 us. Best GFLOPs: 67.6316
2024-05-21 13:49:35 [INFO] [task_scheduler.cc:131] [Task #17: fused_nn_conv2d_add_clip_9] Trial #45: GFLOPs: 29.1431. Time: 27.1170 us. Best GFLOPs: 67.6316
2024-05-21 13:49:35 [INFO] [task_scheduler.cc:131] [Task #17: fused_nn_conv2d_add_clip_9] Trial #46: GFLOPs: 24.7403. Time: 31.9427 us. Best GFLOPs: 67.6316
2024-05-21 13:49:35 [INFO] [task_scheduler.cc:131] [Task #17: fused_nn_conv2d_add_clip_9] Trial #47: GFLOPs: 34.6011. Time: 22.8395 us. Best GFLOPs: 67.6316
2024-05-21 13:49:35 [INFO] [task_scheduler.cc:131] [Task #17: fused_nn_conv2d_add_clip_9] Trial #48: GFLOPs: 17.0306. Time: 46.4030 us. Best GFLOPs: 67.6316
2024-05-21 13:49:35 [INFO] [task_scheduler.cc:131] [Task #17: fused_nn_conv2d_add_clip_9] Trial #49: GFLOPs: 15.1021. Time: 52.3285 us. Best GFLOPs: 67.6316
2024-05-21 13:49:35 [INFO] [task_scheduler.cc:131] [Task #17: fused_nn_conv2d_add_clip_9] Trial #50: GFLOPs: 27.2328. Time: 29.0191 us. Best GFLOPs: 67.6316
2024-05-21 13:49:35 [INFO] [task_scheduler.cc:131] [Task #17: fused_nn_conv2d_add_clip_9] Trial #51: GFLOPs: 50.9501. Time: 15.5107 us. Best GFLOPs: 67.6316
2024-05-21 13:49:35 [INFO] [task_scheduler.cc:131] [Task #17: fused_nn_conv2d_add_clip_9] Trial #52: GFLOPs: 39.6650. Time: 19.9237 us. Best GFLOPs: 67.6316
2024-05-21 13:49:35 [INFO] [task_scheduler.cc:131] [Task #17: fused_nn_conv2d_add_clip_9] Trial #53: GFLOPs: 21.4511. Time: 36.8406 us. Best GFLOPs: 67.6316
2024-05-21 13:49:35 [INFO] [task_scheduler.cc:131] [Task #17: fused_nn_conv2d_add_clip_9] Trial #54: GFLOPs: 13.4048. Time: 58.9542 us. Best GFLOPs: 67.6316
2024-05-21 13:49:35 [INFO] [task_scheduler.cc:131] [Task #17: fused_nn_conv2d_add_clip_9] Trial #55: GFLOPs: 18.1633. Time: 43.5092 us. Best GFLOPs: 67.6316
2024-05-21 13:49:35 [INFO] [task_scheduler.cc:131] [Task #17: fused_nn_conv2d_add_clip_9] Trial #56: GFLOPs: 31.0129. Time: 25.4820 us. Best GFLOPs: 67.6316
2024-05-21 13:49:35 [INFO] [task_scheduler.cc:131] [Task #17: fused_nn_conv2d_add_clip_9] Trial #57: GFLOPs: 15.2148. Time: 51.9410 us. Best GFLOPs: 67.6316
2024-05-21 13:49:35 [INFO] [task_scheduler.cc:131] [Task #17: fused_nn_conv2d_add_clip_9] Trial #58: GFLOPs: 17.9059. Time: 44.1348 us. Best GFLOPs: 67.6316
2024-05-21 13:49:35 [INFO] [task_scheduler.cc:131] [Task #17: fused_nn_conv2d_add_clip_9] Trial #59: GFLOPs: 50.8468. Time: 15.5422 us. Best GFLOPs: 67.6316
2024-05-21 13:49:35 [INFO] [task_scheduler.cc:131] [Task #17: fused_nn_conv2d_add_clip_9] Trial #60: GFLOPs: 40.8796. Time: 19.3317 us. Best GFLOPs: 67.6316
2024-05-21 13:49:35 [INFO] [task_scheduler.cc:131] [Task #17: fused_nn_conv2d_add_clip_9] Trial #61: GFLOPs: 40.8008. Time: 19.3690 us. Best GFLOPs: 67.6316
2024-05-21 13:49:35 [INFO] [task_scheduler.cc:131] [Task #17: fused_nn_conv2d_add_clip_9] Trial #62: GFLOPs: 14.4041. Time: 54.8644 us. Best GFLOPs: 67.6316
2024-05-21 13:49:35 [INFO] [task_scheduler.cc:131] [Task #17: fused_nn_conv2d_add_clip_9] Trial #63: GFLOPs: 12.3979. Time: 63.7424 us. Best GFLOPs: 67.6316
2024-05-21 13:49:35 [INFO] [task_scheduler.cc:131] [Task #17: fused_nn_conv2d_add_clip_9] Trial #64: GFLOPs: 56.9803. Time: 13.8692 us. Best GFLOPs: 67.6316
