2024-05-21 12:50:21 [INFO] [task_scheduler.cc:160] Initializing Task #23: "fused_nn_conv2d_add_clip_12"
2024-05-21 12:50:21 [INFO] [task_scheduler.cc:35] 
# from tvm.script import ir as I
# from tvm.script import tir as T

@I.ir_module
class Module:
    @T.prim_func
    def main(p0: T.Buffer((T.int64(1), T.int64(14), T.int64(14), T.int64(576)), "float32"), p1: T.Buffer((T.int64(3), T.int64(3), T.int64(576), T.int64(1)), "float32"), p2: T.Buffer((T.int64(1), T.int64(1), T.int64(1), T.int64(576)), "float32"), compute: T.Buffer((T.int64(1), T.int64(14), T.int64(14), T.int64(576)), "float32")):
        T.func_attr({"tir.noalias": T.bool(True)})
        # with T.block("root"):
        PaddedInput = T.alloc_buffer((T.int64(1), T.int64(16), T.int64(16), T.int64(576)))
        DepthwiseConv2d = T.alloc_buffer((T.int64(1), T.int64(14), T.int64(14), T.int64(576)))
        T_add = T.alloc_buffer((T.int64(1), T.int64(14), T.int64(14), T.int64(576)))
        for i0, i1, i2, i3 in T.grid(T.int64(1), T.int64(16), T.int64(16), T.int64(576)):
            with T.block("PaddedInput"):
                v_i0, v_i1, v_i2, v_i3 = T.axis.remap("SSSS", [i0, i1, i2, i3])
                T.reads(p0[v_i0, v_i1 - T.int64(1), v_i2 - T.int64(1), v_i3])
                T.writes(PaddedInput[v_i0, v_i1, v_i2, v_i3])
                PaddedInput[v_i0, v_i1, v_i2, v_i3] = T.if_then_else(T.int64(1) <= v_i1 and v_i1 < T.int64(15) and T.int64(1) <= v_i2 and v_i2 < T.int64(15), p0[v_i0, v_i1 - T.int64(1), v_i2 - T.int64(1), v_i3], T.float32(0))
        for b, i, j, c, di, dj in T.grid(T.int64(1), T.int64(14), T.int64(14), T.int64(576), T.int64(3), T.int64(3)):
            with T.block("DepthwiseConv2d"):
                v_b, v_i, v_j, v_c, v_di, v_dj = T.axis.remap("SSSSRR", [b, i, j, c, di, dj])
                T.reads(PaddedInput[v_b, v_i + v_di, v_j + v_dj, v_c], p1[v_di, v_dj, v_c, T.int64(0)])
                T.writes(DepthwiseConv2d[v_b, v_i, v_j, v_c])
                with T.init():
                    DepthwiseConv2d[v_b, v_i, v_j, v_c] = T.float32(0)
                DepthwiseConv2d[v_b, v_i, v_j, v_c] = DepthwiseConv2d[v_b, v_i, v_j, v_c] + PaddedInput[v_b, v_i + v_di, v_j + v_dj, v_c] * p1[v_di, v_dj, v_c, T.int64(0)]
        for ax0, ax1, ax2, ax3 in T.grid(T.int64(1), T.int64(14), T.int64(14), T.int64(576)):
            with T.block("T_add"):
                v_ax0, v_ax1, v_ax2, v_ax3 = T.axis.remap("SSSS", [ax0, ax1, ax2, ax3])
                T.reads(DepthwiseConv2d[v_ax0, v_ax1, v_ax2, v_ax3], p2[v_ax0, T.int64(0), T.int64(0), v_ax3])
                T.writes(T_add[v_ax0, v_ax1, v_ax2, v_ax3])
                T_add[v_ax0, v_ax1, v_ax2, v_ax3] = DepthwiseConv2d[v_ax0, v_ax1, v_ax2, v_ax3] + p2[v_ax0, T.int64(0), T.int64(0), v_ax3]
        for i0, i1, i2, i3 in T.grid(T.int64(1), T.int64(14), T.int64(14), T.int64(576)):
            with T.block("compute"):
                v_i0, v_i1, v_i2, v_i3 = T.axis.remap("SSSS", [i0, i1, i2, i3])
                T.reads(T_add[v_i0, v_i1, v_i2, v_i3])
                T.writes(compute[v_i0, v_i1, v_i2, v_i3])
                compute[v_i0, v_i1, v_i2, v_i3] = T.max(T.min(T_add[v_i0, v_i1, v_i2, v_i3], T.float32(6)), T.float32(0))
2024-05-21 12:50:21 [INFO] [task_scheduler.cc:164] Total 3 design space(s) generated
2024-05-21 12:50:21 [INFO] [task_scheduler.cc:170] Design space #0:
# from tvm.script import ir as I
# from tvm.script import tir as T

@I.ir_module
class Module:
    @T.prim_func
    def main(p0: T.Buffer((T.int64(1), T.int64(14), T.int64(14), T.int64(576)), "float32"), p1: T.Buffer((T.int64(3), T.int64(3), T.int64(576), T.int64(1)), "float32"), p2: T.Buffer((T.int64(1), T.int64(1), T.int64(1), T.int64(576)), "float32"), compute: T.Buffer((T.int64(1), T.int64(14), T.int64(14), T.int64(576)), "float32")):
        T.func_attr({"tir.noalias": T.bool(True)})
        with T.block("root"):
            T.reads()
            T.writes()
            T.block_attr({"meta_schedule.parallel": 96, "meta_schedule.unroll_explicit": 64, "meta_schedule.vectorize": 64})
            PaddedInput = T.alloc_buffer((T.int64(1), T.int64(16), T.int64(16), T.int64(576)))
            DepthwiseConv2d = T.alloc_buffer((T.int64(1), T.int64(14), T.int64(14), T.int64(576)))
            for b_0, i_0, j_0, c_0, b_1, i_1, j_1 in T.grid(T.int64(1), T.int64(2), T.int64(1), T.int64(3), T.int64(1), T.int64(1), T.int64(7)):
                for ax0, ax1, ax2, ax3 in T.grid(T.int64(1), T.int64(9), T.int64(4), T.int64(192)):
                    with T.block("PaddedInput"):
                        v_i0 = T.axis.spatial(T.int64(1), ax0)
                        v_i1 = T.axis.spatial(T.int64(16), i_0 * T.int64(7) + ax1)
                        v_i2 = T.axis.spatial(T.int64(16), j_1 * T.int64(2) + ax2)
                        v_i3 = T.axis.spatial(T.int64(576), c_0 * T.int64(192) + ax3)
                        T.reads(p0[v_i0, v_i1 - T.int64(1), v_i2 - T.int64(1), v_i3])
                        T.writes(PaddedInput[v_i0, v_i1, v_i2, v_i3])
                        PaddedInput[v_i0, v_i1, v_i2, v_i3] = T.if_then_else(T.int64(1) <= v_i1 and v_i1 < T.int64(15) and T.int64(1) <= v_i2 and v_i2 < T.int64(15), p0[v_i0, v_i1 - T.int64(1), v_i2 - T.int64(1), v_i3], T.float32(0))
                for c_1, di_0, dj_0, b_2, i_2, j_2, c_2, di_1, dj_1, b_3, i_3, j_3, c_3 in T.grid(T.int64(24), T.int64(3), T.int64(3), T.int64(1), T.int64(1), T.int64(1), T.int64(2), T.int64(1), T.int64(1), T.int64(1), T.int64(7), T.int64(2), T.int64(4)):
                    with T.block("DepthwiseConv2d"):
                        v_b = T.axis.spatial(T.int64(1), b_0 + b_1 + b_2 + b_3)
                        v_i = T.axis.spatial(T.int64(14), i_0 * T.int64(7) + i_1 * T.int64(7) + i_2 * T.int64(7) + i_3)
                        v_j = T.axis.spatial(T.int64(14), j_0 * T.int64(14) + j_1 * T.int64(2) + j_2 * T.int64(2) + j_3)
                        v_c = T.axis.spatial(T.int64(576), c_0 * T.int64(192) + c_1 * T.int64(8) + c_2 * T.int64(4) + c_3)
                        v_di = T.axis.reduce(T.int64(3), di_0 + di_1)
                        v_dj = T.axis.reduce(T.int64(3), dj_0 + dj_1)
                        T.reads(PaddedInput[v_b, v_i + v_di, v_j + v_dj, v_c], p1[v_di, v_dj, v_c, T.int64(0)])
                        T.writes(DepthwiseConv2d[v_b, v_i, v_j, v_c])
                        T.block_attr({"meta_schedule.tiling_structure": "SSRSRS"})
                        with T.init():
                            DepthwiseConv2d[v_b, v_i, v_j, v_c] = T.float32(0)
                        DepthwiseConv2d[v_b, v_i, v_j, v_c] = DepthwiseConv2d[v_b, v_i, v_j, v_c] + PaddedInput[v_b, v_i + v_di, v_j + v_dj, v_c] * p1[v_di, v_dj, v_c, T.int64(0)]
            for i0, i1, i2, i3 in T.grid(T.int64(1), T.int64(14), T.int64(14), T.int64(576)):
                with T.block("compute"):
                    v_i0, v_i1, v_i2, v_i3 = T.axis.remap("SSSS", [i0, i1, i2, i3])
                    T.reads(DepthwiseConv2d[v_i0, v_i1, v_i2, v_i3], p2[v_i0, T.int64(0), T.int64(0), v_i3])
                    T.writes(compute[v_i0, v_i1, v_i2, v_i3])
                    compute[v_i0, v_i1, v_i2, v_i3] = T.max(T.min(DepthwiseConv2d[v_i0, v_i1, v_i2, v_i3] + p2[v_i0, T.int64(0), T.int64(0), v_i3], T.float32(6)), T.float32(0))
b0 = sch.get_block(name="PaddedInput", func_name="main")
b1 = sch.get_block(name="DepthwiseConv2d", func_name="main")
b2 = sch.get_block(name="T_add", func_name="main")
b3 = sch.get_block(name="root", func_name="main")
sch.compute_inline(block=b2)
sch.annotate(block_or_loop=b1, ann_key="meta_schedule.tiling_structure", ann_val="SSRSRS")
l4, l5, l6, l7, l8, l9 = sch.get_loops(block=b1)
v10, v11, v12, v13 = sch.sample_perfect_tile(loop=l4, n=4, max_innermost_factor=64, decision=[1, 1, 1, 1])
l14, l15, l16, l17 = sch.split(loop=l4, factors=[v10, v11, v12, v13], preserve_unit_iters=True, disable_predication=False)
v18, v19, v20, v21 = sch.sample_perfect_tile(loop=l5, n=4, max_innermost_factor=64, decision=[2, 1, 1, 7])
l22, l23, l24, l25 = sch.split(loop=l5, factors=[v18, v19, v20, v21], preserve_unit_iters=True, disable_predication=False)
v26, v27, v28, v29 = sch.sample_perfect_tile(loop=l6, n=4, max_innermost_factor=64, decision=[1, 7, 1, 2])
l30, l31, l32, l33 = sch.split(loop=l6, factors=[v26, v27, v28, v29], preserve_unit_iters=True, disable_predication=False)
v34, v35, v36, v37 = sch.sample_perfect_tile(loop=l7, n=4, max_innermost_factor=64, decision=[3, 24, 2, 4])
l38, l39, l40, l41 = sch.split(loop=l7, factors=[v34, v35, v36, v37], preserve_unit_iters=True, disable_predication=False)
v42, v43 = sch.sample_perfect_tile(loop=l8, n=2, max_innermost_factor=64, decision=[3, 1])
l44, l45 = sch.split(loop=l8, factors=[v42, v43], preserve_unit_iters=True, disable_predication=False)
v46, v47 = sch.sample_perfect_tile(loop=l9, n=2, max_innermost_factor=64, decision=[3, 1])
l48, l49 = sch.split(loop=l9, factors=[v46, v47], preserve_unit_iters=True, disable_predication=False)
sch.reorder(l14, l22, l30, l38, l15, l23, l31, l39, l44, l48, l16, l24, l32, l40, l45, l49, l17, l25, l33, l41)
sch.annotate(block_or_loop=b3, ann_key="meta_schedule.parallel", ann_val=96)
sch.annotate(block_or_loop=b3, ann_key="meta_schedule.vectorize", ann_val=64)
v50 = sch.sample_categorical(candidates=[0, 16, 64, 512], probs=[0.25, 0.25, 0.25, 0.25], decision=2)
sch.annotate(block_or_loop=b3, ann_key="meta_schedule.unroll_explicit", ann_val=v50)
l51 = sch.sample_compute_location(block=b0, decision=6)
sch.compute_at(block=b0, loop=l51, preserve_unit_loops=True, index=-1)
2024-05-21 12:50:21 [INFO] [task_scheduler.cc:170] Design space #1:
# from tvm.script import ir as I
# from tvm.script import tir as T

@I.ir_module
class Module:
    @T.prim_func
    def main(p0: T.Buffer((T.int64(1), T.int64(14), T.int64(14), T.int64(576)), "float32"), p1: T.Buffer((T.int64(3), T.int64(3), T.int64(576), T.int64(1)), "float32"), p2: T.Buffer((T.int64(1), T.int64(1), T.int64(1), T.int64(576)), "float32"), compute: T.Buffer((T.int64(1), T.int64(14), T.int64(14), T.int64(576)), "float32")):
        T.func_attr({"tir.noalias": T.bool(True)})
        with T.block("root"):
            T.reads()
            T.writes()
            T.block_attr({"meta_schedule.parallel": 96, "meta_schedule.unroll_explicit": 16, "meta_schedule.vectorize": 64})
            DepthwiseConv2d = T.alloc_buffer((T.int64(1), T.int64(14), T.int64(14), T.int64(576)))
            for b_0, i_0, j_0, c_0, b_1, i_1, j_1, c_1 in T.grid(T.int64(1), T.int64(2), T.int64(1), T.int64(3), T.int64(1), T.int64(1), T.int64(7), T.int64(24)):
                for di_0, dj_0, b_2, i_2, j_2, c_2, di_1, dj_1, b_3, i_3, j_3, c_3 in T.grid(T.int64(3), T.int64(3), T.int64(1), T.int64(1), T.int64(1), T.int64(2), T.int64(1), T.int64(1), T.int64(1), T.int64(7), T.int64(2), T.int64(4)):
                    with T.block("DepthwiseConv2d"):
                        v_b = T.axis.spatial(T.int64(1), b_0 + b_1 + b_2 + b_3)
                        v_i = T.axis.spatial(T.int64(14), i_0 * T.int64(7) + i_1 * T.int64(7) + i_2 * T.int64(7) + i_3)
                        v_j = T.axis.spatial(T.int64(14), j_0 * T.int64(14) + j_1 * T.int64(2) + j_2 * T.int64(2) + j_3)
                        v_c = T.axis.spatial(T.int64(576), c_0 * T.int64(192) + c_1 * T.int64(8) + c_2 * T.int64(4) + c_3)
                        v_di = T.axis.reduce(T.int64(3), di_0 + di_1)
                        v_dj = T.axis.reduce(T.int64(3), dj_0 + dj_1)
                        T.reads(p0[v_b, v_i + v_di - T.int64(1), v_j + v_dj - T.int64(1), v_c], p1[v_di, v_dj, v_c, T.int64(0)])
                        T.writes(DepthwiseConv2d[v_b, v_i, v_j, v_c])
                        T.block_attr({"meta_schedule.tiling_structure": "SSRSRS"})
                        with T.init():
                            DepthwiseConv2d[v_b, v_i, v_j, v_c] = T.float32(0)
                        DepthwiseConv2d[v_b, v_i, v_j, v_c] = DepthwiseConv2d[v_b, v_i, v_j, v_c] + T.if_then_else(T.int64(1) <= v_i + v_di and v_i + v_di < T.int64(15) and T.int64(1) <= v_j + v_dj and v_j + v_dj < T.int64(15), p0[v_b, v_i + v_di - T.int64(1), v_j + v_dj - T.int64(1), v_c], T.float32(0)) * p1[v_di, v_dj, v_c, T.int64(0)]
                for ax0, ax1, ax2, ax3 in T.grid(T.int64(1), T.int64(7), T.int64(2), T.int64(8)):
                    with T.block("compute"):
                        v_i0 = T.axis.spatial(T.int64(1), ax0)
                        v_i1 = T.axis.spatial(T.int64(14), i_0 * T.int64(7) + ax1)
                        v_i2 = T.axis.spatial(T.int64(14), j_1 * T.int64(2) + ax2)
                        v_i3 = T.axis.spatial(T.int64(576), c_0 * T.int64(192) + c_1 * T.int64(8) + ax3)
                        T.reads(DepthwiseConv2d[v_i0, v_i1, v_i2, v_i3], p2[v_i0, T.int64(0), T.int64(0), v_i3])
                        T.writes(compute[v_i0, v_i1, v_i2, v_i3])
                        compute[v_i0, v_i1, v_i2, v_i3] = T.max(T.min(DepthwiseConv2d[v_i0, v_i1, v_i2, v_i3] + p2[v_i0, T.int64(0), T.int64(0), v_i3], T.float32(6)), T.float32(0))
b0 = sch.get_block(name="PaddedInput", func_name="main")
b1 = sch.get_block(name="DepthwiseConv2d", func_name="main")
b2 = sch.get_block(name="T_add", func_name="main")
b3 = sch.get_block(name="root", func_name="main")
sch.compute_inline(block=b2)
sch.annotate(block_or_loop=b1, ann_key="meta_schedule.tiling_structure", ann_val="SSRSRS")
l4, l5, l6, l7, l8, l9 = sch.get_loops(block=b1)
v10, v11, v12, v13 = sch.sample_perfect_tile(loop=l4, n=4, max_innermost_factor=64, decision=[1, 1, 1, 1])
l14, l15, l16, l17 = sch.split(loop=l4, factors=[v10, v11, v12, v13], preserve_unit_iters=True, disable_predication=False)
v18, v19, v20, v21 = sch.sample_perfect_tile(loop=l5, n=4, max_innermost_factor=64, decision=[2, 1, 1, 7])
l22, l23, l24, l25 = sch.split(loop=l5, factors=[v18, v19, v20, v21], preserve_unit_iters=True, disable_predication=False)
v26, v27, v28, v29 = sch.sample_perfect_tile(loop=l6, n=4, max_innermost_factor=64, decision=[1, 7, 1, 2])
l30, l31, l32, l33 = sch.split(loop=l6, factors=[v26, v27, v28, v29], preserve_unit_iters=True, disable_predication=False)
v34, v35, v36, v37 = sch.sample_perfect_tile(loop=l7, n=4, max_innermost_factor=64, decision=[3, 24, 2, 4])
l38, l39, l40, l41 = sch.split(loop=l7, factors=[v34, v35, v36, v37], preserve_unit_iters=True, disable_predication=False)
v42, v43 = sch.sample_perfect_tile(loop=l8, n=2, max_innermost_factor=64, decision=[3, 1])
l44, l45 = sch.split(loop=l8, factors=[v42, v43], preserve_unit_iters=True, disable_predication=False)
v46, v47 = sch.sample_perfect_tile(loop=l9, n=2, max_innermost_factor=64, decision=[3, 1])
l48, l49 = sch.split(loop=l9, factors=[v46, v47], preserve_unit_iters=True, disable_predication=False)
sch.reorder(l14, l22, l30, l38, l15, l23, l31, l39, l44, l48, l16, l24, l32, l40, l45, l49, l17, l25, l33, l41)
b50, = sch.get_consumers(block=b1)
sch.reverse_compute_at(block=b50, loop=l39, preserve_unit_loops=True, index=-1)
sch.annotate(block_or_loop=b3, ann_key="meta_schedule.parallel", ann_val=96)
sch.annotate(block_or_loop=b3, ann_key="meta_schedule.vectorize", ann_val=64)
v51 = sch.sample_categorical(candidates=[0, 16, 64, 512], probs=[0.25, 0.25, 0.25, 0.25], decision=1)
sch.annotate(block_or_loop=b3, ann_key="meta_schedule.unroll_explicit", ann_val=v51)
l52 = sch.sample_compute_location(block=b0, decision=-2)
sch.compute_at(block=b0, loop=l52, preserve_unit_loops=True, index=-1)
2024-05-21 12:50:21 [INFO] [task_scheduler.cc:170] Design space #2:
# from tvm.script import ir as I
# from tvm.script import tir as T

@I.ir_module
class Module:
    @T.prim_func
    def main(p0: T.Buffer((T.int64(1), T.int64(14), T.int64(14), T.int64(576)), "float32"), p1: T.Buffer((T.int64(3), T.int64(3), T.int64(576), T.int64(1)), "float32"), p2: T.Buffer((T.int64(1), T.int64(1), T.int64(1), T.int64(576)), "float32"), compute: T.Buffer((T.int64(1), T.int64(14), T.int64(14), T.int64(576)), "float32")):
        T.func_attr({"tir.noalias": T.bool(True)})
        with T.block("root"):
            T.reads()
            T.writes()
            T.block_attr({"meta_schedule.parallel": 96, "meta_schedule.unroll_explicit": 64, "meta_schedule.vectorize": 64})
            PaddedInput = T.alloc_buffer((T.int64(1), T.int64(16), T.int64(16), T.int64(576)))
            DepthwiseConv2d = T.alloc_buffer((T.int64(1), T.int64(14), T.int64(14), T.int64(576)))
            for b_0, i_0, j_0, c_0 in T.grid(T.int64(1), T.int64(2), T.int64(1), T.int64(3)):
                for b_1, i_1, j_1, c_1, di_0, dj_0 in T.grid(T.int64(1), T.int64(1), T.int64(7), T.int64(24), T.int64(3), T.int64(3)):
                    for ax0, ax1, ax2, ax3 in T.grid(T.int64(1), T.int64(7), T.int64(2), T.int64(8)):
                        with T.block("PaddedInput"):
                            v_i0 = T.axis.spatial(T.int64(1), ax0)
                            v_i1 = T.axis.spatial(T.int64(16), i_0 * T.int64(7) + di_0 + ax1)
                            v_i2 = T.axis.spatial(T.int64(16), j_1 * T.int64(2) + dj_0 + ax2)
                            v_i3 = T.axis.spatial(T.int64(576), c_0 * T.int64(192) + c_1 * T.int64(8) + ax3)
                            T.reads(p0[v_i0, v_i1 - T.int64(1), v_i2 - T.int64(1), v_i3])
                            T.writes(PaddedInput[v_i0, v_i1, v_i2, v_i3])
                            PaddedInput[v_i0, v_i1, v_i2, v_i3] = T.if_then_else(T.int64(1) <= v_i1 and v_i1 < T.int64(15) and T.int64(1) <= v_i2 and v_i2 < T.int64(15), p0[v_i0, v_i1 - T.int64(1), v_i2 - T.int64(1), v_i3], T.float32(0))
                    for b_2, i_2, j_2, c_2, di_1, dj_1, b_3, i_3, j_3, c_3 in T.grid(T.int64(1), T.int64(1), T.int64(1), T.int64(2), T.int64(1), T.int64(1), T.int64(1), T.int64(7), T.int64(2), T.int64(4)):
                        with T.block("DepthwiseConv2d"):
                            v_b = T.axis.spatial(T.int64(1), b_0 + b_1 + b_2 + b_3)
                            v_i = T.axis.spatial(T.int64(14), i_0 * T.int64(7) + i_1 * T.int64(7) + i_2 * T.int64(7) + i_3)
                            v_j = T.axis.spatial(T.int64(14), j_0 * T.int64(14) + j_1 * T.int64(2) + j_2 * T.int64(2) + j_3)
                            v_c = T.axis.spatial(T.int64(576), c_0 * T.int64(192) + c_1 * T.int64(8) + c_2 * T.int64(4) + c_3)
                            v_di = T.axis.reduce(T.int64(3), di_0 + di_1)
                            v_dj = T.axis.reduce(T.int64(3), dj_0 + dj_1)
                            T.reads(PaddedInput[v_b, v_i + v_di, v_j + v_dj, v_c], p1[v_di, v_dj, v_c, T.int64(0)])
                            T.writes(DepthwiseConv2d[v_b, v_i, v_j, v_c])
                            T.block_attr({"meta_schedule.tiling_structure": "SSRSRS"})
                            with T.init():
                                DepthwiseConv2d[v_b, v_i, v_j, v_c] = T.float32(0)
                            DepthwiseConv2d[v_b, v_i, v_j, v_c] = DepthwiseConv2d[v_b, v_i, v_j, v_c] + PaddedInput[v_b, v_i + v_di, v_j + v_dj, v_c] * p1[v_di, v_dj, v_c, T.int64(0)]
                for ax0, ax1, ax2, ax3 in T.grid(T.int64(1), T.int64(7), T.int64(14), T.int64(192)):
                    with T.block("compute"):
                        v_i0 = T.axis.spatial(T.int64(1), ax0)
                        v_i1 = T.axis.spatial(T.int64(14), i_0 * T.int64(7) + ax1)
                        v_i2 = T.axis.spatial(T.int64(14), ax2)
                        v_i3 = T.axis.spatial(T.int64(576), c_0 * T.int64(192) + ax3)
                        T.reads(DepthwiseConv2d[v_i0, v_i1, v_i2, v_i3], p2[v_i0, T.int64(0), T.int64(0), v_i3])
                        T.writes(compute[v_i0, v_i1, v_i2, v_i3])
                        compute[v_i0, v_i1, v_i2, v_i3] = T.max(T.min(DepthwiseConv2d[v_i0, v_i1, v_i2, v_i3] + p2[v_i0, T.int64(0), T.int64(0), v_i3], T.float32(6)), T.float32(0))
b0 = sch.get_block(name="PaddedInput", func_name="main")
b1 = sch.get_block(name="DepthwiseConv2d", func_name="main")
b2 = sch.get_block(name="T_add", func_name="main")
b3 = sch.get_block(name="root", func_name="main")
sch.compute_inline(block=b2)
sch.annotate(block_or_loop=b1, ann_key="meta_schedule.tiling_structure", ann_val="SSRSRS")
l4, l5, l6, l7, l8, l9 = sch.get_loops(block=b1)
v10, v11, v12, v13 = sch.sample_perfect_tile(loop=l4, n=4, max_innermost_factor=64, decision=[1, 1, 1, 1])
l14, l15, l16, l17 = sch.split(loop=l4, factors=[v10, v11, v12, v13], preserve_unit_iters=True, disable_predication=False)
v18, v19, v20, v21 = sch.sample_perfect_tile(loop=l5, n=4, max_innermost_factor=64, decision=[2, 1, 1, 7])
l22, l23, l24, l25 = sch.split(loop=l5, factors=[v18, v19, v20, v21], preserve_unit_iters=True, disable_predication=False)
v26, v27, v28, v29 = sch.sample_perfect_tile(loop=l6, n=4, max_innermost_factor=64, decision=[1, 7, 1, 2])
l30, l31, l32, l33 = sch.split(loop=l6, factors=[v26, v27, v28, v29], preserve_unit_iters=True, disable_predication=False)
v34, v35, v36, v37 = sch.sample_perfect_tile(loop=l7, n=4, max_innermost_factor=64, decision=[3, 24, 2, 4])
l38, l39, l40, l41 = sch.split(loop=l7, factors=[v34, v35, v36, v37], preserve_unit_iters=True, disable_predication=False)
v42, v43 = sch.sample_perfect_tile(loop=l8, n=2, max_innermost_factor=64, decision=[3, 1])
l44, l45 = sch.split(loop=l8, factors=[v42, v43], preserve_unit_iters=True, disable_predication=False)
v46, v47 = sch.sample_perfect_tile(loop=l9, n=2, max_innermost_factor=64, decision=[3, 1])
l48, l49 = sch.split(loop=l9, factors=[v46, v47], preserve_unit_iters=True, disable_predication=False)
sch.reorder(l14, l22, l30, l38, l15, l23, l31, l39, l44, l48, l16, l24, l32, l40, l45, l49, l17, l25, l33, l41)
b50, = sch.get_consumers(block=b1)
sch.reverse_compute_at(block=b50, loop=l38, preserve_unit_loops=True, index=-1)
sch.annotate(block_or_loop=b3, ann_key="meta_schedule.parallel", ann_val=96)
sch.annotate(block_or_loop=b3, ann_key="meta_schedule.vectorize", ann_val=64)
v51 = sch.sample_categorical(candidates=[0, 16, 64, 512], probs=[0.25, 0.25, 0.25, 0.25], decision=2)
sch.annotate(block_or_loop=b3, ann_key="meta_schedule.unroll_explicit", ann_val=v51)
l52 = sch.sample_compute_location(block=b0, decision=9)
sch.compute_at(block=b0, loop=l52, preserve_unit_loops=True, index=-1)
2024-05-21 13:26:49 [INFO] [evolutionary_search.cc:713] Generating candidates......
2024-05-21 13:26:49 [INFO] [evolutionary_search.cc:715] Picked top 0 candidate(s) from database
2024-05-21 13:26:51 [INFO] [evolutionary_search.cc:533] Sample-Init-Population summary:
Postproc #0 [meta_schedule.DisallowDynamicLoop(0x7ab67f8)]: 0 failure(s)
Postproc #1 [meta_schedule.RewriteParallelVectorizeUnroll(0xfc8ff08)]: 0 failure(s)
Postproc #2 [meta_schedule.RewriteReductionBlock(0x117295c8)]: 0 failure(s)
Postproc #3 [meta_schedule.RewriteLayout(0x1489adb8)]: 0 failure(s)
2024-05-21 13:26:51 [INFO] [evolutionary_search.cc:723] Sampled 512 candidate(s)
2024-05-21 13:26:52 [INFO] [evolutionary_search.cc:621] Evolve iter #0 done. Summary:
Postproc #0 [meta_schedule.DisallowDynamicLoop(0x7ab67f8)]: 0 failure(s)
Postproc #1 [meta_schedule.RewriteParallelVectorizeUnroll(0xfc8ff08)]: 0 failure(s)
Postproc #2 [meta_schedule.RewriteReductionBlock(0x117295c8)]: 0 failure(s)
Postproc #3 [meta_schedule.RewriteLayout(0x1489adb8)]: 0 failure(s)
2024-05-21 13:26:54 [INFO] [evolutionary_search.cc:621] Evolve iter #1 done. Summary:
Postproc #0 [meta_schedule.DisallowDynamicLoop(0x7ab67f8)]: 0 failure(s)
Postproc #1 [meta_schedule.RewriteParallelVectorizeUnroll(0xfc8ff08)]: 0 failure(s)
Postproc #2 [meta_schedule.RewriteReductionBlock(0x117295c8)]: 0 failure(s)
Postproc #3 [meta_schedule.RewriteLayout(0x1489adb8)]: 0 failure(s)
2024-05-21 13:26:55 [INFO] [evolutionary_search.cc:621] Evolve iter #2 done. Summary:
Postproc #0 [meta_schedule.DisallowDynamicLoop(0x7ab67f8)]: 0 failure(s)
Postproc #1 [meta_schedule.RewriteParallelVectorizeUnroll(0xfc8ff08)]: 0 failure(s)
Postproc #2 [meta_schedule.RewriteReductionBlock(0x117295c8)]: 0 failure(s)
Postproc #3 [meta_schedule.RewriteLayout(0x1489adb8)]: 0 failure(s)
2024-05-21 13:26:57 [INFO] [evolutionary_search.cc:621] Evolve iter #3 done. Summary:
Postproc #0 [meta_schedule.DisallowDynamicLoop(0x7ab67f8)]: 0 failure(s)
Postproc #1 [meta_schedule.RewriteParallelVectorizeUnroll(0xfc8ff08)]: 0 failure(s)
Postproc #2 [meta_schedule.RewriteReductionBlock(0x117295c8)]: 0 failure(s)
Postproc #3 [meta_schedule.RewriteLayout(0x1489adb8)]: 0 failure(s)
2024-05-21 13:26:57 [INFO] [evolutionary_search.cc:649] Scores of the best 64 candidates:
[1 : 16]:	0.9999  0.9993  0.9992  0.9982  0.9982  0.9967  0.9952  0.9933  0.9926  0.9925  0.9911  0.9907  0.9905  0.9899  0.9892  0.9888
[17 : 32]:	0.9885  0.9880  0.9879  0.9878  0.9868  0.9865  0.9860  0.9858  0.9850  0.9836  0.9825  0.9825  0.9825  0.9824  0.9793  0.9791
[33 : 48]:	0.9788  0.9785  0.9784  0.9773  0.9766  0.9762  0.9760  0.9748  0.9742  0.9740  0.9738  0.9737  0.9737  0.9737  0.9737  0.9730
[49 : 64]:	0.9728  0.9728  0.9727  0.9718  0.9717  0.9714  0.9709  0.9708  0.9704  0.9700  0.9700  0.9698  0.9695  0.9692  0.9689  0.9689
2024-05-21 13:26:57 [INFO] [evolutionary_search.cc:727] Got 64 candidate(s) with evolutionary search
2024-05-21 13:26:57 [INFO] [evolutionary_search.cc:730] Sending 64 candidates(s) for measurement
2024-05-21 13:49:37 [INFO] [task_scheduler.cc:131] [Task #23: fused_nn_conv2d_add_clip_12] Trial #1: GFLOPs: 18.5538. Time: 127.7806 us. Best GFLOPs: 18.5538
2024-05-21 13:49:37 [INFO] [task_scheduler.cc:131] [Task #23: fused_nn_conv2d_add_clip_12] Trial #2: GFLOPs: 26.1707. Time: 90.5904 us. Best GFLOPs: 26.1707
2024-05-21 13:49:37 [INFO] [task_scheduler.cc:131] [Task #23: fused_nn_conv2d_add_clip_12] Trial #3: GFLOPs: 13.9089. Time: 170.4537 us. Best GFLOPs: 26.1707
2024-05-21 13:49:37 [INFO] [task_scheduler.cc:131] [Task #23: fused_nn_conv2d_add_clip_12] Trial #4: GFLOPs: 32.2009. Time: 73.6257 us. Best GFLOPs: 32.2009
2024-05-21 13:49:37 [INFO] [task_scheduler.cc:131] [Task #23: fused_nn_conv2d_add_clip_12] Trial #5: GFLOPs: 26.7562. Time: 88.6081 us. Best GFLOPs: 32.2009
2024-05-21 13:49:37 [INFO] [task_scheduler.cc:131] [Task #23: fused_nn_conv2d_add_clip_12] Trial #6: GFLOPs: 64.5885. Time: 36.7065 us. Best GFLOPs: 64.5885
2024-05-21 13:49:37 [INFO] [task_scheduler.cc:131] [Task #23: fused_nn_conv2d_add_clip_12] Trial #7: GFLOPs: 15.3822. Time: 154.1267 us. Best GFLOPs: 64.5885
2024-05-21 13:49:37 [INFO] [task_scheduler.cc:131] [Task #23: fused_nn_conv2d_add_clip_12] Trial #8: GFLOPs: 27.6060. Time: 85.8804 us. Best GFLOPs: 64.5885
2024-05-21 13:49:37 [INFO] [task_scheduler.cc:131] [Task #23: fused_nn_conv2d_add_clip_12] Trial #9: GFLOPs: 27.7058. Time: 85.5712 us. Best GFLOPs: 64.5885
2024-05-21 13:49:37 [INFO] [task_scheduler.cc:131] [Task #23: fused_nn_conv2d_add_clip_12] Trial #10: GFLOPs: 40.5762. Time: 58.4287 us. Best GFLOPs: 64.5885
2024-05-21 13:49:37 [INFO] [task_scheduler.cc:131] [Task #23: fused_nn_conv2d_add_clip_12] Trial #11: GFLOPs: 22.9964. Time: 103.0949 us. Best GFLOPs: 64.5885
2024-05-21 13:49:37 [INFO] [task_scheduler.cc:131] [Task #23: fused_nn_conv2d_add_clip_12] Trial #12: GFLOPs: 20.2841. Time: 116.8805 us. Best GFLOPs: 64.5885
2024-05-21 13:49:37 [INFO] [task_scheduler.cc:131] [Task #23: fused_nn_conv2d_add_clip_12] Trial #13: GFLOPs: 34.4017. Time: 68.9156 us. Best GFLOPs: 64.5885
2024-05-21 13:49:37 [INFO] [task_scheduler.cc:131] [Task #23: fused_nn_conv2d_add_clip_12] Trial #14: GFLOPs: 27.5146. Time: 86.1657 us. Best GFLOPs: 64.5885
2024-05-21 13:49:37 [INFO] [task_scheduler.cc:131] [Task #23: fused_nn_conv2d_add_clip_12] Trial #15: GFLOPs: 59.5472. Time: 39.8141 us. Best GFLOPs: 64.5885
2024-05-21 13:49:37 [INFO] [task_scheduler.cc:131] [Task #23: fused_nn_conv2d_add_clip_12] Trial #16: GFLOPs: 20.0770. Time: 118.0860 us. Best GFLOPs: 64.5885
2024-05-21 13:49:37 [INFO] [task_scheduler.cc:131] [Task #23: fused_nn_conv2d_add_clip_12] Trial #17: GFLOPs: 19.9799. Time: 118.6600 us. Best GFLOPs: 64.5885
2024-05-21 13:49:37 [INFO] [task_scheduler.cc:131] [Task #23: fused_nn_conv2d_add_clip_12] Trial #18: GFLOPs: 10.8075. Time: 219.3673 us. Best GFLOPs: 64.5885
2024-05-21 13:49:37 [INFO] [task_scheduler.cc:131] [Task #23: fused_nn_conv2d_add_clip_12] Trial #19: GFLOPs: 89.8751. Time: 26.3790 us. Best GFLOPs: 89.8751
2024-05-21 13:49:37 [INFO] [task_scheduler.cc:131] [Task #23: fused_nn_conv2d_add_clip_12] Trial #20: GFLOPs: 14.9694. Time: 158.3773 us. Best GFLOPs: 89.8751
2024-05-21 13:49:37 [INFO] [task_scheduler.cc:131] [Task #23: fused_nn_conv2d_add_clip_12] Trial #21: GFLOPs: 35.8788. Time: 66.0785 us. Best GFLOPs: 89.8751
2024-05-21 13:49:37 [INFO] [task_scheduler.cc:131] [Task #23: fused_nn_conv2d_add_clip_12] Trial #22: GFLOPs: 26.5248. Time: 89.3811 us. Best GFLOPs: 89.8751
2024-05-21 13:49:37 [INFO] [task_scheduler.cc:131] [Task #23: fused_nn_conv2d_add_clip_12] Trial #23: GFLOPs: 9.0315. Time: 262.5039 us. Best GFLOPs: 89.8751
2024-05-21 13:49:37 [INFO] [task_scheduler.cc:131] [Task #23: fused_nn_conv2d_add_clip_12] Trial #24: GFLOPs: 24.5901. Time: 96.4136 us. Best GFLOPs: 89.8751
2024-05-21 13:49:37 [INFO] [task_scheduler.cc:131] [Task #23: fused_nn_conv2d_add_clip_12] Trial #25: GFLOPs: 13.2298. Time: 179.2024 us. Best GFLOPs: 89.8751
2024-05-21 13:49:37 [INFO] [task_scheduler.cc:131] [Task #23: fused_nn_conv2d_add_clip_12] Trial #26: GFLOPs: 6.7330. Time: 352.1187 us. Best GFLOPs: 89.8751
2024-05-21 13:49:37 [INFO] [task_scheduler.cc:131] [Task #23: fused_nn_conv2d_add_clip_12] Trial #27: GFLOPs: 27.6552. Time: 85.7277 us. Best GFLOPs: 89.8751
2024-05-21 13:49:37 [INFO] [task_scheduler.cc:131] [Task #23: fused_nn_conv2d_add_clip_12] Trial #28: GFLOPs: 25.1672. Time: 94.2025 us. Best GFLOPs: 89.8751
2024-05-21 13:49:37 [INFO] [task_scheduler.cc:131] [Task #23: fused_nn_conv2d_add_clip_12] Trial #29: GFLOPs: 14.5062. Time: 163.4341 us. Best GFLOPs: 89.8751
2024-05-21 13:49:37 [INFO] [task_scheduler.cc:131] [Task #23: fused_nn_conv2d_add_clip_12] Trial #30: GFLOPs: 10.3417. Time: 229.2478 us. Best GFLOPs: 89.8751
2024-05-21 13:49:37 [INFO] [task_scheduler.cc:131] [Task #23: fused_nn_conv2d_add_clip_12] Trial #31: GFLOPs: 18.3676. Time: 129.0757 us. Best GFLOPs: 89.8751
2024-05-21 13:49:37 [INFO] [task_scheduler.cc:131] [Task #23: fused_nn_conv2d_add_clip_12] Trial #32: GFLOPs: 42.2623. Time: 56.0976 us. Best GFLOPs: 89.8751
2024-05-21 13:49:37 [INFO] [task_scheduler.cc:131] [Task #23: fused_nn_conv2d_add_clip_12] Trial #33: GFLOPs: 44.5298. Time: 53.2412 us. Best GFLOPs: 89.8751
2024-05-21 13:49:37 [INFO] [task_scheduler.cc:131] [Task #23: fused_nn_conv2d_add_clip_12] Trial #34: GFLOPs: 58.2210. Time: 40.7210 us. Best GFLOPs: 89.8751
2024-05-21 13:49:37 [INFO] [task_scheduler.cc:131] [Task #23: fused_nn_conv2d_add_clip_12] Trial #35: GFLOPs: 38.6488. Time: 61.3426 us. Best GFLOPs: 89.8751
2024-05-21 13:49:37 [INFO] [task_scheduler.cc:131] [Task #23: fused_nn_conv2d_add_clip_12] Trial #36: GFLOPs: 32.1256. Time: 73.7983 us. Best GFLOPs: 89.8751
2024-05-21 13:49:37 [INFO] [task_scheduler.cc:131] [Task #23: fused_nn_conv2d_add_clip_12] Trial #37: GFLOPs: 90.7138. Time: 26.1351 us. Best GFLOPs: 90.7138
2024-05-21 13:49:37 [INFO] [task_scheduler.cc:131] [Task #23: fused_nn_conv2d_add_clip_12] Trial #38: GFLOPs: 18.6067. Time: 127.4176 us. Best GFLOPs: 90.7138
2024-05-21 13:49:37 [INFO] [task_scheduler.cc:131] [Task #23: fused_nn_conv2d_add_clip_12] Trial #39: GFLOPs: 38.6188. Time: 61.3902 us. Best GFLOPs: 90.7138
2024-05-21 13:49:37 [INFO] [task_scheduler.cc:131] [Task #23: fused_nn_conv2d_add_clip_12] Trial #40: GFLOPs: 28.8981. Time: 82.0405 us. Best GFLOPs: 90.7138
2024-05-21 13:49:37 [INFO] [task_scheduler.cc:131] [Task #23: fused_nn_conv2d_add_clip_12] Trial #41: GFLOPs: 14.5960. Time: 162.4293 us. Best GFLOPs: 90.7138
2024-05-21 13:49:37 [INFO] [task_scheduler.cc:131] [Task #23: fused_nn_conv2d_add_clip_12] Trial #42: GFLOPs: 19.9072. Time: 119.0933 us. Best GFLOPs: 90.7138
2024-05-21 13:49:37 [INFO] [task_scheduler.cc:131] [Task #23: fused_nn_conv2d_add_clip_12] Trial #43: GFLOPs: 21.6515. Time: 109.4991 us. Best GFLOPs: 90.7138
2024-05-21 13:49:37 [INFO] [task_scheduler.cc:131] [Task #23: fused_nn_conv2d_add_clip_12] Trial #44: GFLOPs: 12.9944. Time: 182.4491 us. Best GFLOPs: 90.7138
2024-05-21 13:49:37 [INFO] [task_scheduler.cc:131] [Task #23: fused_nn_conv2d_add_clip_12] Trial #45: GFLOPs: 13.8647. Time: 170.9964 us. Best GFLOPs: 90.7138
2024-05-21 13:49:37 [INFO] [task_scheduler.cc:131] [Task #23: fused_nn_conv2d_add_clip_12] Trial #46: GFLOPs: 16.2822. Time: 145.6077 us. Best GFLOPs: 90.7138
2024-05-21 13:49:37 [INFO] [task_scheduler.cc:131] [Task #23: fused_nn_conv2d_add_clip_12] Trial #47: GFLOPs: 29.5172. Time: 80.3197 us. Best GFLOPs: 90.7138
2024-05-21 13:49:37 [INFO] [task_scheduler.cc:131] [Task #23: fused_nn_conv2d_add_clip_12] Trial #48: GFLOPs: 11.5715. Time: 204.8835 us. Best GFLOPs: 90.7138
2024-05-21 13:49:37 [INFO] [task_scheduler.cc:131] [Task #23: fused_nn_conv2d_add_clip_12] Trial #49: GFLOPs: 7.5887. Time: 312.4126 us. Best GFLOPs: 90.7138
2024-05-21 13:49:37 [INFO] [task_scheduler.cc:131] [Task #23: fused_nn_conv2d_add_clip_12] Trial #50: GFLOPs: 35.7588. Time: 66.3002 us. Best GFLOPs: 90.7138
2024-05-21 13:49:37 [INFO] [task_scheduler.cc:131] [Task #23: fused_nn_conv2d_add_clip_12] Trial #51: GFLOPs: 32.7432. Time: 72.4063 us. Best GFLOPs: 90.7138
2024-05-21 13:49:37 [INFO] [task_scheduler.cc:131] [Task #23: fused_nn_conv2d_add_clip_12] Trial #52: GFLOPs: 9.7152. Time: 244.0323 us. Best GFLOPs: 90.7138
2024-05-21 13:49:37 [INFO] [task_scheduler.cc:131] [Task #23: fused_nn_conv2d_add_clip_12] Trial #53: GFLOPs: 9.3816. Time: 252.7102 us. Best GFLOPs: 90.7138
2024-05-21 13:49:37 [INFO] [task_scheduler.cc:131] [Task #23: fused_nn_conv2d_add_clip_12] Trial #54: GFLOPs: 31.7045. Time: 74.7785 us. Best GFLOPs: 90.7138
2024-05-21 13:49:37 [INFO] [task_scheduler.cc:131] [Task #23: fused_nn_conv2d_add_clip_12] Trial #55: GFLOPs: 26.0446. Time: 91.0292 us. Best GFLOPs: 90.7138
2024-05-21 13:49:37 [INFO] [task_scheduler.cc:131] [Task #23: fused_nn_conv2d_add_clip_12] Trial #56: GFLOPs: 11.3772. Time: 208.3828 us. Best GFLOPs: 90.7138
2024-05-21 13:49:37 [INFO] [task_scheduler.cc:131] [Task #23: fused_nn_conv2d_add_clip_12] Trial #57: GFLOPs: 81.7334. Time: 29.0067 us. Best GFLOPs: 90.7138
2024-05-21 13:49:37 [INFO] [task_scheduler.cc:131] [Task #23: fused_nn_conv2d_add_clip_12] Trial #58: GFLOPs: 47.7392. Time: 49.6618 us. Best GFLOPs: 90.7138
2024-05-21 13:49:37 [INFO] [task_scheduler.cc:131] [Task #23: fused_nn_conv2d_add_clip_12] Trial #59: GFLOPs: 12.7801. Time: 185.5081 us. Best GFLOPs: 90.7138
2024-05-21 13:49:37 [INFO] [task_scheduler.cc:131] [Task #23: fused_nn_conv2d_add_clip_12] Trial #60: GFLOPs: 23.9706. Time: 98.9050 us. Best GFLOPs: 90.7138
2024-05-21 13:49:37 [INFO] [task_scheduler.cc:131] [Task #23: fused_nn_conv2d_add_clip_12] Trial #61: GFLOPs: 26.3914. Time: 89.8330 us. Best GFLOPs: 90.7138
2024-05-21 13:49:37 [INFO] [task_scheduler.cc:131] [Task #23: fused_nn_conv2d_add_clip_12] Trial #62: GFLOPs: 10.0811. Time: 235.1750 us. Best GFLOPs: 90.7138
2024-05-21 13:49:37 [INFO] [task_scheduler.cc:131] [Task #23: fused_nn_conv2d_add_clip_12] Trial #63: GFLOPs: 19.2421. Time: 123.2101 us. Best GFLOPs: 90.7138
2024-05-21 13:49:37 [INFO] [task_scheduler.cc:131] [Task #23: fused_nn_conv2d_add_clip_12] Trial #64: GFLOPs: 34.2007. Time: 69.3207 us. Best GFLOPs: 90.7138
