2024-05-21 07:11:20 [INFO] [task_scheduler.cc:160] Initializing Task #10: "fused_nn_pad_1"
2024-05-21 07:11:20 [INFO] [task_scheduler.cc:35] 
# from tvm.script import ir as I
# from tvm.script import tir as T

@I.ir_module
class Module:
    @T.prim_func
    def main(p0: T.Buffer((T.int64(1), T.int64(8), T.int64(8), T.int64(144)), "float32"), T_pad: T.Buffer((T.int64(1), T.int64(9), T.int64(9), T.int64(144)), "float32")):
        T.func_attr({"tir.noalias": T.bool(True)})
        # with T.block("root"):
        compile_engine_const = T.alloc_buffer((), "int32")
        T_cast = T.alloc_buffer(())
        with T.block("compile_engine_const"):
            vi = T.axis.spatial(1, T.int64(0))
            T.reads()
            T.writes(compile_engine_const[()])
            compile_engine_const[()] = 0
        with T.block("T_cast"):
            vi = T.axis.spatial(1, T.int64(0))
            T.reads(compile_engine_const[()])
            T.writes(T_cast[()])
            T_cast[()] = T.Cast("float32", compile_engine_const[()])
        for ax0, ax1, ax2, ax3 in T.grid(T.int64(1), T.int64(9), T.int64(9), T.int64(144)):
            with T.block("T_pad"):
                v_ax0, v_ax1, v_ax2, v_ax3 = T.axis.remap("SSSS", [ax0, ax1, ax2, ax3])
                T.reads(p0[v_ax0, v_ax1, v_ax2, v_ax3], T_cast[()])
                T.writes(T_pad[v_ax0, v_ax1, v_ax2, v_ax3])
                T_pad[v_ax0, v_ax1, v_ax2, v_ax3] = T.if_then_else(v_ax1 < T.int64(8) and v_ax2 < T.int64(8), p0[v_ax0, v_ax1, v_ax2, v_ax3], T_cast[()])
2024-05-21 07:11:20 [INFO] [task_scheduler.cc:164] Total 1 design space(s) generated
2024-05-21 07:11:20 [INFO] [task_scheduler.cc:170] Design space #0:
# from tvm.script import ir as I
# from tvm.script import tir as T

@I.ir_module
class Module:
    @T.prim_func
    def main(p0: T.Buffer((T.int64(1), T.int64(8), T.int64(8), T.int64(144)), "float32"), T_pad: T.Buffer((T.int64(1), T.int64(9), T.int64(9), T.int64(144)), "float32")):
        T.func_attr({"tir.noalias": T.bool(True)})
        with T.block("root"):
            T.reads()
            T.writes()
            T.block_attr({"meta_schedule.parallel": 96, "meta_schedule.vectorize": 64})
            for ax0, ax1, ax2, ax3 in T.grid(T.int64(1), T.int64(9), T.int64(9), T.int64(144)):
                with T.block("T_pad"):
                    v_ax0, v_ax1, v_ax2, v_ax3 = T.axis.remap("SSSS", [ax0, ax1, ax2, ax3])
                    T.reads(p0[v_ax0, v_ax1, v_ax2, v_ax3])
                    T.writes(T_pad[v_ax0, v_ax1, v_ax2, v_ax3])
                    T_pad[v_ax0, v_ax1, v_ax2, v_ax3] = T.if_then_else(v_ax1 < T.int64(8) and v_ax2 < T.int64(8), p0[v_ax0, v_ax1, v_ax2, v_ax3], T.Cast("float32", 0))
b0 = sch.get_block(name="compile_engine_const", func_name="main")
b1 = sch.get_block(name="T_cast", func_name="main")
b2 = sch.get_block(name="root", func_name="main")
sch.compute_inline(block=b0)
sch.compute_inline(block=b1)
sch.annotate(block_or_loop=b2, ann_key="meta_schedule.parallel", ann_val=96)
sch.annotate(block_or_loop=b2, ann_key="meta_schedule.vectorize", ann_val=64)
2024-05-21 07:27:32 [INFO] [evolutionary_search.cc:713] Generating candidates......
2024-05-21 07:27:32 [INFO] [evolutionary_search.cc:715] Picked top 0 candidate(s) from database
2024-05-21 07:27:32 [INFO] [evolutionary_search.cc:533] Sample-Init-Population summary:
Postproc #0 [meta_schedule.DisallowDynamicLoop(0x102562e8)]: 0 failure(s)
Postproc #1 [meta_schedule.RewriteParallelVectorizeUnroll(0xca0c648)]: 0 failure(s)
Postproc #2 [meta_schedule.RewriteReductionBlock(0xca76548)]: 0 failure(s)
Postproc #3 [meta_schedule.RewriteLayout(0xe7bf5c8)]: 0 failure(s)
2024-05-21 07:27:32 [INFO] [evolutionary_search.cc:723] Sampled 512 candidate(s)
2024-05-21 07:27:32 [INFO] [evolutionary_search.cc:621] Evolve iter #0 done. Summary:
Postproc #0 [meta_schedule.DisallowDynamicLoop(0x102562e8)]: 0 failure(s)
Postproc #1 [meta_schedule.RewriteParallelVectorizeUnroll(0xca0c648)]: 0 failure(s)
Postproc #2 [meta_schedule.RewriteReductionBlock(0xca76548)]: 0 failure(s)
Postproc #3 [meta_schedule.RewriteLayout(0xe7bf5c8)]: 0 failure(s)
2024-05-21 07:27:32 [INFO] [evolutionary_search.cc:621] Evolve iter #1 done. Summary:
Postproc #0 [meta_schedule.DisallowDynamicLoop(0x102562e8)]: 0 failure(s)
Postproc #1 [meta_schedule.RewriteParallelVectorizeUnroll(0xca0c648)]: 0 failure(s)
Postproc #2 [meta_schedule.RewriteReductionBlock(0xca76548)]: 0 failure(s)
Postproc #3 [meta_schedule.RewriteLayout(0xe7bf5c8)]: 0 failure(s)
2024-05-21 07:27:32 [INFO] [evolutionary_search.cc:621] Evolve iter #2 done. Summary:
Postproc #0 [meta_schedule.DisallowDynamicLoop(0x102562e8)]: 0 failure(s)
Postproc #1 [meta_schedule.RewriteParallelVectorizeUnroll(0xca0c648)]: 0 failure(s)
Postproc #2 [meta_schedule.RewriteReductionBlock(0xca76548)]: 0 failure(s)
Postproc #3 [meta_schedule.RewriteLayout(0xe7bf5c8)]: 0 failure(s)
2024-05-21 07:27:33 [INFO] [evolutionary_search.cc:621] Evolve iter #3 done. Summary:
Postproc #0 [meta_schedule.DisallowDynamicLoop(0x102562e8)]: 0 failure(s)
Postproc #1 [meta_schedule.RewriteParallelVectorizeUnroll(0xca0c648)]: 0 failure(s)
Postproc #2 [meta_schedule.RewriteReductionBlock(0xca76548)]: 0 failure(s)
Postproc #3 [meta_schedule.RewriteLayout(0xe7bf5c8)]: 0 failure(s)
2024-05-21 07:27:33 [INFO] [evolutionary_search.cc:649] Scores of the best 3 candidates:
[1 : 3]:	0.9671  0.7275  0.3387
2024-05-21 07:27:33 [INFO] [evolutionary_search.cc:727] Got 3 candidate(s) with evolutionary search
2024-05-21 07:27:33 [INFO] [evolutionary_search.cc:730] Sending 3 candidates(s) for measurement
2024-05-21 08:09:47 [INFO] [task_scheduler.cc:131] [Task #10: fused_nn_pad_1] Trial #1: GFLOPs: 0.0002. Time: 4.8159 us. Best GFLOPs: 0.0002
2024-05-21 08:09:47 [INFO] [task_scheduler.cc:131] [Task #10: fused_nn_pad_1] Trial #2: GFLOPs: 0.0002. Time: 5.0565 us. Best GFLOPs: 0.0002
2024-05-21 08:09:47 [INFO] [task_scheduler.cc:131] [Task #10: fused_nn_pad_1] Trial #3: GFLOPs: 0.0001. Time: 9.5313 us. Best GFLOPs: 0.0002
2024-05-21 09:11:16 [INFO] [evolutionary_search.cc:713] Generating candidates......
2024-05-21 09:11:16 [INFO] [evolutionary_search.cc:715] Picked top 3 candidate(s) from database
2024-05-21 09:11:16 [INFO] [evolutionary_search.cc:533] Sample-Init-Population summary:
Postproc #0 [meta_schedule.DisallowDynamicLoop(0x102562e8)]: 0 failure(s)
Postproc #1 [meta_schedule.RewriteParallelVectorizeUnroll(0xca0c648)]: 0 failure(s)
Postproc #2 [meta_schedule.RewriteReductionBlock(0xca76548)]: 0 failure(s)
Postproc #3 [meta_schedule.RewriteLayout(0xe7bf5c8)]: 0 failure(s)
2024-05-21 09:11:16 [INFO] [evolutionary_search.cc:723] Sampled 509 candidate(s)
2024-05-21 09:11:17 [INFO] [evolutionary_search.cc:621] Evolve iter #0 done. Summary:
Postproc #0 [meta_schedule.DisallowDynamicLoop(0x102562e8)]: 0 failure(s)
Postproc #1 [meta_schedule.RewriteParallelVectorizeUnroll(0xca0c648)]: 0 failure(s)
Postproc #2 [meta_schedule.RewriteReductionBlock(0xca76548)]: 0 failure(s)
Postproc #3 [meta_schedule.RewriteLayout(0xe7bf5c8)]: 0 failure(s)
2024-05-21 09:11:17 [INFO] [evolutionary_search.cc:621] Evolve iter #1 done. Summary:
Postproc #0 [meta_schedule.DisallowDynamicLoop(0x102562e8)]: 0 failure(s)
Postproc #1 [meta_schedule.RewriteParallelVectorizeUnroll(0xca0c648)]: 0 failure(s)
Postproc #2 [meta_schedule.RewriteReductionBlock(0xca76548)]: 0 failure(s)
Postproc #3 [meta_schedule.RewriteLayout(0xe7bf5c8)]: 0 failure(s)
2024-05-21 09:11:18 [INFO] [evolutionary_search.cc:621] Evolve iter #2 done. Summary:
Postproc #0 [meta_schedule.DisallowDynamicLoop(0x102562e8)]: 0 failure(s)
Postproc #1 [meta_schedule.RewriteParallelVectorizeUnroll(0xca0c648)]: 0 failure(s)
Postproc #2 [meta_schedule.RewriteReductionBlock(0xca76548)]: 0 failure(s)
Postproc #3 [meta_schedule.RewriteLayout(0xe7bf5c8)]: 0 failure(s)
2024-05-21 09:11:18 [INFO] [evolutionary_search.cc:621] Evolve iter #3 done. Summary:
Postproc #0 [meta_schedule.DisallowDynamicLoop(0x102562e8)]: 0 failure(s)
Postproc #1 [meta_schedule.RewriteParallelVectorizeUnroll(0xca0c648)]: 0 failure(s)
Postproc #2 [meta_schedule.RewriteReductionBlock(0xca76548)]: 0 failure(s)
Postproc #3 [meta_schedule.RewriteLayout(0xe7bf5c8)]: 0 failure(s)
2024-05-21 09:11:18 [INFO] [evolutionary_search.cc:649] Scores of the best 0 candidates:
2024-05-21 09:11:18 [INFO] [evolutionary_search.cc:727] Got 0 candidate(s) with evolutionary search
2024-05-21 09:11:18 [INFO] [evolutionary_search.cc:730] Sending 0 candidates(s) for measurement
