2024-05-21 07:11:20 [INFO] [task_scheduler.cc:160] Initializing Task #2: "fused_nn_conv2d_add"
2024-05-21 07:11:20 [INFO] [task_scheduler.cc:35] 
# from tvm.script import ir as I
# from tvm.script import tir as T

@I.ir_module
class Module:
    @T.prim_func
    def main(p0: T.Buffer((T.int64(1), T.int64(16), T.int64(16), T.int64(32)), "float32"), p1: T.Buffer((T.int64(1), T.int64(1), T.int64(32), T.int64(16)), "float32"), p2: T.Buffer((T.int64(1), T.int64(1), T.int64(1), T.int64(16)), "float32"), T_add: T.Buffer((T.int64(1), T.int64(16), T.int64(16), T.int64(16)), "float32")):
        T.func_attr({"layout_free_buffers": [1], "tir.noalias": T.bool(True)})
        # with T.block("root"):
        pad_temp = T.alloc_buffer((T.int64(1), T.int64(16), T.int64(16), T.int64(32)))
        conv2d_nhwc = T.alloc_buffer((T.int64(1), T.int64(16), T.int64(16), T.int64(16)))
        for i0, i1, i2, i3 in T.grid(T.int64(1), T.int64(16), T.int64(16), T.int64(32)):
            with T.block("pad_temp"):
                v_i0, v_i1, v_i2, v_i3 = T.axis.remap("SSSS", [i0, i1, i2, i3])
                T.reads(p0[v_i0, v_i1, v_i2, v_i3])
                T.writes(pad_temp[v_i0, v_i1, v_i2, v_i3])
                pad_temp[v_i0, v_i1, v_i2, v_i3] = p0[v_i0, v_i1, v_i2, v_i3]
        for nn, yy, xx, ff, ry, rx, rc in T.grid(T.int64(1), T.int64(16), T.int64(16), T.int64(16), T.int64(1), T.int64(1), T.int64(32)):
            with T.block("conv2d_nhwc"):
                v_nn, v_yy, v_xx, v_ff, v_ry, v_rx, v_rc = T.axis.remap("SSSSRRR", [nn, yy, xx, ff, ry, rx, rc])
                T.reads(pad_temp[v_nn, v_yy + v_ry, v_xx + v_rx, v_rc], p1[v_ry, v_rx, v_rc, v_ff])
                T.writes(conv2d_nhwc[v_nn, v_yy, v_xx, v_ff])
                with T.init():
                    conv2d_nhwc[v_nn, v_yy, v_xx, v_ff] = T.float32(0)
                conv2d_nhwc[v_nn, v_yy, v_xx, v_ff] = conv2d_nhwc[v_nn, v_yy, v_xx, v_ff] + pad_temp[v_nn, v_yy + v_ry, v_xx + v_rx, v_rc] * p1[v_ry, v_rx, v_rc, v_ff]
        for ax0, ax1, ax2, ax3 in T.grid(T.int64(1), T.int64(16), T.int64(16), T.int64(16)):
            with T.block("T_add"):
                v_ax0, v_ax1, v_ax2, v_ax3 = T.axis.remap("SSSS", [ax0, ax1, ax2, ax3])
                T.reads(conv2d_nhwc[v_ax0, v_ax1, v_ax2, v_ax3], p2[v_ax0, T.int64(0), T.int64(0), v_ax3])
                T.writes(T_add[v_ax0, v_ax1, v_ax2, v_ax3])
                T_add[v_ax0, v_ax1, v_ax2, v_ax3] = conv2d_nhwc[v_ax0, v_ax1, v_ax2, v_ax3] + p2[v_ax0, T.int64(0), T.int64(0), v_ax3]
2024-05-21 07:11:20 [INFO] [task_scheduler.cc:164] Total 3 design space(s) generated
2024-05-21 07:11:20 [INFO] [task_scheduler.cc:170] Design space #0:
# from tvm.script import ir as I
# from tvm.script import tir as T

@I.ir_module
class Module:
    @T.prim_func
    def main(p0: T.Buffer((T.int64(1), T.int64(16), T.int64(16), T.int64(32)), "float32"), p1: T.Buffer((T.int64(1), T.int64(1), T.int64(32), T.int64(16)), "float32"), p2: T.Buffer((T.int64(1), T.int64(1), T.int64(1), T.int64(16)), "float32"), T_add: T.Buffer((T.int64(1), T.int64(16), T.int64(16), T.int64(16)), "float32")):
        T.func_attr({"layout_free_buffers": [1], "tir.noalias": T.bool(True)})
        with T.block("root"):
            T.reads()
            T.writes()
            T.block_attr({"meta_schedule.parallel": 96, "meta_schedule.unroll_explicit": 64, "meta_schedule.vectorize": 64})
            conv2d_nhwc = T.alloc_buffer((T.int64(1), T.int64(16), T.int64(16), T.int64(16)))
            for nn_0, yy_0, xx_0, ff_0, nn_1, yy_1, xx_1, ff_1, ry_0, rx_0, rc_0, nn_2, yy_2, xx_2, ff_2, ry_1, rx_1, rc_1, nn_3, yy_3, xx_3, ff_3 in T.grid(T.int64(1), T.int64(8), T.int64(1), T.int64(2), T.int64(1), T.int64(1), T.int64(8), T.int64(2), T.int64(1), T.int64(1), T.int64(8), T.int64(1), T.int64(1), T.int64(1), T.int64(4), T.int64(1), T.int64(1), T.int64(4), T.int64(1), T.int64(2), T.int64(2), T.int64(1)):
                with T.block("conv2d_nhwc"):
                    v_nn = T.axis.spatial(T.int64(1), nn_0 + nn_1 + nn_2 + nn_3)
                    v_yy = T.axis.spatial(T.int64(16), yy_0 * T.int64(2) + yy_1 * T.int64(2) + yy_2 * T.int64(2) + yy_3)
                    v_xx = T.axis.spatial(T.int64(16), xx_0 * T.int64(16) + xx_1 * T.int64(2) + xx_2 * T.int64(2) + xx_3)
                    v_ff = T.axis.spatial(T.int64(16), ff_0 * T.int64(8) + ff_1 * T.int64(4) + ff_2 + ff_3)
                    v_ry = T.axis.reduce(T.int64(1), ry_0 + ry_1)
                    v_rx = T.axis.reduce(T.int64(1), rx_0 + rx_1)
                    v_rc = T.axis.reduce(T.int64(32), rc_0 * T.int64(4) + rc_1)
                    T.reads(p0[v_nn, v_yy + v_ry, v_xx + v_rx, v_rc], p1[v_ry, v_rx, v_rc, v_ff])
                    T.writes(conv2d_nhwc[v_nn, v_yy, v_xx, v_ff])
                    T.block_attr({"meta_schedule.tiling_structure": "SSRSRS"})
                    with T.init():
                        conv2d_nhwc[v_nn, v_yy, v_xx, v_ff] = T.float32(0)
                    conv2d_nhwc[v_nn, v_yy, v_xx, v_ff] = conv2d_nhwc[v_nn, v_yy, v_xx, v_ff] + p0[v_nn, v_yy + v_ry, v_xx + v_rx, v_rc] * p1[v_ry, v_rx, v_rc, v_ff]
            for ax0, ax1, ax2, ax3 in T.grid(T.int64(1), T.int64(16), T.int64(16), T.int64(16)):
                with T.block("T_add"):
                    v_ax0, v_ax1, v_ax2, v_ax3 = T.axis.remap("SSSS", [ax0, ax1, ax2, ax3])
                    T.reads(conv2d_nhwc[v_ax0, v_ax1, v_ax2, v_ax3], p2[v_ax0, T.int64(0), T.int64(0), v_ax3])
                    T.writes(T_add[v_ax0, v_ax1, v_ax2, v_ax3])
                    T_add[v_ax0, v_ax1, v_ax2, v_ax3] = conv2d_nhwc[v_ax0, v_ax1, v_ax2, v_ax3] + p2[v_ax0, T.int64(0), T.int64(0), v_ax3]
b0 = sch.get_block(name="pad_temp", func_name="main")
b1 = sch.get_block(name="conv2d_nhwc", func_name="main")
b2 = sch.get_block(name="root", func_name="main")
sch.compute_inline(block=b0)
sch.annotate(block_or_loop=b1, ann_key="meta_schedule.tiling_structure", ann_val="SSRSRS")
l3, l4, l5, l6, l7, l8, l9 = sch.get_loops(block=b1)
v10, v11, v12, v13 = sch.sample_perfect_tile(loop=l3, n=4, max_innermost_factor=64, decision=[1, 1, 1, 1])
l14, l15, l16, l17 = sch.split(loop=l3, factors=[v10, v11, v12, v13], preserve_unit_iters=True, disable_predication=False)
v18, v19, v20, v21 = sch.sample_perfect_tile(loop=l4, n=4, max_innermost_factor=64, decision=[8, 1, 1, 2])
l22, l23, l24, l25 = sch.split(loop=l4, factors=[v18, v19, v20, v21], preserve_unit_iters=True, disable_predication=False)
v26, v27, v28, v29 = sch.sample_perfect_tile(loop=l5, n=4, max_innermost_factor=64, decision=[1, 8, 1, 2])
l30, l31, l32, l33 = sch.split(loop=l5, factors=[v26, v27, v28, v29], preserve_unit_iters=True, disable_predication=False)
v34, v35, v36, v37 = sch.sample_perfect_tile(loop=l6, n=4, max_innermost_factor=64, decision=[2, 2, 4, 1])
l38, l39, l40, l41 = sch.split(loop=l6, factors=[v34, v35, v36, v37], preserve_unit_iters=True, disable_predication=False)
v42, v43 = sch.sample_perfect_tile(loop=l7, n=2, max_innermost_factor=64, decision=[1, 1])
l44, l45 = sch.split(loop=l7, factors=[v42, v43], preserve_unit_iters=True, disable_predication=False)
v46, v47 = sch.sample_perfect_tile(loop=l8, n=2, max_innermost_factor=64, decision=[1, 1])
l48, l49 = sch.split(loop=l8, factors=[v46, v47], preserve_unit_iters=True, disable_predication=False)
v50, v51 = sch.sample_perfect_tile(loop=l9, n=2, max_innermost_factor=64, decision=[8, 4])
l52, l53 = sch.split(loop=l9, factors=[v50, v51], preserve_unit_iters=True, disable_predication=False)
sch.reorder(l14, l22, l30, l38, l15, l23, l31, l39, l44, l48, l52, l16, l24, l32, l40, l45, l49, l53, l17, l25, l33, l41)
sch.annotate(block_or_loop=b2, ann_key="meta_schedule.parallel", ann_val=96)
sch.annotate(block_or_loop=b2, ann_key="meta_schedule.vectorize", ann_val=64)
v54 = sch.sample_categorical(candidates=[0, 16, 64, 512], probs=[0.25, 0.25, 0.25, 0.25], decision=2)
sch.annotate(block_or_loop=b2, ann_key="meta_schedule.unroll_explicit", ann_val=v54)
2024-05-21 07:11:20 [INFO] [task_scheduler.cc:170] Design space #1:
# from tvm.script import ir as I
# from tvm.script import tir as T

@I.ir_module
class Module:
    @T.prim_func
    def main(p0: T.Buffer((T.int64(1), T.int64(16), T.int64(16), T.int64(32)), "float32"), p1: T.Buffer((T.int64(1), T.int64(1), T.int64(32), T.int64(16)), "float32"), p2: T.Buffer((T.int64(1), T.int64(1), T.int64(1), T.int64(16)), "float32"), T_add: T.Buffer((T.int64(1), T.int64(16), T.int64(16), T.int64(16)), "float32")):
        T.func_attr({"layout_free_buffers": [1], "tir.noalias": T.bool(True)})
        with T.block("root"):
            T.reads()
            T.writes()
            T.block_attr({"meta_schedule.parallel": 96, "meta_schedule.unroll_explicit": 512, "meta_schedule.vectorize": 64})
            conv2d_nhwc = T.alloc_buffer((T.int64(1), T.int64(16), T.int64(16), T.int64(16)))
            for nn_0, yy_0, xx_0, ff_0, nn_1, yy_1, xx_1, ff_1 in T.grid(T.int64(1), T.int64(8), T.int64(1), T.int64(2), T.int64(1), T.int64(1), T.int64(8), T.int64(2)):
                for ry_0, rx_0, rc_0, nn_2, yy_2, xx_2, ff_2, ry_1, rx_1, rc_1, nn_3, yy_3, xx_3, ff_3 in T.grid(T.int64(1), T.int64(1), T.int64(8), T.int64(1), T.int64(1), T.int64(1), T.int64(4), T.int64(1), T.int64(1), T.int64(4), T.int64(1), T.int64(2), T.int64(2), T.int64(1)):
                    with T.block("conv2d_nhwc"):
                        v_nn = T.axis.spatial(T.int64(1), nn_0 + nn_1 + nn_2 + nn_3)
                        v_yy = T.axis.spatial(T.int64(16), yy_0 * T.int64(2) + yy_1 * T.int64(2) + yy_2 * T.int64(2) + yy_3)
                        v_xx = T.axis.spatial(T.int64(16), xx_0 * T.int64(16) + xx_1 * T.int64(2) + xx_2 * T.int64(2) + xx_3)
                        v_ff = T.axis.spatial(T.int64(16), ff_0 * T.int64(8) + ff_1 * T.int64(4) + ff_2 + ff_3)
                        v_ry = T.axis.reduce(T.int64(1), ry_0 + ry_1)
                        v_rx = T.axis.reduce(T.int64(1), rx_0 + rx_1)
                        v_rc = T.axis.reduce(T.int64(32), rc_0 * T.int64(4) + rc_1)
                        T.reads(p0[v_nn, v_yy + v_ry, v_xx + v_rx, v_rc], p1[v_ry, v_rx, v_rc, v_ff])
                        T.writes(conv2d_nhwc[v_nn, v_yy, v_xx, v_ff])
                        T.block_attr({"meta_schedule.tiling_structure": "SSRSRS"})
                        with T.init():
                            conv2d_nhwc[v_nn, v_yy, v_xx, v_ff] = T.float32(0)
                        conv2d_nhwc[v_nn, v_yy, v_xx, v_ff] = conv2d_nhwc[v_nn, v_yy, v_xx, v_ff] + p0[v_nn, v_yy + v_ry, v_xx + v_rx, v_rc] * p1[v_ry, v_rx, v_rc, v_ff]
                for ax0, ax1, ax2, ax3 in T.grid(T.int64(1), T.int64(2), T.int64(2), T.int64(4)):
                    with T.block("T_add"):
                        v_ax0 = T.axis.spatial(T.int64(1), ax0)
                        v_ax1 = T.axis.spatial(T.int64(16), yy_0 * T.int64(2) + ax1)
                        v_ax2 = T.axis.spatial(T.int64(16), xx_1 * T.int64(2) + ax2)
                        v_ax3 = T.axis.spatial(T.int64(16), ff_0 * T.int64(8) + ff_1 * T.int64(4) + ax3)
                        T.reads(conv2d_nhwc[v_ax0, v_ax1, v_ax2, v_ax3], p2[v_ax0, T.int64(0), T.int64(0), v_ax3])
                        T.writes(T_add[v_ax0, v_ax1, v_ax2, v_ax3])
                        T_add[v_ax0, v_ax1, v_ax2, v_ax3] = conv2d_nhwc[v_ax0, v_ax1, v_ax2, v_ax3] + p2[v_ax0, T.int64(0), T.int64(0), v_ax3]
b0 = sch.get_block(name="pad_temp", func_name="main")
b1 = sch.get_block(name="conv2d_nhwc", func_name="main")
b2 = sch.get_block(name="root", func_name="main")
sch.compute_inline(block=b0)
sch.annotate(block_or_loop=b1, ann_key="meta_schedule.tiling_structure", ann_val="SSRSRS")
l3, l4, l5, l6, l7, l8, l9 = sch.get_loops(block=b1)
v10, v11, v12, v13 = sch.sample_perfect_tile(loop=l3, n=4, max_innermost_factor=64, decision=[1, 1, 1, 1])
l14, l15, l16, l17 = sch.split(loop=l3, factors=[v10, v11, v12, v13], preserve_unit_iters=True, disable_predication=False)
v18, v19, v20, v21 = sch.sample_perfect_tile(loop=l4, n=4, max_innermost_factor=64, decision=[8, 1, 1, 2])
l22, l23, l24, l25 = sch.split(loop=l4, factors=[v18, v19, v20, v21], preserve_unit_iters=True, disable_predication=False)
v26, v27, v28, v29 = sch.sample_perfect_tile(loop=l5, n=4, max_innermost_factor=64, decision=[1, 8, 1, 2])
l30, l31, l32, l33 = sch.split(loop=l5, factors=[v26, v27, v28, v29], preserve_unit_iters=True, disable_predication=False)
v34, v35, v36, v37 = sch.sample_perfect_tile(loop=l6, n=4, max_innermost_factor=64, decision=[2, 2, 4, 1])
l38, l39, l40, l41 = sch.split(loop=l6, factors=[v34, v35, v36, v37], preserve_unit_iters=True, disable_predication=False)
v42, v43 = sch.sample_perfect_tile(loop=l7, n=2, max_innermost_factor=64, decision=[1, 1])
l44, l45 = sch.split(loop=l7, factors=[v42, v43], preserve_unit_iters=True, disable_predication=False)
v46, v47 = sch.sample_perfect_tile(loop=l8, n=2, max_innermost_factor=64, decision=[1, 1])
l48, l49 = sch.split(loop=l8, factors=[v46, v47], preserve_unit_iters=True, disable_predication=False)
v50, v51 = sch.sample_perfect_tile(loop=l9, n=2, max_innermost_factor=64, decision=[8, 4])
l52, l53 = sch.split(loop=l9, factors=[v50, v51], preserve_unit_iters=True, disable_predication=False)
sch.reorder(l14, l22, l30, l38, l15, l23, l31, l39, l44, l48, l52, l16, l24, l32, l40, l45, l49, l53, l17, l25, l33, l41)
b54, = sch.get_consumers(block=b1)
sch.reverse_compute_at(block=b54, loop=l39, preserve_unit_loops=True, index=-1)
sch.annotate(block_or_loop=b2, ann_key="meta_schedule.parallel", ann_val=96)
sch.annotate(block_or_loop=b2, ann_key="meta_schedule.vectorize", ann_val=64)
v55 = sch.sample_categorical(candidates=[0, 16, 64, 512], probs=[0.25, 0.25, 0.25, 0.25], decision=3)
sch.annotate(block_or_loop=b2, ann_key="meta_schedule.unroll_explicit", ann_val=v55)
2024-05-21 07:11:20 [INFO] [task_scheduler.cc:170] Design space #2:
# from tvm.script import ir as I
# from tvm.script import tir as T

@I.ir_module
class Module:
    @T.prim_func
    def main(p0: T.Buffer((T.int64(1), T.int64(16), T.int64(16), T.int64(32)), "float32"), p1: T.Buffer((T.int64(1), T.int64(1), T.int64(32), T.int64(16)), "float32"), p2: T.Buffer((T.int64(1), T.int64(1), T.int64(1), T.int64(16)), "float32"), T_add: T.Buffer((T.int64(1), T.int64(16), T.int64(16), T.int64(16)), "float32")):
        T.func_attr({"layout_free_buffers": [1], "tir.noalias": T.bool(True)})
        with T.block("root"):
            T.reads()
            T.writes()
            T.block_attr({"meta_schedule.parallel": 96, "meta_schedule.unroll_explicit": 16, "meta_schedule.vectorize": 64})
            conv2d_nhwc = T.alloc_buffer((T.int64(1), T.int64(16), T.int64(16), T.int64(16)))
            for nn_0, yy_0, xx_0, ff_0 in T.grid(T.int64(1), T.int64(8), T.int64(1), T.int64(2)):
                for nn_1, yy_1, xx_1, ff_1, ry_0, rx_0, rc_0, nn_2, yy_2, xx_2, ff_2, ry_1, rx_1, rc_1, nn_3, yy_3, xx_3, ff_3 in T.grid(T.int64(1), T.int64(1), T.int64(8), T.int64(2), T.int64(1), T.int64(1), T.int64(8), T.int64(1), T.int64(1), T.int64(1), T.int64(4), T.int64(1), T.int64(1), T.int64(4), T.int64(1), T.int64(2), T.int64(2), T.int64(1)):
                    with T.block("conv2d_nhwc"):
                        v_nn = T.axis.spatial(T.int64(1), nn_0 + nn_1 + nn_2 + nn_3)
                        v_yy = T.axis.spatial(T.int64(16), yy_0 * T.int64(2) + yy_1 * T.int64(2) + yy_2 * T.int64(2) + yy_3)
                        v_xx = T.axis.spatial(T.int64(16), xx_0 * T.int64(16) + xx_1 * T.int64(2) + xx_2 * T.int64(2) + xx_3)
                        v_ff = T.axis.spatial(T.int64(16), ff_0 * T.int64(8) + ff_1 * T.int64(4) + ff_2 + ff_3)
                        v_ry = T.axis.reduce(T.int64(1), ry_0 + ry_1)
                        v_rx = T.axis.reduce(T.int64(1), rx_0 + rx_1)
                        v_rc = T.axis.reduce(T.int64(32), rc_0 * T.int64(4) + rc_1)
                        T.reads(p0[v_nn, v_yy + v_ry, v_xx + v_rx, v_rc], p1[v_ry, v_rx, v_rc, v_ff])
                        T.writes(conv2d_nhwc[v_nn, v_yy, v_xx, v_ff])
                        T.block_attr({"meta_schedule.tiling_structure": "SSRSRS"})
                        with T.init():
                            conv2d_nhwc[v_nn, v_yy, v_xx, v_ff] = T.float32(0)
                        conv2d_nhwc[v_nn, v_yy, v_xx, v_ff] = conv2d_nhwc[v_nn, v_yy, v_xx, v_ff] + p0[v_nn, v_yy + v_ry, v_xx + v_rx, v_rc] * p1[v_ry, v_rx, v_rc, v_ff]
                for ax0, ax1, ax2, ax3 in T.grid(T.int64(1), T.int64(2), T.int64(16), T.int64(8)):
                    with T.block("T_add"):
                        v_ax0 = T.axis.spatial(T.int64(1), ax0)
                        v_ax1 = T.axis.spatial(T.int64(16), yy_0 * T.int64(2) + ax1)
                        v_ax2 = T.axis.spatial(T.int64(16), ax2)
                        v_ax3 = T.axis.spatial(T.int64(16), ff_0 * T.int64(8) + ax3)
                        T.reads(conv2d_nhwc[v_ax0, v_ax1, v_ax2, v_ax3], p2[v_ax0, T.int64(0), T.int64(0), v_ax3])
                        T.writes(T_add[v_ax0, v_ax1, v_ax2, v_ax3])
                        T_add[v_ax0, v_ax1, v_ax2, v_ax3] = conv2d_nhwc[v_ax0, v_ax1, v_ax2, v_ax3] + p2[v_ax0, T.int64(0), T.int64(0), v_ax3]
b0 = sch.get_block(name="pad_temp", func_name="main")
b1 = sch.get_block(name="conv2d_nhwc", func_name="main")
b2 = sch.get_block(name="root", func_name="main")
sch.compute_inline(block=b0)
sch.annotate(block_or_loop=b1, ann_key="meta_schedule.tiling_structure", ann_val="SSRSRS")
l3, l4, l5, l6, l7, l8, l9 = sch.get_loops(block=b1)
v10, v11, v12, v13 = sch.sample_perfect_tile(loop=l3, n=4, max_innermost_factor=64, decision=[1, 1, 1, 1])
l14, l15, l16, l17 = sch.split(loop=l3, factors=[v10, v11, v12, v13], preserve_unit_iters=True, disable_predication=False)
v18, v19, v20, v21 = sch.sample_perfect_tile(loop=l4, n=4, max_innermost_factor=64, decision=[8, 1, 1, 2])
l22, l23, l24, l25 = sch.split(loop=l4, factors=[v18, v19, v20, v21], preserve_unit_iters=True, disable_predication=False)
v26, v27, v28, v29 = sch.sample_perfect_tile(loop=l5, n=4, max_innermost_factor=64, decision=[1, 8, 1, 2])
l30, l31, l32, l33 = sch.split(loop=l5, factors=[v26, v27, v28, v29], preserve_unit_iters=True, disable_predication=False)
v34, v35, v36, v37 = sch.sample_perfect_tile(loop=l6, n=4, max_innermost_factor=64, decision=[2, 2, 4, 1])
l38, l39, l40, l41 = sch.split(loop=l6, factors=[v34, v35, v36, v37], preserve_unit_iters=True, disable_predication=False)
v42, v43 = sch.sample_perfect_tile(loop=l7, n=2, max_innermost_factor=64, decision=[1, 1])
l44, l45 = sch.split(loop=l7, factors=[v42, v43], preserve_unit_iters=True, disable_predication=False)
v46, v47 = sch.sample_perfect_tile(loop=l8, n=2, max_innermost_factor=64, decision=[1, 1])
l48, l49 = sch.split(loop=l8, factors=[v46, v47], preserve_unit_iters=True, disable_predication=False)
v50, v51 = sch.sample_perfect_tile(loop=l9, n=2, max_innermost_factor=64, decision=[8, 4])
l52, l53 = sch.split(loop=l9, factors=[v50, v51], preserve_unit_iters=True, disable_predication=False)
sch.reorder(l14, l22, l30, l38, l15, l23, l31, l39, l44, l48, l52, l16, l24, l32, l40, l45, l49, l53, l17, l25, l33, l41)
b54, = sch.get_consumers(block=b1)
sch.reverse_compute_at(block=b54, loop=l38, preserve_unit_loops=True, index=-1)
sch.annotate(block_or_loop=b2, ann_key="meta_schedule.parallel", ann_val=96)
sch.annotate(block_or_loop=b2, ann_key="meta_schedule.vectorize", ann_val=64)
v55 = sch.sample_categorical(candidates=[0, 16, 64, 512], probs=[0.25, 0.25, 0.25, 0.25], decision=1)
sch.annotate(block_or_loop=b2, ann_key="meta_schedule.unroll_explicit", ann_val=v55)
2024-05-21 07:15:08 [INFO] [evolutionary_search.cc:713] Generating candidates......
2024-05-21 07:15:08 [INFO] [evolutionary_search.cc:715] Picked top 0 candidate(s) from database
2024-05-21 07:15:09 [INFO] [evolutionary_search.cc:533] Sample-Init-Population summary:
Postproc #0 [meta_schedule.DisallowDynamicLoop(0xe75e098)]: 0 failure(s)
Postproc #1 [meta_schedule.RewriteParallelVectorizeUnroll(0xf926bc8)]: 0 failure(s)
Postproc #2 [meta_schedule.RewriteReductionBlock(0xc745208)]: 0 failure(s)
Postproc #3 [meta_schedule.RewriteLayout(0xf9f4138)]: 0 failure(s)
2024-05-21 07:15:09 [INFO] [evolutionary_search.cc:723] Sampled 512 candidate(s)
2024-05-21 07:15:09 [INFO] [evolutionary_search.cc:621] Evolve iter #0 done. Summary:
Postproc #0 [meta_schedule.DisallowDynamicLoop(0xe75e098)]: 0 failure(s)
Postproc #1 [meta_schedule.RewriteParallelVectorizeUnroll(0xf926bc8)]: 0 failure(s)
Postproc #2 [meta_schedule.RewriteReductionBlock(0xc745208)]: 0 failure(s)
Postproc #3 [meta_schedule.RewriteLayout(0xf9f4138)]: 0 failure(s)
2024-05-21 07:15:10 [INFO] [evolutionary_search.cc:621] Evolve iter #1 done. Summary:
Postproc #0 [meta_schedule.DisallowDynamicLoop(0xe75e098)]: 0 failure(s)
Postproc #1 [meta_schedule.RewriteParallelVectorizeUnroll(0xf926bc8)]: 0 failure(s)
Postproc #2 [meta_schedule.RewriteReductionBlock(0xc745208)]: 0 failure(s)
Postproc #3 [meta_schedule.RewriteLayout(0xf9f4138)]: 0 failure(s)
2024-05-21 07:15:11 [INFO] [evolutionary_search.cc:621] Evolve iter #2 done. Summary:
Postproc #0 [meta_schedule.DisallowDynamicLoop(0xe75e098)]: 0 failure(s)
Postproc #1 [meta_schedule.RewriteParallelVectorizeUnroll(0xf926bc8)]: 0 failure(s)
Postproc #2 [meta_schedule.RewriteReductionBlock(0xc745208)]: 0 failure(s)
Postproc #3 [meta_schedule.RewriteLayout(0xf9f4138)]: 0 failure(s)
2024-05-21 07:15:12 [INFO] [evolutionary_search.cc:621] Evolve iter #3 done. Summary:
Postproc #0 [meta_schedule.DisallowDynamicLoop(0xe75e098)]: 0 failure(s)
Postproc #1 [meta_schedule.RewriteParallelVectorizeUnroll(0xf926bc8)]: 0 failure(s)
Postproc #2 [meta_schedule.RewriteReductionBlock(0xc745208)]: 0 failure(s)
Postproc #3 [meta_schedule.RewriteLayout(0xf9f4138)]: 0 failure(s)
2024-05-21 07:15:12 [INFO] [evolutionary_search.cc:649] Scores of the best 64 candidates:
[1 : 16]:	1.0000  0.9997  0.9993  0.9987  0.9973  0.9968  0.9961  0.9954  0.9951  0.9949  0.9943  0.9943  0.9941  0.9940  0.9933  0.9932
[17 : 32]:	0.9931  0.9931  0.9930  0.9919  0.9908  0.9907  0.9903  0.9901  0.9898  0.9893  0.9890  0.9890  0.9875  0.9874  0.9866  0.9863
[33 : 48]:	0.9853  0.9853  0.9848  0.9848  0.9843  0.9842  0.9839  0.9838  0.9824  0.9817  0.9806  0.9806  0.9804  0.9790  0.9789  0.9788
[49 : 64]:	0.9785  0.9785  0.9782  0.9780  0.9778  0.9777  0.9775  0.9775  0.9770  0.9765  0.9764  0.9759  0.9750  0.9749  0.9747  0.9746
2024-05-21 07:15:12 [INFO] [evolutionary_search.cc:727] Got 64 candidate(s) with evolutionary search
2024-05-21 07:15:12 [INFO] [evolutionary_search.cc:730] Sending 64 candidates(s) for measurement
2024-05-21 08:09:46 [INFO] [task_scheduler.cc:131] [Task #2: fused_nn_conv2d_add] Trial #1: GFLOPs: 43.1317. Time: 6.1727 us. Best GFLOPs: 43.1317
2024-05-21 08:09:46 [INFO] [task_scheduler.cc:131] [Task #2: fused_nn_conv2d_add] Trial #2: GFLOPs: 37.1494. Time: 7.1667 us. Best GFLOPs: 43.1317
2024-05-21 08:09:46 [INFO] [task_scheduler.cc:131] [Task #2: fused_nn_conv2d_add] Trial #3: GFLOPs: 48.0343. Time: 5.5427 us. Best GFLOPs: 48.0343
2024-05-21 08:09:46 [INFO] [task_scheduler.cc:131] [Task #2: fused_nn_conv2d_add] Trial #4: GFLOPs: 19.4001. Time: 13.7236 us. Best GFLOPs: 48.0343
2024-05-21 08:09:46 [INFO] [task_scheduler.cc:131] [Task #2: fused_nn_conv2d_add] Trial #5: GFLOPs: 13.2899. Time: 20.0333 us. Best GFLOPs: 48.0343
2024-05-21 08:09:46 [INFO] [task_scheduler.cc:131] [Task #2: fused_nn_conv2d_add] Trial #6: GFLOPs: 17.5386. Time: 15.1802 us. Best GFLOPs: 48.0343
2024-05-21 08:09:46 [INFO] [task_scheduler.cc:131] [Task #2: fused_nn_conv2d_add] Trial #7: GFLOPs: 13.8958. Time: 19.1597 us. Best GFLOPs: 48.0343
2024-05-21 08:09:46 [INFO] [task_scheduler.cc:131] [Task #2: fused_nn_conv2d_add] Trial #8: GFLOPs: 17.2974. Time: 15.3919 us. Best GFLOPs: 48.0343
2024-05-21 08:09:46 [INFO] [task_scheduler.cc:131] [Task #2: fused_nn_conv2d_add] Trial #9: GFLOPs: 42.6154. Time: 6.2475 us. Best GFLOPs: 48.0343
2024-05-21 08:09:46 [INFO] [task_scheduler.cc:131] [Task #2: fused_nn_conv2d_add] Trial #10: GFLOPs: 28.0497. Time: 9.4917 us. Best GFLOPs: 48.0343
2024-05-21 08:09:46 [INFO] [task_scheduler.cc:131] [Task #2: fused_nn_conv2d_add] Trial #11: GFLOPs: 18.0832. Time: 14.7230 us. Best GFLOPs: 48.0343
2024-05-21 08:09:46 [INFO] [task_scheduler.cc:131] [Task #2: fused_nn_conv2d_add] Trial #12: GFLOPs: 31.0845. Time: 8.5651 us. Best GFLOPs: 48.0343
2024-05-21 08:09:46 [INFO] [task_scheduler.cc:131] [Task #2: fused_nn_conv2d_add] Trial #13: GFLOPs: 29.1825. Time: 9.1233 us. Best GFLOPs: 48.0343
2024-05-21 08:09:46 [INFO] [task_scheduler.cc:131] [Task #2: fused_nn_conv2d_add] Trial #14: GFLOPs: 27.6072. Time: 9.6438 us. Best GFLOPs: 48.0343
2024-05-21 08:09:46 [INFO] [task_scheduler.cc:131] [Task #2: fused_nn_conv2d_add] Trial #15: GFLOPs: 11.8357. Time: 22.4946 us. Best GFLOPs: 48.0343
2024-05-21 08:09:46 [INFO] [task_scheduler.cc:131] [Task #2: fused_nn_conv2d_add] Trial #16: GFLOPs: 14.6103. Time: 18.2228 us. Best GFLOPs: 48.0343
2024-05-21 08:09:46 [INFO] [task_scheduler.cc:131] [Task #2: fused_nn_conv2d_add] Trial #17: GFLOPs: 30.1943. Time: 8.8176 us. Best GFLOPs: 48.0343
2024-05-21 08:09:46 [INFO] [task_scheduler.cc:131] [Task #2: fused_nn_conv2d_add] Trial #18: GFLOPs: 41.5772. Time: 6.4035 us. Best GFLOPs: 48.0343
2024-05-21 08:09:46 [INFO] [task_scheduler.cc:131] [Task #2: fused_nn_conv2d_add] Trial #19: GFLOPs: 14.9295. Time: 17.8332 us. Best GFLOPs: 48.0343
2024-05-21 08:09:46 [INFO] [task_scheduler.cc:131] [Task #2: fused_nn_conv2d_add] Trial #20: GFLOPs: 8.5038. Time: 31.3084 us. Best GFLOPs: 48.0343
2024-05-21 08:09:46 [INFO] [task_scheduler.cc:131] [Task #2: fused_nn_conv2d_add] Trial #21: GFLOPs: 14.6645. Time: 18.1554 us. Best GFLOPs: 48.0343
2024-05-21 08:09:46 [INFO] [task_scheduler.cc:131] [Task #2: fused_nn_conv2d_add] Trial #22: GFLOPs: 0.6122. Time: 434.9188 us. Best GFLOPs: 48.0343
2024-05-21 08:09:46 [INFO] [task_scheduler.cc:131] [Task #2: fused_nn_conv2d_add] Trial #23: GFLOPs: 10.2639. Time: 25.9393 us. Best GFLOPs: 48.0343
2024-05-21 08:09:46 [INFO] [task_scheduler.cc:131] [Task #2: fused_nn_conv2d_add] Trial #24: GFLOPs: 36.0833. Time: 7.3785 us. Best GFLOPs: 48.0343
2024-05-21 08:09:46 [INFO] [task_scheduler.cc:131] [Task #2: fused_nn_conv2d_add] Trial #25: GFLOPs: 4.3888. Time: 60.6639 us. Best GFLOPs: 48.0343
2024-05-21 08:09:46 [INFO] [task_scheduler.cc:131] [Task #2: fused_nn_conv2d_add] Trial #26: GFLOPs: 37.2928. Time: 7.1392 us. Best GFLOPs: 48.0343
2024-05-21 08:09:46 [INFO] [task_scheduler.cc:131] [Task #2: fused_nn_conv2d_add] Trial #27: GFLOPs: 17.8488. Time: 14.9164 us. Best GFLOPs: 48.0343
2024-05-21 08:09:46 [INFO] [task_scheduler.cc:131] [Task #2: fused_nn_conv2d_add] Trial #28: GFLOPs: 16.0344. Time: 16.6043 us. Best GFLOPs: 48.0343
2024-05-21 08:09:46 [INFO] [task_scheduler.cc:131] [Task #2: fused_nn_conv2d_add] Trial #29: GFLOPs: 19.4376. Time: 13.6972 us. Best GFLOPs: 48.0343
2024-05-21 08:09:46 [INFO] [task_scheduler.cc:131] [Task #2: fused_nn_conv2d_add] Trial #30: GFLOPs: 10.9268. Time: 24.3657 us. Best GFLOPs: 48.0343
2024-05-21 08:09:46 [INFO] [task_scheduler.cc:131] [Task #2: fused_nn_conv2d_add] Trial #31: GFLOPs: 15.5253. Time: 17.1488 us. Best GFLOPs: 48.0343
2024-05-21 08:09:46 [INFO] [task_scheduler.cc:131] [Task #2: fused_nn_conv2d_add] Trial #32: GFLOPs: 11.1999. Time: 23.7716 us. Best GFLOPs: 48.0343
2024-05-21 08:09:46 [INFO] [task_scheduler.cc:131] [Task #2: fused_nn_conv2d_add] Trial #33: GFLOPs: 23.2514. Time: 11.4505 us. Best GFLOPs: 48.0343
2024-05-21 08:09:46 [INFO] [task_scheduler.cc:131] [Task #2: fused_nn_conv2d_add] Trial #34: GFLOPs: 8.0833. Time: 32.9369 us. Best GFLOPs: 48.0343
2024-05-21 08:09:46 [INFO] [task_scheduler.cc:131] [Task #2: fused_nn_conv2d_add] Trial #35: GFLOPs: 29.0736. Time: 9.1574 us. Best GFLOPs: 48.0343
2024-05-21 08:09:46 [INFO] [task_scheduler.cc:131] [Task #2: fused_nn_conv2d_add] Trial #36: GFLOPs: 18.0199. Time: 14.7747 us. Best GFLOPs: 48.0343
2024-05-21 08:09:46 [INFO] [task_scheduler.cc:131] [Task #2: fused_nn_conv2d_add] Trial #37: GFLOPs: 4.0322. Time: 66.0278 us. Best GFLOPs: 48.0343
2024-05-21 08:09:46 [INFO] [task_scheduler.cc:131] [Task #2: fused_nn_conv2d_add] Trial #38: GFLOPs: 17.0640. Time: 15.6024 us. Best GFLOPs: 48.0343
2024-05-21 08:09:46 [INFO] [task_scheduler.cc:131] [Task #2: fused_nn_conv2d_add] Trial #39: GFLOPs: 12.4346. Time: 21.4113 us. Best GFLOPs: 48.0343
2024-05-21 08:09:46 [INFO] [task_scheduler.cc:131] [Task #2: fused_nn_conv2d_add] Trial #40: GFLOPs: 12.9204. Time: 20.6061 us. Best GFLOPs: 48.0343
2024-05-21 08:09:46 [INFO] [task_scheduler.cc:131] [Task #2: fused_nn_conv2d_add] Trial #41: GFLOPs: 19.1934. Time: 13.8714 us. Best GFLOPs: 48.0343
2024-05-21 08:09:46 [INFO] [task_scheduler.cc:131] [Task #2: fused_nn_conv2d_add] Trial #42: GFLOPs: 27.9699. Time: 9.5188 us. Best GFLOPs: 48.0343
2024-05-21 08:09:46 [INFO] [task_scheduler.cc:131] [Task #2: fused_nn_conv2d_add] Trial #43: GFLOPs: 10.3550. Time: 25.7113 us. Best GFLOPs: 48.0343
2024-05-21 08:09:46 [INFO] [task_scheduler.cc:131] [Task #2: fused_nn_conv2d_add] Trial #44: GFLOPs: 36.1306. Time: 7.3688 us. Best GFLOPs: 48.0343
2024-05-21 08:09:46 [INFO] [task_scheduler.cc:131] [Task #2: fused_nn_conv2d_add] Trial #45: GFLOPs: 44.0624. Time: 6.0423 us. Best GFLOPs: 48.0343
2024-05-21 08:09:46 [INFO] [task_scheduler.cc:131] [Task #2: fused_nn_conv2d_add] Trial #46: GFLOPs: 24.4798. Time: 10.8759 us. Best GFLOPs: 48.0343
2024-05-21 08:09:46 [INFO] [task_scheduler.cc:131] [Task #2: fused_nn_conv2d_add] Trial #47: GFLOPs: 17.7376. Time: 15.0100 us. Best GFLOPs: 48.0343
2024-05-21 08:09:46 [INFO] [task_scheduler.cc:131] [Task #2: fused_nn_conv2d_add] Trial #48: GFLOPs: 10.8766. Time: 24.4782 us. Best GFLOPs: 48.0343
2024-05-21 08:09:46 [INFO] [task_scheduler.cc:131] [Task #2: fused_nn_conv2d_add] Trial #49: GFLOPs: 10.6360. Time: 25.0320 us. Best GFLOPs: 48.0343
2024-05-21 08:09:46 [INFO] [task_scheduler.cc:131] [Task #2: fused_nn_conv2d_add] Trial #50: GFLOPs: 41.1829. Time: 6.4648 us. Best GFLOPs: 48.0343
2024-05-21 08:09:46 [INFO] [task_scheduler.cc:131] [Task #2: fused_nn_conv2d_add] Trial #51: GFLOPs: 45.9684. Time: 5.7918 us. Best GFLOPs: 48.0343
2024-05-21 08:09:46 [INFO] [task_scheduler.cc:131] [Task #2: fused_nn_conv2d_add] Trial #52: GFLOPs: 17.2009. Time: 15.4783 us. Best GFLOPs: 48.0343
2024-05-21 08:09:46 [INFO] [task_scheduler.cc:131] [Task #2: fused_nn_conv2d_add] Trial #53: GFLOPs: 24.9607. Time: 10.6664 us. Best GFLOPs: 48.0343
2024-05-21 08:09:46 [INFO] [task_scheduler.cc:131] [Task #2: fused_nn_conv2d_add] Trial #54: GFLOPs: 32.2213. Time: 8.2628 us. Best GFLOPs: 48.0343
2024-05-21 08:09:46 [INFO] [task_scheduler.cc:131] [Task #2: fused_nn_conv2d_add] Trial #55: GFLOPs: 16.6267. Time: 16.0128 us. Best GFLOPs: 48.0343
2024-05-21 08:09:46 [INFO] [task_scheduler.cc:131] [Task #2: fused_nn_conv2d_add] Trial #56: GFLOPs: 11.7634. Time: 22.6329 us. Best GFLOPs: 48.0343
2024-05-21 08:09:46 [INFO] [task_scheduler.cc:131] [Task #2: fused_nn_conv2d_add] Trial #57: GFLOPs: 7.4900. Time: 35.5459 us. Best GFLOPs: 48.0343
2024-05-21 08:09:46 [INFO] [task_scheduler.cc:131] [Task #2: fused_nn_conv2d_add] Trial #58: GFLOPs: 45.7368. Time: 5.8211 us. Best GFLOPs: 48.0343
2024-05-21 08:09:46 [INFO] [task_scheduler.cc:131] [Task #2: fused_nn_conv2d_add] Trial #59: GFLOPs: 16.3622. Time: 16.2717 us. Best GFLOPs: 48.0343
2024-05-21 08:09:46 [INFO] [task_scheduler.cc:131] [Task #2: fused_nn_conv2d_add] Trial #60: GFLOPs: 15.2934. Time: 17.4088 us. Best GFLOPs: 48.0343
2024-05-21 08:09:46 [INFO] [task_scheduler.cc:131] [Task #2: fused_nn_conv2d_add] Trial #61: GFLOPs: 16.0654. Time: 16.5723 us. Best GFLOPs: 48.0343
2024-05-21 08:09:46 [INFO] [task_scheduler.cc:131] [Task #2: fused_nn_conv2d_add] Trial #62: GFLOPs: 8.1966. Time: 32.4819 us. Best GFLOPs: 48.0343
2024-05-21 08:09:46 [INFO] [task_scheduler.cc:131] [Task #2: fused_nn_conv2d_add] Trial #63: GFLOPs: 41.0617. Time: 6.4839 us. Best GFLOPs: 48.0343
2024-05-21 08:09:46 [INFO] [task_scheduler.cc:131] [Task #2: fused_nn_conv2d_add] Trial #64: GFLOPs: 24.1831. Time: 11.0094 us. Best GFLOPs: 48.0343
2024-05-21 09:03:55 [INFO] [evolutionary_search.cc:713] Generating candidates......
2024-05-21 09:03:55 [INFO] [evolutionary_search.cc:715] Picked top 64 candidate(s) from database
2024-05-21 09:03:56 [INFO] [evolutionary_search.cc:533] Sample-Init-Population summary:
Postproc #0 [meta_schedule.DisallowDynamicLoop(0xe75e098)]: 0 failure(s)
Postproc #1 [meta_schedule.RewriteParallelVectorizeUnroll(0xf926bc8)]: 0 failure(s)
Postproc #2 [meta_schedule.RewriteReductionBlock(0xc745208)]: 0 failure(s)
Postproc #3 [meta_schedule.RewriteLayout(0xf9f4138)]: 0 failure(s)
2024-05-21 09:03:56 [INFO] [evolutionary_search.cc:723] Sampled 448 candidate(s)
2024-05-21 09:03:58 [INFO] [evolutionary_search.cc:621] Evolve iter #0 done. Summary:
Postproc #0 [meta_schedule.DisallowDynamicLoop(0xe75e098)]: 0 failure(s)
Postproc #1 [meta_schedule.RewriteParallelVectorizeUnroll(0xf926bc8)]: 0 failure(s)
Postproc #2 [meta_schedule.RewriteReductionBlock(0xc745208)]: 0 failure(s)
Postproc #3 [meta_schedule.RewriteLayout(0xf9f4138)]: 0 failure(s)
2024-05-21 09:03:59 [INFO] [evolutionary_search.cc:621] Evolve iter #1 done. Summary:
Postproc #0 [meta_schedule.DisallowDynamicLoop(0xe75e098)]: 0 failure(s)
Postproc #1 [meta_schedule.RewriteParallelVectorizeUnroll(0xf926bc8)]: 0 failure(s)
Postproc #2 [meta_schedule.RewriteReductionBlock(0xc745208)]: 0 failure(s)
Postproc #3 [meta_schedule.RewriteLayout(0xf9f4138)]: 0 failure(s)
2024-05-21 09:04:01 [INFO] [evolutionary_search.cc:621] Evolve iter #2 done. Summary:
Postproc #0 [meta_schedule.DisallowDynamicLoop(0xe75e098)]: 0 failure(s)
Postproc #1 [meta_schedule.RewriteParallelVectorizeUnroll(0xf926bc8)]: 0 failure(s)
Postproc #2 [meta_schedule.RewriteReductionBlock(0xc745208)]: 0 failure(s)
Postproc #3 [meta_schedule.RewriteLayout(0xf9f4138)]: 0 failure(s)
2024-05-21 09:04:03 [INFO] [evolutionary_search.cc:621] Evolve iter #3 done. Summary:
Postproc #0 [meta_schedule.DisallowDynamicLoop(0xe75e098)]: 0 failure(s)
Postproc #1 [meta_schedule.RewriteParallelVectorizeUnroll(0xf926bc8)]: 0 failure(s)
Postproc #2 [meta_schedule.RewriteReductionBlock(0xc745208)]: 0 failure(s)
Postproc #3 [meta_schedule.RewriteLayout(0xf9f4138)]: 0 failure(s)
2024-05-21 09:04:04 [INFO] [evolutionary_search.cc:649] Scores of the best 64 candidates:
[1 : 16]:	0.9356  0.9356  0.9356  0.9217  0.9122  0.9109  0.9068  0.9048  0.9041  0.9021  0.9021  0.8987  0.8964  0.8961  0.8960  0.8959
[17 : 32]:	0.8940  0.8907  0.8902  0.8901  0.8866  0.8865  0.8863  0.8853  0.8853  0.8822  0.8813  0.8807  0.8792  0.8792  0.8792  0.8792
[33 : 48]:	0.8787  0.8776  0.8776  0.8776  0.8776  0.8775  0.8764  0.8764  0.8760  0.8747  0.8737  0.8715  0.8713  0.8703  0.8689  0.8677
[49 : 64]:	0.8669  0.8655  0.8653  0.8639  0.8609  0.8593  0.8583  0.8574  0.8565  0.8562  0.8547  0.8545  0.8540  0.8535  0.8532  0.8528
2024-05-21 09:04:04 [INFO] [evolutionary_search.cc:727] Got 64 candidate(s) with evolutionary search
2024-05-21 09:04:04 [INFO] [evolutionary_search.cc:730] Sending 64 candidates(s) for measurement
2024-05-21 09:05:50 [INFO] [task_scheduler.cc:131] [Task #2: fused_nn_conv2d_add] Trial #65: GFLOPs: 45.7535. Time: 5.8190 us. Best GFLOPs: 48.0343
2024-05-21 09:05:50 [INFO] [task_scheduler.cc:131] [Task #2: fused_nn_conv2d_add] Trial #66: GFLOPs: 39.8084. Time: 6.6880 us. Best GFLOPs: 48.0343
2024-05-21 09:05:50 [INFO] [task_scheduler.cc:131] [Task #2: fused_nn_conv2d_add] Trial #67: GFLOPs: 43.7373. Time: 6.0873 us. Best GFLOPs: 48.0343
2024-05-21 09:05:50 [INFO] [task_scheduler.cc:131] [Task #2: fused_nn_conv2d_add] Trial #68: GFLOPs: 31.0381. Time: 8.5778 us. Best GFLOPs: 48.0343
2024-05-21 09:05:50 [INFO] [task_scheduler.cc:131] [Task #2: fused_nn_conv2d_add] Trial #69: GFLOPs: 32.3079. Time: 8.2407 us. Best GFLOPs: 48.0343
2024-05-21 09:05:50 [INFO] [task_scheduler.cc:131] [Task #2: fused_nn_conv2d_add] Trial #70: GFLOPs: 14.1007. Time: 18.8813 us. Best GFLOPs: 48.0343
2024-05-21 09:05:50 [INFO] [task_scheduler.cc:131] [Task #2: fused_nn_conv2d_add] Trial #71: GFLOPs: 45.2121. Time: 5.8887 us. Best GFLOPs: 48.0343
2024-05-21 09:05:50 [INFO] [task_scheduler.cc:131] [Task #2: fused_nn_conv2d_add] Trial #72: GFLOPs: 39.6760. Time: 6.7103 us. Best GFLOPs: 48.0343
2024-05-21 09:05:50 [INFO] [task_scheduler.cc:131] [Task #2: fused_nn_conv2d_add] Trial #73: GFLOPs: 35.0342. Time: 7.5994 us. Best GFLOPs: 48.0343
2024-05-21 09:05:50 [INFO] [task_scheduler.cc:131] [Task #2: fused_nn_conv2d_add] Trial #74: GFLOPs: 15.0423. Time: 17.6995 us. Best GFLOPs: 48.0343
2024-05-21 09:05:50 [INFO] [task_scheduler.cc:131] [Task #2: fused_nn_conv2d_add] Trial #75: GFLOPs: 15.1226. Time: 17.6054 us. Best GFLOPs: 48.0343
2024-05-21 09:05:50 [INFO] [task_scheduler.cc:131] [Task #2: fused_nn_conv2d_add] Trial #76: GFLOPs: 37.7741. Time: 7.0482 us. Best GFLOPs: 48.0343
2024-05-21 09:05:50 [INFO] [task_scheduler.cc:131] [Task #2: fused_nn_conv2d_add] Trial #77: GFLOPs: 24.9288. Time: 10.6800 us. Best GFLOPs: 48.0343
2024-05-21 09:05:50 [INFO] [task_scheduler.cc:131] [Task #2: fused_nn_conv2d_add] Trial #78: GFLOPs: 36.0577. Time: 7.3837 us. Best GFLOPs: 48.0343
2024-05-21 09:05:50 [INFO] [task_scheduler.cc:131] [Task #2: fused_nn_conv2d_add] Trial #79: GFLOPs: 32.6560. Time: 8.1529 us. Best GFLOPs: 48.0343
2024-05-21 09:05:50 [INFO] [task_scheduler.cc:131] [Task #2: fused_nn_conv2d_add] Trial #80: GFLOPs: 38.7363. Time: 6.8731 us. Best GFLOPs: 48.0343
2024-05-21 09:05:50 [INFO] [task_scheduler.cc:131] [Task #2: fused_nn_conv2d_add] Trial #81: GFLOPs: 41.7229. Time: 6.3812 us. Best GFLOPs: 48.0343
2024-05-21 09:05:50 [INFO] [task_scheduler.cc:131] [Task #2: fused_nn_conv2d_add] Trial #82: GFLOPs: 18.3013. Time: 14.5476 us. Best GFLOPs: 48.0343
2024-05-21 09:05:50 [INFO] [task_scheduler.cc:131] [Task #2: fused_nn_conv2d_add] Trial #83: GFLOPs: 50.0841. Time: 5.3159 us. Best GFLOPs: 50.0841
2024-05-21 09:05:50 [INFO] [task_scheduler.cc:131] [Task #2: fused_nn_conv2d_add] Trial #84: GFLOPs: 43.2028. Time: 6.1626 us. Best GFLOPs: 50.0841
2024-05-21 09:05:50 [INFO] [task_scheduler.cc:131] [Task #2: fused_nn_conv2d_add] Trial #85: GFLOPs: 44.3668. Time: 6.0009 us. Best GFLOPs: 50.0841
2024-05-21 09:05:50 [INFO] [task_scheduler.cc:131] [Task #2: fused_nn_conv2d_add] Trial #86: GFLOPs: 32.1248. Time: 8.2877 us. Best GFLOPs: 50.0841
2024-05-21 09:05:50 [INFO] [task_scheduler.cc:131] [Task #2: fused_nn_conv2d_add] Trial #87: GFLOPs: 36.4389. Time: 7.3065 us. Best GFLOPs: 50.0841
2024-05-21 09:05:50 [INFO] [task_scheduler.cc:131] [Task #2: fused_nn_conv2d_add] Trial #88: GFLOPs: 42.4386. Time: 6.2735 us. Best GFLOPs: 50.0841
2024-05-21 09:05:50 [INFO] [task_scheduler.cc:131] [Task #2: fused_nn_conv2d_add] Trial #89: GFLOPs: 36.6975. Time: 7.2550 us. Best GFLOPs: 50.0841
2024-05-21 09:05:50 [INFO] [task_scheduler.cc:131] [Task #2: fused_nn_conv2d_add] Trial #90: GFLOPs: 33.4022. Time: 7.9707 us. Best GFLOPs: 50.0841
2024-05-21 09:05:50 [INFO] [task_scheduler.cc:131] [Task #2: fused_nn_conv2d_add] Trial #91: GFLOPs: 38.1340. Time: 6.9817 us. Best GFLOPs: 50.0841
2024-05-21 09:05:50 [INFO] [task_scheduler.cc:131] [Task #2: fused_nn_conv2d_add] Trial #92: GFLOPs: 32.0377. Time: 8.3102 us. Best GFLOPs: 50.0841
2024-05-21 09:05:50 [INFO] [task_scheduler.cc:131] [Task #2: fused_nn_conv2d_add] Trial #93: GFLOPs: 19.4516. Time: 13.6873 us. Best GFLOPs: 50.0841
2024-05-21 09:05:50 [INFO] [task_scheduler.cc:131] [Task #2: fused_nn_conv2d_add] Trial #94: GFLOPs: 37.9355. Time: 7.0182 us. Best GFLOPs: 50.0841
2024-05-21 09:05:50 [INFO] [task_scheduler.cc:131] [Task #2: fused_nn_conv2d_add] Trial #95: GFLOPs: 38.3786. Time: 6.9372 us. Best GFLOPs: 50.0841
2024-05-21 09:05:50 [INFO] [task_scheduler.cc:131] [Task #2: fused_nn_conv2d_add] Trial #96: GFLOPs: 39.7172. Time: 6.7034 us. Best GFLOPs: 50.0841
2024-05-21 09:05:50 [INFO] [task_scheduler.cc:131] [Task #2: fused_nn_conv2d_add] Trial #97: GFLOPs: 24.4916. Time: 10.8707 us. Best GFLOPs: 50.0841
2024-05-21 09:05:50 [INFO] [task_scheduler.cc:131] [Task #2: fused_nn_conv2d_add] Trial #98: GFLOPs: 36.3163. Time: 7.3311 us. Best GFLOPs: 50.0841
2024-05-21 09:05:50 [INFO] [task_scheduler.cc:131] [Task #2: fused_nn_conv2d_add] Trial #99: GFLOPs: 35.0335. Time: 7.5996 us. Best GFLOPs: 50.0841
2024-05-21 09:05:50 [INFO] [task_scheduler.cc:131] [Task #2: fused_nn_conv2d_add] Trial #100: GFLOPs: 40.3335. Time: 6.6010 us. Best GFLOPs: 50.0841
2024-05-21 09:05:50 [INFO] [task_scheduler.cc:131] [Task #2: fused_nn_conv2d_add] Trial #101: GFLOPs: 43.5715. Time: 6.1104 us. Best GFLOPs: 50.0841
2024-05-21 09:05:50 [INFO] [task_scheduler.cc:131] [Task #2: fused_nn_conv2d_add] Trial #102: GFLOPs: 43.4196. Time: 6.1318 us. Best GFLOPs: 50.0841
2024-05-21 09:05:50 [INFO] [task_scheduler.cc:131] [Task #2: fused_nn_conv2d_add] Trial #103: GFLOPs: 37.4313. Time: 7.1128 us. Best GFLOPs: 50.0841
2024-05-21 09:05:50 [INFO] [task_scheduler.cc:131] [Task #2: fused_nn_conv2d_add] Trial #104: GFLOPs: 30.6698. Time: 8.6809 us. Best GFLOPs: 50.0841
2024-05-21 09:05:50 [INFO] [task_scheduler.cc:131] [Task #2: fused_nn_conv2d_add] Trial #105: GFLOPs: 23.7876. Time: 11.1924 us. Best GFLOPs: 50.0841
2024-05-21 09:05:50 [INFO] [task_scheduler.cc:131] [Task #2: fused_nn_conv2d_add] Trial #106: GFLOPs: 32.9790. Time: 8.0730 us. Best GFLOPs: 50.0841
2024-05-21 09:05:50 [INFO] [task_scheduler.cc:131] [Task #2: fused_nn_conv2d_add] Trial #107: GFLOPs: 32.2592. Time: 8.2532 us. Best GFLOPs: 50.0841
2024-05-21 09:05:50 [INFO] [task_scheduler.cc:131] [Task #2: fused_nn_conv2d_add] Trial #108: GFLOPs: 39.4734. Time: 6.7448 us. Best GFLOPs: 50.0841
2024-05-21 09:05:50 [INFO] [task_scheduler.cc:131] [Task #2: fused_nn_conv2d_add] Trial #109: GFLOPs: 40.7961. Time: 6.5261 us. Best GFLOPs: 50.0841
2024-05-21 09:05:50 [INFO] [task_scheduler.cc:131] [Task #2: fused_nn_conv2d_add] Trial #110: GFLOPs: 41.3679. Time: 6.4359 us. Best GFLOPs: 50.0841
2024-05-21 09:05:50 [INFO] [task_scheduler.cc:131] [Task #2: fused_nn_conv2d_add] Trial #111: GFLOPs: 38.2799. Time: 6.9551 us. Best GFLOPs: 50.0841
2024-05-21 09:05:50 [INFO] [task_scheduler.cc:131] [Task #2: fused_nn_conv2d_add] Trial #112: GFLOPs: 43.5446. Time: 6.1142 us. Best GFLOPs: 50.0841
2024-05-21 09:05:50 [INFO] [task_scheduler.cc:131] [Task #2: fused_nn_conv2d_add] Trial #113: GFLOPs: 36.9549. Time: 7.2045 us. Best GFLOPs: 50.0841
2024-05-21 09:05:50 [INFO] [task_scheduler.cc:131] [Task #2: fused_nn_conv2d_add] Trial #114: GFLOPs: 41.5639. Time: 6.4056 us. Best GFLOPs: 50.0841
2024-05-21 09:05:50 [INFO] [task_scheduler.cc:131] [Task #2: fused_nn_conv2d_add] Trial #115: GFLOPs: 33.2492. Time: 8.0074 us. Best GFLOPs: 50.0841
2024-05-21 09:05:50 [INFO] [task_scheduler.cc:131] [Task #2: fused_nn_conv2d_add] Trial #116: GFLOPs: 43.4406. Time: 6.1288 us. Best GFLOPs: 50.0841
2024-05-21 09:05:50 [INFO] [task_scheduler.cc:131] [Task #2: fused_nn_conv2d_add] Trial #117: GFLOPs: 43.4346. Time: 6.1297 us. Best GFLOPs: 50.0841
2024-05-21 09:05:50 [INFO] [task_scheduler.cc:131] [Task #2: fused_nn_conv2d_add] Trial #118: GFLOPs: 41.4259. Time: 6.4269 us. Best GFLOPs: 50.0841
2024-05-21 09:05:50 [INFO] [task_scheduler.cc:131] [Task #2: fused_nn_conv2d_add] Trial #119: GFLOPs: 23.8484. Time: 11.1638 us. Best GFLOPs: 50.0841
2024-05-21 09:05:50 [INFO] [task_scheduler.cc:131] [Task #2: fused_nn_conv2d_add] Trial #120: GFLOPs: 39.9928. Time: 6.6572 us. Best GFLOPs: 50.0841
2024-05-21 09:05:50 [INFO] [task_scheduler.cc:131] [Task #2: fused_nn_conv2d_add] Trial #121: GFLOPs: 31.6472. Time: 8.4127 us. Best GFLOPs: 50.0841
2024-05-21 09:05:50 [INFO] [task_scheduler.cc:131] [Task #2: fused_nn_conv2d_add] Trial #122: GFLOPs: 34.3590. Time: 7.7488 us. Best GFLOPs: 50.0841
2024-05-21 09:05:50 [INFO] [task_scheduler.cc:131] [Task #2: fused_nn_conv2d_add] Trial #123: GFLOPs: 46.5099. Time: 5.7244 us. Best GFLOPs: 50.0841
2024-05-21 09:05:50 [INFO] [task_scheduler.cc:131] [Task #2: fused_nn_conv2d_add] Trial #124: GFLOPs: 37.7740. Time: 7.0482 us. Best GFLOPs: 50.0841
2024-05-21 09:05:50 [INFO] [task_scheduler.cc:131] [Task #2: fused_nn_conv2d_add] Trial #125: GFLOPs: 32.7784. Time: 8.1224 us. Best GFLOPs: 50.0841
2024-05-21 09:05:50 [INFO] [task_scheduler.cc:131] [Task #2: fused_nn_conv2d_add] Trial #126: GFLOPs: 15.5599. Time: 17.1106 us. Best GFLOPs: 50.0841
2024-05-21 09:05:50 [INFO] [task_scheduler.cc:131] [Task #2: fused_nn_conv2d_add] Trial #127: GFLOPs: 17.7739. Time: 14.9793 us. Best GFLOPs: 50.0841
2024-05-21 09:05:50 [INFO] [task_scheduler.cc:131] [Task #2: fused_nn_conv2d_add] Trial #128: GFLOPs: 63.0702. Time: 4.2213 us. Best GFLOPs: 63.0702
