2024-05-21 16:01:53 [INFO] [task_scheduler.cc:160] Initializing Task #4: "fused_nn_contrib_conv2d_NCHWc_add_clip_1"
2024-05-21 16:01:53 [INFO] [task_scheduler.cc:35] 
# from tvm.script import ir as I
# from tvm.script import tir as T

@I.ir_module
class Module:
    @T.prim_func
    def main(p0: T.Buffer((T.int64(1), T.int64(2), T.int64(112), T.int64(112), T.int64(8)), "float32"), p1: T.Buffer((T.int64(12), T.int64(2), T.int64(1), T.int64(1), T.int64(8), T.int64(8)), "float32"), p2: T.Buffer((T.int64(1), T.int64(12), T.int64(1), T.int64(1), T.int64(8)), "float32"), compute: T.Buffer((T.int64(1), T.int64(12), T.int64(112), T.int64(112), T.int64(8)), "float32")):
        T.func_attr({"tir.noalias": T.bool(True)})
        # with T.block("root"):
        conv2d_NCHWc = T.alloc_buffer((T.int64(1), T.int64(12), T.int64(112), T.int64(112), T.int64(8)))
        T_add = T.alloc_buffer((T.int64(1), T.int64(12), T.int64(112), T.int64(112), T.int64(8)))
        for n, oc_chunk, oh, ow, oc_block, ic, kh, kw in T.grid(T.int64(1), T.int64(12), T.int64(112), T.int64(112), T.int64(8), T.int64(16), T.int64(1), T.int64(1)):
            with T.block("conv2d_NCHWc"):
                v_n, v_oc_chunk, v_oh, v_ow, v_oc_block, v_ic, v_kh, v_kw = T.axis.remap("SSSSSRRR", [n, oc_chunk, oh, ow, oc_block, ic, kh, kw])
                T.reads(p0[v_n, v_ic // T.int64(8), v_oh + v_kh, v_ow + v_kw, v_ic % T.int64(8)], p1[v_oc_chunk, v_ic // T.int64(8), v_kh, v_kw, v_ic % T.int64(8), v_oc_block])
                T.writes(conv2d_NCHWc[v_n, v_oc_chunk, v_oh, v_ow, v_oc_block])
                with T.init():
                    conv2d_NCHWc[v_n, v_oc_chunk, v_oh, v_ow, v_oc_block] = T.float32(0)
                conv2d_NCHWc[v_n, v_oc_chunk, v_oh, v_ow, v_oc_block] = conv2d_NCHWc[v_n, v_oc_chunk, v_oh, v_ow, v_oc_block] + p0[v_n, v_ic // T.int64(8), v_oh + v_kh, v_ow + v_kw, v_ic % T.int64(8)] * p1[v_oc_chunk, v_ic // T.int64(8), v_kh, v_kw, v_ic % T.int64(8), v_oc_block]
        for ax0, ax1, ax2, ax3, ax4 in T.grid(T.int64(1), T.int64(12), T.int64(112), T.int64(112), T.int64(8)):
            with T.block("T_add"):
                v_ax0, v_ax1, v_ax2, v_ax3, v_ax4 = T.axis.remap("SSSSS", [ax0, ax1, ax2, ax3, ax4])
                T.reads(conv2d_NCHWc[v_ax0, v_ax1, v_ax2, v_ax3, v_ax4], p2[v_ax0, v_ax1, T.int64(0), T.int64(0), v_ax4])
                T.writes(T_add[v_ax0, v_ax1, v_ax2, v_ax3, v_ax4])
                T_add[v_ax0, v_ax1, v_ax2, v_ax3, v_ax4] = conv2d_NCHWc[v_ax0, v_ax1, v_ax2, v_ax3, v_ax4] + p2[v_ax0, v_ax1, T.int64(0), T.int64(0), v_ax4]
        for i0, i1, i2, i3, i4 in T.grid(T.int64(1), T.int64(12), T.int64(112), T.int64(112), T.int64(8)):
            with T.block("compute"):
                v_i0, v_i1, v_i2, v_i3, v_i4 = T.axis.remap("SSSSS", [i0, i1, i2, i3, i4])
                T.reads(T_add[v_i0, v_i1, v_i2, v_i3, v_i4])
                T.writes(compute[v_i0, v_i1, v_i2, v_i3, v_i4])
                compute[v_i0, v_i1, v_i2, v_i3, v_i4] = T.max(T.min(T_add[v_i0, v_i1, v_i2, v_i3, v_i4], T.float32(6)), T.float32(0))
2024-05-21 16:01:53 [INFO] [task_scheduler.cc:164] Total 3 design space(s) generated
2024-05-21 16:01:53 [INFO] [task_scheduler.cc:170] Design space #0:
# from tvm.script import ir as I
# from tvm.script import tir as T

@I.ir_module
class Module:
    @T.prim_func
    def main(p0: T.Buffer((T.int64(1), T.int64(2), T.int64(112), T.int64(112), T.int64(8)), "float32"), p1: T.Buffer((T.int64(12), T.int64(2), T.int64(1), T.int64(1), T.int64(8), T.int64(8)), "float32"), p2: T.Buffer((T.int64(1), T.int64(12), T.int64(1), T.int64(1), T.int64(8)), "float32"), compute: T.Buffer((T.int64(1), T.int64(12), T.int64(112), T.int64(112), T.int64(8)), "float32")):
        T.func_attr({"tir.noalias": T.bool(True)})
        with T.block("root"):
            T.reads()
            T.writes()
            T.block_attr({"meta_schedule.parallel": 96, "meta_schedule.unroll_explicit": 64, "meta_schedule.vectorize": 64})
            conv2d_NCHWc = T.alloc_buffer((T.int64(1), T.int64(12), T.int64(112), T.int64(112), T.int64(8)))
            for n_0, oc_chunk_0, oh_0, ow_0, oc_block_0, n_1, oc_chunk_1, oh_1, ow_1, oc_block_1, ic_0, kh_0, kw_0, n_2, oc_chunk_2, oh_2, ow_2, oc_block_2, ic_1, kh_1, kw_1, n_3, oc_chunk_3, oh_3, ow_3, oc_block_3 in T.grid(T.int64(1), T.int64(1), T.int64(4), T.int64(4), T.int64(2), T.int64(1), T.int64(4), T.int64(14), T.int64(4), T.int64(2), T.int64(1), T.int64(1), T.int64(1), T.int64(1), T.int64(1), T.int64(2), T.int64(1), T.int64(1), T.int64(16), T.int64(1), T.int64(1), T.int64(1), T.int64(3), T.int64(1), T.int64(7), T.int64(2)):
                with T.block("conv2d_NCHWc"):
                    v_n = T.axis.spatial(T.int64(1), n_0 + n_1 + n_2 + n_3)
                    v_oc_chunk = T.axis.spatial(T.int64(12), oc_chunk_0 * T.int64(12) + oc_chunk_1 * T.int64(3) + oc_chunk_2 * T.int64(3) + oc_chunk_3)
                    v_oh = T.axis.spatial(T.int64(112), oh_0 * T.int64(28) + oh_1 * T.int64(2) + oh_2 + oh_3)
                    v_ow = T.axis.spatial(T.int64(112), ow_0 * T.int64(28) + ow_1 * T.int64(7) + ow_2 * T.int64(7) + ow_3)
                    v_oc_block = T.axis.spatial(T.int64(8), oc_block_0 * T.int64(4) + oc_block_1 * T.int64(2) + oc_block_2 * T.int64(2) + oc_block_3)
                    v_ic = T.axis.reduce(T.int64(16), ic_0 * T.int64(16) + ic_1)
                    v_kh = T.axis.reduce(T.int64(1), kh_0 + kh_1)
                    v_kw = T.axis.reduce(T.int64(1), kw_0 + kw_1)
                    T.reads(p0[v_n, v_ic // T.int64(8), v_oh + v_kh, v_ow + v_kw, v_ic % T.int64(8)], p1[v_oc_chunk, v_ic // T.int64(8), v_kh, v_kw, v_ic % T.int64(8), v_oc_block])
                    T.writes(conv2d_NCHWc[v_n, v_oc_chunk, v_oh, v_ow, v_oc_block])
                    T.block_attr({"meta_schedule.tiling_structure": "SSRSRS"})
                    with T.init():
                        conv2d_NCHWc[v_n, v_oc_chunk, v_oh, v_ow, v_oc_block] = T.float32(0)
                    conv2d_NCHWc[v_n, v_oc_chunk, v_oh, v_ow, v_oc_block] = conv2d_NCHWc[v_n, v_oc_chunk, v_oh, v_ow, v_oc_block] + p0[v_n, v_ic // T.int64(8), v_oh + v_kh, v_ow + v_kw, v_ic % T.int64(8)] * p1[v_oc_chunk, v_ic // T.int64(8), v_kh, v_kw, v_ic % T.int64(8), v_oc_block]
            for i0, i1, i2, i3, i4 in T.grid(T.int64(1), T.int64(12), T.int64(112), T.int64(112), T.int64(8)):
                with T.block("compute"):
                    v_i0, v_i1, v_i2, v_i3, v_i4 = T.axis.remap("SSSSS", [i0, i1, i2, i3, i4])
                    T.reads(conv2d_NCHWc[v_i0, v_i1, v_i2, v_i3, v_i4], p2[v_i0, v_i1, T.int64(0), T.int64(0), v_i4])
                    T.writes(compute[v_i0, v_i1, v_i2, v_i3, v_i4])
                    compute[v_i0, v_i1, v_i2, v_i3, v_i4] = T.max(T.min(conv2d_NCHWc[v_i0, v_i1, v_i2, v_i3, v_i4] + p2[v_i0, v_i1, T.int64(0), T.int64(0), v_i4], T.float32(6)), T.float32(0))
b0 = sch.get_block(name="conv2d_NCHWc", func_name="main")
b1 = sch.get_block(name="T_add", func_name="main")
b2 = sch.get_block(name="root", func_name="main")
sch.compute_inline(block=b1)
sch.annotate(block_or_loop=b0, ann_key="meta_schedule.tiling_structure", ann_val="SSRSRS")
l3, l4, l5, l6, l7, l8, l9, l10 = sch.get_loops(block=b0)
v11, v12, v13, v14 = sch.sample_perfect_tile(loop=l3, n=4, max_innermost_factor=64, decision=[1, 1, 1, 1])
l15, l16, l17, l18 = sch.split(loop=l3, factors=[v11, v12, v13, v14], preserve_unit_iters=True, disable_predication=False)
v19, v20, v21, v22 = sch.sample_perfect_tile(loop=l4, n=4, max_innermost_factor=64, decision=[1, 4, 1, 3])
l23, l24, l25, l26 = sch.split(loop=l4, factors=[v19, v20, v21, v22], preserve_unit_iters=True, disable_predication=False)
v27, v28, v29, v30 = sch.sample_perfect_tile(loop=l5, n=4, max_innermost_factor=64, decision=[4, 14, 2, 1])
l31, l32, l33, l34 = sch.split(loop=l5, factors=[v27, v28, v29, v30], preserve_unit_iters=True, disable_predication=False)
v35, v36, v37, v38 = sch.sample_perfect_tile(loop=l6, n=4, max_innermost_factor=64, decision=[4, 4, 1, 7])
l39, l40, l41, l42 = sch.split(loop=l6, factors=[v35, v36, v37, v38], preserve_unit_iters=True, disable_predication=False)
v43, v44, v45, v46 = sch.sample_perfect_tile(loop=l7, n=4, max_innermost_factor=64, decision=[2, 2, 1, 2])
l47, l48, l49, l50 = sch.split(loop=l7, factors=[v43, v44, v45, v46], preserve_unit_iters=True, disable_predication=False)
v51, v52 = sch.sample_perfect_tile(loop=l8, n=2, max_innermost_factor=64, decision=[1, 16])
l53, l54 = sch.split(loop=l8, factors=[v51, v52], preserve_unit_iters=True, disable_predication=False)
v55, v56 = sch.sample_perfect_tile(loop=l9, n=2, max_innermost_factor=64, decision=[1, 1])
l57, l58 = sch.split(loop=l9, factors=[v55, v56], preserve_unit_iters=True, disable_predication=False)
v59, v60 = sch.sample_perfect_tile(loop=l10, n=2, max_innermost_factor=64, decision=[1, 1])
l61, l62 = sch.split(loop=l10, factors=[v59, v60], preserve_unit_iters=True, disable_predication=False)
sch.reorder(l15, l23, l31, l39, l47, l16, l24, l32, l40, l48, l53, l57, l61, l17, l25, l33, l41, l49, l54, l58, l62, l18, l26, l34, l42, l50)
sch.annotate(block_or_loop=b2, ann_key="meta_schedule.parallel", ann_val=96)
sch.annotate(block_or_loop=b2, ann_key="meta_schedule.vectorize", ann_val=64)
v63 = sch.sample_categorical(candidates=[0, 16, 64, 512], probs=[0.25, 0.25, 0.25, 0.25], decision=2)
sch.annotate(block_or_loop=b2, ann_key="meta_schedule.unroll_explicit", ann_val=v63)
2024-05-21 16:01:53 [INFO] [task_scheduler.cc:170] Design space #1:
# from tvm.script import ir as I
# from tvm.script import tir as T

@I.ir_module
class Module:
    @T.prim_func
    def main(p0: T.Buffer((T.int64(1), T.int64(2), T.int64(112), T.int64(112), T.int64(8)), "float32"), p1: T.Buffer((T.int64(12), T.int64(2), T.int64(1), T.int64(1), T.int64(8), T.int64(8)), "float32"), p2: T.Buffer((T.int64(1), T.int64(12), T.int64(1), T.int64(1), T.int64(8)), "float32"), compute: T.Buffer((T.int64(1), T.int64(12), T.int64(112), T.int64(112), T.int64(8)), "float32")):
        T.func_attr({"tir.noalias": T.bool(True)})
        with T.block("root"):
            T.reads()
            T.writes()
            T.block_attr({"meta_schedule.parallel": 96, "meta_schedule.unroll_explicit": 0, "meta_schedule.vectorize": 64})
            conv2d_NCHWc = T.alloc_buffer((T.int64(1), T.int64(12), T.int64(112), T.int64(112), T.int64(8)))
            for n_0, oc_chunk_0, oh_0, ow_0, oc_block_0, n_1, oc_chunk_1, oh_1, ow_1, oc_block_1 in T.grid(T.int64(1), T.int64(1), T.int64(4), T.int64(4), T.int64(2), T.int64(1), T.int64(4), T.int64(14), T.int64(4), T.int64(2)):
                for ic_0, kh_0, kw_0, n_2, oc_chunk_2, oh_2, ow_2, oc_block_2, ic_1, kh_1, kw_1, n_3, oc_chunk_3, oh_3, ow_3, oc_block_3 in T.grid(T.int64(1), T.int64(1), T.int64(1), T.int64(1), T.int64(1), T.int64(2), T.int64(1), T.int64(1), T.int64(16), T.int64(1), T.int64(1), T.int64(1), T.int64(3), T.int64(1), T.int64(7), T.int64(2)):
                    with T.block("conv2d_NCHWc"):
                        v_n = T.axis.spatial(T.int64(1), n_0 + n_1 + n_2 + n_3)
                        v_oc_chunk = T.axis.spatial(T.int64(12), oc_chunk_0 * T.int64(12) + oc_chunk_1 * T.int64(3) + oc_chunk_2 * T.int64(3) + oc_chunk_3)
                        v_oh = T.axis.spatial(T.int64(112), oh_0 * T.int64(28) + oh_1 * T.int64(2) + oh_2 + oh_3)
                        v_ow = T.axis.spatial(T.int64(112), ow_0 * T.int64(28) + ow_1 * T.int64(7) + ow_2 * T.int64(7) + ow_3)
                        v_oc_block = T.axis.spatial(T.int64(8), oc_block_0 * T.int64(4) + oc_block_1 * T.int64(2) + oc_block_2 * T.int64(2) + oc_block_3)
                        v_ic = T.axis.reduce(T.int64(16), ic_0 * T.int64(16) + ic_1)
                        v_kh = T.axis.reduce(T.int64(1), kh_0 + kh_1)
                        v_kw = T.axis.reduce(T.int64(1), kw_0 + kw_1)
                        T.reads(p0[v_n, v_ic // T.int64(8), v_oh + v_kh, v_ow + v_kw, v_ic % T.int64(8)], p1[v_oc_chunk, v_ic // T.int64(8), v_kh, v_kw, v_ic % T.int64(8), v_oc_block])
                        T.writes(conv2d_NCHWc[v_n, v_oc_chunk, v_oh, v_ow, v_oc_block])
                        T.block_attr({"meta_schedule.tiling_structure": "SSRSRS"})
                        with T.init():
                            conv2d_NCHWc[v_n, v_oc_chunk, v_oh, v_ow, v_oc_block] = T.float32(0)
                        conv2d_NCHWc[v_n, v_oc_chunk, v_oh, v_ow, v_oc_block] = conv2d_NCHWc[v_n, v_oc_chunk, v_oh, v_ow, v_oc_block] + p0[v_n, v_ic // T.int64(8), v_oh + v_kh, v_ow + v_kw, v_ic % T.int64(8)] * p1[v_oc_chunk, v_ic // T.int64(8), v_kh, v_kw, v_ic % T.int64(8), v_oc_block]
                for ax0, ax1, ax2, ax3, ax4 in T.grid(T.int64(1), T.int64(3), T.int64(2), T.int64(7), T.int64(2)):
                    with T.block("compute"):
                        v_i0 = T.axis.spatial(T.int64(1), ax0)
                        v_i1 = T.axis.spatial(T.int64(12), oc_chunk_1 * T.int64(3) + ax1)
                        v_i2 = T.axis.spatial(T.int64(112), oh_0 * T.int64(28) + oh_1 * T.int64(2) + ax2)
                        v_i3 = T.axis.spatial(T.int64(112), ow_0 * T.int64(28) + ow_1 * T.int64(7) + ax3)
                        v_i4 = T.axis.spatial(T.int64(8), oc_block_0 * T.int64(4) + oc_block_1 * T.int64(2) + ax4)
                        T.reads(conv2d_NCHWc[v_i0, v_i1, v_i2, v_i3, v_i4], p2[v_i0, v_i1, T.int64(0), T.int64(0), v_i4])
                        T.writes(compute[v_i0, v_i1, v_i2, v_i3, v_i4])
                        compute[v_i0, v_i1, v_i2, v_i3, v_i4] = T.max(T.min(conv2d_NCHWc[v_i0, v_i1, v_i2, v_i3, v_i4] + p2[v_i0, v_i1, T.int64(0), T.int64(0), v_i4], T.float32(6)), T.float32(0))
b0 = sch.get_block(name="conv2d_NCHWc", func_name="main")
b1 = sch.get_block(name="T_add", func_name="main")
b2 = sch.get_block(name="root", func_name="main")
sch.compute_inline(block=b1)
sch.annotate(block_or_loop=b0, ann_key="meta_schedule.tiling_structure", ann_val="SSRSRS")
l3, l4, l5, l6, l7, l8, l9, l10 = sch.get_loops(block=b0)
v11, v12, v13, v14 = sch.sample_perfect_tile(loop=l3, n=4, max_innermost_factor=64, decision=[1, 1, 1, 1])
l15, l16, l17, l18 = sch.split(loop=l3, factors=[v11, v12, v13, v14], preserve_unit_iters=True, disable_predication=False)
v19, v20, v21, v22 = sch.sample_perfect_tile(loop=l4, n=4, max_innermost_factor=64, decision=[1, 4, 1, 3])
l23, l24, l25, l26 = sch.split(loop=l4, factors=[v19, v20, v21, v22], preserve_unit_iters=True, disable_predication=False)
v27, v28, v29, v30 = sch.sample_perfect_tile(loop=l5, n=4, max_innermost_factor=64, decision=[4, 14, 2, 1])
l31, l32, l33, l34 = sch.split(loop=l5, factors=[v27, v28, v29, v30], preserve_unit_iters=True, disable_predication=False)
v35, v36, v37, v38 = sch.sample_perfect_tile(loop=l6, n=4, max_innermost_factor=64, decision=[4, 4, 1, 7])
l39, l40, l41, l42 = sch.split(loop=l6, factors=[v35, v36, v37, v38], preserve_unit_iters=True, disable_predication=False)
v43, v44, v45, v46 = sch.sample_perfect_tile(loop=l7, n=4, max_innermost_factor=64, decision=[2, 2, 1, 2])
l47, l48, l49, l50 = sch.split(loop=l7, factors=[v43, v44, v45, v46], preserve_unit_iters=True, disable_predication=False)
v51, v52 = sch.sample_perfect_tile(loop=l8, n=2, max_innermost_factor=64, decision=[1, 16])
l53, l54 = sch.split(loop=l8, factors=[v51, v52], preserve_unit_iters=True, disable_predication=False)
v55, v56 = sch.sample_perfect_tile(loop=l9, n=2, max_innermost_factor=64, decision=[1, 1])
l57, l58 = sch.split(loop=l9, factors=[v55, v56], preserve_unit_iters=True, disable_predication=False)
v59, v60 = sch.sample_perfect_tile(loop=l10, n=2, max_innermost_factor=64, decision=[1, 1])
l61, l62 = sch.split(loop=l10, factors=[v59, v60], preserve_unit_iters=True, disable_predication=False)
sch.reorder(l15, l23, l31, l39, l47, l16, l24, l32, l40, l48, l53, l57, l61, l17, l25, l33, l41, l49, l54, l58, l62, l18, l26, l34, l42, l50)
b63, = sch.get_consumers(block=b0)
sch.reverse_compute_at(block=b63, loop=l48, preserve_unit_loops=True, index=-1)
sch.annotate(block_or_loop=b2, ann_key="meta_schedule.parallel", ann_val=96)
sch.annotate(block_or_loop=b2, ann_key="meta_schedule.vectorize", ann_val=64)
v64 = sch.sample_categorical(candidates=[0, 16, 64, 512], probs=[0.25, 0.25, 0.25, 0.25], decision=0)
sch.annotate(block_or_loop=b2, ann_key="meta_schedule.unroll_explicit", ann_val=v64)
2024-05-21 16:01:53 [INFO] [task_scheduler.cc:170] Design space #2:
# from tvm.script import ir as I
# from tvm.script import tir as T

@I.ir_module
class Module:
    @T.prim_func
    def main(p0: T.Buffer((T.int64(1), T.int64(2), T.int64(112), T.int64(112), T.int64(8)), "float32"), p1: T.Buffer((T.int64(12), T.int64(2), T.int64(1), T.int64(1), T.int64(8), T.int64(8)), "float32"), p2: T.Buffer((T.int64(1), T.int64(12), T.int64(1), T.int64(1), T.int64(8)), "float32"), compute: T.Buffer((T.int64(1), T.int64(12), T.int64(112), T.int64(112), T.int64(8)), "float32")):
        T.func_attr({"tir.noalias": T.bool(True)})
        with T.block("root"):
            T.reads()
            T.writes()
            T.block_attr({"meta_schedule.parallel": 96, "meta_schedule.unroll_explicit": 512, "meta_schedule.vectorize": 64})
            conv2d_NCHWc = T.alloc_buffer((T.int64(1), T.int64(12), T.int64(112), T.int64(112), T.int64(8)))
            for n_0, oc_chunk_0, oh_0, ow_0, oc_block_0 in T.grid(T.int64(1), T.int64(1), T.int64(4), T.int64(4), T.int64(2)):
                for n_1, oc_chunk_1, oh_1, ow_1, oc_block_1, ic_0, kh_0, kw_0, n_2, oc_chunk_2, oh_2, ow_2, oc_block_2, ic_1, kh_1, kw_1, n_3, oc_chunk_3, oh_3, ow_3, oc_block_3 in T.grid(T.int64(1), T.int64(4), T.int64(14), T.int64(4), T.int64(2), T.int64(1), T.int64(1), T.int64(1), T.int64(1), T.int64(1), T.int64(2), T.int64(1), T.int64(1), T.int64(16), T.int64(1), T.int64(1), T.int64(1), T.int64(3), T.int64(1), T.int64(7), T.int64(2)):
                    with T.block("conv2d_NCHWc"):
                        v_n = T.axis.spatial(T.int64(1), n_0 + n_1 + n_2 + n_3)
                        v_oc_chunk = T.axis.spatial(T.int64(12), oc_chunk_0 * T.int64(12) + oc_chunk_1 * T.int64(3) + oc_chunk_2 * T.int64(3) + oc_chunk_3)
                        v_oh = T.axis.spatial(T.int64(112), oh_0 * T.int64(28) + oh_1 * T.int64(2) + oh_2 + oh_3)
                        v_ow = T.axis.spatial(T.int64(112), ow_0 * T.int64(28) + ow_1 * T.int64(7) + ow_2 * T.int64(7) + ow_3)
                        v_oc_block = T.axis.spatial(T.int64(8), oc_block_0 * T.int64(4) + oc_block_1 * T.int64(2) + oc_block_2 * T.int64(2) + oc_block_3)
                        v_ic = T.axis.reduce(T.int64(16), ic_0 * T.int64(16) + ic_1)
                        v_kh = T.axis.reduce(T.int64(1), kh_0 + kh_1)
                        v_kw = T.axis.reduce(T.int64(1), kw_0 + kw_1)
                        T.reads(p0[v_n, v_ic // T.int64(8), v_oh + v_kh, v_ow + v_kw, v_ic % T.int64(8)], p1[v_oc_chunk, v_ic // T.int64(8), v_kh, v_kw, v_ic % T.int64(8), v_oc_block])
                        T.writes(conv2d_NCHWc[v_n, v_oc_chunk, v_oh, v_ow, v_oc_block])
                        T.block_attr({"meta_schedule.tiling_structure": "SSRSRS"})
                        with T.init():
                            conv2d_NCHWc[v_n, v_oc_chunk, v_oh, v_ow, v_oc_block] = T.float32(0)
                        conv2d_NCHWc[v_n, v_oc_chunk, v_oh, v_ow, v_oc_block] = conv2d_NCHWc[v_n, v_oc_chunk, v_oh, v_ow, v_oc_block] + p0[v_n, v_ic // T.int64(8), v_oh + v_kh, v_ow + v_kw, v_ic % T.int64(8)] * p1[v_oc_chunk, v_ic // T.int64(8), v_kh, v_kw, v_ic % T.int64(8), v_oc_block]
                for ax0, ax1, ax2, ax3, ax4 in T.grid(T.int64(1), T.int64(12), T.int64(28), T.int64(28), T.int64(4)):
                    with T.block("compute"):
                        v_i0, v_i1 = T.axis.remap("SS", [ax0, ax1])
                        v_i2 = T.axis.spatial(T.int64(112), oh_0 * T.int64(28) + ax2)
                        v_i3 = T.axis.spatial(T.int64(112), ow_0 * T.int64(28) + ax3)
                        v_i4 = T.axis.spatial(T.int64(8), oc_block_0 * T.int64(4) + ax4)
                        T.reads(conv2d_NCHWc[v_i0, v_i1, v_i2, v_i3, v_i4], p2[v_i0, v_i1, T.int64(0), T.int64(0), v_i4])
                        T.writes(compute[v_i0, v_i1, v_i2, v_i3, v_i4])
                        compute[v_i0, v_i1, v_i2, v_i3, v_i4] = T.max(T.min(conv2d_NCHWc[v_i0, v_i1, v_i2, v_i3, v_i4] + p2[v_i0, v_i1, T.int64(0), T.int64(0), v_i4], T.float32(6)), T.float32(0))
b0 = sch.get_block(name="conv2d_NCHWc", func_name="main")
b1 = sch.get_block(name="T_add", func_name="main")
b2 = sch.get_block(name="root", func_name="main")
sch.compute_inline(block=b1)
sch.annotate(block_or_loop=b0, ann_key="meta_schedule.tiling_structure", ann_val="SSRSRS")
l3, l4, l5, l6, l7, l8, l9, l10 = sch.get_loops(block=b0)
v11, v12, v13, v14 = sch.sample_perfect_tile(loop=l3, n=4, max_innermost_factor=64, decision=[1, 1, 1, 1])
l15, l16, l17, l18 = sch.split(loop=l3, factors=[v11, v12, v13, v14], preserve_unit_iters=True, disable_predication=False)
v19, v20, v21, v22 = sch.sample_perfect_tile(loop=l4, n=4, max_innermost_factor=64, decision=[1, 4, 1, 3])
l23, l24, l25, l26 = sch.split(loop=l4, factors=[v19, v20, v21, v22], preserve_unit_iters=True, disable_predication=False)
v27, v28, v29, v30 = sch.sample_perfect_tile(loop=l5, n=4, max_innermost_factor=64, decision=[4, 14, 2, 1])
l31, l32, l33, l34 = sch.split(loop=l5, factors=[v27, v28, v29, v30], preserve_unit_iters=True, disable_predication=False)
v35, v36, v37, v38 = sch.sample_perfect_tile(loop=l6, n=4, max_innermost_factor=64, decision=[4, 4, 1, 7])
l39, l40, l41, l42 = sch.split(loop=l6, factors=[v35, v36, v37, v38], preserve_unit_iters=True, disable_predication=False)
v43, v44, v45, v46 = sch.sample_perfect_tile(loop=l7, n=4, max_innermost_factor=64, decision=[2, 2, 1, 2])
l47, l48, l49, l50 = sch.split(loop=l7, factors=[v43, v44, v45, v46], preserve_unit_iters=True, disable_predication=False)
v51, v52 = sch.sample_perfect_tile(loop=l8, n=2, max_innermost_factor=64, decision=[1, 16])
l53, l54 = sch.split(loop=l8, factors=[v51, v52], preserve_unit_iters=True, disable_predication=False)
v55, v56 = sch.sample_perfect_tile(loop=l9, n=2, max_innermost_factor=64, decision=[1, 1])
l57, l58 = sch.split(loop=l9, factors=[v55, v56], preserve_unit_iters=True, disable_predication=False)
v59, v60 = sch.sample_perfect_tile(loop=l10, n=2, max_innermost_factor=64, decision=[1, 1])
l61, l62 = sch.split(loop=l10, factors=[v59, v60], preserve_unit_iters=True, disable_predication=False)
sch.reorder(l15, l23, l31, l39, l47, l16, l24, l32, l40, l48, l53, l57, l61, l17, l25, l33, l41, l49, l54, l58, l62, l18, l26, l34, l42, l50)
b63, = sch.get_consumers(block=b0)
sch.reverse_compute_at(block=b63, loop=l47, preserve_unit_loops=True, index=-1)
sch.annotate(block_or_loop=b2, ann_key="meta_schedule.parallel", ann_val=96)
sch.annotate(block_or_loop=b2, ann_key="meta_schedule.vectorize", ann_val=64)
v64 = sch.sample_categorical(candidates=[0, 16, 64, 512], probs=[0.25, 0.25, 0.25, 0.25], decision=3)
sch.annotate(block_or_loop=b2, ann_key="meta_schedule.unroll_explicit", ann_val=v64)
2024-05-21 16:08:43 [INFO] [evolutionary_search.cc:713] Generating candidates......
2024-05-21 16:08:43 [INFO] [evolutionary_search.cc:715] Picked top 0 candidate(s) from database
2024-05-21 16:08:44 [INFO] [evolutionary_search.cc:533] Sample-Init-Population summary:
Postproc #0 [meta_schedule.DisallowDynamicLoop(0xf9934178)]: 0 failure(s)
Postproc #1 [meta_schedule.RewriteParallelVectorizeUnroll(0xf6c88758)]: 0 failure(s)
Postproc #2 [meta_schedule.RewriteReductionBlock(0xf5d4fd58)]: 0 failure(s)
Postproc #3 [meta_schedule.RewriteLayout(0xf840fde8)]: 0 failure(s)
2024-05-21 16:08:44 [INFO] [evolutionary_search.cc:723] Sampled 512 candidate(s)
2024-05-21 16:08:45 [INFO] [evolutionary_search.cc:621] Evolve iter #0 done. Summary:
Postproc #0 [meta_schedule.DisallowDynamicLoop(0xf9934178)]: 0 failure(s)
Postproc #1 [meta_schedule.RewriteParallelVectorizeUnroll(0xf6c88758)]: 0 failure(s)
Postproc #2 [meta_schedule.RewriteReductionBlock(0xf5d4fd58)]: 0 failure(s)
Postproc #3 [meta_schedule.RewriteLayout(0xf840fde8)]: 0 failure(s)
2024-05-21 16:08:46 [INFO] [evolutionary_search.cc:621] Evolve iter #1 done. Summary:
Postproc #0 [meta_schedule.DisallowDynamicLoop(0xf9934178)]: 0 failure(s)
Postproc #1 [meta_schedule.RewriteParallelVectorizeUnroll(0xf6c88758)]: 0 failure(s)
Postproc #2 [meta_schedule.RewriteReductionBlock(0xf5d4fd58)]: 0 failure(s)
Postproc #3 [meta_schedule.RewriteLayout(0xf840fde8)]: 0 failure(s)
2024-05-21 16:08:47 [INFO] [evolutionary_search.cc:621] Evolve iter #2 done. Summary:
Postproc #0 [meta_schedule.DisallowDynamicLoop(0xf9934178)]: 0 failure(s)
Postproc #1 [meta_schedule.RewriteParallelVectorizeUnroll(0xf6c88758)]: 0 failure(s)
Postproc #2 [meta_schedule.RewriteReductionBlock(0xf5d4fd58)]: 0 failure(s)
Postproc #3 [meta_schedule.RewriteLayout(0xf840fde8)]: 0 failure(s)
2024-05-21 16:08:48 [INFO] [evolutionary_search.cc:621] Evolve iter #3 done. Summary:
Postproc #0 [meta_schedule.DisallowDynamicLoop(0xf9934178)]: 0 failure(s)
Postproc #1 [meta_schedule.RewriteParallelVectorizeUnroll(0xf6c88758)]: 0 failure(s)
Postproc #2 [meta_schedule.RewriteReductionBlock(0xf5d4fd58)]: 0 failure(s)
Postproc #3 [meta_schedule.RewriteLayout(0xf840fde8)]: 0 failure(s)
2024-05-21 16:08:48 [INFO] [evolutionary_search.cc:649] Scores of the best 64 candidates:
[1 : 16]:	0.9986  0.9984  0.9983  0.9978  0.9975  0.9974  0.9973  0.9968  0.9964  0.9954  0.9952  0.9945  0.9942  0.9941  0.9938  0.9936
[17 : 32]:	0.9935  0.9933  0.9931  0.9928  0.9925  0.9924  0.9920  0.9920  0.9914  0.9908  0.9903  0.9891  0.9891  0.9872  0.9867  0.9865
[33 : 48]:	0.9852  0.9851  0.9847  0.9846  0.9845  0.9840  0.9834  0.9823  0.9821  0.9814  0.9812  0.9811  0.9811  0.9805  0.9804  0.9802
[49 : 64]:	0.9801  0.9795  0.9794  0.9793  0.9789  0.9784  0.9781  0.9780  0.9776  0.9769  0.9766  0.9765  0.9764  0.9763  0.9752  0.9746
2024-05-21 16:08:48 [INFO] [evolutionary_search.cc:727] Got 64 candidate(s) with evolutionary search
2024-05-21 16:08:48 [INFO] [evolutionary_search.cc:730] Sending 64 candidates(s) for measurement
2024-05-21 17:06:41 [INFO] [task_scheduler.cc:131] [Task #4: fused_nn_contrib_conv2d_NCHWc_add_clip_1] Trial #1: GFLOPs: 24.0744. Time: 1750.7360 us. Best GFLOPs: 24.0744
2024-05-21 17:06:41 [INFO] [task_scheduler.cc:131] [Task #4: fused_nn_contrib_conv2d_NCHWc_add_clip_1] Trial #2: GFLOPs: 21.2688. Time: 1981.6766 us. Best GFLOPs: 24.0744
2024-05-21 17:06:41 [INFO] [task_scheduler.cc:131] [Task #4: fused_nn_contrib_conv2d_NCHWc_add_clip_1] Trial #3: GFLOPs: 20.1747. Time: 2089.1383 us. Best GFLOPs: 24.0744
2024-05-21 17:06:41 [INFO] [task_scheduler.cc:131] [Task #4: fused_nn_contrib_conv2d_NCHWc_add_clip_1] Trial #4: GFLOPs: 14.8462. Time: 2838.9677 us. Best GFLOPs: 24.0744
2024-05-21 17:06:41 [INFO] [task_scheduler.cc:131] [Task #4: fused_nn_contrib_conv2d_NCHWc_add_clip_1] Trial #5: GFLOPs: 18.5536. Time: 2271.6824 us. Best GFLOPs: 24.0744
2024-05-21 17:06:41 [INFO] [task_scheduler.cc:131] [Task #4: fused_nn_contrib_conv2d_NCHWc_add_clip_1] Trial #6: GFLOPs: 6.8704. Time: 6134.7424 us. Best GFLOPs: 24.0744
2024-05-21 17:06:41 [INFO] [task_scheduler.cc:131] [Task #4: fused_nn_contrib_conv2d_NCHWc_add_clip_1] Trial #7: GFLOPs: 20.9229. Time: 2014.4379 us. Best GFLOPs: 24.0744
2024-05-21 17:06:41 [INFO] [task_scheduler.cc:131] [Task #4: fused_nn_contrib_conv2d_NCHWc_add_clip_1] Trial #8: GFLOPs: 46.0047. Time: 916.1637 us. Best GFLOPs: 46.0047
2024-05-21 17:06:41 [INFO] [task_scheduler.cc:131] [Task #4: fused_nn_contrib_conv2d_NCHWc_add_clip_1] Trial #9: GFLOPs: 39.9848. Time: 1054.0978 us. Best GFLOPs: 46.0047
2024-05-21 17:06:41 [INFO] [task_scheduler.cc:131] [Task #4: fused_nn_contrib_conv2d_NCHWc_add_clip_1] Trial #10: GFLOPs: 19.0106. Time: 2217.0733 us. Best GFLOPs: 46.0047
2024-05-21 17:06:41 [INFO] [task_scheduler.cc:131] [Task #4: fused_nn_contrib_conv2d_NCHWc_add_clip_1] Trial #11: GFLOPs: 31.7043. Time: 1329.4054 us. Best GFLOPs: 46.0047
2024-05-21 17:06:41 [INFO] [task_scheduler.cc:131] [Task #4: fused_nn_contrib_conv2d_NCHWc_add_clip_1] Trial #12: GFLOPs: 23.8672. Time: 1765.9349 us. Best GFLOPs: 46.0047
2024-05-21 17:06:41 [INFO] [task_scheduler.cc:131] [Task #4: fused_nn_contrib_conv2d_NCHWc_add_clip_1] Trial #13: GFLOPs: 42.3168. Time: 996.0064 us. Best GFLOPs: 46.0047
2024-05-21 17:06:41 [INFO] [task_scheduler.cc:131] [Task #4: fused_nn_contrib_conv2d_NCHWc_add_clip_1] Trial #14: GFLOPs: 23.4520. Time: 1797.1972 us. Best GFLOPs: 46.0047
2024-05-21 17:06:41 [INFO] [task_scheduler.cc:131] [Task #4: fused_nn_contrib_conv2d_NCHWc_add_clip_1] Trial #15: GFLOPs: 15.8198. Time: 2664.2399 us. Best GFLOPs: 46.0047
2024-05-21 17:06:41 [INFO] [task_scheduler.cc:131] [Task #4: fused_nn_contrib_conv2d_NCHWc_add_clip_1] Trial #16: GFLOPs: 8.1908. Time: 5145.7371 us. Best GFLOPs: 46.0047
2024-05-21 17:06:41 [INFO] [task_scheduler.cc:131] [Task #4: fused_nn_contrib_conv2d_NCHWc_add_clip_1] Trial #17: GFLOPs: 15.3827. Time: 2739.9433 us. Best GFLOPs: 46.0047
2024-05-21 17:06:41 [INFO] [task_scheduler.cc:131] [Task #4: fused_nn_contrib_conv2d_NCHWc_add_clip_1] Trial #18: GFLOPs: 37.4518. Time: 1125.3881 us. Best GFLOPs: 46.0047
2024-05-21 17:06:41 [INFO] [task_scheduler.cc:131] [Task #4: fused_nn_contrib_conv2d_NCHWc_add_clip_1] Trial #19: GFLOPs: 21.2743. Time: 1981.1591 us. Best GFLOPs: 46.0047
2024-05-21 17:06:41 [INFO] [task_scheduler.cc:131] [Task #4: fused_nn_contrib_conv2d_NCHWc_add_clip_1] Trial #20: GFLOPs: 13.8151. Time: 3050.8560 us. Best GFLOPs: 46.0047
2024-05-21 17:06:41 [INFO] [task_scheduler.cc:131] [Task #4: fused_nn_contrib_conv2d_NCHWc_add_clip_1] Trial #21: GFLOPs: 8.4430. Time: 4992.0417 us. Best GFLOPs: 46.0047
2024-05-21 17:06:41 [INFO] [task_scheduler.cc:131] [Task #4: fused_nn_contrib_conv2d_NCHWc_add_clip_1] Trial #22: GFLOPs: 14.0900. Time: 2991.3287 us. Best GFLOPs: 46.0047
2024-05-21 17:06:41 [INFO] [task_scheduler.cc:131] [Task #4: fused_nn_contrib_conv2d_NCHWc_add_clip_1] Trial #23: GFLOPs: 7.6160. Time: 5534.1144 us. Best GFLOPs: 46.0047
2024-05-21 17:06:41 [INFO] [task_scheduler.cc:131] [Task #4: fused_nn_contrib_conv2d_NCHWc_add_clip_1] Trial #24: GFLOPs: 65.4867. Time: 643.6092 us. Best GFLOPs: 65.4867
2024-05-21 17:06:41 [INFO] [task_scheduler.cc:131] [Task #4: fused_nn_contrib_conv2d_NCHWc_add_clip_1] Trial #25: GFLOPs: 17.4332. Time: 2417.6733 us. Best GFLOPs: 65.4867
2024-05-21 17:06:41 [INFO] [task_scheduler.cc:131] [Task #4: fused_nn_contrib_conv2d_NCHWc_add_clip_1] Trial #26: GFLOPs: 27.6384. Time: 1524.9754 us. Best GFLOPs: 65.4867
2024-05-21 17:06:41 [INFO] [task_scheduler.cc:131] [Task #4: fused_nn_contrib_conv2d_NCHWc_add_clip_1] Trial #27: GFLOPs: 22.2341. Time: 1895.6405 us. Best GFLOPs: 65.4867
2024-05-21 17:06:41 [INFO] [task_scheduler.cc:131] [Task #4: fused_nn_contrib_conv2d_NCHWc_add_clip_1] Trial #28: GFLOPs: 51.0989. Time: 824.8284 us. Best GFLOPs: 65.4867
2024-05-21 17:06:41 [INFO] [task_scheduler.cc:131] [Task #4: fused_nn_contrib_conv2d_NCHWc_add_clip_1] Trial #29: GFLOPs: 37.3633. Time: 1128.0553 us. Best GFLOPs: 65.4867
2024-05-21 17:06:41 [INFO] [task_scheduler.cc:131] [Task #4: fused_nn_contrib_conv2d_NCHWc_add_clip_1] Trial #30: GFLOPs: 28.0418. Time: 1503.0368 us. Best GFLOPs: 65.4867
2024-05-21 17:06:41 [INFO] [task_scheduler.cc:131] [Task #4: fused_nn_contrib_conv2d_NCHWc_add_clip_1] Trial #31: GFLOPs: 20.6298. Time: 2043.0570 us. Best GFLOPs: 65.4867
2024-05-21 17:06:41 [INFO] [task_scheduler.cc:131] [Task #4: fused_nn_contrib_conv2d_NCHWc_add_clip_1] Trial #32: GFLOPs: 14.8550. Time: 2837.2879 us. Best GFLOPs: 65.4867
2024-05-21 17:06:41 [INFO] [task_scheduler.cc:131] [Task #4: fused_nn_contrib_conv2d_NCHWc_add_clip_1] Trial #33: GFLOPs: 22.9544. Time: 1836.1588 us. Best GFLOPs: 65.4867
2024-05-21 17:06:41 [INFO] [task_scheduler.cc:131] [Task #4: fused_nn_contrib_conv2d_NCHWc_add_clip_1] Trial #34: GFLOPs: 24.2239. Time: 1739.9281 us. Best GFLOPs: 65.4867
2024-05-21 17:06:41 [INFO] [task_scheduler.cc:131] [Task #4: fused_nn_contrib_conv2d_NCHWc_add_clip_1] Trial #35: GFLOPs: 35.8670. Time: 1175.1134 us. Best GFLOPs: 65.4867
2024-05-21 17:06:41 [INFO] [task_scheduler.cc:131] [Task #4: fused_nn_contrib_conv2d_NCHWc_add_clip_1] Trial #36: GFLOPs: 23.1475. Time: 1820.8369 us. Best GFLOPs: 65.4867
2024-05-21 17:06:41 [INFO] [task_scheduler.cc:131] [Task #4: fused_nn_contrib_conv2d_NCHWc_add_clip_1] Trial #37: GFLOPs: 5.8207. Time: 7241.0504 us. Best GFLOPs: 65.4867
2024-05-21 17:06:41 [INFO] [task_scheduler.cc:131] [Task #4: fused_nn_contrib_conv2d_NCHWc_add_clip_1] Trial #38: GFLOPs: 9.7745. Time: 4312.0245 us. Best GFLOPs: 65.4867
2024-05-21 17:06:41 [INFO] [task_scheduler.cc:131] [Task #4: fused_nn_contrib_conv2d_NCHWc_add_clip_1] Trial #39: GFLOPs: 53.5014. Time: 787.7893 us. Best GFLOPs: 65.4867
2024-05-21 17:06:41 [INFO] [task_scheduler.cc:131] [Task #4: fused_nn_contrib_conv2d_NCHWc_add_clip_1] Trial #40: GFLOPs: 40.1449. Time: 1049.8930 us. Best GFLOPs: 65.4867
2024-05-21 17:06:41 [INFO] [task_scheduler.cc:131] [Task #4: fused_nn_contrib_conv2d_NCHWc_add_clip_1] Trial #41: GFLOPs: 10.9931. Time: 3834.0135 us. Best GFLOPs: 65.4867
2024-05-21 17:06:41 [INFO] [task_scheduler.cc:131] [Task #4: fused_nn_contrib_conv2d_NCHWc_add_clip_1] Trial #42: GFLOPs: 20.4430. Time: 2061.7222 us. Best GFLOPs: 65.4867
2024-05-21 17:06:41 [INFO] [task_scheduler.cc:131] [Task #4: fused_nn_contrib_conv2d_NCHWc_add_clip_1] Trial #43: GFLOPs: 84.7692. Time: 497.2068 us. Best GFLOPs: 84.7692
2024-05-21 17:06:41 [INFO] [task_scheduler.cc:131] [Task #4: fused_nn_contrib_conv2d_NCHWc_add_clip_1] Trial #44: GFLOPs: 28.9192. Time: 1457.4369 us. Best GFLOPs: 84.7692
2024-05-21 17:06:41 [INFO] [task_scheduler.cc:131] [Task #4: fused_nn_contrib_conv2d_NCHWc_add_clip_1] Trial #45: GFLOPs: 11.4017. Time: 3696.6296 us. Best GFLOPs: 84.7692
2024-05-21 17:06:41 [INFO] [task_scheduler.cc:131] [Task #4: fused_nn_contrib_conv2d_NCHWc_add_clip_1] Trial #46: GFLOPs: 12.9941. Time: 3243.6068 us. Best GFLOPs: 84.7692
2024-05-21 17:06:41 [INFO] [task_scheduler.cc:131] [Task #4: fused_nn_contrib_conv2d_NCHWc_add_clip_1] Trial #47: GFLOPs: 59.1358. Time: 712.7293 us. Best GFLOPs: 84.7692
2024-05-21 17:06:41 [INFO] [task_scheduler.cc:131] [Task #4: fused_nn_contrib_conv2d_NCHWc_add_clip_1] Trial #48: GFLOPs: 27.3464. Time: 1541.2576 us. Best GFLOPs: 84.7692
2024-05-21 17:06:41 [INFO] [task_scheduler.cc:131] [Task #4: fused_nn_contrib_conv2d_NCHWc_add_clip_1] Trial #49: GFLOPs: 11.7063. Time: 3600.4403 us. Best GFLOPs: 84.7692
2024-05-21 17:06:41 [INFO] [task_scheduler.cc:131] [Task #4: fused_nn_contrib_conv2d_NCHWc_add_clip_1] Trial #50: GFLOPs: 12.9886. Time: 3244.9899 us. Best GFLOPs: 84.7692
2024-05-21 17:06:41 [INFO] [task_scheduler.cc:131] [Task #4: fused_nn_contrib_conv2d_NCHWc_add_clip_1] Trial #51: GFLOPs: 7.2291. Time: 5830.2949 us. Best GFLOPs: 84.7692
2024-05-21 17:06:41 [INFO] [task_scheduler.cc:131] [Task #4: fused_nn_contrib_conv2d_NCHWc_add_clip_1] Trial #52: GFLOPs: 29.2669. Time: 1440.1179 us. Best GFLOPs: 84.7692
2024-05-21 17:06:41 [INFO] [task_scheduler.cc:131] [Task #4: fused_nn_contrib_conv2d_NCHWc_add_clip_1] Trial #53: GFLOPs: 32.8393. Time: 1283.4572 us. Best GFLOPs: 84.7692
2024-05-21 17:06:41 [INFO] [task_scheduler.cc:131] [Task #4: fused_nn_contrib_conv2d_NCHWc_add_clip_1] Trial #54: GFLOPs: 10.0073. Time: 4211.7241 us. Best GFLOPs: 84.7692
2024-05-21 17:06:41 [INFO] [task_scheduler.cc:131] [Task #4: fused_nn_contrib_conv2d_NCHWc_add_clip_1] Trial #55: GFLOPs: 12.6001. Time: 3345.0340 us. Best GFLOPs: 84.7692
2024-05-21 17:06:41 [INFO] [task_scheduler.cc:131] [Task #4: fused_nn_contrib_conv2d_NCHWc_add_clip_1] Trial #56: GFLOPs: 20.5673. Time: 2049.2627 us. Best GFLOPs: 84.7692
2024-05-21 17:06:41 [INFO] [task_scheduler.cc:131] [Task #4: fused_nn_contrib_conv2d_NCHWc_add_clip_1] Trial #57: GFLOPs: 19.7377. Time: 2135.4001 us. Best GFLOPs: 84.7692
2024-05-21 17:06:41 [INFO] [task_scheduler.cc:131] [Task #4: fused_nn_contrib_conv2d_NCHWc_add_clip_1] Trial #58: GFLOPs: 12.3114. Time: 3423.4696 us. Best GFLOPs: 84.7692
2024-05-21 17:06:41 [INFO] [task_scheduler.cc:131] [Task #4: fused_nn_contrib_conv2d_NCHWc_add_clip_1] Trial #59: GFLOPs: 21.9386. Time: 1921.1685 us. Best GFLOPs: 84.7692
2024-05-21 17:06:41 [INFO] [task_scheduler.cc:131] [Task #4: fused_nn_contrib_conv2d_NCHWc_add_clip_1] Trial #60: GFLOPs: 23.5084. Time: 1792.8876 us. Best GFLOPs: 84.7692
2024-05-21 17:06:41 [INFO] [task_scheduler.cc:131] [Task #4: fused_nn_contrib_conv2d_NCHWc_add_clip_1] Trial #61: GFLOPs: 13.1331. Time: 3209.2906 us. Best GFLOPs: 84.7692
2024-05-21 17:06:41 [INFO] [task_scheduler.cc:131] [Task #4: fused_nn_contrib_conv2d_NCHWc_add_clip_1] Trial #62: GFLOPs: 81.7060. Time: 515.8477 us. Best GFLOPs: 84.7692
2024-05-21 17:06:41 [INFO] [task_scheduler.cc:131] [Task #4: fused_nn_contrib_conv2d_NCHWc_add_clip_1] Trial #63: GFLOPs: 26.2832. Time: 1603.6048 us. Best GFLOPs: 84.7692
2024-05-21 17:06:41 [INFO] [task_scheduler.cc:131] [Task #4: fused_nn_contrib_conv2d_NCHWc_add_clip_1] Trial #64: GFLOPs: 30.7168. Time: 1372.1410 us. Best GFLOPs: 84.7692
2024-05-21 17:10:22 [INFO] [evolutionary_search.cc:713] Generating candidates......
2024-05-21 17:10:22 [INFO] [evolutionary_search.cc:715] Picked top 64 candidate(s) from database
2024-05-21 17:10:23 [INFO] [evolutionary_search.cc:533] Sample-Init-Population summary:
Postproc #0 [meta_schedule.DisallowDynamicLoop(0xf9934178)]: 0 failure(s)
Postproc #1 [meta_schedule.RewriteParallelVectorizeUnroll(0xf6c88758)]: 0 failure(s)
Postproc #2 [meta_schedule.RewriteReductionBlock(0xf5d4fd58)]: 0 failure(s)
Postproc #3 [meta_schedule.RewriteLayout(0xf840fde8)]: 0 failure(s)
2024-05-21 17:10:23 [INFO] [evolutionary_search.cc:723] Sampled 448 candidate(s)
2024-05-21 17:10:25 [INFO] [evolutionary_search.cc:621] Evolve iter #0 done. Summary:
Postproc #0 [meta_schedule.DisallowDynamicLoop(0xf9934178)]: 0 failure(s)
Postproc #1 [meta_schedule.RewriteParallelVectorizeUnroll(0xf6c88758)]: 0 failure(s)
Postproc #2 [meta_schedule.RewriteReductionBlock(0xf5d4fd58)]: 0 failure(s)
Postproc #3 [meta_schedule.RewriteLayout(0xf840fde8)]: 0 failure(s)
2024-05-21 17:10:27 [INFO] [evolutionary_search.cc:621] Evolve iter #1 done. Summary:
Postproc #0 [meta_schedule.DisallowDynamicLoop(0xf9934178)]: 0 failure(s)
Postproc #1 [meta_schedule.RewriteParallelVectorizeUnroll(0xf6c88758)]: 0 failure(s)
Postproc #2 [meta_schedule.RewriteReductionBlock(0xf5d4fd58)]: 0 failure(s)
Postproc #3 [meta_schedule.RewriteLayout(0xf840fde8)]: 0 failure(s)
2024-05-21 17:10:29 [INFO] [evolutionary_search.cc:621] Evolve iter #2 done. Summary:
Postproc #0 [meta_schedule.DisallowDynamicLoop(0xf9934178)]: 0 failure(s)
Postproc #1 [meta_schedule.RewriteParallelVectorizeUnroll(0xf6c88758)]: 0 failure(s)
Postproc #2 [meta_schedule.RewriteReductionBlock(0xf5d4fd58)]: 0 failure(s)
Postproc #3 [meta_schedule.RewriteLayout(0xf840fde8)]: 0 failure(s)
2024-05-21 17:10:31 [INFO] [evolutionary_search.cc:621] Evolve iter #3 done. Summary:
Postproc #0 [meta_schedule.DisallowDynamicLoop(0xf9934178)]: 0 failure(s)
Postproc #1 [meta_schedule.RewriteParallelVectorizeUnroll(0xf6c88758)]: 0 failure(s)
Postproc #2 [meta_schedule.RewriteReductionBlock(0xf5d4fd58)]: 0 failure(s)
Postproc #3 [meta_schedule.RewriteLayout(0xf840fde8)]: 0 failure(s)
2024-05-21 17:10:32 [INFO] [evolutionary_search.cc:649] Scores of the best 64 candidates:
[1 : 16]:	1.0023  0.9988  0.9817  0.9730  0.9618  0.9545  0.9522  0.9495  0.9491  0.9473  0.9277  0.9270  0.9270  0.9258  0.9211  0.9211
[17 : 32]:	0.9175  0.9175  0.9109  0.9074  0.9074  0.8984  0.8971  0.8965  0.8965  0.8899  0.8776  0.8776  0.8756  0.8756  0.8732  0.8709
[33 : 48]:	0.8709  0.8588  0.8573  0.8558  0.8461  0.8439  0.8348  0.8283  0.8253  0.8237  0.8236  0.8118  0.8063  0.8053  0.8039  0.8034
[49 : 64]:	0.8008  0.7992  0.7965  0.7911  0.7903  0.7901  0.7885  0.7851  0.7803  0.7801  0.7791  0.7777  0.7755  0.7735  0.7722  0.7718
2024-05-21 17:10:33 [INFO] [evolutionary_search.cc:727] Got 64 candidate(s) with evolutionary search
2024-05-21 17:10:33 [INFO] [evolutionary_search.cc:730] Sending 64 candidates(s) for measurement
2024-05-21 17:12:34 [INFO] [task_scheduler.cc:131] [Task #4: fused_nn_contrib_conv2d_NCHWc_add_clip_1] Trial #65: GFLOPs: 101.2799. Time: 416.1520 us. Best GFLOPs: 101.2799
2024-05-21 17:12:34 [INFO] [task_scheduler.cc:131] [Task #4: fused_nn_contrib_conv2d_NCHWc_add_clip_1] Trial #66: GFLOPs: 92.4066. Time: 456.1130 us. Best GFLOPs: 101.2799
2024-05-21 17:12:34 [INFO] [task_scheduler.cc:131] [Task #4: fused_nn_contrib_conv2d_NCHWc_add_clip_1] Trial #67: GFLOPs: 94.4785. Time: 446.1106 us. Best GFLOPs: 101.2799
2024-05-21 17:12:34 [INFO] [task_scheduler.cc:131] [Task #4: fused_nn_contrib_conv2d_NCHWc_add_clip_1] Trial #68: GFLOPs: 186.1230. Time: 226.4515 us. Best GFLOPs: 186.1230
2024-05-21 17:12:34 [INFO] [task_scheduler.cc:131] [Task #4: fused_nn_contrib_conv2d_NCHWc_add_clip_1] Trial #69: GFLOPs: 70.9191. Time: 594.3084 us. Best GFLOPs: 186.1230
2024-05-21 17:12:34 [INFO] [task_scheduler.cc:131] [Task #4: fused_nn_contrib_conv2d_NCHWc_add_clip_1] Trial #70: GFLOPs: 81.0100. Time: 520.2793 us. Best GFLOPs: 186.1230
2024-05-21 17:12:34 [INFO] [task_scheduler.cc:131] [Task #4: fused_nn_contrib_conv2d_NCHWc_add_clip_1] Trial #71: GFLOPs: 76.3120. Time: 552.3097 us. Best GFLOPs: 186.1230
2024-05-21 17:12:34 [INFO] [task_scheduler.cc:131] [Task #4: fused_nn_contrib_conv2d_NCHWc_add_clip_1] Trial #72: GFLOPs: 137.2260. Time: 307.1417 us. Best GFLOPs: 186.1230
2024-05-21 17:12:34 [INFO] [task_scheduler.cc:131] [Task #4: fused_nn_contrib_conv2d_NCHWc_add_clip_1] Trial #73: GFLOPs: 109.0911. Time: 386.3544 us. Best GFLOPs: 186.1230
2024-05-21 17:12:34 [INFO] [task_scheduler.cc:131] [Task #4: fused_nn_contrib_conv2d_NCHWc_add_clip_1] Trial #74: GFLOPs: 96.7854. Time: 435.4774 us. Best GFLOPs: 186.1230
2024-05-21 17:12:34 [INFO] [task_scheduler.cc:131] [Task #4: fused_nn_contrib_conv2d_NCHWc_add_clip_1] Trial #75: GFLOPs: 41.8756. Time: 1006.5002 us. Best GFLOPs: 186.1230
2024-05-21 17:12:34 [INFO] [task_scheduler.cc:131] [Task #4: fused_nn_contrib_conv2d_NCHWc_add_clip_1] Trial #76: GFLOPs: 94.0174. Time: 448.2985 us. Best GFLOPs: 186.1230
2024-05-21 17:12:34 [INFO] [task_scheduler.cc:131] [Task #4: fused_nn_contrib_conv2d_NCHWc_add_clip_1] Trial #77: GFLOPs: 93.6680. Time: 449.9708 us. Best GFLOPs: 186.1230
2024-05-21 17:12:34 [INFO] [task_scheduler.cc:131] [Task #4: fused_nn_contrib_conv2d_NCHWc_add_clip_1] Trial #78: GFLOPs: 126.6415. Time: 332.8122 us. Best GFLOPs: 186.1230
2024-05-21 17:12:34 [INFO] [task_scheduler.cc:131] [Task #4: fused_nn_contrib_conv2d_NCHWc_add_clip_1] Trial #79: GFLOPs: 41.2496. Time: 1021.7765 us. Best GFLOPs: 186.1230
2024-05-21 17:12:34 [INFO] [task_scheduler.cc:131] [Task #4: fused_nn_contrib_conv2d_NCHWc_add_clip_1] Trial #80: GFLOPs: 67.1892. Time: 627.3005 us. Best GFLOPs: 186.1230
2024-05-21 17:12:34 [INFO] [task_scheduler.cc:131] [Task #4: fused_nn_contrib_conv2d_NCHWc_add_clip_1] Trial #81: GFLOPs: 196.6422. Time: 214.3377 us. Best GFLOPs: 196.6422
2024-05-21 17:12:34 [INFO] [task_scheduler.cc:131] [Task #4: fused_nn_contrib_conv2d_NCHWc_add_clip_1] Trial #82: GFLOPs: 210.1635. Time: 200.5478 us. Best GFLOPs: 210.1635
2024-05-21 17:12:34 [INFO] [task_scheduler.cc:131] [Task #4: fused_nn_contrib_conv2d_NCHWc_add_clip_1] Trial #83: GFLOPs: 117.6240. Time: 358.3267 us. Best GFLOPs: 210.1635
2024-05-21 17:12:34 [INFO] [task_scheduler.cc:131] [Task #4: fused_nn_contrib_conv2d_NCHWc_add_clip_1] Trial #84: GFLOPs: 150.7673. Time: 279.5556 us. Best GFLOPs: 210.1635
2024-05-21 17:12:34 [INFO] [task_scheduler.cc:131] [Task #4: fused_nn_contrib_conv2d_NCHWc_add_clip_1] Trial #85: GFLOPs: 149.5113. Time: 281.9040 us. Best GFLOPs: 210.1635
2024-05-21 17:12:34 [INFO] [task_scheduler.cc:131] [Task #4: fused_nn_contrib_conv2d_NCHWc_add_clip_1] Trial #86: GFLOPs: 64.0216. Time: 658.3375 us. Best GFLOPs: 210.1635
2024-05-21 17:12:34 [INFO] [task_scheduler.cc:131] [Task #4: fused_nn_contrib_conv2d_NCHWc_add_clip_1] Trial #87: GFLOPs: 69.9845. Time: 602.2456 us. Best GFLOPs: 210.1635
2024-05-21 17:12:34 [INFO] [task_scheduler.cc:131] [Task #4: fused_nn_contrib_conv2d_NCHWc_add_clip_1] Trial #88: GFLOPs: 69.4054. Time: 607.2705 us. Best GFLOPs: 210.1635
2024-05-21 17:12:34 [INFO] [task_scheduler.cc:131] [Task #4: fused_nn_contrib_conv2d_NCHWc_add_clip_1] Trial #89: GFLOPs: 202.3903. Time: 208.2503 us. Best GFLOPs: 210.1635
2024-05-21 17:12:34 [INFO] [task_scheduler.cc:131] [Task #4: fused_nn_contrib_conv2d_NCHWc_add_clip_1] Trial #90: GFLOPs: 77.0431. Time: 547.0686 us. Best GFLOPs: 210.1635
2024-05-21 17:12:34 [INFO] [task_scheduler.cc:131] [Task #4: fused_nn_contrib_conv2d_NCHWc_add_clip_1] Trial #91: GFLOPs: 91.7857. Time: 459.1985 us. Best GFLOPs: 210.1635
2024-05-21 17:12:34 [INFO] [task_scheduler.cc:131] [Task #4: fused_nn_contrib_conv2d_NCHWc_add_clip_1] Trial #92: GFLOPs: 91.7975. Time: 459.1392 us. Best GFLOPs: 210.1635
2024-05-21 17:12:34 [INFO] [task_scheduler.cc:131] [Task #4: fused_nn_contrib_conv2d_NCHWc_add_clip_1] Trial #93: GFLOPs: 132.7403. Time: 317.5210 us. Best GFLOPs: 210.1635
2024-05-21 17:12:34 [INFO] [task_scheduler.cc:131] [Task #4: fused_nn_contrib_conv2d_NCHWc_add_clip_1] Trial #94: GFLOPs: 122.4587. Time: 344.1801 us. Best GFLOPs: 210.1635
2024-05-21 17:12:34 [INFO] [task_scheduler.cc:131] [Task #4: fused_nn_contrib_conv2d_NCHWc_add_clip_1] Trial #95: GFLOPs: 104.9626. Time: 401.5509 us. Best GFLOPs: 210.1635
2024-05-21 17:12:34 [INFO] [task_scheduler.cc:131] [Task #4: fused_nn_contrib_conv2d_NCHWc_add_clip_1] Trial #96: GFLOPs: 74.1558. Time: 568.3690 us. Best GFLOPs: 210.1635
2024-05-21 17:12:34 [INFO] [task_scheduler.cc:131] [Task #4: fused_nn_contrib_conv2d_NCHWc_add_clip_1] Trial #97: GFLOPs: 192.1876. Time: 219.3057 us. Best GFLOPs: 210.1635
2024-05-21 17:12:34 [INFO] [task_scheduler.cc:131] [Task #4: fused_nn_contrib_conv2d_NCHWc_add_clip_1] Trial #98: GFLOPs: 108.3574. Time: 388.9707 us. Best GFLOPs: 210.1635
2024-05-21 17:12:34 [INFO] [task_scheduler.cc:131] [Task #4: fused_nn_contrib_conv2d_NCHWc_add_clip_1] Trial #99: GFLOPs: 125.5267. Time: 335.7679 us. Best GFLOPs: 210.1635
2024-05-21 17:12:34 [INFO] [task_scheduler.cc:131] [Task #4: fused_nn_contrib_conv2d_NCHWc_add_clip_1] Trial #100: GFLOPs: 135.7780. Time: 310.4174 us. Best GFLOPs: 210.1635
2024-05-21 17:12:34 [INFO] [task_scheduler.cc:131] [Task #4: fused_nn_contrib_conv2d_NCHWc_add_clip_1] Trial #101: GFLOPs: 104.7395. Time: 402.4062 us. Best GFLOPs: 210.1635
2024-05-21 17:12:34 [INFO] [task_scheduler.cc:131] [Task #4: fused_nn_contrib_conv2d_NCHWc_add_clip_1] Trial #102: GFLOPs: 98.6736. Time: 427.1439 us. Best GFLOPs: 210.1635
2024-05-21 17:12:34 [INFO] [task_scheduler.cc:131] [Task #4: fused_nn_contrib_conv2d_NCHWc_add_clip_1] Trial #103: GFLOPs: 189.4746. Time: 222.4459 us. Best GFLOPs: 210.1635
2024-05-21 17:12:34 [INFO] [task_scheduler.cc:131] [Task #4: fused_nn_contrib_conv2d_NCHWc_add_clip_1] Trial #104: GFLOPs: 231.6920. Time: 181.9133 us. Best GFLOPs: 231.6920
2024-05-21 17:12:34 [INFO] [task_scheduler.cc:131] [Task #4: fused_nn_contrib_conv2d_NCHWc_add_clip_1] Trial #105: GFLOPs: 245.3481. Time: 171.7879 us. Best GFLOPs: 245.3481
2024-05-21 17:12:34 [INFO] [task_scheduler.cc:131] [Task #4: fused_nn_contrib_conv2d_NCHWc_add_clip_1] Trial #106: GFLOPs: 189.3781. Time: 222.5592 us. Best GFLOPs: 245.3481
2024-05-21 17:12:34 [INFO] [task_scheduler.cc:131] [Task #4: fused_nn_contrib_conv2d_NCHWc_add_clip_1] Trial #107: GFLOPs: 76.3878. Time: 551.7613 us. Best GFLOPs: 245.3481
2024-05-21 17:12:34 [INFO] [task_scheduler.cc:131] [Task #4: fused_nn_contrib_conv2d_NCHWc_add_clip_1] Trial #108: GFLOPs: 214.6056. Time: 196.3968 us. Best GFLOPs: 245.3481
2024-05-21 17:12:34 [INFO] [task_scheduler.cc:131] [Task #4: fused_nn_contrib_conv2d_NCHWc_add_clip_1] Trial #109: GFLOPs: 182.0581. Time: 231.5077 us. Best GFLOPs: 245.3481
2024-05-21 17:12:34 [INFO] [task_scheduler.cc:131] [Task #4: fused_nn_contrib_conv2d_NCHWc_add_clip_1] Trial #110: GFLOPs: 132.9525. Time: 317.0144 us. Best GFLOPs: 245.3481
2024-05-21 17:12:34 [INFO] [task_scheduler.cc:131] [Task #4: fused_nn_contrib_conv2d_NCHWc_add_clip_1] Trial #111: GFLOPs: 93.5290. Time: 450.6391 us. Best GFLOPs: 245.3481
2024-05-21 17:12:34 [INFO] [task_scheduler.cc:131] [Task #4: fused_nn_contrib_conv2d_NCHWc_add_clip_1] Trial #112: GFLOPs: 78.9887. Time: 533.5936 us. Best GFLOPs: 245.3481
2024-05-21 17:12:34 [INFO] [task_scheduler.cc:131] [Task #4: fused_nn_contrib_conv2d_NCHWc_add_clip_1] Trial #113: GFLOPs: 87.1659. Time: 483.5357 us. Best GFLOPs: 245.3481
2024-05-21 17:12:34 [INFO] [task_scheduler.cc:131] [Task #4: fused_nn_contrib_conv2d_NCHWc_add_clip_1] Trial #114: GFLOPs: 63.0109. Time: 668.8972 us. Best GFLOPs: 245.3481
2024-05-21 17:12:34 [INFO] [task_scheduler.cc:131] [Task #4: fused_nn_contrib_conv2d_NCHWc_add_clip_1] Trial #115: GFLOPs: 94.6144. Time: 445.4696 us. Best GFLOPs: 245.3481
2024-05-21 17:12:34 [INFO] [task_scheduler.cc:131] [Task #4: fused_nn_contrib_conv2d_NCHWc_add_clip_1] Trial #116: GFLOPs: 139.8253. Time: 301.4322 us. Best GFLOPs: 245.3481
2024-05-21 17:12:34 [INFO] [task_scheduler.cc:131] [Task #4: fused_nn_contrib_conv2d_NCHWc_add_clip_1] Trial #117: GFLOPs: 154.9864. Time: 271.9454 us. Best GFLOPs: 245.3481
2024-05-21 17:12:34 [INFO] [task_scheduler.cc:131] [Task #4: fused_nn_contrib_conv2d_NCHWc_add_clip_1] Trial #118: GFLOPs: 243.4543. Time: 173.1242 us. Best GFLOPs: 245.3481
2024-05-21 17:12:34 [INFO] [task_scheduler.cc:131] [Task #4: fused_nn_contrib_conv2d_NCHWc_add_clip_1] Trial #119: GFLOPs: 107.4673. Time: 392.1922 us. Best GFLOPs: 245.3481
2024-05-21 17:12:34 [INFO] [task_scheduler.cc:131] [Task #4: fused_nn_contrib_conv2d_NCHWc_add_clip_1] Trial #120: GFLOPs: 97.1600. Time: 433.7985 us. Best GFLOPs: 245.3481
2024-05-21 17:12:34 [INFO] [task_scheduler.cc:131] [Task #4: fused_nn_contrib_conv2d_NCHWc_add_clip_1] Trial #121: GFLOPs: 193.1500. Time: 218.2130 us. Best GFLOPs: 245.3481
2024-05-21 17:12:34 [INFO] [task_scheduler.cc:131] [Task #4: fused_nn_contrib_conv2d_NCHWc_add_clip_1] Trial #122: GFLOPs: 77.1182. Time: 546.5357 us. Best GFLOPs: 245.3481
2024-05-21 17:12:34 [INFO] [task_scheduler.cc:131] [Task #4: fused_nn_contrib_conv2d_NCHWc_add_clip_1] Trial #123: GFLOPs: 210.4709. Time: 200.2549 us. Best GFLOPs: 245.3481
2024-05-21 17:12:34 [INFO] [task_scheduler.cc:131] [Task #4: fused_nn_contrib_conv2d_NCHWc_add_clip_1] Trial #124: GFLOPs: 196.9420. Time: 214.0114 us. Best GFLOPs: 245.3481
2024-05-21 17:12:34 [INFO] [task_scheduler.cc:131] [Task #4: fused_nn_contrib_conv2d_NCHWc_add_clip_1] Trial #125: GFLOPs: 118.8434. Time: 354.6503 us. Best GFLOPs: 245.3481
2024-05-21 17:12:34 [INFO] [task_scheduler.cc:131] [Task #4: fused_nn_contrib_conv2d_NCHWc_add_clip_1] Trial #126: GFLOPs: 24.2079. Time: 1741.0765 us. Best GFLOPs: 245.3481
2024-05-21 17:12:34 [INFO] [task_scheduler.cc:131] [Task #4: fused_nn_contrib_conv2d_NCHWc_add_clip_1] Trial #127: GFLOPs: 35.3907. Time: 1190.9300 us. Best GFLOPs: 245.3481
2024-05-21 17:12:34 [INFO] [task_scheduler.cc:131] [Task #4: fused_nn_contrib_conv2d_NCHWc_add_clip_1] Trial #128: GFLOPs: 5.3674. Time: 7852.6247 us. Best GFLOPs: 245.3481
