2024-05-19 16:25:44 [INFO] [task_scheduler.cc:160] Initializing Task #2: "fused_nn_conv2d_add_add_nn_relu_1"
2024-05-19 16:25:44 [INFO] [task_scheduler.cc:35] 
# from tvm.script import ir as I
# from tvm.script import tir as T

@I.ir_module
class Module:
    @T.prim_func
    def main(p0: T.Buffer((T.int64(1), T.int64(28), T.int64(28), T.int64(512)), "float32"), p1: T.Buffer((T.int64(1), T.int64(1), T.int64(512), T.int64(256)), "float32"), p2: T.Buffer((T.int64(1), T.int64(1), T.int64(1), T.int64(256)), "float32"), p3: T.Buffer((T.int64(1), T.int64(1), T.int64(1), T.int64(256)), "float32"), T_relu: T.Buffer((T.int64(1), T.int64(14), T.int64(14), T.int64(256)), "float32")):
        T.func_attr({"layout_free_buffers": [1], "tir.noalias": T.bool(True)})
        # with T.block("root"):
        pad_temp = T.alloc_buffer((T.int64(1), T.int64(28), T.int64(28), T.int64(512)))
        conv2d_nhwc = T.alloc_buffer((T.int64(1), T.int64(14), T.int64(14), T.int64(256)))
        T_add = T.alloc_buffer((T.int64(1), T.int64(14), T.int64(14), T.int64(256)))
        T_add_1 = T.alloc_buffer((T.int64(1), T.int64(14), T.int64(14), T.int64(256)))
        for i0, i1, i2, i3 in T.grid(T.int64(1), T.int64(28), T.int64(28), T.int64(512)):
            with T.block("pad_temp"):
                v_i0, v_i1, v_i2, v_i3 = T.axis.remap("SSSS", [i0, i1, i2, i3])
                T.reads(p0[v_i0, v_i1, v_i2, v_i3])
                T.writes(pad_temp[v_i0, v_i1, v_i2, v_i3])
                pad_temp[v_i0, v_i1, v_i2, v_i3] = p0[v_i0, v_i1, v_i2, v_i3]
        for nn, yy, xx, ff, ry, rx, rc in T.grid(T.int64(1), T.int64(14), T.int64(14), T.int64(256), T.int64(1), T.int64(1), T.int64(512)):
            with T.block("conv2d_nhwc"):
                v_nn, v_yy, v_xx, v_ff, v_ry, v_rx, v_rc = T.axis.remap("SSSSRRR", [nn, yy, xx, ff, ry, rx, rc])
                T.reads(pad_temp[v_nn, v_yy * T.int64(2) + v_ry, v_xx * T.int64(2) + v_rx, v_rc], p1[v_ry, v_rx, v_rc, v_ff])
                T.writes(conv2d_nhwc[v_nn, v_yy, v_xx, v_ff])
                with T.init():
                    conv2d_nhwc[v_nn, v_yy, v_xx, v_ff] = T.float32(0)
                conv2d_nhwc[v_nn, v_yy, v_xx, v_ff] = conv2d_nhwc[v_nn, v_yy, v_xx, v_ff] + pad_temp[v_nn, v_yy * T.int64(2) + v_ry, v_xx * T.int64(2) + v_rx, v_rc] * p1[v_ry, v_rx, v_rc, v_ff]
        for ax0, ax1, ax2, ax3 in T.grid(T.int64(1), T.int64(14), T.int64(14), T.int64(256)):
            with T.block("T_add"):
                v_ax0, v_ax1, v_ax2, v_ax3 = T.axis.remap("SSSS", [ax0, ax1, ax2, ax3])
                T.reads(conv2d_nhwc[v_ax0, v_ax1, v_ax2, v_ax3], p2[v_ax0, T.int64(0), T.int64(0), v_ax3])
                T.writes(T_add[v_ax0, v_ax1, v_ax2, v_ax3])
                T_add[v_ax0, v_ax1, v_ax2, v_ax3] = conv2d_nhwc[v_ax0, v_ax1, v_ax2, v_ax3] + p2[v_ax0, T.int64(0), T.int64(0), v_ax3]
        for ax0, ax1, ax2, ax3 in T.grid(T.int64(1), T.int64(14), T.int64(14), T.int64(256)):
            with T.block("T_add_1"):
                v_ax0, v_ax1, v_ax2, v_ax3 = T.axis.remap("SSSS", [ax0, ax1, ax2, ax3])
                T.reads(T_add[v_ax0, v_ax1, v_ax2, v_ax3], p3[v_ax0, T.int64(0), T.int64(0), v_ax3])
                T.writes(T_add_1[v_ax0, v_ax1, v_ax2, v_ax3])
                T_add_1[v_ax0, v_ax1, v_ax2, v_ax3] = T_add[v_ax0, v_ax1, v_ax2, v_ax3] + p3[v_ax0, T.int64(0), T.int64(0), v_ax3]
        for ax0, ax1, ax2, ax3 in T.grid(T.int64(1), T.int64(14), T.int64(14), T.int64(256)):
            with T.block("T_relu"):
                v_ax0, v_ax1, v_ax2, v_ax3 = T.axis.remap("SSSS", [ax0, ax1, ax2, ax3])
                T.reads(T_add_1[v_ax0, v_ax1, v_ax2, v_ax3])
                T.writes(T_relu[v_ax0, v_ax1, v_ax2, v_ax3])
                T_relu[v_ax0, v_ax1, v_ax2, v_ax3] = T.max(T_add_1[v_ax0, v_ax1, v_ax2, v_ax3], T.float32(0))
2024-05-19 16:25:44 [INFO] [task_scheduler.cc:164] Total 3 design space(s) generated
2024-05-19 16:25:44 [INFO] [task_scheduler.cc:170] Design space #0:
# from tvm.script import ir as I
# from tvm.script import tir as T

@I.ir_module
class Module:
    @T.prim_func
    def main(p0: T.Buffer((T.int64(1), T.int64(28), T.int64(28), T.int64(512)), "float32"), p1: T.Buffer((T.int64(1), T.int64(1), T.int64(512), T.int64(256)), "float32"), p2: T.Buffer((T.int64(1), T.int64(1), T.int64(1), T.int64(256)), "float32"), p3: T.Buffer((T.int64(1), T.int64(1), T.int64(1), T.int64(256)), "float32"), T_relu: T.Buffer((T.int64(1), T.int64(14), T.int64(14), T.int64(256)), "float32")):
        T.func_attr({"layout_free_buffers": [1], "tir.noalias": T.bool(True)})
        with T.block("root"):
            T.reads()
            T.writes()
            T.block_attr({"meta_schedule.parallel": 96, "meta_schedule.unroll_explicit": 0, "meta_schedule.vectorize": 64})
            conv2d_nhwc = T.alloc_buffer((T.int64(1), T.int64(14), T.int64(14), T.int64(256)))
            for nn_0, yy_0, xx_0, ff_0, nn_1, yy_1, xx_1, ff_1, ry_0, rx_0, rc_0, nn_2, yy_2, xx_2, ff_2, ry_1, rx_1, rc_1, nn_3, yy_3, xx_3, ff_3 in T.grid(T.int64(1), T.int64(1), T.int64(1), T.int64(2), T.int64(1), T.int64(2), T.int64(1), T.int64(4), T.int64(1), T.int64(1), T.int64(8), T.int64(1), T.int64(1), T.int64(2), T.int64(32), T.int64(1), T.int64(1), T.int64(64), T.int64(1), T.int64(7), T.int64(7), T.int64(1)):
                with T.block("conv2d_nhwc"):
                    v_nn = T.axis.spatial(T.int64(1), nn_0 + nn_1 + nn_2 + nn_3)
                    v_yy = T.axis.spatial(T.int64(14), yy_0 * T.int64(14) + yy_1 * T.int64(7) + yy_2 * T.int64(7) + yy_3)
                    v_xx = T.axis.spatial(T.int64(14), xx_0 * T.int64(14) + xx_1 * T.int64(14) + xx_2 * T.int64(7) + xx_3)
                    v_ff = T.axis.spatial(T.int64(256), ff_0 * T.int64(128) + ff_1 * T.int64(32) + ff_2 + ff_3)
                    v_ry = T.axis.reduce(T.int64(1), ry_0 + ry_1)
                    v_rx = T.axis.reduce(T.int64(1), rx_0 + rx_1)
                    v_rc = T.axis.reduce(T.int64(512), rc_0 * T.int64(64) + rc_1)
                    T.reads(p0[v_nn, v_yy * T.int64(2) + v_ry, v_xx * T.int64(2) + v_rx, v_rc], p1[v_ry, v_rx, v_rc, v_ff])
                    T.writes(conv2d_nhwc[v_nn, v_yy, v_xx, v_ff])
                    T.block_attr({"meta_schedule.tiling_structure": "SSRSRS"})
                    with T.init():
                        conv2d_nhwc[v_nn, v_yy, v_xx, v_ff] = T.float32(0)
                    conv2d_nhwc[v_nn, v_yy, v_xx, v_ff] = conv2d_nhwc[v_nn, v_yy, v_xx, v_ff] + p0[v_nn, v_yy * T.int64(2) + v_ry, v_xx * T.int64(2) + v_rx, v_rc] * p1[v_ry, v_rx, v_rc, v_ff]
            for ax0, ax1, ax2, ax3 in T.grid(T.int64(1), T.int64(14), T.int64(14), T.int64(256)):
                with T.block("T_relu"):
                    v_ax0, v_ax1, v_ax2, v_ax3 = T.axis.remap("SSSS", [ax0, ax1, ax2, ax3])
                    T.reads(conv2d_nhwc[v_ax0, v_ax1, v_ax2, v_ax3], p2[v_ax0, T.int64(0), T.int64(0), v_ax3], p3[v_ax0, T.int64(0), T.int64(0), v_ax3])
                    T.writes(T_relu[v_ax0, v_ax1, v_ax2, v_ax3])
                    T_relu[v_ax0, v_ax1, v_ax2, v_ax3] = T.max(conv2d_nhwc[v_ax0, v_ax1, v_ax2, v_ax3] + p2[v_ax0, T.int64(0), T.int64(0), v_ax3] + p3[v_ax0, T.int64(0), T.int64(0), v_ax3], T.float32(0))
b0 = sch.get_block(name="pad_temp", func_name="main")
b1 = sch.get_block(name="conv2d_nhwc", func_name="main")
b2 = sch.get_block(name="T_add", func_name="main")
b3 = sch.get_block(name="T_add_1", func_name="main")
b4 = sch.get_block(name="root", func_name="main")
sch.compute_inline(block=b3)
sch.compute_inline(block=b2)
sch.compute_inline(block=b0)
sch.annotate(block_or_loop=b1, ann_key="meta_schedule.tiling_structure", ann_val="SSRSRS")
l5, l6, l7, l8, l9, l10, l11 = sch.get_loops(block=b1)
v12, v13, v14, v15 = sch.sample_perfect_tile(loop=l5, n=4, max_innermost_factor=64, decision=[1, 1, 1, 1])
l16, l17, l18, l19 = sch.split(loop=l5, factors=[v12, v13, v14, v15], preserve_unit_iters=True, disable_predication=False)
v20, v21, v22, v23 = sch.sample_perfect_tile(loop=l6, n=4, max_innermost_factor=64, decision=[1, 2, 1, 7])
l24, l25, l26, l27 = sch.split(loop=l6, factors=[v20, v21, v22, v23], preserve_unit_iters=True, disable_predication=False)
v28, v29, v30, v31 = sch.sample_perfect_tile(loop=l7, n=4, max_innermost_factor=64, decision=[1, 1, 2, 7])
l32, l33, l34, l35 = sch.split(loop=l7, factors=[v28, v29, v30, v31], preserve_unit_iters=True, disable_predication=False)
v36, v37, v38, v39 = sch.sample_perfect_tile(loop=l8, n=4, max_innermost_factor=64, decision=[2, 4, 32, 1])
l40, l41, l42, l43 = sch.split(loop=l8, factors=[v36, v37, v38, v39], preserve_unit_iters=True, disable_predication=False)
v44, v45 = sch.sample_perfect_tile(loop=l9, n=2, max_innermost_factor=64, decision=[1, 1])
l46, l47 = sch.split(loop=l9, factors=[v44, v45], preserve_unit_iters=True, disable_predication=False)
v48, v49 = sch.sample_perfect_tile(loop=l10, n=2, max_innermost_factor=64, decision=[1, 1])
l50, l51 = sch.split(loop=l10, factors=[v48, v49], preserve_unit_iters=True, disable_predication=False)
v52, v53 = sch.sample_perfect_tile(loop=l11, n=2, max_innermost_factor=64, decision=[8, 64])
l54, l55 = sch.split(loop=l11, factors=[v52, v53], preserve_unit_iters=True, disable_predication=False)
sch.reorder(l16, l24, l32, l40, l17, l25, l33, l41, l46, l50, l54, l18, l26, l34, l42, l47, l51, l55, l19, l27, l35, l43)
sch.annotate(block_or_loop=b4, ann_key="meta_schedule.parallel", ann_val=96)
sch.annotate(block_or_loop=b4, ann_key="meta_schedule.vectorize", ann_val=64)
v56 = sch.sample_categorical(candidates=[0, 16, 64, 512], probs=[0.25, 0.25, 0.25, 0.25], decision=0)
sch.annotate(block_or_loop=b4, ann_key="meta_schedule.unroll_explicit", ann_val=v56)
2024-05-19 16:25:44 [INFO] [task_scheduler.cc:170] Design space #1:
# from tvm.script import ir as I
# from tvm.script import tir as T

@I.ir_module
class Module:
    @T.prim_func
    def main(p0: T.Buffer((T.int64(1), T.int64(28), T.int64(28), T.int64(512)), "float32"), p1: T.Buffer((T.int64(1), T.int64(1), T.int64(512), T.int64(256)), "float32"), p2: T.Buffer((T.int64(1), T.int64(1), T.int64(1), T.int64(256)), "float32"), p3: T.Buffer((T.int64(1), T.int64(1), T.int64(1), T.int64(256)), "float32"), T_relu: T.Buffer((T.int64(1), T.int64(14), T.int64(14), T.int64(256)), "float32")):
        T.func_attr({"layout_free_buffers": [1], "tir.noalias": T.bool(True)})
        with T.block("root"):
            T.reads()
            T.writes()
            T.block_attr({"meta_schedule.parallel": 96, "meta_schedule.unroll_explicit": 16, "meta_schedule.vectorize": 64})
            conv2d_nhwc = T.alloc_buffer((T.int64(1), T.int64(14), T.int64(14), T.int64(256)))
            for nn_0, yy_0, xx_0, ff_0, nn_1, yy_1, xx_1, ff_1 in T.grid(T.int64(1), T.int64(1), T.int64(1), T.int64(2), T.int64(1), T.int64(2), T.int64(1), T.int64(4)):
                for ry_0, rx_0, rc_0, nn_2, yy_2, xx_2, ff_2, ry_1, rx_1, rc_1, nn_3, yy_3, xx_3, ff_3 in T.grid(T.int64(1), T.int64(1), T.int64(8), T.int64(1), T.int64(1), T.int64(2), T.int64(32), T.int64(1), T.int64(1), T.int64(64), T.int64(1), T.int64(7), T.int64(7), T.int64(1)):
                    with T.block("conv2d_nhwc"):
                        v_nn = T.axis.spatial(T.int64(1), nn_0 + nn_1 + nn_2 + nn_3)
                        v_yy = T.axis.spatial(T.int64(14), yy_0 * T.int64(14) + yy_1 * T.int64(7) + yy_2 * T.int64(7) + yy_3)
                        v_xx = T.axis.spatial(T.int64(14), xx_0 * T.int64(14) + xx_1 * T.int64(14) + xx_2 * T.int64(7) + xx_3)
                        v_ff = T.axis.spatial(T.int64(256), ff_0 * T.int64(128) + ff_1 * T.int64(32) + ff_2 + ff_3)
                        v_ry = T.axis.reduce(T.int64(1), ry_0 + ry_1)
                        v_rx = T.axis.reduce(T.int64(1), rx_0 + rx_1)
                        v_rc = T.axis.reduce(T.int64(512), rc_0 * T.int64(64) + rc_1)
                        T.reads(p0[v_nn, v_yy * T.int64(2) + v_ry, v_xx * T.int64(2) + v_rx, v_rc], p1[v_ry, v_rx, v_rc, v_ff])
                        T.writes(conv2d_nhwc[v_nn, v_yy, v_xx, v_ff])
                        T.block_attr({"meta_schedule.tiling_structure": "SSRSRS"})
                        with T.init():
                            conv2d_nhwc[v_nn, v_yy, v_xx, v_ff] = T.float32(0)
                        conv2d_nhwc[v_nn, v_yy, v_xx, v_ff] = conv2d_nhwc[v_nn, v_yy, v_xx, v_ff] + p0[v_nn, v_yy * T.int64(2) + v_ry, v_xx * T.int64(2) + v_rx, v_rc] * p1[v_ry, v_rx, v_rc, v_ff]
                for ax0, ax1, ax2, ax3 in T.grid(T.int64(1), T.int64(7), T.int64(14), T.int64(32)):
                    with T.block("T_relu"):
                        v_ax0 = T.axis.spatial(T.int64(1), ax0)
                        v_ax1 = T.axis.spatial(T.int64(14), yy_1 * T.int64(7) + ax1)
                        v_ax2 = T.axis.spatial(T.int64(14), ax2)
                        v_ax3 = T.axis.spatial(T.int64(256), ff_0 * T.int64(128) + ff_1 * T.int64(32) + ax3)
                        T.reads(conv2d_nhwc[v_ax0, v_ax1, v_ax2, v_ax3], p2[v_ax0, T.int64(0), T.int64(0), v_ax3], p3[v_ax0, T.int64(0), T.int64(0), v_ax3])
                        T.writes(T_relu[v_ax0, v_ax1, v_ax2, v_ax3])
                        T_relu[v_ax0, v_ax1, v_ax2, v_ax3] = T.max(conv2d_nhwc[v_ax0, v_ax1, v_ax2, v_ax3] + p2[v_ax0, T.int64(0), T.int64(0), v_ax3] + p3[v_ax0, T.int64(0), T.int64(0), v_ax3], T.float32(0))
b0 = sch.get_block(name="pad_temp", func_name="main")
b1 = sch.get_block(name="conv2d_nhwc", func_name="main")
b2 = sch.get_block(name="T_add", func_name="main")
b3 = sch.get_block(name="T_add_1", func_name="main")
b4 = sch.get_block(name="root", func_name="main")
sch.compute_inline(block=b3)
sch.compute_inline(block=b2)
sch.compute_inline(block=b0)
sch.annotate(block_or_loop=b1, ann_key="meta_schedule.tiling_structure", ann_val="SSRSRS")
l5, l6, l7, l8, l9, l10, l11 = sch.get_loops(block=b1)
v12, v13, v14, v15 = sch.sample_perfect_tile(loop=l5, n=4, max_innermost_factor=64, decision=[1, 1, 1, 1])
l16, l17, l18, l19 = sch.split(loop=l5, factors=[v12, v13, v14, v15], preserve_unit_iters=True, disable_predication=False)
v20, v21, v22, v23 = sch.sample_perfect_tile(loop=l6, n=4, max_innermost_factor=64, decision=[1, 2, 1, 7])
l24, l25, l26, l27 = sch.split(loop=l6, factors=[v20, v21, v22, v23], preserve_unit_iters=True, disable_predication=False)
v28, v29, v30, v31 = sch.sample_perfect_tile(loop=l7, n=4, max_innermost_factor=64, decision=[1, 1, 2, 7])
l32, l33, l34, l35 = sch.split(loop=l7, factors=[v28, v29, v30, v31], preserve_unit_iters=True, disable_predication=False)
v36, v37, v38, v39 = sch.sample_perfect_tile(loop=l8, n=4, max_innermost_factor=64, decision=[2, 4, 32, 1])
l40, l41, l42, l43 = sch.split(loop=l8, factors=[v36, v37, v38, v39], preserve_unit_iters=True, disable_predication=False)
v44, v45 = sch.sample_perfect_tile(loop=l9, n=2, max_innermost_factor=64, decision=[1, 1])
l46, l47 = sch.split(loop=l9, factors=[v44, v45], preserve_unit_iters=True, disable_predication=False)
v48, v49 = sch.sample_perfect_tile(loop=l10, n=2, max_innermost_factor=64, decision=[1, 1])
l50, l51 = sch.split(loop=l10, factors=[v48, v49], preserve_unit_iters=True, disable_predication=False)
v52, v53 = sch.sample_perfect_tile(loop=l11, n=2, max_innermost_factor=64, decision=[8, 64])
l54, l55 = sch.split(loop=l11, factors=[v52, v53], preserve_unit_iters=True, disable_predication=False)
sch.reorder(l16, l24, l32, l40, l17, l25, l33, l41, l46, l50, l54, l18, l26, l34, l42, l47, l51, l55, l19, l27, l35, l43)
b56, = sch.get_consumers(block=b1)
sch.reverse_compute_at(block=b56, loop=l41, preserve_unit_loops=True, index=-1)
sch.annotate(block_or_loop=b4, ann_key="meta_schedule.parallel", ann_val=96)
sch.annotate(block_or_loop=b4, ann_key="meta_schedule.vectorize", ann_val=64)
v57 = sch.sample_categorical(candidates=[0, 16, 64, 512], probs=[0.25, 0.25, 0.25, 0.25], decision=1)
sch.annotate(block_or_loop=b4, ann_key="meta_schedule.unroll_explicit", ann_val=v57)
2024-05-19 16:25:44 [INFO] [task_scheduler.cc:170] Design space #2:
# from tvm.script import ir as I
# from tvm.script import tir as T

@I.ir_module
class Module:
    @T.prim_func
    def main(p0: T.Buffer((T.int64(1), T.int64(28), T.int64(28), T.int64(512)), "float32"), p1: T.Buffer((T.int64(1), T.int64(1), T.int64(512), T.int64(256)), "float32"), p2: T.Buffer((T.int64(1), T.int64(1), T.int64(1), T.int64(256)), "float32"), p3: T.Buffer((T.int64(1), T.int64(1), T.int64(1), T.int64(256)), "float32"), T_relu: T.Buffer((T.int64(1), T.int64(14), T.int64(14), T.int64(256)), "float32")):
        T.func_attr({"layout_free_buffers": [1], "tir.noalias": T.bool(True)})
        with T.block("root"):
            T.reads()
            T.writes()
            T.block_attr({"meta_schedule.parallel": 96, "meta_schedule.unroll_explicit": 64, "meta_schedule.vectorize": 64})
            conv2d_nhwc = T.alloc_buffer((T.int64(1), T.int64(14), T.int64(14), T.int64(256)))
            for nn_0, yy_0, xx_0, ff_0 in T.grid(T.int64(1), T.int64(1), T.int64(1), T.int64(2)):
                for nn_1, yy_1, xx_1, ff_1, ry_0, rx_0, rc_0, nn_2, yy_2, xx_2, ff_2, ry_1, rx_1, rc_1, nn_3, yy_3, xx_3, ff_3 in T.grid(T.int64(1), T.int64(2), T.int64(1), T.int64(4), T.int64(1), T.int64(1), T.int64(8), T.int64(1), T.int64(1), T.int64(2), T.int64(32), T.int64(1), T.int64(1), T.int64(64), T.int64(1), T.int64(7), T.int64(7), T.int64(1)):
                    with T.block("conv2d_nhwc"):
                        v_nn = T.axis.spatial(T.int64(1), nn_0 + nn_1 + nn_2 + nn_3)
                        v_yy = T.axis.spatial(T.int64(14), yy_0 * T.int64(14) + yy_1 * T.int64(7) + yy_2 * T.int64(7) + yy_3)
                        v_xx = T.axis.spatial(T.int64(14), xx_0 * T.int64(14) + xx_1 * T.int64(14) + xx_2 * T.int64(7) + xx_3)
                        v_ff = T.axis.spatial(T.int64(256), ff_0 * T.int64(128) + ff_1 * T.int64(32) + ff_2 + ff_3)
                        v_ry = T.axis.reduce(T.int64(1), ry_0 + ry_1)
                        v_rx = T.axis.reduce(T.int64(1), rx_0 + rx_1)
                        v_rc = T.axis.reduce(T.int64(512), rc_0 * T.int64(64) + rc_1)
                        T.reads(p0[v_nn, v_yy * T.int64(2) + v_ry, v_xx * T.int64(2) + v_rx, v_rc], p1[v_ry, v_rx, v_rc, v_ff])
                        T.writes(conv2d_nhwc[v_nn, v_yy, v_xx, v_ff])
                        T.block_attr({"meta_schedule.tiling_structure": "SSRSRS"})
                        with T.init():
                            conv2d_nhwc[v_nn, v_yy, v_xx, v_ff] = T.float32(0)
                        conv2d_nhwc[v_nn, v_yy, v_xx, v_ff] = conv2d_nhwc[v_nn, v_yy, v_xx, v_ff] + p0[v_nn, v_yy * T.int64(2) + v_ry, v_xx * T.int64(2) + v_rx, v_rc] * p1[v_ry, v_rx, v_rc, v_ff]
                for ax0, ax1, ax2, ax3 in T.grid(T.int64(1), T.int64(14), T.int64(14), T.int64(128)):
                    with T.block("T_relu"):
                        v_ax0, v_ax1, v_ax2 = T.axis.remap("SSS", [ax0, ax1, ax2])
                        v_ax3 = T.axis.spatial(T.int64(256), ff_0 * T.int64(128) + ax3)
                        T.reads(conv2d_nhwc[v_ax0, v_ax1, v_ax2, v_ax3], p2[v_ax0, T.int64(0), T.int64(0), v_ax3], p3[v_ax0, T.int64(0), T.int64(0), v_ax3])
                        T.writes(T_relu[v_ax0, v_ax1, v_ax2, v_ax3])
                        T_relu[v_ax0, v_ax1, v_ax2, v_ax3] = T.max(conv2d_nhwc[v_ax0, v_ax1, v_ax2, v_ax3] + p2[v_ax0, T.int64(0), T.int64(0), v_ax3] + p3[v_ax0, T.int64(0), T.int64(0), v_ax3], T.float32(0))
b0 = sch.get_block(name="pad_temp", func_name="main")
b1 = sch.get_block(name="conv2d_nhwc", func_name="main")
b2 = sch.get_block(name="T_add", func_name="main")
b3 = sch.get_block(name="T_add_1", func_name="main")
b4 = sch.get_block(name="root", func_name="main")
sch.compute_inline(block=b3)
sch.compute_inline(block=b2)
sch.compute_inline(block=b0)
sch.annotate(block_or_loop=b1, ann_key="meta_schedule.tiling_structure", ann_val="SSRSRS")
l5, l6, l7, l8, l9, l10, l11 = sch.get_loops(block=b1)
v12, v13, v14, v15 = sch.sample_perfect_tile(loop=l5, n=4, max_innermost_factor=64, decision=[1, 1, 1, 1])
l16, l17, l18, l19 = sch.split(loop=l5, factors=[v12, v13, v14, v15], preserve_unit_iters=True, disable_predication=False)
v20, v21, v22, v23 = sch.sample_perfect_tile(loop=l6, n=4, max_innermost_factor=64, decision=[1, 2, 1, 7])
l24, l25, l26, l27 = sch.split(loop=l6, factors=[v20, v21, v22, v23], preserve_unit_iters=True, disable_predication=False)
v28, v29, v30, v31 = sch.sample_perfect_tile(loop=l7, n=4, max_innermost_factor=64, decision=[1, 1, 2, 7])
l32, l33, l34, l35 = sch.split(loop=l7, factors=[v28, v29, v30, v31], preserve_unit_iters=True, disable_predication=False)
v36, v37, v38, v39 = sch.sample_perfect_tile(loop=l8, n=4, max_innermost_factor=64, decision=[2, 4, 32, 1])
l40, l41, l42, l43 = sch.split(loop=l8, factors=[v36, v37, v38, v39], preserve_unit_iters=True, disable_predication=False)
v44, v45 = sch.sample_perfect_tile(loop=l9, n=2, max_innermost_factor=64, decision=[1, 1])
l46, l47 = sch.split(loop=l9, factors=[v44, v45], preserve_unit_iters=True, disable_predication=False)
v48, v49 = sch.sample_perfect_tile(loop=l10, n=2, max_innermost_factor=64, decision=[1, 1])
l50, l51 = sch.split(loop=l10, factors=[v48, v49], preserve_unit_iters=True, disable_predication=False)
v52, v53 = sch.sample_perfect_tile(loop=l11, n=2, max_innermost_factor=64, decision=[8, 64])
l54, l55 = sch.split(loop=l11, factors=[v52, v53], preserve_unit_iters=True, disable_predication=False)
sch.reorder(l16, l24, l32, l40, l17, l25, l33, l41, l46, l50, l54, l18, l26, l34, l42, l47, l51, l55, l19, l27, l35, l43)
b56, = sch.get_consumers(block=b1)
sch.reverse_compute_at(block=b56, loop=l40, preserve_unit_loops=True, index=-1)
sch.annotate(block_or_loop=b4, ann_key="meta_schedule.parallel", ann_val=96)
sch.annotate(block_or_loop=b4, ann_key="meta_schedule.vectorize", ann_val=64)
v57 = sch.sample_categorical(candidates=[0, 16, 64, 512], probs=[0.25, 0.25, 0.25, 0.25], decision=2)
sch.annotate(block_or_loop=b4, ann_key="meta_schedule.unroll_explicit", ann_val=v57)
2024-05-19 16:29:34 [INFO] [evolutionary_search.cc:713] Generating candidates......
2024-05-19 16:29:34 [INFO] [evolutionary_search.cc:715] Picked top 0 candidate(s) from database
2024-05-19 16:29:35 [INFO] [evolutionary_search.cc:533] Sample-Init-Population summary:
Postproc #0 [meta_schedule.DisallowDynamicLoop(0x14df6f78)]: 0 failure(s)
Postproc #1 [meta_schedule.RewriteParallelVectorizeUnroll(0x21a58df8)]: 0 failure(s)
Postproc #2 [meta_schedule.RewriteReductionBlock(0x21a3c968)]: 0 failure(s)
Postproc #3 [meta_schedule.RewriteLayout(0x6696e08)]: 0 failure(s)
2024-05-19 16:29:35 [INFO] [evolutionary_search.cc:723] Sampled 512 candidate(s)
2024-05-19 16:29:36 [INFO] [evolutionary_search.cc:621] Evolve iter #0 done. Summary:
Postproc #0 [meta_schedule.DisallowDynamicLoop(0x14df6f78)]: 0 failure(s)
Postproc #1 [meta_schedule.RewriteParallelVectorizeUnroll(0x21a58df8)]: 0 failure(s)
Postproc #2 [meta_schedule.RewriteReductionBlock(0x21a3c968)]: 0 failure(s)
Postproc #3 [meta_schedule.RewriteLayout(0x6696e08)]: 0 failure(s)
2024-05-19 16:29:37 [INFO] [evolutionary_search.cc:621] Evolve iter #1 done. Summary:
Postproc #0 [meta_schedule.DisallowDynamicLoop(0x14df6f78)]: 0 failure(s)
Postproc #1 [meta_schedule.RewriteParallelVectorizeUnroll(0x21a58df8)]: 0 failure(s)
Postproc #2 [meta_schedule.RewriteReductionBlock(0x21a3c968)]: 0 failure(s)
Postproc #3 [meta_schedule.RewriteLayout(0x6696e08)]: 0 failure(s)
2024-05-19 16:29:39 [INFO] [evolutionary_search.cc:621] Evolve iter #2 done. Summary:
Postproc #0 [meta_schedule.DisallowDynamicLoop(0x14df6f78)]: 0 failure(s)
Postproc #1 [meta_schedule.RewriteParallelVectorizeUnroll(0x21a58df8)]: 0 failure(s)
Postproc #2 [meta_schedule.RewriteReductionBlock(0x21a3c968)]: 0 failure(s)
Postproc #3 [meta_schedule.RewriteLayout(0x6696e08)]: 0 failure(s)
2024-05-19 16:29:40 [INFO] [evolutionary_search.cc:621] Evolve iter #3 done. Summary:
Postproc #0 [meta_schedule.DisallowDynamicLoop(0x14df6f78)]: 0 failure(s)
Postproc #1 [meta_schedule.RewriteParallelVectorizeUnroll(0x21a58df8)]: 0 failure(s)
Postproc #2 [meta_schedule.RewriteReductionBlock(0x21a3c968)]: 0 failure(s)
Postproc #3 [meta_schedule.RewriteLayout(0x6696e08)]: 0 failure(s)
2024-05-19 16:29:40 [INFO] [evolutionary_search.cc:649] Scores of the best 64 candidates:
[1 : 16]:	0.9998  0.9998  0.9993  0.9979  0.9976  0.9973  0.9972  0.9970  0.9966  0.9966  0.9965  0.9964  0.9955  0.9947  0.9946  0.9940
[17 : 32]:	0.9938  0.9937  0.9924  0.9921  0.9914  0.9911  0.9904  0.9890  0.9889  0.9887  0.9886  0.9877  0.9876  0.9875  0.9868  0.9854
[33 : 48]:	0.9853  0.9849  0.9847  0.9847  0.9845  0.9844  0.9843  0.9843  0.9835  0.9835  0.9833  0.9832  0.9825  0.9818  0.9817  0.9814
[49 : 64]:	0.9812  0.9808  0.9807  0.9805  0.9801  0.9795  0.9788  0.9772  0.9764  0.9760  0.9759  0.9748  0.9740  0.9739  0.9739  0.9737
2024-05-19 16:29:40 [INFO] [evolutionary_search.cc:727] Got 64 candidate(s) with evolutionary search
2024-05-19 16:29:40 [INFO] [evolutionary_search.cc:730] Sending 64 candidates(s) for measurement
2024-05-19 17:21:32 [INFO] [task_scheduler.cc:131] [Task #2: fused_nn_conv2d_add_add_nn_relu_1] Trial #1: GFLOPs: 2.8602. Time: 18016.7777 us. Best GFLOPs: 2.8602
2024-05-19 17:21:32 [INFO] [task_scheduler.cc:131] [Task #2: fused_nn_conv2d_add_add_nn_relu_1] Trial #2: GFLOPs: 9.0698. Time: 5681.6029 us. Best GFLOPs: 9.0698
2024-05-19 17:21:32 [INFO] [task_scheduler.cc:131] [Task #2: fused_nn_conv2d_add_add_nn_relu_1] Trial #3: GFLOPs: 38.4914. Time: 1338.7590 us. Best GFLOPs: 38.4914
2024-05-19 17:21:32 [INFO] [task_scheduler.cc:131] [Task #2: fused_nn_conv2d_add_add_nn_relu_1] Trial #4: GFLOPs: 92.5148. Time: 556.9998 us. Best GFLOPs: 92.5148
2024-05-19 17:21:32 [INFO] [task_scheduler.cc:131] [Task #2: fused_nn_conv2d_add_add_nn_relu_1] Trial #5: GFLOPs: 7.9249. Time: 6502.3483 us. Best GFLOPs: 92.5148
2024-05-19 17:21:32 [INFO] [task_scheduler.cc:131] [Task #2: fused_nn_conv2d_add_add_nn_relu_1] Trial #6: GFLOPs: 47.6102. Time: 1082.3460 us. Best GFLOPs: 92.5148
2024-05-19 17:21:32 [INFO] [task_scheduler.cc:131] [Task #2: fused_nn_conv2d_add_add_nn_relu_1] Trial #7: GFLOPs: 18.4378. Time: 2794.8488 us. Best GFLOPs: 92.5148
2024-05-19 17:21:32 [INFO] [task_scheduler.cc:131] [Task #2: fused_nn_conv2d_add_add_nn_relu_1] Trial #8: GFLOPs: 37.4601. Time: 1375.6178 us. Best GFLOPs: 92.5148
2024-05-19 17:21:32 [INFO] [task_scheduler.cc:131] [Task #2: fused_nn_conv2d_add_add_nn_relu_1] Trial #9: GFLOPs: 38.3973. Time: 1342.0427 us. Best GFLOPs: 92.5148
2024-05-19 17:21:32 [INFO] [task_scheduler.cc:131] [Task #2: fused_nn_conv2d_add_add_nn_relu_1] Trial #10: GFLOPs: 33.2572. Time: 1549.4617 us. Best GFLOPs: 92.5148
2024-05-19 17:21:32 [INFO] [task_scheduler.cc:131] [Task #2: fused_nn_conv2d_add_add_nn_relu_1] Trial #11: GFLOPs: 75.3487. Time: 683.8969 us. Best GFLOPs: 92.5148
2024-05-19 17:21:32 [INFO] [task_scheduler.cc:131] [Task #2: fused_nn_conv2d_add_add_nn_relu_1] Trial #12: GFLOPs: 25.5824. Time: 2014.3040 us. Best GFLOPs: 92.5148
2024-05-19 17:21:32 [INFO] [task_scheduler.cc:131] [Task #2: fused_nn_conv2d_add_add_nn_relu_1] Trial #13: GFLOPs: 11.7406. Time: 4389.0908 us. Best GFLOPs: 92.5148
2024-05-19 17:21:32 [INFO] [task_scheduler.cc:131] [Task #2: fused_nn_conv2d_add_add_nn_relu_1] Trial #14: GFLOPs: 76.9342. Time: 669.8030 us. Best GFLOPs: 92.5148
2024-05-19 17:21:32 [INFO] [task_scheduler.cc:131] [Task #2: fused_nn_conv2d_add_add_nn_relu_1] Trial #15: GFLOPs: 48.7795. Time: 1056.4024 us. Best GFLOPs: 92.5148
2024-05-19 17:21:32 [INFO] [task_scheduler.cc:131] [Task #2: fused_nn_conv2d_add_add_nn_relu_1] Trial #16: GFLOPs: 30.7109. Time: 1677.9292 us. Best GFLOPs: 92.5148
2024-05-19 17:21:32 [INFO] [task_scheduler.cc:131] [Task #2: fused_nn_conv2d_add_add_nn_relu_1] Trial #17: GFLOPs: 61.1025. Time: 843.3492 us. Best GFLOPs: 92.5148
2024-05-19 17:21:32 [INFO] [task_scheduler.cc:131] [Task #2: fused_nn_conv2d_add_add_nn_relu_1] Trial #18: GFLOPs: 89.1567. Time: 577.9798 us. Best GFLOPs: 92.5148
2024-05-19 17:21:32 [INFO] [task_scheduler.cc:131] [Task #2: fused_nn_conv2d_add_add_nn_relu_1] Trial #19: GFLOPs: 110.6981. Time: 465.5071 us. Best GFLOPs: 110.6981
2024-05-19 17:21:32 [INFO] [task_scheduler.cc:131] [Task #2: fused_nn_conv2d_add_add_nn_relu_1] Trial #20: GFLOPs: 224.5859. Time: 229.4479 us. Best GFLOPs: 224.5859
2024-05-19 17:21:32 [INFO] [task_scheduler.cc:131] [Task #2: fused_nn_conv2d_add_add_nn_relu_1] Trial #21: GFLOPs: 18.8663. Time: 2731.3699 us. Best GFLOPs: 224.5859
2024-05-19 17:21:32 [INFO] [task_scheduler.cc:131] [Task #2: fused_nn_conv2d_add_add_nn_relu_1] Trial #22: GFLOPs: 6.7102. Time: 7679.4869 us. Best GFLOPs: 224.5859
2024-05-19 17:21:32 [INFO] [task_scheduler.cc:131] [Task #2: fused_nn_conv2d_add_add_nn_relu_1] Trial #23: GFLOPs: 24.0166. Time: 2145.6301 us. Best GFLOPs: 224.5859
2024-05-19 17:21:32 [INFO] [task_scheduler.cc:131] [Task #2: fused_nn_conv2d_add_add_nn_relu_1] Trial #24: GFLOPs: 5.0899. Time: 10124.0662 us. Best GFLOPs: 224.5859
2024-05-19 17:21:32 [INFO] [task_scheduler.cc:131] [Task #2: fused_nn_conv2d_add_add_nn_relu_1] Trial #25: GFLOPs: 38.5838. Time: 1335.5554 us. Best GFLOPs: 224.5859
2024-05-19 17:21:32 [INFO] [task_scheduler.cc:131] [Task #2: fused_nn_conv2d_add_add_nn_relu_1] Trial #26: GFLOPs: 23.9568. Time: 2150.9871 us. Best GFLOPs: 224.5859
2024-05-19 17:21:32 [INFO] [task_scheduler.cc:131] [Task #2: fused_nn_conv2d_add_add_nn_relu_1] Trial #27: GFLOPs: 43.7250. Time: 1178.5197 us. Best GFLOPs: 224.5859
2024-05-19 17:21:32 [INFO] [task_scheduler.cc:131] [Task #2: fused_nn_conv2d_add_add_nn_relu_1] Trial #28: GFLOPs: 110.0565. Time: 468.2209 us. Best GFLOPs: 224.5859
2024-05-19 17:21:32 [INFO] [task_scheduler.cc:131] [Task #2: fused_nn_conv2d_add_add_nn_relu_1] Trial #29: GFLOPs: 3.1781. Time: 16214.5377 us. Best GFLOPs: 224.5859
2024-05-19 17:21:32 [INFO] [task_scheduler.cc:131] [Task #2: fused_nn_conv2d_add_add_nn_relu_1] Trial #30: GFLOPs: 23.1614. Time: 2224.8578 us. Best GFLOPs: 224.5859
2024-05-19 17:21:32 [INFO] [task_scheduler.cc:131] [Task #2: fused_nn_conv2d_add_add_nn_relu_1] Trial #31: GFLOPs: 91.5814. Time: 562.6771 us. Best GFLOPs: 224.5859
2024-05-19 17:21:32 [INFO] [task_scheduler.cc:131] [Task #2: fused_nn_conv2d_add_add_nn_relu_1] Trial #32: GFLOPs: 33.4482. Time: 1540.6125 us. Best GFLOPs: 224.5859
2024-05-19 17:21:32 [INFO] [task_scheduler.cc:131] [Task #2: fused_nn_conv2d_add_add_nn_relu_1] Trial #33: GFLOPs: 27.0016. Time: 1908.4358 us. Best GFLOPs: 224.5859
2024-05-19 17:21:32 [INFO] [task_scheduler.cc:131] [Task #2: fused_nn_conv2d_add_add_nn_relu_1] Trial #34: GFLOPs: 115.6033. Time: 445.7551 us. Best GFLOPs: 224.5859
2024-05-19 17:21:32 [INFO] [task_scheduler.cc:131] [Task #2: fused_nn_conv2d_add_add_nn_relu_1] Trial #35: GFLOPs: 33.5049. Time: 1538.0061 us. Best GFLOPs: 224.5859
2024-05-19 17:21:32 [INFO] [task_scheduler.cc:131] [Task #2: fused_nn_conv2d_add_add_nn_relu_1] Trial #36: GFLOPs: 24.5589. Time: 2098.2508 us. Best GFLOPs: 224.5859
2024-05-19 17:21:32 [INFO] [task_scheduler.cc:131] [Task #2: fused_nn_conv2d_add_add_nn_relu_1] Trial #37: GFLOPs: 24.2477. Time: 2125.1771 us. Best GFLOPs: 224.5859
2024-05-19 17:21:32 [INFO] [task_scheduler.cc:131] [Task #2: fused_nn_conv2d_add_add_nn_relu_1] Trial #38: GFLOPs: 49.3022. Time: 1045.2023 us. Best GFLOPs: 224.5859
2024-05-19 17:21:32 [INFO] [task_scheduler.cc:131] [Task #2: fused_nn_conv2d_add_add_nn_relu_1] Trial #39: GFLOPs: 122.0651. Time: 422.1578 us. Best GFLOPs: 224.5859
2024-05-19 17:21:32 [INFO] [task_scheduler.cc:131] [Task #2: fused_nn_conv2d_add_add_nn_relu_1] Trial #40: GFLOPs: 36.1669. Time: 1424.8048 us. Best GFLOPs: 224.5859
2024-05-19 17:21:32 [INFO] [task_scheduler.cc:131] [Task #2: fused_nn_conv2d_add_add_nn_relu_1] Trial #41: GFLOPs: 49.7524. Time: 1035.7434 us. Best GFLOPs: 224.5859
2024-05-19 17:21:32 [INFO] [task_scheduler.cc:131] [Task #2: fused_nn_conv2d_add_add_nn_relu_1] Trial #42: GFLOPs: 33.6524. Time: 1531.2649 us. Best GFLOPs: 224.5859
2024-05-19 17:21:32 [INFO] [task_scheduler.cc:131] [Task #2: fused_nn_conv2d_add_add_nn_relu_1] Trial #43: GFLOPs: 70.6370. Time: 729.5146 us. Best GFLOPs: 224.5859
2024-05-19 17:21:32 [INFO] [task_scheduler.cc:131] [Task #2: fused_nn_conv2d_add_add_nn_relu_1] Trial #44: GFLOPs: 186.5149. Time: 276.2822 us. Best GFLOPs: 224.5859
2024-05-19 17:21:32 [INFO] [task_scheduler.cc:131] [Task #2: fused_nn_conv2d_add_add_nn_relu_1] Trial #45: GFLOPs: 65.6804. Time: 784.5686 us. Best GFLOPs: 224.5859
2024-05-19 17:21:32 [INFO] [task_scheduler.cc:131] [Task #2: fused_nn_conv2d_add_add_nn_relu_1] Trial #46: GFLOPs: 29.6083. Time: 1740.4182 us. Best GFLOPs: 224.5859
2024-05-19 17:21:32 [INFO] [task_scheduler.cc:131] [Task #2: fused_nn_conv2d_add_add_nn_relu_1] Trial #47: GFLOPs: 12.8024. Time: 4025.0731 us. Best GFLOPs: 224.5859
2024-05-19 17:21:32 [INFO] [task_scheduler.cc:131] [Task #2: fused_nn_conv2d_add_add_nn_relu_1] Trial #48: GFLOPs: 5.4805. Time: 9402.4938 us. Best GFLOPs: 224.5859
2024-05-19 17:21:32 [INFO] [task_scheduler.cc:131] [Task #2: fused_nn_conv2d_add_add_nn_relu_1] Trial #49: GFLOPs: 1.4894. Time: 34597.7118 us. Best GFLOPs: 224.5859
2024-05-19 17:21:32 [INFO] [task_scheduler.cc:131] [Task #2: fused_nn_conv2d_add_add_nn_relu_1] Trial #50: GFLOPs: 26.4215. Time: 1950.3350 us. Best GFLOPs: 224.5859
2024-05-19 17:21:32 [INFO] [task_scheduler.cc:131] [Task #2: fused_nn_conv2d_add_add_nn_relu_1] Trial #51: GFLOPs: 82.9163. Time: 621.4793 us. Best GFLOPs: 224.5859
2024-05-19 17:21:32 [INFO] [task_scheduler.cc:131] [Task #2: fused_nn_conv2d_add_add_nn_relu_1] Trial #52: GFLOPs: 11.6624. Time: 4418.5248 us. Best GFLOPs: 224.5859
2024-05-19 17:21:32 [INFO] [task_scheduler.cc:131] [Task #2: fused_nn_conv2d_add_add_nn_relu_1] Trial #53: GFLOPs: 11.5512. Time: 4461.0690 us. Best GFLOPs: 224.5859
2024-05-19 17:21:32 [INFO] [task_scheduler.cc:131] [Task #2: fused_nn_conv2d_add_add_nn_relu_1] Trial #54: GFLOPs: 38.0415. Time: 1354.5942 us. Best GFLOPs: 224.5859
2024-05-19 17:21:32 [INFO] [task_scheduler.cc:131] [Task #2: fused_nn_conv2d_add_add_nn_relu_1] Trial #55: GFLOPs: 96.1997. Time: 535.6642 us. Best GFLOPs: 224.5859
2024-05-19 17:21:32 [INFO] [task_scheduler.cc:131] [Task #2: fused_nn_conv2d_add_add_nn_relu_1] Trial #56: GFLOPs: 30.6539. Time: 1681.0491 us. Best GFLOPs: 224.5859
2024-05-19 17:21:32 [INFO] [task_scheduler.cc:131] [Task #2: fused_nn_conv2d_add_add_nn_relu_1] Trial #57: GFLOPs: 178.8980. Time: 288.0454 us. Best GFLOPs: 224.5859
2024-05-19 17:21:32 [INFO] [task_scheduler.cc:131] [Task #2: fused_nn_conv2d_add_add_nn_relu_1] Trial #58: GFLOPs: 13.9260. Time: 3700.3353 us. Best GFLOPs: 224.5859
2024-05-19 17:21:32 [INFO] [task_scheduler.cc:131] [Task #2: fused_nn_conv2d_add_add_nn_relu_1] Trial #59: GFLOPs: 13.5209. Time: 3811.1956 us. Best GFLOPs: 224.5859
2024-05-19 17:21:32 [INFO] [task_scheduler.cc:131] [Task #2: fused_nn_conv2d_add_add_nn_relu_1] Trial #60: GFLOPs: 22.3379. Time: 2306.8789 us. Best GFLOPs: 224.5859
2024-05-19 17:21:32 [INFO] [task_scheduler.cc:131] [Task #2: fused_nn_conv2d_add_add_nn_relu_1] Trial #61: GFLOPs: 20.2587. Time: 2543.6415 us. Best GFLOPs: 224.5859
2024-05-19 17:21:32 [INFO] [task_scheduler.cc:131] [Task #2: fused_nn_conv2d_add_add_nn_relu_1] Trial #62: GFLOPs: 8.0413. Time: 6408.2793 us. Best GFLOPs: 224.5859
2024-05-19 17:21:32 [INFO] [task_scheduler.cc:131] [Task #2: fused_nn_conv2d_add_add_nn_relu_1] Trial #63: GFLOPs: 52.6324. Time: 979.0686 us. Best GFLOPs: 224.5859
2024-05-19 17:21:32 [INFO] [task_scheduler.cc:131] [Task #2: fused_nn_conv2d_add_add_nn_relu_1] Trial #64: GFLOPs: 52.4006. Time: 983.3998 us. Best GFLOPs: 224.5859
