2024-05-19 16:25:44 [INFO] [task_scheduler.cc:160] Initializing Task #6: "fused_nn_conv2d_add_add_nn_relu_3"
2024-05-19 16:25:44 [INFO] [task_scheduler.cc:35] 
# from tvm.script import ir as I
# from tvm.script import tir as T

@I.ir_module
class Module:
    @T.prim_func
    def main(p0: T.Buffer((T.int64(1), T.int64(56), T.int64(56), T.int64(64)), "float32"), p1: T.Buffer((T.int64(1), T.int64(1), T.int64(64), T.int64(64)), "float32"), p2: T.Buffer((T.int64(1), T.int64(1), T.int64(1), T.int64(64)), "float32"), p3: T.Buffer((T.int64(1), T.int64(1), T.int64(1), T.int64(64)), "float32"), T_relu: T.Buffer((T.int64(1), T.int64(56), T.int64(56), T.int64(64)), "float32")):
        T.func_attr({"layout_free_buffers": [1], "tir.noalias": T.bool(True)})
        # with T.block("root"):
        pad_temp = T.alloc_buffer((T.int64(1), T.int64(56), T.int64(56), T.int64(64)))
        conv2d_nhwc = T.alloc_buffer((T.int64(1), T.int64(56), T.int64(56), T.int64(64)))
        T_add = T.alloc_buffer((T.int64(1), T.int64(56), T.int64(56), T.int64(64)))
        T_add_1 = T.alloc_buffer((T.int64(1), T.int64(56), T.int64(56), T.int64(64)))
        for i0, i1, i2, i3 in T.grid(T.int64(1), T.int64(56), T.int64(56), T.int64(64)):
            with T.block("pad_temp"):
                v_i0, v_i1, v_i2, v_i3 = T.axis.remap("SSSS", [i0, i1, i2, i3])
                T.reads(p0[v_i0, v_i1, v_i2, v_i3])
                T.writes(pad_temp[v_i0, v_i1, v_i2, v_i3])
                pad_temp[v_i0, v_i1, v_i2, v_i3] = p0[v_i0, v_i1, v_i2, v_i3]
        for nn, yy, xx, ff, ry, rx, rc in T.grid(T.int64(1), T.int64(56), T.int64(56), T.int64(64), T.int64(1), T.int64(1), T.int64(64)):
            with T.block("conv2d_nhwc"):
                v_nn, v_yy, v_xx, v_ff, v_ry, v_rx, v_rc = T.axis.remap("SSSSRRR", [nn, yy, xx, ff, ry, rx, rc])
                T.reads(pad_temp[v_nn, v_yy + v_ry, v_xx + v_rx, v_rc], p1[v_ry, v_rx, v_rc, v_ff])
                T.writes(conv2d_nhwc[v_nn, v_yy, v_xx, v_ff])
                with T.init():
                    conv2d_nhwc[v_nn, v_yy, v_xx, v_ff] = T.float32(0)
                conv2d_nhwc[v_nn, v_yy, v_xx, v_ff] = conv2d_nhwc[v_nn, v_yy, v_xx, v_ff] + pad_temp[v_nn, v_yy + v_ry, v_xx + v_rx, v_rc] * p1[v_ry, v_rx, v_rc, v_ff]
        for ax0, ax1, ax2, ax3 in T.grid(T.int64(1), T.int64(56), T.int64(56), T.int64(64)):
            with T.block("T_add"):
                v_ax0, v_ax1, v_ax2, v_ax3 = T.axis.remap("SSSS", [ax0, ax1, ax2, ax3])
                T.reads(conv2d_nhwc[v_ax0, v_ax1, v_ax2, v_ax3], p2[v_ax0, T.int64(0), T.int64(0), v_ax3])
                T.writes(T_add[v_ax0, v_ax1, v_ax2, v_ax3])
                T_add[v_ax0, v_ax1, v_ax2, v_ax3] = conv2d_nhwc[v_ax0, v_ax1, v_ax2, v_ax3] + p2[v_ax0, T.int64(0), T.int64(0), v_ax3]
        for ax0, ax1, ax2, ax3 in T.grid(T.int64(1), T.int64(56), T.int64(56), T.int64(64)):
            with T.block("T_add_1"):
                v_ax0, v_ax1, v_ax2, v_ax3 = T.axis.remap("SSSS", [ax0, ax1, ax2, ax3])
                T.reads(T_add[v_ax0, v_ax1, v_ax2, v_ax3], p3[v_ax0, T.int64(0), T.int64(0), v_ax3])
                T.writes(T_add_1[v_ax0, v_ax1, v_ax2, v_ax3])
                T_add_1[v_ax0, v_ax1, v_ax2, v_ax3] = T_add[v_ax0, v_ax1, v_ax2, v_ax3] + p3[v_ax0, T.int64(0), T.int64(0), v_ax3]
        for ax0, ax1, ax2, ax3 in T.grid(T.int64(1), T.int64(56), T.int64(56), T.int64(64)):
            with T.block("T_relu"):
                v_ax0, v_ax1, v_ax2, v_ax3 = T.axis.remap("SSSS", [ax0, ax1, ax2, ax3])
                T.reads(T_add_1[v_ax0, v_ax1, v_ax2, v_ax3])
                T.writes(T_relu[v_ax0, v_ax1, v_ax2, v_ax3])
                T_relu[v_ax0, v_ax1, v_ax2, v_ax3] = T.max(T_add_1[v_ax0, v_ax1, v_ax2, v_ax3], T.float32(0))
2024-05-19 16:25:44 [INFO] [task_scheduler.cc:164] Total 3 design space(s) generated
2024-05-19 16:25:44 [INFO] [task_scheduler.cc:170] Design space #0:
# from tvm.script import ir as I
# from tvm.script import tir as T

@I.ir_module
class Module:
    @T.prim_func
    def main(p0: T.Buffer((T.int64(1), T.int64(56), T.int64(56), T.int64(64)), "float32"), p1: T.Buffer((T.int64(1), T.int64(1), T.int64(64), T.int64(64)), "float32"), p2: T.Buffer((T.int64(1), T.int64(1), T.int64(1), T.int64(64)), "float32"), p3: T.Buffer((T.int64(1), T.int64(1), T.int64(1), T.int64(64)), "float32"), T_relu: T.Buffer((T.int64(1), T.int64(56), T.int64(56), T.int64(64)), "float32")):
        T.func_attr({"layout_free_buffers": [1], "tir.noalias": T.bool(True)})
        with T.block("root"):
            T.reads()
            T.writes()
            T.block_attr({"meta_schedule.parallel": 96, "meta_schedule.unroll_explicit": 0, "meta_schedule.vectorize": 64})
            conv2d_nhwc = T.alloc_buffer((T.int64(1), T.int64(56), T.int64(56), T.int64(64)))
            for nn_0, yy_0, xx_0, ff_0, nn_1, yy_1, xx_1, ff_1, ry_0, rx_0, rc_0, nn_2, yy_2, xx_2, ff_2, ry_1, rx_1, rc_1, nn_3, yy_3, xx_3, ff_3 in T.grid(T.int64(1), T.int64(1), T.int64(1), T.int64(2), T.int64(1), T.int64(8), T.int64(1), T.int64(2), T.int64(1), T.int64(1), T.int64(32), T.int64(1), T.int64(7), T.int64(56), T.int64(1), T.int64(1), T.int64(1), T.int64(2), T.int64(1), T.int64(1), T.int64(1), T.int64(16)):
                with T.block("conv2d_nhwc"):
                    v_nn = T.axis.spatial(T.int64(1), nn_0 + nn_1 + nn_2 + nn_3)
                    v_yy = T.axis.spatial(T.int64(56), yy_0 * T.int64(56) + yy_1 * T.int64(7) + yy_2 + yy_3)
                    v_xx = T.axis.spatial(T.int64(56), xx_0 * T.int64(56) + xx_1 * T.int64(56) + xx_2 + xx_3)
                    v_ff = T.axis.spatial(T.int64(64), ff_0 * T.int64(32) + ff_1 * T.int64(16) + ff_2 * T.int64(16) + ff_3)
                    v_ry = T.axis.reduce(T.int64(1), ry_0 + ry_1)
                    v_rx = T.axis.reduce(T.int64(1), rx_0 + rx_1)
                    v_rc = T.axis.reduce(T.int64(64), rc_0 * T.int64(2) + rc_1)
                    T.reads(p0[v_nn, v_yy + v_ry, v_xx + v_rx, v_rc], p1[v_ry, v_rx, v_rc, v_ff])
                    T.writes(conv2d_nhwc[v_nn, v_yy, v_xx, v_ff])
                    T.block_attr({"meta_schedule.tiling_structure": "SSRSRS"})
                    with T.init():
                        conv2d_nhwc[v_nn, v_yy, v_xx, v_ff] = T.float32(0)
                    conv2d_nhwc[v_nn, v_yy, v_xx, v_ff] = conv2d_nhwc[v_nn, v_yy, v_xx, v_ff] + p0[v_nn, v_yy + v_ry, v_xx + v_rx, v_rc] * p1[v_ry, v_rx, v_rc, v_ff]
            for ax0, ax1, ax2, ax3 in T.grid(T.int64(1), T.int64(56), T.int64(56), T.int64(64)):
                with T.block("T_relu"):
                    v_ax0, v_ax1, v_ax2, v_ax3 = T.axis.remap("SSSS", [ax0, ax1, ax2, ax3])
                    T.reads(conv2d_nhwc[v_ax0, v_ax1, v_ax2, v_ax3], p2[v_ax0, T.int64(0), T.int64(0), v_ax3], p3[v_ax0, T.int64(0), T.int64(0), v_ax3])
                    T.writes(T_relu[v_ax0, v_ax1, v_ax2, v_ax3])
                    T_relu[v_ax0, v_ax1, v_ax2, v_ax3] = T.max(conv2d_nhwc[v_ax0, v_ax1, v_ax2, v_ax3] + p2[v_ax0, T.int64(0), T.int64(0), v_ax3] + p3[v_ax0, T.int64(0), T.int64(0), v_ax3], T.float32(0))
b0 = sch.get_block(name="pad_temp", func_name="main")
b1 = sch.get_block(name="conv2d_nhwc", func_name="main")
b2 = sch.get_block(name="T_add", func_name="main")
b3 = sch.get_block(name="T_add_1", func_name="main")
b4 = sch.get_block(name="root", func_name="main")
sch.compute_inline(block=b3)
sch.compute_inline(block=b2)
sch.compute_inline(block=b0)
sch.annotate(block_or_loop=b1, ann_key="meta_schedule.tiling_structure", ann_val="SSRSRS")
l5, l6, l7, l8, l9, l10, l11 = sch.get_loops(block=b1)
v12, v13, v14, v15 = sch.sample_perfect_tile(loop=l5, n=4, max_innermost_factor=64, decision=[1, 1, 1, 1])
l16, l17, l18, l19 = sch.split(loop=l5, factors=[v12, v13, v14, v15], preserve_unit_iters=True, disable_predication=False)
v20, v21, v22, v23 = sch.sample_perfect_tile(loop=l6, n=4, max_innermost_factor=64, decision=[1, 8, 7, 1])
l24, l25, l26, l27 = sch.split(loop=l6, factors=[v20, v21, v22, v23], preserve_unit_iters=True, disable_predication=False)
v28, v29, v30, v31 = sch.sample_perfect_tile(loop=l7, n=4, max_innermost_factor=64, decision=[1, 1, 56, 1])
l32, l33, l34, l35 = sch.split(loop=l7, factors=[v28, v29, v30, v31], preserve_unit_iters=True, disable_predication=False)
v36, v37, v38, v39 = sch.sample_perfect_tile(loop=l8, n=4, max_innermost_factor=64, decision=[2, 2, 1, 16])
l40, l41, l42, l43 = sch.split(loop=l8, factors=[v36, v37, v38, v39], preserve_unit_iters=True, disable_predication=False)
v44, v45 = sch.sample_perfect_tile(loop=l9, n=2, max_innermost_factor=64, decision=[1, 1])
l46, l47 = sch.split(loop=l9, factors=[v44, v45], preserve_unit_iters=True, disable_predication=False)
v48, v49 = sch.sample_perfect_tile(loop=l10, n=2, max_innermost_factor=64, decision=[1, 1])
l50, l51 = sch.split(loop=l10, factors=[v48, v49], preserve_unit_iters=True, disable_predication=False)
v52, v53 = sch.sample_perfect_tile(loop=l11, n=2, max_innermost_factor=64, decision=[32, 2])
l54, l55 = sch.split(loop=l11, factors=[v52, v53], preserve_unit_iters=True, disable_predication=False)
sch.reorder(l16, l24, l32, l40, l17, l25, l33, l41, l46, l50, l54, l18, l26, l34, l42, l47, l51, l55, l19, l27, l35, l43)
sch.annotate(block_or_loop=b4, ann_key="meta_schedule.parallel", ann_val=96)
sch.annotate(block_or_loop=b4, ann_key="meta_schedule.vectorize", ann_val=64)
v56 = sch.sample_categorical(candidates=[0, 16, 64, 512], probs=[0.25, 0.25, 0.25, 0.25], decision=0)
sch.annotate(block_or_loop=b4, ann_key="meta_schedule.unroll_explicit", ann_val=v56)
2024-05-19 16:25:44 [INFO] [task_scheduler.cc:170] Design space #1:
# from tvm.script import ir as I
# from tvm.script import tir as T

@I.ir_module
class Module:
    @T.prim_func
    def main(p0: T.Buffer((T.int64(1), T.int64(56), T.int64(56), T.int64(64)), "float32"), p1: T.Buffer((T.int64(1), T.int64(1), T.int64(64), T.int64(64)), "float32"), p2: T.Buffer((T.int64(1), T.int64(1), T.int64(1), T.int64(64)), "float32"), p3: T.Buffer((T.int64(1), T.int64(1), T.int64(1), T.int64(64)), "float32"), T_relu: T.Buffer((T.int64(1), T.int64(56), T.int64(56), T.int64(64)), "float32")):
        T.func_attr({"layout_free_buffers": [1], "tir.noalias": T.bool(True)})
        with T.block("root"):
            T.reads()
            T.writes()
            T.block_attr({"meta_schedule.parallel": 96, "meta_schedule.unroll_explicit": 512, "meta_schedule.vectorize": 64})
            conv2d_nhwc = T.alloc_buffer((T.int64(1), T.int64(56), T.int64(56), T.int64(64)))
            for nn_0, yy_0, xx_0, ff_0, nn_1, yy_1, xx_1, ff_1 in T.grid(T.int64(1), T.int64(1), T.int64(1), T.int64(2), T.int64(1), T.int64(8), T.int64(1), T.int64(2)):
                for ry_0, rx_0, rc_0, nn_2, yy_2, xx_2, ff_2, ry_1, rx_1, rc_1, nn_3, yy_3, xx_3, ff_3 in T.grid(T.int64(1), T.int64(1), T.int64(32), T.int64(1), T.int64(7), T.int64(56), T.int64(1), T.int64(1), T.int64(1), T.int64(2), T.int64(1), T.int64(1), T.int64(1), T.int64(16)):
                    with T.block("conv2d_nhwc"):
                        v_nn = T.axis.spatial(T.int64(1), nn_0 + nn_1 + nn_2 + nn_3)
                        v_yy = T.axis.spatial(T.int64(56), yy_0 * T.int64(56) + yy_1 * T.int64(7) + yy_2 + yy_3)
                        v_xx = T.axis.spatial(T.int64(56), xx_0 * T.int64(56) + xx_1 * T.int64(56) + xx_2 + xx_3)
                        v_ff = T.axis.spatial(T.int64(64), ff_0 * T.int64(32) + ff_1 * T.int64(16) + ff_2 * T.int64(16) + ff_3)
                        v_ry = T.axis.reduce(T.int64(1), ry_0 + ry_1)
                        v_rx = T.axis.reduce(T.int64(1), rx_0 + rx_1)
                        v_rc = T.axis.reduce(T.int64(64), rc_0 * T.int64(2) + rc_1)
                        T.reads(p0[v_nn, v_yy + v_ry, v_xx + v_rx, v_rc], p1[v_ry, v_rx, v_rc, v_ff])
                        T.writes(conv2d_nhwc[v_nn, v_yy, v_xx, v_ff])
                        T.block_attr({"meta_schedule.tiling_structure": "SSRSRS"})
                        with T.init():
                            conv2d_nhwc[v_nn, v_yy, v_xx, v_ff] = T.float32(0)
                        conv2d_nhwc[v_nn, v_yy, v_xx, v_ff] = conv2d_nhwc[v_nn, v_yy, v_xx, v_ff] + p0[v_nn, v_yy + v_ry, v_xx + v_rx, v_rc] * p1[v_ry, v_rx, v_rc, v_ff]
                for ax0, ax1, ax2, ax3 in T.grid(T.int64(1), T.int64(7), T.int64(56), T.int64(16)):
                    with T.block("T_relu"):
                        v_ax0 = T.axis.spatial(T.int64(1), ax0)
                        v_ax1 = T.axis.spatial(T.int64(56), yy_1 * T.int64(7) + ax1)
                        v_ax2 = T.axis.spatial(T.int64(56), ax2)
                        v_ax3 = T.axis.spatial(T.int64(64), ff_0 * T.int64(32) + ff_1 * T.int64(16) + ax3)
                        T.reads(conv2d_nhwc[v_ax0, v_ax1, v_ax2, v_ax3], p2[v_ax0, T.int64(0), T.int64(0), v_ax3], p3[v_ax0, T.int64(0), T.int64(0), v_ax3])
                        T.writes(T_relu[v_ax0, v_ax1, v_ax2, v_ax3])
                        T_relu[v_ax0, v_ax1, v_ax2, v_ax3] = T.max(conv2d_nhwc[v_ax0, v_ax1, v_ax2, v_ax3] + p2[v_ax0, T.int64(0), T.int64(0), v_ax3] + p3[v_ax0, T.int64(0), T.int64(0), v_ax3], T.float32(0))
b0 = sch.get_block(name="pad_temp", func_name="main")
b1 = sch.get_block(name="conv2d_nhwc", func_name="main")
b2 = sch.get_block(name="T_add", func_name="main")
b3 = sch.get_block(name="T_add_1", func_name="main")
b4 = sch.get_block(name="root", func_name="main")
sch.compute_inline(block=b3)
sch.compute_inline(block=b2)
sch.compute_inline(block=b0)
sch.annotate(block_or_loop=b1, ann_key="meta_schedule.tiling_structure", ann_val="SSRSRS")
l5, l6, l7, l8, l9, l10, l11 = sch.get_loops(block=b1)
v12, v13, v14, v15 = sch.sample_perfect_tile(loop=l5, n=4, max_innermost_factor=64, decision=[1, 1, 1, 1])
l16, l17, l18, l19 = sch.split(loop=l5, factors=[v12, v13, v14, v15], preserve_unit_iters=True, disable_predication=False)
v20, v21, v22, v23 = sch.sample_perfect_tile(loop=l6, n=4, max_innermost_factor=64, decision=[1, 8, 7, 1])
l24, l25, l26, l27 = sch.split(loop=l6, factors=[v20, v21, v22, v23], preserve_unit_iters=True, disable_predication=False)
v28, v29, v30, v31 = sch.sample_perfect_tile(loop=l7, n=4, max_innermost_factor=64, decision=[1, 1, 56, 1])
l32, l33, l34, l35 = sch.split(loop=l7, factors=[v28, v29, v30, v31], preserve_unit_iters=True, disable_predication=False)
v36, v37, v38, v39 = sch.sample_perfect_tile(loop=l8, n=4, max_innermost_factor=64, decision=[2, 2, 1, 16])
l40, l41, l42, l43 = sch.split(loop=l8, factors=[v36, v37, v38, v39], preserve_unit_iters=True, disable_predication=False)
v44, v45 = sch.sample_perfect_tile(loop=l9, n=2, max_innermost_factor=64, decision=[1, 1])
l46, l47 = sch.split(loop=l9, factors=[v44, v45], preserve_unit_iters=True, disable_predication=False)
v48, v49 = sch.sample_perfect_tile(loop=l10, n=2, max_innermost_factor=64, decision=[1, 1])
l50, l51 = sch.split(loop=l10, factors=[v48, v49], preserve_unit_iters=True, disable_predication=False)
v52, v53 = sch.sample_perfect_tile(loop=l11, n=2, max_innermost_factor=64, decision=[32, 2])
l54, l55 = sch.split(loop=l11, factors=[v52, v53], preserve_unit_iters=True, disable_predication=False)
sch.reorder(l16, l24, l32, l40, l17, l25, l33, l41, l46, l50, l54, l18, l26, l34, l42, l47, l51, l55, l19, l27, l35, l43)
b56, = sch.get_consumers(block=b1)
sch.reverse_compute_at(block=b56, loop=l41, preserve_unit_loops=True, index=-1)
sch.annotate(block_or_loop=b4, ann_key="meta_schedule.parallel", ann_val=96)
sch.annotate(block_or_loop=b4, ann_key="meta_schedule.vectorize", ann_val=64)
v57 = sch.sample_categorical(candidates=[0, 16, 64, 512], probs=[0.25, 0.25, 0.25, 0.25], decision=3)
sch.annotate(block_or_loop=b4, ann_key="meta_schedule.unroll_explicit", ann_val=v57)
2024-05-19 16:25:44 [INFO] [task_scheduler.cc:170] Design space #2:
# from tvm.script import ir as I
# from tvm.script import tir as T

@I.ir_module
class Module:
    @T.prim_func
    def main(p0: T.Buffer((T.int64(1), T.int64(56), T.int64(56), T.int64(64)), "float32"), p1: T.Buffer((T.int64(1), T.int64(1), T.int64(64), T.int64(64)), "float32"), p2: T.Buffer((T.int64(1), T.int64(1), T.int64(1), T.int64(64)), "float32"), p3: T.Buffer((T.int64(1), T.int64(1), T.int64(1), T.int64(64)), "float32"), T_relu: T.Buffer((T.int64(1), T.int64(56), T.int64(56), T.int64(64)), "float32")):
        T.func_attr({"layout_free_buffers": [1], "tir.noalias": T.bool(True)})
        with T.block("root"):
            T.reads()
            T.writes()
            T.block_attr({"meta_schedule.parallel": 96, "meta_schedule.unroll_explicit": 0, "meta_schedule.vectorize": 64})
            conv2d_nhwc = T.alloc_buffer((T.int64(1), T.int64(56), T.int64(56), T.int64(64)))
            for nn_0, yy_0, xx_0, ff_0 in T.grid(T.int64(1), T.int64(1), T.int64(1), T.int64(2)):
                for nn_1, yy_1, xx_1, ff_1, ry_0, rx_0, rc_0, nn_2, yy_2, xx_2, ff_2, ry_1, rx_1, rc_1, nn_3, yy_3, xx_3, ff_3 in T.grid(T.int64(1), T.int64(8), T.int64(1), T.int64(2), T.int64(1), T.int64(1), T.int64(32), T.int64(1), T.int64(7), T.int64(56), T.int64(1), T.int64(1), T.int64(1), T.int64(2), T.int64(1), T.int64(1), T.int64(1), T.int64(16)):
                    with T.block("conv2d_nhwc"):
                        v_nn = T.axis.spatial(T.int64(1), nn_0 + nn_1 + nn_2 + nn_3)
                        v_yy = T.axis.spatial(T.int64(56), yy_0 * T.int64(56) + yy_1 * T.int64(7) + yy_2 + yy_3)
                        v_xx = T.axis.spatial(T.int64(56), xx_0 * T.int64(56) + xx_1 * T.int64(56) + xx_2 + xx_3)
                        v_ff = T.axis.spatial(T.int64(64), ff_0 * T.int64(32) + ff_1 * T.int64(16) + ff_2 * T.int64(16) + ff_3)
                        v_ry = T.axis.reduce(T.int64(1), ry_0 + ry_1)
                        v_rx = T.axis.reduce(T.int64(1), rx_0 + rx_1)
                        v_rc = T.axis.reduce(T.int64(64), rc_0 * T.int64(2) + rc_1)
                        T.reads(p0[v_nn, v_yy + v_ry, v_xx + v_rx, v_rc], p1[v_ry, v_rx, v_rc, v_ff])
                        T.writes(conv2d_nhwc[v_nn, v_yy, v_xx, v_ff])
                        T.block_attr({"meta_schedule.tiling_structure": "SSRSRS"})
                        with T.init():
                            conv2d_nhwc[v_nn, v_yy, v_xx, v_ff] = T.float32(0)
                        conv2d_nhwc[v_nn, v_yy, v_xx, v_ff] = conv2d_nhwc[v_nn, v_yy, v_xx, v_ff] + p0[v_nn, v_yy + v_ry, v_xx + v_rx, v_rc] * p1[v_ry, v_rx, v_rc, v_ff]
                for ax0, ax1, ax2, ax3 in T.grid(T.int64(1), T.int64(56), T.int64(56), T.int64(32)):
                    with T.block("T_relu"):
                        v_ax0, v_ax1, v_ax2 = T.axis.remap("SSS", [ax0, ax1, ax2])
                        v_ax3 = T.axis.spatial(T.int64(64), ff_0 * T.int64(32) + ax3)
                        T.reads(conv2d_nhwc[v_ax0, v_ax1, v_ax2, v_ax3], p2[v_ax0, T.int64(0), T.int64(0), v_ax3], p3[v_ax0, T.int64(0), T.int64(0), v_ax3])
                        T.writes(T_relu[v_ax0, v_ax1, v_ax2, v_ax3])
                        T_relu[v_ax0, v_ax1, v_ax2, v_ax3] = T.max(conv2d_nhwc[v_ax0, v_ax1, v_ax2, v_ax3] + p2[v_ax0, T.int64(0), T.int64(0), v_ax3] + p3[v_ax0, T.int64(0), T.int64(0), v_ax3], T.float32(0))
b0 = sch.get_block(name="pad_temp", func_name="main")
b1 = sch.get_block(name="conv2d_nhwc", func_name="main")
b2 = sch.get_block(name="T_add", func_name="main")
b3 = sch.get_block(name="T_add_1", func_name="main")
b4 = sch.get_block(name="root", func_name="main")
sch.compute_inline(block=b3)
sch.compute_inline(block=b2)
sch.compute_inline(block=b0)
sch.annotate(block_or_loop=b1, ann_key="meta_schedule.tiling_structure", ann_val="SSRSRS")
l5, l6, l7, l8, l9, l10, l11 = sch.get_loops(block=b1)
v12, v13, v14, v15 = sch.sample_perfect_tile(loop=l5, n=4, max_innermost_factor=64, decision=[1, 1, 1, 1])
l16, l17, l18, l19 = sch.split(loop=l5, factors=[v12, v13, v14, v15], preserve_unit_iters=True, disable_predication=False)
v20, v21, v22, v23 = sch.sample_perfect_tile(loop=l6, n=4, max_innermost_factor=64, decision=[1, 8, 7, 1])
l24, l25, l26, l27 = sch.split(loop=l6, factors=[v20, v21, v22, v23], preserve_unit_iters=True, disable_predication=False)
v28, v29, v30, v31 = sch.sample_perfect_tile(loop=l7, n=4, max_innermost_factor=64, decision=[1, 1, 56, 1])
l32, l33, l34, l35 = sch.split(loop=l7, factors=[v28, v29, v30, v31], preserve_unit_iters=True, disable_predication=False)
v36, v37, v38, v39 = sch.sample_perfect_tile(loop=l8, n=4, max_innermost_factor=64, decision=[2, 2, 1, 16])
l40, l41, l42, l43 = sch.split(loop=l8, factors=[v36, v37, v38, v39], preserve_unit_iters=True, disable_predication=False)
v44, v45 = sch.sample_perfect_tile(loop=l9, n=2, max_innermost_factor=64, decision=[1, 1])
l46, l47 = sch.split(loop=l9, factors=[v44, v45], preserve_unit_iters=True, disable_predication=False)
v48, v49 = sch.sample_perfect_tile(loop=l10, n=2, max_innermost_factor=64, decision=[1, 1])
l50, l51 = sch.split(loop=l10, factors=[v48, v49], preserve_unit_iters=True, disable_predication=False)
v52, v53 = sch.sample_perfect_tile(loop=l11, n=2, max_innermost_factor=64, decision=[32, 2])
l54, l55 = sch.split(loop=l11, factors=[v52, v53], preserve_unit_iters=True, disable_predication=False)
sch.reorder(l16, l24, l32, l40, l17, l25, l33, l41, l46, l50, l54, l18, l26, l34, l42, l47, l51, l55, l19, l27, l35, l43)
b56, = sch.get_consumers(block=b1)
sch.reverse_compute_at(block=b56, loop=l40, preserve_unit_loops=True, index=-1)
sch.annotate(block_or_loop=b4, ann_key="meta_schedule.parallel", ann_val=96)
sch.annotate(block_or_loop=b4, ann_key="meta_schedule.vectorize", ann_val=64)
v57 = sch.sample_categorical(candidates=[0, 16, 64, 512], probs=[0.25, 0.25, 0.25, 0.25], decision=0)
sch.annotate(block_or_loop=b4, ann_key="meta_schedule.unroll_explicit", ann_val=v57)
2024-05-19 16:37:06 [INFO] [evolutionary_search.cc:713] Generating candidates......
2024-05-19 16:37:06 [INFO] [evolutionary_search.cc:715] Picked top 0 candidate(s) from database
2024-05-19 16:37:07 [INFO] [evolutionary_search.cc:533] Sample-Init-Population summary:
Postproc #0 [meta_schedule.DisallowDynamicLoop(0x939d158)]: 0 failure(s)
Postproc #1 [meta_schedule.RewriteParallelVectorizeUnroll(0x2692fa18)]: 0 failure(s)
Postproc #2 [meta_schedule.RewriteReductionBlock(0x1e17be38)]: 0 failure(s)
Postproc #3 [meta_schedule.RewriteLayout(0x268d60b8)]: 0 failure(s)
2024-05-19 16:37:07 [INFO] [evolutionary_search.cc:723] Sampled 512 candidate(s)
2024-05-19 16:37:08 [INFO] [evolutionary_search.cc:621] Evolve iter #0 done. Summary:
Postproc #0 [meta_schedule.DisallowDynamicLoop(0x939d158)]: 0 failure(s)
Postproc #1 [meta_schedule.RewriteParallelVectorizeUnroll(0x2692fa18)]: 0 failure(s)
Postproc #2 [meta_schedule.RewriteReductionBlock(0x1e17be38)]: 0 failure(s)
Postproc #3 [meta_schedule.RewriteLayout(0x268d60b8)]: 0 failure(s)
2024-05-19 16:37:10 [INFO] [evolutionary_search.cc:621] Evolve iter #1 done. Summary:
Postproc #0 [meta_schedule.DisallowDynamicLoop(0x939d158)]: 0 failure(s)
Postproc #1 [meta_schedule.RewriteParallelVectorizeUnroll(0x2692fa18)]: 0 failure(s)
Postproc #2 [meta_schedule.RewriteReductionBlock(0x1e17be38)]: 0 failure(s)
Postproc #3 [meta_schedule.RewriteLayout(0x268d60b8)]: 0 failure(s)
2024-05-19 16:37:11 [INFO] [evolutionary_search.cc:621] Evolve iter #2 done. Summary:
Postproc #0 [meta_schedule.DisallowDynamicLoop(0x939d158)]: 0 failure(s)
Postproc #1 [meta_schedule.RewriteParallelVectorizeUnroll(0x2692fa18)]: 0 failure(s)
Postproc #2 [meta_schedule.RewriteReductionBlock(0x1e17be38)]: 0 failure(s)
Postproc #3 [meta_schedule.RewriteLayout(0x268d60b8)]: 0 failure(s)
2024-05-19 16:37:12 [INFO] [evolutionary_search.cc:621] Evolve iter #3 done. Summary:
Postproc #0 [meta_schedule.DisallowDynamicLoop(0x939d158)]: 0 failure(s)
Postproc #1 [meta_schedule.RewriteParallelVectorizeUnroll(0x2692fa18)]: 0 failure(s)
Postproc #2 [meta_schedule.RewriteReductionBlock(0x1e17be38)]: 0 failure(s)
Postproc #3 [meta_schedule.RewriteLayout(0x268d60b8)]: 0 failure(s)
2024-05-19 16:37:12 [INFO] [evolutionary_search.cc:649] Scores of the best 64 candidates:
[1 : 16]:	0.9999  0.9998  0.9997  0.9990  0.9988  0.9987  0.9985  0.9980  0.9975  0.9972  0.9965  0.9958  0.9957  0.9957  0.9956  0.9946
[17 : 32]:	0.9944  0.9926  0.9925  0.9920  0.9911  0.9870  0.9868  0.9868  0.9858  0.9841  0.9840  0.9830  0.9829  0.9825  0.9824  0.9822
[33 : 48]:	0.9821  0.9818  0.9810  0.9806  0.9800  0.9796  0.9793  0.9785  0.9781  0.9780  0.9778  0.9777  0.9770  0.9767  0.9760  0.9756
[49 : 64]:	0.9756  0.9727  0.9726  0.9717  0.9699  0.9691  0.9688  0.9684  0.9679  0.9678  0.9674  0.9664  0.9664  0.9661  0.9653  0.9650
2024-05-19 16:37:12 [INFO] [evolutionary_search.cc:727] Got 64 candidate(s) with evolutionary search
2024-05-19 16:37:12 [INFO] [evolutionary_search.cc:730] Sending 64 candidates(s) for measurement
2024-05-19 17:21:33 [INFO] [task_scheduler.cc:131] [Task #6: fused_nn_conv2d_add_add_nn_relu_3] Trial #1: GFLOPs: 40.7432. Time: 645.3155 us. Best GFLOPs: 40.7432
2024-05-19 17:21:33 [INFO] [task_scheduler.cc:131] [Task #6: fused_nn_conv2d_add_add_nn_relu_3] Trial #2: GFLOPs: 77.4935. Time: 339.2832 us. Best GFLOPs: 77.4935
2024-05-19 17:21:33 [INFO] [task_scheduler.cc:131] [Task #6: fused_nn_conv2d_add_add_nn_relu_3] Trial #3: GFLOPs: 29.8400. Time: 881.1075 us. Best GFLOPs: 77.4935
2024-05-19 17:21:33 [INFO] [task_scheduler.cc:131] [Task #6: fused_nn_conv2d_add_add_nn_relu_3] Trial #4: GFLOPs: 33.3997. Time: 787.2002 us. Best GFLOPs: 77.4935
2024-05-19 17:21:33 [INFO] [task_scheduler.cc:131] [Task #6: fused_nn_conv2d_add_add_nn_relu_3] Trial #5: GFLOPs: 9.4109. Time: 2793.8008 us. Best GFLOPs: 77.4935
2024-05-19 17:21:33 [INFO] [task_scheduler.cc:131] [Task #6: fused_nn_conv2d_add_add_nn_relu_3] Trial #6: GFLOPs: 9.4092. Time: 2794.3059 us. Best GFLOPs: 77.4935
2024-05-19 17:21:33 [INFO] [task_scheduler.cc:131] [Task #6: fused_nn_conv2d_add_add_nn_relu_3] Trial #7: GFLOPs: 26.5508. Time: 990.2618 us. Best GFLOPs: 77.4935
2024-05-19 17:21:33 [INFO] [task_scheduler.cc:131] [Task #6: fused_nn_conv2d_add_add_nn_relu_3] Trial #8: GFLOPs: 36.9087. Time: 712.3586 us. Best GFLOPs: 77.4935
2024-05-19 17:21:33 [INFO] [task_scheduler.cc:131] [Task #6: fused_nn_conv2d_add_add_nn_relu_3] Trial #9: GFLOPs: 18.5646. Time: 1416.2564 us. Best GFLOPs: 77.4935
2024-05-19 17:21:33 [INFO] [task_scheduler.cc:131] [Task #6: fused_nn_conv2d_add_add_nn_relu_3] Trial #10: GFLOPs: 18.3915. Time: 1429.5864 us. Best GFLOPs: 77.4935
2024-05-19 17:21:33 [INFO] [task_scheduler.cc:131] [Task #6: fused_nn_conv2d_add_add_nn_relu_3] Trial #11: GFLOPs: 97.1717. Time: 270.5749 us. Best GFLOPs: 97.1717
2024-05-19 17:21:33 [INFO] [task_scheduler.cc:131] [Task #6: fused_nn_conv2d_add_add_nn_relu_3] Trial #12: GFLOPs: 10.7151. Time: 2453.7469 us. Best GFLOPs: 97.1717
2024-05-19 17:21:33 [INFO] [task_scheduler.cc:131] [Task #6: fused_nn_conv2d_add_add_nn_relu_3] Trial #13: GFLOPs: 76.5783. Time: 343.3377 us. Best GFLOPs: 97.1717
2024-05-19 17:21:33 [INFO] [task_scheduler.cc:131] [Task #6: fused_nn_conv2d_add_add_nn_relu_3] Trial #14: GFLOPs: 29.2538. Time: 898.7620 us. Best GFLOPs: 97.1717
2024-05-19 17:21:33 [INFO] [task_scheduler.cc:131] [Task #6: fused_nn_conv2d_add_add_nn_relu_3] Trial #15: GFLOPs: 37.7647. Time: 696.2113 us. Best GFLOPs: 97.1717
2024-05-19 17:21:33 [INFO] [task_scheduler.cc:131] [Task #6: fused_nn_conv2d_add_add_nn_relu_3] Trial #16: GFLOPs: 8.3305. Time: 3156.1450 us. Best GFLOPs: 97.1717
2024-05-19 17:21:33 [INFO] [task_scheduler.cc:131] [Task #6: fused_nn_conv2d_add_add_nn_relu_3] Trial #17: GFLOPs: 22.5225. Time: 1167.3746 us. Best GFLOPs: 97.1717
2024-05-19 17:21:33 [INFO] [task_scheduler.cc:131] [Task #6: fused_nn_conv2d_add_add_nn_relu_3] Trial #18: GFLOPs: 10.7956. Time: 2435.4603 us. Best GFLOPs: 97.1717
2024-05-19 17:21:33 [INFO] [task_scheduler.cc:131] [Task #6: fused_nn_conv2d_add_add_nn_relu_3] Trial #19: GFLOPs: 10.9160. Time: 2408.5962 us. Best GFLOPs: 97.1717
2024-05-19 17:21:33 [INFO] [task_scheduler.cc:131] [Task #6: fused_nn_conv2d_add_add_nn_relu_3] Trial #20: GFLOPs: 82.6357. Time: 318.1701 us. Best GFLOPs: 97.1717
2024-05-19 17:21:33 [INFO] [task_scheduler.cc:131] [Task #6: fused_nn_conv2d_add_add_nn_relu_3] Trial #21: GFLOPs: 35.2527. Time: 745.8211 us. Best GFLOPs: 97.1717
2024-05-19 17:21:33 [INFO] [task_scheduler.cc:131] [Task #6: fused_nn_conv2d_add_add_nn_relu_3] Trial #22: GFLOPs: 52.1554. Time: 504.1128 us. Best GFLOPs: 97.1717
2024-05-19 17:21:33 [INFO] [task_scheduler.cc:131] [Task #6: fused_nn_conv2d_add_add_nn_relu_3] Trial #23: GFLOPs: 29.0622. Time: 904.6868 us. Best GFLOPs: 97.1717
2024-05-19 17:21:33 [INFO] [task_scheduler.cc:131] [Task #6: fused_nn_conv2d_add_add_nn_relu_3] Trial #24: GFLOPs: 55.9580. Time: 469.8562 us. Best GFLOPs: 97.1717
2024-05-19 17:21:33 [INFO] [task_scheduler.cc:131] [Task #6: fused_nn_conv2d_add_add_nn_relu_3] Trial #25: GFLOPs: 18.7650. Time: 1401.1279 us. Best GFLOPs: 97.1717
2024-05-19 17:21:33 [INFO] [task_scheduler.cc:131] [Task #6: fused_nn_conv2d_add_add_nn_relu_3] Trial #26: GFLOPs: 16.3291. Time: 1610.1485 us. Best GFLOPs: 97.1717
2024-05-19 17:21:33 [INFO] [task_scheduler.cc:131] [Task #6: fused_nn_conv2d_add_add_nn_relu_3] Trial #27: GFLOPs: 23.5698. Time: 1115.5058 us. Best GFLOPs: 97.1717
2024-05-19 17:21:33 [INFO] [task_scheduler.cc:131] [Task #6: fused_nn_conv2d_add_add_nn_relu_3] Trial #28: GFLOPs: 79.4285. Time: 331.0175 us. Best GFLOPs: 97.1717
2024-05-19 17:21:33 [INFO] [task_scheduler.cc:131] [Task #6: fused_nn_conv2d_add_add_nn_relu_3] Trial #29: GFLOPs: 24.2409. Time: 1084.6202 us. Best GFLOPs: 97.1717
2024-05-19 17:21:33 [INFO] [task_scheduler.cc:131] [Task #6: fused_nn_conv2d_add_add_nn_relu_3] Trial #30: GFLOPs: 19.7895. Time: 1328.5969 us. Best GFLOPs: 97.1717
2024-05-19 17:21:33 [INFO] [task_scheduler.cc:131] [Task #6: fused_nn_conv2d_add_add_nn_relu_3] Trial #31: GFLOPs: 79.8328. Time: 329.3411 us. Best GFLOPs: 97.1717
2024-05-19 17:21:33 [INFO] [task_scheduler.cc:131] [Task #6: fused_nn_conv2d_add_add_nn_relu_3] Trial #32: GFLOPs: 24.3145. Time: 1081.3407 us. Best GFLOPs: 97.1717
2024-05-19 17:21:33 [INFO] [task_scheduler.cc:131] [Task #6: fused_nn_conv2d_add_add_nn_relu_3] Trial #33: GFLOPs: 21.7361. Time: 1209.6094 us. Best GFLOPs: 97.1717
2024-05-19 17:21:33 [INFO] [task_scheduler.cc:131] [Task #6: fused_nn_conv2d_add_add_nn_relu_3] Trial #34: GFLOPs: 16.3659. Time: 1606.5239 us. Best GFLOPs: 97.1717
2024-05-19 17:21:33 [INFO] [task_scheduler.cc:131] [Task #6: fused_nn_conv2d_add_add_nn_relu_3] Trial #35: GFLOPs: 193.8526. Time: 135.6299 us. Best GFLOPs: 193.8526
2024-05-19 17:21:33 [INFO] [task_scheduler.cc:131] [Task #6: fused_nn_conv2d_add_add_nn_relu_3] Trial #36: GFLOPs: 5.1173. Time: 5137.9295 us. Best GFLOPs: 193.8526
2024-05-19 17:21:33 [INFO] [task_scheduler.cc:131] [Task #6: fused_nn_conv2d_add_add_nn_relu_3] Trial #37: GFLOPs: 14.5093. Time: 1812.0996 us. Best GFLOPs: 193.8526
2024-05-19 17:21:33 [INFO] [task_scheduler.cc:131] [Task #6: fused_nn_conv2d_add_add_nn_relu_3] Trial #38: GFLOPs: 8.1974. Time: 3207.3726 us. Best GFLOPs: 193.8526
2024-05-19 17:21:33 [INFO] [task_scheduler.cc:131] [Task #6: fused_nn_conv2d_add_add_nn_relu_3] Trial #39: GFLOPs: 35.2135. Time: 746.6522 us. Best GFLOPs: 193.8526
2024-05-19 17:21:33 [INFO] [task_scheduler.cc:131] [Task #6: fused_nn_conv2d_add_add_nn_relu_3] Trial #40: GFLOPs: 18.0251. Time: 1458.6442 us. Best GFLOPs: 193.8526
2024-05-19 17:21:33 [INFO] [task_scheduler.cc:131] [Task #6: fused_nn_conv2d_add_add_nn_relu_3] Trial #41: GFLOPs: 95.5070. Time: 275.2910 us. Best GFLOPs: 193.8526
2024-05-19 17:21:33 [INFO] [task_scheduler.cc:131] [Task #6: fused_nn_conv2d_add_add_nn_relu_3] Trial #42: GFLOPs: 8.3213. Time: 3159.6187 us. Best GFLOPs: 193.8526
2024-05-19 17:21:33 [INFO] [task_scheduler.cc:131] [Task #6: fused_nn_conv2d_add_add_nn_relu_3] Trial #43: GFLOPs: 133.8413. Time: 196.4433 us. Best GFLOPs: 193.8526
2024-05-19 17:21:33 [INFO] [task_scheduler.cc:131] [Task #6: fused_nn_conv2d_add_add_nn_relu_3] Trial #44: GFLOPs: 119.7804. Time: 219.5036 us. Best GFLOPs: 193.8526
2024-05-19 17:21:33 [INFO] [task_scheduler.cc:131] [Task #6: fused_nn_conv2d_add_add_nn_relu_3] Trial #45: GFLOPs: 39.1537. Time: 671.5139 us. Best GFLOPs: 193.8526
2024-05-19 17:21:33 [INFO] [task_scheduler.cc:131] [Task #6: fused_nn_conv2d_add_add_nn_relu_3] Trial #46: GFLOPs: 15.8802. Time: 1655.6644 us. Best GFLOPs: 193.8526
2024-05-19 17:21:33 [INFO] [task_scheduler.cc:131] [Task #6: fused_nn_conv2d_add_add_nn_relu_3] Trial #47: GFLOPs: 3.1194. Time: 8428.4954 us. Best GFLOPs: 193.8526
2024-05-19 17:21:33 [INFO] [task_scheduler.cc:131] [Task #6: fused_nn_conv2d_add_add_nn_relu_3] Trial #48: GFLOPs: 64.2196. Time: 409.4114 us. Best GFLOPs: 193.8526
2024-05-19 17:21:33 [INFO] [task_scheduler.cc:131] [Task #6: fused_nn_conv2d_add_add_nn_relu_3] Trial #49: GFLOPs: 29.9557. Time: 877.7050 us. Best GFLOPs: 193.8526
2024-05-19 17:21:33 [INFO] [task_scheduler.cc:131] [Task #6: fused_nn_conv2d_add_add_nn_relu_3] Trial #50: GFLOPs: 17.2731. Time: 1522.1474 us. Best GFLOPs: 193.8526
2024-05-19 17:21:33 [INFO] [task_scheduler.cc:131] [Task #6: fused_nn_conv2d_add_add_nn_relu_3] Trial #51: GFLOPs: 28.6322. Time: 918.2746 us. Best GFLOPs: 193.8526
2024-05-19 17:21:33 [INFO] [task_scheduler.cc:131] [Task #6: fused_nn_conv2d_add_add_nn_relu_3] Trial #52: GFLOPs: 161.8242. Time: 162.4740 us. Best GFLOPs: 193.8526
2024-05-19 17:21:33 [INFO] [task_scheduler.cc:131] [Task #6: fused_nn_conv2d_add_add_nn_relu_3] Trial #53: GFLOPs: 49.5104. Time: 531.0444 us. Best GFLOPs: 193.8526
2024-05-19 17:21:33 [INFO] [task_scheduler.cc:131] [Task #6: fused_nn_conv2d_add_add_nn_relu_3] Trial #54: GFLOPs: 43.5944. Time: 603.1104 us. Best GFLOPs: 193.8526
2024-05-19 17:21:33 [INFO] [task_scheduler.cc:131] [Task #6: fused_nn_conv2d_add_add_nn_relu_3] Trial #55: GFLOPs: 194.3018. Time: 135.3164 us. Best GFLOPs: 194.3018
2024-05-19 17:21:33 [INFO] [task_scheduler.cc:131] [Task #6: fused_nn_conv2d_add_add_nn_relu_3] Trial #56: GFLOPs: 112.6364. Time: 233.4256 us. Best GFLOPs: 194.3018
2024-05-19 17:21:33 [INFO] [task_scheduler.cc:131] [Task #6: fused_nn_conv2d_add_add_nn_relu_3] Trial #57: GFLOPs: 97.6444. Time: 269.2650 us. Best GFLOPs: 194.3018
2024-05-19 17:21:33 [INFO] [task_scheduler.cc:131] [Task #6: fused_nn_conv2d_add_add_nn_relu_3] Trial #58: GFLOPs: 9.0967. Time: 2890.2962 us. Best GFLOPs: 194.3018
2024-05-19 17:21:33 [INFO] [task_scheduler.cc:131] [Task #6: fused_nn_conv2d_add_add_nn_relu_3] Trial #59: GFLOPs: 66.8008. Time: 393.5916 us. Best GFLOPs: 194.3018
2024-05-19 17:21:33 [INFO] [task_scheduler.cc:131] [Task #6: fused_nn_conv2d_add_add_nn_relu_3] Trial #60: GFLOPs: 113.5037. Time: 231.6420 us. Best GFLOPs: 194.3018
2024-05-19 17:21:33 [INFO] [task_scheduler.cc:131] [Task #6: fused_nn_conv2d_add_add_nn_relu_3] Trial #61: GFLOPs: 10.3991. Time: 2528.3190 us. Best GFLOPs: 194.3018
2024-05-19 17:21:33 [INFO] [task_scheduler.cc:131] [Task #6: fused_nn_conv2d_add_add_nn_relu_3] Trial #62: GFLOPs: 30.8241. Time: 852.9771 us. Best GFLOPs: 194.3018
2024-05-19 17:21:33 [INFO] [task_scheduler.cc:131] [Task #6: fused_nn_conv2d_add_add_nn_relu_3] Trial #63: GFLOPs: 19.8131. Time: 1327.0136 us. Best GFLOPs: 194.3018
2024-05-19 17:21:33 [INFO] [task_scheduler.cc:131] [Task #6: fused_nn_conv2d_add_add_nn_relu_3] Trial #64: GFLOPs: 90.4557. Time: 290.6640 us. Best GFLOPs: 194.3018
