2024-05-20 13:16:49 [INFO] [task_scheduler.cc:160] Initializing Task #24: "fused_nn_contrib_conv2d_NCHWc_add_nn_relu_23"
2024-05-20 13:16:49 [INFO] [task_scheduler.cc:35] 
# from tvm.script import ir as I
# from tvm.script import tir as T

@I.ir_module
class Module:
    @T.prim_func
    def main(p0: T.Buffer((T.int64(1), T.int64(96), T.int64(2), T.int64(2), T.int64(8)), "float32"), p1: T.Buffer((T.int64(16), T.int64(96), T.int64(1), T.int64(1), T.int64(8), T.int64(8)), "float32"), p2: T.Buffer((T.int64(1), T.int64(16), T.int64(1), T.int64(1), T.int64(8)), "float32"), T_relu: T.Buffer((T.int64(1), T.int64(16), T.int64(2), T.int64(2), T.int64(8)), "float32")):
        T.func_attr({"tir.noalias": T.bool(True)})
        # with T.block("root"):
        conv2d_NCHWc = T.alloc_buffer((T.int64(1), T.int64(16), T.int64(2), T.int64(2), T.int64(8)))
        T_add = T.alloc_buffer((T.int64(1), T.int64(16), T.int64(2), T.int64(2), T.int64(8)))
        for n, oc_chunk, oh, ow, oc_block, ic, kh, kw in T.grid(T.int64(1), T.int64(16), T.int64(2), T.int64(2), T.int64(8), T.int64(768), T.int64(1), T.int64(1)):
            with T.block("conv2d_NCHWc"):
                v_n, v_oc_chunk, v_oh, v_ow, v_oc_block, v_ic, v_kh, v_kw = T.axis.remap("SSSSSRRR", [n, oc_chunk, oh, ow, oc_block, ic, kh, kw])
                T.reads(p0[v_n, v_ic // T.int64(8), v_oh + v_kh, v_ow + v_kw, v_ic % T.int64(8)], p1[v_oc_chunk, v_ic // T.int64(8), v_kh, v_kw, v_ic % T.int64(8), v_oc_block])
                T.writes(conv2d_NCHWc[v_n, v_oc_chunk, v_oh, v_ow, v_oc_block])
                with T.init():
                    conv2d_NCHWc[v_n, v_oc_chunk, v_oh, v_ow, v_oc_block] = T.float32(0)
                conv2d_NCHWc[v_n, v_oc_chunk, v_oh, v_ow, v_oc_block] = conv2d_NCHWc[v_n, v_oc_chunk, v_oh, v_ow, v_oc_block] + p0[v_n, v_ic // T.int64(8), v_oh + v_kh, v_ow + v_kw, v_ic % T.int64(8)] * p1[v_oc_chunk, v_ic // T.int64(8), v_kh, v_kw, v_ic % T.int64(8), v_oc_block]
        for ax0, ax1, ax2, ax3, ax4 in T.grid(T.int64(1), T.int64(16), T.int64(2), T.int64(2), T.int64(8)):
            with T.block("T_add"):
                v_ax0, v_ax1, v_ax2, v_ax3, v_ax4 = T.axis.remap("SSSSS", [ax0, ax1, ax2, ax3, ax4])
                T.reads(conv2d_NCHWc[v_ax0, v_ax1, v_ax2, v_ax3, v_ax4], p2[v_ax0, v_ax1, T.int64(0), T.int64(0), v_ax4])
                T.writes(T_add[v_ax0, v_ax1, v_ax2, v_ax3, v_ax4])
                T_add[v_ax0, v_ax1, v_ax2, v_ax3, v_ax4] = conv2d_NCHWc[v_ax0, v_ax1, v_ax2, v_ax3, v_ax4] + p2[v_ax0, v_ax1, T.int64(0), T.int64(0), v_ax4]
        for ax0, ax1, ax2, ax3, ax4 in T.grid(T.int64(1), T.int64(16), T.int64(2), T.int64(2), T.int64(8)):
            with T.block("T_relu"):
                v_ax0, v_ax1, v_ax2, v_ax3, v_ax4 = T.axis.remap("SSSSS", [ax0, ax1, ax2, ax3, ax4])
                T.reads(T_add[v_ax0, v_ax1, v_ax2, v_ax3, v_ax4])
                T.writes(T_relu[v_ax0, v_ax1, v_ax2, v_ax3, v_ax4])
                T_relu[v_ax0, v_ax1, v_ax2, v_ax3, v_ax4] = T.max(T_add[v_ax0, v_ax1, v_ax2, v_ax3, v_ax4], T.float32(0))
2024-05-20 13:16:49 [INFO] [task_scheduler.cc:164] Total 3 design space(s) generated
2024-05-20 13:16:49 [INFO] [task_scheduler.cc:170] Design space #0:
# from tvm.script import ir as I
# from tvm.script import tir as T

@I.ir_module
class Module:
    @T.prim_func
    def main(p0: T.Buffer((T.int64(1), T.int64(96), T.int64(2), T.int64(2), T.int64(8)), "float32"), p1: T.Buffer((T.int64(16), T.int64(96), T.int64(1), T.int64(1), T.int64(8), T.int64(8)), "float32"), p2: T.Buffer((T.int64(1), T.int64(16), T.int64(1), T.int64(1), T.int64(8)), "float32"), T_relu: T.Buffer((T.int64(1), T.int64(16), T.int64(2), T.int64(2), T.int64(8)), "float32")):
        T.func_attr({"tir.noalias": T.bool(True)})
        with T.block("root"):
            T.reads()
            T.writes()
            T.block_attr({"meta_schedule.parallel": 96, "meta_schedule.unroll_explicit": 0, "meta_schedule.vectorize": 64})
            conv2d_NCHWc = T.alloc_buffer((T.int64(1), T.int64(16), T.int64(2), T.int64(2), T.int64(8)))
            for n_0, oc_chunk_0, oh_0, ow_0, oc_block_0, n_1, oc_chunk_1, oh_1, ow_1, oc_block_1, ic_0, kh_0, kw_0, n_2, oc_chunk_2, oh_2, ow_2, oc_block_2, ic_1, kh_1, kw_1, n_3, oc_chunk_3, oh_3, ow_3, oc_block_3 in T.grid(T.int64(1), T.int64(16), T.int64(2), T.int64(1), T.int64(1), T.int64(1), T.int64(1), T.int64(1), T.int64(1), T.int64(1), T.int64(24), T.int64(1), T.int64(1), T.int64(1), T.int64(1), T.int64(1), T.int64(1), T.int64(4), T.int64(32), T.int64(1), T.int64(1), T.int64(1), T.int64(1), T.int64(1), T.int64(2), T.int64(2)):
                with T.block("conv2d_NCHWc"):
                    v_n = T.axis.spatial(T.int64(1), n_0 + n_1 + n_2 + n_3)
                    v_oc_chunk = T.axis.spatial(T.int64(16), oc_chunk_0 + oc_chunk_1 + oc_chunk_2 + oc_chunk_3)
                    v_oh = T.axis.spatial(T.int64(2), oh_0 + oh_1 + oh_2 + oh_3)
                    v_ow = T.axis.spatial(T.int64(2), ow_0 * T.int64(2) + ow_1 * T.int64(2) + ow_2 * T.int64(2) + ow_3)
                    v_oc_block = T.axis.spatial(T.int64(8), oc_block_0 * T.int64(8) + oc_block_1 * T.int64(8) + oc_block_2 * T.int64(2) + oc_block_3)
                    v_ic = T.axis.reduce(T.int64(768), ic_0 * T.int64(32) + ic_1)
                    v_kh = T.axis.reduce(T.int64(1), kh_0 + kh_1)
                    v_kw = T.axis.reduce(T.int64(1), kw_0 + kw_1)
                    T.reads(p0[v_n, v_ic // T.int64(8), v_oh + v_kh, v_ow + v_kw, v_ic % T.int64(8)], p1[v_oc_chunk, v_ic // T.int64(8), v_kh, v_kw, v_ic % T.int64(8), v_oc_block])
                    T.writes(conv2d_NCHWc[v_n, v_oc_chunk, v_oh, v_ow, v_oc_block])
                    T.block_attr({"meta_schedule.tiling_structure": "SSRSRS"})
                    with T.init():
                        conv2d_NCHWc[v_n, v_oc_chunk, v_oh, v_ow, v_oc_block] = T.float32(0)
                    conv2d_NCHWc[v_n, v_oc_chunk, v_oh, v_ow, v_oc_block] = conv2d_NCHWc[v_n, v_oc_chunk, v_oh, v_ow, v_oc_block] + p0[v_n, v_ic // T.int64(8), v_oh + v_kh, v_ow + v_kw, v_ic % T.int64(8)] * p1[v_oc_chunk, v_ic // T.int64(8), v_kh, v_kw, v_ic % T.int64(8), v_oc_block]
            for ax0, ax1, ax2, ax3, ax4 in T.grid(T.int64(1), T.int64(16), T.int64(2), T.int64(2), T.int64(8)):
                with T.block("T_relu"):
                    v_ax0, v_ax1, v_ax2, v_ax3, v_ax4 = T.axis.remap("SSSSS", [ax0, ax1, ax2, ax3, ax4])
                    T.reads(conv2d_NCHWc[v_ax0, v_ax1, v_ax2, v_ax3, v_ax4], p2[v_ax0, v_ax1, T.int64(0), T.int64(0), v_ax4])
                    T.writes(T_relu[v_ax0, v_ax1, v_ax2, v_ax3, v_ax4])
                    T_relu[v_ax0, v_ax1, v_ax2, v_ax3, v_ax4] = T.max(conv2d_NCHWc[v_ax0, v_ax1, v_ax2, v_ax3, v_ax4] + p2[v_ax0, v_ax1, T.int64(0), T.int64(0), v_ax4], T.float32(0))
b0 = sch.get_block(name="conv2d_NCHWc", func_name="main")
b1 = sch.get_block(name="T_add", func_name="main")
b2 = sch.get_block(name="root", func_name="main")
sch.compute_inline(block=b1)
sch.annotate(block_or_loop=b0, ann_key="meta_schedule.tiling_structure", ann_val="SSRSRS")
l3, l4, l5, l6, l7, l8, l9, l10 = sch.get_loops(block=b0)
v11, v12, v13, v14 = sch.sample_perfect_tile(loop=l3, n=4, max_innermost_factor=64, decision=[1, 1, 1, 1])
l15, l16, l17, l18 = sch.split(loop=l3, factors=[v11, v12, v13, v14], preserve_unit_iters=True, disable_predication=False)
v19, v20, v21, v22 = sch.sample_perfect_tile(loop=l4, n=4, max_innermost_factor=64, decision=[16, 1, 1, 1])
l23, l24, l25, l26 = sch.split(loop=l4, factors=[v19, v20, v21, v22], preserve_unit_iters=True, disable_predication=False)
v27, v28, v29, v30 = sch.sample_perfect_tile(loop=l5, n=4, max_innermost_factor=64, decision=[2, 1, 1, 1])
l31, l32, l33, l34 = sch.split(loop=l5, factors=[v27, v28, v29, v30], preserve_unit_iters=True, disable_predication=False)
v35, v36, v37, v38 = sch.sample_perfect_tile(loop=l6, n=4, max_innermost_factor=64, decision=[1, 1, 1, 2])
l39, l40, l41, l42 = sch.split(loop=l6, factors=[v35, v36, v37, v38], preserve_unit_iters=True, disable_predication=False)
v43, v44, v45, v46 = sch.sample_perfect_tile(loop=l7, n=4, max_innermost_factor=64, decision=[1, 1, 4, 2])
l47, l48, l49, l50 = sch.split(loop=l7, factors=[v43, v44, v45, v46], preserve_unit_iters=True, disable_predication=False)
v51, v52 = sch.sample_perfect_tile(loop=l8, n=2, max_innermost_factor=64, decision=[24, 32])
l53, l54 = sch.split(loop=l8, factors=[v51, v52], preserve_unit_iters=True, disable_predication=False)
v55, v56 = sch.sample_perfect_tile(loop=l9, n=2, max_innermost_factor=64, decision=[1, 1])
l57, l58 = sch.split(loop=l9, factors=[v55, v56], preserve_unit_iters=True, disable_predication=False)
v59, v60 = sch.sample_perfect_tile(loop=l10, n=2, max_innermost_factor=64, decision=[1, 1])
l61, l62 = sch.split(loop=l10, factors=[v59, v60], preserve_unit_iters=True, disable_predication=False)
sch.reorder(l15, l23, l31, l39, l47, l16, l24, l32, l40, l48, l53, l57, l61, l17, l25, l33, l41, l49, l54, l58, l62, l18, l26, l34, l42, l50)
sch.annotate(block_or_loop=b2, ann_key="meta_schedule.parallel", ann_val=96)
sch.annotate(block_or_loop=b2, ann_key="meta_schedule.vectorize", ann_val=64)
v63 = sch.sample_categorical(candidates=[0, 16, 64, 512], probs=[0.25, 0.25, 0.25, 0.25], decision=0)
sch.annotate(block_or_loop=b2, ann_key="meta_schedule.unroll_explicit", ann_val=v63)
2024-05-20 13:16:49 [INFO] [task_scheduler.cc:170] Design space #1:
# from tvm.script import ir as I
# from tvm.script import tir as T

@I.ir_module
class Module:
    @T.prim_func
    def main(p0: T.Buffer((T.int64(1), T.int64(96), T.int64(2), T.int64(2), T.int64(8)), "float32"), p1: T.Buffer((T.int64(16), T.int64(96), T.int64(1), T.int64(1), T.int64(8), T.int64(8)), "float32"), p2: T.Buffer((T.int64(1), T.int64(16), T.int64(1), T.int64(1), T.int64(8)), "float32"), T_relu: T.Buffer((T.int64(1), T.int64(16), T.int64(2), T.int64(2), T.int64(8)), "float32")):
        T.func_attr({"tir.noalias": T.bool(True)})
        with T.block("root"):
            T.reads()
            T.writes()
            T.block_attr({"meta_schedule.parallel": 96, "meta_schedule.unroll_explicit": 0, "meta_schedule.vectorize": 64})
            conv2d_NCHWc = T.alloc_buffer((T.int64(1), T.int64(16), T.int64(2), T.int64(2), T.int64(8)))
            for n_0, oc_chunk_0, oh_0, ow_0, oc_block_0, n_1, oc_chunk_1, oh_1, ow_1, oc_block_1 in T.grid(T.int64(1), T.int64(16), T.int64(2), T.int64(1), T.int64(1), T.int64(1), T.int64(1), T.int64(1), T.int64(1), T.int64(1)):
                for ic_0, kh_0, kw_0, n_2, oc_chunk_2, oh_2, ow_2, oc_block_2, ic_1, kh_1, kw_1, n_3, oc_chunk_3, oh_3, ow_3, oc_block_3 in T.grid(T.int64(24), T.int64(1), T.int64(1), T.int64(1), T.int64(1), T.int64(1), T.int64(1), T.int64(4), T.int64(32), T.int64(1), T.int64(1), T.int64(1), T.int64(1), T.int64(1), T.int64(2), T.int64(2)):
                    with T.block("conv2d_NCHWc"):
                        v_n = T.axis.spatial(T.int64(1), n_0 + n_1 + n_2 + n_3)
                        v_oc_chunk = T.axis.spatial(T.int64(16), oc_chunk_0 + oc_chunk_1 + oc_chunk_2 + oc_chunk_3)
                        v_oh = T.axis.spatial(T.int64(2), oh_0 + oh_1 + oh_2 + oh_3)
                        v_ow = T.axis.spatial(T.int64(2), ow_0 * T.int64(2) + ow_1 * T.int64(2) + ow_2 * T.int64(2) + ow_3)
                        v_oc_block = T.axis.spatial(T.int64(8), oc_block_0 * T.int64(8) + oc_block_1 * T.int64(8) + oc_block_2 * T.int64(2) + oc_block_3)
                        v_ic = T.axis.reduce(T.int64(768), ic_0 * T.int64(32) + ic_1)
                        v_kh = T.axis.reduce(T.int64(1), kh_0 + kh_1)
                        v_kw = T.axis.reduce(T.int64(1), kw_0 + kw_1)
                        T.reads(p0[v_n, v_ic // T.int64(8), v_oh + v_kh, v_ow + v_kw, v_ic % T.int64(8)], p1[v_oc_chunk, v_ic // T.int64(8), v_kh, v_kw, v_ic % T.int64(8), v_oc_block])
                        T.writes(conv2d_NCHWc[v_n, v_oc_chunk, v_oh, v_ow, v_oc_block])
                        T.block_attr({"meta_schedule.tiling_structure": "SSRSRS"})
                        with T.init():
                            conv2d_NCHWc[v_n, v_oc_chunk, v_oh, v_ow, v_oc_block] = T.float32(0)
                        conv2d_NCHWc[v_n, v_oc_chunk, v_oh, v_ow, v_oc_block] = conv2d_NCHWc[v_n, v_oc_chunk, v_oh, v_ow, v_oc_block] + p0[v_n, v_ic // T.int64(8), v_oh + v_kh, v_ow + v_kw, v_ic % T.int64(8)] * p1[v_oc_chunk, v_ic // T.int64(8), v_kh, v_kw, v_ic % T.int64(8), v_oc_block]
                for ax0, ax1, ax2, ax3, ax4 in T.grid(T.int64(1), T.int64(1), T.int64(1), T.int64(2), T.int64(8)):
                    with T.block("T_relu"):
                        v_ax0 = T.axis.spatial(T.int64(1), ax0)
                        v_ax1 = T.axis.spatial(T.int64(16), oc_chunk_0 + ax1)
                        v_ax2 = T.axis.spatial(T.int64(2), oh_0 + ax2)
                        v_ax3, v_ax4 = T.axis.remap("SS", [ax3, ax4])
                        T.reads(conv2d_NCHWc[v_ax0, v_ax1, v_ax2, v_ax3, v_ax4], p2[v_ax0, v_ax1, T.int64(0), T.int64(0), v_ax4])
                        T.writes(T_relu[v_ax0, v_ax1, v_ax2, v_ax3, v_ax4])
                        T_relu[v_ax0, v_ax1, v_ax2, v_ax3, v_ax4] = T.max(conv2d_NCHWc[v_ax0, v_ax1, v_ax2, v_ax3, v_ax4] + p2[v_ax0, v_ax1, T.int64(0), T.int64(0), v_ax4], T.float32(0))
b0 = sch.get_block(name="conv2d_NCHWc", func_name="main")
b1 = sch.get_block(name="T_add", func_name="main")
b2 = sch.get_block(name="root", func_name="main")
sch.compute_inline(block=b1)
sch.annotate(block_or_loop=b0, ann_key="meta_schedule.tiling_structure", ann_val="SSRSRS")
l3, l4, l5, l6, l7, l8, l9, l10 = sch.get_loops(block=b0)
v11, v12, v13, v14 = sch.sample_perfect_tile(loop=l3, n=4, max_innermost_factor=64, decision=[1, 1, 1, 1])
l15, l16, l17, l18 = sch.split(loop=l3, factors=[v11, v12, v13, v14], preserve_unit_iters=True, disable_predication=False)
v19, v20, v21, v22 = sch.sample_perfect_tile(loop=l4, n=4, max_innermost_factor=64, decision=[16, 1, 1, 1])
l23, l24, l25, l26 = sch.split(loop=l4, factors=[v19, v20, v21, v22], preserve_unit_iters=True, disable_predication=False)
v27, v28, v29, v30 = sch.sample_perfect_tile(loop=l5, n=4, max_innermost_factor=64, decision=[2, 1, 1, 1])
l31, l32, l33, l34 = sch.split(loop=l5, factors=[v27, v28, v29, v30], preserve_unit_iters=True, disable_predication=False)
v35, v36, v37, v38 = sch.sample_perfect_tile(loop=l6, n=4, max_innermost_factor=64, decision=[1, 1, 1, 2])
l39, l40, l41, l42 = sch.split(loop=l6, factors=[v35, v36, v37, v38], preserve_unit_iters=True, disable_predication=False)
v43, v44, v45, v46 = sch.sample_perfect_tile(loop=l7, n=4, max_innermost_factor=64, decision=[1, 1, 4, 2])
l47, l48, l49, l50 = sch.split(loop=l7, factors=[v43, v44, v45, v46], preserve_unit_iters=True, disable_predication=False)
v51, v52 = sch.sample_perfect_tile(loop=l8, n=2, max_innermost_factor=64, decision=[24, 32])
l53, l54 = sch.split(loop=l8, factors=[v51, v52], preserve_unit_iters=True, disable_predication=False)
v55, v56 = sch.sample_perfect_tile(loop=l9, n=2, max_innermost_factor=64, decision=[1, 1])
l57, l58 = sch.split(loop=l9, factors=[v55, v56], preserve_unit_iters=True, disable_predication=False)
v59, v60 = sch.sample_perfect_tile(loop=l10, n=2, max_innermost_factor=64, decision=[1, 1])
l61, l62 = sch.split(loop=l10, factors=[v59, v60], preserve_unit_iters=True, disable_predication=False)
sch.reorder(l15, l23, l31, l39, l47, l16, l24, l32, l40, l48, l53, l57, l61, l17, l25, l33, l41, l49, l54, l58, l62, l18, l26, l34, l42, l50)
b63, = sch.get_consumers(block=b0)
sch.reverse_compute_at(block=b63, loop=l48, preserve_unit_loops=True, index=-1)
sch.annotate(block_or_loop=b2, ann_key="meta_schedule.parallel", ann_val=96)
sch.annotate(block_or_loop=b2, ann_key="meta_schedule.vectorize", ann_val=64)
v64 = sch.sample_categorical(candidates=[0, 16, 64, 512], probs=[0.25, 0.25, 0.25, 0.25], decision=0)
sch.annotate(block_or_loop=b2, ann_key="meta_schedule.unroll_explicit", ann_val=v64)
2024-05-20 13:16:49 [INFO] [task_scheduler.cc:170] Design space #2:
# from tvm.script import ir as I
# from tvm.script import tir as T

@I.ir_module
class Module:
    @T.prim_func
    def main(p0: T.Buffer((T.int64(1), T.int64(96), T.int64(2), T.int64(2), T.int64(8)), "float32"), p1: T.Buffer((T.int64(16), T.int64(96), T.int64(1), T.int64(1), T.int64(8), T.int64(8)), "float32"), p2: T.Buffer((T.int64(1), T.int64(16), T.int64(1), T.int64(1), T.int64(8)), "float32"), T_relu: T.Buffer((T.int64(1), T.int64(16), T.int64(2), T.int64(2), T.int64(8)), "float32")):
        T.func_attr({"tir.noalias": T.bool(True)})
        with T.block("root"):
            T.reads()
            T.writes()
            T.block_attr({"meta_schedule.parallel": 96, "meta_schedule.unroll_explicit": 0, "meta_schedule.vectorize": 64})
            conv2d_NCHWc = T.alloc_buffer((T.int64(1), T.int64(16), T.int64(2), T.int64(2), T.int64(8)))
            for n_0, oc_chunk_0, oh_0, ow_0, oc_block_0 in T.grid(T.int64(1), T.int64(16), T.int64(2), T.int64(1), T.int64(1)):
                for n_1, oc_chunk_1, oh_1, ow_1, oc_block_1, ic_0, kh_0, kw_0, n_2, oc_chunk_2, oh_2, ow_2, oc_block_2, ic_1, kh_1, kw_1, n_3, oc_chunk_3, oh_3, ow_3, oc_block_3 in T.grid(T.int64(1), T.int64(1), T.int64(1), T.int64(1), T.int64(1), T.int64(24), T.int64(1), T.int64(1), T.int64(1), T.int64(1), T.int64(1), T.int64(1), T.int64(4), T.int64(32), T.int64(1), T.int64(1), T.int64(1), T.int64(1), T.int64(1), T.int64(2), T.int64(2)):
                    with T.block("conv2d_NCHWc"):
                        v_n = T.axis.spatial(T.int64(1), n_0 + n_1 + n_2 + n_3)
                        v_oc_chunk = T.axis.spatial(T.int64(16), oc_chunk_0 + oc_chunk_1 + oc_chunk_2 + oc_chunk_3)
                        v_oh = T.axis.spatial(T.int64(2), oh_0 + oh_1 + oh_2 + oh_3)
                        v_ow = T.axis.spatial(T.int64(2), ow_0 * T.int64(2) + ow_1 * T.int64(2) + ow_2 * T.int64(2) + ow_3)
                        v_oc_block = T.axis.spatial(T.int64(8), oc_block_0 * T.int64(8) + oc_block_1 * T.int64(8) + oc_block_2 * T.int64(2) + oc_block_3)
                        v_ic = T.axis.reduce(T.int64(768), ic_0 * T.int64(32) + ic_1)
                        v_kh = T.axis.reduce(T.int64(1), kh_0 + kh_1)
                        v_kw = T.axis.reduce(T.int64(1), kw_0 + kw_1)
                        T.reads(p0[v_n, v_ic // T.int64(8), v_oh + v_kh, v_ow + v_kw, v_ic % T.int64(8)], p1[v_oc_chunk, v_ic // T.int64(8), v_kh, v_kw, v_ic % T.int64(8), v_oc_block])
                        T.writes(conv2d_NCHWc[v_n, v_oc_chunk, v_oh, v_ow, v_oc_block])
                        T.block_attr({"meta_schedule.tiling_structure": "SSRSRS"})
                        with T.init():
                            conv2d_NCHWc[v_n, v_oc_chunk, v_oh, v_ow, v_oc_block] = T.float32(0)
                        conv2d_NCHWc[v_n, v_oc_chunk, v_oh, v_ow, v_oc_block] = conv2d_NCHWc[v_n, v_oc_chunk, v_oh, v_ow, v_oc_block] + p0[v_n, v_ic // T.int64(8), v_oh + v_kh, v_ow + v_kw, v_ic % T.int64(8)] * p1[v_oc_chunk, v_ic // T.int64(8), v_kh, v_kw, v_ic % T.int64(8), v_oc_block]
                for ax0, ax1, ax2, ax3, ax4 in T.grid(T.int64(1), T.int64(1), T.int64(1), T.int64(2), T.int64(8)):
                    with T.block("T_relu"):
                        v_ax0 = T.axis.spatial(T.int64(1), ax0)
                        v_ax1 = T.axis.spatial(T.int64(16), oc_chunk_0 + ax1)
                        v_ax2 = T.axis.spatial(T.int64(2), oh_0 + ax2)
                        v_ax3, v_ax4 = T.axis.remap("SS", [ax3, ax4])
                        T.reads(conv2d_NCHWc[v_ax0, v_ax1, v_ax2, v_ax3, v_ax4], p2[v_ax0, v_ax1, T.int64(0), T.int64(0), v_ax4])
                        T.writes(T_relu[v_ax0, v_ax1, v_ax2, v_ax3, v_ax4])
                        T_relu[v_ax0, v_ax1, v_ax2, v_ax3, v_ax4] = T.max(conv2d_NCHWc[v_ax0, v_ax1, v_ax2, v_ax3, v_ax4] + p2[v_ax0, v_ax1, T.int64(0), T.int64(0), v_ax4], T.float32(0))
b0 = sch.get_block(name="conv2d_NCHWc", func_name="main")
b1 = sch.get_block(name="T_add", func_name="main")
b2 = sch.get_block(name="root", func_name="main")
sch.compute_inline(block=b1)
sch.annotate(block_or_loop=b0, ann_key="meta_schedule.tiling_structure", ann_val="SSRSRS")
l3, l4, l5, l6, l7, l8, l9, l10 = sch.get_loops(block=b0)
v11, v12, v13, v14 = sch.sample_perfect_tile(loop=l3, n=4, max_innermost_factor=64, decision=[1, 1, 1, 1])
l15, l16, l17, l18 = sch.split(loop=l3, factors=[v11, v12, v13, v14], preserve_unit_iters=True, disable_predication=False)
v19, v20, v21, v22 = sch.sample_perfect_tile(loop=l4, n=4, max_innermost_factor=64, decision=[16, 1, 1, 1])
l23, l24, l25, l26 = sch.split(loop=l4, factors=[v19, v20, v21, v22], preserve_unit_iters=True, disable_predication=False)
v27, v28, v29, v30 = sch.sample_perfect_tile(loop=l5, n=4, max_innermost_factor=64, decision=[2, 1, 1, 1])
l31, l32, l33, l34 = sch.split(loop=l5, factors=[v27, v28, v29, v30], preserve_unit_iters=True, disable_predication=False)
v35, v36, v37, v38 = sch.sample_perfect_tile(loop=l6, n=4, max_innermost_factor=64, decision=[1, 1, 1, 2])
l39, l40, l41, l42 = sch.split(loop=l6, factors=[v35, v36, v37, v38], preserve_unit_iters=True, disable_predication=False)
v43, v44, v45, v46 = sch.sample_perfect_tile(loop=l7, n=4, max_innermost_factor=64, decision=[1, 1, 4, 2])
l47, l48, l49, l50 = sch.split(loop=l7, factors=[v43, v44, v45, v46], preserve_unit_iters=True, disable_predication=False)
v51, v52 = sch.sample_perfect_tile(loop=l8, n=2, max_innermost_factor=64, decision=[24, 32])
l53, l54 = sch.split(loop=l8, factors=[v51, v52], preserve_unit_iters=True, disable_predication=False)
v55, v56 = sch.sample_perfect_tile(loop=l9, n=2, max_innermost_factor=64, decision=[1, 1])
l57, l58 = sch.split(loop=l9, factors=[v55, v56], preserve_unit_iters=True, disable_predication=False)
v59, v60 = sch.sample_perfect_tile(loop=l10, n=2, max_innermost_factor=64, decision=[1, 1])
l61, l62 = sch.split(loop=l10, factors=[v59, v60], preserve_unit_iters=True, disable_predication=False)
sch.reorder(l15, l23, l31, l39, l47, l16, l24, l32, l40, l48, l53, l57, l61, l17, l25, l33, l41, l49, l54, l58, l62, l18, l26, l34, l42, l50)
b63, = sch.get_consumers(block=b0)
sch.reverse_compute_at(block=b63, loop=l47, preserve_unit_loops=True, index=-1)
sch.annotate(block_or_loop=b2, ann_key="meta_schedule.parallel", ann_val=96)
sch.annotate(block_or_loop=b2, ann_key="meta_schedule.vectorize", ann_val=64)
v64 = sch.sample_categorical(candidates=[0, 16, 64, 512], probs=[0.25, 0.25, 0.25, 0.25], decision=0)
sch.annotate(block_or_loop=b2, ann_key="meta_schedule.unroll_explicit", ann_val=v64)
2024-05-20 14:01:18 [INFO] [evolutionary_search.cc:713] Generating candidates......
2024-05-20 14:01:18 [INFO] [evolutionary_search.cc:715] Picked top 0 candidate(s) from database
2024-05-20 14:01:19 [INFO] [evolutionary_search.cc:533] Sample-Init-Population summary:
Postproc #0 [meta_schedule.DisallowDynamicLoop(0x42f84a78)]: 0 failure(s)
Postproc #1 [meta_schedule.RewriteParallelVectorizeUnroll(0x49b0cce8)]: 0 failure(s)
Postproc #2 [meta_schedule.RewriteReductionBlock(0x4bdd8f18)]: 0 failure(s)
Postproc #3 [meta_schedule.RewriteLayout(0x461183e8)]: 0 failure(s)
2024-05-20 14:01:19 [INFO] [evolutionary_search.cc:723] Sampled 512 candidate(s)
2024-05-20 14:01:20 [INFO] [evolutionary_search.cc:621] Evolve iter #0 done. Summary:
Postproc #0 [meta_schedule.DisallowDynamicLoop(0x42f84a78)]: 0 failure(s)
Postproc #1 [meta_schedule.RewriteParallelVectorizeUnroll(0x49b0cce8)]: 0 failure(s)
Postproc #2 [meta_schedule.RewriteReductionBlock(0x4bdd8f18)]: 0 failure(s)
Postproc #3 [meta_schedule.RewriteLayout(0x461183e8)]: 0 failure(s)
2024-05-20 14:01:21 [INFO] [evolutionary_search.cc:621] Evolve iter #1 done. Summary:
Postproc #0 [meta_schedule.DisallowDynamicLoop(0x42f84a78)]: 0 failure(s)
Postproc #1 [meta_schedule.RewriteParallelVectorizeUnroll(0x49b0cce8)]: 0 failure(s)
Postproc #2 [meta_schedule.RewriteReductionBlock(0x4bdd8f18)]: 0 failure(s)
Postproc #3 [meta_schedule.RewriteLayout(0x461183e8)]: 0 failure(s)
2024-05-20 14:01:22 [INFO] [evolutionary_search.cc:621] Evolve iter #2 done. Summary:
Postproc #0 [meta_schedule.DisallowDynamicLoop(0x42f84a78)]: 0 failure(s)
Postproc #1 [meta_schedule.RewriteParallelVectorizeUnroll(0x49b0cce8)]: 0 failure(s)
Postproc #2 [meta_schedule.RewriteReductionBlock(0x4bdd8f18)]: 0 failure(s)
Postproc #3 [meta_schedule.RewriteLayout(0x461183e8)]: 0 failure(s)
2024-05-20 14:01:23 [INFO] [evolutionary_search.cc:621] Evolve iter #3 done. Summary:
Postproc #0 [meta_schedule.DisallowDynamicLoop(0x42f84a78)]: 0 failure(s)
Postproc #1 [meta_schedule.RewriteParallelVectorizeUnroll(0x49b0cce8)]: 0 failure(s)
Postproc #2 [meta_schedule.RewriteReductionBlock(0x4bdd8f18)]: 0 failure(s)
Postproc #3 [meta_schedule.RewriteLayout(0x461183e8)]: 0 failure(s)
2024-05-20 14:01:23 [INFO] [evolutionary_search.cc:649] Scores of the best 64 candidates:
[1 : 16]:	0.9994  0.9992  0.9981  0.9978  0.9973  0.9964  0.9961  0.9946  0.9939  0.9937  0.9936  0.9927  0.9926  0.9921  0.9921  0.9919
[17 : 32]:	0.9911  0.9908  0.9907  0.9900  0.9888  0.9878  0.9859  0.9852  0.9851  0.9849  0.9846  0.9845  0.9836  0.9834  0.9830  0.9829
[33 : 48]:	0.9828  0.9827  0.9826  0.9825  0.9823  0.9819  0.9812  0.9808  0.9807  0.9803  0.9799  0.9793  0.9792  0.9789  0.9780  0.9780
[49 : 64]:	0.9779  0.9771  0.9767  0.9765  0.9763  0.9754  0.9751  0.9744  0.9739  0.9738  0.9729  0.9720  0.9713  0.9712  0.9709  0.9706
2024-05-20 14:01:23 [INFO] [evolutionary_search.cc:727] Got 64 candidate(s) with evolutionary search
2024-05-20 14:01:23 [INFO] [evolutionary_search.cc:730] Sending 64 candidates(s) for measurement
2024-05-20 15:31:13 [INFO] [task_scheduler.cc:131] [Task #24: fused_nn_contrib_conv2d_NCHWc_add_nn_relu_23] Trial #1: GFLOPs: 35.3484. Time: 22.2770 us. Best GFLOPs: 35.3484
2024-05-20 15:31:13 [INFO] [task_scheduler.cc:131] [Task #24: fused_nn_contrib_conv2d_NCHWc_add_nn_relu_23] Trial #2: GFLOPs: 16.2149. Time: 48.5638 us. Best GFLOPs: 35.3484
2024-05-20 15:31:13 [INFO] [task_scheduler.cc:131] [Task #24: fused_nn_contrib_conv2d_NCHWc_add_nn_relu_23] Trial #3: GFLOPs: 13.1157. Time: 60.0394 us. Best GFLOPs: 35.3484
2024-05-20 15:31:13 [INFO] [task_scheduler.cc:131] [Task #24: fused_nn_contrib_conv2d_NCHWc_add_nn_relu_23] Trial #4: GFLOPs: 15.1060. Time: 52.1288 us. Best GFLOPs: 35.3484
2024-05-20 15:31:13 [INFO] [task_scheduler.cc:131] [Task #24: fused_nn_contrib_conv2d_NCHWc_add_nn_relu_23] Trial #5: GFLOPs: 10.6897. Time: 73.6652 us. Best GFLOPs: 35.3484
2024-05-20 15:31:13 [INFO] [task_scheduler.cc:131] [Task #24: fused_nn_contrib_conv2d_NCHWc_add_nn_relu_23] Trial #6: GFLOPs: 23.2969. Time: 33.8009 us. Best GFLOPs: 35.3484
2024-05-20 15:31:13 [INFO] [task_scheduler.cc:131] [Task #24: fused_nn_contrib_conv2d_NCHWc_add_nn_relu_23] Trial #7: GFLOPs: 1.7505. Time: 449.8478 us. Best GFLOPs: 35.3484
2024-05-20 15:31:13 [INFO] [task_scheduler.cc:131] [Task #24: fused_nn_contrib_conv2d_NCHWc_add_nn_relu_23] Trial #8: GFLOPs: 11.0683. Time: 71.1449 us. Best GFLOPs: 35.3484
2024-05-20 15:31:13 [INFO] [task_scheduler.cc:131] [Task #24: fused_nn_contrib_conv2d_NCHWc_add_nn_relu_23] Trial #9: GFLOPs: 7.1473. Time: 110.1753 us. Best GFLOPs: 35.3484
2024-05-20 15:31:13 [INFO] [task_scheduler.cc:131] [Task #24: fused_nn_contrib_conv2d_NCHWc_add_nn_relu_23] Trial #10: GFLOPs: 9.4592. Time: 83.2474 us. Best GFLOPs: 35.3484
2024-05-20 15:31:13 [INFO] [task_scheduler.cc:131] [Task #24: fused_nn_contrib_conv2d_NCHWc_add_nn_relu_23] Trial #11: GFLOPs: 12.0999. Time: 65.0795 us. Best GFLOPs: 35.3484
2024-05-20 15:31:13 [INFO] [task_scheduler.cc:131] [Task #24: fused_nn_contrib_conv2d_NCHWc_add_nn_relu_23] Trial #12: GFLOPs: 15.2186. Time: 51.7429 us. Best GFLOPs: 35.3484
2024-05-20 15:31:13 [INFO] [task_scheduler.cc:131] [Task #24: fused_nn_contrib_conv2d_NCHWc_add_nn_relu_23] Trial #13: GFLOPs: 41.8701. Time: 18.8071 us. Best GFLOPs: 41.8701
2024-05-20 15:31:13 [INFO] [task_scheduler.cc:131] [Task #24: fused_nn_contrib_conv2d_NCHWc_add_nn_relu_23] Trial #14: GFLOPs: 8.0457. Time: 97.8731 us. Best GFLOPs: 41.8701
2024-05-20 15:31:13 [INFO] [task_scheduler.cc:131] [Task #24: fused_nn_contrib_conv2d_NCHWc_add_nn_relu_23] Trial #15: GFLOPs: 16.3798. Time: 48.0748 us. Best GFLOPs: 41.8701
2024-05-20 15:31:13 [INFO] [task_scheduler.cc:131] [Task #24: fused_nn_contrib_conv2d_NCHWc_add_nn_relu_23] Trial #16: GFLOPs: 13.6682. Time: 57.6121 us. Best GFLOPs: 41.8701
2024-05-20 15:31:13 [INFO] [task_scheduler.cc:131] [Task #24: fused_nn_contrib_conv2d_NCHWc_add_nn_relu_23] Trial #17: GFLOPs: 8.2764. Time: 95.1444 us. Best GFLOPs: 41.8701
2024-05-20 15:31:13 [INFO] [task_scheduler.cc:131] [Task #24: fused_nn_contrib_conv2d_NCHWc_add_nn_relu_23] Trial #18: GFLOPs: 8.7830. Time: 89.6569 us. Best GFLOPs: 41.8701
2024-05-20 15:31:13 [INFO] [task_scheduler.cc:131] [Task #24: fused_nn_contrib_conv2d_NCHWc_add_nn_relu_23] Trial #19: GFLOPs: 24.9448. Time: 31.5680 us. Best GFLOPs: 41.8701
2024-05-20 15:31:13 [INFO] [task_scheduler.cc:131] [Task #24: fused_nn_contrib_conv2d_NCHWc_add_nn_relu_23] Trial #20: GFLOPs: 14.7911. Time: 53.2384 us. Best GFLOPs: 41.8701
2024-05-20 15:31:13 [INFO] [task_scheduler.cc:131] [Task #24: fused_nn_contrib_conv2d_NCHWc_add_nn_relu_23] Trial #21: GFLOPs: 13.7121. Time: 57.4279 us. Best GFLOPs: 41.8701
2024-05-20 15:31:13 [INFO] [task_scheduler.cc:131] [Task #24: fused_nn_contrib_conv2d_NCHWc_add_nn_relu_23] Trial #22: GFLOPs: 28.9636. Time: 27.1877 us. Best GFLOPs: 41.8701
2024-05-20 15:31:13 [INFO] [task_scheduler.cc:131] [Task #24: fused_nn_contrib_conv2d_NCHWc_add_nn_relu_23] Trial #23: GFLOPs: 22.8129. Time: 34.5180 us. Best GFLOPs: 41.8701
2024-05-20 15:31:13 [INFO] [task_scheduler.cc:131] [Task #24: fused_nn_contrib_conv2d_NCHWc_add_nn_relu_23] Trial #24: GFLOPs: 5.2345. Time: 150.4371 us. Best GFLOPs: 41.8701
2024-05-20 15:31:13 [INFO] [task_scheduler.cc:131] [Task #24: fused_nn_contrib_conv2d_NCHWc_add_nn_relu_23] Trial #25: GFLOPs: 17.6375. Time: 44.6468 us. Best GFLOPs: 41.8701
2024-05-20 15:31:13 [INFO] [task_scheduler.cc:131] [Task #24: fused_nn_contrib_conv2d_NCHWc_add_nn_relu_23] Trial #26: GFLOPs: 13.3017. Time: 59.1995 us. Best GFLOPs: 41.8701
2024-05-20 15:31:13 [INFO] [task_scheduler.cc:131] [Task #24: fused_nn_contrib_conv2d_NCHWc_add_nn_relu_23] Trial #27: GFLOPs: 12.6050. Time: 62.4716 us. Best GFLOPs: 41.8701
2024-05-20 15:31:13 [INFO] [task_scheduler.cc:131] [Task #24: fused_nn_contrib_conv2d_NCHWc_add_nn_relu_23] Trial #28: GFLOPs: 10.4217. Time: 75.5595 us. Best GFLOPs: 41.8701
2024-05-20 15:31:13 [INFO] [task_scheduler.cc:131] [Task #24: fused_nn_contrib_conv2d_NCHWc_add_nn_relu_23] Trial #29: GFLOPs: 19.2218. Time: 40.9669 us. Best GFLOPs: 41.8701
2024-05-20 15:31:13 [INFO] [task_scheduler.cc:131] [Task #24: fused_nn_contrib_conv2d_NCHWc_add_nn_relu_23] Trial #30: GFLOPs: 8.7993. Time: 89.4907 us. Best GFLOPs: 41.8701
2024-05-20 15:31:13 [INFO] [task_scheduler.cc:131] [Task #24: fused_nn_contrib_conv2d_NCHWc_add_nn_relu_23] Trial #31: GFLOPs: 28.0167. Time: 28.1066 us. Best GFLOPs: 41.8701
2024-05-20 15:31:13 [INFO] [task_scheduler.cc:131] [Task #24: fused_nn_contrib_conv2d_NCHWc_add_nn_relu_23] Trial #32: GFLOPs: 24.2797. Time: 32.4327 us. Best GFLOPs: 41.8701
2024-05-20 15:31:13 [INFO] [task_scheduler.cc:131] [Task #24: fused_nn_contrib_conv2d_NCHWc_add_nn_relu_23] Trial #33: GFLOPs: 75.6213. Time: 10.4132 us. Best GFLOPs: 75.6213
2024-05-20 15:31:13 [INFO] [task_scheduler.cc:131] [Task #24: fused_nn_contrib_conv2d_NCHWc_add_nn_relu_23] Trial #34: GFLOPs: 12.9038. Time: 61.0252 us. Best GFLOPs: 75.6213
2024-05-20 15:31:13 [INFO] [task_scheduler.cc:131] [Task #24: fused_nn_contrib_conv2d_NCHWc_add_nn_relu_23] Trial #35: GFLOPs: 11.4145. Time: 68.9875 us. Best GFLOPs: 75.6213
2024-05-20 15:31:13 [INFO] [task_scheduler.cc:131] [Task #24: fused_nn_contrib_conv2d_NCHWc_add_nn_relu_23] Trial #36: GFLOPs: 14.6879. Time: 53.6127 us. Best GFLOPs: 75.6213
2024-05-20 15:31:13 [INFO] [task_scheduler.cc:131] [Task #24: fused_nn_contrib_conv2d_NCHWc_add_nn_relu_23] Trial #37: GFLOPs: 27.8158. Time: 28.3096 us. Best GFLOPs: 75.6213
2024-05-20 15:31:13 [INFO] [task_scheduler.cc:131] [Task #24: fused_nn_contrib_conv2d_NCHWc_add_nn_relu_23] Trial #38: GFLOPs: 0.2925. Time: 2691.7872 us. Best GFLOPs: 75.6213
2024-05-20 15:31:13 [INFO] [task_scheduler.cc:131] [Task #24: fused_nn_contrib_conv2d_NCHWc_add_nn_relu_23] Trial #39: GFLOPs: 32.9877. Time: 23.8712 us. Best GFLOPs: 75.6213
2024-05-20 15:31:13 [INFO] [task_scheduler.cc:131] [Task #24: fused_nn_contrib_conv2d_NCHWc_add_nn_relu_23] Trial #40: GFLOPs: 11.6184. Time: 67.7769 us. Best GFLOPs: 75.6213
2024-05-20 15:31:13 [INFO] [task_scheduler.cc:131] [Task #24: fused_nn_contrib_conv2d_NCHWc_add_nn_relu_23] Trial #41: GFLOPs: 5.2560. Time: 149.8216 us. Best GFLOPs: 75.6213
2024-05-20 15:31:13 [INFO] [task_scheduler.cc:131] [Task #24: fused_nn_contrib_conv2d_NCHWc_add_nn_relu_23] Trial #42: GFLOPs: 14.1293. Time: 55.7322 us. Best GFLOPs: 75.6213
2024-05-20 15:31:13 [INFO] [task_scheduler.cc:131] [Task #24: fused_nn_contrib_conv2d_NCHWc_add_nn_relu_23] Trial #43: GFLOPs: 16.5593. Time: 47.5537 us. Best GFLOPs: 75.6213
2024-05-20 15:31:13 [INFO] [task_scheduler.cc:131] [Task #24: fused_nn_contrib_conv2d_NCHWc_add_nn_relu_23] Trial #44: GFLOPs: 0.9046. Time: 870.4874 us. Best GFLOPs: 75.6213
2024-05-20 15:31:13 [INFO] [task_scheduler.cc:131] [Task #24: fused_nn_contrib_conv2d_NCHWc_add_nn_relu_23] Trial #45: GFLOPs: 12.3297. Time: 63.8664 us. Best GFLOPs: 75.6213
2024-05-20 15:31:13 [INFO] [task_scheduler.cc:131] [Task #24: fused_nn_contrib_conv2d_NCHWc_add_nn_relu_23] Trial #46: GFLOPs: 32.1419. Time: 24.4994 us. Best GFLOPs: 75.6213
2024-05-20 15:31:13 [INFO] [task_scheduler.cc:131] [Task #24: fused_nn_contrib_conv2d_NCHWc_add_nn_relu_23] Trial #47: GFLOPs: 6.8154. Time: 115.5412 us. Best GFLOPs: 75.6213
2024-05-20 15:31:13 [INFO] [task_scheduler.cc:131] [Task #24: fused_nn_contrib_conv2d_NCHWc_add_nn_relu_23] Trial #48: GFLOPs: 34.2181. Time: 23.0129 us. Best GFLOPs: 75.6213
2024-05-20 15:31:13 [INFO] [task_scheduler.cc:131] [Task #24: fused_nn_contrib_conv2d_NCHWc_add_nn_relu_23] Trial #49: GFLOPs: 24.4738. Time: 32.1754 us. Best GFLOPs: 75.6213
2024-05-20 15:31:13 [INFO] [task_scheduler.cc:131] [Task #24: fused_nn_contrib_conv2d_NCHWc_add_nn_relu_23] Trial #50: GFLOPs: 12.0544. Time: 65.3252 us. Best GFLOPs: 75.6213
2024-05-20 15:31:13 [INFO] [task_scheduler.cc:131] [Task #24: fused_nn_contrib_conv2d_NCHWc_add_nn_relu_23] Trial #51: GFLOPs: 16.9811. Time: 46.3725 us. Best GFLOPs: 75.6213
2024-05-20 15:31:13 [INFO] [task_scheduler.cc:131] [Task #24: fused_nn_contrib_conv2d_NCHWc_add_nn_relu_23] Trial #52: GFLOPs: 19.4602. Time: 40.4649 us. Best GFLOPs: 75.6213
2024-05-20 15:31:13 [INFO] [task_scheduler.cc:131] [Task #24: fused_nn_contrib_conv2d_NCHWc_add_nn_relu_23] Trial #53: GFLOPs: 26.6211. Time: 29.5801 us. Best GFLOPs: 75.6213
2024-05-20 15:31:13 [INFO] [task_scheduler.cc:131] [Task #24: fused_nn_contrib_conv2d_NCHWc_add_nn_relu_23] Trial #54: GFLOPs: 13.4791. Time: 58.4204 us. Best GFLOPs: 75.6213
2024-05-20 15:31:13 [INFO] [task_scheduler.cc:131] [Task #24: fused_nn_contrib_conv2d_NCHWc_add_nn_relu_23] Trial #55: GFLOPs: 18.5537. Time: 42.4420 us. Best GFLOPs: 75.6213
2024-05-20 15:31:13 [INFO] [task_scheduler.cc:131] [Task #24: fused_nn_contrib_conv2d_NCHWc_add_nn_relu_23] Trial #56: GFLOPs: 14.2274. Time: 55.3480 us. Best GFLOPs: 75.6213
2024-05-20 15:31:13 [INFO] [task_scheduler.cc:131] [Task #24: fused_nn_contrib_conv2d_NCHWc_add_nn_relu_23] Trial #57: GFLOPs: 31.8357. Time: 24.7350 us. Best GFLOPs: 75.6213
2024-05-20 15:31:13 [INFO] [task_scheduler.cc:131] [Task #24: fused_nn_contrib_conv2d_NCHWc_add_nn_relu_23] Trial #58: GFLOPs: 10.3227. Time: 76.2841 us. Best GFLOPs: 75.6213
2024-05-20 15:31:13 [INFO] [task_scheduler.cc:131] [Task #24: fused_nn_contrib_conv2d_NCHWc_add_nn_relu_23] Trial #59: GFLOPs: 17.9627. Time: 43.8385 us. Best GFLOPs: 75.6213
2024-05-20 15:31:13 [INFO] [task_scheduler.cc:131] [Task #24: fused_nn_contrib_conv2d_NCHWc_add_nn_relu_23] Trial #60: GFLOPs: 12.5577. Time: 62.7069 us. Best GFLOPs: 75.6213
2024-05-20 15:31:13 [INFO] [task_scheduler.cc:131] [Task #24: fused_nn_contrib_conv2d_NCHWc_add_nn_relu_23] Trial #61: GFLOPs: 39.3243. Time: 20.0247 us. Best GFLOPs: 75.6213
2024-05-20 15:31:13 [INFO] [task_scheduler.cc:131] [Task #24: fused_nn_contrib_conv2d_NCHWc_add_nn_relu_23] Trial #62: GFLOPs: 17.5615. Time: 44.8399 us. Best GFLOPs: 75.6213
2024-05-20 15:31:13 [INFO] [task_scheduler.cc:131] [Task #24: fused_nn_contrib_conv2d_NCHWc_add_nn_relu_23] Trial #63: GFLOPs: 12.5039. Time: 62.9766 us. Best GFLOPs: 75.6213
2024-05-20 15:31:13 [INFO] [task_scheduler.cc:131] [Task #24: fused_nn_contrib_conv2d_NCHWc_add_nn_relu_23] Trial #64: GFLOPs: 24.2653. Time: 32.4520 us. Best GFLOPs: 75.6213
2024-05-20 16:39:22 [INFO] [evolutionary_search.cc:713] Generating candidates......
2024-05-20 16:39:22 [INFO] [evolutionary_search.cc:715] Picked top 64 candidate(s) from database
2024-05-20 16:39:23 [INFO] [evolutionary_search.cc:533] Sample-Init-Population summary:
Postproc #0 [meta_schedule.DisallowDynamicLoop(0x42f84a78)]: 0 failure(s)
Postproc #1 [meta_schedule.RewriteParallelVectorizeUnroll(0x49b0cce8)]: 0 failure(s)
Postproc #2 [meta_schedule.RewriteReductionBlock(0x4bdd8f18)]: 0 failure(s)
Postproc #3 [meta_schedule.RewriteLayout(0x461183e8)]: 0 failure(s)
2024-05-20 16:39:23 [INFO] [evolutionary_search.cc:723] Sampled 448 candidate(s)
2024-05-20 16:39:25 [INFO] [evolutionary_search.cc:621] Evolve iter #0 done. Summary:
Postproc #0 [meta_schedule.DisallowDynamicLoop(0x42f84a78)]: 0 failure(s)
Postproc #1 [meta_schedule.RewriteParallelVectorizeUnroll(0x49b0cce8)]: 0 failure(s)
Postproc #2 [meta_schedule.RewriteReductionBlock(0x4bdd8f18)]: 0 failure(s)
Postproc #3 [meta_schedule.RewriteLayout(0x461183e8)]: 0 failure(s)
2024-05-20 16:39:27 [INFO] [evolutionary_search.cc:621] Evolve iter #1 done. Summary:
Postproc #0 [meta_schedule.DisallowDynamicLoop(0x42f84a78)]: 0 failure(s)
Postproc #1 [meta_schedule.RewriteParallelVectorizeUnroll(0x49b0cce8)]: 0 failure(s)
Postproc #2 [meta_schedule.RewriteReductionBlock(0x4bdd8f18)]: 0 failure(s)
Postproc #3 [meta_schedule.RewriteLayout(0x461183e8)]: 0 failure(s)
2024-05-20 16:39:29 [INFO] [evolutionary_search.cc:621] Evolve iter #2 done. Summary:
Postproc #0 [meta_schedule.DisallowDynamicLoop(0x42f84a78)]: 0 failure(s)
Postproc #1 [meta_schedule.RewriteParallelVectorizeUnroll(0x49b0cce8)]: 0 failure(s)
Postproc #2 [meta_schedule.RewriteReductionBlock(0x4bdd8f18)]: 0 failure(s)
Postproc #3 [meta_schedule.RewriteLayout(0x461183e8)]: 0 failure(s)
2024-05-20 16:39:31 [INFO] [evolutionary_search.cc:621] Evolve iter #3 done. Summary:
Postproc #0 [meta_schedule.DisallowDynamicLoop(0x42f84a78)]: 0 failure(s)
Postproc #1 [meta_schedule.RewriteParallelVectorizeUnroll(0x49b0cce8)]: 0 failure(s)
Postproc #2 [meta_schedule.RewriteReductionBlock(0x4bdd8f18)]: 0 failure(s)
Postproc #3 [meta_schedule.RewriteLayout(0x461183e8)]: 0 failure(s)
2024-05-20 16:39:33 [INFO] [evolutionary_search.cc:649] Scores of the best 64 candidates:
[1 : 16]:	0.9430  0.9188  0.8820  0.8768  0.8729  0.8323  0.8241  0.8239  0.8238  0.8227  0.8162  0.8099  0.8094  0.8078  0.8072  0.8006
[17 : 32]:	0.7962  0.7951  0.7940  0.7937  0.7916  0.7891  0.7861  0.7841  0.7811  0.7793  0.7744  0.7737  0.7736  0.7706  0.7668  0.7662
[33 : 48]:	0.7654  0.7611  0.7611  0.7611  0.7597  0.7596  0.7581  0.7581  0.7574  0.7565  0.7529  0.7529  0.7527  0.7520  0.7495  0.7495
[49 : 64]:	0.7491  0.7489  0.7489  0.7466  0.7455  0.7452  0.7445  0.7435  0.7426  0.7424  0.7402  0.7393  0.7393  0.7379  0.7351  0.7327
2024-05-20 16:39:33 [INFO] [evolutionary_search.cc:727] Got 64 candidate(s) with evolutionary search
2024-05-20 16:39:33 [INFO] [evolutionary_search.cc:730] Sending 64 candidates(s) for measurement
2024-05-20 16:41:09 [INFO] [task_scheduler.cc:131] [Task #24: fused_nn_contrib_conv2d_NCHWc_add_nn_relu_23] Trial #65: GFLOPs: 59.2426. Time: 13.2921 us. Best GFLOPs: 75.6213
2024-05-20 16:41:09 [INFO] [task_scheduler.cc:131] [Task #24: fused_nn_contrib_conv2d_NCHWc_add_nn_relu_23] Trial #66: GFLOPs: 115.1198. Time: 6.8403 us. Best GFLOPs: 115.1198
2024-05-20 16:41:09 [INFO] [task_scheduler.cc:131] [Task #24: fused_nn_contrib_conv2d_NCHWc_add_nn_relu_23] Trial #67: GFLOPs: 112.2646. Time: 7.0143 us. Best GFLOPs: 115.1198
2024-05-20 16:41:09 [INFO] [task_scheduler.cc:131] [Task #24: fused_nn_contrib_conv2d_NCHWc_add_nn_relu_23] Trial #68: GFLOPs: 108.0631. Time: 7.2870 us. Best GFLOPs: 115.1198
2024-05-20 16:41:09 [INFO] [task_scheduler.cc:131] [Task #24: fused_nn_contrib_conv2d_NCHWc_add_nn_relu_23] Trial #69: GFLOPs: 109.0639. Time: 7.2201 us. Best GFLOPs: 115.1198
2024-05-20 16:41:09 [INFO] [task_scheduler.cc:131] [Task #24: fused_nn_contrib_conv2d_NCHWc_add_nn_relu_23] Trial #70: GFLOPs: 44.7349. Time: 17.6027 us. Best GFLOPs: 115.1198
2024-05-20 16:41:09 [INFO] [task_scheduler.cc:131] [Task #24: fused_nn_contrib_conv2d_NCHWc_add_nn_relu_23] Trial #71: GFLOPs: 91.0237. Time: 8.6511 us. Best GFLOPs: 115.1198
2024-05-20 16:41:09 [INFO] [task_scheduler.cc:131] [Task #24: fused_nn_contrib_conv2d_NCHWc_add_nn_relu_23] Trial #72: GFLOPs: 73.8889. Time: 10.6573 us. Best GFLOPs: 115.1198
2024-05-20 16:41:09 [INFO] [task_scheduler.cc:131] [Task #24: fused_nn_contrib_conv2d_NCHWc_add_nn_relu_23] Trial #73: GFLOPs: 72.0223. Time: 10.9335 us. Best GFLOPs: 115.1198
2024-05-20 16:41:09 [INFO] [task_scheduler.cc:131] [Task #24: fused_nn_contrib_conv2d_NCHWc_add_nn_relu_23] Trial #74: GFLOPs: 71.8923. Time: 10.9533 us. Best GFLOPs: 115.1198
2024-05-20 16:41:09 [INFO] [task_scheduler.cc:131] [Task #24: fused_nn_contrib_conv2d_NCHWc_add_nn_relu_23] Trial #75: GFLOPs: 72.2799. Time: 10.8945 us. Best GFLOPs: 115.1198
2024-05-20 16:41:09 [INFO] [task_scheduler.cc:131] [Task #24: fused_nn_contrib_conv2d_NCHWc_add_nn_relu_23] Trial #76: GFLOPs: 83.6702. Time: 9.4114 us. Best GFLOPs: 115.1198
2024-05-20 16:41:09 [INFO] [task_scheduler.cc:131] [Task #24: fused_nn_contrib_conv2d_NCHWc_add_nn_relu_23] Trial #77: GFLOPs: 43.9066. Time: 17.9348 us. Best GFLOPs: 115.1198
2024-05-20 16:41:09 [INFO] [task_scheduler.cc:131] [Task #24: fused_nn_contrib_conv2d_NCHWc_add_nn_relu_23] Trial #78: GFLOPs: 82.9958. Time: 9.4879 us. Best GFLOPs: 115.1198
2024-05-20 16:41:09 [INFO] [task_scheduler.cc:131] [Task #24: fused_nn_contrib_conv2d_NCHWc_add_nn_relu_23] Trial #79: GFLOPs: 87.1406. Time: 9.0366 us. Best GFLOPs: 115.1198
2024-05-20 16:41:09 [INFO] [task_scheduler.cc:131] [Task #24: fused_nn_contrib_conv2d_NCHWc_add_nn_relu_23] Trial #80: GFLOPs: 85.9305. Time: 9.1639 us. Best GFLOPs: 115.1198
2024-05-20 16:41:09 [INFO] [task_scheduler.cc:131] [Task #24: fused_nn_contrib_conv2d_NCHWc_add_nn_relu_23] Trial #81: GFLOPs: 74.7136. Time: 10.5397 us. Best GFLOPs: 115.1198
2024-05-20 16:41:09 [INFO] [task_scheduler.cc:131] [Task #24: fused_nn_contrib_conv2d_NCHWc_add_nn_relu_23] Trial #82: GFLOPs: 86.7642. Time: 9.0758 us. Best GFLOPs: 115.1198
2024-05-20 16:41:09 [INFO] [task_scheduler.cc:131] [Task #24: fused_nn_contrib_conv2d_NCHWc_add_nn_relu_23] Trial #83: GFLOPs: 89.0530. Time: 8.8426 us. Best GFLOPs: 115.1198
2024-05-20 16:41:09 [INFO] [task_scheduler.cc:131] [Task #24: fused_nn_contrib_conv2d_NCHWc_add_nn_relu_23] Trial #84: GFLOPs: 94.0431. Time: 8.3734 us. Best GFLOPs: 115.1198
2024-05-20 16:41:09 [INFO] [task_scheduler.cc:131] [Task #24: fused_nn_contrib_conv2d_NCHWc_add_nn_relu_23] Trial #85: GFLOPs: 54.5454. Time: 14.4367 us. Best GFLOPs: 115.1198
2024-05-20 16:41:09 [INFO] [task_scheduler.cc:131] [Task #24: fused_nn_contrib_conv2d_NCHWc_add_nn_relu_23] Trial #86: GFLOPs: 78.6778. Time: 10.0086 us. Best GFLOPs: 115.1198
2024-05-20 16:41:09 [INFO] [task_scheduler.cc:131] [Task #24: fused_nn_contrib_conv2d_NCHWc_add_nn_relu_23] Trial #87: GFLOPs: 56.0949. Time: 14.0379 us. Best GFLOPs: 115.1198
2024-05-20 16:41:09 [INFO] [task_scheduler.cc:131] [Task #24: fused_nn_contrib_conv2d_NCHWc_add_nn_relu_23] Trial #88: GFLOPs: 71.3713. Time: 11.0332 us. Best GFLOPs: 115.1198
2024-05-20 16:41:09 [INFO] [task_scheduler.cc:131] [Task #24: fused_nn_contrib_conv2d_NCHWc_add_nn_relu_23] Trial #89: GFLOPs: 86.6450. Time: 9.0883 us. Best GFLOPs: 115.1198
2024-05-20 16:41:09 [INFO] [task_scheduler.cc:131] [Task #24: fused_nn_contrib_conv2d_NCHWc_add_nn_relu_23] Trial #90: GFLOPs: 69.5960. Time: 11.3147 us. Best GFLOPs: 115.1198
2024-05-20 16:41:09 [INFO] [task_scheduler.cc:131] [Task #24: fused_nn_contrib_conv2d_NCHWc_add_nn_relu_23] Trial #91: GFLOPs: 83.7404. Time: 9.4035 us. Best GFLOPs: 115.1198
2024-05-20 16:41:09 [INFO] [task_scheduler.cc:131] [Task #24: fused_nn_contrib_conv2d_NCHWc_add_nn_relu_23] Trial #92: GFLOPs: 70.2438. Time: 11.2103 us. Best GFLOPs: 115.1198
2024-05-20 16:41:09 [INFO] [task_scheduler.cc:131] [Task #24: fused_nn_contrib_conv2d_NCHWc_add_nn_relu_23] Trial #93: GFLOPs: 43.6356. Time: 18.0462 us. Best GFLOPs: 115.1198
2024-05-20 16:41:09 [INFO] [task_scheduler.cc:131] [Task #24: fused_nn_contrib_conv2d_NCHWc_add_nn_relu_23] Trial #94: GFLOPs: 46.4095. Time: 16.9675 us. Best GFLOPs: 115.1198
2024-05-20 16:41:09 [INFO] [task_scheduler.cc:131] [Task #24: fused_nn_contrib_conv2d_NCHWc_add_nn_relu_23] Trial #95: GFLOPs: 52.9545. Time: 14.8704 us. Best GFLOPs: 115.1198
2024-05-20 16:41:09 [INFO] [task_scheduler.cc:131] [Task #24: fused_nn_contrib_conv2d_NCHWc_add_nn_relu_23] Trial #96: GFLOPs: 95.8895. Time: 8.2121 us. Best GFLOPs: 115.1198
2024-05-20 16:41:09 [INFO] [task_scheduler.cc:131] [Task #24: fused_nn_contrib_conv2d_NCHWc_add_nn_relu_23] Trial #97: GFLOPs: 80.0050. Time: 9.8426 us. Best GFLOPs: 115.1198
2024-05-20 16:41:09 [INFO] [task_scheduler.cc:131] [Task #24: fused_nn_contrib_conv2d_NCHWc_add_nn_relu_23] Trial #98: GFLOPs: 86.3508. Time: 9.1193 us. Best GFLOPs: 115.1198
2024-05-20 16:41:09 [INFO] [task_scheduler.cc:131] [Task #24: fused_nn_contrib_conv2d_NCHWc_add_nn_relu_23] Trial #99: GFLOPs: 61.4017. Time: 12.8247 us. Best GFLOPs: 115.1198
2024-05-20 16:41:09 [INFO] [task_scheduler.cc:131] [Task #24: fused_nn_contrib_conv2d_NCHWc_add_nn_relu_23] Trial #100: GFLOPs: 62.0769. Time: 12.6852 us. Best GFLOPs: 115.1198
2024-05-20 16:41:09 [INFO] [task_scheduler.cc:131] [Task #24: fused_nn_contrib_conv2d_NCHWc_add_nn_relu_23] Trial #101: GFLOPs: 83.5598. Time: 9.4239 us. Best GFLOPs: 115.1198
2024-05-20 16:41:09 [INFO] [task_scheduler.cc:131] [Task #24: fused_nn_contrib_conv2d_NCHWc_add_nn_relu_23] Trial #102: GFLOPs: 46.8179. Time: 16.8195 us. Best GFLOPs: 115.1198
2024-05-20 16:41:09 [INFO] [task_scheduler.cc:131] [Task #24: fused_nn_contrib_conv2d_NCHWc_add_nn_relu_23] Trial #103: GFLOPs: 84.5741. Time: 9.3108 us. Best GFLOPs: 115.1198
2024-05-20 16:41:09 [INFO] [task_scheduler.cc:131] [Task #24: fused_nn_contrib_conv2d_NCHWc_add_nn_relu_23] Trial #104: GFLOPs: 79.8449. Time: 9.8623 us. Best GFLOPs: 115.1198
2024-05-20 16:41:09 [INFO] [task_scheduler.cc:131] [Task #24: fused_nn_contrib_conv2d_NCHWc_add_nn_relu_23] Trial #105: GFLOPs: 77.2241. Time: 10.1970 us. Best GFLOPs: 115.1198
2024-05-20 16:41:09 [INFO] [task_scheduler.cc:131] [Task #24: fused_nn_contrib_conv2d_NCHWc_add_nn_relu_23] Trial #106: GFLOPs: 88.1915. Time: 8.9289 us. Best GFLOPs: 115.1198
2024-05-20 16:41:09 [INFO] [task_scheduler.cc:131] [Task #24: fused_nn_contrib_conv2d_NCHWc_add_nn_relu_23] Trial #107: GFLOPs: 57.3195. Time: 13.7380 us. Best GFLOPs: 115.1198
2024-05-20 16:41:09 [INFO] [task_scheduler.cc:131] [Task #24: fused_nn_contrib_conv2d_NCHWc_add_nn_relu_23] Trial #108: GFLOPs: 53.7715. Time: 14.6445 us. Best GFLOPs: 115.1198
2024-05-20 16:41:09 [INFO] [task_scheduler.cc:131] [Task #24: fused_nn_contrib_conv2d_NCHWc_add_nn_relu_23] Trial #109: GFLOPs: 72.6190. Time: 10.8437 us. Best GFLOPs: 115.1198
2024-05-20 16:41:09 [INFO] [task_scheduler.cc:131] [Task #24: fused_nn_contrib_conv2d_NCHWc_add_nn_relu_23] Trial #110: GFLOPs: 59.9487. Time: 13.1355 us. Best GFLOPs: 115.1198
2024-05-20 16:41:09 [INFO] [task_scheduler.cc:131] [Task #24: fused_nn_contrib_conv2d_NCHWc_add_nn_relu_23] Trial #111: GFLOPs: 71.7965. Time: 10.9679 us. Best GFLOPs: 115.1198
2024-05-20 16:41:09 [INFO] [task_scheduler.cc:131] [Task #24: fused_nn_contrib_conv2d_NCHWc_add_nn_relu_23] Trial #112: GFLOPs: 53.7346. Time: 14.6545 us. Best GFLOPs: 115.1198
2024-05-20 16:41:09 [INFO] [task_scheduler.cc:131] [Task #24: fused_nn_contrib_conv2d_NCHWc_add_nn_relu_23] Trial #113: GFLOPs: 65.3093. Time: 12.0573 us. Best GFLOPs: 115.1198
2024-05-20 16:41:09 [INFO] [task_scheduler.cc:131] [Task #24: fused_nn_contrib_conv2d_NCHWc_add_nn_relu_23] Trial #114: GFLOPs: 49.4389. Time: 15.9279 us. Best GFLOPs: 115.1198
2024-05-20 16:41:09 [INFO] [task_scheduler.cc:131] [Task #24: fused_nn_contrib_conv2d_NCHWc_add_nn_relu_23] Trial #115: GFLOPs: 66.0505. Time: 11.9220 us. Best GFLOPs: 115.1198
2024-05-20 16:41:09 [INFO] [task_scheduler.cc:131] [Task #24: fused_nn_contrib_conv2d_NCHWc_add_nn_relu_23] Trial #116: GFLOPs: 82.3012. Time: 9.5680 us. Best GFLOPs: 115.1198
2024-05-20 16:41:09 [INFO] [task_scheduler.cc:131] [Task #24: fused_nn_contrib_conv2d_NCHWc_add_nn_relu_23] Trial #117: GFLOPs: 77.4110. Time: 10.1724 us. Best GFLOPs: 115.1198
2024-05-20 16:41:09 [INFO] [task_scheduler.cc:131] [Task #24: fused_nn_contrib_conv2d_NCHWc_add_nn_relu_23] Trial #118: GFLOPs: 61.0585. Time: 12.8967 us. Best GFLOPs: 115.1198
2024-05-20 16:41:09 [INFO] [task_scheduler.cc:131] [Task #24: fused_nn_contrib_conv2d_NCHWc_add_nn_relu_23] Trial #119: GFLOPs: 53.9294. Time: 14.6016 us. Best GFLOPs: 115.1198
2024-05-20 16:41:09 [INFO] [task_scheduler.cc:131] [Task #24: fused_nn_contrib_conv2d_NCHWc_add_nn_relu_23] Trial #120: GFLOPs: 84.1818. Time: 9.3542 us. Best GFLOPs: 115.1198
2024-05-20 16:41:09 [INFO] [task_scheduler.cc:131] [Task #24: fused_nn_contrib_conv2d_NCHWc_add_nn_relu_23] Trial #121: GFLOPs: 85.1751. Time: 9.2451 us. Best GFLOPs: 115.1198
2024-05-20 16:41:09 [INFO] [task_scheduler.cc:131] [Task #24: fused_nn_contrib_conv2d_NCHWc_add_nn_relu_23] Trial #122: GFLOPs: 65.1226. Time: 12.0919 us. Best GFLOPs: 115.1198
2024-05-20 16:41:09 [INFO] [task_scheduler.cc:131] [Task #24: fused_nn_contrib_conv2d_NCHWc_add_nn_relu_23] Trial #123: GFLOPs: 69.9556. Time: 11.2565 us. Best GFLOPs: 115.1198
2024-05-20 16:41:09 [INFO] [task_scheduler.cc:131] [Task #24: fused_nn_contrib_conv2d_NCHWc_add_nn_relu_23] Trial #124: GFLOPs: 62.6243. Time: 12.5743 us. Best GFLOPs: 115.1198
2024-05-20 16:41:09 [INFO] [task_scheduler.cc:131] [Task #24: fused_nn_contrib_conv2d_NCHWc_add_nn_relu_23] Trial #125: GFLOPs: 67.5061. Time: 11.6650 us. Best GFLOPs: 115.1198
2024-05-20 16:41:09 [INFO] [task_scheduler.cc:131] [Task #24: fused_nn_contrib_conv2d_NCHWc_add_nn_relu_23] Trial #126: GFLOPs: 12.3003. Time: 64.0194 us. Best GFLOPs: 115.1198
2024-05-20 16:41:09 [INFO] [task_scheduler.cc:131] [Task #24: fused_nn_contrib_conv2d_NCHWc_add_nn_relu_23] Trial #127: GFLOPs: 26.1718. Time: 30.0879 us. Best GFLOPs: 115.1198
2024-05-20 16:41:09 [INFO] [task_scheduler.cc:131] [Task #24: fused_nn_contrib_conv2d_NCHWc_add_nn_relu_23] Trial #128: GFLOPs: 46.9508. Time: 16.7720 us. Best GFLOPs: 115.1198
