2024-05-20 13:16:51 [INFO] [task_scheduler.cc:160] Initializing Task #70: "fused_nn_avg_pool2d_2"
2024-05-20 13:16:51 [INFO] [task_scheduler.cc:35] 
# from tvm.script import ir as I
# from tvm.script import tir as T

@I.ir_module
class Module:
    @T.prim_func
    def main(p0: T.Buffer((T.int64(1), T.int64(64), T.int64(2), T.int64(2), T.int64(8)), "float32"), pool_avg: T.Buffer((T.int64(1), T.int64(64), T.int64(1), T.int64(1), T.int64(8)), "float32")):
        T.func_attr({"tir.noalias": T.bool(True)})
        # with T.block("root"):
        pool_sum = T.alloc_buffer((T.int64(1), T.int64(64), T.int64(1), T.int64(1), T.int64(8)))
        for ax0, ax1, ax2, ax3, ax4, rv0, rv1 in T.grid(T.int64(1), T.int64(64), T.int64(1), T.int64(1), T.int64(8), T.int64(2), T.int64(2)):
            with T.block("pool_sum"):
                v_ax0, v_ax1, v_ax2, v_ax3, v_ax4, v_rv0, v_rv1 = T.axis.remap("SSSSSRR", [ax0, ax1, ax2, ax3, ax4, rv0, rv1])
                T.reads(p0[v_ax0, v_ax1, v_ax2 * T.int64(2) + v_rv0, v_ax3 * T.int64(2) + v_rv1, v_ax4])
                T.writes(pool_sum[v_ax0, v_ax1, v_ax2, v_ax3, v_ax4])
                with T.init():
                    pool_sum[v_ax0, v_ax1, v_ax2, v_ax3, v_ax4] = T.float32(0)
                pool_sum[v_ax0, v_ax1, v_ax2, v_ax3, v_ax4] = pool_sum[v_ax0, v_ax1, v_ax2, v_ax3, v_ax4] + p0[v_ax0, v_ax1, v_ax2 * T.int64(2) + v_rv0, v_ax3 * T.int64(2) + v_rv1, v_ax4]
        for ax0, ax1, ax2, ax3, ax4 in T.grid(T.int64(1), T.int64(64), T.int64(1), T.int64(1), T.int64(8)):
            with T.block("pool_avg"):
                v_ax0, v_ax1, v_ax2, v_ax3, v_ax4 = T.axis.remap("SSSSS", [ax0, ax1, ax2, ax3, ax4])
                T.reads(pool_sum[v_ax0, v_ax1, v_ax2, v_ax3, v_ax4])
                T.writes(pool_avg[v_ax0, v_ax1, v_ax2, v_ax3, v_ax4])
                T.block_attr({"schedule_rule": "meta_schedule.pool_avg"})
                pool_avg[v_ax0, v_ax1, v_ax2, v_ax3, v_ax4] = pool_sum[v_ax0, v_ax1, v_ax2, v_ax3, v_ax4] / T.Cast("float32", (T.min(T.int64(1), T.int64(1) - v_ax2 * T.int64(2)) + T.int64(1)) * (T.min(T.int64(1), T.int64(1) - v_ax3 * T.int64(2)) + T.int64(1)))
2024-05-20 13:16:51 [INFO] [task_scheduler.cc:164] Total 3 design space(s) generated
2024-05-20 13:16:51 [INFO] [task_scheduler.cc:170] Design space #0:
# from tvm.script import ir as I
# from tvm.script import tir as T

@I.ir_module
class Module:
    @T.prim_func
    def main(p0: T.Buffer((T.int64(1), T.int64(64), T.int64(2), T.int64(2), T.int64(8)), "float32"), pool_avg: T.Buffer((T.int64(1), T.int64(64), T.int64(1), T.int64(1), T.int64(8)), "float32")):
        T.func_attr({"tir.noalias": T.bool(True)})
        with T.block("root"):
            T.reads()
            T.writes()
            T.block_attr({"meta_schedule.parallel": 96, "meta_schedule.unroll_explicit": 512, "meta_schedule.vectorize": 64})
            pool_sum = T.alloc_buffer((T.int64(1), T.int64(64), T.int64(1), T.int64(1), T.int64(8)))
            pool_sum_rf = T.alloc_buffer((T.int64(1), T.int64(64), T.int64(1), T.int64(1), T.int64(8), T.int64(4)))
            for ax0, ax1, ax2, ax3, ax4, rv0_rv1_fused_0, rv0_rv1_fused_1 in T.grid(T.int64(1), T.int64(64), T.int64(1), T.int64(1), T.int64(8), T.int64(4), T.int64(1)):
                with T.block("pool_sum_rf"):
                    vrv0_rv1_fused_0, v_ax0, v_ax1, v_ax2, v_ax3, v_ax4, vrv0_rv1_fused_1 = T.axis.remap("SSSSSSR", [rv0_rv1_fused_0, ax0, ax1, ax2, ax3, ax4, rv0_rv1_fused_1])
                    T.reads(p0[v_ax0, v_ax1, v_ax2 * T.int64(2) + (vrv0_rv1_fused_0 + vrv0_rv1_fused_1) // T.int64(2), v_ax3 * T.int64(2) + (vrv0_rv1_fused_0 + vrv0_rv1_fused_1) % T.int64(2), v_ax4])
                    T.writes(pool_sum_rf[v_ax0, v_ax1, v_ax2, v_ax3, v_ax4, vrv0_rv1_fused_0])
                    with T.init():
                        pool_sum_rf[v_ax0, v_ax1, v_ax2, v_ax3, v_ax4, vrv0_rv1_fused_0] = T.float32(0)
                    pool_sum_rf[v_ax0, v_ax1, v_ax2, v_ax3, v_ax4, vrv0_rv1_fused_0] = pool_sum_rf[v_ax0, v_ax1, v_ax2, v_ax3, v_ax4, vrv0_rv1_fused_0] + p0[v_ax0, v_ax1, v_ax2 * T.int64(2) + (vrv0_rv1_fused_0 + vrv0_rv1_fused_1) // T.int64(2), v_ax3 * T.int64(2) + (vrv0_rv1_fused_0 + vrv0_rv1_fused_1) % T.int64(2), v_ax4]
            for ax0, ax1, ax2, ax3, ax4, rv0_rv1_fused_0 in T.grid(T.int64(1), T.int64(64), T.int64(1), T.int64(1), T.int64(8), T.int64(4)):
                with T.block("pool_sum"):
                    vrv0_rv1_fused_0, v_ax0, v_ax1, v_ax2, v_ax3, v_ax4 = T.axis.remap("RSSSSS", [rv0_rv1_fused_0, ax0, ax1, ax2, ax3, ax4])
                    T.reads(pool_sum_rf[v_ax0, v_ax1, v_ax2, v_ax3, v_ax4, vrv0_rv1_fused_0])
                    T.writes(pool_sum[v_ax0, v_ax1, v_ax2, v_ax3, v_ax4])
                    with T.init():
                        pool_sum[v_ax0, v_ax1, v_ax2, v_ax3, v_ax4] = T.float32(0)
                    pool_sum[v_ax0, v_ax1, v_ax2, v_ax3, v_ax4] = pool_sum[v_ax0, v_ax1, v_ax2, v_ax3, v_ax4] + pool_sum_rf[v_ax0, v_ax1, v_ax2, v_ax3, v_ax4, vrv0_rv1_fused_0]
            for ax0, ax1, ax2, ax3, ax4 in T.grid(T.int64(1), T.int64(64), T.int64(1), T.int64(1), T.int64(8)):
                with T.block("pool_avg"):
                    v_ax0, v_ax1, v_ax2, v_ax3, v_ax4 = T.axis.remap("SSSSS", [ax0, ax1, ax2, ax3, ax4])
                    T.reads(pool_sum[v_ax0, v_ax1, v_ax2, v_ax3, v_ax4])
                    T.writes(pool_avg[v_ax0, v_ax1, v_ax2, v_ax3, v_ax4])
                    pool_avg[v_ax0, v_ax1, v_ax2, v_ax3, v_ax4] = pool_sum[v_ax0, v_ax1, v_ax2, v_ax3, v_ax4] / T.Cast("float32", (T.min(T.int64(1), T.int64(1) - v_ax2 * T.int64(2)) + T.int64(1)) * (T.min(T.int64(1), T.int64(1) - v_ax3 * T.int64(2)) + T.int64(1)))
b0 = sch.get_block(name="pool_sum", func_name="main")
b1 = sch.get_block(name="pool_avg", func_name="main")
b2 = sch.get_block(name="root", func_name="main")
sch.unannotate(block_or_loop=b1, ann_key="schedule_rule")
l3, l4, l5, l6, l7, l8, l9 = sch.get_loops(block=b0)
l10 = sch.fuse(l8, l9, preserve_unit_iters=True)
v11, v12 = sch.sample_perfect_tile(loop=l10, n=2, max_innermost_factor=64, decision=[4, 1])
l13, l14 = sch.split(loop=l10, factors=[v11, v12], preserve_unit_iters=True, disable_predication=False)
b15 = sch.rfactor(loop=l13, factor_axis=5)
sch.annotate(block_or_loop=b0, ann_key="meta_schedule.random_compute_producer", ann_val=1)
sch.annotate(block_or_loop=b2, ann_key="meta_schedule.parallel", ann_val=96)
sch.annotate(block_or_loop=b2, ann_key="meta_schedule.vectorize", ann_val=64)
v16 = sch.sample_categorical(candidates=[0, 16, 64, 512], probs=[0.25, 0.25, 0.25, 0.25], decision=3)
sch.annotate(block_or_loop=b2, ann_key="meta_schedule.unroll_explicit", ann_val=v16)
b17, = sch.get_producers(block=b0)
sch.unannotate(block_or_loop=b0, ann_key="meta_schedule.random_compute_producer")
l18 = sch.sample_compute_location(block=b0, decision=-1)
sch.compute_at(block=b0, loop=l18, preserve_unit_loops=True, index=-1)
l19 = sch.sample_compute_location(block=b17, decision=-1)
sch.compute_at(block=b17, loop=l19, preserve_unit_loops=True, index=-1)
2024-05-20 13:16:51 [INFO] [task_scheduler.cc:170] Design space #1:
# from tvm.script import ir as I
# from tvm.script import tir as T

@I.ir_module
class Module:
    @T.prim_func
    def main(p0: T.Buffer((T.int64(1), T.int64(64), T.int64(2), T.int64(2), T.int64(8)), "float32"), pool_avg: T.Buffer((T.int64(1), T.int64(64), T.int64(1), T.int64(1), T.int64(8)), "float32")):
        T.func_attr({"tir.noalias": T.bool(True)})
        with T.block("root"):
            T.reads()
            T.writes()
            T.block_attr({"meta_schedule.parallel": 96, "meta_schedule.unroll_explicit": 64, "meta_schedule.vectorize": 64})
            pool_sum = T.alloc_buffer((T.int64(1), T.int64(64), T.int64(1), T.int64(1), T.int64(8)))
            pool_sum_rf = T.alloc_buffer((T.int64(1), T.int64(64), T.int64(1), T.int64(1), T.int64(8), T.int64(1)))
            for ax0, ax1, ax2, ax3, ax4, rv0_rv1_fused_0, rv0_rv1_fused_1 in T.grid(T.int64(1), T.int64(64), T.int64(1), T.int64(1), T.int64(8), T.int64(4), T.int64(1)):
                with T.block("pool_sum_rf"):
                    vrv0_rv1_fused_1, v_ax0, v_ax1, v_ax2, v_ax3, v_ax4, vrv0_rv1_fused_0 = T.axis.remap("SSSSSSR", [rv0_rv1_fused_1, ax0, ax1, ax2, ax3, ax4, rv0_rv1_fused_0])
                    T.reads(p0[v_ax0, v_ax1, v_ax2 * T.int64(2) + (vrv0_rv1_fused_0 + vrv0_rv1_fused_1) // T.int64(2), v_ax3 * T.int64(2) + (vrv0_rv1_fused_0 + vrv0_rv1_fused_1) % T.int64(2), v_ax4])
                    T.writes(pool_sum_rf[v_ax0, v_ax1, v_ax2, v_ax3, v_ax4, vrv0_rv1_fused_1])
                    with T.init():
                        pool_sum_rf[v_ax0, v_ax1, v_ax2, v_ax3, v_ax4, vrv0_rv1_fused_1] = T.float32(0)
                    pool_sum_rf[v_ax0, v_ax1, v_ax2, v_ax3, v_ax4, vrv0_rv1_fused_1] = pool_sum_rf[v_ax0, v_ax1, v_ax2, v_ax3, v_ax4, vrv0_rv1_fused_1] + p0[v_ax0, v_ax1, v_ax2 * T.int64(2) + (vrv0_rv1_fused_0 + vrv0_rv1_fused_1) // T.int64(2), v_ax3 * T.int64(2) + (vrv0_rv1_fused_0 + vrv0_rv1_fused_1) % T.int64(2), v_ax4]
            for ax0, ax1, ax2, ax3, ax4 in T.grid(T.int64(1), T.int64(64), T.int64(1), T.int64(1), T.int64(8)):
                for ax0_1, ax1_1, ax2_1, ax3_1, ax4_1, ax5 in T.grid(T.int64(1), T.int64(1), T.int64(1), T.int64(1), T.int64(1), T.int64(1)):
                    with T.block("pool_sum"):
                        vrv0_rv1_fused_1, v_ax0 = T.axis.remap("RS", [ax0_1, ax1_1])
                        v_ax1 = T.axis.spatial(T.int64(64), ax1 + ax2_1)
                        v_ax2, v_ax3 = T.axis.remap("SS", [ax3_1, ax4_1])
                        v_ax4 = T.axis.spatial(T.int64(8), ax4 + ax5)
                        T.reads(pool_sum_rf[v_ax0, v_ax1, v_ax2, v_ax3, v_ax4, vrv0_rv1_fused_1])
                        T.writes(pool_sum[v_ax0, v_ax1, v_ax2, v_ax3, v_ax4])
                        with T.init():
                            pool_sum[v_ax0, v_ax1, v_ax2, v_ax3, v_ax4] = T.float32(0)
                        pool_sum[v_ax0, v_ax1, v_ax2, v_ax3, v_ax4] = pool_sum[v_ax0, v_ax1, v_ax2, v_ax3, v_ax4] + pool_sum_rf[v_ax0, v_ax1, v_ax2, v_ax3, v_ax4, vrv0_rv1_fused_1]
                with T.block("pool_avg"):
                    v_ax0, v_ax1, v_ax2, v_ax3, v_ax4 = T.axis.remap("SSSSS", [ax0, ax1, ax2, ax3, ax4])
                    T.reads(pool_sum[v_ax0, v_ax1, v_ax2, v_ax3, v_ax4])
                    T.writes(pool_avg[v_ax0, v_ax1, v_ax2, v_ax3, v_ax4])
                    pool_avg[v_ax0, v_ax1, v_ax2, v_ax3, v_ax4] = pool_sum[v_ax0, v_ax1, v_ax2, v_ax3, v_ax4] / T.Cast("float32", (T.min(T.int64(1), T.int64(1) - v_ax2 * T.int64(2)) + T.int64(1)) * (T.min(T.int64(1), T.int64(1) - v_ax3 * T.int64(2)) + T.int64(1)))
b0 = sch.get_block(name="pool_sum", func_name="main")
b1 = sch.get_block(name="pool_avg", func_name="main")
b2 = sch.get_block(name="root", func_name="main")
sch.unannotate(block_or_loop=b1, ann_key="schedule_rule")
l3, l4, l5, l6, l7, l8, l9 = sch.get_loops(block=b0)
l10 = sch.fuse(l8, l9, preserve_unit_iters=True)
v11, v12 = sch.sample_perfect_tile(loop=l10, n=2, max_innermost_factor=64, decision=[4, 1])
l13, l14 = sch.split(loop=l10, factors=[v11, v12], preserve_unit_iters=True, disable_predication=False)
b15 = sch.rfactor(loop=l14, factor_axis=5)
sch.annotate(block_or_loop=b0, ann_key="meta_schedule.random_compute_producer", ann_val=1)
sch.annotate(block_or_loop=b2, ann_key="meta_schedule.parallel", ann_val=96)
sch.annotate(block_or_loop=b2, ann_key="meta_schedule.vectorize", ann_val=64)
v16 = sch.sample_categorical(candidates=[0, 16, 64, 512], probs=[0.25, 0.25, 0.25, 0.25], decision=2)
sch.annotate(block_or_loop=b2, ann_key="meta_schedule.unroll_explicit", ann_val=v16)
b17, = sch.get_producers(block=b0)
sch.unannotate(block_or_loop=b0, ann_key="meta_schedule.random_compute_producer")
l18 = sch.sample_compute_location(block=b0, decision=4)
sch.compute_at(block=b0, loop=l18, preserve_unit_loops=True, index=-1)
l19 = sch.sample_compute_location(block=b17, decision=-1)
sch.compute_at(block=b17, loop=l19, preserve_unit_loops=True, index=-1)
2024-05-20 13:16:51 [INFO] [task_scheduler.cc:170] Design space #2:
# from tvm.script import ir as I
# from tvm.script import tir as T

@I.ir_module
class Module:
    @T.prim_func
    def main(p0: T.Buffer((T.int64(1), T.int64(64), T.int64(2), T.int64(2), T.int64(8)), "float32"), pool_avg: T.Buffer((T.int64(1), T.int64(64), T.int64(1), T.int64(1), T.int64(8)), "float32")):
        T.func_attr({"tir.noalias": T.bool(True)})
        with T.block("root"):
            T.reads()
            T.writes()
            T.block_attr({"meta_schedule.parallel": 96, "meta_schedule.unroll_explicit": 64, "meta_schedule.vectorize": 64})
            pool_sum = T.alloc_buffer((T.int64(1), T.int64(64), T.int64(1), T.int64(1), T.int64(8)))
            for ax0, ax1 in T.grid(T.int64(1), T.int64(64)):
                for ax0_1, ax1_1, ax2, ax3, ax4, ax5, ax6 in T.grid(T.int64(1), T.int64(1), T.int64(1), T.int64(1), T.int64(8), T.int64(2), T.int64(2)):
                    with T.block("pool_sum"):
                        v_ax0 = T.axis.spatial(T.int64(1), ax0_1)
                        v_ax1 = T.axis.spatial(T.int64(64), ax1 + ax1_1)
                        v_ax2, v_ax3, v_ax4, v_rv0, v_rv1 = T.axis.remap("SSSRR", [ax2, ax3, ax4, ax5, ax6])
                        T.reads(p0[v_ax0, v_ax1, v_ax2 * T.int64(2) + v_rv0, v_ax3 * T.int64(2) + v_rv1, v_ax4])
                        T.writes(pool_sum[v_ax0, v_ax1, v_ax2, v_ax3, v_ax4])
                        with T.init():
                            pool_sum[v_ax0, v_ax1, v_ax2, v_ax3, v_ax4] = T.float32(0)
                        pool_sum[v_ax0, v_ax1, v_ax2, v_ax3, v_ax4] = pool_sum[v_ax0, v_ax1, v_ax2, v_ax3, v_ax4] + p0[v_ax0, v_ax1, v_ax2 * T.int64(2) + v_rv0, v_ax3 * T.int64(2) + v_rv1, v_ax4]
                for ax2, ax3, ax4 in T.grid(T.int64(1), T.int64(1), T.int64(8)):
                    with T.block("pool_avg"):
                        v_ax0, v_ax1, v_ax2, v_ax3, v_ax4 = T.axis.remap("SSSSS", [ax0, ax1, ax2, ax3, ax4])
                        T.reads(pool_sum[v_ax0, v_ax1, v_ax2, v_ax3, v_ax4])
                        T.writes(pool_avg[v_ax0, v_ax1, v_ax2, v_ax3, v_ax4])
                        pool_avg[v_ax0, v_ax1, v_ax2, v_ax3, v_ax4] = pool_sum[v_ax0, v_ax1, v_ax2, v_ax3, v_ax4] / T.Cast("float32", (T.min(T.int64(1), T.int64(1) - v_ax2 * T.int64(2)) + T.int64(1)) * (T.min(T.int64(1), T.int64(1) - v_ax3 * T.int64(2)) + T.int64(1)))
b0 = sch.get_block(name="pool_sum", func_name="main")
b1 = sch.get_block(name="pool_avg", func_name="main")
b2 = sch.get_block(name="root", func_name="main")
sch.unannotate(block_or_loop=b1, ann_key="schedule_rule")
sch.annotate(block_or_loop=b2, ann_key="meta_schedule.parallel", ann_val=96)
sch.annotate(block_or_loop=b2, ann_key="meta_schedule.vectorize", ann_val=64)
v3 = sch.sample_categorical(candidates=[0, 16, 64, 512], probs=[0.25, 0.25, 0.25, 0.25], decision=2)
sch.annotate(block_or_loop=b2, ann_key="meta_schedule.unroll_explicit", ann_val=v3)
l4 = sch.sample_compute_location(block=b0, decision=1)
sch.compute_at(block=b0, loop=l4, preserve_unit_loops=True, index=-1)
2024-05-20 15:26:49 [INFO] [evolutionary_search.cc:713] Generating candidates......
2024-05-20 15:26:49 [INFO] [evolutionary_search.cc:715] Picked top 0 candidate(s) from database
2024-05-20 15:26:49 [INFO] [evolutionary_search.cc:533] Sample-Init-Population summary:
Postproc #0 [meta_schedule.DisallowDynamicLoop(0x460d0408)]: 0 failure(s)
Postproc #1 [meta_schedule.RewriteParallelVectorizeUnroll(0x460cf858)]: 0 failure(s)
Postproc #2 [meta_schedule.RewriteReductionBlock(0x42b58168)]: 0 failure(s)
Postproc #3 [meta_schedule.RewriteLayout(0x45f74eb8)]: 0 failure(s)
2024-05-20 15:26:49 [INFO] [evolutionary_search.cc:723] Sampled 512 candidate(s)
2024-05-20 15:26:50 [INFO] [evolutionary_search.cc:621] Evolve iter #0 done. Summary:
Postproc #0 [meta_schedule.DisallowDynamicLoop(0x460d0408)]: 0 failure(s)
Postproc #1 [meta_schedule.RewriteParallelVectorizeUnroll(0x460cf858)]: 0 failure(s)
Postproc #2 [meta_schedule.RewriteReductionBlock(0x42b58168)]: 0 failure(s)
Postproc #3 [meta_schedule.RewriteLayout(0x45f74eb8)]: 0 failure(s)
2024-05-20 15:26:51 [INFO] [evolutionary_search.cc:621] Evolve iter #1 done. Summary:
Postproc #0 [meta_schedule.DisallowDynamicLoop(0x460d0408)]: 0 failure(s)
Postproc #1 [meta_schedule.RewriteParallelVectorizeUnroll(0x460cf858)]: 0 failure(s)
Postproc #2 [meta_schedule.RewriteReductionBlock(0x42b58168)]: 0 failure(s)
Postproc #3 [meta_schedule.RewriteLayout(0x45f74eb8)]: 0 failure(s)
2024-05-20 15:26:51 [INFO] [evolutionary_search.cc:621] Evolve iter #2 done. Summary:
Postproc #0 [meta_schedule.DisallowDynamicLoop(0x460d0408)]: 0 failure(s)
Postproc #1 [meta_schedule.RewriteParallelVectorizeUnroll(0x460cf858)]: 0 failure(s)
Postproc #2 [meta_schedule.RewriteReductionBlock(0x42b58168)]: 0 failure(s)
Postproc #3 [meta_schedule.RewriteLayout(0x45f74eb8)]: 0 failure(s)
2024-05-20 15:26:52 [INFO] [evolutionary_search.cc:621] Evolve iter #3 done. Summary:
Postproc #0 [meta_schedule.DisallowDynamicLoop(0x460d0408)]: 0 failure(s)
Postproc #1 [meta_schedule.RewriteParallelVectorizeUnroll(0x460cf858)]: 0 failure(s)
Postproc #2 [meta_schedule.RewriteReductionBlock(0x42b58168)]: 0 failure(s)
Postproc #3 [meta_schedule.RewriteLayout(0x45f74eb8)]: 0 failure(s)
2024-05-20 15:26:52 [INFO] [evolutionary_search.cc:649] Scores of the best 64 candidates:
[1 : 16]:	0.9997  0.9932  0.9921  0.9920  0.9889  0.9801  0.9744  0.9676  0.9675  0.9604  0.9559  0.9499  0.9365  0.9238  0.9209  0.9208
[17 : 32]:	0.9198  0.9197  0.9189  0.9163  0.9162  0.9043  0.9031  0.9002  0.8988  0.8987  0.8927  0.8918  0.8877  0.8844  0.8835  0.8829
[33 : 48]:	0.8824  0.8781  0.8740  0.8705  0.8657  0.8609  0.8554  0.8474  0.8396  0.8386  0.8373  0.8358  0.8355  0.8273  0.8240  0.8174
[49 : 64]:	0.8134  0.8115  0.8075  0.7993  0.7992  0.7943  0.7882  0.7878  0.7869  0.7852  0.7780  0.7772  0.7736  0.7672  0.7646  0.7635
2024-05-20 15:26:52 [INFO] [evolutionary_search.cc:727] Got 64 candidate(s) with evolutionary search
2024-05-20 15:26:52 [INFO] [evolutionary_search.cc:730] Sending 63 candidates(s) for measurement
2024-05-20 15:31:26 [INFO] [task_scheduler.cc:131] [Task #70: fused_nn_avg_pool2d_2] Trial #1: GFLOPs: 0.8313. Time: 8.6222 us. Best GFLOPs: 0.8313
2024-05-20 15:31:26 [INFO] [task_scheduler.cc:131] [Task #70: fused_nn_avg_pool2d_2] Trial #2: GFLOPs: 1.5604. Time: 4.5938 us. Best GFLOPs: 1.5604
2024-05-20 15:31:26 [INFO] [task_scheduler.cc:131] [Task #70: fused_nn_avg_pool2d_2] Trial #3: GFLOPs: 1.4081. Time: 5.0905 us. Best GFLOPs: 1.5604
2024-05-20 15:31:26 [INFO] [task_scheduler.cc:131] [Task #70: fused_nn_avg_pool2d_2] Trial #4: GFLOPs: 0.6567. Time: 10.9144 us. Best GFLOPs: 1.5604
2024-05-20 15:31:26 [INFO] [task_scheduler.cc:131] [Task #70: fused_nn_avg_pool2d_2] Trial #5: GFLOPs: 0.6642. Time: 10.7921 us. Best GFLOPs: 1.5604
2024-05-20 15:31:26 [INFO] [task_scheduler.cc:131] [Task #70: fused_nn_avg_pool2d_2] Trial #6: GFLOPs: 1.3265. Time: 5.4036 us. Best GFLOPs: 1.5604
2024-05-20 15:31:26 [INFO] [task_scheduler.cc:131] [Task #70: fused_nn_avg_pool2d_2] Trial #7: GFLOPs: 1.3250. Time: 5.4096 us. Best GFLOPs: 1.5604
2024-05-20 15:31:26 [INFO] [task_scheduler.cc:131] [Task #70: fused_nn_avg_pool2d_2] Trial #8: GFLOPs: 0.4403. Time: 16.2788 us. Best GFLOPs: 1.5604
2024-05-20 15:31:26 [INFO] [task_scheduler.cc:131] [Task #70: fused_nn_avg_pool2d_2] Trial #9: GFLOPs: 0.4361. Time: 16.4367 us. Best GFLOPs: 1.5604
2024-05-20 15:31:26 [INFO] [task_scheduler.cc:131] [Task #70: fused_nn_avg_pool2d_2] Trial #10: GFLOPs: 0.6552. Time: 10.9398 us. Best GFLOPs: 1.5604
2024-05-20 15:31:26 [INFO] [task_scheduler.cc:131] [Task #70: fused_nn_avg_pool2d_2] Trial #11: GFLOPs: 0.6690. Time: 10.7143 us. Best GFLOPs: 1.5604
2024-05-20 15:31:26 [INFO] [task_scheduler.cc:131] [Task #70: fused_nn_avg_pool2d_2] Trial #12: GFLOPs: 0.4096. Time: 17.5002 us. Best GFLOPs: 1.5604
2024-05-20 15:31:26 [INFO] [task_scheduler.cc:131] [Task #70: fused_nn_avg_pool2d_2] Trial #13: GFLOPs: 0.7962. Time: 9.0030 us. Best GFLOPs: 1.5604
2024-05-20 15:31:26 [INFO] [task_scheduler.cc:131] [Task #70: fused_nn_avg_pool2d_2] Trial #14: GFLOPs: 0.8199. Time: 8.7427 us. Best GFLOPs: 1.5604
2024-05-20 15:31:26 [INFO] [task_scheduler.cc:131] [Task #70: fused_nn_avg_pool2d_2] Trial #15: GFLOPs: 0.8174. Time: 8.7696 us. Best GFLOPs: 1.5604
2024-05-20 15:31:26 [INFO] [task_scheduler.cc:131] [Task #70: fused_nn_avg_pool2d_2] Trial #16: GFLOPs: 1.4612. Time: 4.9057 us. Best GFLOPs: 1.5604
2024-05-20 15:31:26 [INFO] [task_scheduler.cc:131] [Task #70: fused_nn_avg_pool2d_2] Trial #17: GFLOPs: 1.2876. Time: 5.5671 us. Best GFLOPs: 1.5604
2024-05-20 15:31:26 [INFO] [task_scheduler.cc:131] [Task #70: fused_nn_avg_pool2d_2] Trial #18: GFLOPs: 1.2276. Time: 5.8389 us. Best GFLOPs: 1.5604
2024-05-20 15:31:26 [INFO] [task_scheduler.cc:131] [Task #70: fused_nn_avg_pool2d_2] Trial #19: GFLOPs: 0.4209. Time: 17.0286 us. Best GFLOPs: 1.5604
2024-05-20 15:31:26 [INFO] [task_scheduler.cc:131] [Task #70: fused_nn_avg_pool2d_2] Trial #20: GFLOPs: 1.3126. Time: 5.4611 us. Best GFLOPs: 1.5604
2024-05-20 15:31:26 [INFO] [task_scheduler.cc:131] [Task #70: fused_nn_avg_pool2d_2] Trial #21: GFLOPs: 1.3027. Time: 5.5026 us. Best GFLOPs: 1.5604
2024-05-20 15:31:26 [INFO] [task_scheduler.cc:131] [Task #70: fused_nn_avg_pool2d_2] Trial #22: GFLOPs: 0.4327. Time: 16.5659 us. Best GFLOPs: 1.5604
2024-05-20 15:31:26 [INFO] [task_scheduler.cc:131] [Task #70: fused_nn_avg_pool2d_2] Trial #23: GFLOPs: 0.4983. Time: 14.3840 us. Best GFLOPs: 1.5604
2024-05-20 15:31:26 [INFO] [task_scheduler.cc:131] [Task #70: fused_nn_avg_pool2d_2] Trial #24: GFLOPs: 1.5927. Time: 4.5005 us. Best GFLOPs: 1.5927
2024-05-20 15:31:26 [INFO] [task_scheduler.cc:131] [Task #70: fused_nn_avg_pool2d_2] Trial #25: GFLOPs: 0.7725. Time: 9.2786 us. Best GFLOPs: 1.5927
2024-05-20 15:31:26 [INFO] [task_scheduler.cc:131] [Task #70: fused_nn_avg_pool2d_2] Trial #26: GFLOPs: 0.8039. Time: 8.9163 us. Best GFLOPs: 1.5927
2024-05-20 15:31:26 [INFO] [task_scheduler.cc:131] [Task #70: fused_nn_avg_pool2d_2] Trial #27: GFLOPs: 1.5721. Time: 4.5595 us. Best GFLOPs: 1.5927
2024-05-20 15:31:26 [INFO] [task_scheduler.cc:131] [Task #70: fused_nn_avg_pool2d_2] Trial #28: GFLOPs: 0.7846. Time: 9.1359 us. Best GFLOPs: 1.5927
2024-05-20 15:31:26 [INFO] [task_scheduler.cc:131] [Task #70: fused_nn_avg_pool2d_2] Trial #29: GFLOPs: 0.7964. Time: 9.0008 us. Best GFLOPs: 1.5927
2024-05-20 15:31:26 [INFO] [task_scheduler.cc:131] [Task #70: fused_nn_avg_pool2d_2] Trial #30: GFLOPs: 0.5234. Time: 13.6944 us. Best GFLOPs: 1.5927
2024-05-20 15:31:26 [INFO] [task_scheduler.cc:131] [Task #70: fused_nn_avg_pool2d_2] Trial #31: GFLOPs: 1.6009. Time: 4.4774 us. Best GFLOPs: 1.6009
2024-05-20 15:31:26 [INFO] [task_scheduler.cc:131] [Task #70: fused_nn_avg_pool2d_2] Trial #32: GFLOPs: 1.5081. Time: 4.7530 us. Best GFLOPs: 1.6009
2024-05-20 15:31:26 [INFO] [task_scheduler.cc:131] [Task #70: fused_nn_avg_pool2d_2] Trial #33: GFLOPs: 0.7721. Time: 9.2839 us. Best GFLOPs: 1.6009
2024-05-20 15:31:26 [INFO] [task_scheduler.cc:131] [Task #70: fused_nn_avg_pool2d_2] Trial #34: GFLOPs: 0.7927. Time: 9.0427 us. Best GFLOPs: 1.6009
2024-05-20 15:31:26 [INFO] [task_scheduler.cc:131] [Task #70: fused_nn_avg_pool2d_2] Trial #35: GFLOPs: 0.7980. Time: 8.9823 us. Best GFLOPs: 1.6009
2024-05-20 15:31:26 [INFO] [task_scheduler.cc:131] [Task #70: fused_nn_avg_pool2d_2] Trial #36: GFLOPs: 1.5176. Time: 4.7233 us. Best GFLOPs: 1.6009
2024-05-20 15:31:26 [INFO] [task_scheduler.cc:131] [Task #70: fused_nn_avg_pool2d_2] Trial #37: GFLOPs: 0.7684. Time: 9.3286 us. Best GFLOPs: 1.6009
2024-05-20 15:31:26 [INFO] [task_scheduler.cc:131] [Task #70: fused_nn_avg_pool2d_2] Trial #38: GFLOPs: 1.5974. Time: 4.4874 us. Best GFLOPs: 1.6009
2024-05-20 15:31:26 [INFO] [task_scheduler.cc:131] [Task #70: fused_nn_avg_pool2d_2] Trial #39: GFLOPs: 0.8033. Time: 8.9230 us. Best GFLOPs: 1.6009
2024-05-20 15:31:26 [INFO] [task_scheduler.cc:131] [Task #70: fused_nn_avg_pool2d_2] Trial #40: GFLOPs: 1.6125. Time: 4.4452 us. Best GFLOPs: 1.6125
2024-05-20 15:31:26 [INFO] [task_scheduler.cc:131] [Task #70: fused_nn_avg_pool2d_2] Trial #41: GFLOPs: 0.8457. Time: 8.4758 us. Best GFLOPs: 1.6125
2024-05-20 15:31:26 [INFO] [task_scheduler.cc:131] [Task #70: fused_nn_avg_pool2d_2] Trial #42: GFLOPs: 0.6759. Time: 10.6050 us. Best GFLOPs: 1.6125
2024-05-20 15:31:26 [INFO] [task_scheduler.cc:131] [Task #70: fused_nn_avg_pool2d_2] Trial #43: GFLOPs: 0.6030. Time: 11.8873 us. Best GFLOPs: 1.6125
2024-05-20 15:31:26 [INFO] [task_scheduler.cc:131] [Task #70: fused_nn_avg_pool2d_2] Trial #44: GFLOPs: 0.7369. Time: 9.7271 us. Best GFLOPs: 1.6125
2024-05-20 15:31:26 [INFO] [task_scheduler.cc:131] [Task #70: fused_nn_avg_pool2d_2] Trial #45: GFLOPs: 0.4930. Time: 14.5387 us. Best GFLOPs: 1.6125
2024-05-20 15:31:26 [INFO] [task_scheduler.cc:131] [Task #70: fused_nn_avg_pool2d_2] Trial #46: GFLOPs: 1.4999. Time: 4.7790 us. Best GFLOPs: 1.6125
2024-05-20 15:31:26 [INFO] [task_scheduler.cc:131] [Task #70: fused_nn_avg_pool2d_2] Trial #47: GFLOPs: 1.3094. Time: 5.4742 us. Best GFLOPs: 1.6125
2024-05-20 15:31:26 [INFO] [task_scheduler.cc:131] [Task #70: fused_nn_avg_pool2d_2] Trial #48: GFLOPs: 1.5707. Time: 4.5635 us. Best GFLOPs: 1.6125
2024-05-20 15:31:26 [INFO] [task_scheduler.cc:131] [Task #70: fused_nn_avg_pool2d_2] Trial #49: GFLOPs: 1.6413. Time: 4.3673 us. Best GFLOPs: 1.6413
2024-05-20 15:31:26 [INFO] [task_scheduler.cc:131] [Task #70: fused_nn_avg_pool2d_2] Trial #50: GFLOPs: 1.6254. Time: 4.4101 us. Best GFLOPs: 1.6413
2024-05-20 15:31:26 [INFO] [task_scheduler.cc:131] [Task #70: fused_nn_avg_pool2d_2] Trial #51: GFLOPs: 0.8073. Time: 8.8791 us. Best GFLOPs: 1.6413
2024-05-20 15:31:26 [INFO] [task_scheduler.cc:131] [Task #70: fused_nn_avg_pool2d_2] Trial #52: GFLOPs: 1.6214. Time: 4.4208 us. Best GFLOPs: 1.6413
2024-05-20 15:31:26 [INFO] [task_scheduler.cc:131] [Task #70: fused_nn_avg_pool2d_2] Trial #53: GFLOPs: 1.5326. Time: 4.6770 us. Best GFLOPs: 1.6413
2024-05-20 15:31:26 [INFO] [task_scheduler.cc:131] [Task #70: fused_nn_avg_pool2d_2] Trial #54: GFLOPs: 0.5274. Time: 13.5920 us. Best GFLOPs: 1.6413
2024-05-20 15:31:26 [INFO] [task_scheduler.cc:131] [Task #70: fused_nn_avg_pool2d_2] Trial #55: GFLOPs: 0.5166. Time: 13.8759 us. Best GFLOPs: 1.6413
2024-05-20 15:31:26 [INFO] [task_scheduler.cc:131] [Task #70: fused_nn_avg_pool2d_2] Trial #56: GFLOPs: 0.7884. Time: 9.0914 us. Best GFLOPs: 1.6413
2024-05-20 15:31:26 [INFO] [task_scheduler.cc:131] [Task #70: fused_nn_avg_pool2d_2] Trial #57: GFLOPs: 1.3168. Time: 5.4434 us. Best GFLOPs: 1.6413
2024-05-20 15:31:26 [INFO] [task_scheduler.cc:131] [Task #70: fused_nn_avg_pool2d_2] Trial #58: GFLOPs: 0.7329. Time: 9.7809 us. Best GFLOPs: 1.6413
2024-05-20 15:31:26 [INFO] [task_scheduler.cc:131] [Task #70: fused_nn_avg_pool2d_2] Trial #59: GFLOPs: 1.5193. Time: 4.7181 us. Best GFLOPs: 1.6413
2024-05-20 15:31:26 [INFO] [task_scheduler.cc:131] [Task #70: fused_nn_avg_pool2d_2] Trial #60: GFLOPs: 1.5159. Time: 4.7284 us. Best GFLOPs: 1.6413
2024-05-20 15:31:26 [INFO] [task_scheduler.cc:131] [Task #70: fused_nn_avg_pool2d_2] Trial #61: GFLOPs: 1.6170. Time: 4.4330 us. Best GFLOPs: 1.6413
2024-05-20 15:31:26 [INFO] [task_scheduler.cc:131] [Task #70: fused_nn_avg_pool2d_2] Trial #62: GFLOPs: 1.3060. Time: 5.4886 us. Best GFLOPs: 1.6413
2024-05-20 15:31:26 [INFO] [task_scheduler.cc:131] [Task #70: fused_nn_avg_pool2d_2] Trial #63: GFLOPs: 1.6270. Time: 4.4055 us. Best GFLOPs: 1.6413
