2024-05-20 13:16:51 [INFO] [task_scheduler.cc:160] Initializing Task #61: "fused_nn_contrib_conv2d_NCHWc_3"
2024-05-20 13:16:51 [INFO] [task_scheduler.cc:35] 
# from tvm.script import ir as I
# from tvm.script import tir as T

@I.ir_module
class Module:
    @T.prim_func
    def main(p0: T.Buffer((T.int64(1), T.int64(16), T.int64(8), T.int64(8), T.int64(8)), "float32"), p1: T.Buffer((T.int64(4), T.int64(16), T.int64(3), T.int64(3), T.int64(8), T.int64(8)), "float32"), conv2d_NCHWc: T.Buffer((T.int64(1), T.int64(4), T.int64(8), T.int64(8), T.int64(8)), "float32")):
        T.func_attr({"tir.noalias": T.bool(True)})
        # with T.block("root"):
        data_pad = T.alloc_buffer((T.int64(1), T.int64(16), T.int64(10), T.int64(10), T.int64(8)))
        for i0, i1, i2, i3, i4 in T.grid(T.int64(1), T.int64(16), T.int64(10), T.int64(10), T.int64(8)):
            with T.block("data_pad"):
                v_i0, v_i1, v_i2, v_i3, v_i4 = T.axis.remap("SSSSS", [i0, i1, i2, i3, i4])
                T.reads(p0[v_i0, v_i1, v_i2 - T.int64(1), v_i3 - T.int64(1), v_i4])
                T.writes(data_pad[v_i0, v_i1, v_i2, v_i3, v_i4])
                data_pad[v_i0, v_i1, v_i2, v_i3, v_i4] = T.if_then_else(T.int64(1) <= v_i2 and v_i2 < T.int64(9) and T.int64(1) <= v_i3 and v_i3 < T.int64(9), p0[v_i0, v_i1, v_i2 - T.int64(1), v_i3 - T.int64(1), v_i4], T.float32(0))
        for n, oc_chunk, oh, ow, oc_block, ic, kh, kw in T.grid(T.int64(1), T.int64(4), T.int64(8), T.int64(8), T.int64(8), T.int64(128), T.int64(3), T.int64(3)):
            with T.block("conv2d_NCHWc"):
                v_n, v_oc_chunk, v_oh, v_ow, v_oc_block, v_ic, v_kh, v_kw = T.axis.remap("SSSSSRRR", [n, oc_chunk, oh, ow, oc_block, ic, kh, kw])
                T.reads(data_pad[v_n, v_ic // T.int64(8), v_oh + v_kh, v_ow + v_kw, v_ic % T.int64(8)], p1[v_oc_chunk, v_ic // T.int64(8), v_kh, v_kw, v_ic % T.int64(8), v_oc_block])
                T.writes(conv2d_NCHWc[v_n, v_oc_chunk, v_oh, v_ow, v_oc_block])
                with T.init():
                    conv2d_NCHWc[v_n, v_oc_chunk, v_oh, v_ow, v_oc_block] = T.float32(0)
                conv2d_NCHWc[v_n, v_oc_chunk, v_oh, v_ow, v_oc_block] = conv2d_NCHWc[v_n, v_oc_chunk, v_oh, v_ow, v_oc_block] + data_pad[v_n, v_ic // T.int64(8), v_oh + v_kh, v_ow + v_kw, v_ic % T.int64(8)] * p1[v_oc_chunk, v_ic // T.int64(8), v_kh, v_kw, v_ic % T.int64(8), v_oc_block]
2024-05-20 13:16:51 [INFO] [task_scheduler.cc:164] Total 3 design space(s) generated
2024-05-20 13:16:51 [INFO] [task_scheduler.cc:170] Design space #0:
# from tvm.script import ir as I
# from tvm.script import tir as T

@I.ir_module
class Module:
    @T.prim_func
    def main(p0: T.Buffer((T.int64(1), T.int64(16), T.int64(8), T.int64(8), T.int64(8)), "float32"), p1: T.Buffer((T.int64(4), T.int64(16), T.int64(3), T.int64(3), T.int64(8), T.int64(8)), "float32"), conv2d_NCHWc: T.Buffer((T.int64(1), T.int64(4), T.int64(8), T.int64(8), T.int64(8)), "float32")):
        T.func_attr({"tir.noalias": T.bool(True)})
        with T.block("root"):
            T.reads()
            T.writes()
            T.block_attr({"meta_schedule.parallel": 96, "meta_schedule.unroll_explicit": 64, "meta_schedule.vectorize": 64})
            conv2d_NCHWc_global = T.alloc_buffer((T.int64(1), T.int64(4), T.int64(8), T.int64(8), T.int64(8)))
            for n_0, oc_chunk_0, oh_0, ow_0, oc_block_0, n_1, oc_chunk_1, oh_1, ow_1, oc_block_1 in T.grid(T.int64(1), T.int64(2), T.int64(1), T.int64(1), T.int64(1), T.int64(1), T.int64(2), T.int64(1), T.int64(4), T.int64(1)):
                for ic_0, kh_0, kw_0, n_2, oc_chunk_2, oh_2, ow_2, oc_block_2, ic_1, kh_1, kw_1, n_3, oc_chunk_3, oh_3, ow_3, oc_block_3 in T.grid(T.int64(2), T.int64(1), T.int64(3), T.int64(1), T.int64(1), T.int64(2), T.int64(1), T.int64(2), T.int64(64), T.int64(3), T.int64(1), T.int64(1), T.int64(1), T.int64(4), T.int64(2), T.int64(4)):
                    with T.block("conv2d_NCHWc"):
                        v_n = T.axis.spatial(T.int64(1), n_0 + n_1 + n_2 + n_3)
                        v_oc_chunk = T.axis.spatial(T.int64(4), oc_chunk_0 * T.int64(2) + oc_chunk_1 + oc_chunk_2 + oc_chunk_3)
                        v_oh = T.axis.spatial(T.int64(8), oh_0 * T.int64(8) + oh_1 * T.int64(8) + oh_2 * T.int64(4) + oh_3)
                        v_ow = T.axis.spatial(T.int64(8), ow_0 * T.int64(8) + ow_1 * T.int64(2) + ow_2 * T.int64(2) + ow_3)
                        v_oc_block = T.axis.spatial(T.int64(8), oc_block_0 * T.int64(8) + oc_block_1 * T.int64(8) + oc_block_2 * T.int64(4) + oc_block_3)
                        v_ic = T.axis.reduce(T.int64(128), ic_0 * T.int64(64) + ic_1)
                        v_kh = T.axis.reduce(T.int64(3), kh_0 * T.int64(3) + kh_1)
                        v_kw = T.axis.reduce(T.int64(3), kw_0 + kw_1)
                        T.reads(p0[v_n, v_ic // T.int64(8), v_oh + v_kh - T.int64(1), v_ow + v_kw - T.int64(1), v_ic % T.int64(8)], p1[v_oc_chunk, v_ic // T.int64(8), v_kh, v_kw, v_ic % T.int64(8), v_oc_block])
                        T.writes(conv2d_NCHWc_global[v_n, v_oc_chunk, v_oh, v_ow, v_oc_block])
                        T.block_attr({"meta_schedule.tiling_structure": "SSRSRS"})
                        with T.init():
                            conv2d_NCHWc_global[v_n, v_oc_chunk, v_oh, v_ow, v_oc_block] = T.float32(0)
                        conv2d_NCHWc_global[v_n, v_oc_chunk, v_oh, v_ow, v_oc_block] = conv2d_NCHWc_global[v_n, v_oc_chunk, v_oh, v_ow, v_oc_block] + T.if_then_else(T.int64(1) <= v_oh + v_kh and v_oh + v_kh < T.int64(9) and T.int64(1) <= v_ow + v_kw and v_ow + v_kw < T.int64(9), p0[v_n, v_ic // T.int64(8), v_oh + v_kh - T.int64(1), v_ow + v_kw - T.int64(1), v_ic % T.int64(8)], T.float32(0)) * p1[v_oc_chunk, v_ic // T.int64(8), v_kh, v_kw, v_ic % T.int64(8), v_oc_block]
                for ax0, ax1, ax2, ax3, ax4 in T.grid(T.int64(1), T.int64(1), T.int64(8), T.int64(2), T.int64(8)):
                    with T.block("conv2d_NCHWc_global"):
                        v0 = T.axis.spatial(T.int64(1), ax0)
                        v1 = T.axis.spatial(T.int64(4), oc_chunk_0 * T.int64(2) + oc_chunk_1 + ax1)
                        v2 = T.axis.spatial(T.int64(8), ax2)
                        v3 = T.axis.spatial(T.int64(8), ow_1 * T.int64(2) + ax3)
                        v4 = T.axis.spatial(T.int64(8), ax4)
                        T.reads(conv2d_NCHWc_global[v0, v1, v2, v3, v4])
                        T.writes(conv2d_NCHWc[v0, v1, v2, v3, v4])
                        conv2d_NCHWc[v0, v1, v2, v3, v4] = conv2d_NCHWc_global[v0, v1, v2, v3, v4]
b0 = sch.get_block(name="data_pad", func_name="main")
b1 = sch.get_block(name="conv2d_NCHWc", func_name="main")
b2 = sch.get_block(name="root", func_name="main")
sch.annotate(block_or_loop=b1, ann_key="meta_schedule.tiling_structure", ann_val="SSRSRS")
l3, l4, l5, l6, l7, l8, l9, l10 = sch.get_loops(block=b1)
v11, v12, v13, v14 = sch.sample_perfect_tile(loop=l3, n=4, max_innermost_factor=64, decision=[1, 1, 1, 1])
l15, l16, l17, l18 = sch.split(loop=l3, factors=[v11, v12, v13, v14], preserve_unit_iters=True, disable_predication=False)
v19, v20, v21, v22 = sch.sample_perfect_tile(loop=l4, n=4, max_innermost_factor=64, decision=[2, 2, 1, 1])
l23, l24, l25, l26 = sch.split(loop=l4, factors=[v19, v20, v21, v22], preserve_unit_iters=True, disable_predication=False)
v27, v28, v29, v30 = sch.sample_perfect_tile(loop=l5, n=4, max_innermost_factor=64, decision=[1, 1, 2, 4])
l31, l32, l33, l34 = sch.split(loop=l5, factors=[v27, v28, v29, v30], preserve_unit_iters=True, disable_predication=False)
v35, v36, v37, v38 = sch.sample_perfect_tile(loop=l6, n=4, max_innermost_factor=64, decision=[1, 4, 1, 2])
l39, l40, l41, l42 = sch.split(loop=l6, factors=[v35, v36, v37, v38], preserve_unit_iters=True, disable_predication=False)
v43, v44, v45, v46 = sch.sample_perfect_tile(loop=l7, n=4, max_innermost_factor=64, decision=[1, 1, 2, 4])
l47, l48, l49, l50 = sch.split(loop=l7, factors=[v43, v44, v45, v46], preserve_unit_iters=True, disable_predication=False)
v51, v52 = sch.sample_perfect_tile(loop=l8, n=2, max_innermost_factor=64, decision=[2, 64])
l53, l54 = sch.split(loop=l8, factors=[v51, v52], preserve_unit_iters=True, disable_predication=False)
v55, v56 = sch.sample_perfect_tile(loop=l9, n=2, max_innermost_factor=64, decision=[1, 3])
l57, l58 = sch.split(loop=l9, factors=[v55, v56], preserve_unit_iters=True, disable_predication=False)
v59, v60 = sch.sample_perfect_tile(loop=l10, n=2, max_innermost_factor=64, decision=[3, 1])
l61, l62 = sch.split(loop=l10, factors=[v59, v60], preserve_unit_iters=True, disable_predication=False)
sch.reorder(l15, l23, l31, l39, l47, l16, l24, l32, l40, l48, l53, l57, l61, l17, l25, l33, l41, l49, l54, l58, l62, l18, l26, l34, l42, l50)
b63 = sch.cache_write(block=b1, write_buffer_index=0, storage_scope="global")
sch.reverse_compute_at(block=b63, loop=l48, preserve_unit_loops=True, index=-1)
sch.annotate(block_or_loop=b2, ann_key="meta_schedule.parallel", ann_val=96)
sch.annotate(block_or_loop=b2, ann_key="meta_schedule.vectorize", ann_val=64)
v64 = sch.sample_categorical(candidates=[0, 16, 64, 512], probs=[0.25, 0.25, 0.25, 0.25], decision=2)
sch.annotate(block_or_loop=b2, ann_key="meta_schedule.unroll_explicit", ann_val=v64)
l65 = sch.sample_compute_location(block=b0, decision=-2)
sch.compute_at(block=b0, loop=l65, preserve_unit_loops=True, index=-1)
2024-05-20 13:16:51 [INFO] [task_scheduler.cc:170] Design space #1:
# from tvm.script import ir as I
# from tvm.script import tir as T

@I.ir_module
class Module:
    @T.prim_func
    def main(p0: T.Buffer((T.int64(1), T.int64(16), T.int64(8), T.int64(8), T.int64(8)), "float32"), p1: T.Buffer((T.int64(4), T.int64(16), T.int64(3), T.int64(3), T.int64(8), T.int64(8)), "float32"), conv2d_NCHWc: T.Buffer((T.int64(1), T.int64(4), T.int64(8), T.int64(8), T.int64(8)), "float32")):
        T.func_attr({"tir.noalias": T.bool(True)})
        with T.block("root"):
            T.reads()
            T.writes()
            T.block_attr({"meta_schedule.parallel": 96, "meta_schedule.unroll_explicit": 64, "meta_schedule.vectorize": 64})
            data_pad = T.alloc_buffer((T.int64(1), T.int64(16), T.int64(10), T.int64(10), T.int64(8)))
            conv2d_NCHWc_global = T.alloc_buffer((T.int64(1), T.int64(4), T.int64(8), T.int64(8), T.int64(8)))
            for n_0, oc_chunk_0, oh_0, ow_0, oc_block_0 in T.grid(T.int64(1), T.int64(2), T.int64(1), T.int64(1), T.int64(1)):
                for n_1, oc_chunk_1 in T.grid(T.int64(1), T.int64(2)):
                    for ax0, ax1, ax2, ax3, ax4 in T.grid(T.int64(1), T.int64(16), T.int64(10), T.int64(10), T.int64(8)):
                        with T.block("data_pad"):
                            v_i0, v_i1, v_i2, v_i3, v_i4 = T.axis.remap("SSSSS", [ax0, ax1, ax2, ax3, ax4])
                            T.reads(p0[v_i0, v_i1, v_i2 - T.int64(1), v_i3 - T.int64(1), v_i4])
                            T.writes(data_pad[v_i0, v_i1, v_i2, v_i3, v_i4])
                            data_pad[v_i0, v_i1, v_i2, v_i3, v_i4] = T.if_then_else(T.int64(1) <= v_i2 and v_i2 < T.int64(9) and T.int64(1) <= v_i3 and v_i3 < T.int64(9), p0[v_i0, v_i1, v_i2 - T.int64(1), v_i3 - T.int64(1), v_i4], T.float32(0))
                    for oh_1, ow_1, oc_block_1, ic_0, kh_0, kw_0, n_2, oc_chunk_2, oh_2, ow_2, oc_block_2, ic_1, kh_1, kw_1, n_3, oc_chunk_3, oh_3, ow_3, oc_block_3 in T.grid(T.int64(1), T.int64(4), T.int64(1), T.int64(2), T.int64(1), T.int64(3), T.int64(1), T.int64(1), T.int64(2), T.int64(1), T.int64(2), T.int64(64), T.int64(3), T.int64(1), T.int64(1), T.int64(1), T.int64(4), T.int64(2), T.int64(4)):
                        with T.block("conv2d_NCHWc"):
                            v_n = T.axis.spatial(T.int64(1), n_0 + n_1 + n_2 + n_3)
                            v_oc_chunk = T.axis.spatial(T.int64(4), oc_chunk_0 * T.int64(2) + oc_chunk_1 + oc_chunk_2 + oc_chunk_3)
                            v_oh = T.axis.spatial(T.int64(8), oh_0 * T.int64(8) + oh_1 * T.int64(8) + oh_2 * T.int64(4) + oh_3)
                            v_ow = T.axis.spatial(T.int64(8), ow_0 * T.int64(8) + ow_1 * T.int64(2) + ow_2 * T.int64(2) + ow_3)
                            v_oc_block = T.axis.spatial(T.int64(8), oc_block_0 * T.int64(8) + oc_block_1 * T.int64(8) + oc_block_2 * T.int64(4) + oc_block_3)
                            v_ic = T.axis.reduce(T.int64(128), ic_0 * T.int64(64) + ic_1)
                            v_kh = T.axis.reduce(T.int64(3), kh_0 * T.int64(3) + kh_1)
                            v_kw = T.axis.reduce(T.int64(3), kw_0 + kw_1)
                            T.reads(data_pad[v_n, v_ic // T.int64(8), v_oh + v_kh, v_ow + v_kw, v_ic % T.int64(8)], p1[v_oc_chunk, v_ic // T.int64(8), v_kh, v_kw, v_ic % T.int64(8), v_oc_block])
                            T.writes(conv2d_NCHWc_global[v_n, v_oc_chunk, v_oh, v_ow, v_oc_block])
                            T.block_attr({"meta_schedule.tiling_structure": "SSRSRS"})
                            with T.init():
                                conv2d_NCHWc_global[v_n, v_oc_chunk, v_oh, v_ow, v_oc_block] = T.float32(0)
                            conv2d_NCHWc_global[v_n, v_oc_chunk, v_oh, v_ow, v_oc_block] = conv2d_NCHWc_global[v_n, v_oc_chunk, v_oh, v_ow, v_oc_block] + data_pad[v_n, v_ic // T.int64(8), v_oh + v_kh, v_ow + v_kw, v_ic % T.int64(8)] * p1[v_oc_chunk, v_ic // T.int64(8), v_kh, v_kw, v_ic % T.int64(8), v_oc_block]
                for ax0, ax1, ax2, ax3, ax4 in T.grid(T.int64(1), T.int64(2), T.int64(8), T.int64(8), T.int64(8)):
                    with T.block("conv2d_NCHWc_global"):
                        v0 = T.axis.spatial(T.int64(1), ax0)
                        v1 = T.axis.spatial(T.int64(4), oc_chunk_0 * T.int64(2) + ax1)
                        v2, v3, v4 = T.axis.remap("SSS", [ax2, ax3, ax4])
                        T.reads(conv2d_NCHWc_global[v0, v1, v2, v3, v4])
                        T.writes(conv2d_NCHWc[v0, v1, v2, v3, v4])
                        conv2d_NCHWc[v0, v1, v2, v3, v4] = conv2d_NCHWc_global[v0, v1, v2, v3, v4]
b0 = sch.get_block(name="data_pad", func_name="main")
b1 = sch.get_block(name="conv2d_NCHWc", func_name="main")
b2 = sch.get_block(name="root", func_name="main")
sch.annotate(block_or_loop=b1, ann_key="meta_schedule.tiling_structure", ann_val="SSRSRS")
l3, l4, l5, l6, l7, l8, l9, l10 = sch.get_loops(block=b1)
v11, v12, v13, v14 = sch.sample_perfect_tile(loop=l3, n=4, max_innermost_factor=64, decision=[1, 1, 1, 1])
l15, l16, l17, l18 = sch.split(loop=l3, factors=[v11, v12, v13, v14], preserve_unit_iters=True, disable_predication=False)
v19, v20, v21, v22 = sch.sample_perfect_tile(loop=l4, n=4, max_innermost_factor=64, decision=[2, 2, 1, 1])
l23, l24, l25, l26 = sch.split(loop=l4, factors=[v19, v20, v21, v22], preserve_unit_iters=True, disable_predication=False)
v27, v28, v29, v30 = sch.sample_perfect_tile(loop=l5, n=4, max_innermost_factor=64, decision=[1, 1, 2, 4])
l31, l32, l33, l34 = sch.split(loop=l5, factors=[v27, v28, v29, v30], preserve_unit_iters=True, disable_predication=False)
v35, v36, v37, v38 = sch.sample_perfect_tile(loop=l6, n=4, max_innermost_factor=64, decision=[1, 4, 1, 2])
l39, l40, l41, l42 = sch.split(loop=l6, factors=[v35, v36, v37, v38], preserve_unit_iters=True, disable_predication=False)
v43, v44, v45, v46 = sch.sample_perfect_tile(loop=l7, n=4, max_innermost_factor=64, decision=[1, 1, 2, 4])
l47, l48, l49, l50 = sch.split(loop=l7, factors=[v43, v44, v45, v46], preserve_unit_iters=True, disable_predication=False)
v51, v52 = sch.sample_perfect_tile(loop=l8, n=2, max_innermost_factor=64, decision=[2, 64])
l53, l54 = sch.split(loop=l8, factors=[v51, v52], preserve_unit_iters=True, disable_predication=False)
v55, v56 = sch.sample_perfect_tile(loop=l9, n=2, max_innermost_factor=64, decision=[1, 3])
l57, l58 = sch.split(loop=l9, factors=[v55, v56], preserve_unit_iters=True, disable_predication=False)
v59, v60 = sch.sample_perfect_tile(loop=l10, n=2, max_innermost_factor=64, decision=[3, 1])
l61, l62 = sch.split(loop=l10, factors=[v59, v60], preserve_unit_iters=True, disable_predication=False)
sch.reorder(l15, l23, l31, l39, l47, l16, l24, l32, l40, l48, l53, l57, l61, l17, l25, l33, l41, l49, l54, l58, l62, l18, l26, l34, l42, l50)
b63 = sch.cache_write(block=b1, write_buffer_index=0, storage_scope="global")
sch.reverse_compute_at(block=b63, loop=l47, preserve_unit_loops=True, index=-1)
sch.annotate(block_or_loop=b2, ann_key="meta_schedule.parallel", ann_val=96)
sch.annotate(block_or_loop=b2, ann_key="meta_schedule.vectorize", ann_val=64)
v64 = sch.sample_categorical(candidates=[0, 16, 64, 512], probs=[0.25, 0.25, 0.25, 0.25], decision=2)
sch.annotate(block_or_loop=b2, ann_key="meta_schedule.unroll_explicit", ann_val=v64)
l65 = sch.sample_compute_location(block=b0, decision=6)
sch.compute_at(block=b0, loop=l65, preserve_unit_loops=True, index=-1)
2024-05-20 13:16:51 [INFO] [task_scheduler.cc:170] Design space #2:
# from tvm.script import ir as I
# from tvm.script import tir as T

@I.ir_module
class Module:
    @T.prim_func
    def main(p0: T.Buffer((T.int64(1), T.int64(16), T.int64(8), T.int64(8), T.int64(8)), "float32"), p1: T.Buffer((T.int64(4), T.int64(16), T.int64(3), T.int64(3), T.int64(8), T.int64(8)), "float32"), conv2d_NCHWc: T.Buffer((T.int64(1), T.int64(4), T.int64(8), T.int64(8), T.int64(8)), "float32")):
        T.func_attr({"tir.noalias": T.bool(True)})
        with T.block("root"):
            T.reads()
            T.writes()
            T.block_attr({"meta_schedule.parallel": 96, "meta_schedule.unroll_explicit": 0, "meta_schedule.vectorize": 64})
            data_pad = T.alloc_buffer((T.int64(1), T.int64(16), T.int64(10), T.int64(10), T.int64(8)))
            for n_0, oc_chunk_0, oh_0, ow_0, oc_block_0, n_1, oc_chunk_1, oh_1, ow_1, oc_block_1, ic_0 in T.grid(T.int64(1), T.int64(2), T.int64(1), T.int64(1), T.int64(1), T.int64(1), T.int64(2), T.int64(1), T.int64(4), T.int64(1), T.int64(2)):
                for ax0, ax1, ax2, ax3, ax4 in T.grid(T.int64(1), T.int64(8), T.int64(10), T.int64(4), T.int64(8)):
                    with T.block("data_pad"):
                        v_i0 = T.axis.spatial(T.int64(1), ax0)
                        v_i1 = T.axis.spatial(T.int64(16), ic_0 * T.int64(8) + ax1)
                        v_i2 = T.axis.spatial(T.int64(10), ax2)
                        v_i3 = T.axis.spatial(T.int64(10), ow_1 * T.int64(2) + ax3)
                        v_i4 = T.axis.spatial(T.int64(8), ax4)
                        T.reads(p0[v_i0, v_i1, v_i2 - T.int64(1), v_i3 - T.int64(1), v_i4])
                        T.writes(data_pad[v_i0, v_i1, v_i2, v_i3, v_i4])
                        data_pad[v_i0, v_i1, v_i2, v_i3, v_i4] = T.if_then_else(T.int64(1) <= v_i2 and v_i2 < T.int64(9) and T.int64(1) <= v_i3 and v_i3 < T.int64(9), p0[v_i0, v_i1, v_i2 - T.int64(1), v_i3 - T.int64(1), v_i4], T.float32(0))
                for kh_0, kw_0, n_2, oc_chunk_2, oh_2, ow_2, oc_block_2, ic_1, kh_1, kw_1, n_3, oc_chunk_3, oh_3, ow_3, oc_block_3 in T.grid(T.int64(1), T.int64(3), T.int64(1), T.int64(1), T.int64(2), T.int64(1), T.int64(2), T.int64(64), T.int64(3), T.int64(1), T.int64(1), T.int64(1), T.int64(4), T.int64(2), T.int64(4)):
                    with T.block("conv2d_NCHWc"):
                        v_n = T.axis.spatial(T.int64(1), n_0 + n_1 + n_2 + n_3)
                        v_oc_chunk = T.axis.spatial(T.int64(4), oc_chunk_0 * T.int64(2) + oc_chunk_1 + oc_chunk_2 + oc_chunk_3)
                        v_oh = T.axis.spatial(T.int64(8), oh_0 * T.int64(8) + oh_1 * T.int64(8) + oh_2 * T.int64(4) + oh_3)
                        v_ow = T.axis.spatial(T.int64(8), ow_0 * T.int64(8) + ow_1 * T.int64(2) + ow_2 * T.int64(2) + ow_3)
                        v_oc_block = T.axis.spatial(T.int64(8), oc_block_0 * T.int64(8) + oc_block_1 * T.int64(8) + oc_block_2 * T.int64(4) + oc_block_3)
                        v_ic = T.axis.reduce(T.int64(128), ic_0 * T.int64(64) + ic_1)
                        v_kh = T.axis.reduce(T.int64(3), kh_0 * T.int64(3) + kh_1)
                        v_kw = T.axis.reduce(T.int64(3), kw_0 + kw_1)
                        T.reads(data_pad[v_n, v_ic // T.int64(8), v_oh + v_kh, v_ow + v_kw, v_ic % T.int64(8)], p1[v_oc_chunk, v_ic // T.int64(8), v_kh, v_kw, v_ic % T.int64(8), v_oc_block])
                        T.writes(conv2d_NCHWc[v_n, v_oc_chunk, v_oh, v_ow, v_oc_block])
                        T.block_attr({"meta_schedule.tiling_structure": "SSRSRS"})
                        with T.init():
                            conv2d_NCHWc[v_n, v_oc_chunk, v_oh, v_ow, v_oc_block] = T.float32(0)
                        conv2d_NCHWc[v_n, v_oc_chunk, v_oh, v_ow, v_oc_block] = conv2d_NCHWc[v_n, v_oc_chunk, v_oh, v_ow, v_oc_block] + data_pad[v_n, v_ic // T.int64(8), v_oh + v_kh, v_ow + v_kw, v_ic % T.int64(8)] * p1[v_oc_chunk, v_ic // T.int64(8), v_kh, v_kw, v_ic % T.int64(8), v_oc_block]
b0 = sch.get_block(name="data_pad", func_name="main")
b1 = sch.get_block(name="conv2d_NCHWc", func_name="main")
b2 = sch.get_block(name="root", func_name="main")
sch.annotate(block_or_loop=b1, ann_key="meta_schedule.tiling_structure", ann_val="SSRSRS")
l3, l4, l5, l6, l7, l8, l9, l10 = sch.get_loops(block=b1)
v11, v12, v13, v14 = sch.sample_perfect_tile(loop=l3, n=4, max_innermost_factor=64, decision=[1, 1, 1, 1])
l15, l16, l17, l18 = sch.split(loop=l3, factors=[v11, v12, v13, v14], preserve_unit_iters=True, disable_predication=False)
v19, v20, v21, v22 = sch.sample_perfect_tile(loop=l4, n=4, max_innermost_factor=64, decision=[2, 2, 1, 1])
l23, l24, l25, l26 = sch.split(loop=l4, factors=[v19, v20, v21, v22], preserve_unit_iters=True, disable_predication=False)
v27, v28, v29, v30 = sch.sample_perfect_tile(loop=l5, n=4, max_innermost_factor=64, decision=[1, 1, 2, 4])
l31, l32, l33, l34 = sch.split(loop=l5, factors=[v27, v28, v29, v30], preserve_unit_iters=True, disable_predication=False)
v35, v36, v37, v38 = sch.sample_perfect_tile(loop=l6, n=4, max_innermost_factor=64, decision=[1, 4, 1, 2])
l39, l40, l41, l42 = sch.split(loop=l6, factors=[v35, v36, v37, v38], preserve_unit_iters=True, disable_predication=False)
v43, v44, v45, v46 = sch.sample_perfect_tile(loop=l7, n=4, max_innermost_factor=64, decision=[1, 1, 2, 4])
l47, l48, l49, l50 = sch.split(loop=l7, factors=[v43, v44, v45, v46], preserve_unit_iters=True, disable_predication=False)
v51, v52 = sch.sample_perfect_tile(loop=l8, n=2, max_innermost_factor=64, decision=[2, 64])
l53, l54 = sch.split(loop=l8, factors=[v51, v52], preserve_unit_iters=True, disable_predication=False)
v55, v56 = sch.sample_perfect_tile(loop=l9, n=2, max_innermost_factor=64, decision=[1, 3])
l57, l58 = sch.split(loop=l9, factors=[v55, v56], preserve_unit_iters=True, disable_predication=False)
v59, v60 = sch.sample_perfect_tile(loop=l10, n=2, max_innermost_factor=64, decision=[3, 1])
l61, l62 = sch.split(loop=l10, factors=[v59, v60], preserve_unit_iters=True, disable_predication=False)
sch.reorder(l15, l23, l31, l39, l47, l16, l24, l32, l40, l48, l53, l57, l61, l17, l25, l33, l41, l49, l54, l58, l62, l18, l26, l34, l42, l50)
sch.annotate(block_or_loop=b2, ann_key="meta_schedule.parallel", ann_val=96)
sch.annotate(block_or_loop=b2, ann_key="meta_schedule.vectorize", ann_val=64)
v63 = sch.sample_categorical(candidates=[0, 16, 64, 512], probs=[0.25, 0.25, 0.25, 0.25], decision=0)
sch.annotate(block_or_loop=b2, ann_key="meta_schedule.unroll_explicit", ann_val=v63)
l64 = sch.sample_compute_location(block=b0, decision=10)
sch.compute_at(block=b0, loop=l64, preserve_unit_loops=True, index=-1)
2024-05-20 15:11:33 [INFO] [evolutionary_search.cc:713] Generating candidates......
2024-05-20 15:11:33 [INFO] [evolutionary_search.cc:715] Picked top 0 candidate(s) from database
2024-05-20 15:11:35 [INFO] [evolutionary_search.cc:533] Sample-Init-Population summary:
Postproc #0 [meta_schedule.DisallowDynamicLoop(0x3e61f198)]: 0 failure(s)
Postproc #1 [meta_schedule.RewriteParallelVectorizeUnroll(0x423eb8a8)]: 0 failure(s)
Postproc #2 [meta_schedule.RewriteReductionBlock(0x4d867578)]: 0 failure(s)
Postproc #3 [meta_schedule.RewriteLayout(0x4bea8528)]: 0 failure(s)
2024-05-20 15:11:35 [INFO] [evolutionary_search.cc:723] Sampled 512 candidate(s)
2024-05-20 15:11:37 [INFO] [evolutionary_search.cc:621] Evolve iter #0 done. Summary:
Postproc #0 [meta_schedule.DisallowDynamicLoop(0x3e61f198)]: 0 failure(s)
Postproc #1 [meta_schedule.RewriteParallelVectorizeUnroll(0x423eb8a8)]: 0 failure(s)
Postproc #2 [meta_schedule.RewriteReductionBlock(0x4d867578)]: 0 failure(s)
Postproc #3 [meta_schedule.RewriteLayout(0x4bea8528)]: 0 failure(s)
2024-05-20 15:11:39 [INFO] [evolutionary_search.cc:621] Evolve iter #1 done. Summary:
Postproc #0 [meta_schedule.DisallowDynamicLoop(0x3e61f198)]: 0 failure(s)
Postproc #1 [meta_schedule.RewriteParallelVectorizeUnroll(0x423eb8a8)]: 0 failure(s)
Postproc #2 [meta_schedule.RewriteReductionBlock(0x4d867578)]: 0 failure(s)
Postproc #3 [meta_schedule.RewriteLayout(0x4bea8528)]: 0 failure(s)
2024-05-20 15:11:41 [INFO] [evolutionary_search.cc:621] Evolve iter #2 done. Summary:
Postproc #0 [meta_schedule.DisallowDynamicLoop(0x3e61f198)]: 0 failure(s)
Postproc #1 [meta_schedule.RewriteParallelVectorizeUnroll(0x423eb8a8)]: 0 failure(s)
Postproc #2 [meta_schedule.RewriteReductionBlock(0x4d867578)]: 0 failure(s)
Postproc #3 [meta_schedule.RewriteLayout(0x4bea8528)]: 0 failure(s)
2024-05-20 15:11:43 [INFO] [evolutionary_search.cc:621] Evolve iter #3 done. Summary:
Postproc #0 [meta_schedule.DisallowDynamicLoop(0x3e61f198)]: 0 failure(s)
Postproc #1 [meta_schedule.RewriteParallelVectorizeUnroll(0x423eb8a8)]: 0 failure(s)
Postproc #2 [meta_schedule.RewriteReductionBlock(0x4d867578)]: 0 failure(s)
Postproc #3 [meta_schedule.RewriteLayout(0x4bea8528)]: 0 failure(s)
2024-05-20 15:11:43 [INFO] [evolutionary_search.cc:649] Scores of the best 64 candidates:
[1 : 16]:	1.0000  0.9991  0.9990  0.9989  0.9974  0.9973  0.9970  0.9968  0.9947  0.9940  0.9926  0.9921  0.9921  0.9919  0.9914  0.9913
[17 : 32]:	0.9904  0.9900  0.9899  0.9896  0.9893  0.9891  0.9884  0.9884  0.9884  0.9882  0.9879  0.9868  0.9868  0.9867  0.9867  0.9866
[33 : 48]:	0.9854  0.9854  0.9851  0.9850  0.9844  0.9842  0.9841  0.9840  0.9836  0.9835  0.9828  0.9826  0.9826  0.9825  0.9822  0.9819
[49 : 64]:	0.9815  0.9814  0.9812  0.9807  0.9792  0.9784  0.9778  0.9777  0.9771  0.9769  0.9767  0.9763  0.9758  0.9752  0.9744  0.9736
2024-05-20 15:11:44 [INFO] [evolutionary_search.cc:727] Got 64 candidate(s) with evolutionary search
2024-05-20 15:11:44 [INFO] [evolutionary_search.cc:730] Sending 64 candidates(s) for measurement
2024-05-20 15:31:24 [INFO] [task_scheduler.cc:131] [Task #61: fused_nn_contrib_conv2d_NCHWc_3] Trial #1: GFLOPs: 4.7362. Time: 996.2895 us. Best GFLOPs: 4.7362
2024-05-20 15:31:24 [INFO] [task_scheduler.cc:131] [Task #61: fused_nn_contrib_conv2d_NCHWc_3] Trial #2: GFLOPs: 43.2586. Time: 109.0786 us. Best GFLOPs: 43.2586
2024-05-20 15:31:24 [INFO] [task_scheduler.cc:131] [Task #61: fused_nn_contrib_conv2d_NCHWc_3] Trial #3: GFLOPs: 20.4958. Time: 230.2222 us. Best GFLOPs: 43.2586
2024-05-20 15:31:24 [INFO] [task_scheduler.cc:131] [Task #61: fused_nn_contrib_conv2d_NCHWc_3] Trial #4: GFLOPs: 2.7821. Time: 1696.0346 us. Best GFLOPs: 43.2586
2024-05-20 15:31:24 [INFO] [task_scheduler.cc:131] [Task #61: fused_nn_contrib_conv2d_NCHWc_3] Trial #5: GFLOPs: 3.4418. Time: 1370.9722 us. Best GFLOPs: 43.2586
2024-05-20 15:31:24 [INFO] [task_scheduler.cc:131] [Task #61: fused_nn_contrib_conv2d_NCHWc_3] Trial #6: GFLOPs: 30.3792. Time: 155.3230 us. Best GFLOPs: 43.2586
2024-05-20 15:31:24 [INFO] [task_scheduler.cc:131] [Task #61: fused_nn_contrib_conv2d_NCHWc_3] Trial #7: GFLOPs: 69.4518. Time: 67.9405 us. Best GFLOPs: 69.4518
2024-05-20 15:31:24 [INFO] [task_scheduler.cc:131] [Task #61: fused_nn_contrib_conv2d_NCHWc_3] Trial #8: GFLOPs: 11.9096. Time: 396.2015 us. Best GFLOPs: 69.4518
2024-05-20 15:31:24 [INFO] [task_scheduler.cc:131] [Task #61: fused_nn_contrib_conv2d_NCHWc_3] Trial #9: GFLOPs: 28.4350. Time: 165.9429 us. Best GFLOPs: 69.4518
2024-05-20 15:31:24 [INFO] [task_scheduler.cc:131] [Task #61: fused_nn_contrib_conv2d_NCHWc_3] Trial #10: GFLOPs: 24.7793. Time: 190.4247 us. Best GFLOPs: 69.4518
2024-05-20 15:31:24 [INFO] [task_scheduler.cc:131] [Task #61: fused_nn_contrib_conv2d_NCHWc_3] Trial #11: GFLOPs: 27.9967. Time: 168.5407 us. Best GFLOPs: 69.4518
2024-05-20 15:31:24 [INFO] [task_scheduler.cc:131] [Task #61: fused_nn_contrib_conv2d_NCHWc_3] Trial #12: GFLOPs: 28.8668. Time: 163.4610 us. Best GFLOPs: 69.4518
2024-05-20 15:31:24 [INFO] [task_scheduler.cc:131] [Task #61: fused_nn_contrib_conv2d_NCHWc_3] Trial #13: GFLOPs: 22.6896. Time: 207.9626 us. Best GFLOPs: 69.4518
2024-05-20 15:31:24 [INFO] [task_scheduler.cc:131] [Task #61: fused_nn_contrib_conv2d_NCHWc_3] Trial #14: GFLOPs: 17.0176. Time: 277.2765 us. Best GFLOPs: 69.4518
2024-05-20 15:31:24 [INFO] [task_scheduler.cc:131] [Task #61: fused_nn_contrib_conv2d_NCHWc_3] Trial #15: GFLOPs: 12.9824. Time: 363.4615 us. Best GFLOPs: 69.4518
2024-05-20 15:31:24 [INFO] [task_scheduler.cc:131] [Task #61: fused_nn_contrib_conv2d_NCHWc_3] Trial #16: GFLOPs: 43.9669. Time: 107.3214 us. Best GFLOPs: 69.4518
2024-05-20 15:31:24 [INFO] [task_scheduler.cc:131] [Task #61: fused_nn_contrib_conv2d_NCHWc_3] Trial #17: GFLOPs: 17.2556. Time: 273.4521 us. Best GFLOPs: 69.4518
2024-05-20 15:31:24 [INFO] [task_scheduler.cc:131] [Task #61: fused_nn_contrib_conv2d_NCHWc_3] Trial #18: GFLOPs: 27.7884. Time: 169.8044 us. Best GFLOPs: 69.4518
2024-05-20 15:31:24 [INFO] [task_scheduler.cc:131] [Task #61: fused_nn_contrib_conv2d_NCHWc_3] Trial #19: GFLOPs: 37.3952. Time: 126.1818 us. Best GFLOPs: 69.4518
2024-05-20 15:31:24 [INFO] [task_scheduler.cc:131] [Task #61: fused_nn_contrib_conv2d_NCHWc_3] Trial #20: GFLOPs: 63.6255. Time: 74.1620 us. Best GFLOPs: 69.4518
2024-05-20 15:31:24 [INFO] [task_scheduler.cc:131] [Task #61: fused_nn_contrib_conv2d_NCHWc_3] Trial #21: GFLOPs: 53.6423. Time: 87.9641 us. Best GFLOPs: 69.4518
2024-05-20 15:31:24 [INFO] [task_scheduler.cc:131] [Task #61: fused_nn_contrib_conv2d_NCHWc_3] Trial #22: GFLOPs: 6.0235. Time: 783.3652 us. Best GFLOPs: 69.4518
2024-05-20 15:31:24 [INFO] [task_scheduler.cc:131] [Task #61: fused_nn_contrib_conv2d_NCHWc_3] Trial #23: GFLOPs: 26.3181. Time: 179.2908 us. Best GFLOPs: 69.4518
2024-05-20 15:31:24 [INFO] [task_scheduler.cc:131] [Task #61: fused_nn_contrib_conv2d_NCHWc_3] Trial #24: GFLOPs: 5.8121. Time: 811.8619 us. Best GFLOPs: 69.4518
2024-05-20 15:31:24 [INFO] [task_scheduler.cc:131] [Task #61: fused_nn_contrib_conv2d_NCHWc_3] Trial #25: GFLOPs: 10.3867. Time: 454.2939 us. Best GFLOPs: 69.4518
2024-05-20 15:31:24 [INFO] [task_scheduler.cc:131] [Task #61: fused_nn_contrib_conv2d_NCHWc_3] Trial #26: GFLOPs: 64.7851. Time: 72.8346 us. Best GFLOPs: 69.4518
2024-05-20 15:31:24 [INFO] [task_scheduler.cc:131] [Task #61: fused_nn_contrib_conv2d_NCHWc_3] Trial #27: GFLOPs: 28.7713. Time: 164.0032 us. Best GFLOPs: 69.4518
2024-05-20 15:31:24 [INFO] [task_scheduler.cc:131] [Task #61: fused_nn_contrib_conv2d_NCHWc_3] Trial #28: GFLOPs: 26.3178. Time: 179.2929 us. Best GFLOPs: 69.4518
2024-05-20 15:31:24 [INFO] [task_scheduler.cc:131] [Task #61: fused_nn_contrib_conv2d_NCHWc_3] Trial #29: GFLOPs: 5.7459. Time: 821.2131 us. Best GFLOPs: 69.4518
2024-05-20 15:31:24 [INFO] [task_scheduler.cc:131] [Task #61: fused_nn_contrib_conv2d_NCHWc_3] Trial #30: GFLOPs: 34.5643. Time: 136.5164 us. Best GFLOPs: 69.4518
2024-05-20 15:31:24 [INFO] [task_scheduler.cc:131] [Task #61: fused_nn_contrib_conv2d_NCHWc_3] Trial #31: GFLOPs: 10.1956. Time: 462.8070 us. Best GFLOPs: 69.4518
2024-05-20 15:31:24 [INFO] [task_scheduler.cc:131] [Task #61: fused_nn_contrib_conv2d_NCHWc_3] Trial #32: GFLOPs: 5.1292. Time: 919.9501 us. Best GFLOPs: 69.4518
2024-05-20 15:31:24 [INFO] [task_scheduler.cc:131] [Task #61: fused_nn_contrib_conv2d_NCHWc_3] Trial #33: GFLOPs: 33.4324. Time: 141.1385 us. Best GFLOPs: 69.4518
2024-05-20 15:31:24 [INFO] [task_scheduler.cc:131] [Task #61: fused_nn_contrib_conv2d_NCHWc_3] Trial #34: GFLOPs: 4.9366. Time: 955.8441 us. Best GFLOPs: 69.4518
2024-05-20 15:31:24 [INFO] [task_scheduler.cc:131] [Task #61: fused_nn_contrib_conv2d_NCHWc_3] Trial #35: GFLOPs: 3.9823. Time: 1184.8977 us. Best GFLOPs: 69.4518
2024-05-20 15:31:24 [INFO] [task_scheduler.cc:131] [Task #61: fused_nn_contrib_conv2d_NCHWc_3] Trial #36: GFLOPs: 73.1245. Time: 64.5282 us. Best GFLOPs: 73.1245
2024-05-20 15:31:24 [INFO] [task_scheduler.cc:131] [Task #61: fused_nn_contrib_conv2d_NCHWc_3] Trial #37: GFLOPs: 40.6924. Time: 115.9577 us. Best GFLOPs: 73.1245
2024-05-20 15:31:24 [INFO] [task_scheduler.cc:131] [Task #61: fused_nn_contrib_conv2d_NCHWc_3] Trial #38: GFLOPs: 29.1742. Time: 161.7388 us. Best GFLOPs: 73.1245
2024-05-20 15:31:24 [INFO] [task_scheduler.cc:131] [Task #61: fused_nn_contrib_conv2d_NCHWc_3] Trial #39: GFLOPs: 9.1555. Time: 515.3814 us. Best GFLOPs: 73.1245
2024-05-20 15:31:24 [INFO] [task_scheduler.cc:131] [Task #61: fused_nn_contrib_conv2d_NCHWc_3] Trial #40: GFLOPs: 75.6029. Time: 62.4129 us. Best GFLOPs: 75.6029
2024-05-20 15:31:24 [INFO] [task_scheduler.cc:131] [Task #61: fused_nn_contrib_conv2d_NCHWc_3] Trial #41: GFLOPs: 19.2072. Time: 245.6674 us. Best GFLOPs: 75.6029
2024-05-20 15:31:24 [INFO] [task_scheduler.cc:131] [Task #61: fused_nn_contrib_conv2d_NCHWc_3] Trial #42: GFLOPs: 37.8873. Time: 124.5429 us. Best GFLOPs: 75.6029
2024-05-20 15:31:24 [INFO] [task_scheduler.cc:131] [Task #61: fused_nn_contrib_conv2d_NCHWc_3] Trial #43: GFLOPs: 34.6958. Time: 135.9988 us. Best GFLOPs: 75.6029
2024-05-20 15:31:24 [INFO] [task_scheduler.cc:131] [Task #61: fused_nn_contrib_conv2d_NCHWc_3] Trial #44: GFLOPs: 1.3072. Time: 3609.7585 us. Best GFLOPs: 75.6029
2024-05-20 15:31:24 [INFO] [task_scheduler.cc:131] [Task #61: fused_nn_contrib_conv2d_NCHWc_3] Trial #45: GFLOPs: 21.5014. Time: 219.4552 us. Best GFLOPs: 75.6029
2024-05-20 15:31:24 [INFO] [task_scheduler.cc:131] [Task #61: fused_nn_contrib_conv2d_NCHWc_3] Trial #46: GFLOPs: 14.0298. Time: 336.3267 us. Best GFLOPs: 75.6029
2024-05-20 15:31:24 [INFO] [task_scheduler.cc:131] [Task #61: fused_nn_contrib_conv2d_NCHWc_3] Trial #47: GFLOPs: 5.5151. Time: 855.5725 us. Best GFLOPs: 75.6029
2024-05-20 15:31:24 [INFO] [task_scheduler.cc:131] [Task #61: fused_nn_contrib_conv2d_NCHWc_3] Trial #48: GFLOPs: 8.5188. Time: 553.9020 us. Best GFLOPs: 75.6029
2024-05-20 15:31:24 [INFO] [task_scheduler.cc:131] [Task #61: fused_nn_contrib_conv2d_NCHWc_3] Trial #49: GFLOPs: 14.7723. Time: 319.4214 us. Best GFLOPs: 75.6029
2024-05-20 15:31:24 [INFO] [task_scheduler.cc:131] [Task #61: fused_nn_contrib_conv2d_NCHWc_3] Trial #50: GFLOPs: 5.6573. Time: 834.0655 us. Best GFLOPs: 75.6029
2024-05-20 15:31:24 [INFO] [task_scheduler.cc:131] [Task #61: fused_nn_contrib_conv2d_NCHWc_3] Trial #51: GFLOPs: 34.0202. Time: 138.6997 us. Best GFLOPs: 75.6029
2024-05-20 15:31:24 [INFO] [task_scheduler.cc:131] [Task #61: fused_nn_contrib_conv2d_NCHWc_3] Trial #52: GFLOPs: 21.0455. Time: 224.2090 us. Best GFLOPs: 75.6029
2024-05-20 15:31:24 [INFO] [task_scheduler.cc:131] [Task #61: fused_nn_contrib_conv2d_NCHWc_3] Trial #53: GFLOPs: 47.1992. Time: 99.9718 us. Best GFLOPs: 75.6029
2024-05-20 15:31:24 [INFO] [task_scheduler.cc:131] [Task #61: fused_nn_contrib_conv2d_NCHWc_3] Trial #54: GFLOPs: 75.2506. Time: 62.7050 us. Best GFLOPs: 75.6029
2024-05-20 15:31:24 [INFO] [task_scheduler.cc:131] [Task #61: fused_nn_contrib_conv2d_NCHWc_3] Trial #55: GFLOPs: 10.4914. Time: 449.7599 us. Best GFLOPs: 75.6029
2024-05-20 15:31:24 [INFO] [task_scheduler.cc:131] [Task #61: fused_nn_contrib_conv2d_NCHWc_3] Trial #56: GFLOPs: 50.7398. Time: 92.9958 us. Best GFLOPs: 75.6029
2024-05-20 15:31:24 [INFO] [task_scheduler.cc:131] [Task #61: fused_nn_contrib_conv2d_NCHWc_3] Trial #57: GFLOPs: 18.6291. Time: 253.2916 us. Best GFLOPs: 75.6029
2024-05-20 15:31:24 [INFO] [task_scheduler.cc:131] [Task #61: fused_nn_contrib_conv2d_NCHWc_3] Trial #58: GFLOPs: 15.9664. Time: 295.5318 us. Best GFLOPs: 75.6029
2024-05-20 15:31:24 [INFO] [task_scheduler.cc:131] [Task #61: fused_nn_contrib_conv2d_NCHWc_3] Trial #59: GFLOPs: 32.4992. Time: 145.1909 us. Best GFLOPs: 75.6029
2024-05-20 15:31:24 [INFO] [task_scheduler.cc:131] [Task #61: fused_nn_contrib_conv2d_NCHWc_3] Trial #60: GFLOPs: 13.9168. Time: 339.0575 us. Best GFLOPs: 75.6029
2024-05-20 15:31:24 [INFO] [task_scheduler.cc:131] [Task #61: fused_nn_contrib_conv2d_NCHWc_3] Trial #61: GFLOPs: 76.1130. Time: 61.9945 us. Best GFLOPs: 76.1130
2024-05-20 15:31:24 [INFO] [task_scheduler.cc:131] [Task #61: fused_nn_contrib_conv2d_NCHWc_3] Trial #62: GFLOPs: 13.4307. Time: 351.3280 us. Best GFLOPs: 76.1130
2024-05-20 15:31:24 [INFO] [task_scheduler.cc:131] [Task #61: fused_nn_contrib_conv2d_NCHWc_3] Trial #63: GFLOPs: 17.6868. Time: 266.7857 us. Best GFLOPs: 76.1130
2024-05-20 15:31:24 [INFO] [task_scheduler.cc:131] [Task #61: fused_nn_contrib_conv2d_NCHWc_3] Trial #64: GFLOPs: 45.5745. Time: 103.5357 us. Best GFLOPs: 76.1130
2024-05-20 15:31:26 [INFO] [evolutionary_search.cc:713] Generating candidates......
2024-05-20 15:31:27 [INFO] [evolutionary_search.cc:715] Picked top 64 candidate(s) from database
2024-05-20 15:31:29 [INFO] [evolutionary_search.cc:533] Sample-Init-Population summary:
Postproc #0 [meta_schedule.DisallowDynamicLoop(0x3e61f198)]: 0 failure(s)
Postproc #1 [meta_schedule.RewriteParallelVectorizeUnroll(0x423eb8a8)]: 0 failure(s)
Postproc #2 [meta_schedule.RewriteReductionBlock(0x4d867578)]: 0 failure(s)
Postproc #3 [meta_schedule.RewriteLayout(0x4bea8528)]: 0 failure(s)
2024-05-20 15:31:29 [INFO] [evolutionary_search.cc:723] Sampled 448 candidate(s)
2024-05-20 15:31:33 [INFO] [evolutionary_search.cc:621] Evolve iter #0 done. Summary:
Postproc #0 [meta_schedule.DisallowDynamicLoop(0x3e61f198)]: 0 failure(s)
Postproc #1 [meta_schedule.RewriteParallelVectorizeUnroll(0x423eb8a8)]: 0 failure(s)
Postproc #2 [meta_schedule.RewriteReductionBlock(0x4d867578)]: 0 failure(s)
Postproc #3 [meta_schedule.RewriteLayout(0x4bea8528)]: 0 failure(s)
2024-05-20 15:31:36 [INFO] [evolutionary_search.cc:621] Evolve iter #1 done. Summary:
Postproc #0 [meta_schedule.DisallowDynamicLoop(0x3e61f198)]: 0 failure(s)
Postproc #1 [meta_schedule.RewriteParallelVectorizeUnroll(0x423eb8a8)]: 0 failure(s)
Postproc #2 [meta_schedule.RewriteReductionBlock(0x4d867578)]: 0 failure(s)
Postproc #3 [meta_schedule.RewriteLayout(0x4bea8528)]: 0 failure(s)
2024-05-20 15:31:41 [INFO] [evolutionary_search.cc:621] Evolve iter #2 done. Summary:
Postproc #0 [meta_schedule.DisallowDynamicLoop(0x3e61f198)]: 0 failure(s)
Postproc #1 [meta_schedule.RewriteParallelVectorizeUnroll(0x423eb8a8)]: 0 failure(s)
Postproc #2 [meta_schedule.RewriteReductionBlock(0x4d867578)]: 0 failure(s)
Postproc #3 [meta_schedule.RewriteLayout(0x4bea8528)]: 0 failure(s)
2024-05-20 15:31:45 [INFO] [evolutionary_search.cc:621] Evolve iter #3 done. Summary:
Postproc #0 [meta_schedule.DisallowDynamicLoop(0x3e61f198)]: 0 failure(s)
Postproc #1 [meta_schedule.RewriteParallelVectorizeUnroll(0x423eb8a8)]: 0 failure(s)
Postproc #2 [meta_schedule.RewriteReductionBlock(0x4d867578)]: 0 failure(s)
Postproc #3 [meta_schedule.RewriteLayout(0x4bea8528)]: 0 failure(s)
2024-05-20 15:31:47 [INFO] [evolutionary_search.cc:649] Scores of the best 64 candidates:
[1 : 16]:	0.9769  0.9285  0.9285  0.9226  0.9200  0.9200  0.9179  0.9117  0.9095  0.9072  0.9060  0.9037  0.9037  0.9002  0.9000  0.8941
[17 : 32]:	0.8934  0.8929  0.8888  0.8823  0.8820  0.8819  0.8695  0.8670  0.8670  0.8668  0.8636  0.8636  0.8596  0.8596  0.8543  0.8461
[33 : 48]:	0.8389  0.8352  0.8351  0.8335  0.8331  0.8298  0.8297  0.8268  0.8268  0.8267  0.8260  0.8249  0.8237  0.8176  0.8174  0.8168
[49 : 64]:	0.8168  0.8153  0.8136  0.8133  0.8133  0.8119  0.8106  0.8098  0.8091  0.8091  0.8091  0.8086  0.8077  0.8060  0.8029  0.8024
2024-05-20 15:31:47 [INFO] [evolutionary_search.cc:727] Got 64 candidate(s) with evolutionary search
2024-05-20 15:31:47 [INFO] [evolutionary_search.cc:730] Sending 64 candidates(s) for measurement
2024-05-20 15:33:37 [INFO] [task_scheduler.cc:131] [Task #61: fused_nn_contrib_conv2d_NCHWc_3] Trial #65: GFLOPs: 105.7516. Time: 44.6196 us. Best GFLOPs: 105.7516
2024-05-20 15:33:37 [INFO] [task_scheduler.cc:131] [Task #61: fused_nn_contrib_conv2d_NCHWc_3] Trial #66: GFLOPs: 96.8567. Time: 48.7172 us. Best GFLOPs: 105.7516
2024-05-20 15:33:37 [INFO] [task_scheduler.cc:131] [Task #61: fused_nn_contrib_conv2d_NCHWc_3] Trial #67: GFLOPs: 99.8044. Time: 47.2784 us. Best GFLOPs: 105.7516
2024-05-20 15:33:37 [INFO] [task_scheduler.cc:131] [Task #61: fused_nn_contrib_conv2d_NCHWc_3] Trial #68: GFLOPs: 58.4946. Time: 80.6671 us. Best GFLOPs: 105.7516
2024-05-20 15:33:37 [INFO] [task_scheduler.cc:131] [Task #61: fused_nn_contrib_conv2d_NCHWc_3] Trial #69: GFLOPs: 53.3996. Time: 88.3638 us. Best GFLOPs: 105.7516
2024-05-20 15:33:37 [INFO] [task_scheduler.cc:131] [Task #61: fused_nn_contrib_conv2d_NCHWc_3] Trial #70: GFLOPs: 58.5498. Time: 80.5911 us. Best GFLOPs: 105.7516
2024-05-20 15:33:37 [INFO] [task_scheduler.cc:131] [Task #61: fused_nn_contrib_conv2d_NCHWc_3] Trial #71: GFLOPs: 139.3733. Time: 33.8558 us. Best GFLOPs: 139.3733
2024-05-20 15:33:37 [INFO] [task_scheduler.cc:131] [Task #61: fused_nn_contrib_conv2d_NCHWc_3] Trial #72: GFLOPs: 65.0399. Time: 72.5491 us. Best GFLOPs: 139.3733
2024-05-20 15:33:37 [INFO] [task_scheduler.cc:131] [Task #61: fused_nn_contrib_conv2d_NCHWc_3] Trial #73: GFLOPs: 102.8211. Time: 45.8913 us. Best GFLOPs: 139.3733
2024-05-20 15:33:37 [INFO] [task_scheduler.cc:131] [Task #61: fused_nn_contrib_conv2d_NCHWc_3] Trial #74: GFLOPs: 70.1209. Time: 67.2923 us. Best GFLOPs: 139.3733
2024-05-20 15:33:37 [INFO] [task_scheduler.cc:131] [Task #61: fused_nn_contrib_conv2d_NCHWc_3] Trial #75: GFLOPs: 81.7402. Time: 57.7267 us. Best GFLOPs: 139.3733
2024-05-20 15:33:37 [INFO] [task_scheduler.cc:131] [Task #61: fused_nn_contrib_conv2d_NCHWc_3] Trial #76: GFLOPs: 84.4883. Time: 55.8490 us. Best GFLOPs: 139.3733
2024-05-20 15:33:37 [INFO] [task_scheduler.cc:131] [Task #61: fused_nn_contrib_conv2d_NCHWc_3] Trial #77: GFLOPs: 84.8258. Time: 55.6269 us. Best GFLOPs: 139.3733
2024-05-20 15:33:37 [INFO] [task_scheduler.cc:131] [Task #61: fused_nn_contrib_conv2d_NCHWc_3] Trial #78: GFLOPs: 83.8351. Time: 56.2842 us. Best GFLOPs: 139.3733
2024-05-20 15:33:37 [INFO] [task_scheduler.cc:131] [Task #61: fused_nn_contrib_conv2d_NCHWc_3] Trial #79: GFLOPs: 87.9151. Time: 53.6721 us. Best GFLOPs: 139.3733
2024-05-20 15:33:37 [INFO] [task_scheduler.cc:131] [Task #61: fused_nn_contrib_conv2d_NCHWc_3] Trial #80: GFLOPs: 61.4362. Time: 76.8048 us. Best GFLOPs: 139.3733
2024-05-20 15:33:37 [INFO] [task_scheduler.cc:131] [Task #61: fused_nn_contrib_conv2d_NCHWc_3] Trial #81: GFLOPs: 69.2804. Time: 68.1086 us. Best GFLOPs: 139.3733
2024-05-20 15:33:37 [INFO] [task_scheduler.cc:131] [Task #61: fused_nn_contrib_conv2d_NCHWc_3] Trial #82: GFLOPs: 36.7435. Time: 128.4199 us. Best GFLOPs: 139.3733
2024-05-20 15:33:37 [INFO] [task_scheduler.cc:131] [Task #61: fused_nn_contrib_conv2d_NCHWc_3] Trial #83: GFLOPs: 72.2626. Time: 65.2978 us. Best GFLOPs: 139.3733
2024-05-20 15:33:37 [INFO] [task_scheduler.cc:131] [Task #61: fused_nn_contrib_conv2d_NCHWc_3] Trial #84: GFLOPs: 67.4339. Time: 69.9736 us. Best GFLOPs: 139.3733
2024-05-20 15:33:37 [INFO] [task_scheduler.cc:131] [Task #61: fused_nn_contrib_conv2d_NCHWc_3] Trial #85: GFLOPs: 41.2920. Time: 114.2736 us. Best GFLOPs: 139.3733
2024-05-20 15:33:37 [INFO] [task_scheduler.cc:131] [Task #61: fused_nn_contrib_conv2d_NCHWc_3] Trial #86: GFLOPs: 94.8629. Time: 49.7412 us. Best GFLOPs: 139.3733
2024-05-20 15:33:37 [INFO] [task_scheduler.cc:131] [Task #61: fused_nn_contrib_conv2d_NCHWc_3] Trial #87: GFLOPs: 81.5558. Time: 57.8572 us. Best GFLOPs: 139.3733
2024-05-20 15:33:37 [INFO] [task_scheduler.cc:131] [Task #61: fused_nn_contrib_conv2d_NCHWc_3] Trial #88: GFLOPs: 103.4339. Time: 45.6194 us. Best GFLOPs: 139.3733
2024-05-20 15:33:37 [INFO] [task_scheduler.cc:131] [Task #61: fused_nn_contrib_conv2d_NCHWc_3] Trial #89: GFLOPs: 87.0732. Time: 54.1911 us. Best GFLOPs: 139.3733
2024-05-20 15:33:37 [INFO] [task_scheduler.cc:131] [Task #61: fused_nn_contrib_conv2d_NCHWc_3] Trial #90: GFLOPs: 40.4753. Time: 116.5796 us. Best GFLOPs: 139.3733
2024-05-20 15:33:37 [INFO] [task_scheduler.cc:131] [Task #61: fused_nn_contrib_conv2d_NCHWc_3] Trial #91: GFLOPs: 74.7435. Time: 63.1304 us. Best GFLOPs: 139.3733
2024-05-20 15:33:37 [INFO] [task_scheduler.cc:131] [Task #61: fused_nn_contrib_conv2d_NCHWc_3] Trial #92: GFLOPs: 74.7202. Time: 63.1502 us. Best GFLOPs: 139.3733
2024-05-20 15:33:37 [INFO] [task_scheduler.cc:131] [Task #61: fused_nn_contrib_conv2d_NCHWc_3] Trial #93: GFLOPs: 50.7678. Time: 92.9445 us. Best GFLOPs: 139.3733
2024-05-20 15:33:37 [INFO] [task_scheduler.cc:131] [Task #61: fused_nn_contrib_conv2d_NCHWc_3] Trial #94: GFLOPs: 68.1430. Time: 69.2455 us. Best GFLOPs: 139.3733
2024-05-20 15:33:37 [INFO] [task_scheduler.cc:131] [Task #61: fused_nn_contrib_conv2d_NCHWc_3] Trial #95: GFLOPs: 41.8688. Time: 112.6995 us. Best GFLOPs: 139.3733
2024-05-20 15:33:37 [INFO] [task_scheduler.cc:131] [Task #61: fused_nn_contrib_conv2d_NCHWc_3] Trial #96: GFLOPs: 56.4507. Time: 83.5879 us. Best GFLOPs: 139.3733
2024-05-20 15:33:37 [INFO] [task_scheduler.cc:131] [Task #61: fused_nn_contrib_conv2d_NCHWc_3] Trial #97: GFLOPs: 73.6887. Time: 64.0341 us. Best GFLOPs: 139.3733
2024-05-20 15:33:37 [INFO] [task_scheduler.cc:131] [Task #61: fused_nn_contrib_conv2d_NCHWc_3] Trial #98: GFLOPs: 59.9603. Time: 78.6953 us. Best GFLOPs: 139.3733
2024-05-20 15:33:37 [INFO] [task_scheduler.cc:131] [Task #61: fused_nn_contrib_conv2d_NCHWc_3] Trial #99: GFLOPs: 81.0407. Time: 58.2250 us. Best GFLOPs: 139.3733
2024-05-20 15:33:37 [INFO] [task_scheduler.cc:131] [Task #61: fused_nn_contrib_conv2d_NCHWc_3] Trial #100: GFLOPs: 91.3421. Time: 51.6585 us. Best GFLOPs: 139.3733
2024-05-20 15:33:37 [INFO] [task_scheduler.cc:131] [Task #61: fused_nn_contrib_conv2d_NCHWc_3] Trial #101: GFLOPs: 48.3111. Time: 97.6709 us. Best GFLOPs: 139.3733
2024-05-20 15:33:37 [INFO] [task_scheduler.cc:131] [Task #61: fused_nn_contrib_conv2d_NCHWc_3] Trial #102: GFLOPs: 85.5942. Time: 55.1275 us. Best GFLOPs: 139.3733
2024-05-20 15:33:37 [INFO] [task_scheduler.cc:131] [Task #61: fused_nn_contrib_conv2d_NCHWc_3] Trial #103: GFLOPs: 24.6439. Time: 191.4707 us. Best GFLOPs: 139.3733
2024-05-20 15:33:37 [INFO] [task_scheduler.cc:131] [Task #61: fused_nn_contrib_conv2d_NCHWc_3] Trial #104: GFLOPs: 63.4467. Time: 74.3710 us. Best GFLOPs: 139.3733
2024-05-20 15:33:37 [INFO] [task_scheduler.cc:131] [Task #61: fused_nn_contrib_conv2d_NCHWc_3] Trial #105: GFLOPs: 56.8474. Time: 83.0045 us. Best GFLOPs: 139.3733
2024-05-20 15:33:37 [INFO] [task_scheduler.cc:131] [Task #61: fused_nn_contrib_conv2d_NCHWc_3] Trial #106: GFLOPs: 44.7950. Time: 105.3374 us. Best GFLOPs: 139.3733
2024-05-20 15:33:37 [INFO] [task_scheduler.cc:131] [Task #61: fused_nn_contrib_conv2d_NCHWc_3] Trial #107: GFLOPs: 27.8824. Time: 169.2317 us. Best GFLOPs: 139.3733
2024-05-20 15:33:37 [INFO] [task_scheduler.cc:131] [Task #61: fused_nn_contrib_conv2d_NCHWc_3] Trial #108: GFLOPs: 55.3567. Time: 85.2398 us. Best GFLOPs: 139.3733
2024-05-20 15:33:37 [INFO] [task_scheduler.cc:131] [Task #61: fused_nn_contrib_conv2d_NCHWc_3] Trial #109: GFLOPs: 123.0391. Time: 38.3503 us. Best GFLOPs: 139.3733
2024-05-20 15:33:37 [INFO] [task_scheduler.cc:131] [Task #61: fused_nn_contrib_conv2d_NCHWc_3] Trial #110: GFLOPs: 45.7216. Time: 103.2026 us. Best GFLOPs: 139.3733
2024-05-20 15:33:37 [INFO] [task_scheduler.cc:131] [Task #61: fused_nn_contrib_conv2d_NCHWc_3] Trial #111: GFLOPs: 88.2525. Time: 53.4669 us. Best GFLOPs: 139.3733
2024-05-20 15:33:37 [INFO] [task_scheduler.cc:131] [Task #61: fused_nn_contrib_conv2d_NCHWc_3] Trial #112: GFLOPs: 56.2087. Time: 83.9477 us. Best GFLOPs: 139.3733
2024-05-20 15:33:37 [INFO] [task_scheduler.cc:131] [Task #61: fused_nn_contrib_conv2d_NCHWc_3] Trial #113: GFLOPs: 62.8993. Time: 75.0182 us. Best GFLOPs: 139.3733
2024-05-20 15:33:37 [INFO] [task_scheduler.cc:131] [Task #61: fused_nn_contrib_conv2d_NCHWc_3] Trial #114: GFLOPs: 118.7395. Time: 39.7390 us. Best GFLOPs: 139.3733
2024-05-20 15:33:37 [INFO] [task_scheduler.cc:131] [Task #61: fused_nn_contrib_conv2d_NCHWc_3] Trial #115: GFLOPs: 73.8771. Time: 63.8709 us. Best GFLOPs: 139.3733
2024-05-20 15:33:37 [INFO] [task_scheduler.cc:131] [Task #61: fused_nn_contrib_conv2d_NCHWc_3] Trial #116: GFLOPs: 61.5693. Time: 76.6387 us. Best GFLOPs: 139.3733
2024-05-20 15:33:37 [INFO] [task_scheduler.cc:131] [Task #61: fused_nn_contrib_conv2d_NCHWc_3] Trial #117: GFLOPs: 57.4245. Time: 82.1704 us. Best GFLOPs: 139.3733
2024-05-20 15:33:37 [INFO] [task_scheduler.cc:131] [Task #61: fused_nn_contrib_conv2d_NCHWc_3] Trial #118: GFLOPs: 49.6965. Time: 94.9481 us. Best GFLOPs: 139.3733
2024-05-20 15:33:37 [INFO] [task_scheduler.cc:131] [Task #61: fused_nn_contrib_conv2d_NCHWc_3] Trial #119: GFLOPs: 63.2235. Time: 74.6335 us. Best GFLOPs: 139.3733
2024-05-20 15:33:37 [INFO] [task_scheduler.cc:131] [Task #61: fused_nn_contrib_conv2d_NCHWc_3] Trial #120: GFLOPs: 68.3059. Time: 69.0803 us. Best GFLOPs: 139.3733
2024-05-20 15:33:37 [INFO] [task_scheduler.cc:131] [Task #61: fused_nn_contrib_conv2d_NCHWc_3] Trial #121: GFLOPs: 65.1781. Time: 72.3953 us. Best GFLOPs: 139.3733
2024-05-20 15:33:37 [INFO] [task_scheduler.cc:131] [Task #61: fused_nn_contrib_conv2d_NCHWc_3] Trial #122: GFLOPs: 62.5815. Time: 75.3992 us. Best GFLOPs: 139.3733
2024-05-20 15:33:37 [INFO] [task_scheduler.cc:131] [Task #61: fused_nn_contrib_conv2d_NCHWc_3] Trial #123: GFLOPs: 104.4724. Time: 45.1659 us. Best GFLOPs: 139.3733
2024-05-20 15:33:37 [INFO] [task_scheduler.cc:131] [Task #61: fused_nn_contrib_conv2d_NCHWc_3] Trial #124: GFLOPs: 64.2941. Time: 73.3908 us. Best GFLOPs: 139.3733
2024-05-20 15:33:37 [INFO] [task_scheduler.cc:131] [Task #61: fused_nn_contrib_conv2d_NCHWc_3] Trial #125: GFLOPs: 95.5467. Time: 49.3852 us. Best GFLOPs: 139.3733
2024-05-20 15:33:37 [INFO] [task_scheduler.cc:131] [Task #61: fused_nn_contrib_conv2d_NCHWc_3] Trial #126: GFLOPs: 26.6611. Time: 176.9840 us. Best GFLOPs: 139.3733
2024-05-20 15:33:37 [INFO] [task_scheduler.cc:131] [Task #61: fused_nn_contrib_conv2d_NCHWc_3] Trial #127: GFLOPs: 5.6888. Time: 829.4571 us. Best GFLOPs: 139.3733
2024-05-20 15:33:37 [INFO] [task_scheduler.cc:131] [Task #61: fused_nn_contrib_conv2d_NCHWc_3] Trial #128: GFLOPs: 20.4983. Time: 230.1942 us. Best GFLOPs: 139.3733
2024-05-20 15:35:50 [INFO] [evolutionary_search.cc:713] Generating candidates......
2024-05-20 15:35:50 [INFO] [evolutionary_search.cc:715] Picked top 102 candidate(s) from database
2024-05-20 15:35:52 [INFO] [evolutionary_search.cc:533] Sample-Init-Population summary:
Postproc #0 [meta_schedule.DisallowDynamicLoop(0x3e61f198)]: 0 failure(s)
Postproc #1 [meta_schedule.RewriteParallelVectorizeUnroll(0x423eb8a8)]: 0 failure(s)
Postproc #2 [meta_schedule.RewriteReductionBlock(0x4d867578)]: 0 failure(s)
Postproc #3 [meta_schedule.RewriteLayout(0x4bea8528)]: 0 failure(s)
2024-05-20 15:35:52 [INFO] [evolutionary_search.cc:723] Sampled 410 candidate(s)
2024-05-20 15:35:56 [INFO] [evolutionary_search.cc:621] Evolve iter #0 done. Summary:
Postproc #0 [meta_schedule.DisallowDynamicLoop(0x3e61f198)]: 0 failure(s)
Postproc #1 [meta_schedule.RewriteParallelVectorizeUnroll(0x423eb8a8)]: 0 failure(s)
Postproc #2 [meta_schedule.RewriteReductionBlock(0x4d867578)]: 0 failure(s)
Postproc #3 [meta_schedule.RewriteLayout(0x4bea8528)]: 0 failure(s)
2024-05-20 15:36:00 [INFO] [evolutionary_search.cc:621] Evolve iter #1 done. Summary:
Postproc #0 [meta_schedule.DisallowDynamicLoop(0x3e61f198)]: 0 failure(s)
Postproc #1 [meta_schedule.RewriteParallelVectorizeUnroll(0x423eb8a8)]: 0 failure(s)
Postproc #2 [meta_schedule.RewriteReductionBlock(0x4d867578)]: 0 failure(s)
Postproc #3 [meta_schedule.RewriteLayout(0x4bea8528)]: 0 failure(s)
2024-05-20 15:36:04 [INFO] [evolutionary_search.cc:621] Evolve iter #2 done. Summary:
Postproc #0 [meta_schedule.DisallowDynamicLoop(0x3e61f198)]: 0 failure(s)
Postproc #1 [meta_schedule.RewriteParallelVectorizeUnroll(0x423eb8a8)]: 0 failure(s)
Postproc #2 [meta_schedule.RewriteReductionBlock(0x4d867578)]: 0 failure(s)
Postproc #3 [meta_schedule.RewriteLayout(0x4bea8528)]: 0 failure(s)
2024-05-20 15:36:08 [INFO] [evolutionary_search.cc:621] Evolve iter #3 done. Summary:
Postproc #0 [meta_schedule.DisallowDynamicLoop(0x3e61f198)]: 0 failure(s)
Postproc #1 [meta_schedule.RewriteParallelVectorizeUnroll(0x423eb8a8)]: 0 failure(s)
Postproc #2 [meta_schedule.RewriteReductionBlock(0x4d867578)]: 0 failure(s)
Postproc #3 [meta_schedule.RewriteLayout(0x4bea8528)]: 0 failure(s)
2024-05-20 15:36:11 [INFO] [evolutionary_search.cc:649] Scores of the best 64 candidates:
[1 : 16]:	1.2068  1.1157  1.1157  1.1157  1.1157  1.0719  1.0122  1.0057  1.0057  1.0057  1.0057  1.0003  0.9972  0.9967  0.9949  0.9949
[17 : 32]:	0.9949  0.9889  0.9812  0.9801  0.9798  0.9798  0.9769  0.9769  0.9768  0.9744  0.9690  0.9668  0.9603  0.9594  0.9594  0.9552
[33 : 48]:	0.9552  0.9552  0.9552  0.9524  0.9412  0.9412  0.9396  0.9379  0.9379  0.9337  0.9336  0.9336  0.9336  0.9336  0.9285  0.9259
[49 : 64]:	0.9200  0.9200  0.9200  0.9200  0.9151  0.9143  0.9128  0.9124  0.9123  0.9118  0.9117  0.9083  0.9083  0.9072  0.9067  0.9060
2024-05-20 15:36:11 [INFO] [evolutionary_search.cc:727] Got 64 candidate(s) with evolutionary search
2024-05-20 15:36:11 [INFO] [evolutionary_search.cc:730] Sending 64 candidates(s) for measurement
2024-05-20 15:38:11 [INFO] [task_scheduler.cc:131] [Task #61: fused_nn_contrib_conv2d_NCHWc_3] Trial #129: GFLOPs: 63.0688. Time: 74.8166 us. Best GFLOPs: 139.3733
2024-05-20 15:38:11 [INFO] [task_scheduler.cc:131] [Task #61: fused_nn_contrib_conv2d_NCHWc_3] Trial #130: GFLOPs: 142.2305. Time: 33.1757 us. Best GFLOPs: 142.2305
2024-05-20 15:38:11 [INFO] [task_scheduler.cc:131] [Task #61: fused_nn_contrib_conv2d_NCHWc_3] Trial #131: GFLOPs: 131.5496. Time: 35.8693 us. Best GFLOPs: 142.2305
2024-05-20 15:38:11 [INFO] [task_scheduler.cc:131] [Task #61: fused_nn_contrib_conv2d_NCHWc_3] Trial #132: GFLOPs: 143.9847. Time: 32.7715 us. Best GFLOPs: 143.9847
2024-05-20 15:38:11 [INFO] [task_scheduler.cc:131] [Task #61: fused_nn_contrib_conv2d_NCHWc_3] Trial #133: GFLOPs: 143.3800. Time: 32.9097 us. Best GFLOPs: 143.9847
2024-05-20 15:38:11 [INFO] [task_scheduler.cc:131] [Task #61: fused_nn_contrib_conv2d_NCHWc_3] Trial #134: GFLOPs: 126.2811. Time: 37.3658 us. Best GFLOPs: 143.9847
2024-05-20 15:38:11 [INFO] [task_scheduler.cc:131] [Task #61: fused_nn_contrib_conv2d_NCHWc_3] Trial #135: GFLOPs: 76.9501. Time: 61.3201 us. Best GFLOPs: 143.9847
2024-05-20 15:38:11 [INFO] [task_scheduler.cc:131] [Task #61: fused_nn_contrib_conv2d_NCHWc_3] Trial #136: GFLOPs: 115.2709. Time: 40.9348 us. Best GFLOPs: 143.9847
2024-05-20 15:38:11 [INFO] [task_scheduler.cc:131] [Task #61: fused_nn_contrib_conv2d_NCHWc_3] Trial #137: GFLOPs: 115.0457. Time: 41.0149 us. Best GFLOPs: 143.9847
2024-05-20 15:38:11 [INFO] [task_scheduler.cc:131] [Task #61: fused_nn_contrib_conv2d_NCHWc_3] Trial #138: GFLOPs: 117.9571. Time: 40.0026 us. Best GFLOPs: 143.9847
2024-05-20 15:38:11 [INFO] [task_scheduler.cc:131] [Task #61: fused_nn_contrib_conv2d_NCHWc_3] Trial #139: GFLOPs: 75.1744. Time: 62.7686 us. Best GFLOPs: 143.9847
2024-05-20 15:38:11 [INFO] [task_scheduler.cc:131] [Task #61: fused_nn_contrib_conv2d_NCHWc_3] Trial #140: GFLOPs: 112.6266. Time: 41.8959 us. Best GFLOPs: 143.9847
2024-05-20 15:38:11 [INFO] [task_scheduler.cc:131] [Task #61: fused_nn_contrib_conv2d_NCHWc_3] Trial #141: GFLOPs: 50.8813. Time: 92.7372 us. Best GFLOPs: 143.9847
2024-05-20 15:38:11 [INFO] [task_scheduler.cc:131] [Task #61: fused_nn_contrib_conv2d_NCHWc_3] Trial #142: GFLOPs: 57.9850. Time: 81.3760 us. Best GFLOPs: 143.9847
2024-05-20 15:38:11 [INFO] [task_scheduler.cc:131] [Task #61: fused_nn_contrib_conv2d_NCHWc_3] Trial #143: GFLOPs: 69.7264. Time: 67.6730 us. Best GFLOPs: 143.9847
2024-05-20 15:38:11 [INFO] [task_scheduler.cc:131] [Task #61: fused_nn_contrib_conv2d_NCHWc_3] Trial #144: GFLOPs: 95.7543. Time: 49.2781 us. Best GFLOPs: 143.9847
2024-05-20 15:38:11 [INFO] [task_scheduler.cc:131] [Task #61: fused_nn_contrib_conv2d_NCHWc_3] Trial #145: GFLOPs: 96.0930. Time: 49.1044 us. Best GFLOPs: 143.9847
2024-05-20 15:38:11 [INFO] [task_scheduler.cc:131] [Task #61: fused_nn_contrib_conv2d_NCHWc_3] Trial #146: GFLOPs: 45.3621. Time: 104.0207 us. Best GFLOPs: 143.9847
2024-05-20 15:38:11 [INFO] [task_scheduler.cc:131] [Task #61: fused_nn_contrib_conv2d_NCHWc_3] Trial #147: GFLOPs: 59.0946. Time: 79.8481 us. Best GFLOPs: 143.9847
2024-05-20 15:38:11 [INFO] [task_scheduler.cc:131] [Task #61: fused_nn_contrib_conv2d_NCHWc_3] Trial #148: GFLOPs: 57.2761. Time: 82.3833 us. Best GFLOPs: 143.9847
2024-05-20 15:38:11 [INFO] [task_scheduler.cc:131] [Task #61: fused_nn_contrib_conv2d_NCHWc_3] Trial #149: GFLOPs: 66.6429. Time: 70.8041 us. Best GFLOPs: 143.9847
2024-05-20 15:38:11 [INFO] [task_scheduler.cc:131] [Task #61: fused_nn_contrib_conv2d_NCHWc_3] Trial #150: GFLOPs: 66.3802. Time: 71.0843 us. Best GFLOPs: 143.9847
2024-05-20 15:38:11 [INFO] [task_scheduler.cc:131] [Task #61: fused_nn_contrib_conv2d_NCHWc_3] Trial #151: GFLOPs: 77.3211. Time: 61.0259 us. Best GFLOPs: 143.9847
2024-05-20 15:38:11 [INFO] [task_scheduler.cc:131] [Task #61: fused_nn_contrib_conv2d_NCHWc_3] Trial #152: GFLOPs: 71.7236. Time: 65.7886 us. Best GFLOPs: 143.9847
2024-05-20 15:38:11 [INFO] [task_scheduler.cc:131] [Task #61: fused_nn_contrib_conv2d_NCHWc_3] Trial #153: GFLOPs: 42.0933. Time: 112.0984 us. Best GFLOPs: 143.9847
2024-05-20 15:38:11 [INFO] [task_scheduler.cc:131] [Task #61: fused_nn_contrib_conv2d_NCHWc_3] Trial #154: GFLOPs: 92.2694. Time: 51.1393 us. Best GFLOPs: 143.9847
2024-05-20 15:38:11 [INFO] [task_scheduler.cc:131] [Task #61: fused_nn_contrib_conv2d_NCHWc_3] Trial #155: GFLOPs: 137.2259. Time: 34.3856 us. Best GFLOPs: 143.9847
2024-05-20 15:38:11 [INFO] [task_scheduler.cc:131] [Task #61: fused_nn_contrib_conv2d_NCHWc_3] Trial #156: GFLOPs: 116.5468. Time: 40.4867 us. Best GFLOPs: 143.9847
2024-05-20 15:38:11 [INFO] [task_scheduler.cc:131] [Task #61: fused_nn_contrib_conv2d_NCHWc_3] Trial #157: GFLOPs: 51.8100. Time: 91.0749 us. Best GFLOPs: 143.9847
2024-05-20 15:38:11 [INFO] [task_scheduler.cc:131] [Task #61: fused_nn_contrib_conv2d_NCHWc_3] Trial #158: GFLOPs: 97.1033. Time: 48.5935 us. Best GFLOPs: 143.9847
2024-05-20 15:38:11 [INFO] [task_scheduler.cc:131] [Task #61: fused_nn_contrib_conv2d_NCHWc_3] Trial #159: GFLOPs: 92.6060. Time: 50.9534 us. Best GFLOPs: 143.9847
2024-05-20 15:38:11 [INFO] [task_scheduler.cc:131] [Task #61: fused_nn_contrib_conv2d_NCHWc_3] Trial #160: GFLOPs: 90.6137. Time: 52.0737 us. Best GFLOPs: 143.9847
2024-05-20 15:38:11 [INFO] [task_scheduler.cc:131] [Task #61: fused_nn_contrib_conv2d_NCHWc_3] Trial #161: GFLOPs: 78.2620. Time: 60.2923 us. Best GFLOPs: 143.9847
2024-05-20 15:38:11 [INFO] [task_scheduler.cc:131] [Task #61: fused_nn_contrib_conv2d_NCHWc_3] Trial #162: GFLOPs: 72.8878. Time: 64.7377 us. Best GFLOPs: 143.9847
2024-05-20 15:38:11 [INFO] [task_scheduler.cc:131] [Task #61: fused_nn_contrib_conv2d_NCHWc_3] Trial #163: GFLOPs: 84.5636. Time: 55.7993 us. Best GFLOPs: 143.9847
2024-05-20 15:38:11 [INFO] [task_scheduler.cc:131] [Task #61: fused_nn_contrib_conv2d_NCHWc_3] Trial #164: GFLOPs: 96.8386. Time: 48.7264 us. Best GFLOPs: 143.9847
2024-05-20 15:38:11 [INFO] [task_scheduler.cc:131] [Task #61: fused_nn_contrib_conv2d_NCHWc_3] Trial #165: GFLOPs: 85.5907. Time: 55.1297 us. Best GFLOPs: 143.9847
2024-05-20 15:38:11 [INFO] [task_scheduler.cc:131] [Task #61: fused_nn_contrib_conv2d_NCHWc_3] Trial #166: GFLOPs: 83.3773. Time: 56.5932 us. Best GFLOPs: 143.9847
2024-05-20 15:38:11 [INFO] [task_scheduler.cc:131] [Task #61: fused_nn_contrib_conv2d_NCHWc_3] Trial #167: GFLOPs: 74.5740. Time: 63.2739 us. Best GFLOPs: 143.9847
2024-05-20 15:38:11 [INFO] [task_scheduler.cc:131] [Task #61: fused_nn_contrib_conv2d_NCHWc_3] Trial #168: GFLOPs: 96.5983. Time: 48.8476 us. Best GFLOPs: 143.9847
2024-05-20 15:38:11 [INFO] [task_scheduler.cc:131] [Task #61: fused_nn_contrib_conv2d_NCHWc_3] Trial #169: GFLOPs: 100.4186. Time: 46.9892 us. Best GFLOPs: 143.9847
2024-05-20 15:38:11 [INFO] [task_scheduler.cc:131] [Task #61: fused_nn_contrib_conv2d_NCHWc_3] Trial #170: GFLOPs: 49.7892. Time: 94.7714 us. Best GFLOPs: 143.9847
2024-05-20 15:38:11 [INFO] [task_scheduler.cc:131] [Task #61: fused_nn_contrib_conv2d_NCHWc_3] Trial #171: GFLOPs: 55.6720. Time: 84.7570 us. Best GFLOPs: 143.9847
2024-05-20 15:38:11 [INFO] [task_scheduler.cc:131] [Task #61: fused_nn_contrib_conv2d_NCHWc_3] Trial #172: GFLOPs: 40.5816. Time: 116.2741 us. Best GFLOPs: 143.9847
2024-05-20 15:38:11 [INFO] [task_scheduler.cc:131] [Task #61: fused_nn_contrib_conv2d_NCHWc_3] Trial #173: GFLOPs: 47.8553. Time: 98.6011 us. Best GFLOPs: 143.9847
2024-05-20 15:38:11 [INFO] [task_scheduler.cc:131] [Task #61: fused_nn_contrib_conv2d_NCHWc_3] Trial #174: GFLOPs: 53.2690. Time: 88.5804 us. Best GFLOPs: 143.9847
2024-05-20 15:38:11 [INFO] [task_scheduler.cc:131] [Task #61: fused_nn_contrib_conv2d_NCHWc_3] Trial #175: GFLOPs: 52.3595. Time: 90.1191 us. Best GFLOPs: 143.9847
2024-05-20 15:38:11 [INFO] [task_scheduler.cc:131] [Task #61: fused_nn_contrib_conv2d_NCHWc_3] Trial #176: GFLOPs: 56.1436. Time: 84.0451 us. Best GFLOPs: 143.9847
2024-05-20 15:38:11 [INFO] [task_scheduler.cc:131] [Task #61: fused_nn_contrib_conv2d_NCHWc_3] Trial #177: GFLOPs: 51.1267. Time: 92.2921 us. Best GFLOPs: 143.9847
2024-05-20 15:38:11 [INFO] [task_scheduler.cc:131] [Task #61: fused_nn_contrib_conv2d_NCHWc_3] Trial #178: GFLOPs: 51.3740. Time: 91.8479 us. Best GFLOPs: 143.9847
2024-05-20 15:38:11 [INFO] [task_scheduler.cc:131] [Task #61: fused_nn_contrib_conv2d_NCHWc_3] Trial #179: GFLOPs: 52.6160. Time: 89.6798 us. Best GFLOPs: 143.9847
2024-05-20 15:38:11 [INFO] [task_scheduler.cc:131] [Task #61: fused_nn_contrib_conv2d_NCHWc_3] Trial #180: GFLOPs: 50.0127. Time: 94.3479 us. Best GFLOPs: 143.9847
2024-05-20 15:38:11 [INFO] [task_scheduler.cc:131] [Task #61: fused_nn_contrib_conv2d_NCHWc_3] Trial #181: GFLOPs: 110.7134. Time: 42.6199 us. Best GFLOPs: 143.9847
2024-05-20 15:38:11 [INFO] [task_scheduler.cc:131] [Task #61: fused_nn_contrib_conv2d_NCHWc_3] Trial #182: GFLOPs: 74.3343. Time: 63.4780 us. Best GFLOPs: 143.9847
2024-05-20 15:38:11 [INFO] [task_scheduler.cc:131] [Task #61: fused_nn_contrib_conv2d_NCHWc_3] Trial #183: GFLOPs: 129.9875. Time: 36.3003 us. Best GFLOPs: 143.9847
2024-05-20 15:38:11 [INFO] [task_scheduler.cc:131] [Task #61: fused_nn_contrib_conv2d_NCHWc_3] Trial #184: GFLOPs: 79.9492. Time: 59.0199 us. Best GFLOPs: 143.9847
2024-05-20 15:38:11 [INFO] [task_scheduler.cc:131] [Task #61: fused_nn_contrib_conv2d_NCHWc_3] Trial #185: GFLOPs: 69.9402. Time: 67.4661 us. Best GFLOPs: 143.9847
2024-05-20 15:38:11 [INFO] [task_scheduler.cc:131] [Task #61: fused_nn_contrib_conv2d_NCHWc_3] Trial #186: GFLOPs: 64.0343. Time: 73.6885 us. Best GFLOPs: 143.9847
2024-05-20 15:38:11 [INFO] [task_scheduler.cc:131] [Task #61: fused_nn_contrib_conv2d_NCHWc_3] Trial #187: GFLOPs: 58.7967. Time: 80.2526 us. Best GFLOPs: 143.9847
2024-05-20 15:38:11 [INFO] [task_scheduler.cc:131] [Task #61: fused_nn_contrib_conv2d_NCHWc_3] Trial #188: GFLOPs: 80.8069. Time: 58.3935 us. Best GFLOPs: 143.9847
2024-05-20 15:38:11 [INFO] [task_scheduler.cc:131] [Task #61: fused_nn_contrib_conv2d_NCHWc_3] Trial #189: GFLOPs: 70.7593. Time: 66.6851 us. Best GFLOPs: 143.9847
2024-05-20 15:38:11 [INFO] [task_scheduler.cc:131] [Task #61: fused_nn_contrib_conv2d_NCHWc_3] Trial #190: GFLOPs: 15.1220. Time: 312.0342 us. Best GFLOPs: 143.9847
2024-05-20 15:38:11 [INFO] [task_scheduler.cc:131] [Task #61: fused_nn_contrib_conv2d_NCHWc_3] Trial #191: GFLOPs: 41.6172. Time: 113.3807 us. Best GFLOPs: 143.9847
2024-05-20 15:38:11 [INFO] [task_scheduler.cc:131] [Task #61: fused_nn_contrib_conv2d_NCHWc_3] Trial #192: GFLOPs: 12.9712. Time: 363.7741 us. Best GFLOPs: 143.9847
