2024-05-20 13:16:49 [INFO] [task_scheduler.cc:160] Initializing Task #31: "fused_nn_contrib_conv2d_NCHWc_add_nn_relu_30"
2024-05-20 13:16:49 [INFO] [task_scheduler.cc:35] 
# from tvm.script import ir as I
# from tvm.script import tir as T

@I.ir_module
class Module:
    @T.prim_func
    def main(p0: T.Buffer((T.int64(1), T.int64(68), T.int64(2), T.int64(2), T.int64(8)), "float32"), p1: T.Buffer((T.int64(16), T.int64(68), T.int64(1), T.int64(1), T.int64(8), T.int64(8)), "float32"), p2: T.Buffer((T.int64(1), T.int64(16), T.int64(1), T.int64(1), T.int64(8)), "float32"), T_relu: T.Buffer((T.int64(1), T.int64(16), T.int64(2), T.int64(2), T.int64(8)), "float32")):
        T.func_attr({"tir.noalias": T.bool(True)})
        # with T.block("root"):
        conv2d_NCHWc = T.alloc_buffer((T.int64(1), T.int64(16), T.int64(2), T.int64(2), T.int64(8)))
        T_add = T.alloc_buffer((T.int64(1), T.int64(16), T.int64(2), T.int64(2), T.int64(8)))
        for n, oc_chunk, oh, ow, oc_block, ic, kh, kw in T.grid(T.int64(1), T.int64(16), T.int64(2), T.int64(2), T.int64(8), T.int64(544), T.int64(1), T.int64(1)):
            with T.block("conv2d_NCHWc"):
                v_n, v_oc_chunk, v_oh, v_ow, v_oc_block, v_ic, v_kh, v_kw = T.axis.remap("SSSSSRRR", [n, oc_chunk, oh, ow, oc_block, ic, kh, kw])
                T.reads(p0[v_n, v_ic // T.int64(8), v_oh + v_kh, v_ow + v_kw, v_ic % T.int64(8)], p1[v_oc_chunk, v_ic // T.int64(8), v_kh, v_kw, v_ic % T.int64(8), v_oc_block])
                T.writes(conv2d_NCHWc[v_n, v_oc_chunk, v_oh, v_ow, v_oc_block])
                with T.init():
                    conv2d_NCHWc[v_n, v_oc_chunk, v_oh, v_ow, v_oc_block] = T.float32(0)
                conv2d_NCHWc[v_n, v_oc_chunk, v_oh, v_ow, v_oc_block] = conv2d_NCHWc[v_n, v_oc_chunk, v_oh, v_ow, v_oc_block] + p0[v_n, v_ic // T.int64(8), v_oh + v_kh, v_ow + v_kw, v_ic % T.int64(8)] * p1[v_oc_chunk, v_ic // T.int64(8), v_kh, v_kw, v_ic % T.int64(8), v_oc_block]
        for ax0, ax1, ax2, ax3, ax4 in T.grid(T.int64(1), T.int64(16), T.int64(2), T.int64(2), T.int64(8)):
            with T.block("T_add"):
                v_ax0, v_ax1, v_ax2, v_ax3, v_ax4 = T.axis.remap("SSSSS", [ax0, ax1, ax2, ax3, ax4])
                T.reads(conv2d_NCHWc[v_ax0, v_ax1, v_ax2, v_ax3, v_ax4], p2[v_ax0, v_ax1, T.int64(0), T.int64(0), v_ax4])
                T.writes(T_add[v_ax0, v_ax1, v_ax2, v_ax3, v_ax4])
                T_add[v_ax0, v_ax1, v_ax2, v_ax3, v_ax4] = conv2d_NCHWc[v_ax0, v_ax1, v_ax2, v_ax3, v_ax4] + p2[v_ax0, v_ax1, T.int64(0), T.int64(0), v_ax4]
        for ax0, ax1, ax2, ax3, ax4 in T.grid(T.int64(1), T.int64(16), T.int64(2), T.int64(2), T.int64(8)):
            with T.block("T_relu"):
                v_ax0, v_ax1, v_ax2, v_ax3, v_ax4 = T.axis.remap("SSSSS", [ax0, ax1, ax2, ax3, ax4])
                T.reads(T_add[v_ax0, v_ax1, v_ax2, v_ax3, v_ax4])
                T.writes(T_relu[v_ax0, v_ax1, v_ax2, v_ax3, v_ax4])
                T_relu[v_ax0, v_ax1, v_ax2, v_ax3, v_ax4] = T.max(T_add[v_ax0, v_ax1, v_ax2, v_ax3, v_ax4], T.float32(0))
2024-05-20 13:16:49 [INFO] [task_scheduler.cc:164] Total 3 design space(s) generated
2024-05-20 13:16:49 [INFO] [task_scheduler.cc:170] Design space #0:
# from tvm.script import ir as I
# from tvm.script import tir as T

@I.ir_module
class Module:
    @T.prim_func
    def main(p0: T.Buffer((T.int64(1), T.int64(68), T.int64(2), T.int64(2), T.int64(8)), "float32"), p1: T.Buffer((T.int64(16), T.int64(68), T.int64(1), T.int64(1), T.int64(8), T.int64(8)), "float32"), p2: T.Buffer((T.int64(1), T.int64(16), T.int64(1), T.int64(1), T.int64(8)), "float32"), T_relu: T.Buffer((T.int64(1), T.int64(16), T.int64(2), T.int64(2), T.int64(8)), "float32")):
        T.func_attr({"tir.noalias": T.bool(True)})
        with T.block("root"):
            T.reads()
            T.writes()
            T.block_attr({"meta_schedule.parallel": 96, "meta_schedule.unroll_explicit": 16, "meta_schedule.vectorize": 64})
            conv2d_NCHWc = T.alloc_buffer((T.int64(1), T.int64(16), T.int64(2), T.int64(2), T.int64(8)))
            for n_0, oc_chunk_0, oh_0, ow_0, oc_block_0, n_1, oc_chunk_1, oh_1, ow_1, oc_block_1, ic_0, kh_0, kw_0, n_2, oc_chunk_2, oh_2, ow_2, oc_block_2, ic_1, kh_1, kw_1, n_3, oc_chunk_3, oh_3, ow_3, oc_block_3 in T.grid(T.int64(1), T.int64(1), T.int64(1), T.int64(1), T.int64(1), T.int64(1), T.int64(1), T.int64(1), T.int64(1), T.int64(8), T.int64(544), T.int64(1), T.int64(1), T.int64(1), T.int64(4), T.int64(1), T.int64(1), T.int64(1), T.int64(1), T.int64(1), T.int64(1), T.int64(1), T.int64(4), T.int64(2), T.int64(2), T.int64(1)):
                with T.block("conv2d_NCHWc"):
                    v_n = T.axis.spatial(T.int64(1), n_0 + n_1 + n_2 + n_3)
                    v_oc_chunk = T.axis.spatial(T.int64(16), oc_chunk_0 * T.int64(16) + oc_chunk_1 * T.int64(16) + oc_chunk_2 * T.int64(4) + oc_chunk_3)
                    v_oh = T.axis.spatial(T.int64(2), oh_0 * T.int64(2) + oh_1 * T.int64(2) + oh_2 * T.int64(2) + oh_3)
                    v_ow = T.axis.spatial(T.int64(2), ow_0 * T.int64(2) + ow_1 * T.int64(2) + ow_2 * T.int64(2) + ow_3)
                    v_oc_block = T.axis.spatial(T.int64(8), oc_block_0 * T.int64(8) + oc_block_1 + oc_block_2 + oc_block_3)
                    v_ic = T.axis.reduce(T.int64(544), ic_0 + ic_1)
                    v_kh = T.axis.reduce(T.int64(1), kh_0 + kh_1)
                    v_kw = T.axis.reduce(T.int64(1), kw_0 + kw_1)
                    T.reads(p0[v_n, v_ic // T.int64(8), v_oh + v_kh, v_ow + v_kw, v_ic % T.int64(8)], p1[v_oc_chunk, v_ic // T.int64(8), v_kh, v_kw, v_ic % T.int64(8), v_oc_block])
                    T.writes(conv2d_NCHWc[v_n, v_oc_chunk, v_oh, v_ow, v_oc_block])
                    T.block_attr({"meta_schedule.tiling_structure": "SSRSRS"})
                    with T.init():
                        conv2d_NCHWc[v_n, v_oc_chunk, v_oh, v_ow, v_oc_block] = T.float32(0)
                    conv2d_NCHWc[v_n, v_oc_chunk, v_oh, v_ow, v_oc_block] = conv2d_NCHWc[v_n, v_oc_chunk, v_oh, v_ow, v_oc_block] + p0[v_n, v_ic // T.int64(8), v_oh + v_kh, v_ow + v_kw, v_ic % T.int64(8)] * p1[v_oc_chunk, v_ic // T.int64(8), v_kh, v_kw, v_ic % T.int64(8), v_oc_block]
            for ax0, ax1, ax2, ax3, ax4 in T.grid(T.int64(1), T.int64(16), T.int64(2), T.int64(2), T.int64(8)):
                with T.block("T_relu"):
                    v_ax0, v_ax1, v_ax2, v_ax3, v_ax4 = T.axis.remap("SSSSS", [ax0, ax1, ax2, ax3, ax4])
                    T.reads(conv2d_NCHWc[v_ax0, v_ax1, v_ax2, v_ax3, v_ax4], p2[v_ax0, v_ax1, T.int64(0), T.int64(0), v_ax4])
                    T.writes(T_relu[v_ax0, v_ax1, v_ax2, v_ax3, v_ax4])
                    T_relu[v_ax0, v_ax1, v_ax2, v_ax3, v_ax4] = T.max(conv2d_NCHWc[v_ax0, v_ax1, v_ax2, v_ax3, v_ax4] + p2[v_ax0, v_ax1, T.int64(0), T.int64(0), v_ax4], T.float32(0))
b0 = sch.get_block(name="conv2d_NCHWc", func_name="main")
b1 = sch.get_block(name="T_add", func_name="main")
b2 = sch.get_block(name="root", func_name="main")
sch.compute_inline(block=b1)
sch.annotate(block_or_loop=b0, ann_key="meta_schedule.tiling_structure", ann_val="SSRSRS")
l3, l4, l5, l6, l7, l8, l9, l10 = sch.get_loops(block=b0)
v11, v12, v13, v14 = sch.sample_perfect_tile(loop=l3, n=4, max_innermost_factor=64, decision=[1, 1, 1, 1])
l15, l16, l17, l18 = sch.split(loop=l3, factors=[v11, v12, v13, v14], preserve_unit_iters=True, disable_predication=False)
v19, v20, v21, v22 = sch.sample_perfect_tile(loop=l4, n=4, max_innermost_factor=64, decision=[1, 1, 4, 4])
l23, l24, l25, l26 = sch.split(loop=l4, factors=[v19, v20, v21, v22], preserve_unit_iters=True, disable_predication=False)
v27, v28, v29, v30 = sch.sample_perfect_tile(loop=l5, n=4, max_innermost_factor=64, decision=[1, 1, 1, 2])
l31, l32, l33, l34 = sch.split(loop=l5, factors=[v27, v28, v29, v30], preserve_unit_iters=True, disable_predication=False)
v35, v36, v37, v38 = sch.sample_perfect_tile(loop=l6, n=4, max_innermost_factor=64, decision=[1, 1, 1, 2])
l39, l40, l41, l42 = sch.split(loop=l6, factors=[v35, v36, v37, v38], preserve_unit_iters=True, disable_predication=False)
v43, v44, v45, v46 = sch.sample_perfect_tile(loop=l7, n=4, max_innermost_factor=64, decision=[1, 8, 1, 1])
l47, l48, l49, l50 = sch.split(loop=l7, factors=[v43, v44, v45, v46], preserve_unit_iters=True, disable_predication=False)
v51, v52 = sch.sample_perfect_tile(loop=l8, n=2, max_innermost_factor=64, decision=[544, 1])
l53, l54 = sch.split(loop=l8, factors=[v51, v52], preserve_unit_iters=True, disable_predication=False)
v55, v56 = sch.sample_perfect_tile(loop=l9, n=2, max_innermost_factor=64, decision=[1, 1])
l57, l58 = sch.split(loop=l9, factors=[v55, v56], preserve_unit_iters=True, disable_predication=False)
v59, v60 = sch.sample_perfect_tile(loop=l10, n=2, max_innermost_factor=64, decision=[1, 1])
l61, l62 = sch.split(loop=l10, factors=[v59, v60], preserve_unit_iters=True, disable_predication=False)
sch.reorder(l15, l23, l31, l39, l47, l16, l24, l32, l40, l48, l53, l57, l61, l17, l25, l33, l41, l49, l54, l58, l62, l18, l26, l34, l42, l50)
sch.annotate(block_or_loop=b2, ann_key="meta_schedule.parallel", ann_val=96)
sch.annotate(block_or_loop=b2, ann_key="meta_schedule.vectorize", ann_val=64)
v63 = sch.sample_categorical(candidates=[0, 16, 64, 512], probs=[0.25, 0.25, 0.25, 0.25], decision=1)
sch.annotate(block_or_loop=b2, ann_key="meta_schedule.unroll_explicit", ann_val=v63)
2024-05-20 13:16:49 [INFO] [task_scheduler.cc:170] Design space #1:
# from tvm.script import ir as I
# from tvm.script import tir as T

@I.ir_module
class Module:
    @T.prim_func
    def main(p0: T.Buffer((T.int64(1), T.int64(68), T.int64(2), T.int64(2), T.int64(8)), "float32"), p1: T.Buffer((T.int64(16), T.int64(68), T.int64(1), T.int64(1), T.int64(8), T.int64(8)), "float32"), p2: T.Buffer((T.int64(1), T.int64(16), T.int64(1), T.int64(1), T.int64(8)), "float32"), T_relu: T.Buffer((T.int64(1), T.int64(16), T.int64(2), T.int64(2), T.int64(8)), "float32")):
        T.func_attr({"tir.noalias": T.bool(True)})
        with T.block("root"):
            T.reads()
            T.writes()
            T.block_attr({"meta_schedule.parallel": 96, "meta_schedule.unroll_explicit": 64, "meta_schedule.vectorize": 64})
            conv2d_NCHWc = T.alloc_buffer((T.int64(1), T.int64(16), T.int64(2), T.int64(2), T.int64(8)))
            for n_0, oc_chunk_0, oh_0, ow_0, oc_block_0, n_1, oc_chunk_1, oh_1, ow_1, oc_block_1 in T.grid(T.int64(1), T.int64(1), T.int64(1), T.int64(1), T.int64(1), T.int64(1), T.int64(1), T.int64(1), T.int64(1), T.int64(8)):
                for ic_0, kh_0, kw_0, n_2, oc_chunk_2, oh_2, ow_2, oc_block_2, ic_1, kh_1, kw_1, n_3, oc_chunk_3, oh_3, ow_3, oc_block_3 in T.grid(T.int64(544), T.int64(1), T.int64(1), T.int64(1), T.int64(4), T.int64(1), T.int64(1), T.int64(1), T.int64(1), T.int64(1), T.int64(1), T.int64(1), T.int64(4), T.int64(2), T.int64(2), T.int64(1)):
                    with T.block("conv2d_NCHWc"):
                        v_n = T.axis.spatial(T.int64(1), n_0 + n_1 + n_2 + n_3)
                        v_oc_chunk = T.axis.spatial(T.int64(16), oc_chunk_0 * T.int64(16) + oc_chunk_1 * T.int64(16) + oc_chunk_2 * T.int64(4) + oc_chunk_3)
                        v_oh = T.axis.spatial(T.int64(2), oh_0 * T.int64(2) + oh_1 * T.int64(2) + oh_2 * T.int64(2) + oh_3)
                        v_ow = T.axis.spatial(T.int64(2), ow_0 * T.int64(2) + ow_1 * T.int64(2) + ow_2 * T.int64(2) + ow_3)
                        v_oc_block = T.axis.spatial(T.int64(8), oc_block_0 * T.int64(8) + oc_block_1 + oc_block_2 + oc_block_3)
                        v_ic = T.axis.reduce(T.int64(544), ic_0 + ic_1)
                        v_kh = T.axis.reduce(T.int64(1), kh_0 + kh_1)
                        v_kw = T.axis.reduce(T.int64(1), kw_0 + kw_1)
                        T.reads(p0[v_n, v_ic // T.int64(8), v_oh + v_kh, v_ow + v_kw, v_ic % T.int64(8)], p1[v_oc_chunk, v_ic // T.int64(8), v_kh, v_kw, v_ic % T.int64(8), v_oc_block])
                        T.writes(conv2d_NCHWc[v_n, v_oc_chunk, v_oh, v_ow, v_oc_block])
                        T.block_attr({"meta_schedule.tiling_structure": "SSRSRS"})
                        with T.init():
                            conv2d_NCHWc[v_n, v_oc_chunk, v_oh, v_ow, v_oc_block] = T.float32(0)
                        conv2d_NCHWc[v_n, v_oc_chunk, v_oh, v_ow, v_oc_block] = conv2d_NCHWc[v_n, v_oc_chunk, v_oh, v_ow, v_oc_block] + p0[v_n, v_ic // T.int64(8), v_oh + v_kh, v_ow + v_kw, v_ic % T.int64(8)] * p1[v_oc_chunk, v_ic // T.int64(8), v_kh, v_kw, v_ic % T.int64(8), v_oc_block]
                for ax0, ax1, ax2, ax3, ax4 in T.grid(T.int64(1), T.int64(16), T.int64(2), T.int64(2), T.int64(1)):
                    with T.block("T_relu"):
                        v_ax0, v_ax1, v_ax2, v_ax3 = T.axis.remap("SSSS", [ax0, ax1, ax2, ax3])
                        v_ax4 = T.axis.spatial(T.int64(8), oc_block_1 + ax4)
                        T.reads(conv2d_NCHWc[v_ax0, v_ax1, v_ax2, v_ax3, v_ax4], p2[v_ax0, v_ax1, T.int64(0), T.int64(0), v_ax4])
                        T.writes(T_relu[v_ax0, v_ax1, v_ax2, v_ax3, v_ax4])
                        T_relu[v_ax0, v_ax1, v_ax2, v_ax3, v_ax4] = T.max(conv2d_NCHWc[v_ax0, v_ax1, v_ax2, v_ax3, v_ax4] + p2[v_ax0, v_ax1, T.int64(0), T.int64(0), v_ax4], T.float32(0))
b0 = sch.get_block(name="conv2d_NCHWc", func_name="main")
b1 = sch.get_block(name="T_add", func_name="main")
b2 = sch.get_block(name="root", func_name="main")
sch.compute_inline(block=b1)
sch.annotate(block_or_loop=b0, ann_key="meta_schedule.tiling_structure", ann_val="SSRSRS")
l3, l4, l5, l6, l7, l8, l9, l10 = sch.get_loops(block=b0)
v11, v12, v13, v14 = sch.sample_perfect_tile(loop=l3, n=4, max_innermost_factor=64, decision=[1, 1, 1, 1])
l15, l16, l17, l18 = sch.split(loop=l3, factors=[v11, v12, v13, v14], preserve_unit_iters=True, disable_predication=False)
v19, v20, v21, v22 = sch.sample_perfect_tile(loop=l4, n=4, max_innermost_factor=64, decision=[1, 1, 4, 4])
l23, l24, l25, l26 = sch.split(loop=l4, factors=[v19, v20, v21, v22], preserve_unit_iters=True, disable_predication=False)
v27, v28, v29, v30 = sch.sample_perfect_tile(loop=l5, n=4, max_innermost_factor=64, decision=[1, 1, 1, 2])
l31, l32, l33, l34 = sch.split(loop=l5, factors=[v27, v28, v29, v30], preserve_unit_iters=True, disable_predication=False)
v35, v36, v37, v38 = sch.sample_perfect_tile(loop=l6, n=4, max_innermost_factor=64, decision=[1, 1, 1, 2])
l39, l40, l41, l42 = sch.split(loop=l6, factors=[v35, v36, v37, v38], preserve_unit_iters=True, disable_predication=False)
v43, v44, v45, v46 = sch.sample_perfect_tile(loop=l7, n=4, max_innermost_factor=64, decision=[1, 8, 1, 1])
l47, l48, l49, l50 = sch.split(loop=l7, factors=[v43, v44, v45, v46], preserve_unit_iters=True, disable_predication=False)
v51, v52 = sch.sample_perfect_tile(loop=l8, n=2, max_innermost_factor=64, decision=[544, 1])
l53, l54 = sch.split(loop=l8, factors=[v51, v52], preserve_unit_iters=True, disable_predication=False)
v55, v56 = sch.sample_perfect_tile(loop=l9, n=2, max_innermost_factor=64, decision=[1, 1])
l57, l58 = sch.split(loop=l9, factors=[v55, v56], preserve_unit_iters=True, disable_predication=False)
v59, v60 = sch.sample_perfect_tile(loop=l10, n=2, max_innermost_factor=64, decision=[1, 1])
l61, l62 = sch.split(loop=l10, factors=[v59, v60], preserve_unit_iters=True, disable_predication=False)
sch.reorder(l15, l23, l31, l39, l47, l16, l24, l32, l40, l48, l53, l57, l61, l17, l25, l33, l41, l49, l54, l58, l62, l18, l26, l34, l42, l50)
b63, = sch.get_consumers(block=b0)
sch.reverse_compute_at(block=b63, loop=l48, preserve_unit_loops=True, index=-1)
sch.annotate(block_or_loop=b2, ann_key="meta_schedule.parallel", ann_val=96)
sch.annotate(block_or_loop=b2, ann_key="meta_schedule.vectorize", ann_val=64)
v64 = sch.sample_categorical(candidates=[0, 16, 64, 512], probs=[0.25, 0.25, 0.25, 0.25], decision=2)
sch.annotate(block_or_loop=b2, ann_key="meta_schedule.unroll_explicit", ann_val=v64)
2024-05-20 13:16:49 [INFO] [task_scheduler.cc:170] Design space #2:
# from tvm.script import ir as I
# from tvm.script import tir as T

@I.ir_module
class Module:
    @T.prim_func
    def main(p0: T.Buffer((T.int64(1), T.int64(68), T.int64(2), T.int64(2), T.int64(8)), "float32"), p1: T.Buffer((T.int64(16), T.int64(68), T.int64(1), T.int64(1), T.int64(8), T.int64(8)), "float32"), p2: T.Buffer((T.int64(1), T.int64(16), T.int64(1), T.int64(1), T.int64(8)), "float32"), T_relu: T.Buffer((T.int64(1), T.int64(16), T.int64(2), T.int64(2), T.int64(8)), "float32")):
        T.func_attr({"tir.noalias": T.bool(True)})
        with T.block("root"):
            T.reads()
            T.writes()
            T.block_attr({"meta_schedule.parallel": 96, "meta_schedule.unroll_explicit": 0, "meta_schedule.vectorize": 64})
            conv2d_NCHWc = T.alloc_buffer((T.int64(1), T.int64(16), T.int64(2), T.int64(2), T.int64(8)))
            for n_0, oc_chunk_0, oh_0, ow_0, oc_block_0 in T.grid(T.int64(1), T.int64(1), T.int64(1), T.int64(1), T.int64(1)):
                for n_1, oc_chunk_1, oh_1, ow_1, oc_block_1, ic_0, kh_0, kw_0, n_2, oc_chunk_2, oh_2, ow_2, oc_block_2, ic_1, kh_1, kw_1, n_3, oc_chunk_3, oh_3, ow_3, oc_block_3 in T.grid(T.int64(1), T.int64(1), T.int64(1), T.int64(1), T.int64(8), T.int64(544), T.int64(1), T.int64(1), T.int64(1), T.int64(4), T.int64(1), T.int64(1), T.int64(1), T.int64(1), T.int64(1), T.int64(1), T.int64(1), T.int64(4), T.int64(2), T.int64(2), T.int64(1)):
                    with T.block("conv2d_NCHWc"):
                        v_n = T.axis.spatial(T.int64(1), n_0 + n_1 + n_2 + n_3)
                        v_oc_chunk = T.axis.spatial(T.int64(16), oc_chunk_0 * T.int64(16) + oc_chunk_1 * T.int64(16) + oc_chunk_2 * T.int64(4) + oc_chunk_3)
                        v_oh = T.axis.spatial(T.int64(2), oh_0 * T.int64(2) + oh_1 * T.int64(2) + oh_2 * T.int64(2) + oh_3)
                        v_ow = T.axis.spatial(T.int64(2), ow_0 * T.int64(2) + ow_1 * T.int64(2) + ow_2 * T.int64(2) + ow_3)
                        v_oc_block = T.axis.spatial(T.int64(8), oc_block_0 * T.int64(8) + oc_block_1 + oc_block_2 + oc_block_3)
                        v_ic = T.axis.reduce(T.int64(544), ic_0 + ic_1)
                        v_kh = T.axis.reduce(T.int64(1), kh_0 + kh_1)
                        v_kw = T.axis.reduce(T.int64(1), kw_0 + kw_1)
                        T.reads(p0[v_n, v_ic // T.int64(8), v_oh + v_kh, v_ow + v_kw, v_ic % T.int64(8)], p1[v_oc_chunk, v_ic // T.int64(8), v_kh, v_kw, v_ic % T.int64(8), v_oc_block])
                        T.writes(conv2d_NCHWc[v_n, v_oc_chunk, v_oh, v_ow, v_oc_block])
                        T.block_attr({"meta_schedule.tiling_structure": "SSRSRS"})
                        with T.init():
                            conv2d_NCHWc[v_n, v_oc_chunk, v_oh, v_ow, v_oc_block] = T.float32(0)
                        conv2d_NCHWc[v_n, v_oc_chunk, v_oh, v_ow, v_oc_block] = conv2d_NCHWc[v_n, v_oc_chunk, v_oh, v_ow, v_oc_block] + p0[v_n, v_ic // T.int64(8), v_oh + v_kh, v_ow + v_kw, v_ic % T.int64(8)] * p1[v_oc_chunk, v_ic // T.int64(8), v_kh, v_kw, v_ic % T.int64(8), v_oc_block]
                for ax0, ax1, ax2, ax3, ax4 in T.grid(T.int64(1), T.int64(16), T.int64(2), T.int64(2), T.int64(8)):
                    with T.block("T_relu"):
                        v_ax0, v_ax1, v_ax2, v_ax3, v_ax4 = T.axis.remap("SSSSS", [ax0, ax1, ax2, ax3, ax4])
                        T.reads(conv2d_NCHWc[v_ax0, v_ax1, v_ax2, v_ax3, v_ax4], p2[v_ax0, v_ax1, T.int64(0), T.int64(0), v_ax4])
                        T.writes(T_relu[v_ax0, v_ax1, v_ax2, v_ax3, v_ax4])
                        T_relu[v_ax0, v_ax1, v_ax2, v_ax3, v_ax4] = T.max(conv2d_NCHWc[v_ax0, v_ax1, v_ax2, v_ax3, v_ax4] + p2[v_ax0, v_ax1, T.int64(0), T.int64(0), v_ax4], T.float32(0))
b0 = sch.get_block(name="conv2d_NCHWc", func_name="main")
b1 = sch.get_block(name="T_add", func_name="main")
b2 = sch.get_block(name="root", func_name="main")
sch.compute_inline(block=b1)
sch.annotate(block_or_loop=b0, ann_key="meta_schedule.tiling_structure", ann_val="SSRSRS")
l3, l4, l5, l6, l7, l8, l9, l10 = sch.get_loops(block=b0)
v11, v12, v13, v14 = sch.sample_perfect_tile(loop=l3, n=4, max_innermost_factor=64, decision=[1, 1, 1, 1])
l15, l16, l17, l18 = sch.split(loop=l3, factors=[v11, v12, v13, v14], preserve_unit_iters=True, disable_predication=False)
v19, v20, v21, v22 = sch.sample_perfect_tile(loop=l4, n=4, max_innermost_factor=64, decision=[1, 1, 4, 4])
l23, l24, l25, l26 = sch.split(loop=l4, factors=[v19, v20, v21, v22], preserve_unit_iters=True, disable_predication=False)
v27, v28, v29, v30 = sch.sample_perfect_tile(loop=l5, n=4, max_innermost_factor=64, decision=[1, 1, 1, 2])
l31, l32, l33, l34 = sch.split(loop=l5, factors=[v27, v28, v29, v30], preserve_unit_iters=True, disable_predication=False)
v35, v36, v37, v38 = sch.sample_perfect_tile(loop=l6, n=4, max_innermost_factor=64, decision=[1, 1, 1, 2])
l39, l40, l41, l42 = sch.split(loop=l6, factors=[v35, v36, v37, v38], preserve_unit_iters=True, disable_predication=False)
v43, v44, v45, v46 = sch.sample_perfect_tile(loop=l7, n=4, max_innermost_factor=64, decision=[1, 8, 1, 1])
l47, l48, l49, l50 = sch.split(loop=l7, factors=[v43, v44, v45, v46], preserve_unit_iters=True, disable_predication=False)
v51, v52 = sch.sample_perfect_tile(loop=l8, n=2, max_innermost_factor=64, decision=[544, 1])
l53, l54 = sch.split(loop=l8, factors=[v51, v52], preserve_unit_iters=True, disable_predication=False)
v55, v56 = sch.sample_perfect_tile(loop=l9, n=2, max_innermost_factor=64, decision=[1, 1])
l57, l58 = sch.split(loop=l9, factors=[v55, v56], preserve_unit_iters=True, disable_predication=False)
v59, v60 = sch.sample_perfect_tile(loop=l10, n=2, max_innermost_factor=64, decision=[1, 1])
l61, l62 = sch.split(loop=l10, factors=[v59, v60], preserve_unit_iters=True, disable_predication=False)
sch.reorder(l15, l23, l31, l39, l47, l16, l24, l32, l40, l48, l53, l57, l61, l17, l25, l33, l41, l49, l54, l58, l62, l18, l26, l34, l42, l50)
b63, = sch.get_consumers(block=b0)
sch.reverse_compute_at(block=b63, loop=l47, preserve_unit_loops=True, index=-1)
sch.annotate(block_or_loop=b2, ann_key="meta_schedule.parallel", ann_val=96)
sch.annotate(block_or_loop=b2, ann_key="meta_schedule.vectorize", ann_val=64)
v64 = sch.sample_categorical(candidates=[0, 16, 64, 512], probs=[0.25, 0.25, 0.25, 0.25], decision=0)
sch.annotate(block_or_loop=b2, ann_key="meta_schedule.unroll_explicit", ann_val=v64)
2024-05-20 14:14:58 [INFO] [evolutionary_search.cc:713] Generating candidates......
2024-05-20 14:14:58 [INFO] [evolutionary_search.cc:715] Picked top 0 candidate(s) from database
2024-05-20 14:14:59 [INFO] [evolutionary_search.cc:533] Sample-Init-Population summary:
Postproc #0 [meta_schedule.DisallowDynamicLoop(0x4709a168)]: 0 failure(s)
Postproc #1 [meta_schedule.RewriteParallelVectorizeUnroll(0x486ce468)]: 0 failure(s)
Postproc #2 [meta_schedule.RewriteReductionBlock(0x4c11ed38)]: 0 failure(s)
Postproc #3 [meta_schedule.RewriteLayout(0x47701698)]: 0 failure(s)
2024-05-20 14:14:59 [INFO] [evolutionary_search.cc:723] Sampled 512 candidate(s)
2024-05-20 14:15:00 [INFO] [evolutionary_search.cc:621] Evolve iter #0 done. Summary:
Postproc #0 [meta_schedule.DisallowDynamicLoop(0x4709a168)]: 0 failure(s)
Postproc #1 [meta_schedule.RewriteParallelVectorizeUnroll(0x486ce468)]: 0 failure(s)
Postproc #2 [meta_schedule.RewriteReductionBlock(0x4c11ed38)]: 0 failure(s)
Postproc #3 [meta_schedule.RewriteLayout(0x47701698)]: 0 failure(s)
2024-05-20 14:15:01 [INFO] [evolutionary_search.cc:621] Evolve iter #1 done. Summary:
Postproc #0 [meta_schedule.DisallowDynamicLoop(0x4709a168)]: 0 failure(s)
Postproc #1 [meta_schedule.RewriteParallelVectorizeUnroll(0x486ce468)]: 0 failure(s)
Postproc #2 [meta_schedule.RewriteReductionBlock(0x4c11ed38)]: 0 failure(s)
Postproc #3 [meta_schedule.RewriteLayout(0x47701698)]: 0 failure(s)
2024-05-20 14:15:02 [INFO] [evolutionary_search.cc:621] Evolve iter #2 done. Summary:
Postproc #0 [meta_schedule.DisallowDynamicLoop(0x4709a168)]: 0 failure(s)
Postproc #1 [meta_schedule.RewriteParallelVectorizeUnroll(0x486ce468)]: 0 failure(s)
Postproc #2 [meta_schedule.RewriteReductionBlock(0x4c11ed38)]: 0 failure(s)
Postproc #3 [meta_schedule.RewriteLayout(0x47701698)]: 0 failure(s)
2024-05-20 14:15:03 [INFO] [evolutionary_search.cc:621] Evolve iter #3 done. Summary:
Postproc #0 [meta_schedule.DisallowDynamicLoop(0x4709a168)]: 0 failure(s)
Postproc #1 [meta_schedule.RewriteParallelVectorizeUnroll(0x486ce468)]: 0 failure(s)
Postproc #2 [meta_schedule.RewriteReductionBlock(0x4c11ed38)]: 0 failure(s)
Postproc #3 [meta_schedule.RewriteLayout(0x47701698)]: 0 failure(s)
2024-05-20 14:15:03 [INFO] [evolutionary_search.cc:649] Scores of the best 64 candidates:
[1 : 16]:	0.9995  0.9980  0.9973  0.9971  0.9966  0.9965  0.9929  0.9927  0.9922  0.9919  0.9917  0.9916  0.9911  0.9906  0.9893  0.9890
[17 : 32]:	0.9888  0.9888  0.9883  0.9877  0.9876  0.9875  0.9858  0.9853  0.9849  0.9840  0.9838  0.9835  0.9833  0.9814  0.9813  0.9812
[33 : 48]:	0.9790  0.9783  0.9782  0.9778  0.9777  0.9771  0.9767  0.9743  0.9735  0.9730  0.9725  0.9725  0.9721  0.9713  0.9713  0.9710
[49 : 64]:	0.9709  0.9707  0.9697  0.9696  0.9688  0.9687  0.9684  0.9677  0.9674  0.9672  0.9672  0.9671  0.9671  0.9667  0.9661  0.9645
2024-05-20 14:15:03 [INFO] [evolutionary_search.cc:727] Got 64 candidate(s) with evolutionary search
2024-05-20 14:15:04 [INFO] [evolutionary_search.cc:730] Sending 64 candidates(s) for measurement
2024-05-20 15:31:16 [INFO] [task_scheduler.cc:131] [Task #31: fused_nn_contrib_conv2d_NCHWc_add_nn_relu_30] Trial #1: GFLOPs: 9.1182. Time: 61.2051 us. Best GFLOPs: 9.1182
2024-05-20 15:31:16 [INFO] [task_scheduler.cc:131] [Task #31: fused_nn_contrib_conv2d_NCHWc_add_nn_relu_30] Trial #2: GFLOPs: 17.1925. Time: 32.4607 us. Best GFLOPs: 17.1925
2024-05-20 15:31:16 [INFO] [task_scheduler.cc:131] [Task #31: fused_nn_contrib_conv2d_NCHWc_add_nn_relu_30] Trial #3: GFLOPs: 7.6391. Time: 73.0558 us. Best GFLOPs: 17.1925
2024-05-20 15:31:16 [INFO] [task_scheduler.cc:131] [Task #31: fused_nn_contrib_conv2d_NCHWc_add_nn_relu_30] Trial #4: GFLOPs: 50.4411. Time: 11.0640 us. Best GFLOPs: 50.4411
2024-05-20 15:31:16 [INFO] [task_scheduler.cc:131] [Task #31: fused_nn_contrib_conv2d_NCHWc_add_nn_relu_30] Trial #5: GFLOPs: 20.8332. Time: 26.7880 us. Best GFLOPs: 50.4411
2024-05-20 15:31:16 [INFO] [task_scheduler.cc:131] [Task #31: fused_nn_contrib_conv2d_NCHWc_add_nn_relu_30] Trial #6: GFLOPs: 0.4736. Time: 1178.3731 us. Best GFLOPs: 50.4411
2024-05-20 15:31:16 [INFO] [task_scheduler.cc:131] [Task #31: fused_nn_contrib_conv2d_NCHWc_add_nn_relu_30] Trial #7: GFLOPs: 11.7511. Time: 47.4919 us. Best GFLOPs: 50.4411
2024-05-20 15:31:16 [INFO] [task_scheduler.cc:131] [Task #31: fused_nn_contrib_conv2d_NCHWc_add_nn_relu_30] Trial #8: GFLOPs: 35.9339. Time: 15.5307 us. Best GFLOPs: 50.4411
2024-05-20 15:31:16 [INFO] [task_scheduler.cc:131] [Task #31: fused_nn_contrib_conv2d_NCHWc_add_nn_relu_30] Trial #9: GFLOPs: 18.4542. Time: 30.2414 us. Best GFLOPs: 50.4411
2024-05-20 15:31:16 [INFO] [task_scheduler.cc:131] [Task #31: fused_nn_contrib_conv2d_NCHWc_add_nn_relu_30] Trial #10: GFLOPs: 23.5773. Time: 23.6703 us. Best GFLOPs: 50.4411
2024-05-20 15:31:16 [INFO] [task_scheduler.cc:131] [Task #31: fused_nn_contrib_conv2d_NCHWc_add_nn_relu_30] Trial #11: GFLOPs: 12.3832. Time: 45.0674 us. Best GFLOPs: 50.4411
2024-05-20 15:31:16 [INFO] [task_scheduler.cc:131] [Task #31: fused_nn_contrib_conv2d_NCHWc_add_nn_relu_30] Trial #12: GFLOPs: 20.6957. Time: 26.9660 us. Best GFLOPs: 50.4411
2024-05-20 15:31:16 [INFO] [task_scheduler.cc:131] [Task #31: fused_nn_contrib_conv2d_NCHWc_add_nn_relu_30] Trial #13: GFLOPs: 10.3402. Time: 53.9720 us. Best GFLOPs: 50.4411
2024-05-20 15:31:16 [INFO] [task_scheduler.cc:131] [Task #31: fused_nn_contrib_conv2d_NCHWc_add_nn_relu_30] Trial #14: GFLOPs: 13.2470. Time: 42.1288 us. Best GFLOPs: 50.4411
2024-05-20 15:31:16 [INFO] [task_scheduler.cc:131] [Task #31: fused_nn_contrib_conv2d_NCHWc_add_nn_relu_30] Trial #15: GFLOPs: 19.5981. Time: 28.4763 us. Best GFLOPs: 50.4411
2024-05-20 15:31:16 [INFO] [task_scheduler.cc:131] [Task #31: fused_nn_contrib_conv2d_NCHWc_add_nn_relu_30] Trial #16: GFLOPs: 12.3074. Time: 45.3449 us. Best GFLOPs: 50.4411
2024-05-20 15:31:16 [INFO] [task_scheduler.cc:131] [Task #31: fused_nn_contrib_conv2d_NCHWc_add_nn_relu_30] Trial #17: GFLOPs: 11.0338. Time: 50.5789 us. Best GFLOPs: 50.4411
2024-05-20 15:31:16 [INFO] [task_scheduler.cc:131] [Task #31: fused_nn_contrib_conv2d_NCHWc_add_nn_relu_30] Trial #18: GFLOPs: 24.9323. Time: 22.3838 us. Best GFLOPs: 50.4411
2024-05-20 15:31:16 [INFO] [task_scheduler.cc:131] [Task #31: fused_nn_contrib_conv2d_NCHWc_add_nn_relu_30] Trial #19: GFLOPs: 8.8150. Time: 63.3100 us. Best GFLOPs: 50.4411
2024-05-20 15:31:16 [INFO] [task_scheduler.cc:131] [Task #31: fused_nn_contrib_conv2d_NCHWc_add_nn_relu_30] Trial #20: GFLOPs: 24.3052. Time: 22.9613 us. Best GFLOPs: 50.4411
2024-05-20 15:31:16 [INFO] [task_scheduler.cc:131] [Task #31: fused_nn_contrib_conv2d_NCHWc_add_nn_relu_30] Trial #21: GFLOPs: 13.9898. Time: 39.8919 us. Best GFLOPs: 50.4411
2024-05-20 15:31:16 [INFO] [task_scheduler.cc:131] [Task #31: fused_nn_contrib_conv2d_NCHWc_add_nn_relu_30] Trial #22: GFLOPs: 8.4242. Time: 66.2474 us. Best GFLOPs: 50.4411
2024-05-20 15:31:16 [INFO] [task_scheduler.cc:131] [Task #31: fused_nn_contrib_conv2d_NCHWc_add_nn_relu_30] Trial #23: GFLOPs: 25.9577. Time: 21.4996 us. Best GFLOPs: 50.4411
2024-05-20 15:31:16 [INFO] [task_scheduler.cc:131] [Task #31: fused_nn_contrib_conv2d_NCHWc_add_nn_relu_30] Trial #24: GFLOPs: 13.2449. Time: 42.1355 us. Best GFLOPs: 50.4411
2024-05-20 15:31:16 [INFO] [task_scheduler.cc:131] [Task #31: fused_nn_contrib_conv2d_NCHWc_add_nn_relu_30] Trial #25: GFLOPs: 37.0546. Time: 15.0610 us. Best GFLOPs: 50.4411
2024-05-20 15:31:16 [INFO] [task_scheduler.cc:131] [Task #31: fused_nn_contrib_conv2d_NCHWc_add_nn_relu_30] Trial #26: GFLOPs: 12.1924. Time: 45.7727 us. Best GFLOPs: 50.4411
2024-05-20 15:31:16 [INFO] [task_scheduler.cc:131] [Task #31: fused_nn_contrib_conv2d_NCHWc_add_nn_relu_30] Trial #27: GFLOPs: 74.5294. Time: 7.4881 us. Best GFLOPs: 74.5294
2024-05-20 15:31:16 [INFO] [task_scheduler.cc:131] [Task #31: fused_nn_contrib_conv2d_NCHWc_add_nn_relu_30] Trial #28: GFLOPs: 42.4678. Time: 13.1413 us. Best GFLOPs: 74.5294
2024-05-20 15:31:16 [INFO] [task_scheduler.cc:131] [Task #31: fused_nn_contrib_conv2d_NCHWc_add_nn_relu_30] Trial #29: GFLOPs: 8.8243. Time: 63.2438 us. Best GFLOPs: 74.5294
2024-05-20 15:31:16 [INFO] [task_scheduler.cc:131] [Task #31: fused_nn_contrib_conv2d_NCHWc_add_nn_relu_30] Trial #30: GFLOPs: 15.7363. Time: 35.4644 us. Best GFLOPs: 74.5294
2024-05-20 15:31:16 [INFO] [task_scheduler.cc:131] [Task #31: fused_nn_contrib_conv2d_NCHWc_add_nn_relu_30] Trial #31: GFLOPs: 12.3202. Time: 45.2979 us. Best GFLOPs: 74.5294
2024-05-20 15:31:16 [INFO] [task_scheduler.cc:131] [Task #31: fused_nn_contrib_conv2d_NCHWc_add_nn_relu_30] Trial #32: GFLOPs: 14.2619. Time: 39.1308 us. Best GFLOPs: 74.5294
2024-05-20 15:31:16 [INFO] [task_scheduler.cc:131] [Task #31: fused_nn_contrib_conv2d_NCHWc_add_nn_relu_30] Trial #33: GFLOPs: 21.5626. Time: 25.8819 us. Best GFLOPs: 74.5294
2024-05-20 15:31:16 [INFO] [task_scheduler.cc:131] [Task #31: fused_nn_contrib_conv2d_NCHWc_add_nn_relu_30] Trial #34: GFLOPs: 22.9594. Time: 24.3072 us. Best GFLOPs: 74.5294
2024-05-20 15:31:16 [INFO] [task_scheduler.cc:131] [Task #31: fused_nn_contrib_conv2d_NCHWc_add_nn_relu_30] Trial #35: GFLOPs: 9.4709. Time: 58.9258 us. Best GFLOPs: 74.5294
2024-05-20 15:31:16 [INFO] [task_scheduler.cc:131] [Task #31: fused_nn_contrib_conv2d_NCHWc_add_nn_relu_30] Trial #36: GFLOPs: 47.9132. Time: 11.6477 us. Best GFLOPs: 74.5294
2024-05-20 15:31:16 [INFO] [task_scheduler.cc:131] [Task #31: fused_nn_contrib_conv2d_NCHWc_add_nn_relu_30] Trial #37: GFLOPs: 0.4938. Time: 1130.2168 us. Best GFLOPs: 74.5294
2024-05-20 15:31:16 [INFO] [task_scheduler.cc:131] [Task #31: fused_nn_contrib_conv2d_NCHWc_add_nn_relu_30] Trial #38: GFLOPs: 9.9461. Time: 56.1107 us. Best GFLOPs: 74.5294
2024-05-20 15:31:16 [INFO] [task_scheduler.cc:131] [Task #31: fused_nn_contrib_conv2d_NCHWc_add_nn_relu_30] Trial #39: GFLOPs: 16.1175. Time: 34.6256 us. Best GFLOPs: 74.5294
2024-05-20 15:31:16 [INFO] [task_scheduler.cc:131] [Task #31: fused_nn_contrib_conv2d_NCHWc_add_nn_relu_30] Trial #40: GFLOPs: 48.9615. Time: 11.3984 us. Best GFLOPs: 74.5294
2024-05-20 15:31:16 [INFO] [task_scheduler.cc:131] [Task #31: fused_nn_contrib_conv2d_NCHWc_add_nn_relu_30] Trial #41: GFLOPs: 16.5254. Time: 33.7711 us. Best GFLOPs: 74.5294
2024-05-20 15:31:16 [INFO] [task_scheduler.cc:131] [Task #31: fused_nn_contrib_conv2d_NCHWc_add_nn_relu_30] Trial #42: GFLOPs: 29.1597. Time: 19.1388 us. Best GFLOPs: 74.5294
2024-05-20 15:31:16 [INFO] [task_scheduler.cc:131] [Task #31: fused_nn_contrib_conv2d_NCHWc_add_nn_relu_30] Trial #43: GFLOPs: 18.0432. Time: 30.9302 us. Best GFLOPs: 74.5294
2024-05-20 15:31:16 [INFO] [task_scheduler.cc:131] [Task #31: fused_nn_contrib_conv2d_NCHWc_add_nn_relu_30] Trial #44: GFLOPs: 5.4866. Time: 101.7174 us. Best GFLOPs: 74.5294
2024-05-20 15:31:16 [INFO] [task_scheduler.cc:131] [Task #31: fused_nn_contrib_conv2d_NCHWc_add_nn_relu_30] Trial #45: GFLOPs: 8.4027. Time: 66.4165 us. Best GFLOPs: 74.5294
2024-05-20 15:31:16 [INFO] [task_scheduler.cc:131] [Task #31: fused_nn_contrib_conv2d_NCHWc_add_nn_relu_30] Trial #46: GFLOPs: 9.2129. Time: 60.5756 us. Best GFLOPs: 74.5294
2024-05-20 15:31:16 [INFO] [task_scheduler.cc:131] [Task #31: fused_nn_contrib_conv2d_NCHWc_add_nn_relu_30] Trial #47: GFLOPs: 18.3970. Time: 30.3354 us. Best GFLOPs: 74.5294
2024-05-20 15:31:16 [INFO] [task_scheduler.cc:131] [Task #31: fused_nn_contrib_conv2d_NCHWc_add_nn_relu_30] Trial #48: GFLOPs: 9.3526. Time: 59.6710 us. Best GFLOPs: 74.5294
2024-05-20 15:31:16 [INFO] [task_scheduler.cc:131] [Task #31: fused_nn_contrib_conv2d_NCHWc_add_nn_relu_30] Trial #49: GFLOPs: 13.2537. Time: 42.1073 us. Best GFLOPs: 74.5294
2024-05-20 15:31:16 [INFO] [task_scheduler.cc:131] [Task #31: fused_nn_contrib_conv2d_NCHWc_add_nn_relu_30] Trial #50: GFLOPs: 24.5817. Time: 22.7030 us. Best GFLOPs: 74.5294
2024-05-20 15:31:16 [INFO] [task_scheduler.cc:131] [Task #31: fused_nn_contrib_conv2d_NCHWc_add_nn_relu_30] Trial #51: GFLOPs: 18.9688. Time: 29.4210 us. Best GFLOPs: 74.5294
2024-05-20 15:31:16 [INFO] [task_scheduler.cc:131] [Task #31: fused_nn_contrib_conv2d_NCHWc_add_nn_relu_30] Trial #52: GFLOPs: 14.0664. Time: 39.6746 us. Best GFLOPs: 74.5294
2024-05-20 15:31:16 [INFO] [task_scheduler.cc:131] [Task #31: fused_nn_contrib_conv2d_NCHWc_add_nn_relu_30] Trial #53: GFLOPs: 12.3925. Time: 45.0339 us. Best GFLOPs: 74.5294
2024-05-20 15:31:16 [INFO] [task_scheduler.cc:131] [Task #31: fused_nn_contrib_conv2d_NCHWc_add_nn_relu_30] Trial #54: GFLOPs: 13.6251. Time: 40.9596 us. Best GFLOPs: 74.5294
2024-05-20 15:31:16 [INFO] [task_scheduler.cc:131] [Task #31: fused_nn_contrib_conv2d_NCHWc_add_nn_relu_30] Trial #55: GFLOPs: 11.6163. Time: 48.0429 us. Best GFLOPs: 74.5294
2024-05-20 15:31:16 [INFO] [task_scheduler.cc:131] [Task #31: fused_nn_contrib_conv2d_NCHWc_add_nn_relu_30] Trial #56: GFLOPs: 42.2110. Time: 13.2212 us. Best GFLOPs: 74.5294
2024-05-20 15:31:16 [INFO] [task_scheduler.cc:131] [Task #31: fused_nn_contrib_conv2d_NCHWc_add_nn_relu_30] Trial #57: GFLOPs: 15.1200. Time: 36.9101 us. Best GFLOPs: 74.5294
2024-05-20 15:31:16 [INFO] [task_scheduler.cc:131] [Task #31: fused_nn_contrib_conv2d_NCHWc_add_nn_relu_30] Trial #58: GFLOPs: 10.8130. Time: 51.6121 us. Best GFLOPs: 74.5294
2024-05-20 15:31:16 [INFO] [task_scheduler.cc:131] [Task #31: fused_nn_contrib_conv2d_NCHWc_add_nn_relu_30] Trial #59: GFLOPs: 50.1775. Time: 11.1221 us. Best GFLOPs: 74.5294
2024-05-20 15:31:16 [INFO] [task_scheduler.cc:131] [Task #31: fused_nn_contrib_conv2d_NCHWc_add_nn_relu_30] Trial #60: GFLOPs: 40.3506. Time: 13.8308 us. Best GFLOPs: 74.5294
2024-05-20 15:31:16 [INFO] [task_scheduler.cc:131] [Task #31: fused_nn_contrib_conv2d_NCHWc_add_nn_relu_30] Trial #61: GFLOPs: 19.8911. Time: 28.0568 us. Best GFLOPs: 74.5294
2024-05-20 15:31:16 [INFO] [task_scheduler.cc:131] [Task #31: fused_nn_contrib_conv2d_NCHWc_add_nn_relu_30] Trial #62: GFLOPs: 12.5569. Time: 44.4441 us. Best GFLOPs: 74.5294
2024-05-20 15:31:16 [INFO] [task_scheduler.cc:131] [Task #31: fused_nn_contrib_conv2d_NCHWc_add_nn_relu_30] Trial #63: GFLOPs: 13.4502. Time: 41.4923 us. Best GFLOPs: 74.5294
2024-05-20 15:31:16 [INFO] [task_scheduler.cc:131] [Task #31: fused_nn_contrib_conv2d_NCHWc_add_nn_relu_30] Trial #64: GFLOPs: 19.3170. Time: 28.8906 us. Best GFLOPs: 74.5294
2024-05-20 17:14:10 [INFO] [evolutionary_search.cc:713] Generating candidates......
2024-05-20 17:14:10 [INFO] [evolutionary_search.cc:715] Picked top 64 candidate(s) from database
2024-05-20 17:14:11 [INFO] [evolutionary_search.cc:533] Sample-Init-Population summary:
Postproc #0 [meta_schedule.DisallowDynamicLoop(0x4709a168)]: 0 failure(s)
Postproc #1 [meta_schedule.RewriteParallelVectorizeUnroll(0x486ce468)]: 0 failure(s)
Postproc #2 [meta_schedule.RewriteReductionBlock(0x4c11ed38)]: 0 failure(s)
Postproc #3 [meta_schedule.RewriteLayout(0x47701698)]: 0 failure(s)
2024-05-20 17:14:11 [INFO] [evolutionary_search.cc:723] Sampled 448 candidate(s)
2024-05-20 17:14:14 [INFO] [evolutionary_search.cc:621] Evolve iter #0 done. Summary:
Postproc #0 [meta_schedule.DisallowDynamicLoop(0x4709a168)]: 0 failure(s)
Postproc #1 [meta_schedule.RewriteParallelVectorizeUnroll(0x486ce468)]: 0 failure(s)
Postproc #2 [meta_schedule.RewriteReductionBlock(0x4c11ed38)]: 0 failure(s)
Postproc #3 [meta_schedule.RewriteLayout(0x47701698)]: 0 failure(s)
2024-05-20 17:14:16 [INFO] [evolutionary_search.cc:621] Evolve iter #1 done. Summary:
Postproc #0 [meta_schedule.DisallowDynamicLoop(0x4709a168)]: 0 failure(s)
Postproc #1 [meta_schedule.RewriteParallelVectorizeUnroll(0x486ce468)]: 0 failure(s)
Postproc #2 [meta_schedule.RewriteReductionBlock(0x4c11ed38)]: 0 failure(s)
Postproc #3 [meta_schedule.RewriteLayout(0x47701698)]: 0 failure(s)
2024-05-20 17:14:18 [INFO] [evolutionary_search.cc:621] Evolve iter #2 done. Summary:
Postproc #0 [meta_schedule.DisallowDynamicLoop(0x4709a168)]: 0 failure(s)
Postproc #1 [meta_schedule.RewriteParallelVectorizeUnroll(0x486ce468)]: 0 failure(s)
Postproc #2 [meta_schedule.RewriteReductionBlock(0x4c11ed38)]: 0 failure(s)
Postproc #3 [meta_schedule.RewriteLayout(0x47701698)]: 0 failure(s)
2024-05-20 17:14:20 [INFO] [evolutionary_search.cc:621] Evolve iter #3 done. Summary:
Postproc #0 [meta_schedule.DisallowDynamicLoop(0x4709a168)]: 0 failure(s)
Postproc #1 [meta_schedule.RewriteParallelVectorizeUnroll(0x486ce468)]: 0 failure(s)
Postproc #2 [meta_schedule.RewriteReductionBlock(0x4c11ed38)]: 0 failure(s)
Postproc #3 [meta_schedule.RewriteLayout(0x47701698)]: 0 failure(s)
2024-05-20 17:14:22 [INFO] [evolutionary_search.cc:649] Scores of the best 64 candidates:
[1 : 16]:	0.9177  0.9023  0.8872  0.8696  0.8589  0.8414  0.8291  0.8222  0.8203  0.8186  0.8167  0.8133  0.8130  0.7957  0.7905  0.7905
[17 : 32]:	0.7870  0.7856  0.7835  0.7799  0.7746  0.7703  0.7678  0.7662  0.7587  0.7560  0.7525  0.7461  0.7406  0.7400  0.7367  0.7354
[33 : 48]:	0.7288  0.7267  0.7247  0.7244  0.7243  0.7218  0.7207  0.7201  0.7183  0.7155  0.7153  0.7148  0.7118  0.7109  0.7082  0.7080
[49 : 64]:	0.7068  0.7026  0.6963  0.6960  0.6946  0.6946  0.6946  0.6896  0.6846  0.6804  0.6788  0.6771  0.6770  0.6764  0.6758  0.6721
2024-05-20 17:14:22 [INFO] [evolutionary_search.cc:727] Got 64 candidate(s) with evolutionary search
2024-05-20 17:14:22 [INFO] [evolutionary_search.cc:730] Sending 64 candidates(s) for measurement
2024-05-20 17:15:59 [INFO] [task_scheduler.cc:131] [Task #31: fused_nn_contrib_conv2d_NCHWc_add_nn_relu_30] Trial #65: GFLOPs: 86.8753. Time: 6.4239 us. Best GFLOPs: 86.8753
2024-05-20 17:15:59 [INFO] [task_scheduler.cc:131] [Task #31: fused_nn_contrib_conv2d_NCHWc_add_nn_relu_30] Trial #66: GFLOPs: 39.5843. Time: 14.0985 us. Best GFLOPs: 86.8753
2024-05-20 17:15:59 [INFO] [task_scheduler.cc:131] [Task #31: fused_nn_contrib_conv2d_NCHWc_add_nn_relu_30] Trial #67: GFLOPs: 83.7843. Time: 6.6609 us. Best GFLOPs: 86.8753
2024-05-20 17:15:59 [INFO] [task_scheduler.cc:131] [Task #31: fused_nn_contrib_conv2d_NCHWc_add_nn_relu_30] Trial #68: GFLOPs: 73.1275. Time: 7.6316 us. Best GFLOPs: 86.8753
2024-05-20 17:15:59 [INFO] [task_scheduler.cc:131] [Task #31: fused_nn_contrib_conv2d_NCHWc_add_nn_relu_30] Trial #69: GFLOPs: 71.6499. Time: 7.7890 us. Best GFLOPs: 86.8753
2024-05-20 17:15:59 [INFO] [task_scheduler.cc:131] [Task #31: fused_nn_contrib_conv2d_NCHWc_add_nn_relu_30] Trial #70: GFLOPs: 65.9556. Time: 8.4615 us. Best GFLOPs: 86.8753
2024-05-20 17:15:59 [INFO] [task_scheduler.cc:131] [Task #31: fused_nn_contrib_conv2d_NCHWc_add_nn_relu_30] Trial #71: GFLOPs: 68.3078. Time: 8.1701 us. Best GFLOPs: 86.8753
2024-05-20 17:15:59 [INFO] [task_scheduler.cc:131] [Task #31: fused_nn_contrib_conv2d_NCHWc_add_nn_relu_30] Trial #72: GFLOPs: 71.1222. Time: 7.8468 us. Best GFLOPs: 86.8753
2024-05-20 17:15:59 [INFO] [task_scheduler.cc:131] [Task #31: fused_nn_contrib_conv2d_NCHWc_add_nn_relu_30] Trial #73: GFLOPs: 78.7950. Time: 7.0827 us. Best GFLOPs: 86.8753
2024-05-20 17:15:59 [INFO] [task_scheduler.cc:131] [Task #31: fused_nn_contrib_conv2d_NCHWc_add_nn_relu_30] Trial #74: GFLOPs: 89.1300. Time: 6.2614 us. Best GFLOPs: 89.1300
2024-05-20 17:15:59 [INFO] [task_scheduler.cc:131] [Task #31: fused_nn_contrib_conv2d_NCHWc_add_nn_relu_30] Trial #75: GFLOPs: 52.2732. Time: 10.6762 us. Best GFLOPs: 89.1300
2024-05-20 17:15:59 [INFO] [task_scheduler.cc:131] [Task #31: fused_nn_contrib_conv2d_NCHWc_add_nn_relu_30] Trial #76: GFLOPs: 57.2949. Time: 9.7405 us. Best GFLOPs: 89.1300
2024-05-20 17:15:59 [INFO] [task_scheduler.cc:131] [Task #31: fused_nn_contrib_conv2d_NCHWc_add_nn_relu_30] Trial #77: GFLOPs: 38.9893. Time: 14.3137 us. Best GFLOPs: 89.1300
2024-05-20 17:15:59 [INFO] [task_scheduler.cc:131] [Task #31: fused_nn_contrib_conv2d_NCHWc_add_nn_relu_30] Trial #78: GFLOPs: 91.2605. Time: 6.1152 us. Best GFLOPs: 91.2605
2024-05-20 17:15:59 [INFO] [task_scheduler.cc:131] [Task #31: fused_nn_contrib_conv2d_NCHWc_add_nn_relu_30] Trial #79: GFLOPs: 47.5818. Time: 11.7289 us. Best GFLOPs: 91.2605
2024-05-20 17:15:59 [INFO] [task_scheduler.cc:131] [Task #31: fused_nn_contrib_conv2d_NCHWc_add_nn_relu_30] Trial #80: GFLOPs: 25.4927. Time: 21.8918 us. Best GFLOPs: 91.2605
2024-05-20 17:15:59 [INFO] [task_scheduler.cc:131] [Task #31: fused_nn_contrib_conv2d_NCHWc_add_nn_relu_30] Trial #81: GFLOPs: 66.4322. Time: 8.4007 us. Best GFLOPs: 91.2605
2024-05-20 17:15:59 [INFO] [task_scheduler.cc:131] [Task #31: fused_nn_contrib_conv2d_NCHWc_add_nn_relu_30] Trial #82: GFLOPs: 72.2482. Time: 7.7245 us. Best GFLOPs: 91.2605
2024-05-20 17:15:59 [INFO] [task_scheduler.cc:131] [Task #31: fused_nn_contrib_conv2d_NCHWc_add_nn_relu_30] Trial #83: GFLOPs: 70.3403. Time: 7.9340 us. Best GFLOPs: 91.2605
2024-05-20 17:15:59 [INFO] [task_scheduler.cc:131] [Task #31: fused_nn_contrib_conv2d_NCHWc_add_nn_relu_30] Trial #84: GFLOPs: 67.1163. Time: 8.3151 us. Best GFLOPs: 91.2605
2024-05-20 17:15:59 [INFO] [task_scheduler.cc:131] [Task #31: fused_nn_contrib_conv2d_NCHWc_add_nn_relu_30] Trial #85: GFLOPs: 67.9899. Time: 8.2083 us. Best GFLOPs: 91.2605
2024-05-20 17:15:59 [INFO] [task_scheduler.cc:131] [Task #31: fused_nn_contrib_conv2d_NCHWc_add_nn_relu_30] Trial #86: GFLOPs: 64.0228. Time: 8.7169 us. Best GFLOPs: 91.2605
2024-05-20 17:15:59 [INFO] [task_scheduler.cc:131] [Task #31: fused_nn_contrib_conv2d_NCHWc_add_nn_relu_30] Trial #87: GFLOPs: 72.5289. Time: 7.6946 us. Best GFLOPs: 91.2605
2024-05-20 17:15:59 [INFO] [task_scheduler.cc:131] [Task #31: fused_nn_contrib_conv2d_NCHWc_add_nn_relu_30] Trial #88: GFLOPs: 45.9649. Time: 12.1414 us. Best GFLOPs: 91.2605
2024-05-20 17:15:59 [INFO] [task_scheduler.cc:131] [Task #31: fused_nn_contrib_conv2d_NCHWc_add_nn_relu_30] Trial #89: GFLOPs: 63.6458. Time: 8.7685 us. Best GFLOPs: 91.2605
2024-05-20 17:15:59 [INFO] [task_scheduler.cc:131] [Task #31: fused_nn_contrib_conv2d_NCHWc_add_nn_relu_30] Trial #90: GFLOPs: 66.5981. Time: 8.3798 us. Best GFLOPs: 91.2605
2024-05-20 17:15:59 [INFO] [task_scheduler.cc:131] [Task #31: fused_nn_contrib_conv2d_NCHWc_add_nn_relu_30] Trial #91: GFLOPs: 75.9656. Time: 7.3465 us. Best GFLOPs: 91.2605
2024-05-20 17:15:59 [INFO] [task_scheduler.cc:131] [Task #31: fused_nn_contrib_conv2d_NCHWc_add_nn_relu_30] Trial #92: GFLOPs: 73.6856. Time: 7.5738 us. Best GFLOPs: 91.2605
2024-05-20 17:15:59 [INFO] [task_scheduler.cc:131] [Task #31: fused_nn_contrib_conv2d_NCHWc_add_nn_relu_30] Trial #93: GFLOPs: 64.9028. Time: 8.5987 us. Best GFLOPs: 91.2605
2024-05-20 17:15:59 [INFO] [task_scheduler.cc:131] [Task #31: fused_nn_contrib_conv2d_NCHWc_add_nn_relu_30] Trial #94: GFLOPs: 63.4444. Time: 8.7964 us. Best GFLOPs: 91.2605
2024-05-20 17:15:59 [INFO] [task_scheduler.cc:131] [Task #31: fused_nn_contrib_conv2d_NCHWc_add_nn_relu_30] Trial #95: GFLOPs: 79.1509. Time: 7.0508 us. Best GFLOPs: 91.2605
2024-05-20 17:15:59 [INFO] [task_scheduler.cc:131] [Task #31: fused_nn_contrib_conv2d_NCHWc_add_nn_relu_30] Trial #96: GFLOPs: 77.9323. Time: 7.1611 us. Best GFLOPs: 91.2605
2024-05-20 17:15:59 [INFO] [task_scheduler.cc:131] [Task #31: fused_nn_contrib_conv2d_NCHWc_add_nn_relu_30] Trial #97: GFLOPs: 88.8215. Time: 6.2832 us. Best GFLOPs: 91.2605
2024-05-20 17:15:59 [INFO] [task_scheduler.cc:131] [Task #31: fused_nn_contrib_conv2d_NCHWc_add_nn_relu_30] Trial #98: GFLOPs: 78.8315. Time: 7.0794 us. Best GFLOPs: 91.2605
2024-05-20 17:15:59 [INFO] [task_scheduler.cc:131] [Task #31: fused_nn_contrib_conv2d_NCHWc_add_nn_relu_30] Trial #99: GFLOPs: 49.3781. Time: 11.3022 us. Best GFLOPs: 91.2605
2024-05-20 17:15:59 [INFO] [task_scheduler.cc:131] [Task #31: fused_nn_contrib_conv2d_NCHWc_add_nn_relu_30] Trial #100: GFLOPs: 86.0051. Time: 6.4889 us. Best GFLOPs: 91.2605
2024-05-20 17:15:59 [INFO] [task_scheduler.cc:131] [Task #31: fused_nn_contrib_conv2d_NCHWc_add_nn_relu_30] Trial #101: GFLOPs: 69.9118. Time: 7.9826 us. Best GFLOPs: 91.2605
2024-05-20 17:15:59 [INFO] [task_scheduler.cc:131] [Task #31: fused_nn_contrib_conv2d_NCHWc_add_nn_relu_30] Trial #102: GFLOPs: 60.9801. Time: 9.1518 us. Best GFLOPs: 91.2605
2024-05-20 17:15:59 [INFO] [task_scheduler.cc:131] [Task #31: fused_nn_contrib_conv2d_NCHWc_add_nn_relu_30] Trial #103: GFLOPs: 69.5709. Time: 8.0217 us. Best GFLOPs: 91.2605
2024-05-20 17:15:59 [INFO] [task_scheduler.cc:131] [Task #31: fused_nn_contrib_conv2d_NCHWc_add_nn_relu_30] Trial #104: GFLOPs: 68.5938. Time: 8.1360 us. Best GFLOPs: 91.2605
2024-05-20 17:15:59 [INFO] [task_scheduler.cc:131] [Task #31: fused_nn_contrib_conv2d_NCHWc_add_nn_relu_30] Trial #105: GFLOPs: 82.1377. Time: 6.7944 us. Best GFLOPs: 91.2605
2024-05-20 17:15:59 [INFO] [task_scheduler.cc:131] [Task #31: fused_nn_contrib_conv2d_NCHWc_add_nn_relu_30] Trial #106: GFLOPs: 73.5804. Time: 7.5846 us. Best GFLOPs: 91.2605
2024-05-20 17:15:59 [INFO] [task_scheduler.cc:131] [Task #31: fused_nn_contrib_conv2d_NCHWc_add_nn_relu_30] Trial #107: GFLOPs: 61.8883. Time: 9.0175 us. Best GFLOPs: 91.2605
2024-05-20 17:15:59 [INFO] [task_scheduler.cc:131] [Task #31: fused_nn_contrib_conv2d_NCHWc_add_nn_relu_30] Trial #108: GFLOPs: 60.1547. Time: 9.2774 us. Best GFLOPs: 91.2605
2024-05-20 17:15:59 [INFO] [task_scheduler.cc:131] [Task #31: fused_nn_contrib_conv2d_NCHWc_add_nn_relu_30] Trial #109: GFLOPs: 78.3623. Time: 7.1218 us. Best GFLOPs: 91.2605
2024-05-20 17:15:59 [INFO] [task_scheduler.cc:131] [Task #31: fused_nn_contrib_conv2d_NCHWc_add_nn_relu_30] Trial #110: GFLOPs: 63.1615. Time: 8.8358 us. Best GFLOPs: 91.2605
2024-05-20 17:15:59 [INFO] [task_scheduler.cc:131] [Task #31: fused_nn_contrib_conv2d_NCHWc_add_nn_relu_30] Trial #111: GFLOPs: 58.7630. Time: 9.4971 us. Best GFLOPs: 91.2605
2024-05-20 17:15:59 [INFO] [task_scheduler.cc:131] [Task #31: fused_nn_contrib_conv2d_NCHWc_add_nn_relu_30] Trial #112: GFLOPs: 54.9862. Time: 10.1495 us. Best GFLOPs: 91.2605
2024-05-20 17:15:59 [INFO] [task_scheduler.cc:131] [Task #31: fused_nn_contrib_conv2d_NCHWc_add_nn_relu_30] Trial #113: GFLOPs: 41.9459. Time: 13.3047 us. Best GFLOPs: 91.2605
2024-05-20 17:15:59 [INFO] [task_scheduler.cc:131] [Task #31: fused_nn_contrib_conv2d_NCHWc_add_nn_relu_30] Trial #114: GFLOPs: 75.2255. Time: 7.4188 us. Best GFLOPs: 91.2605
2024-05-20 17:15:59 [INFO] [task_scheduler.cc:131] [Task #31: fused_nn_contrib_conv2d_NCHWc_add_nn_relu_30] Trial #115: GFLOPs: 59.5537. Time: 9.3710 us. Best GFLOPs: 91.2605
2024-05-20 17:15:59 [INFO] [task_scheduler.cc:131] [Task #31: fused_nn_contrib_conv2d_NCHWc_add_nn_relu_30] Trial #116: GFLOPs: 64.6601. Time: 8.6310 us. Best GFLOPs: 91.2605
2024-05-20 17:15:59 [INFO] [task_scheduler.cc:131] [Task #31: fused_nn_contrib_conv2d_NCHWc_add_nn_relu_30] Trial #117: GFLOPs: 68.1953. Time: 8.1836 us. Best GFLOPs: 91.2605
2024-05-20 17:15:59 [INFO] [task_scheduler.cc:131] [Task #31: fused_nn_contrib_conv2d_NCHWc_add_nn_relu_30] Trial #118: GFLOPs: 59.2770. Time: 9.4148 us. Best GFLOPs: 91.2605
2024-05-20 17:15:59 [INFO] [task_scheduler.cc:131] [Task #31: fused_nn_contrib_conv2d_NCHWc_add_nn_relu_30] Trial #119: GFLOPs: 64.6657. Time: 8.6302 us. Best GFLOPs: 91.2605
2024-05-20 17:15:59 [INFO] [task_scheduler.cc:131] [Task #31: fused_nn_contrib_conv2d_NCHWc_add_nn_relu_30] Trial #120: GFLOPs: 65.0437. Time: 8.5801 us. Best GFLOPs: 91.2605
2024-05-20 17:15:59 [INFO] [task_scheduler.cc:131] [Task #31: fused_nn_contrib_conv2d_NCHWc_add_nn_relu_30] Trial #121: GFLOPs: 56.3120. Time: 9.9105 us. Best GFLOPs: 91.2605
2024-05-20 17:15:59 [INFO] [task_scheduler.cc:131] [Task #31: fused_nn_contrib_conv2d_NCHWc_add_nn_relu_30] Trial #122: GFLOPs: 68.6771. Time: 8.1261 us. Best GFLOPs: 91.2605
2024-05-20 17:15:59 [INFO] [task_scheduler.cc:131] [Task #31: fused_nn_contrib_conv2d_NCHWc_add_nn_relu_30] Trial #123: GFLOPs: 52.5028. Time: 10.6295 us. Best GFLOPs: 91.2605
2024-05-20 17:15:59 [INFO] [task_scheduler.cc:131] [Task #31: fused_nn_contrib_conv2d_NCHWc_add_nn_relu_30] Trial #124: GFLOPs: 46.0966. Time: 12.1067 us. Best GFLOPs: 91.2605
2024-05-20 17:15:59 [INFO] [task_scheduler.cc:131] [Task #31: fused_nn_contrib_conv2d_NCHWc_add_nn_relu_30] Trial #125: GFLOPs: 59.6922. Time: 9.3493 us. Best GFLOPs: 91.2605
2024-05-20 17:15:59 [INFO] [task_scheduler.cc:131] [Task #31: fused_nn_contrib_conv2d_NCHWc_add_nn_relu_30] Trial #126: GFLOPs: 8.6037. Time: 64.8651 us. Best GFLOPs: 91.2605
2024-05-20 17:15:59 [INFO] [task_scheduler.cc:131] [Task #31: fused_nn_contrib_conv2d_NCHWc_add_nn_relu_30] Trial #127: GFLOPs: 14.2793. Time: 39.0831 us. Best GFLOPs: 91.2605
2024-05-20 17:15:59 [INFO] [task_scheduler.cc:131] [Task #31: fused_nn_contrib_conv2d_NCHWc_add_nn_relu_30] Trial #128: GFLOPs: 22.7522. Time: 24.5286 us. Best GFLOPs: 91.2605
