2024-05-20 13:16:49 [INFO] [task_scheduler.cc:160] Initializing Task #32: "fused_nn_contrib_conv2d_NCHWc_add_nn_relu_31"
2024-05-20 13:16:49 [INFO] [task_scheduler.cc:35] 
# from tvm.script import ir as I
# from tvm.script import tir as T

@I.ir_module
class Module:
    @T.prim_func
    def main(p0: T.Buffer((T.int64(1), T.int64(64), T.int64(2), T.int64(2), T.int64(8)), "float32"), p1: T.Buffer((T.int64(16), T.int64(64), T.int64(1), T.int64(1), T.int64(8), T.int64(8)), "float32"), p2: T.Buffer((T.int64(1), T.int64(16), T.int64(1), T.int64(1), T.int64(8)), "float32"), T_relu: T.Buffer((T.int64(1), T.int64(16), T.int64(2), T.int64(2), T.int64(8)), "float32")):
        T.func_attr({"tir.noalias": T.bool(True)})
        # with T.block("root"):
        conv2d_NCHWc = T.alloc_buffer((T.int64(1), T.int64(16), T.int64(2), T.int64(2), T.int64(8)))
        T_add = T.alloc_buffer((T.int64(1), T.int64(16), T.int64(2), T.int64(2), T.int64(8)))
        for n, oc_chunk, oh, ow, oc_block, ic, kh, kw in T.grid(T.int64(1), T.int64(16), T.int64(2), T.int64(2), T.int64(8), T.int64(512), T.int64(1), T.int64(1)):
            with T.block("conv2d_NCHWc"):
                v_n, v_oc_chunk, v_oh, v_ow, v_oc_block, v_ic, v_kh, v_kw = T.axis.remap("SSSSSRRR", [n, oc_chunk, oh, ow, oc_block, ic, kh, kw])
                T.reads(p0[v_n, v_ic // T.int64(8), v_oh + v_kh, v_ow + v_kw, v_ic % T.int64(8)], p1[v_oc_chunk, v_ic // T.int64(8), v_kh, v_kw, v_ic % T.int64(8), v_oc_block])
                T.writes(conv2d_NCHWc[v_n, v_oc_chunk, v_oh, v_ow, v_oc_block])
                with T.init():
                    conv2d_NCHWc[v_n, v_oc_chunk, v_oh, v_ow, v_oc_block] = T.float32(0)
                conv2d_NCHWc[v_n, v_oc_chunk, v_oh, v_ow, v_oc_block] = conv2d_NCHWc[v_n, v_oc_chunk, v_oh, v_ow, v_oc_block] + p0[v_n, v_ic // T.int64(8), v_oh + v_kh, v_ow + v_kw, v_ic % T.int64(8)] * p1[v_oc_chunk, v_ic // T.int64(8), v_kh, v_kw, v_ic % T.int64(8), v_oc_block]
        for ax0, ax1, ax2, ax3, ax4 in T.grid(T.int64(1), T.int64(16), T.int64(2), T.int64(2), T.int64(8)):
            with T.block("T_add"):
                v_ax0, v_ax1, v_ax2, v_ax3, v_ax4 = T.axis.remap("SSSSS", [ax0, ax1, ax2, ax3, ax4])
                T.reads(conv2d_NCHWc[v_ax0, v_ax1, v_ax2, v_ax3, v_ax4], p2[v_ax0, v_ax1, T.int64(0), T.int64(0), v_ax4])
                T.writes(T_add[v_ax0, v_ax1, v_ax2, v_ax3, v_ax4])
                T_add[v_ax0, v_ax1, v_ax2, v_ax3, v_ax4] = conv2d_NCHWc[v_ax0, v_ax1, v_ax2, v_ax3, v_ax4] + p2[v_ax0, v_ax1, T.int64(0), T.int64(0), v_ax4]
        for ax0, ax1, ax2, ax3, ax4 in T.grid(T.int64(1), T.int64(16), T.int64(2), T.int64(2), T.int64(8)):
            with T.block("T_relu"):
                v_ax0, v_ax1, v_ax2, v_ax3, v_ax4 = T.axis.remap("SSSSS", [ax0, ax1, ax2, ax3, ax4])
                T.reads(T_add[v_ax0, v_ax1, v_ax2, v_ax3, v_ax4])
                T.writes(T_relu[v_ax0, v_ax1, v_ax2, v_ax3, v_ax4])
                T_relu[v_ax0, v_ax1, v_ax2, v_ax3, v_ax4] = T.max(T_add[v_ax0, v_ax1, v_ax2, v_ax3, v_ax4], T.float32(0))
2024-05-20 13:16:49 [INFO] [task_scheduler.cc:164] Total 3 design space(s) generated
2024-05-20 13:16:49 [INFO] [task_scheduler.cc:170] Design space #0:
# from tvm.script import ir as I
# from tvm.script import tir as T

@I.ir_module
class Module:
    @T.prim_func
    def main(p0: T.Buffer((T.int64(1), T.int64(64), T.int64(2), T.int64(2), T.int64(8)), "float32"), p1: T.Buffer((T.int64(16), T.int64(64), T.int64(1), T.int64(1), T.int64(8), T.int64(8)), "float32"), p2: T.Buffer((T.int64(1), T.int64(16), T.int64(1), T.int64(1), T.int64(8)), "float32"), T_relu: T.Buffer((T.int64(1), T.int64(16), T.int64(2), T.int64(2), T.int64(8)), "float32")):
        T.func_attr({"tir.noalias": T.bool(True)})
        with T.block("root"):
            T.reads()
            T.writes()
            T.block_attr({"meta_schedule.parallel": 96, "meta_schedule.unroll_explicit": 16, "meta_schedule.vectorize": 64})
            conv2d_NCHWc = T.alloc_buffer((T.int64(1), T.int64(16), T.int64(2), T.int64(2), T.int64(8)))
            for n_0, oc_chunk_0, oh_0, ow_0, oc_block_0, n_1, oc_chunk_1, oh_1, ow_1, oc_block_1, ic_0, kh_0, kw_0, n_2, oc_chunk_2, oh_2, ow_2, oc_block_2, ic_1, kh_1, kw_1, n_3, oc_chunk_3, oh_3, ow_3, oc_block_3 in T.grid(T.int64(1), T.int64(1), T.int64(1), T.int64(1), T.int64(4), T.int64(1), T.int64(4), T.int64(1), T.int64(1), T.int64(2), T.int64(16), T.int64(1), T.int64(1), T.int64(1), T.int64(1), T.int64(2), T.int64(2), T.int64(1), T.int64(32), T.int64(1), T.int64(1), T.int64(1), T.int64(4), T.int64(1), T.int64(1), T.int64(1)):
                with T.block("conv2d_NCHWc"):
                    v_n = T.axis.spatial(T.int64(1), n_0 + n_1 + n_2 + n_3)
                    v_oc_chunk = T.axis.spatial(T.int64(16), oc_chunk_0 * T.int64(16) + oc_chunk_1 * T.int64(4) + oc_chunk_2 * T.int64(4) + oc_chunk_3)
                    v_oh = T.axis.spatial(T.int64(2), oh_0 * T.int64(2) + oh_1 * T.int64(2) + oh_2 + oh_3)
                    v_ow = T.axis.spatial(T.int64(2), ow_0 * T.int64(2) + ow_1 * T.int64(2) + ow_2 + ow_3)
                    v_oc_block = T.axis.spatial(T.int64(8), oc_block_0 * T.int64(2) + oc_block_1 + oc_block_2 + oc_block_3)
                    v_ic = T.axis.reduce(T.int64(512), ic_0 * T.int64(32) + ic_1)
                    v_kh = T.axis.reduce(T.int64(1), kh_0 + kh_1)
                    v_kw = T.axis.reduce(T.int64(1), kw_0 + kw_1)
                    T.reads(p0[v_n, v_ic // T.int64(8), v_oh + v_kh, v_ow + v_kw, v_ic % T.int64(8)], p1[v_oc_chunk, v_ic // T.int64(8), v_kh, v_kw, v_ic % T.int64(8), v_oc_block])
                    T.writes(conv2d_NCHWc[v_n, v_oc_chunk, v_oh, v_ow, v_oc_block])
                    T.block_attr({"meta_schedule.tiling_structure": "SSRSRS"})
                    with T.init():
                        conv2d_NCHWc[v_n, v_oc_chunk, v_oh, v_ow, v_oc_block] = T.float32(0)
                    conv2d_NCHWc[v_n, v_oc_chunk, v_oh, v_ow, v_oc_block] = conv2d_NCHWc[v_n, v_oc_chunk, v_oh, v_ow, v_oc_block] + p0[v_n, v_ic // T.int64(8), v_oh + v_kh, v_ow + v_kw, v_ic % T.int64(8)] * p1[v_oc_chunk, v_ic // T.int64(8), v_kh, v_kw, v_ic % T.int64(8), v_oc_block]
            for ax0, ax1, ax2, ax3, ax4 in T.grid(T.int64(1), T.int64(16), T.int64(2), T.int64(2), T.int64(8)):
                with T.block("T_relu"):
                    v_ax0, v_ax1, v_ax2, v_ax3, v_ax4 = T.axis.remap("SSSSS", [ax0, ax1, ax2, ax3, ax4])
                    T.reads(conv2d_NCHWc[v_ax0, v_ax1, v_ax2, v_ax3, v_ax4], p2[v_ax0, v_ax1, T.int64(0), T.int64(0), v_ax4])
                    T.writes(T_relu[v_ax0, v_ax1, v_ax2, v_ax3, v_ax4])
                    T_relu[v_ax0, v_ax1, v_ax2, v_ax3, v_ax4] = T.max(conv2d_NCHWc[v_ax0, v_ax1, v_ax2, v_ax3, v_ax4] + p2[v_ax0, v_ax1, T.int64(0), T.int64(0), v_ax4], T.float32(0))
b0 = sch.get_block(name="conv2d_NCHWc", func_name="main")
b1 = sch.get_block(name="T_add", func_name="main")
b2 = sch.get_block(name="root", func_name="main")
sch.compute_inline(block=b1)
sch.annotate(block_or_loop=b0, ann_key="meta_schedule.tiling_structure", ann_val="SSRSRS")
l3, l4, l5, l6, l7, l8, l9, l10 = sch.get_loops(block=b0)
v11, v12, v13, v14 = sch.sample_perfect_tile(loop=l3, n=4, max_innermost_factor=64, decision=[1, 1, 1, 1])
l15, l16, l17, l18 = sch.split(loop=l3, factors=[v11, v12, v13, v14], preserve_unit_iters=True, disable_predication=False)
v19, v20, v21, v22 = sch.sample_perfect_tile(loop=l4, n=4, max_innermost_factor=64, decision=[1, 4, 1, 4])
l23, l24, l25, l26 = sch.split(loop=l4, factors=[v19, v20, v21, v22], preserve_unit_iters=True, disable_predication=False)
v27, v28, v29, v30 = sch.sample_perfect_tile(loop=l5, n=4, max_innermost_factor=64, decision=[1, 1, 2, 1])
l31, l32, l33, l34 = sch.split(loop=l5, factors=[v27, v28, v29, v30], preserve_unit_iters=True, disable_predication=False)
v35, v36, v37, v38 = sch.sample_perfect_tile(loop=l6, n=4, max_innermost_factor=64, decision=[1, 1, 2, 1])
l39, l40, l41, l42 = sch.split(loop=l6, factors=[v35, v36, v37, v38], preserve_unit_iters=True, disable_predication=False)
v43, v44, v45, v46 = sch.sample_perfect_tile(loop=l7, n=4, max_innermost_factor=64, decision=[4, 2, 1, 1])
l47, l48, l49, l50 = sch.split(loop=l7, factors=[v43, v44, v45, v46], preserve_unit_iters=True, disable_predication=False)
v51, v52 = sch.sample_perfect_tile(loop=l8, n=2, max_innermost_factor=64, decision=[16, 32])
l53, l54 = sch.split(loop=l8, factors=[v51, v52], preserve_unit_iters=True, disable_predication=False)
v55, v56 = sch.sample_perfect_tile(loop=l9, n=2, max_innermost_factor=64, decision=[1, 1])
l57, l58 = sch.split(loop=l9, factors=[v55, v56], preserve_unit_iters=True, disable_predication=False)
v59, v60 = sch.sample_perfect_tile(loop=l10, n=2, max_innermost_factor=64, decision=[1, 1])
l61, l62 = sch.split(loop=l10, factors=[v59, v60], preserve_unit_iters=True, disable_predication=False)
sch.reorder(l15, l23, l31, l39, l47, l16, l24, l32, l40, l48, l53, l57, l61, l17, l25, l33, l41, l49, l54, l58, l62, l18, l26, l34, l42, l50)
sch.annotate(block_or_loop=b2, ann_key="meta_schedule.parallel", ann_val=96)
sch.annotate(block_or_loop=b2, ann_key="meta_schedule.vectorize", ann_val=64)
v63 = sch.sample_categorical(candidates=[0, 16, 64, 512], probs=[0.25, 0.25, 0.25, 0.25], decision=1)
sch.annotate(block_or_loop=b2, ann_key="meta_schedule.unroll_explicit", ann_val=v63)
2024-05-20 13:16:49 [INFO] [task_scheduler.cc:170] Design space #1:
# from tvm.script import ir as I
# from tvm.script import tir as T

@I.ir_module
class Module:
    @T.prim_func
    def main(p0: T.Buffer((T.int64(1), T.int64(64), T.int64(2), T.int64(2), T.int64(8)), "float32"), p1: T.Buffer((T.int64(16), T.int64(64), T.int64(1), T.int64(1), T.int64(8), T.int64(8)), "float32"), p2: T.Buffer((T.int64(1), T.int64(16), T.int64(1), T.int64(1), T.int64(8)), "float32"), T_relu: T.Buffer((T.int64(1), T.int64(16), T.int64(2), T.int64(2), T.int64(8)), "float32")):
        T.func_attr({"tir.noalias": T.bool(True)})
        with T.block("root"):
            T.reads()
            T.writes()
            T.block_attr({"meta_schedule.parallel": 96, "meta_schedule.unroll_explicit": 512, "meta_schedule.vectorize": 64})
            conv2d_NCHWc = T.alloc_buffer((T.int64(1), T.int64(16), T.int64(2), T.int64(2), T.int64(8)))
            for n_0, oc_chunk_0, oh_0, ow_0, oc_block_0, n_1, oc_chunk_1, oh_1, ow_1, oc_block_1 in T.grid(T.int64(1), T.int64(1), T.int64(1), T.int64(1), T.int64(4), T.int64(1), T.int64(4), T.int64(1), T.int64(1), T.int64(2)):
                for ic_0, kh_0, kw_0, n_2, oc_chunk_2, oh_2, ow_2, oc_block_2, ic_1, kh_1, kw_1, n_3, oc_chunk_3, oh_3, ow_3, oc_block_3 in T.grid(T.int64(16), T.int64(1), T.int64(1), T.int64(1), T.int64(1), T.int64(2), T.int64(2), T.int64(1), T.int64(32), T.int64(1), T.int64(1), T.int64(1), T.int64(4), T.int64(1), T.int64(1), T.int64(1)):
                    with T.block("conv2d_NCHWc"):
                        v_n = T.axis.spatial(T.int64(1), n_0 + n_1 + n_2 + n_3)
                        v_oc_chunk = T.axis.spatial(T.int64(16), oc_chunk_0 * T.int64(16) + oc_chunk_1 * T.int64(4) + oc_chunk_2 * T.int64(4) + oc_chunk_3)
                        v_oh = T.axis.spatial(T.int64(2), oh_0 * T.int64(2) + oh_1 * T.int64(2) + oh_2 + oh_3)
                        v_ow = T.axis.spatial(T.int64(2), ow_0 * T.int64(2) + ow_1 * T.int64(2) + ow_2 + ow_3)
                        v_oc_block = T.axis.spatial(T.int64(8), oc_block_0 * T.int64(2) + oc_block_1 + oc_block_2 + oc_block_3)
                        v_ic = T.axis.reduce(T.int64(512), ic_0 * T.int64(32) + ic_1)
                        v_kh = T.axis.reduce(T.int64(1), kh_0 + kh_1)
                        v_kw = T.axis.reduce(T.int64(1), kw_0 + kw_1)
                        T.reads(p0[v_n, v_ic // T.int64(8), v_oh + v_kh, v_ow + v_kw, v_ic % T.int64(8)], p1[v_oc_chunk, v_ic // T.int64(8), v_kh, v_kw, v_ic % T.int64(8), v_oc_block])
                        T.writes(conv2d_NCHWc[v_n, v_oc_chunk, v_oh, v_ow, v_oc_block])
                        T.block_attr({"meta_schedule.tiling_structure": "SSRSRS"})
                        with T.init():
                            conv2d_NCHWc[v_n, v_oc_chunk, v_oh, v_ow, v_oc_block] = T.float32(0)
                        conv2d_NCHWc[v_n, v_oc_chunk, v_oh, v_ow, v_oc_block] = conv2d_NCHWc[v_n, v_oc_chunk, v_oh, v_ow, v_oc_block] + p0[v_n, v_ic // T.int64(8), v_oh + v_kh, v_ow + v_kw, v_ic % T.int64(8)] * p1[v_oc_chunk, v_ic // T.int64(8), v_kh, v_kw, v_ic % T.int64(8), v_oc_block]
                for ax0, ax1, ax2, ax3, ax4 in T.grid(T.int64(1), T.int64(4), T.int64(2), T.int64(2), T.int64(1)):
                    with T.block("T_relu"):
                        v_ax0 = T.axis.spatial(T.int64(1), ax0)
                        v_ax1 = T.axis.spatial(T.int64(16), oc_chunk_1 * T.int64(4) + ax1)
                        v_ax2, v_ax3 = T.axis.remap("SS", [ax2, ax3])
                        v_ax4 = T.axis.spatial(T.int64(8), oc_block_0 * T.int64(2) + oc_block_1 + ax4)
                        T.reads(conv2d_NCHWc[v_ax0, v_ax1, v_ax2, v_ax3, v_ax4], p2[v_ax0, v_ax1, T.int64(0), T.int64(0), v_ax4])
                        T.writes(T_relu[v_ax0, v_ax1, v_ax2, v_ax3, v_ax4])
                        T_relu[v_ax0, v_ax1, v_ax2, v_ax3, v_ax4] = T.max(conv2d_NCHWc[v_ax0, v_ax1, v_ax2, v_ax3, v_ax4] + p2[v_ax0, v_ax1, T.int64(0), T.int64(0), v_ax4], T.float32(0))
b0 = sch.get_block(name="conv2d_NCHWc", func_name="main")
b1 = sch.get_block(name="T_add", func_name="main")
b2 = sch.get_block(name="root", func_name="main")
sch.compute_inline(block=b1)
sch.annotate(block_or_loop=b0, ann_key="meta_schedule.tiling_structure", ann_val="SSRSRS")
l3, l4, l5, l6, l7, l8, l9, l10 = sch.get_loops(block=b0)
v11, v12, v13, v14 = sch.sample_perfect_tile(loop=l3, n=4, max_innermost_factor=64, decision=[1, 1, 1, 1])
l15, l16, l17, l18 = sch.split(loop=l3, factors=[v11, v12, v13, v14], preserve_unit_iters=True, disable_predication=False)
v19, v20, v21, v22 = sch.sample_perfect_tile(loop=l4, n=4, max_innermost_factor=64, decision=[1, 4, 1, 4])
l23, l24, l25, l26 = sch.split(loop=l4, factors=[v19, v20, v21, v22], preserve_unit_iters=True, disable_predication=False)
v27, v28, v29, v30 = sch.sample_perfect_tile(loop=l5, n=4, max_innermost_factor=64, decision=[1, 1, 2, 1])
l31, l32, l33, l34 = sch.split(loop=l5, factors=[v27, v28, v29, v30], preserve_unit_iters=True, disable_predication=False)
v35, v36, v37, v38 = sch.sample_perfect_tile(loop=l6, n=4, max_innermost_factor=64, decision=[1, 1, 2, 1])
l39, l40, l41, l42 = sch.split(loop=l6, factors=[v35, v36, v37, v38], preserve_unit_iters=True, disable_predication=False)
v43, v44, v45, v46 = sch.sample_perfect_tile(loop=l7, n=4, max_innermost_factor=64, decision=[4, 2, 1, 1])
l47, l48, l49, l50 = sch.split(loop=l7, factors=[v43, v44, v45, v46], preserve_unit_iters=True, disable_predication=False)
v51, v52 = sch.sample_perfect_tile(loop=l8, n=2, max_innermost_factor=64, decision=[16, 32])
l53, l54 = sch.split(loop=l8, factors=[v51, v52], preserve_unit_iters=True, disable_predication=False)
v55, v56 = sch.sample_perfect_tile(loop=l9, n=2, max_innermost_factor=64, decision=[1, 1])
l57, l58 = sch.split(loop=l9, factors=[v55, v56], preserve_unit_iters=True, disable_predication=False)
v59, v60 = sch.sample_perfect_tile(loop=l10, n=2, max_innermost_factor=64, decision=[1, 1])
l61, l62 = sch.split(loop=l10, factors=[v59, v60], preserve_unit_iters=True, disable_predication=False)
sch.reorder(l15, l23, l31, l39, l47, l16, l24, l32, l40, l48, l53, l57, l61, l17, l25, l33, l41, l49, l54, l58, l62, l18, l26, l34, l42, l50)
b63, = sch.get_consumers(block=b0)
sch.reverse_compute_at(block=b63, loop=l48, preserve_unit_loops=True, index=-1)
sch.annotate(block_or_loop=b2, ann_key="meta_schedule.parallel", ann_val=96)
sch.annotate(block_or_loop=b2, ann_key="meta_schedule.vectorize", ann_val=64)
v64 = sch.sample_categorical(candidates=[0, 16, 64, 512], probs=[0.25, 0.25, 0.25, 0.25], decision=3)
sch.annotate(block_or_loop=b2, ann_key="meta_schedule.unroll_explicit", ann_val=v64)
2024-05-20 13:16:49 [INFO] [task_scheduler.cc:170] Design space #2:
# from tvm.script import ir as I
# from tvm.script import tir as T

@I.ir_module
class Module:
    @T.prim_func
    def main(p0: T.Buffer((T.int64(1), T.int64(64), T.int64(2), T.int64(2), T.int64(8)), "float32"), p1: T.Buffer((T.int64(16), T.int64(64), T.int64(1), T.int64(1), T.int64(8), T.int64(8)), "float32"), p2: T.Buffer((T.int64(1), T.int64(16), T.int64(1), T.int64(1), T.int64(8)), "float32"), T_relu: T.Buffer((T.int64(1), T.int64(16), T.int64(2), T.int64(2), T.int64(8)), "float32")):
        T.func_attr({"tir.noalias": T.bool(True)})
        with T.block("root"):
            T.reads()
            T.writes()
            T.block_attr({"meta_schedule.parallel": 96, "meta_schedule.unroll_explicit": 512, "meta_schedule.vectorize": 64})
            conv2d_NCHWc = T.alloc_buffer((T.int64(1), T.int64(16), T.int64(2), T.int64(2), T.int64(8)))
            for n_0, oc_chunk_0, oh_0, ow_0, oc_block_0 in T.grid(T.int64(1), T.int64(1), T.int64(1), T.int64(1), T.int64(4)):
                for n_1, oc_chunk_1, oh_1, ow_1, oc_block_1, ic_0, kh_0, kw_0, n_2, oc_chunk_2, oh_2, ow_2, oc_block_2, ic_1, kh_1, kw_1, n_3, oc_chunk_3, oh_3, ow_3, oc_block_3 in T.grid(T.int64(1), T.int64(4), T.int64(1), T.int64(1), T.int64(2), T.int64(16), T.int64(1), T.int64(1), T.int64(1), T.int64(1), T.int64(2), T.int64(2), T.int64(1), T.int64(32), T.int64(1), T.int64(1), T.int64(1), T.int64(4), T.int64(1), T.int64(1), T.int64(1)):
                    with T.block("conv2d_NCHWc"):
                        v_n = T.axis.spatial(T.int64(1), n_0 + n_1 + n_2 + n_3)
                        v_oc_chunk = T.axis.spatial(T.int64(16), oc_chunk_0 * T.int64(16) + oc_chunk_1 * T.int64(4) + oc_chunk_2 * T.int64(4) + oc_chunk_3)
                        v_oh = T.axis.spatial(T.int64(2), oh_0 * T.int64(2) + oh_1 * T.int64(2) + oh_2 + oh_3)
                        v_ow = T.axis.spatial(T.int64(2), ow_0 * T.int64(2) + ow_1 * T.int64(2) + ow_2 + ow_3)
                        v_oc_block = T.axis.spatial(T.int64(8), oc_block_0 * T.int64(2) + oc_block_1 + oc_block_2 + oc_block_3)
                        v_ic = T.axis.reduce(T.int64(512), ic_0 * T.int64(32) + ic_1)
                        v_kh = T.axis.reduce(T.int64(1), kh_0 + kh_1)
                        v_kw = T.axis.reduce(T.int64(1), kw_0 + kw_1)
                        T.reads(p0[v_n, v_ic // T.int64(8), v_oh + v_kh, v_ow + v_kw, v_ic % T.int64(8)], p1[v_oc_chunk, v_ic // T.int64(8), v_kh, v_kw, v_ic % T.int64(8), v_oc_block])
                        T.writes(conv2d_NCHWc[v_n, v_oc_chunk, v_oh, v_ow, v_oc_block])
                        T.block_attr({"meta_schedule.tiling_structure": "SSRSRS"})
                        with T.init():
                            conv2d_NCHWc[v_n, v_oc_chunk, v_oh, v_ow, v_oc_block] = T.float32(0)
                        conv2d_NCHWc[v_n, v_oc_chunk, v_oh, v_ow, v_oc_block] = conv2d_NCHWc[v_n, v_oc_chunk, v_oh, v_ow, v_oc_block] + p0[v_n, v_ic // T.int64(8), v_oh + v_kh, v_ow + v_kw, v_ic % T.int64(8)] * p1[v_oc_chunk, v_ic // T.int64(8), v_kh, v_kw, v_ic % T.int64(8), v_oc_block]
                for ax0, ax1, ax2, ax3, ax4 in T.grid(T.int64(1), T.int64(16), T.int64(2), T.int64(2), T.int64(2)):
                    with T.block("T_relu"):
                        v_ax0, v_ax1, v_ax2, v_ax3 = T.axis.remap("SSSS", [ax0, ax1, ax2, ax3])
                        v_ax4 = T.axis.spatial(T.int64(8), oc_block_0 * T.int64(2) + ax4)
                        T.reads(conv2d_NCHWc[v_ax0, v_ax1, v_ax2, v_ax3, v_ax4], p2[v_ax0, v_ax1, T.int64(0), T.int64(0), v_ax4])
                        T.writes(T_relu[v_ax0, v_ax1, v_ax2, v_ax3, v_ax4])
                        T_relu[v_ax0, v_ax1, v_ax2, v_ax3, v_ax4] = T.max(conv2d_NCHWc[v_ax0, v_ax1, v_ax2, v_ax3, v_ax4] + p2[v_ax0, v_ax1, T.int64(0), T.int64(0), v_ax4], T.float32(0))
b0 = sch.get_block(name="conv2d_NCHWc", func_name="main")
b1 = sch.get_block(name="T_add", func_name="main")
b2 = sch.get_block(name="root", func_name="main")
sch.compute_inline(block=b1)
sch.annotate(block_or_loop=b0, ann_key="meta_schedule.tiling_structure", ann_val="SSRSRS")
l3, l4, l5, l6, l7, l8, l9, l10 = sch.get_loops(block=b0)
v11, v12, v13, v14 = sch.sample_perfect_tile(loop=l3, n=4, max_innermost_factor=64, decision=[1, 1, 1, 1])
l15, l16, l17, l18 = sch.split(loop=l3, factors=[v11, v12, v13, v14], preserve_unit_iters=True, disable_predication=False)
v19, v20, v21, v22 = sch.sample_perfect_tile(loop=l4, n=4, max_innermost_factor=64, decision=[1, 4, 1, 4])
l23, l24, l25, l26 = sch.split(loop=l4, factors=[v19, v20, v21, v22], preserve_unit_iters=True, disable_predication=False)
v27, v28, v29, v30 = sch.sample_perfect_tile(loop=l5, n=4, max_innermost_factor=64, decision=[1, 1, 2, 1])
l31, l32, l33, l34 = sch.split(loop=l5, factors=[v27, v28, v29, v30], preserve_unit_iters=True, disable_predication=False)
v35, v36, v37, v38 = sch.sample_perfect_tile(loop=l6, n=4, max_innermost_factor=64, decision=[1, 1, 2, 1])
l39, l40, l41, l42 = sch.split(loop=l6, factors=[v35, v36, v37, v38], preserve_unit_iters=True, disable_predication=False)
v43, v44, v45, v46 = sch.sample_perfect_tile(loop=l7, n=4, max_innermost_factor=64, decision=[4, 2, 1, 1])
l47, l48, l49, l50 = sch.split(loop=l7, factors=[v43, v44, v45, v46], preserve_unit_iters=True, disable_predication=False)
v51, v52 = sch.sample_perfect_tile(loop=l8, n=2, max_innermost_factor=64, decision=[16, 32])
l53, l54 = sch.split(loop=l8, factors=[v51, v52], preserve_unit_iters=True, disable_predication=False)
v55, v56 = sch.sample_perfect_tile(loop=l9, n=2, max_innermost_factor=64, decision=[1, 1])
l57, l58 = sch.split(loop=l9, factors=[v55, v56], preserve_unit_iters=True, disable_predication=False)
v59, v60 = sch.sample_perfect_tile(loop=l10, n=2, max_innermost_factor=64, decision=[1, 1])
l61, l62 = sch.split(loop=l10, factors=[v59, v60], preserve_unit_iters=True, disable_predication=False)
sch.reorder(l15, l23, l31, l39, l47, l16, l24, l32, l40, l48, l53, l57, l61, l17, l25, l33, l41, l49, l54, l58, l62, l18, l26, l34, l42, l50)
b63, = sch.get_consumers(block=b0)
sch.reverse_compute_at(block=b63, loop=l47, preserve_unit_loops=True, index=-1)
sch.annotate(block_or_loop=b2, ann_key="meta_schedule.parallel", ann_val=96)
sch.annotate(block_or_loop=b2, ann_key="meta_schedule.vectorize", ann_val=64)
v64 = sch.sample_categorical(candidates=[0, 16, 64, 512], probs=[0.25, 0.25, 0.25, 0.25], decision=3)
sch.annotate(block_or_loop=b2, ann_key="meta_schedule.unroll_explicit", ann_val=v64)
2024-05-20 14:16:56 [INFO] [evolutionary_search.cc:713] Generating candidates......
2024-05-20 14:16:56 [INFO] [evolutionary_search.cc:715] Picked top 0 candidate(s) from database
2024-05-20 14:16:57 [INFO] [evolutionary_search.cc:533] Sample-Init-Population summary:
Postproc #0 [meta_schedule.DisallowDynamicLoop(0x4c94e7b8)]: 0 failure(s)
Postproc #1 [meta_schedule.RewriteParallelVectorizeUnroll(0x4931b398)]: 0 failure(s)
Postproc #2 [meta_schedule.RewriteReductionBlock(0x4c0404b8)]: 0 failure(s)
Postproc #3 [meta_schedule.RewriteLayout(0x4ab93de8)]: 0 failure(s)
2024-05-20 14:16:57 [INFO] [evolutionary_search.cc:723] Sampled 512 candidate(s)
2024-05-20 14:16:58 [INFO] [evolutionary_search.cc:621] Evolve iter #0 done. Summary:
Postproc #0 [meta_schedule.DisallowDynamicLoop(0x4c94e7b8)]: 0 failure(s)
Postproc #1 [meta_schedule.RewriteParallelVectorizeUnroll(0x4931b398)]: 0 failure(s)
Postproc #2 [meta_schedule.RewriteReductionBlock(0x4c0404b8)]: 0 failure(s)
Postproc #3 [meta_schedule.RewriteLayout(0x4ab93de8)]: 0 failure(s)
2024-05-20 14:16:59 [INFO] [evolutionary_search.cc:621] Evolve iter #1 done. Summary:
Postproc #0 [meta_schedule.DisallowDynamicLoop(0x4c94e7b8)]: 0 failure(s)
Postproc #1 [meta_schedule.RewriteParallelVectorizeUnroll(0x4931b398)]: 0 failure(s)
Postproc #2 [meta_schedule.RewriteReductionBlock(0x4c0404b8)]: 0 failure(s)
Postproc #3 [meta_schedule.RewriteLayout(0x4ab93de8)]: 0 failure(s)
2024-05-20 14:17:00 [INFO] [evolutionary_search.cc:621] Evolve iter #2 done. Summary:
Postproc #0 [meta_schedule.DisallowDynamicLoop(0x4c94e7b8)]: 0 failure(s)
Postproc #1 [meta_schedule.RewriteParallelVectorizeUnroll(0x4931b398)]: 0 failure(s)
Postproc #2 [meta_schedule.RewriteReductionBlock(0x4c0404b8)]: 0 failure(s)
Postproc #3 [meta_schedule.RewriteLayout(0x4ab93de8)]: 0 failure(s)
2024-05-20 14:17:01 [INFO] [evolutionary_search.cc:621] Evolve iter #3 done. Summary:
Postproc #0 [meta_schedule.DisallowDynamicLoop(0x4c94e7b8)]: 0 failure(s)
Postproc #1 [meta_schedule.RewriteParallelVectorizeUnroll(0x4931b398)]: 0 failure(s)
Postproc #2 [meta_schedule.RewriteReductionBlock(0x4c0404b8)]: 0 failure(s)
Postproc #3 [meta_schedule.RewriteLayout(0x4ab93de8)]: 0 failure(s)
2024-05-20 14:17:01 [INFO] [evolutionary_search.cc:649] Scores of the best 64 candidates:
[1 : 16]:	0.9996  0.9993  0.9986  0.9979  0.9978  0.9977  0.9975  0.9974  0.9968  0.9964  0.9961  0.9959  0.9957  0.9951  0.9948  0.9940
[17 : 32]:	0.9939  0.9924  0.9916  0.9913  0.9908  0.9901  0.9892  0.9886  0.9881  0.9870  0.9869  0.9868  0.9864  0.9855  0.9845  0.9843
[33 : 48]:	0.9841  0.9840  0.9830  0.9826  0.9819  0.9818  0.9813  0.9804  0.9801  0.9783  0.9782  0.9773  0.9772  0.9769  0.9766  0.9763
[49 : 64]:	0.9750  0.9730  0.9716  0.9714  0.9699  0.9697  0.9690  0.9687  0.9685  0.9685  0.9680  0.9674  0.9673  0.9672  0.9669  0.9658
2024-05-20 14:17:01 [INFO] [evolutionary_search.cc:727] Got 64 candidate(s) with evolutionary search
2024-05-20 14:17:01 [INFO] [evolutionary_search.cc:730] Sending 62 candidates(s) for measurement
2024-05-20 15:31:16 [INFO] [task_scheduler.cc:131] [Task #32: fused_nn_contrib_conv2d_NCHWc_add_nn_relu_31] Trial #1: GFLOPs: 38.4386. Time: 13.6663 us. Best GFLOPs: 38.4386
2024-05-20 15:31:16 [INFO] [task_scheduler.cc:131] [Task #32: fused_nn_contrib_conv2d_NCHWc_add_nn_relu_31] Trial #2: GFLOPs: 19.9176. Time: 26.3743 us. Best GFLOPs: 38.4386
2024-05-20 15:31:16 [INFO] [task_scheduler.cc:131] [Task #32: fused_nn_contrib_conv2d_NCHWc_add_nn_relu_31] Trial #3: GFLOPs: 20.2664. Time: 25.9203 us. Best GFLOPs: 38.4386
2024-05-20 15:31:16 [INFO] [task_scheduler.cc:131] [Task #32: fused_nn_contrib_conv2d_NCHWc_add_nn_relu_31] Trial #4: GFLOPs: 15.6272. Time: 33.6152 us. Best GFLOPs: 38.4386
2024-05-20 15:31:16 [INFO] [task_scheduler.cc:131] [Task #32: fused_nn_contrib_conv2d_NCHWc_add_nn_relu_31] Trial #5: GFLOPs: 11.8938. Time: 44.1670 us. Best GFLOPs: 38.4386
2024-05-20 15:31:16 [INFO] [task_scheduler.cc:131] [Task #32: fused_nn_contrib_conv2d_NCHWc_add_nn_relu_31] Trial #6: GFLOPs: 8.5040. Time: 61.7725 us. Best GFLOPs: 38.4386
2024-05-20 15:31:16 [INFO] [task_scheduler.cc:131] [Task #32: fused_nn_contrib_conv2d_NCHWc_add_nn_relu_31] Trial #7: GFLOPs: 25.1691. Time: 20.8713 us. Best GFLOPs: 38.4386
2024-05-20 15:31:16 [INFO] [task_scheduler.cc:131] [Task #32: fused_nn_contrib_conv2d_NCHWc_add_nn_relu_31] Trial #8: GFLOPs: 24.5544. Time: 21.3938 us. Best GFLOPs: 38.4386
2024-05-20 15:31:16 [INFO] [task_scheduler.cc:131] [Task #32: fused_nn_contrib_conv2d_NCHWc_add_nn_relu_31] Trial #9: GFLOPs: 15.7792. Time: 33.2915 us. Best GFLOPs: 38.4386
2024-05-20 15:31:16 [INFO] [task_scheduler.cc:131] [Task #32: fused_nn_contrib_conv2d_NCHWc_add_nn_relu_31] Trial #10: GFLOPs: 33.1833. Time: 15.8306 us. Best GFLOPs: 38.4386
2024-05-20 15:31:16 [INFO] [task_scheduler.cc:131] [Task #32: fused_nn_contrib_conv2d_NCHWc_add_nn_relu_31] Trial #11: GFLOPs: 20.2932. Time: 25.8862 us. Best GFLOPs: 38.4386
2024-05-20 15:31:16 [INFO] [task_scheduler.cc:131] [Task #32: fused_nn_contrib_conv2d_NCHWc_add_nn_relu_31] Trial #12: GFLOPs: 12.7485. Time: 41.2059 us. Best GFLOPs: 38.4386
2024-05-20 15:31:16 [INFO] [task_scheduler.cc:131] [Task #32: fused_nn_contrib_conv2d_NCHWc_add_nn_relu_31] Trial #13: GFLOPs: 12.5435. Time: 41.8791 us. Best GFLOPs: 38.4386
2024-05-20 15:31:16 [INFO] [task_scheduler.cc:131] [Task #32: fused_nn_contrib_conv2d_NCHWc_add_nn_relu_31] Trial #14: GFLOPs: 30.1533. Time: 17.4214 us. Best GFLOPs: 38.4386
2024-05-20 15:31:16 [INFO] [task_scheduler.cc:131] [Task #32: fused_nn_contrib_conv2d_NCHWc_add_nn_relu_31] Trial #15: GFLOPs: 6.2404. Time: 84.1794 us. Best GFLOPs: 38.4386
2024-05-20 15:31:16 [INFO] [task_scheduler.cc:131] [Task #32: fused_nn_contrib_conv2d_NCHWc_add_nn_relu_31] Trial #16: GFLOPs: 21.1757. Time: 24.8073 us. Best GFLOPs: 38.4386
2024-05-20 15:31:16 [INFO] [task_scheduler.cc:131] [Task #32: fused_nn_contrib_conv2d_NCHWc_add_nn_relu_31] Trial #17: GFLOPs: 42.9892. Time: 12.2196 us. Best GFLOPs: 42.9892
2024-05-20 15:31:16 [INFO] [task_scheduler.cc:131] [Task #32: fused_nn_contrib_conv2d_NCHWc_add_nn_relu_31] Trial #18: GFLOPs: 0.9794. Time: 536.3858 us. Best GFLOPs: 42.9892
2024-05-20 15:31:16 [INFO] [task_scheduler.cc:131] [Task #32: fused_nn_contrib_conv2d_NCHWc_add_nn_relu_31] Trial #19: GFLOPs: 16.8807. Time: 31.1191 us. Best GFLOPs: 42.9892
2024-05-20 15:31:16 [INFO] [task_scheduler.cc:131] [Task #32: fused_nn_contrib_conv2d_NCHWc_add_nn_relu_31] Trial #20: GFLOPs: 8.6059. Time: 61.0411 us. Best GFLOPs: 42.9892
2024-05-20 15:31:16 [INFO] [task_scheduler.cc:131] [Task #32: fused_nn_contrib_conv2d_NCHWc_add_nn_relu_31] Trial #21: GFLOPs: 17.9000. Time: 29.3470 us. Best GFLOPs: 42.9892
2024-05-20 15:31:16 [INFO] [task_scheduler.cc:131] [Task #32: fused_nn_contrib_conv2d_NCHWc_add_nn_relu_31] Trial #22: GFLOPs: 51.6827. Time: 10.1642 us. Best GFLOPs: 51.6827
2024-05-20 15:31:16 [INFO] [task_scheduler.cc:131] [Task #32: fused_nn_contrib_conv2d_NCHWc_add_nn_relu_31] Trial #23: GFLOPs: 2.6313. Time: 199.6403 us. Best GFLOPs: 51.6827
2024-05-20 15:31:16 [INFO] [task_scheduler.cc:131] [Task #32: fused_nn_contrib_conv2d_NCHWc_add_nn_relu_31] Trial #24: GFLOPs: 13.3292. Time: 39.4106 us. Best GFLOPs: 51.6827
2024-05-20 15:31:16 [INFO] [task_scheduler.cc:131] [Task #32: fused_nn_contrib_conv2d_NCHWc_add_nn_relu_31] Trial #25: GFLOPs: 24.0152. Time: 21.8742 us. Best GFLOPs: 51.6827
2024-05-20 15:31:16 [INFO] [task_scheduler.cc:131] [Task #32: fused_nn_contrib_conv2d_NCHWc_add_nn_relu_31] Trial #26: GFLOPs: 30.8658. Time: 17.0192 us. Best GFLOPs: 51.6827
2024-05-20 15:31:16 [INFO] [task_scheduler.cc:131] [Task #32: fused_nn_contrib_conv2d_NCHWc_add_nn_relu_31] Trial #27: GFLOPs: 18.4645. Time: 28.4499 us. Best GFLOPs: 51.6827
2024-05-20 15:31:16 [INFO] [task_scheduler.cc:131] [Task #32: fused_nn_contrib_conv2d_NCHWc_add_nn_relu_31] Trial #28: GFLOPs: 37.6414. Time: 13.9557 us. Best GFLOPs: 51.6827
2024-05-20 15:31:16 [INFO] [task_scheduler.cc:131] [Task #32: fused_nn_contrib_conv2d_NCHWc_add_nn_relu_31] Trial #29: GFLOPs: 38.9258. Time: 13.4952 us. Best GFLOPs: 51.6827
2024-05-20 15:31:16 [INFO] [task_scheduler.cc:131] [Task #32: fused_nn_contrib_conv2d_NCHWc_add_nn_relu_31] Trial #30: GFLOPs: 7.7593. Time: 67.7009 us. Best GFLOPs: 51.6827
2024-05-20 15:31:16 [INFO] [task_scheduler.cc:131] [Task #32: fused_nn_contrib_conv2d_NCHWc_add_nn_relu_31] Trial #31: GFLOPs: 0.4267. Time: 1231.1953 us. Best GFLOPs: 51.6827
2024-05-20 15:31:16 [INFO] [task_scheduler.cc:131] [Task #32: fused_nn_contrib_conv2d_NCHWc_add_nn_relu_31] Trial #32: GFLOPs: 17.9306. Time: 29.2970 us. Best GFLOPs: 51.6827
2024-05-20 15:31:16 [INFO] [task_scheduler.cc:131] [Task #32: fused_nn_contrib_conv2d_NCHWc_add_nn_relu_31] Trial #33: GFLOPs: 8.9489. Time: 58.7013 us. Best GFLOPs: 51.6827
2024-05-20 15:31:16 [INFO] [task_scheduler.cc:131] [Task #32: fused_nn_contrib_conv2d_NCHWc_add_nn_relu_31] Trial #34: GFLOPs: 10.3636. Time: 50.6880 us. Best GFLOPs: 51.6827
2024-05-20 15:31:16 [INFO] [task_scheduler.cc:131] [Task #32: fused_nn_contrib_conv2d_NCHWc_add_nn_relu_31] Trial #35: GFLOPs: 22.1763. Time: 23.6879 us. Best GFLOPs: 51.6827
2024-05-20 15:31:16 [INFO] [task_scheduler.cc:131] [Task #32: fused_nn_contrib_conv2d_NCHWc_add_nn_relu_31] Trial #36: GFLOPs: 35.0798. Time: 14.9748 us. Best GFLOPs: 51.6827
2024-05-20 15:31:16 [INFO] [task_scheduler.cc:131] [Task #32: fused_nn_contrib_conv2d_NCHWc_add_nn_relu_31] Trial #37: GFLOPs: 14.1310. Time: 37.1745 us. Best GFLOPs: 51.6827
2024-05-20 15:31:16 [INFO] [task_scheduler.cc:131] [Task #32: fused_nn_contrib_conv2d_NCHWc_add_nn_relu_31] Trial #38: GFLOPs: 32.3455. Time: 16.2406 us. Best GFLOPs: 51.6827
2024-05-20 15:31:16 [INFO] [task_scheduler.cc:131] [Task #32: fused_nn_contrib_conv2d_NCHWc_add_nn_relu_31] Trial #39: GFLOPs: 20.4979. Time: 25.6275 us. Best GFLOPs: 51.6827
2024-05-20 15:31:16 [INFO] [task_scheduler.cc:131] [Task #32: fused_nn_contrib_conv2d_NCHWc_add_nn_relu_31] Trial #40: GFLOPs: 12.8122. Time: 41.0010 us. Best GFLOPs: 51.6827
2024-05-20 15:31:16 [INFO] [task_scheduler.cc:131] [Task #32: fused_nn_contrib_conv2d_NCHWc_add_nn_relu_31] Trial #41: GFLOPs: 19.8701. Time: 26.4374 us. Best GFLOPs: 51.6827
2024-05-20 15:31:16 [INFO] [task_scheduler.cc:131] [Task #32: fused_nn_contrib_conv2d_NCHWc_add_nn_relu_31] Trial #42: GFLOPs: 13.0191. Time: 40.3492 us. Best GFLOPs: 51.6827
2024-05-20 15:31:16 [INFO] [task_scheduler.cc:131] [Task #32: fused_nn_contrib_conv2d_NCHWc_add_nn_relu_31] Trial #43: GFLOPs: 22.9857. Time: 22.8539 us. Best GFLOPs: 51.6827
2024-05-20 15:31:16 [INFO] [task_scheduler.cc:131] [Task #32: fused_nn_contrib_conv2d_NCHWc_add_nn_relu_31] Trial #44: GFLOPs: 39.4214. Time: 13.3256 us. Best GFLOPs: 51.6827
2024-05-20 15:31:16 [INFO] [task_scheduler.cc:131] [Task #32: fused_nn_contrib_conv2d_NCHWc_add_nn_relu_31] Trial #45: GFLOPs: 86.4930. Time: 6.0735 us. Best GFLOPs: 86.4930
2024-05-20 15:31:16 [INFO] [task_scheduler.cc:131] [Task #32: fused_nn_contrib_conv2d_NCHWc_add_nn_relu_31] Trial #46: GFLOPs: 22.1468. Time: 23.7195 us. Best GFLOPs: 86.4930
2024-05-20 15:31:16 [INFO] [task_scheduler.cc:131] [Task #32: fused_nn_contrib_conv2d_NCHWc_add_nn_relu_31] Trial #47: GFLOPs: 36.6760. Time: 14.3231 us. Best GFLOPs: 86.4930
2024-05-20 15:31:16 [INFO] [task_scheduler.cc:131] [Task #32: fused_nn_contrib_conv2d_NCHWc_add_nn_relu_31] Trial #48: GFLOPs: 21.6147. Time: 24.3035 us. Best GFLOPs: 86.4930
2024-05-20 15:31:16 [INFO] [task_scheduler.cc:131] [Task #32: fused_nn_contrib_conv2d_NCHWc_add_nn_relu_31] Trial #49: GFLOPs: 17.3759. Time: 30.2322 us. Best GFLOPs: 86.4930
2024-05-20 15:31:16 [INFO] [task_scheduler.cc:131] [Task #32: fused_nn_contrib_conv2d_NCHWc_add_nn_relu_31] Trial #50: GFLOPs: 10.9135. Time: 48.1343 us. Best GFLOPs: 86.4930
2024-05-20 15:31:16 [INFO] [task_scheduler.cc:131] [Task #32: fused_nn_contrib_conv2d_NCHWc_add_nn_relu_31] Trial #51: GFLOPs: 10.4459. Time: 50.2888 us. Best GFLOPs: 86.4930
2024-05-20 15:31:16 [INFO] [task_scheduler.cc:131] [Task #32: fused_nn_contrib_conv2d_NCHWc_add_nn_relu_31] Trial #52: GFLOPs: 19.0864. Time: 27.5229 us. Best GFLOPs: 86.4930
2024-05-20 15:31:16 [INFO] [task_scheduler.cc:131] [Task #32: fused_nn_contrib_conv2d_NCHWc_add_nn_relu_31] Trial #53: GFLOPs: 12.8026. Time: 41.0318 us. Best GFLOPs: 86.4930
2024-05-20 15:31:16 [INFO] [task_scheduler.cc:131] [Task #32: fused_nn_contrib_conv2d_NCHWc_add_nn_relu_31] Trial #54: GFLOPs: 13.3286. Time: 39.4123 us. Best GFLOPs: 86.4930
2024-05-20 15:31:16 [INFO] [task_scheduler.cc:131] [Task #32: fused_nn_contrib_conv2d_NCHWc_add_nn_relu_31] Trial #55: GFLOPs: 25.7341. Time: 20.4131 us. Best GFLOPs: 86.4930
2024-05-20 15:31:16 [INFO] [task_scheduler.cc:131] [Task #32: fused_nn_contrib_conv2d_NCHWc_add_nn_relu_31] Trial #56: GFLOPs: 18.7942. Time: 27.9507 us. Best GFLOPs: 86.4930
2024-05-20 15:31:16 [INFO] [task_scheduler.cc:131] [Task #32: fused_nn_contrib_conv2d_NCHWc_add_nn_relu_31] Trial #57: GFLOPs: 15.5207. Time: 33.8458 us. Best GFLOPs: 86.4930
2024-05-20 15:31:16 [INFO] [task_scheduler.cc:131] [Task #32: fused_nn_contrib_conv2d_NCHWc_add_nn_relu_31] Trial #58: GFLOPs: 44.1338. Time: 11.9027 us. Best GFLOPs: 86.4930
2024-05-20 15:31:16 [INFO] [task_scheduler.cc:131] [Task #32: fused_nn_contrib_conv2d_NCHWc_add_nn_relu_31] Trial #59: GFLOPs: 20.5920. Time: 25.5105 us. Best GFLOPs: 86.4930
2024-05-20 15:31:16 [INFO] [task_scheduler.cc:131] [Task #32: fused_nn_contrib_conv2d_NCHWc_add_nn_relu_31] Trial #60: GFLOPs: 28.7968. Time: 18.2420 us. Best GFLOPs: 86.4930
2024-05-20 15:31:16 [INFO] [task_scheduler.cc:131] [Task #32: fused_nn_contrib_conv2d_NCHWc_add_nn_relu_31] Trial #61: GFLOPs: 19.9178. Time: 26.3740 us. Best GFLOPs: 86.4930
2024-05-20 15:31:16 [INFO] [task_scheduler.cc:131] [Task #32: fused_nn_contrib_conv2d_NCHWc_add_nn_relu_31] Trial #62: GFLOPs: 11.5808. Time: 45.3605 us. Best GFLOPs: 86.4930
2024-05-20 17:43:35 [INFO] [evolutionary_search.cc:713] Generating candidates......
2024-05-20 17:43:35 [INFO] [evolutionary_search.cc:715] Picked top 62 candidate(s) from database
2024-05-20 17:43:36 [INFO] [evolutionary_search.cc:533] Sample-Init-Population summary:
Postproc #0 [meta_schedule.DisallowDynamicLoop(0x4c94e7b8)]: 0 failure(s)
Postproc #1 [meta_schedule.RewriteParallelVectorizeUnroll(0x4931b398)]: 0 failure(s)
Postproc #2 [meta_schedule.RewriteReductionBlock(0x4c0404b8)]: 0 failure(s)
Postproc #3 [meta_schedule.RewriteLayout(0x4ab93de8)]: 0 failure(s)
2024-05-20 17:43:36 [INFO] [evolutionary_search.cc:723] Sampled 450 candidate(s)
2024-05-20 17:43:39 [INFO] [evolutionary_search.cc:621] Evolve iter #0 done. Summary:
Postproc #0 [meta_schedule.DisallowDynamicLoop(0x4c94e7b8)]: 0 failure(s)
Postproc #1 [meta_schedule.RewriteParallelVectorizeUnroll(0x4931b398)]: 0 failure(s)
Postproc #2 [meta_schedule.RewriteReductionBlock(0x4c0404b8)]: 0 failure(s)
Postproc #3 [meta_schedule.RewriteLayout(0x4ab93de8)]: 0 failure(s)
2024-05-20 17:43:41 [INFO] [evolutionary_search.cc:621] Evolve iter #1 done. Summary:
Postproc #0 [meta_schedule.DisallowDynamicLoop(0x4c94e7b8)]: 0 failure(s)
Postproc #1 [meta_schedule.RewriteParallelVectorizeUnroll(0x4931b398)]: 0 failure(s)
Postproc #2 [meta_schedule.RewriteReductionBlock(0x4c0404b8)]: 0 failure(s)
Postproc #3 [meta_schedule.RewriteLayout(0x4ab93de8)]: 0 failure(s)
2024-05-20 17:43:43 [INFO] [evolutionary_search.cc:621] Evolve iter #2 done. Summary:
Postproc #0 [meta_schedule.DisallowDynamicLoop(0x4c94e7b8)]: 0 failure(s)
Postproc #1 [meta_schedule.RewriteParallelVectorizeUnroll(0x4931b398)]: 0 failure(s)
Postproc #2 [meta_schedule.RewriteReductionBlock(0x4c0404b8)]: 0 failure(s)
Postproc #3 [meta_schedule.RewriteLayout(0x4ab93de8)]: 0 failure(s)
2024-05-20 17:43:45 [INFO] [evolutionary_search.cc:621] Evolve iter #3 done. Summary:
Postproc #0 [meta_schedule.DisallowDynamicLoop(0x4c94e7b8)]: 0 failure(s)
Postproc #1 [meta_schedule.RewriteParallelVectorizeUnroll(0x4931b398)]: 0 failure(s)
Postproc #2 [meta_schedule.RewriteReductionBlock(0x4c0404b8)]: 0 failure(s)
Postproc #3 [meta_schedule.RewriteLayout(0x4ab93de8)]: 0 failure(s)
2024-05-20 17:43:46 [INFO] [evolutionary_search.cc:649] Scores of the best 64 candidates:
[1 : 16]:	0.9383  0.9353  0.9353  0.9353  0.9164  0.9151  0.8995  0.8981  0.8978  0.8970  0.8892  0.8863  0.8783  0.8783  0.8748  0.8636
[17 : 32]:	0.8596  0.8556  0.8542  0.8521  0.8510  0.8493  0.8493  0.8483  0.8477  0.8464  0.8459  0.8374  0.8374  0.8374  0.8344  0.8344
[33 : 48]:	0.8343  0.8342  0.8338  0.8313  0.8313  0.8312  0.8297  0.8285  0.8284  0.8279  0.8244  0.8236  0.8230  0.8230  0.8201  0.8189
[49 : 64]:	0.8188  0.8156  0.8156  0.8154  0.8151  0.8134  0.8111  0.8072  0.8048  0.8046  0.8033  0.8018  0.7999  0.7960  0.7954  0.7954
2024-05-20 17:43:46 [INFO] [evolutionary_search.cc:727] Got 64 candidate(s) with evolutionary search
2024-05-20 17:43:46 [INFO] [evolutionary_search.cc:730] Sending 64 candidates(s) for measurement
2024-05-20 17:45:29 [INFO] [task_scheduler.cc:131] [Task #32: fused_nn_contrib_conv2d_NCHWc_add_nn_relu_31] Trial #63: GFLOPs: 42.7179. Time: 12.2972 us. Best GFLOPs: 86.4930
2024-05-20 17:45:29 [INFO] [task_scheduler.cc:131] [Task #32: fused_nn_contrib_conv2d_NCHWc_add_nn_relu_31] Trial #64: GFLOPs: 40.5492. Time: 12.9549 us. Best GFLOPs: 86.4930
2024-05-20 17:45:29 [INFO] [task_scheduler.cc:131] [Task #32: fused_nn_contrib_conv2d_NCHWc_add_nn_relu_31] Trial #65: GFLOPs: 64.6959. Time: 8.1197 us. Best GFLOPs: 86.4930
2024-05-20 17:45:29 [INFO] [task_scheduler.cc:131] [Task #32: fused_nn_contrib_conv2d_NCHWc_add_nn_relu_31] Trial #66: GFLOPs: 61.5812. Time: 8.5304 us. Best GFLOPs: 86.4930
2024-05-20 17:45:29 [INFO] [task_scheduler.cc:131] [Task #32: fused_nn_contrib_conv2d_NCHWc_add_nn_relu_31] Trial #67: GFLOPs: 75.2740. Time: 6.9787 us. Best GFLOPs: 86.4930
2024-05-20 17:45:29 [INFO] [task_scheduler.cc:131] [Task #32: fused_nn_contrib_conv2d_NCHWc_add_nn_relu_31] Trial #68: GFLOPs: 77.3085. Time: 6.7950 us. Best GFLOPs: 86.4930
2024-05-20 17:45:29 [INFO] [task_scheduler.cc:131] [Task #32: fused_nn_contrib_conv2d_NCHWc_add_nn_relu_31] Trial #69: GFLOPs: 71.0157. Time: 7.3971 us. Best GFLOPs: 86.4930
2024-05-20 17:45:29 [INFO] [task_scheduler.cc:131] [Task #32: fused_nn_contrib_conv2d_NCHWc_add_nn_relu_31] Trial #70: GFLOPs: 90.5998. Time: 5.7982 us. Best GFLOPs: 90.5998
2024-05-20 17:45:29 [INFO] [task_scheduler.cc:131] [Task #32: fused_nn_contrib_conv2d_NCHWc_add_nn_relu_31] Trial #71: GFLOPs: 77.3587. Time: 6.7906 us. Best GFLOPs: 90.5998
2024-05-20 17:45:29 [INFO] [task_scheduler.cc:131] [Task #32: fused_nn_contrib_conv2d_NCHWc_add_nn_relu_31] Trial #72: GFLOPs: 80.6288. Time: 6.5152 us. Best GFLOPs: 90.5998
2024-05-20 17:45:29 [INFO] [task_scheduler.cc:131] [Task #32: fused_nn_contrib_conv2d_NCHWc_add_nn_relu_31] Trial #73: GFLOPs: 80.5314. Time: 6.5231 us. Best GFLOPs: 90.5998
2024-05-20 17:45:29 [INFO] [task_scheduler.cc:131] [Task #32: fused_nn_contrib_conv2d_NCHWc_add_nn_relu_31] Trial #74: GFLOPs: 59.1259. Time: 8.8846 us. Best GFLOPs: 90.5998
2024-05-20 17:45:29 [INFO] [task_scheduler.cc:131] [Task #32: fused_nn_contrib_conv2d_NCHWc_add_nn_relu_31] Trial #75: GFLOPs: 42.8095. Time: 12.2709 us. Best GFLOPs: 90.5998
2024-05-20 17:45:29 [INFO] [task_scheduler.cc:131] [Task #32: fused_nn_contrib_conv2d_NCHWc_add_nn_relu_31] Trial #76: GFLOPs: 68.2733. Time: 7.6943 us. Best GFLOPs: 90.5998
2024-05-20 17:45:29 [INFO] [task_scheduler.cc:131] [Task #32: fused_nn_contrib_conv2d_NCHWc_add_nn_relu_31] Trial #77: GFLOPs: 63.6005. Time: 8.2596 us. Best GFLOPs: 90.5998
2024-05-20 17:45:29 [INFO] [task_scheduler.cc:131] [Task #32: fused_nn_contrib_conv2d_NCHWc_add_nn_relu_31] Trial #78: GFLOPs: 71.7315. Time: 7.3233 us. Best GFLOPs: 90.5998
2024-05-20 17:45:29 [INFO] [task_scheduler.cc:131] [Task #32: fused_nn_contrib_conv2d_NCHWc_add_nn_relu_31] Trial #79: GFLOPs: 69.9057. Time: 7.5146 us. Best GFLOPs: 90.5998
2024-05-20 17:45:29 [INFO] [task_scheduler.cc:131] [Task #32: fused_nn_contrib_conv2d_NCHWc_add_nn_relu_31] Trial #80: GFLOPs: 70.7525. Time: 7.4246 us. Best GFLOPs: 90.5998
2024-05-20 17:45:29 [INFO] [task_scheduler.cc:131] [Task #32: fused_nn_contrib_conv2d_NCHWc_add_nn_relu_31] Trial #81: GFLOPs: 71.0487. Time: 7.3937 us. Best GFLOPs: 90.5998
2024-05-20 17:45:29 [INFO] [task_scheduler.cc:131] [Task #32: fused_nn_contrib_conv2d_NCHWc_add_nn_relu_31] Trial #82: GFLOPs: 72.6479. Time: 7.2309 us. Best GFLOPs: 90.5998
2024-05-20 17:45:29 [INFO] [task_scheduler.cc:131] [Task #32: fused_nn_contrib_conv2d_NCHWc_add_nn_relu_31] Trial #83: GFLOPs: 65.6776. Time: 7.9983 us. Best GFLOPs: 90.5998
2024-05-20 17:45:29 [INFO] [task_scheduler.cc:131] [Task #32: fused_nn_contrib_conv2d_NCHWc_add_nn_relu_31] Trial #84: GFLOPs: 55.0398. Time: 9.5442 us. Best GFLOPs: 90.5998
2024-05-20 17:45:29 [INFO] [task_scheduler.cc:131] [Task #32: fused_nn_contrib_conv2d_NCHWc_add_nn_relu_31] Trial #85: GFLOPs: 64.6990. Time: 8.1193 us. Best GFLOPs: 90.5998
2024-05-20 17:45:29 [INFO] [task_scheduler.cc:131] [Task #32: fused_nn_contrib_conv2d_NCHWc_add_nn_relu_31] Trial #86: GFLOPs: 75.6964. Time: 6.9397 us. Best GFLOPs: 90.5998
2024-05-20 17:45:29 [INFO] [task_scheduler.cc:131] [Task #32: fused_nn_contrib_conv2d_NCHWc_add_nn_relu_31] Trial #87: GFLOPs: 69.4153. Time: 7.5677 us. Best GFLOPs: 90.5998
2024-05-20 17:45:29 [INFO] [task_scheduler.cc:131] [Task #32: fused_nn_contrib_conv2d_NCHWc_add_nn_relu_31] Trial #88: GFLOPs: 60.6444. Time: 8.6622 us. Best GFLOPs: 90.5998
2024-05-20 17:45:29 [INFO] [task_scheduler.cc:131] [Task #32: fused_nn_contrib_conv2d_NCHWc_add_nn_relu_31] Trial #89: GFLOPs: 68.3147. Time: 7.6896 us. Best GFLOPs: 90.5998
2024-05-20 17:45:29 [INFO] [task_scheduler.cc:131] [Task #32: fused_nn_contrib_conv2d_NCHWc_add_nn_relu_31] Trial #90: GFLOPs: 64.9374. Time: 8.0895 us. Best GFLOPs: 90.5998
2024-05-20 17:45:29 [INFO] [task_scheduler.cc:131] [Task #32: fused_nn_contrib_conv2d_NCHWc_add_nn_relu_31] Trial #91: GFLOPs: 67.0578. Time: 7.8337 us. Best GFLOPs: 90.5998
2024-05-20 17:45:29 [INFO] [task_scheduler.cc:131] [Task #32: fused_nn_contrib_conv2d_NCHWc_add_nn_relu_31] Trial #92: GFLOPs: 84.8762. Time: 6.1892 us. Best GFLOPs: 90.5998
2024-05-20 17:45:29 [INFO] [task_scheduler.cc:131] [Task #32: fused_nn_contrib_conv2d_NCHWc_add_nn_relu_31] Trial #93: GFLOPs: 85.0889. Time: 6.1737 us. Best GFLOPs: 90.5998
2024-05-20 17:45:29 [INFO] [task_scheduler.cc:131] [Task #32: fused_nn_contrib_conv2d_NCHWc_add_nn_relu_31] Trial #94: GFLOPs: 71.5177. Time: 7.3452 us. Best GFLOPs: 90.5998
2024-05-20 17:45:29 [INFO] [task_scheduler.cc:131] [Task #32: fused_nn_contrib_conv2d_NCHWc_add_nn_relu_31] Trial #95: GFLOPs: 60.5145. Time: 8.6808 us. Best GFLOPs: 90.5998
2024-05-20 17:45:29 [INFO] [task_scheduler.cc:131] [Task #32: fused_nn_contrib_conv2d_NCHWc_add_nn_relu_31] Trial #96: GFLOPs: 64.1597. Time: 8.1876 us. Best GFLOPs: 90.5998
2024-05-20 17:45:29 [INFO] [task_scheduler.cc:131] [Task #32: fused_nn_contrib_conv2d_NCHWc_add_nn_relu_31] Trial #97: GFLOPs: 72.0261. Time: 7.2934 us. Best GFLOPs: 90.5998
2024-05-20 17:45:29 [INFO] [task_scheduler.cc:131] [Task #32: fused_nn_contrib_conv2d_NCHWc_add_nn_relu_31] Trial #98: GFLOPs: 72.1852. Time: 7.2773 us. Best GFLOPs: 90.5998
2024-05-20 17:45:29 [INFO] [task_scheduler.cc:131] [Task #32: fused_nn_contrib_conv2d_NCHWc_add_nn_relu_31] Trial #99: GFLOPs: 72.5148. Time: 7.2442 us. Best GFLOPs: 90.5998
2024-05-20 17:45:29 [INFO] [task_scheduler.cc:131] [Task #32: fused_nn_contrib_conv2d_NCHWc_add_nn_relu_31] Trial #100: GFLOPs: 71.0153. Time: 7.3972 us. Best GFLOPs: 90.5998
2024-05-20 17:45:29 [INFO] [task_scheduler.cc:131] [Task #32: fused_nn_contrib_conv2d_NCHWc_add_nn_relu_31] Trial #101: GFLOPs: 73.7011. Time: 7.1276 us. Best GFLOPs: 90.5998
2024-05-20 17:45:29 [INFO] [task_scheduler.cc:131] [Task #32: fused_nn_contrib_conv2d_NCHWc_add_nn_relu_31] Trial #102: GFLOPs: 66.5403. Time: 7.8946 us. Best GFLOPs: 90.5998
2024-05-20 17:45:29 [INFO] [task_scheduler.cc:131] [Task #32: fused_nn_contrib_conv2d_NCHWc_add_nn_relu_31] Trial #103: GFLOPs: 55.7714. Time: 9.4190 us. Best GFLOPs: 90.5998
2024-05-20 17:45:29 [INFO] [task_scheduler.cc:131] [Task #32: fused_nn_contrib_conv2d_NCHWc_add_nn_relu_31] Trial #104: GFLOPs: 69.3517. Time: 7.5746 us. Best GFLOPs: 90.5998
2024-05-20 17:45:29 [INFO] [task_scheduler.cc:131] [Task #32: fused_nn_contrib_conv2d_NCHWc_add_nn_relu_31] Trial #105: GFLOPs: 63.6143. Time: 8.2578 us. Best GFLOPs: 90.5998
2024-05-20 17:45:29 [INFO] [task_scheduler.cc:131] [Task #32: fused_nn_contrib_conv2d_NCHWc_add_nn_relu_31] Trial #106: GFLOPs: 72.3964. Time: 7.2560 us. Best GFLOPs: 90.5998
2024-05-20 17:45:29 [INFO] [task_scheduler.cc:131] [Task #32: fused_nn_contrib_conv2d_NCHWc_add_nn_relu_31] Trial #107: GFLOPs: 60.7590. Time: 8.6458 us. Best GFLOPs: 90.5998
2024-05-20 17:45:29 [INFO] [task_scheduler.cc:131] [Task #32: fused_nn_contrib_conv2d_NCHWc_add_nn_relu_31] Trial #108: GFLOPs: 60.8265. Time: 8.6362 us. Best GFLOPs: 90.5998
2024-05-20 17:45:29 [INFO] [task_scheduler.cc:131] [Task #32: fused_nn_contrib_conv2d_NCHWc_add_nn_relu_31] Trial #109: GFLOPs: 83.3293. Time: 6.3041 us. Best GFLOPs: 90.5998
2024-05-20 17:45:29 [INFO] [task_scheduler.cc:131] [Task #32: fused_nn_contrib_conv2d_NCHWc_add_nn_relu_31] Trial #110: GFLOPs: 82.9904. Time: 6.3298 us. Best GFLOPs: 90.5998
2024-05-20 17:45:29 [INFO] [task_scheduler.cc:131] [Task #32: fused_nn_contrib_conv2d_NCHWc_add_nn_relu_31] Trial #111: GFLOPs: 85.6807. Time: 6.1310 us. Best GFLOPs: 90.5998
2024-05-20 17:45:29 [INFO] [task_scheduler.cc:131] [Task #32: fused_nn_contrib_conv2d_NCHWc_add_nn_relu_31] Trial #112: GFLOPs: 79.8295. Time: 6.5804 us. Best GFLOPs: 90.5998
2024-05-20 17:45:29 [INFO] [task_scheduler.cc:131] [Task #32: fused_nn_contrib_conv2d_NCHWc_add_nn_relu_31] Trial #113: GFLOPs: 77.5795. Time: 6.7713 us. Best GFLOPs: 90.5998
2024-05-20 17:45:29 [INFO] [task_scheduler.cc:131] [Task #32: fused_nn_contrib_conv2d_NCHWc_add_nn_relu_31] Trial #114: GFLOPs: 61.4876. Time: 8.5434 us. Best GFLOPs: 90.5998
2024-05-20 17:45:29 [INFO] [task_scheduler.cc:131] [Task #32: fused_nn_contrib_conv2d_NCHWc_add_nn_relu_31] Trial #115: GFLOPs: 73.3423. Time: 7.1625 us. Best GFLOPs: 90.5998
2024-05-20 17:45:29 [INFO] [task_scheduler.cc:131] [Task #32: fused_nn_contrib_conv2d_NCHWc_add_nn_relu_31] Trial #116: GFLOPs: 76.2837. Time: 6.8863 us. Best GFLOPs: 90.5998
2024-05-20 17:45:29 [INFO] [task_scheduler.cc:131] [Task #32: fused_nn_contrib_conv2d_NCHWc_add_nn_relu_31] Trial #117: GFLOPs: 72.2737. Time: 7.2684 us. Best GFLOPs: 90.5998
2024-05-20 17:45:29 [INFO] [task_scheduler.cc:131] [Task #32: fused_nn_contrib_conv2d_NCHWc_add_nn_relu_31] Trial #118: GFLOPs: 63.6756. Time: 8.2498 us. Best GFLOPs: 90.5998
2024-05-20 17:45:29 [INFO] [task_scheduler.cc:131] [Task #32: fused_nn_contrib_conv2d_NCHWc_add_nn_relu_31] Trial #119: GFLOPs: 67.6877. Time: 7.7608 us. Best GFLOPs: 90.5998
2024-05-20 17:45:29 [INFO] [task_scheduler.cc:131] [Task #32: fused_nn_contrib_conv2d_NCHWc_add_nn_relu_31] Trial #120: GFLOPs: 60.1853. Time: 8.7282 us. Best GFLOPs: 90.5998
2024-05-20 17:45:29 [INFO] [task_scheduler.cc:131] [Task #32: fused_nn_contrib_conv2d_NCHWc_add_nn_relu_31] Trial #121: GFLOPs: 70.9147. Time: 7.4077 us. Best GFLOPs: 90.5998
2024-05-20 17:45:29 [INFO] [task_scheduler.cc:131] [Task #32: fused_nn_contrib_conv2d_NCHWc_add_nn_relu_31] Trial #122: GFLOPs: 64.0153. Time: 8.2060 us. Best GFLOPs: 90.5998
2024-05-20 17:45:29 [INFO] [task_scheduler.cc:131] [Task #32: fused_nn_contrib_conv2d_NCHWc_add_nn_relu_31] Trial #123: GFLOPs: 64.5779. Time: 8.1345 us. Best GFLOPs: 90.5998
2024-05-20 17:45:29 [INFO] [task_scheduler.cc:131] [Task #32: fused_nn_contrib_conv2d_NCHWc_add_nn_relu_31] Trial #124: GFLOPs: 9.3139. Time: 56.4007 us. Best GFLOPs: 90.5998
2024-05-20 17:45:29 [INFO] [task_scheduler.cc:131] [Task #32: fused_nn_contrib_conv2d_NCHWc_add_nn_relu_31] Trial #125: GFLOPs: 10.2466. Time: 51.2670 us. Best GFLOPs: 90.5998
2024-05-20 17:45:29 [INFO] [task_scheduler.cc:131] [Task #32: fused_nn_contrib_conv2d_NCHWc_add_nn_relu_31] Trial #126: GFLOPs: 28.8697. Time: 18.1960 us. Best GFLOPs: 90.5998
