2024-05-19 13:28:35 [INFO] [task_scheduler.cc:160] Initializing Task #15: "fused_nn_contrib_conv2d_NCHWc_add_add_nn_relu_1"
2024-05-19 13:28:35 [INFO] [task_scheduler.cc:35] 
# from tvm.script import ir as I
# from tvm.script import tir as T

@I.ir_module
class Module:
    @T.prim_func
    def main(p0: T.Buffer((T.int64(1), T.int64(16), T.int64(4), T.int64(4), T.int64(8)), "float32"), p1: T.Buffer((T.int64(64), T.int64(16), T.int64(1), T.int64(1), T.int64(8), T.int64(8)), "float32"), p2: T.Buffer((T.int64(1), T.int64(64), T.int64(1), T.int64(1), T.int64(8)), "float32"), p3: T.Buffer((T.int64(1), T.int64(64), T.int64(4), T.int64(4), T.int64(8)), "float32"), T_relu: T.Buffer((T.int64(1), T.int64(64), T.int64(4), T.int64(4), T.int64(8)), "float32")):
        T.func_attr({"tir.noalias": T.bool(True)})
        # with T.block("root"):
        conv2d_NCHWc = T.alloc_buffer((T.int64(1), T.int64(64), T.int64(4), T.int64(4), T.int64(8)))
        T_add = T.alloc_buffer((T.int64(1), T.int64(64), T.int64(4), T.int64(4), T.int64(8)))
        T_add_1 = T.alloc_buffer((T.int64(1), T.int64(64), T.int64(4), T.int64(4), T.int64(8)))
        for n, oc_chunk, oh, ow, oc_block, ic, kh, kw in T.grid(T.int64(1), T.int64(64), T.int64(4), T.int64(4), T.int64(8), T.int64(128), T.int64(1), T.int64(1)):
            with T.block("conv2d_NCHWc"):
                v_n, v_oc_chunk, v_oh, v_ow, v_oc_block, v_ic, v_kh, v_kw = T.axis.remap("SSSSSRRR", [n, oc_chunk, oh, ow, oc_block, ic, kh, kw])
                T.reads(p0[v_n, v_ic // T.int64(8), v_oh + v_kh, v_ow + v_kw, v_ic % T.int64(8)], p1[v_oc_chunk, v_ic // T.int64(8), v_kh, v_kw, v_ic % T.int64(8), v_oc_block])
                T.writes(conv2d_NCHWc[v_n, v_oc_chunk, v_oh, v_ow, v_oc_block])
                with T.init():
                    conv2d_NCHWc[v_n, v_oc_chunk, v_oh, v_ow, v_oc_block] = T.float32(0)
                conv2d_NCHWc[v_n, v_oc_chunk, v_oh, v_ow, v_oc_block] = conv2d_NCHWc[v_n, v_oc_chunk, v_oh, v_ow, v_oc_block] + p0[v_n, v_ic // T.int64(8), v_oh + v_kh, v_ow + v_kw, v_ic % T.int64(8)] * p1[v_oc_chunk, v_ic // T.int64(8), v_kh, v_kw, v_ic % T.int64(8), v_oc_block]
        for ax0, ax1, ax2, ax3, ax4 in T.grid(T.int64(1), T.int64(64), T.int64(4), T.int64(4), T.int64(8)):
            with T.block("T_add"):
                v_ax0, v_ax1, v_ax2, v_ax3, v_ax4 = T.axis.remap("SSSSS", [ax0, ax1, ax2, ax3, ax4])
                T.reads(conv2d_NCHWc[v_ax0, v_ax1, v_ax2, v_ax3, v_ax4], p2[v_ax0, v_ax1, T.int64(0), T.int64(0), v_ax4])
                T.writes(T_add[v_ax0, v_ax1, v_ax2, v_ax3, v_ax4])
                T_add[v_ax0, v_ax1, v_ax2, v_ax3, v_ax4] = conv2d_NCHWc[v_ax0, v_ax1, v_ax2, v_ax3, v_ax4] + p2[v_ax0, v_ax1, T.int64(0), T.int64(0), v_ax4]
        for ax0, ax1, ax2, ax3, ax4 in T.grid(T.int64(1), T.int64(64), T.int64(4), T.int64(4), T.int64(8)):
            with T.block("T_add_1"):
                v_ax0, v_ax1, v_ax2, v_ax3, v_ax4 = T.axis.remap("SSSSS", [ax0, ax1, ax2, ax3, ax4])
                T.reads(T_add[v_ax0, v_ax1, v_ax2, v_ax3, v_ax4], p3[v_ax0, v_ax1, v_ax2, v_ax3, v_ax4])
                T.writes(T_add_1[v_ax0, v_ax1, v_ax2, v_ax3, v_ax4])
                T_add_1[v_ax0, v_ax1, v_ax2, v_ax3, v_ax4] = T_add[v_ax0, v_ax1, v_ax2, v_ax3, v_ax4] + p3[v_ax0, v_ax1, v_ax2, v_ax3, v_ax4]
        for ax0, ax1, ax2, ax3, ax4 in T.grid(T.int64(1), T.int64(64), T.int64(4), T.int64(4), T.int64(8)):
            with T.block("T_relu"):
                v_ax0, v_ax1, v_ax2, v_ax3, v_ax4 = T.axis.remap("SSSSS", [ax0, ax1, ax2, ax3, ax4])
                T.reads(T_add_1[v_ax0, v_ax1, v_ax2, v_ax3, v_ax4])
                T.writes(T_relu[v_ax0, v_ax1, v_ax2, v_ax3, v_ax4])
                T_relu[v_ax0, v_ax1, v_ax2, v_ax3, v_ax4] = T.max(T_add_1[v_ax0, v_ax1, v_ax2, v_ax3, v_ax4], T.float32(0))
2024-05-19 13:28:35 [INFO] [task_scheduler.cc:164] Total 3 design space(s) generated
2024-05-19 13:28:35 [INFO] [task_scheduler.cc:170] Design space #0:
# from tvm.script import ir as I
# from tvm.script import tir as T

@I.ir_module
class Module:
    @T.prim_func
    def main(p0: T.Buffer((T.int64(1), T.int64(16), T.int64(4), T.int64(4), T.int64(8)), "float32"), p1: T.Buffer((T.int64(64), T.int64(16), T.int64(1), T.int64(1), T.int64(8), T.int64(8)), "float32"), p2: T.Buffer((T.int64(1), T.int64(64), T.int64(1), T.int64(1), T.int64(8)), "float32"), p3: T.Buffer((T.int64(1), T.int64(64), T.int64(4), T.int64(4), T.int64(8)), "float32"), T_relu: T.Buffer((T.int64(1), T.int64(64), T.int64(4), T.int64(4), T.int64(8)), "float32")):
        T.func_attr({"tir.noalias": T.bool(True)})
        with T.block("root"):
            T.reads()
            T.writes()
            T.block_attr({"meta_schedule.parallel": 96, "meta_schedule.unroll_explicit": 16, "meta_schedule.vectorize": 64})
            conv2d_NCHWc = T.alloc_buffer((T.int64(1), T.int64(64), T.int64(4), T.int64(4), T.int64(8)))
            for n_0, oc_chunk_0, oh_0, ow_0, oc_block_0, n_1, oc_chunk_1, oh_1, ow_1, oc_block_1, ic_0, kh_0, kw_0, n_2, oc_chunk_2, oh_2, ow_2, oc_block_2, ic_1, kh_1, kw_1, n_3, oc_chunk_3, oh_3, ow_3, oc_block_3 in T.grid(T.int64(1), T.int64(32), T.int64(4), T.int64(2), T.int64(1), T.int64(1), T.int64(1), T.int64(1), T.int64(2), T.int64(2), T.int64(2), T.int64(1), T.int64(1), T.int64(1), T.int64(2), T.int64(1), T.int64(1), T.int64(2), T.int64(64), T.int64(1), T.int64(1), T.int64(1), T.int64(1), T.int64(1), T.int64(1), T.int64(2)):
                with T.block("conv2d_NCHWc"):
                    v_n = T.axis.spatial(T.int64(1), n_0 + n_1 + n_2 + n_3)
                    v_oc_chunk = T.axis.spatial(T.int64(64), oc_chunk_0 * T.int64(2) + oc_chunk_1 * T.int64(2) + oc_chunk_2 + oc_chunk_3)
                    v_oh = T.axis.spatial(T.int64(4), oh_0 + oh_1 + oh_2 + oh_3)
                    v_ow = T.axis.spatial(T.int64(4), ow_0 * T.int64(2) + ow_1 + ow_2 + ow_3)
                    v_oc_block = T.axis.spatial(T.int64(8), oc_block_0 * T.int64(8) + oc_block_1 * T.int64(4) + oc_block_2 * T.int64(2) + oc_block_3)
                    v_ic = T.axis.reduce(T.int64(128), ic_0 * T.int64(64) + ic_1)
                    v_kh = T.axis.reduce(T.int64(1), kh_0 + kh_1)
                    v_kw = T.axis.reduce(T.int64(1), kw_0 + kw_1)
                    T.reads(p0[v_n, v_ic // T.int64(8), v_oh + v_kh, v_ow + v_kw, v_ic % T.int64(8)], p1[v_oc_chunk, v_ic // T.int64(8), v_kh, v_kw, v_ic % T.int64(8), v_oc_block])
                    T.writes(conv2d_NCHWc[v_n, v_oc_chunk, v_oh, v_ow, v_oc_block])
                    T.block_attr({"meta_schedule.tiling_structure": "SSRSRS"})
                    with T.init():
                        conv2d_NCHWc[v_n, v_oc_chunk, v_oh, v_ow, v_oc_block] = T.float32(0)
                    conv2d_NCHWc[v_n, v_oc_chunk, v_oh, v_ow, v_oc_block] = conv2d_NCHWc[v_n, v_oc_chunk, v_oh, v_ow, v_oc_block] + p0[v_n, v_ic // T.int64(8), v_oh + v_kh, v_ow + v_kw, v_ic % T.int64(8)] * p1[v_oc_chunk, v_ic // T.int64(8), v_kh, v_kw, v_ic % T.int64(8), v_oc_block]
            for ax0, ax1, ax2, ax3, ax4 in T.grid(T.int64(1), T.int64(64), T.int64(4), T.int64(4), T.int64(8)):
                with T.block("T_relu"):
                    v_ax0, v_ax1, v_ax2, v_ax3, v_ax4 = T.axis.remap("SSSSS", [ax0, ax1, ax2, ax3, ax4])
                    T.reads(conv2d_NCHWc[v_ax0, v_ax1, v_ax2, v_ax3, v_ax4], p2[v_ax0, v_ax1, T.int64(0), T.int64(0), v_ax4], p3[v_ax0, v_ax1, v_ax2, v_ax3, v_ax4])
                    T.writes(T_relu[v_ax0, v_ax1, v_ax2, v_ax3, v_ax4])
                    T_relu[v_ax0, v_ax1, v_ax2, v_ax3, v_ax4] = T.max(conv2d_NCHWc[v_ax0, v_ax1, v_ax2, v_ax3, v_ax4] + p2[v_ax0, v_ax1, T.int64(0), T.int64(0), v_ax4] + p3[v_ax0, v_ax1, v_ax2, v_ax3, v_ax4], T.float32(0))
b0 = sch.get_block(name="conv2d_NCHWc", func_name="main")
b1 = sch.get_block(name="T_add", func_name="main")
b2 = sch.get_block(name="T_add_1", func_name="main")
b3 = sch.get_block(name="root", func_name="main")
sch.compute_inline(block=b2)
sch.compute_inline(block=b1)
sch.annotate(block_or_loop=b0, ann_key="meta_schedule.tiling_structure", ann_val="SSRSRS")
l4, l5, l6, l7, l8, l9, l10, l11 = sch.get_loops(block=b0)
v12, v13, v14, v15 = sch.sample_perfect_tile(loop=l4, n=4, max_innermost_factor=64, decision=[1, 1, 1, 1])
l16, l17, l18, l19 = sch.split(loop=l4, factors=[v12, v13, v14, v15], preserve_unit_iters=True, disable_predication=False)
v20, v21, v22, v23 = sch.sample_perfect_tile(loop=l5, n=4, max_innermost_factor=64, decision=[32, 1, 2, 1])
l24, l25, l26, l27 = sch.split(loop=l5, factors=[v20, v21, v22, v23], preserve_unit_iters=True, disable_predication=False)
v28, v29, v30, v31 = sch.sample_perfect_tile(loop=l6, n=4, max_innermost_factor=64, decision=[4, 1, 1, 1])
l32, l33, l34, l35 = sch.split(loop=l6, factors=[v28, v29, v30, v31], preserve_unit_iters=True, disable_predication=False)
v36, v37, v38, v39 = sch.sample_perfect_tile(loop=l7, n=4, max_innermost_factor=64, decision=[2, 2, 1, 1])
l40, l41, l42, l43 = sch.split(loop=l7, factors=[v36, v37, v38, v39], preserve_unit_iters=True, disable_predication=False)
v44, v45, v46, v47 = sch.sample_perfect_tile(loop=l8, n=4, max_innermost_factor=64, decision=[1, 2, 2, 2])
l48, l49, l50, l51 = sch.split(loop=l8, factors=[v44, v45, v46, v47], preserve_unit_iters=True, disable_predication=False)
v52, v53 = sch.sample_perfect_tile(loop=l9, n=2, max_innermost_factor=64, decision=[2, 64])
l54, l55 = sch.split(loop=l9, factors=[v52, v53], preserve_unit_iters=True, disable_predication=False)
v56, v57 = sch.sample_perfect_tile(loop=l10, n=2, max_innermost_factor=64, decision=[1, 1])
l58, l59 = sch.split(loop=l10, factors=[v56, v57], preserve_unit_iters=True, disable_predication=False)
v60, v61 = sch.sample_perfect_tile(loop=l11, n=2, max_innermost_factor=64, decision=[1, 1])
l62, l63 = sch.split(loop=l11, factors=[v60, v61], preserve_unit_iters=True, disable_predication=False)
sch.reorder(l16, l24, l32, l40, l48, l17, l25, l33, l41, l49, l54, l58, l62, l18, l26, l34, l42, l50, l55, l59, l63, l19, l27, l35, l43, l51)
sch.annotate(block_or_loop=b3, ann_key="meta_schedule.parallel", ann_val=96)
sch.annotate(block_or_loop=b3, ann_key="meta_schedule.vectorize", ann_val=64)
v64 = sch.sample_categorical(candidates=[0, 16, 64, 512], probs=[0.25, 0.25, 0.25, 0.25], decision=1)
sch.annotate(block_or_loop=b3, ann_key="meta_schedule.unroll_explicit", ann_val=v64)
2024-05-19 13:28:35 [INFO] [task_scheduler.cc:170] Design space #1:
# from tvm.script import ir as I
# from tvm.script import tir as T

@I.ir_module
class Module:
    @T.prim_func
    def main(p0: T.Buffer((T.int64(1), T.int64(16), T.int64(4), T.int64(4), T.int64(8)), "float32"), p1: T.Buffer((T.int64(64), T.int64(16), T.int64(1), T.int64(1), T.int64(8), T.int64(8)), "float32"), p2: T.Buffer((T.int64(1), T.int64(64), T.int64(1), T.int64(1), T.int64(8)), "float32"), p3: T.Buffer((T.int64(1), T.int64(64), T.int64(4), T.int64(4), T.int64(8)), "float32"), T_relu: T.Buffer((T.int64(1), T.int64(64), T.int64(4), T.int64(4), T.int64(8)), "float32")):
        T.func_attr({"tir.noalias": T.bool(True)})
        with T.block("root"):
            T.reads()
            T.writes()
            T.block_attr({"meta_schedule.parallel": 96, "meta_schedule.unroll_explicit": 0, "meta_schedule.vectorize": 64})
            conv2d_NCHWc = T.alloc_buffer((T.int64(1), T.int64(64), T.int64(4), T.int64(4), T.int64(8)))
            for n_0, oc_chunk_0, oh_0, ow_0, oc_block_0, n_1, oc_chunk_1, oh_1, ow_1, oc_block_1 in T.grid(T.int64(1), T.int64(32), T.int64(4), T.int64(2), T.int64(1), T.int64(1), T.int64(1), T.int64(1), T.int64(2), T.int64(2)):
                for ic_0, kh_0, kw_0, n_2, oc_chunk_2, oh_2, ow_2, oc_block_2, ic_1, kh_1, kw_1, n_3, oc_chunk_3, oh_3, ow_3, oc_block_3 in T.grid(T.int64(2), T.int64(1), T.int64(1), T.int64(1), T.int64(2), T.int64(1), T.int64(1), T.int64(2), T.int64(64), T.int64(1), T.int64(1), T.int64(1), T.int64(1), T.int64(1), T.int64(1), T.int64(2)):
                    with T.block("conv2d_NCHWc"):
                        v_n = T.axis.spatial(T.int64(1), n_0 + n_1 + n_2 + n_3)
                        v_oc_chunk = T.axis.spatial(T.int64(64), oc_chunk_0 * T.int64(2) + oc_chunk_1 * T.int64(2) + oc_chunk_2 + oc_chunk_3)
                        v_oh = T.axis.spatial(T.int64(4), oh_0 + oh_1 + oh_2 + oh_3)
                        v_ow = T.axis.spatial(T.int64(4), ow_0 * T.int64(2) + ow_1 + ow_2 + ow_3)
                        v_oc_block = T.axis.spatial(T.int64(8), oc_block_0 * T.int64(8) + oc_block_1 * T.int64(4) + oc_block_2 * T.int64(2) + oc_block_3)
                        v_ic = T.axis.reduce(T.int64(128), ic_0 * T.int64(64) + ic_1)
                        v_kh = T.axis.reduce(T.int64(1), kh_0 + kh_1)
                        v_kw = T.axis.reduce(T.int64(1), kw_0 + kw_1)
                        T.reads(p0[v_n, v_ic // T.int64(8), v_oh + v_kh, v_ow + v_kw, v_ic % T.int64(8)], p1[v_oc_chunk, v_ic // T.int64(8), v_kh, v_kw, v_ic % T.int64(8), v_oc_block])
                        T.writes(conv2d_NCHWc[v_n, v_oc_chunk, v_oh, v_ow, v_oc_block])
                        T.block_attr({"meta_schedule.tiling_structure": "SSRSRS"})
                        with T.init():
                            conv2d_NCHWc[v_n, v_oc_chunk, v_oh, v_ow, v_oc_block] = T.float32(0)
                        conv2d_NCHWc[v_n, v_oc_chunk, v_oh, v_ow, v_oc_block] = conv2d_NCHWc[v_n, v_oc_chunk, v_oh, v_ow, v_oc_block] + p0[v_n, v_ic // T.int64(8), v_oh + v_kh, v_ow + v_kw, v_ic % T.int64(8)] * p1[v_oc_chunk, v_ic // T.int64(8), v_kh, v_kw, v_ic % T.int64(8), v_oc_block]
                for ax0, ax1, ax2, ax3, ax4 in T.grid(T.int64(1), T.int64(2), T.int64(1), T.int64(1), T.int64(4)):
                    with T.block("T_relu"):
                        v_ax0 = T.axis.spatial(T.int64(1), ax0)
                        v_ax1 = T.axis.spatial(T.int64(64), oc_chunk_0 * T.int64(2) + ax1)
                        v_ax2 = T.axis.spatial(T.int64(4), oh_0 + ax2)
                        v_ax3 = T.axis.spatial(T.int64(4), ow_0 * T.int64(2) + ow_1 + ax3)
                        v_ax4 = T.axis.spatial(T.int64(8), oc_block_1 * T.int64(4) + ax4)
                        T.reads(conv2d_NCHWc[v_ax0, v_ax1, v_ax2, v_ax3, v_ax4], p2[v_ax0, v_ax1, T.int64(0), T.int64(0), v_ax4], p3[v_ax0, v_ax1, v_ax2, v_ax3, v_ax4])
                        T.writes(T_relu[v_ax0, v_ax1, v_ax2, v_ax3, v_ax4])
                        T_relu[v_ax0, v_ax1, v_ax2, v_ax3, v_ax4] = T.max(conv2d_NCHWc[v_ax0, v_ax1, v_ax2, v_ax3, v_ax4] + p2[v_ax0, v_ax1, T.int64(0), T.int64(0), v_ax4] + p3[v_ax0, v_ax1, v_ax2, v_ax3, v_ax4], T.float32(0))
b0 = sch.get_block(name="conv2d_NCHWc", func_name="main")
b1 = sch.get_block(name="T_add", func_name="main")
b2 = sch.get_block(name="T_add_1", func_name="main")
b3 = sch.get_block(name="root", func_name="main")
sch.compute_inline(block=b2)
sch.compute_inline(block=b1)
sch.annotate(block_or_loop=b0, ann_key="meta_schedule.tiling_structure", ann_val="SSRSRS")
l4, l5, l6, l7, l8, l9, l10, l11 = sch.get_loops(block=b0)
v12, v13, v14, v15 = sch.sample_perfect_tile(loop=l4, n=4, max_innermost_factor=64, decision=[1, 1, 1, 1])
l16, l17, l18, l19 = sch.split(loop=l4, factors=[v12, v13, v14, v15], preserve_unit_iters=True, disable_predication=False)
v20, v21, v22, v23 = sch.sample_perfect_tile(loop=l5, n=4, max_innermost_factor=64, decision=[32, 1, 2, 1])
l24, l25, l26, l27 = sch.split(loop=l5, factors=[v20, v21, v22, v23], preserve_unit_iters=True, disable_predication=False)
v28, v29, v30, v31 = sch.sample_perfect_tile(loop=l6, n=4, max_innermost_factor=64, decision=[4, 1, 1, 1])
l32, l33, l34, l35 = sch.split(loop=l6, factors=[v28, v29, v30, v31], preserve_unit_iters=True, disable_predication=False)
v36, v37, v38, v39 = sch.sample_perfect_tile(loop=l7, n=4, max_innermost_factor=64, decision=[2, 2, 1, 1])
l40, l41, l42, l43 = sch.split(loop=l7, factors=[v36, v37, v38, v39], preserve_unit_iters=True, disable_predication=False)
v44, v45, v46, v47 = sch.sample_perfect_tile(loop=l8, n=4, max_innermost_factor=64, decision=[1, 2, 2, 2])
l48, l49, l50, l51 = sch.split(loop=l8, factors=[v44, v45, v46, v47], preserve_unit_iters=True, disable_predication=False)
v52, v53 = sch.sample_perfect_tile(loop=l9, n=2, max_innermost_factor=64, decision=[2, 64])
l54, l55 = sch.split(loop=l9, factors=[v52, v53], preserve_unit_iters=True, disable_predication=False)
v56, v57 = sch.sample_perfect_tile(loop=l10, n=2, max_innermost_factor=64, decision=[1, 1])
l58, l59 = sch.split(loop=l10, factors=[v56, v57], preserve_unit_iters=True, disable_predication=False)
v60, v61 = sch.sample_perfect_tile(loop=l11, n=2, max_innermost_factor=64, decision=[1, 1])
l62, l63 = sch.split(loop=l11, factors=[v60, v61], preserve_unit_iters=True, disable_predication=False)
sch.reorder(l16, l24, l32, l40, l48, l17, l25, l33, l41, l49, l54, l58, l62, l18, l26, l34, l42, l50, l55, l59, l63, l19, l27, l35, l43, l51)
b64, = sch.get_consumers(block=b0)
sch.reverse_compute_at(block=b64, loop=l49, preserve_unit_loops=True, index=-1)
sch.annotate(block_or_loop=b3, ann_key="meta_schedule.parallel", ann_val=96)
sch.annotate(block_or_loop=b3, ann_key="meta_schedule.vectorize", ann_val=64)
v65 = sch.sample_categorical(candidates=[0, 16, 64, 512], probs=[0.25, 0.25, 0.25, 0.25], decision=0)
sch.annotate(block_or_loop=b3, ann_key="meta_schedule.unroll_explicit", ann_val=v65)
2024-05-19 13:28:35 [INFO] [task_scheduler.cc:170] Design space #2:
# from tvm.script import ir as I
# from tvm.script import tir as T

@I.ir_module
class Module:
    @T.prim_func
    def main(p0: T.Buffer((T.int64(1), T.int64(16), T.int64(4), T.int64(4), T.int64(8)), "float32"), p1: T.Buffer((T.int64(64), T.int64(16), T.int64(1), T.int64(1), T.int64(8), T.int64(8)), "float32"), p2: T.Buffer((T.int64(1), T.int64(64), T.int64(1), T.int64(1), T.int64(8)), "float32"), p3: T.Buffer((T.int64(1), T.int64(64), T.int64(4), T.int64(4), T.int64(8)), "float32"), T_relu: T.Buffer((T.int64(1), T.int64(64), T.int64(4), T.int64(4), T.int64(8)), "float32")):
        T.func_attr({"tir.noalias": T.bool(True)})
        with T.block("root"):
            T.reads()
            T.writes()
            T.block_attr({"meta_schedule.parallel": 96, "meta_schedule.unroll_explicit": 64, "meta_schedule.vectorize": 64})
            conv2d_NCHWc = T.alloc_buffer((T.int64(1), T.int64(64), T.int64(4), T.int64(4), T.int64(8)))
            for n_0, oc_chunk_0, oh_0, ow_0, oc_block_0 in T.grid(T.int64(1), T.int64(32), T.int64(4), T.int64(2), T.int64(1)):
                for n_1, oc_chunk_1, oh_1, ow_1, oc_block_1, ic_0, kh_0, kw_0, n_2, oc_chunk_2, oh_2, ow_2, oc_block_2, ic_1, kh_1, kw_1, n_3, oc_chunk_3, oh_3, ow_3, oc_block_3 in T.grid(T.int64(1), T.int64(1), T.int64(1), T.int64(2), T.int64(2), T.int64(2), T.int64(1), T.int64(1), T.int64(1), T.int64(2), T.int64(1), T.int64(1), T.int64(2), T.int64(64), T.int64(1), T.int64(1), T.int64(1), T.int64(1), T.int64(1), T.int64(1), T.int64(2)):
                    with T.block("conv2d_NCHWc"):
                        v_n = T.axis.spatial(T.int64(1), n_0 + n_1 + n_2 + n_3)
                        v_oc_chunk = T.axis.spatial(T.int64(64), oc_chunk_0 * T.int64(2) + oc_chunk_1 * T.int64(2) + oc_chunk_2 + oc_chunk_3)
                        v_oh = T.axis.spatial(T.int64(4), oh_0 + oh_1 + oh_2 + oh_3)
                        v_ow = T.axis.spatial(T.int64(4), ow_0 * T.int64(2) + ow_1 + ow_2 + ow_3)
                        v_oc_block = T.axis.spatial(T.int64(8), oc_block_0 * T.int64(8) + oc_block_1 * T.int64(4) + oc_block_2 * T.int64(2) + oc_block_3)
                        v_ic = T.axis.reduce(T.int64(128), ic_0 * T.int64(64) + ic_1)
                        v_kh = T.axis.reduce(T.int64(1), kh_0 + kh_1)
                        v_kw = T.axis.reduce(T.int64(1), kw_0 + kw_1)
                        T.reads(p0[v_n, v_ic // T.int64(8), v_oh + v_kh, v_ow + v_kw, v_ic % T.int64(8)], p1[v_oc_chunk, v_ic // T.int64(8), v_kh, v_kw, v_ic % T.int64(8), v_oc_block])
                        T.writes(conv2d_NCHWc[v_n, v_oc_chunk, v_oh, v_ow, v_oc_block])
                        T.block_attr({"meta_schedule.tiling_structure": "SSRSRS"})
                        with T.init():
                            conv2d_NCHWc[v_n, v_oc_chunk, v_oh, v_ow, v_oc_block] = T.float32(0)
                        conv2d_NCHWc[v_n, v_oc_chunk, v_oh, v_ow, v_oc_block] = conv2d_NCHWc[v_n, v_oc_chunk, v_oh, v_ow, v_oc_block] + p0[v_n, v_ic // T.int64(8), v_oh + v_kh, v_ow + v_kw, v_ic % T.int64(8)] * p1[v_oc_chunk, v_ic // T.int64(8), v_kh, v_kw, v_ic % T.int64(8), v_oc_block]
                for ax0, ax1, ax2, ax3, ax4 in T.grid(T.int64(1), T.int64(2), T.int64(1), T.int64(2), T.int64(8)):
                    with T.block("T_relu"):
                        v_ax0 = T.axis.spatial(T.int64(1), ax0)
                        v_ax1 = T.axis.spatial(T.int64(64), oc_chunk_0 * T.int64(2) + ax1)
                        v_ax2 = T.axis.spatial(T.int64(4), oh_0 + ax2)
                        v_ax3 = T.axis.spatial(T.int64(4), ow_0 * T.int64(2) + ax3)
                        v_ax4 = T.axis.spatial(T.int64(8), ax4)
                        T.reads(conv2d_NCHWc[v_ax0, v_ax1, v_ax2, v_ax3, v_ax4], p2[v_ax0, v_ax1, T.int64(0), T.int64(0), v_ax4], p3[v_ax0, v_ax1, v_ax2, v_ax3, v_ax4])
                        T.writes(T_relu[v_ax0, v_ax1, v_ax2, v_ax3, v_ax4])
                        T_relu[v_ax0, v_ax1, v_ax2, v_ax3, v_ax4] = T.max(conv2d_NCHWc[v_ax0, v_ax1, v_ax2, v_ax3, v_ax4] + p2[v_ax0, v_ax1, T.int64(0), T.int64(0), v_ax4] + p3[v_ax0, v_ax1, v_ax2, v_ax3, v_ax4], T.float32(0))
b0 = sch.get_block(name="conv2d_NCHWc", func_name="main")
b1 = sch.get_block(name="T_add", func_name="main")
b2 = sch.get_block(name="T_add_1", func_name="main")
b3 = sch.get_block(name="root", func_name="main")
sch.compute_inline(block=b2)
sch.compute_inline(block=b1)
sch.annotate(block_or_loop=b0, ann_key="meta_schedule.tiling_structure", ann_val="SSRSRS")
l4, l5, l6, l7, l8, l9, l10, l11 = sch.get_loops(block=b0)
v12, v13, v14, v15 = sch.sample_perfect_tile(loop=l4, n=4, max_innermost_factor=64, decision=[1, 1, 1, 1])
l16, l17, l18, l19 = sch.split(loop=l4, factors=[v12, v13, v14, v15], preserve_unit_iters=True, disable_predication=False)
v20, v21, v22, v23 = sch.sample_perfect_tile(loop=l5, n=4, max_innermost_factor=64, decision=[32, 1, 2, 1])
l24, l25, l26, l27 = sch.split(loop=l5, factors=[v20, v21, v22, v23], preserve_unit_iters=True, disable_predication=False)
v28, v29, v30, v31 = sch.sample_perfect_tile(loop=l6, n=4, max_innermost_factor=64, decision=[4, 1, 1, 1])
l32, l33, l34, l35 = sch.split(loop=l6, factors=[v28, v29, v30, v31], preserve_unit_iters=True, disable_predication=False)
v36, v37, v38, v39 = sch.sample_perfect_tile(loop=l7, n=4, max_innermost_factor=64, decision=[2, 2, 1, 1])
l40, l41, l42, l43 = sch.split(loop=l7, factors=[v36, v37, v38, v39], preserve_unit_iters=True, disable_predication=False)
v44, v45, v46, v47 = sch.sample_perfect_tile(loop=l8, n=4, max_innermost_factor=64, decision=[1, 2, 2, 2])
l48, l49, l50, l51 = sch.split(loop=l8, factors=[v44, v45, v46, v47], preserve_unit_iters=True, disable_predication=False)
v52, v53 = sch.sample_perfect_tile(loop=l9, n=2, max_innermost_factor=64, decision=[2, 64])
l54, l55 = sch.split(loop=l9, factors=[v52, v53], preserve_unit_iters=True, disable_predication=False)
v56, v57 = sch.sample_perfect_tile(loop=l10, n=2, max_innermost_factor=64, decision=[1, 1])
l58, l59 = sch.split(loop=l10, factors=[v56, v57], preserve_unit_iters=True, disable_predication=False)
v60, v61 = sch.sample_perfect_tile(loop=l11, n=2, max_innermost_factor=64, decision=[1, 1])
l62, l63 = sch.split(loop=l11, factors=[v60, v61], preserve_unit_iters=True, disable_predication=False)
sch.reorder(l16, l24, l32, l40, l48, l17, l25, l33, l41, l49, l54, l58, l62, l18, l26, l34, l42, l50, l55, l59, l63, l19, l27, l35, l43, l51)
b64, = sch.get_consumers(block=b0)
sch.reverse_compute_at(block=b64, loop=l48, preserve_unit_loops=True, index=-1)
sch.annotate(block_or_loop=b3, ann_key="meta_schedule.parallel", ann_val=96)
sch.annotate(block_or_loop=b3, ann_key="meta_schedule.vectorize", ann_val=64)
v65 = sch.sample_categorical(candidates=[0, 16, 64, 512], probs=[0.25, 0.25, 0.25, 0.25], decision=2)
sch.annotate(block_or_loop=b3, ann_key="meta_schedule.unroll_explicit", ann_val=v65)
2024-05-19 13:55:03 [INFO] [evolutionary_search.cc:713] Generating candidates......
2024-05-19 13:55:03 [INFO] [evolutionary_search.cc:715] Picked top 0 candidate(s) from database
2024-05-19 13:55:04 [INFO] [evolutionary_search.cc:533] Sample-Init-Population summary:
Postproc #0 [meta_schedule.DisallowDynamicLoop(0xc634a38)]: 0 failure(s)
Postproc #1 [meta_schedule.RewriteParallelVectorizeUnroll(0xdd08448)]: 0 failure(s)
Postproc #2 [meta_schedule.RewriteReductionBlock(0x14c68158)]: 0 failure(s)
Postproc #3 [meta_schedule.RewriteLayout(0x149df408)]: 0 failure(s)
2024-05-19 13:55:04 [INFO] [evolutionary_search.cc:723] Sampled 512 candidate(s)
2024-05-19 13:55:05 [INFO] [evolutionary_search.cc:621] Evolve iter #0 done. Summary:
Postproc #0 [meta_schedule.DisallowDynamicLoop(0xc634a38)]: 0 failure(s)
Postproc #1 [meta_schedule.RewriteParallelVectorizeUnroll(0xdd08448)]: 0 failure(s)
Postproc #2 [meta_schedule.RewriteReductionBlock(0x14c68158)]: 0 failure(s)
Postproc #3 [meta_schedule.RewriteLayout(0x149df408)]: 0 failure(s)
2024-05-19 13:55:07 [INFO] [evolutionary_search.cc:621] Evolve iter #1 done. Summary:
Postproc #0 [meta_schedule.DisallowDynamicLoop(0xc634a38)]: 0 failure(s)
Postproc #1 [meta_schedule.RewriteParallelVectorizeUnroll(0xdd08448)]: 0 failure(s)
Postproc #2 [meta_schedule.RewriteReductionBlock(0x14c68158)]: 0 failure(s)
Postproc #3 [meta_schedule.RewriteLayout(0x149df408)]: 0 failure(s)
2024-05-19 13:55:08 [INFO] [evolutionary_search.cc:621] Evolve iter #2 done. Summary:
Postproc #0 [meta_schedule.DisallowDynamicLoop(0xc634a38)]: 0 failure(s)
Postproc #1 [meta_schedule.RewriteParallelVectorizeUnroll(0xdd08448)]: 0 failure(s)
Postproc #2 [meta_schedule.RewriteReductionBlock(0x14c68158)]: 0 failure(s)
Postproc #3 [meta_schedule.RewriteLayout(0x149df408)]: 0 failure(s)
2024-05-19 13:55:09 [INFO] [evolutionary_search.cc:621] Evolve iter #3 done. Summary:
Postproc #0 [meta_schedule.DisallowDynamicLoop(0xc634a38)]: 0 failure(s)
Postproc #1 [meta_schedule.RewriteParallelVectorizeUnroll(0xdd08448)]: 0 failure(s)
Postproc #2 [meta_schedule.RewriteReductionBlock(0x14c68158)]: 0 failure(s)
Postproc #3 [meta_schedule.RewriteLayout(0x149df408)]: 0 failure(s)
2024-05-19 13:55:09 [INFO] [evolutionary_search.cc:649] Scores of the best 64 candidates:
[1 : 16]:	1.0000  1.0000  0.9994  0.9989  0.9984  0.9982  0.9980  0.9974  0.9971  0.9955  0.9951  0.9944  0.9944  0.9937  0.9936  0.9907
[17 : 32]:	0.9886  0.9885  0.9876  0.9874  0.9874  0.9873  0.9867  0.9863  0.9847  0.9844  0.9842  0.9836  0.9821  0.9818  0.9817  0.9813
[33 : 48]:	0.9810  0.9810  0.9792  0.9792  0.9785  0.9784  0.9779  0.9773  0.9771  0.9769  0.9765  0.9761  0.9759  0.9750  0.9746  0.9739
[49 : 64]:	0.9733  0.9731  0.9730  0.9730  0.9727  0.9711  0.9708  0.9706  0.9705  0.9704  0.9696  0.9695  0.9684  0.9681  0.9677  0.9677
2024-05-19 13:55:09 [INFO] [evolutionary_search.cc:727] Got 64 candidate(s) with evolutionary search
2024-05-19 13:55:09 [INFO] [evolutionary_search.cc:730] Sending 64 candidates(s) for measurement
2024-05-19 14:19:07 [INFO] [task_scheduler.cc:131] [Task #15: fused_nn_contrib_conv2d_NCHWc_add_add_nn_relu_1] Trial #1: GFLOPs: 49.4113. Time: 42.9402 us. Best GFLOPs: 49.4113
2024-05-19 14:19:07 [INFO] [task_scheduler.cc:131] [Task #15: fused_nn_contrib_conv2d_NCHWc_add_add_nn_relu_1] Trial #2: GFLOPs: 17.0764. Time: 124.2490 us. Best GFLOPs: 49.4113
2024-05-19 14:19:07 [INFO] [task_scheduler.cc:131] [Task #15: fused_nn_contrib_conv2d_NCHWc_add_add_nn_relu_1] Trial #3: GFLOPs: 25.4039. Time: 83.5196 us. Best GFLOPs: 49.4113
2024-05-19 14:19:07 [INFO] [task_scheduler.cc:131] [Task #15: fused_nn_contrib_conv2d_NCHWc_add_add_nn_relu_1] Trial #4: GFLOPs: 87.8823. Time: 24.1428 us. Best GFLOPs: 87.8823
2024-05-19 14:19:07 [INFO] [task_scheduler.cc:131] [Task #15: fused_nn_contrib_conv2d_NCHWc_add_add_nn_relu_1] Trial #5: GFLOPs: 32.4180. Time: 65.4490 us. Best GFLOPs: 87.8823
2024-05-19 14:19:07 [INFO] [task_scheduler.cc:131] [Task #15: fused_nn_contrib_conv2d_NCHWc_add_add_nn_relu_1] Trial #6: GFLOPs: 16.2134. Time: 130.8624 us. Best GFLOPs: 87.8823
2024-05-19 14:19:07 [INFO] [task_scheduler.cc:131] [Task #15: fused_nn_contrib_conv2d_NCHWc_add_add_nn_relu_1] Trial #7: GFLOPs: 49.4123. Time: 42.9393 us. Best GFLOPs: 87.8823
2024-05-19 14:19:07 [INFO] [task_scheduler.cc:131] [Task #15: fused_nn_contrib_conv2d_NCHWc_add_add_nn_relu_1] Trial #8: GFLOPs: 17.5024. Time: 121.2248 us. Best GFLOPs: 87.8823
2024-05-19 14:19:07 [INFO] [task_scheduler.cc:131] [Task #15: fused_nn_contrib_conv2d_NCHWc_add_add_nn_relu_1] Trial #9: GFLOPs: 44.3081. Time: 47.8858 us. Best GFLOPs: 87.8823
2024-05-19 14:19:07 [INFO] [task_scheduler.cc:131] [Task #15: fused_nn_contrib_conv2d_NCHWc_add_add_nn_relu_1] Trial #10: GFLOPs: 36.4826. Time: 58.1573 us. Best GFLOPs: 87.8823
2024-05-19 14:19:07 [INFO] [task_scheduler.cc:131] [Task #15: fused_nn_contrib_conv2d_NCHWc_add_add_nn_relu_1] Trial #11: GFLOPs: 38.1806. Time: 55.5708 us. Best GFLOPs: 87.8823
2024-05-19 14:19:07 [INFO] [task_scheduler.cc:131] [Task #15: fused_nn_contrib_conv2d_NCHWc_add_add_nn_relu_1] Trial #12: GFLOPs: 17.4894. Time: 121.3153 us. Best GFLOPs: 87.8823
2024-05-19 14:19:07 [INFO] [task_scheduler.cc:131] [Task #15: fused_nn_contrib_conv2d_NCHWc_add_add_nn_relu_1] Trial #13: GFLOPs: 20.5031. Time: 103.4834 us. Best GFLOPs: 87.8823
2024-05-19 14:19:07 [INFO] [task_scheduler.cc:131] [Task #15: fused_nn_contrib_conv2d_NCHWc_add_add_nn_relu_1] Trial #14: GFLOPs: 5.3568. Time: 396.0820 us. Best GFLOPs: 87.8823
2024-05-19 14:19:07 [INFO] [task_scheduler.cc:131] [Task #15: fused_nn_contrib_conv2d_NCHWc_add_add_nn_relu_1] Trial #15: GFLOPs: 80.8724. Time: 26.2355 us. Best GFLOPs: 87.8823
2024-05-19 14:19:07 [INFO] [task_scheduler.cc:131] [Task #15: fused_nn_contrib_conv2d_NCHWc_add_add_nn_relu_1] Trial #16: GFLOPs: 24.8034. Time: 85.5418 us. Best GFLOPs: 87.8823
2024-05-19 14:19:07 [INFO] [task_scheduler.cc:131] [Task #15: fused_nn_contrib_conv2d_NCHWc_add_add_nn_relu_1] Trial #17: GFLOPs: 14.8170. Time: 143.1952 us. Best GFLOPs: 87.8823
2024-05-19 14:19:07 [INFO] [task_scheduler.cc:131] [Task #15: fused_nn_contrib_conv2d_NCHWc_add_add_nn_relu_1] Trial #18: GFLOPs: 34.2324. Time: 61.9801 us. Best GFLOPs: 87.8823
2024-05-19 14:19:07 [INFO] [task_scheduler.cc:131] [Task #15: fused_nn_contrib_conv2d_NCHWc_add_add_nn_relu_1] Trial #19: GFLOPs: 32.4430. Time: 65.3987 us. Best GFLOPs: 87.8823
2024-05-19 14:19:07 [INFO] [task_scheduler.cc:131] [Task #15: fused_nn_contrib_conv2d_NCHWc_add_add_nn_relu_1] Trial #20: GFLOPs: 19.8006. Time: 107.1547 us. Best GFLOPs: 87.8823
2024-05-19 14:19:07 [INFO] [task_scheduler.cc:131] [Task #15: fused_nn_contrib_conv2d_NCHWc_add_add_nn_relu_1] Trial #21: GFLOPs: 13.5792. Time: 156.2487 us. Best GFLOPs: 87.8823
2024-05-19 14:19:07 [INFO] [task_scheduler.cc:131] [Task #15: fused_nn_contrib_conv2d_NCHWc_add_add_nn_relu_1] Trial #22: GFLOPs: 15.3408. Time: 138.3062 us. Best GFLOPs: 87.8823
2024-05-19 14:19:07 [INFO] [task_scheduler.cc:131] [Task #15: fused_nn_contrib_conv2d_NCHWc_add_add_nn_relu_1] Trial #23: GFLOPs: 15.5266. Time: 136.6515 us. Best GFLOPs: 87.8823
2024-05-19 14:19:07 [INFO] [task_scheduler.cc:131] [Task #15: fused_nn_contrib_conv2d_NCHWc_add_add_nn_relu_1] Trial #24: GFLOPs: 9.8779. Time: 214.7952 us. Best GFLOPs: 87.8823
2024-05-19 14:19:07 [INFO] [task_scheduler.cc:131] [Task #15: fused_nn_contrib_conv2d_NCHWc_add_add_nn_relu_1] Trial #25: GFLOPs: 24.5767. Time: 86.3309 us. Best GFLOPs: 87.8823
2024-05-19 14:19:07 [INFO] [task_scheduler.cc:131] [Task #15: fused_nn_contrib_conv2d_NCHWc_add_add_nn_relu_1] Trial #26: GFLOPs: 11.6805. Time: 181.6474 us. Best GFLOPs: 87.8823
2024-05-19 14:19:07 [INFO] [task_scheduler.cc:131] [Task #15: fused_nn_contrib_conv2d_NCHWc_add_add_nn_relu_1] Trial #27: GFLOPs: 17.4565. Time: 121.5437 us. Best GFLOPs: 87.8823
2024-05-19 14:19:07 [INFO] [task_scheduler.cc:131] [Task #15: fused_nn_contrib_conv2d_NCHWc_add_add_nn_relu_1] Trial #28: GFLOPs: 15.1501. Time: 140.0476 us. Best GFLOPs: 87.8823
2024-05-19 14:19:07 [INFO] [task_scheduler.cc:131] [Task #15: fused_nn_contrib_conv2d_NCHWc_add_add_nn_relu_1] Trial #29: GFLOPs: 16.5830. Time: 127.9457 us. Best GFLOPs: 87.8823
2024-05-19 14:19:07 [INFO] [task_scheduler.cc:131] [Task #15: fused_nn_contrib_conv2d_NCHWc_add_add_nn_relu_1] Trial #30: GFLOPs: 19.7847. Time: 107.2407 us. Best GFLOPs: 87.8823
2024-05-19 14:19:07 [INFO] [task_scheduler.cc:131] [Task #15: fused_nn_contrib_conv2d_NCHWc_add_add_nn_relu_1] Trial #31: GFLOPs: 21.3281. Time: 99.4805 us. Best GFLOPs: 87.8823
2024-05-19 14:19:07 [INFO] [task_scheduler.cc:131] [Task #15: fused_nn_contrib_conv2d_NCHWc_add_add_nn_relu_1] Trial #32: GFLOPs: 19.2322. Time: 110.3218 us. Best GFLOPs: 87.8823
2024-05-19 14:19:07 [INFO] [task_scheduler.cc:131] [Task #15: fused_nn_contrib_conv2d_NCHWc_add_add_nn_relu_1] Trial #33: GFLOPs: 16.1346. Time: 131.5014 us. Best GFLOPs: 87.8823
2024-05-19 14:19:07 [INFO] [task_scheduler.cc:131] [Task #15: fused_nn_contrib_conv2d_NCHWc_add_add_nn_relu_1] Trial #34: GFLOPs: 42.5216. Time: 49.8976 us. Best GFLOPs: 87.8823
2024-05-19 14:19:07 [INFO] [task_scheduler.cc:131] [Task #15: fused_nn_contrib_conv2d_NCHWc_add_add_nn_relu_1] Trial #35: GFLOPs: 42.4495. Time: 49.9825 us. Best GFLOPs: 87.8823
2024-05-19 14:19:07 [INFO] [task_scheduler.cc:131] [Task #15: fused_nn_contrib_conv2d_NCHWc_add_add_nn_relu_1] Trial #36: GFLOPs: 46.7841. Time: 45.3515 us. Best GFLOPs: 87.8823
2024-05-19 14:19:07 [INFO] [task_scheduler.cc:131] [Task #15: fused_nn_contrib_conv2d_NCHWc_add_add_nn_relu_1] Trial #37: GFLOPs: 5.7663. Time: 367.9522 us. Best GFLOPs: 87.8823
2024-05-19 14:19:07 [INFO] [task_scheduler.cc:131] [Task #15: fused_nn_contrib_conv2d_NCHWc_add_add_nn_relu_1] Trial #38: GFLOPs: 14.6480. Time: 144.8475 us. Best GFLOPs: 87.8823
2024-05-19 14:19:07 [INFO] [task_scheduler.cc:131] [Task #15: fused_nn_contrib_conv2d_NCHWc_add_add_nn_relu_1] Trial #39: GFLOPs: 16.5191. Time: 128.4413 us. Best GFLOPs: 87.8823
2024-05-19 14:19:07 [INFO] [task_scheduler.cc:131] [Task #15: fused_nn_contrib_conv2d_NCHWc_add_add_nn_relu_1] Trial #40: GFLOPs: 5.6367. Time: 376.4109 us. Best GFLOPs: 87.8823
2024-05-19 14:19:07 [INFO] [task_scheduler.cc:131] [Task #15: fused_nn_contrib_conv2d_NCHWc_add_add_nn_relu_1] Trial #41: GFLOPs: 60.1477. Time: 35.2753 us. Best GFLOPs: 87.8823
2024-05-19 14:19:07 [INFO] [task_scheduler.cc:131] [Task #15: fused_nn_contrib_conv2d_NCHWc_add_add_nn_relu_1] Trial #42: GFLOPs: 8.9302. Time: 237.5906 us. Best GFLOPs: 87.8823
2024-05-19 14:19:07 [INFO] [task_scheduler.cc:131] [Task #15: fused_nn_contrib_conv2d_NCHWc_add_add_nn_relu_1] Trial #43: GFLOPs: 3.5678. Time: 594.6920 us. Best GFLOPs: 87.8823
2024-05-19 14:19:07 [INFO] [task_scheduler.cc:131] [Task #15: fused_nn_contrib_conv2d_NCHWc_add_add_nn_relu_1] Trial #44: GFLOPs: 37.4040. Time: 56.7246 us. Best GFLOPs: 87.8823
2024-05-19 14:19:07 [INFO] [task_scheduler.cc:131] [Task #15: fused_nn_contrib_conv2d_NCHWc_add_add_nn_relu_1] Trial #45: GFLOPs: 9.0544. Time: 234.3308 us. Best GFLOPs: 87.8823
2024-05-19 14:19:07 [INFO] [task_scheduler.cc:131] [Task #15: fused_nn_contrib_conv2d_NCHWc_add_add_nn_relu_1] Trial #46: GFLOPs: 27.2120. Time: 77.9702 us. Best GFLOPs: 87.8823
2024-05-19 14:19:07 [INFO] [task_scheduler.cc:131] [Task #15: fused_nn_contrib_conv2d_NCHWc_add_add_nn_relu_1] Trial #47: GFLOPs: 113.3072. Time: 18.7254 us. Best GFLOPs: 113.3072
2024-05-19 14:19:07 [INFO] [task_scheduler.cc:131] [Task #15: fused_nn_contrib_conv2d_NCHWc_add_add_nn_relu_1] Trial #48: GFLOPs: 110.2051. Time: 19.2525 us. Best GFLOPs: 113.3072
2024-05-19 14:19:07 [INFO] [task_scheduler.cc:131] [Task #15: fused_nn_contrib_conv2d_NCHWc_add_add_nn_relu_1] Trial #49: GFLOPs: 9.2213. Time: 230.0903 us. Best GFLOPs: 113.3072
2024-05-19 14:19:07 [INFO] [task_scheduler.cc:131] [Task #15: fused_nn_contrib_conv2d_NCHWc_add_add_nn_relu_1] Trial #50: GFLOPs: 6.0016. Time: 353.5266 us. Best GFLOPs: 113.3072
2024-05-19 14:19:07 [INFO] [task_scheduler.cc:131] [Task #15: fused_nn_contrib_conv2d_NCHWc_add_add_nn_relu_1] Trial #51: GFLOPs: 9.8624. Time: 215.1340 us. Best GFLOPs: 113.3072
2024-05-19 14:19:07 [INFO] [task_scheduler.cc:131] [Task #15: fused_nn_contrib_conv2d_NCHWc_add_add_nn_relu_1] Trial #52: GFLOPs: 9.4126. Time: 225.4127 us. Best GFLOPs: 113.3072
2024-05-19 14:19:07 [INFO] [task_scheduler.cc:131] [Task #15: fused_nn_contrib_conv2d_NCHWc_add_add_nn_relu_1] Trial #53: GFLOPs: 55.6248. Time: 38.1436 us. Best GFLOPs: 113.3072
2024-05-19 14:19:07 [INFO] [task_scheduler.cc:131] [Task #15: fused_nn_contrib_conv2d_NCHWc_add_add_nn_relu_1] Trial #54: GFLOPs: 16.6378. Time: 127.5245 us. Best GFLOPs: 113.3072
2024-05-19 14:19:07 [INFO] [task_scheduler.cc:131] [Task #15: fused_nn_contrib_conv2d_NCHWc_add_add_nn_relu_1] Trial #55: GFLOPs: 7.4268. Time: 285.6869 us. Best GFLOPs: 113.3072
2024-05-19 14:19:07 [INFO] [task_scheduler.cc:131] [Task #15: fused_nn_contrib_conv2d_NCHWc_add_add_nn_relu_1] Trial #56: GFLOPs: 11.5074. Time: 184.3789 us. Best GFLOPs: 113.3072
2024-05-19 14:19:07 [INFO] [task_scheduler.cc:131] [Task #15: fused_nn_contrib_conv2d_NCHWc_add_add_nn_relu_1] Trial #57: GFLOPs: 53.1223. Time: 39.9405 us. Best GFLOPs: 113.3072
2024-05-19 14:19:07 [INFO] [task_scheduler.cc:131] [Task #15: fused_nn_contrib_conv2d_NCHWc_add_add_nn_relu_1] Trial #58: GFLOPs: 13.5559. Time: 156.5174 us. Best GFLOPs: 113.3072
2024-05-19 14:19:07 [INFO] [task_scheduler.cc:131] [Task #15: fused_nn_contrib_conv2d_NCHWc_add_add_nn_relu_1] Trial #59: GFLOPs: 12.8360. Time: 165.2950 us. Best GFLOPs: 113.3072
2024-05-19 14:19:07 [INFO] [task_scheduler.cc:131] [Task #15: fused_nn_contrib_conv2d_NCHWc_add_add_nn_relu_1] Trial #60: GFLOPs: 6.1052. Time: 347.5300 us. Best GFLOPs: 113.3072
2024-05-19 14:19:07 [INFO] [task_scheduler.cc:131] [Task #15: fused_nn_contrib_conv2d_NCHWc_add_add_nn_relu_1] Trial #61: GFLOPs: 20.1712. Time: 105.1861 us. Best GFLOPs: 113.3072
2024-05-19 14:19:07 [INFO] [task_scheduler.cc:131] [Task #15: fused_nn_contrib_conv2d_NCHWc_add_add_nn_relu_1] Trial #62: GFLOPs: 20.3560. Time: 104.2312 us. Best GFLOPs: 113.3072
2024-05-19 14:19:07 [INFO] [task_scheduler.cc:131] [Task #15: fused_nn_contrib_conv2d_NCHWc_add_add_nn_relu_1] Trial #63: GFLOPs: 4.8281. Time: 439.4509 us. Best GFLOPs: 113.3072
2024-05-19 14:19:07 [INFO] [task_scheduler.cc:131] [Task #15: fused_nn_contrib_conv2d_NCHWc_add_add_nn_relu_1] Trial #64: GFLOPs: 28.4905. Time: 74.4713 us. Best GFLOPs: 113.3072
2024-05-19 14:42:48 [INFO] [evolutionary_search.cc:713] Generating candidates......
2024-05-19 14:42:48 [INFO] [evolutionary_search.cc:715] Picked top 64 candidate(s) from database
2024-05-19 14:42:50 [INFO] [evolutionary_search.cc:533] Sample-Init-Population summary:
Postproc #0 [meta_schedule.DisallowDynamicLoop(0xc634a38)]: 0 failure(s)
Postproc #1 [meta_schedule.RewriteParallelVectorizeUnroll(0xdd08448)]: 0 failure(s)
Postproc #2 [meta_schedule.RewriteReductionBlock(0x14c68158)]: 0 failure(s)
Postproc #3 [meta_schedule.RewriteLayout(0x149df408)]: 0 failure(s)
2024-05-19 14:42:50 [INFO] [evolutionary_search.cc:723] Sampled 448 candidate(s)
2024-05-19 14:42:52 [INFO] [evolutionary_search.cc:621] Evolve iter #0 done. Summary:
Postproc #0 [meta_schedule.DisallowDynamicLoop(0xc634a38)]: 0 failure(s)
Postproc #1 [meta_schedule.RewriteParallelVectorizeUnroll(0xdd08448)]: 0 failure(s)
Postproc #2 [meta_schedule.RewriteReductionBlock(0x14c68158)]: 0 failure(s)
Postproc #3 [meta_schedule.RewriteLayout(0x149df408)]: 0 failure(s)
2024-05-19 14:42:55 [INFO] [evolutionary_search.cc:621] Evolve iter #1 done. Summary:
Postproc #0 [meta_schedule.DisallowDynamicLoop(0xc634a38)]: 0 failure(s)
Postproc #1 [meta_schedule.RewriteParallelVectorizeUnroll(0xdd08448)]: 0 failure(s)
Postproc #2 [meta_schedule.RewriteReductionBlock(0x14c68158)]: 0 failure(s)
Postproc #3 [meta_schedule.RewriteLayout(0x149df408)]: 0 failure(s)
2024-05-19 14:42:57 [INFO] [evolutionary_search.cc:621] Evolve iter #2 done. Summary:
Postproc #0 [meta_schedule.DisallowDynamicLoop(0xc634a38)]: 0 failure(s)
Postproc #1 [meta_schedule.RewriteParallelVectorizeUnroll(0xdd08448)]: 0 failure(s)
Postproc #2 [meta_schedule.RewriteReductionBlock(0x14c68158)]: 0 failure(s)
Postproc #3 [meta_schedule.RewriteLayout(0x149df408)]: 0 failure(s)
2024-05-19 14:43:00 [INFO] [evolutionary_search.cc:621] Evolve iter #3 done. Summary:
Postproc #0 [meta_schedule.DisallowDynamicLoop(0xc634a38)]: 0 failure(s)
Postproc #1 [meta_schedule.RewriteParallelVectorizeUnroll(0xdd08448)]: 0 failure(s)
Postproc #2 [meta_schedule.RewriteReductionBlock(0x14c68158)]: 0 failure(s)
Postproc #3 [meta_schedule.RewriteLayout(0x149df408)]: 0 failure(s)
2024-05-19 14:43:02 [INFO] [evolutionary_search.cc:649] Scores of the best 64 candidates:
[1 : 16]:	1.0215  1.0065  1.0001  0.9910  0.9910  0.9910  0.9888  0.9873  0.9829  0.9742  0.9727  0.9725  0.9722  0.9722  0.9683  0.9633
[17 : 32]:	0.9612  0.9596  0.9481  0.9451  0.9426  0.9318  0.9318  0.9289  0.9249  0.9249  0.9247  0.9221  0.9184  0.9179  0.9179  0.9169
[33 : 48]:	0.9159  0.9159  0.9143  0.9142  0.9078  0.9075  0.9060  0.8974  0.8966  0.8936  0.8936  0.8931  0.8920  0.8899  0.8895  0.8692
[49 : 64]:	0.8657  0.8641  0.8609  0.8601  0.8560  0.8554  0.8551  0.8548  0.8548  0.8546  0.8520  0.8511  0.8510  0.8502  0.8498  0.8492
2024-05-19 14:43:02 [INFO] [evolutionary_search.cc:727] Got 64 candidate(s) with evolutionary search
2024-05-19 14:43:02 [INFO] [evolutionary_search.cc:730] Sending 64 candidates(s) for measurement
2024-05-19 14:44:48 [INFO] [task_scheduler.cc:131] [Task #15: fused_nn_contrib_conv2d_NCHWc_add_add_nn_relu_1] Trial #65: GFLOPs: 68.7160. Time: 30.8768 us. Best GFLOPs: 113.3072
2024-05-19 14:44:48 [INFO] [task_scheduler.cc:131] [Task #15: fused_nn_contrib_conv2d_NCHWc_add_add_nn_relu_1] Trial #66: GFLOPs: 92.3232. Time: 22.9815 us. Best GFLOPs: 113.3072
2024-05-19 14:44:48 [INFO] [task_scheduler.cc:131] [Task #15: fused_nn_contrib_conv2d_NCHWc_add_add_nn_relu_1] Trial #67: GFLOPs: 115.9346. Time: 18.3011 us. Best GFLOPs: 115.9346
2024-05-19 14:44:48 [INFO] [task_scheduler.cc:131] [Task #15: fused_nn_contrib_conv2d_NCHWc_add_add_nn_relu_1] Trial #68: GFLOPs: 128.1757. Time: 16.5533 us. Best GFLOPs: 128.1757
2024-05-19 14:44:48 [INFO] [task_scheduler.cc:131] [Task #15: fused_nn_contrib_conv2d_NCHWc_add_add_nn_relu_1] Trial #69: GFLOPs: 125.7429. Time: 16.8735 us. Best GFLOPs: 128.1757
2024-05-19 14:44:48 [INFO] [task_scheduler.cc:131] [Task #15: fused_nn_contrib_conv2d_NCHWc_add_add_nn_relu_1] Trial #70: GFLOPs: 126.8523. Time: 16.7260 us. Best GFLOPs: 128.1757
2024-05-19 14:44:48 [INFO] [task_scheduler.cc:131] [Task #15: fused_nn_contrib_conv2d_NCHWc_add_add_nn_relu_1] Trial #71: GFLOPs: 79.3053. Time: 26.7539 us. Best GFLOPs: 128.1757
2024-05-19 14:44:48 [INFO] [task_scheduler.cc:131] [Task #15: fused_nn_contrib_conv2d_NCHWc_add_add_nn_relu_1] Trial #72: GFLOPs: 97.2907. Time: 21.8081 us. Best GFLOPs: 128.1757
2024-05-19 14:44:48 [INFO] [task_scheduler.cc:131] [Task #15: fused_nn_contrib_conv2d_NCHWc_add_add_nn_relu_1] Trial #73: GFLOPs: 115.5922. Time: 18.3553 us. Best GFLOPs: 128.1757
2024-05-19 14:44:48 [INFO] [task_scheduler.cc:131] [Task #15: fused_nn_contrib_conv2d_NCHWc_add_add_nn_relu_1] Trial #74: GFLOPs: 76.8907. Time: 27.5941 us. Best GFLOPs: 128.1757
2024-05-19 14:44:48 [INFO] [task_scheduler.cc:131] [Task #15: fused_nn_contrib_conv2d_NCHWc_add_add_nn_relu_1] Trial #75: GFLOPs: 88.8721. Time: 23.8739 us. Best GFLOPs: 128.1757
2024-05-19 14:44:48 [INFO] [task_scheduler.cc:131] [Task #15: fused_nn_contrib_conv2d_NCHWc_add_add_nn_relu_1] Trial #76: GFLOPs: 64.6810. Time: 32.8029 us. Best GFLOPs: 128.1757
2024-05-19 14:44:48 [INFO] [task_scheduler.cc:131] [Task #15: fused_nn_contrib_conv2d_NCHWc_add_add_nn_relu_1] Trial #77: GFLOPs: 55.8043. Time: 38.0209 us. Best GFLOPs: 128.1757
2024-05-19 14:44:48 [INFO] [task_scheduler.cc:131] [Task #15: fused_nn_contrib_conv2d_NCHWc_add_add_nn_relu_1] Trial #78: GFLOPs: 56.0720. Time: 37.8393 us. Best GFLOPs: 128.1757
2024-05-19 14:44:48 [INFO] [task_scheduler.cc:131] [Task #15: fused_nn_contrib_conv2d_NCHWc_add_add_nn_relu_1] Trial #79: GFLOPs: 118.2095. Time: 17.9489 us. Best GFLOPs: 128.1757
2024-05-19 14:44:48 [INFO] [task_scheduler.cc:131] [Task #15: fused_nn_contrib_conv2d_NCHWc_add_add_nn_relu_1] Trial #80: GFLOPs: 104.3544. Time: 20.3319 us. Best GFLOPs: 128.1757
2024-05-19 14:44:48 [INFO] [task_scheduler.cc:131] [Task #15: fused_nn_contrib_conv2d_NCHWc_add_add_nn_relu_1] Trial #81: GFLOPs: 122.3159. Time: 17.3463 us. Best GFLOPs: 128.1757
2024-05-19 14:44:48 [INFO] [task_scheduler.cc:131] [Task #15: fused_nn_contrib_conv2d_NCHWc_add_add_nn_relu_1] Trial #82: GFLOPs: 75.5104. Time: 28.0985 us. Best GFLOPs: 128.1757
2024-05-19 14:44:48 [INFO] [task_scheduler.cc:131] [Task #15: fused_nn_contrib_conv2d_NCHWc_add_add_nn_relu_1] Trial #83: GFLOPs: 90.7165. Time: 23.3886 us. Best GFLOPs: 128.1757
2024-05-19 14:44:48 [INFO] [task_scheduler.cc:131] [Task #15: fused_nn_contrib_conv2d_NCHWc_add_add_nn_relu_1] Trial #84: GFLOPs: 120.5356. Time: 17.6025 us. Best GFLOPs: 128.1757
2024-05-19 14:44:48 [INFO] [task_scheduler.cc:131] [Task #15: fused_nn_contrib_conv2d_NCHWc_add_add_nn_relu_1] Trial #85: GFLOPs: 30.6356. Time: 69.2570 us. Best GFLOPs: 128.1757
2024-05-19 14:44:48 [INFO] [task_scheduler.cc:131] [Task #15: fused_nn_contrib_conv2d_NCHWc_add_add_nn_relu_1] Trial #86: GFLOPs: 133.3651. Time: 15.9092 us. Best GFLOPs: 133.3651
2024-05-19 14:44:48 [INFO] [task_scheduler.cc:131] [Task #15: fused_nn_contrib_conv2d_NCHWc_add_add_nn_relu_1] Trial #87: GFLOPs: 142.4577. Time: 14.8937 us. Best GFLOPs: 142.4577
2024-05-19 14:44:48 [INFO] [task_scheduler.cc:131] [Task #15: fused_nn_contrib_conv2d_NCHWc_add_add_nn_relu_1] Trial #88: GFLOPs: 10.7554. Time: 197.2709 us. Best GFLOPs: 142.4577
2024-05-19 14:44:48 [INFO] [task_scheduler.cc:131] [Task #15: fused_nn_contrib_conv2d_NCHWc_add_add_nn_relu_1] Trial #89: GFLOPs: 134.2432. Time: 15.8051 us. Best GFLOPs: 142.4577
2024-05-19 14:44:48 [INFO] [task_scheduler.cc:131] [Task #15: fused_nn_contrib_conv2d_NCHWc_add_add_nn_relu_1] Trial #90: GFLOPs: 136.4057. Time: 15.5545 us. Best GFLOPs: 142.4577
2024-05-19 14:44:48 [INFO] [task_scheduler.cc:131] [Task #15: fused_nn_contrib_conv2d_NCHWc_add_add_nn_relu_1] Trial #91: GFLOPs: 126.2048. Time: 16.8118 us. Best GFLOPs: 142.4577
2024-05-19 14:44:48 [INFO] [task_scheduler.cc:131] [Task #15: fused_nn_contrib_conv2d_NCHWc_add_add_nn_relu_1] Trial #92: GFLOPs: 68.7804. Time: 30.8478 us. Best GFLOPs: 142.4577
2024-05-19 14:44:48 [INFO] [task_scheduler.cc:131] [Task #15: fused_nn_contrib_conv2d_NCHWc_add_add_nn_relu_1] Trial #93: GFLOPs: 132.4152. Time: 16.0233 us. Best GFLOPs: 142.4577
2024-05-19 14:44:48 [INFO] [task_scheduler.cc:131] [Task #15: fused_nn_contrib_conv2d_NCHWc_add_add_nn_relu_1] Trial #94: GFLOPs: 135.8486. Time: 15.6183 us. Best GFLOPs: 142.4577
2024-05-19 14:44:48 [INFO] [task_scheduler.cc:131] [Task #15: fused_nn_contrib_conv2d_NCHWc_add_add_nn_relu_1] Trial #95: GFLOPs: 136.0603. Time: 15.5940 us. Best GFLOPs: 142.4577
2024-05-19 14:44:48 [INFO] [task_scheduler.cc:131] [Task #15: fused_nn_contrib_conv2d_NCHWc_add_add_nn_relu_1] Trial #96: GFLOPs: 78.1820. Time: 27.1383 us. Best GFLOPs: 142.4577
2024-05-19 14:44:48 [INFO] [task_scheduler.cc:131] [Task #15: fused_nn_contrib_conv2d_NCHWc_add_add_nn_relu_1] Trial #97: GFLOPs: 131.2263. Time: 16.1685 us. Best GFLOPs: 142.4577
2024-05-19 14:44:48 [INFO] [task_scheduler.cc:131] [Task #15: fused_nn_contrib_conv2d_NCHWc_add_add_nn_relu_1] Trial #98: GFLOPs: 131.9235. Time: 16.0830 us. Best GFLOPs: 142.4577
2024-05-19 14:44:48 [INFO] [task_scheduler.cc:131] [Task #15: fused_nn_contrib_conv2d_NCHWc_add_add_nn_relu_1] Trial #99: GFLOPs: 69.4509. Time: 30.5501 us. Best GFLOPs: 142.4577
2024-05-19 14:44:48 [INFO] [task_scheduler.cc:131] [Task #15: fused_nn_contrib_conv2d_NCHWc_add_add_nn_relu_1] Trial #100: GFLOPs: 94.3951. Time: 22.4771 us. Best GFLOPs: 142.4577
2024-05-19 14:44:48 [INFO] [task_scheduler.cc:131] [Task #15: fused_nn_contrib_conv2d_NCHWc_add_add_nn_relu_1] Trial #101: GFLOPs: 50.9211. Time: 41.6670 us. Best GFLOPs: 142.4577
2024-05-19 14:44:48 [INFO] [task_scheduler.cc:131] [Task #15: fused_nn_contrib_conv2d_NCHWc_add_add_nn_relu_1] Trial #102: GFLOPs: 71.5204. Time: 29.6661 us. Best GFLOPs: 142.4577
2024-05-19 14:44:48 [INFO] [task_scheduler.cc:131] [Task #15: fused_nn_contrib_conv2d_NCHWc_add_add_nn_relu_1] Trial #103: GFLOPs: 27.4490. Time: 77.2971 us. Best GFLOPs: 142.4577
2024-05-19 14:44:48 [INFO] [task_scheduler.cc:131] [Task #15: fused_nn_contrib_conv2d_NCHWc_add_add_nn_relu_1] Trial #104: GFLOPs: 70.1055. Time: 30.2648 us. Best GFLOPs: 142.4577
2024-05-19 14:44:48 [INFO] [task_scheduler.cc:131] [Task #15: fused_nn_contrib_conv2d_NCHWc_add_add_nn_relu_1] Trial #105: GFLOPs: 64.6817. Time: 32.8026 us. Best GFLOPs: 142.4577
2024-05-19 14:44:48 [INFO] [task_scheduler.cc:131] [Task #15: fused_nn_contrib_conv2d_NCHWc_add_add_nn_relu_1] Trial #106: GFLOPs: 125.9360. Time: 16.8477 us. Best GFLOPs: 142.4577
2024-05-19 14:44:48 [INFO] [task_scheduler.cc:131] [Task #15: fused_nn_contrib_conv2d_NCHWc_add_add_nn_relu_1] Trial #107: GFLOPs: 126.9477. Time: 16.7134 us. Best GFLOPs: 142.4577
2024-05-19 14:44:48 [INFO] [task_scheduler.cc:131] [Task #15: fused_nn_contrib_conv2d_NCHWc_add_add_nn_relu_1] Trial #108: GFLOPs: 70.8713. Time: 29.9377 us. Best GFLOPs: 142.4577
2024-05-19 14:44:48 [INFO] [task_scheduler.cc:131] [Task #15: fused_nn_contrib_conv2d_NCHWc_add_add_nn_relu_1] Trial #109: GFLOPs: 22.4233. Time: 94.6215 us. Best GFLOPs: 142.4577
2024-05-19 14:44:48 [INFO] [task_scheduler.cc:131] [Task #15: fused_nn_contrib_conv2d_NCHWc_add_add_nn_relu_1] Trial #110: GFLOPs: 64.0118. Time: 33.1459 us. Best GFLOPs: 142.4577
2024-05-19 14:44:48 [INFO] [task_scheduler.cc:131] [Task #15: fused_nn_contrib_conv2d_NCHWc_add_add_nn_relu_1] Trial #111: GFLOPs: 84.8637. Time: 25.0016 us. Best GFLOPs: 142.4577
2024-05-19 14:44:48 [INFO] [task_scheduler.cc:131] [Task #15: fused_nn_contrib_conv2d_NCHWc_add_add_nn_relu_1] Trial #112: GFLOPs: 119.7729. Time: 17.7146 us. Best GFLOPs: 142.4577
2024-05-19 14:44:48 [INFO] [task_scheduler.cc:131] [Task #15: fused_nn_contrib_conv2d_NCHWc_add_add_nn_relu_1] Trial #113: GFLOPs: 52.6622. Time: 40.2894 us. Best GFLOPs: 142.4577
2024-05-19 14:44:48 [INFO] [task_scheduler.cc:131] [Task #15: fused_nn_contrib_conv2d_NCHWc_add_add_nn_relu_1] Trial #114: GFLOPs: 18.6746. Time: 113.6159 us. Best GFLOPs: 142.4577
2024-05-19 14:44:48 [INFO] [task_scheduler.cc:131] [Task #15: fused_nn_contrib_conv2d_NCHWc_add_add_nn_relu_1] Trial #115: GFLOPs: 139.6117. Time: 15.1974 us. Best GFLOPs: 142.4577
2024-05-19 14:44:48 [INFO] [task_scheduler.cc:131] [Task #15: fused_nn_contrib_conv2d_NCHWc_add_add_nn_relu_1] Trial #116: GFLOPs: 121.2913. Time: 17.4928 us. Best GFLOPs: 142.4577
2024-05-19 14:44:48 [INFO] [task_scheduler.cc:131] [Task #15: fused_nn_contrib_conv2d_NCHWc_add_add_nn_relu_1] Trial #117: GFLOPs: 80.8342. Time: 26.2479 us. Best GFLOPs: 142.4577
2024-05-19 14:44:48 [INFO] [task_scheduler.cc:131] [Task #15: fused_nn_contrib_conv2d_NCHWc_add_add_nn_relu_1] Trial #118: GFLOPs: 120.9995. Time: 17.5350 us. Best GFLOPs: 142.4577
2024-05-19 14:44:48 [INFO] [task_scheduler.cc:131] [Task #15: fused_nn_contrib_conv2d_NCHWc_add_add_nn_relu_1] Trial #119: GFLOPs: 121.6491. Time: 17.4414 us. Best GFLOPs: 142.4577
2024-05-19 14:44:48 [INFO] [task_scheduler.cc:131] [Task #15: fused_nn_contrib_conv2d_NCHWc_add_add_nn_relu_1] Trial #120: GFLOPs: 125.9719. Time: 16.8429 us. Best GFLOPs: 142.4577
2024-05-19 14:44:48 [INFO] [task_scheduler.cc:131] [Task #15: fused_nn_contrib_conv2d_NCHWc_add_add_nn_relu_1] Trial #121: GFLOPs: 123.4408. Time: 17.1882 us. Best GFLOPs: 142.4577
2024-05-19 14:44:48 [INFO] [task_scheduler.cc:131] [Task #15: fused_nn_contrib_conv2d_NCHWc_add_add_nn_relu_1] Trial #122: GFLOPs: 119.9221. Time: 17.6926 us. Best GFLOPs: 142.4577
2024-05-19 14:44:48 [INFO] [task_scheduler.cc:131] [Task #15: fused_nn_contrib_conv2d_NCHWc_add_add_nn_relu_1] Trial #123: GFLOPs: 85.7485. Time: 24.7436 us. Best GFLOPs: 142.4577
2024-05-19 14:44:48 [INFO] [task_scheduler.cc:131] [Task #15: fused_nn_contrib_conv2d_NCHWc_add_add_nn_relu_1] Trial #124: GFLOPs: 114.5895. Time: 18.5159 us. Best GFLOPs: 142.4577
2024-05-19 14:44:48 [INFO] [task_scheduler.cc:131] [Task #15: fused_nn_contrib_conv2d_NCHWc_add_add_nn_relu_1] Trial #125: GFLOPs: 65.7827. Time: 32.2536 us. Best GFLOPs: 142.4577
2024-05-19 14:44:48 [INFO] [task_scheduler.cc:131] [Task #15: fused_nn_contrib_conv2d_NCHWc_add_add_nn_relu_1] Trial #126: GFLOPs: 33.8610. Time: 62.6599 us. Best GFLOPs: 142.4577
2024-05-19 14:44:48 [INFO] [task_scheduler.cc:131] [Task #15: fused_nn_contrib_conv2d_NCHWc_add_add_nn_relu_1] Trial #127: GFLOPs: 19.3811. Time: 109.4739 us. Best GFLOPs: 142.4577
2024-05-19 14:44:48 [INFO] [task_scheduler.cc:131] [Task #15: fused_nn_contrib_conv2d_NCHWc_add_add_nn_relu_1] Trial #128: GFLOPs: 16.5141. Time: 128.4800 us. Best GFLOPs: 142.4577
2024-05-19 15:26:37 [INFO] [evolutionary_search.cc:713] Generating candidates......
2024-05-19 15:26:37 [INFO] [evolutionary_search.cc:715] Picked top 102 candidate(s) from database
2024-05-19 15:26:38 [INFO] [evolutionary_search.cc:533] Sample-Init-Population summary:
Postproc #0 [meta_schedule.DisallowDynamicLoop(0xc634a38)]: 0 failure(s)
Postproc #1 [meta_schedule.RewriteParallelVectorizeUnroll(0xdd08448)]: 0 failure(s)
Postproc #2 [meta_schedule.RewriteReductionBlock(0x14c68158)]: 0 failure(s)
Postproc #3 [meta_schedule.RewriteLayout(0x149df408)]: 0 failure(s)
2024-05-19 15:26:38 [INFO] [evolutionary_search.cc:723] Sampled 410 candidate(s)
2024-05-19 15:26:41 [INFO] [evolutionary_search.cc:621] Evolve iter #0 done. Summary:
Postproc #0 [meta_schedule.DisallowDynamicLoop(0xc634a38)]: 0 failure(s)
Postproc #1 [meta_schedule.RewriteParallelVectorizeUnroll(0xdd08448)]: 0 failure(s)
Postproc #2 [meta_schedule.RewriteReductionBlock(0x14c68158)]: 0 failure(s)
Postproc #3 [meta_schedule.RewriteLayout(0x149df408)]: 0 failure(s)
2024-05-19 15:26:43 [INFO] [evolutionary_search.cc:621] Evolve iter #1 done. Summary:
Postproc #0 [meta_schedule.DisallowDynamicLoop(0xc634a38)]: 0 failure(s)
Postproc #1 [meta_schedule.RewriteParallelVectorizeUnroll(0xdd08448)]: 0 failure(s)
Postproc #2 [meta_schedule.RewriteReductionBlock(0x14c68158)]: 0 failure(s)
Postproc #3 [meta_schedule.RewriteLayout(0x149df408)]: 0 failure(s)
2024-05-19 15:26:46 [INFO] [evolutionary_search.cc:621] Evolve iter #2 done. Summary:
Postproc #0 [meta_schedule.DisallowDynamicLoop(0xc634a38)]: 0 failure(s)
Postproc #1 [meta_schedule.RewriteParallelVectorizeUnroll(0xdd08448)]: 0 failure(s)
Postproc #2 [meta_schedule.RewriteReductionBlock(0x14c68158)]: 0 failure(s)
Postproc #3 [meta_schedule.RewriteLayout(0x149df408)]: 0 failure(s)
2024-05-19 15:26:49 [INFO] [evolutionary_search.cc:621] Evolve iter #3 done. Summary:
Postproc #0 [meta_schedule.DisallowDynamicLoop(0xc634a38)]: 0 failure(s)
Postproc #1 [meta_schedule.RewriteParallelVectorizeUnroll(0xdd08448)]: 0 failure(s)
Postproc #2 [meta_schedule.RewriteReductionBlock(0x14c68158)]: 0 failure(s)
Postproc #3 [meta_schedule.RewriteLayout(0x149df408)]: 0 failure(s)
2024-05-19 15:26:50 [INFO] [evolutionary_search.cc:649] Scores of the best 64 candidates:
[1 : 16]:	0.9628  0.9605  0.9527  0.9474  0.9467  0.9456  0.9445  0.9423  0.9395  0.9381  0.9347  0.9344  0.9332  0.9332  0.9285  0.9277
[17 : 32]:	0.9251  0.9251  0.9223  0.9198  0.9181  0.9181  0.9160  0.9150  0.9110  0.9092  0.9058  0.9057  0.9032  0.9022  0.9016  0.9016
[33 : 48]:	0.9013  0.9013  0.9011  0.8987  0.8987  0.8987  0.8983  0.8965  0.8965  0.8962  0.8962  0.8962  0.8962  0.8957  0.8952  0.8952
[49 : 64]:	0.8944  0.8886  0.8859  0.8850  0.8841  0.8841  0.8841  0.8841  0.8822  0.8805  0.8784  0.8780  0.8775  0.8759  0.8746  0.8704
2024-05-19 15:26:50 [INFO] [evolutionary_search.cc:727] Got 64 candidate(s) with evolutionary search
2024-05-19 15:26:50 [INFO] [evolutionary_search.cc:730] Sending 64 candidates(s) for measurement
2024-05-19 15:28:31 [INFO] [task_scheduler.cc:131] [Task #15: fused_nn_contrib_conv2d_NCHWc_add_add_nn_relu_1] Trial #129: GFLOPs: 127.2161. Time: 16.6781 us. Best GFLOPs: 142.4577
2024-05-19 15:28:31 [INFO] [task_scheduler.cc:131] [Task #15: fused_nn_contrib_conv2d_NCHWc_add_add_nn_relu_1] Trial #130: GFLOPs: 141.4626. Time: 14.9985 us. Best GFLOPs: 142.4577
2024-05-19 15:28:31 [INFO] [task_scheduler.cc:131] [Task #15: fused_nn_contrib_conv2d_NCHWc_add_add_nn_relu_1] Trial #131: GFLOPs: 127.2988. Time: 16.6673 us. Best GFLOPs: 142.4577
2024-05-19 15:28:31 [INFO] [task_scheduler.cc:131] [Task #15: fused_nn_contrib_conv2d_NCHWc_add_add_nn_relu_1] Trial #132: GFLOPs: 128.4697. Time: 16.5154 us. Best GFLOPs: 142.4577
2024-05-19 15:28:31 [INFO] [task_scheduler.cc:131] [Task #15: fused_nn_contrib_conv2d_NCHWc_add_add_nn_relu_1] Trial #133: GFLOPs: 141.9753. Time: 14.9443 us. Best GFLOPs: 142.4577
2024-05-19 15:28:31 [INFO] [task_scheduler.cc:131] [Task #15: fused_nn_contrib_conv2d_NCHWc_add_add_nn_relu_1] Trial #134: GFLOPs: 141.1562. Time: 15.0311 us. Best GFLOPs: 142.4577
2024-05-19 15:28:31 [INFO] [task_scheduler.cc:131] [Task #15: fused_nn_contrib_conv2d_NCHWc_add_add_nn_relu_1] Trial #135: GFLOPs: 140.3638. Time: 15.1159 us. Best GFLOPs: 142.4577
2024-05-19 15:28:31 [INFO] [task_scheduler.cc:131] [Task #15: fused_nn_contrib_conv2d_NCHWc_add_add_nn_relu_1] Trial #136: GFLOPs: 136.8827. Time: 15.5003 us. Best GFLOPs: 142.4577
2024-05-19 15:28:31 [INFO] [task_scheduler.cc:131] [Task #15: fused_nn_contrib_conv2d_NCHWc_add_add_nn_relu_1] Trial #137: GFLOPs: 135.2690. Time: 15.6852 us. Best GFLOPs: 142.4577
2024-05-19 15:28:31 [INFO] [task_scheduler.cc:131] [Task #15: fused_nn_contrib_conv2d_NCHWc_add_add_nn_relu_1] Trial #138: GFLOPs: 136.5609. Time: 15.5369 us. Best GFLOPs: 142.4577
2024-05-19 15:28:31 [INFO] [task_scheduler.cc:131] [Task #15: fused_nn_contrib_conv2d_NCHWc_add_add_nn_relu_1] Trial #139: GFLOPs: 135.5120. Time: 15.6571 us. Best GFLOPs: 142.4577
2024-05-19 15:28:31 [INFO] [task_scheduler.cc:131] [Task #15: fused_nn_contrib_conv2d_NCHWc_add_add_nn_relu_1] Trial #140: GFLOPs: 136.2233. Time: 15.5754 us. Best GFLOPs: 142.4577
2024-05-19 15:28:31 [INFO] [task_scheduler.cc:131] [Task #15: fused_nn_contrib_conv2d_NCHWc_add_add_nn_relu_1] Trial #141: GFLOPs: 139.5920. Time: 15.1995 us. Best GFLOPs: 142.4577
2024-05-19 15:28:31 [INFO] [task_scheduler.cc:131] [Task #15: fused_nn_contrib_conv2d_NCHWc_add_add_nn_relu_1] Trial #142: GFLOPs: 140.8684. Time: 15.0618 us. Best GFLOPs: 142.4577
2024-05-19 15:28:31 [INFO] [task_scheduler.cc:131] [Task #15: fused_nn_contrib_conv2d_NCHWc_add_add_nn_relu_1] Trial #143: GFLOPs: 134.6266. Time: 15.7601 us. Best GFLOPs: 142.4577
2024-05-19 15:28:31 [INFO] [task_scheduler.cc:131] [Task #15: fused_nn_contrib_conv2d_NCHWc_add_add_nn_relu_1] Trial #144: GFLOPs: 134.7240. Time: 15.7487 us. Best GFLOPs: 142.4577
2024-05-19 15:28:31 [INFO] [task_scheduler.cc:131] [Task #15: fused_nn_contrib_conv2d_NCHWc_add_add_nn_relu_1] Trial #145: GFLOPs: 132.9558. Time: 15.9581 us. Best GFLOPs: 142.4577
2024-05-19 15:28:31 [INFO] [task_scheduler.cc:131] [Task #15: fused_nn_contrib_conv2d_NCHWc_add_add_nn_relu_1] Trial #146: GFLOPs: 134.0695. Time: 15.8256 us. Best GFLOPs: 142.4577
2024-05-19 15:28:31 [INFO] [task_scheduler.cc:131] [Task #15: fused_nn_contrib_conv2d_NCHWc_add_add_nn_relu_1] Trial #147: GFLOPs: 132.4772. Time: 16.0158 us. Best GFLOPs: 142.4577
2024-05-19 15:28:31 [INFO] [task_scheduler.cc:131] [Task #15: fused_nn_contrib_conv2d_NCHWc_add_add_nn_relu_1] Trial #148: GFLOPs: 134.7959. Time: 15.7403 us. Best GFLOPs: 142.4577
2024-05-19 15:28:31 [INFO] [task_scheduler.cc:131] [Task #15: fused_nn_contrib_conv2d_NCHWc_add_add_nn_relu_1] Trial #149: GFLOPs: 132.5703. Time: 16.0045 us. Best GFLOPs: 142.4577
2024-05-19 15:28:31 [INFO] [task_scheduler.cc:131] [Task #15: fused_nn_contrib_conv2d_NCHWc_add_add_nn_relu_1] Trial #150: GFLOPs: 129.4948. Time: 16.3847 us. Best GFLOPs: 142.4577
2024-05-19 15:28:31 [INFO] [task_scheduler.cc:131] [Task #15: fused_nn_contrib_conv2d_NCHWc_add_add_nn_relu_1] Trial #151: GFLOPs: 136.2075. Time: 15.5772 us. Best GFLOPs: 142.4577
2024-05-19 15:28:31 [INFO] [task_scheduler.cc:131] [Task #15: fused_nn_contrib_conv2d_NCHWc_add_add_nn_relu_1] Trial #152: GFLOPs: 136.0723. Time: 15.5927 us. Best GFLOPs: 142.4577
2024-05-19 15:28:31 [INFO] [task_scheduler.cc:131] [Task #15: fused_nn_contrib_conv2d_NCHWc_add_add_nn_relu_1] Trial #153: GFLOPs: 143.8610. Time: 14.7485 us. Best GFLOPs: 143.8610
2024-05-19 15:28:31 [INFO] [task_scheduler.cc:131] [Task #15: fused_nn_contrib_conv2d_NCHWc_add_add_nn_relu_1] Trial #154: GFLOPs: 138.6465. Time: 15.3032 us. Best GFLOPs: 143.8610
2024-05-19 15:28:31 [INFO] [task_scheduler.cc:131] [Task #15: fused_nn_contrib_conv2d_NCHWc_add_add_nn_relu_1] Trial #155: GFLOPs: 82.7405. Time: 25.6431 us. Best GFLOPs: 143.8610
2024-05-19 15:28:31 [INFO] [task_scheduler.cc:131] [Task #15: fused_nn_contrib_conv2d_NCHWc_add_add_nn_relu_1] Trial #156: GFLOPs: 76.5604. Time: 27.7131 us. Best GFLOPs: 143.8610
2024-05-19 15:28:31 [INFO] [task_scheduler.cc:131] [Task #15: fused_nn_contrib_conv2d_NCHWc_add_add_nn_relu_1] Trial #157: GFLOPs: 139.6385. Time: 15.1944 us. Best GFLOPs: 143.8610
2024-05-19 15:28:31 [INFO] [task_scheduler.cc:131] [Task #15: fused_nn_contrib_conv2d_NCHWc_add_add_nn_relu_1] Trial #158: GFLOPs: 135.2033. Time: 15.6929 us. Best GFLOPs: 143.8610
2024-05-19 15:28:31 [INFO] [task_scheduler.cc:131] [Task #15: fused_nn_contrib_conv2d_NCHWc_add_add_nn_relu_1] Trial #159: GFLOPs: 142.6916. Time: 14.8693 us. Best GFLOPs: 143.8610
2024-05-19 15:28:31 [INFO] [task_scheduler.cc:131] [Task #15: fused_nn_contrib_conv2d_NCHWc_add_add_nn_relu_1] Trial #160: GFLOPs: 129.8058. Time: 16.3454 us. Best GFLOPs: 143.8610
2024-05-19 15:28:31 [INFO] [task_scheduler.cc:131] [Task #15: fused_nn_contrib_conv2d_NCHWc_add_add_nn_relu_1] Trial #161: GFLOPs: 132.0058. Time: 16.0730 us. Best GFLOPs: 143.8610
2024-05-19 15:28:31 [INFO] [task_scheduler.cc:131] [Task #15: fused_nn_contrib_conv2d_NCHWc_add_add_nn_relu_1] Trial #162: GFLOPs: 138.7432. Time: 15.2925 us. Best GFLOPs: 143.8610
2024-05-19 15:28:31 [INFO] [task_scheduler.cc:131] [Task #15: fused_nn_contrib_conv2d_NCHWc_add_add_nn_relu_1] Trial #163: GFLOPs: 137.3494. Time: 15.4477 us. Best GFLOPs: 143.8610
2024-05-19 15:28:31 [INFO] [task_scheduler.cc:131] [Task #15: fused_nn_contrib_conv2d_NCHWc_add_add_nn_relu_1] Trial #164: GFLOPs: 128.9856. Time: 16.4493 us. Best GFLOPs: 143.8610
2024-05-19 15:28:31 [INFO] [task_scheduler.cc:131] [Task #15: fused_nn_contrib_conv2d_NCHWc_add_add_nn_relu_1] Trial #165: GFLOPs: 127.9212. Time: 16.5862 us. Best GFLOPs: 143.8610
2024-05-19 15:28:31 [INFO] [task_scheduler.cc:131] [Task #15: fused_nn_contrib_conv2d_NCHWc_add_add_nn_relu_1] Trial #166: GFLOPs: 130.8344. Time: 16.2169 us. Best GFLOPs: 143.8610
2024-05-19 15:28:31 [INFO] [task_scheduler.cc:131] [Task #15: fused_nn_contrib_conv2d_NCHWc_add_add_nn_relu_1] Trial #167: GFLOPs: 135.9259. Time: 15.6094 us. Best GFLOPs: 143.8610
2024-05-19 15:28:31 [INFO] [task_scheduler.cc:131] [Task #15: fused_nn_contrib_conv2d_NCHWc_add_add_nn_relu_1] Trial #168: GFLOPs: 135.0635. Time: 15.7091 us. Best GFLOPs: 143.8610
2024-05-19 15:28:31 [INFO] [task_scheduler.cc:131] [Task #15: fused_nn_contrib_conv2d_NCHWc_add_add_nn_relu_1] Trial #169: GFLOPs: 135.1005. Time: 15.7048 us. Best GFLOPs: 143.8610
2024-05-19 15:28:31 [INFO] [task_scheduler.cc:131] [Task #15: fused_nn_contrib_conv2d_NCHWc_add_add_nn_relu_1] Trial #170: GFLOPs: 124.9308. Time: 16.9832 us. Best GFLOPs: 143.8610
2024-05-19 15:28:31 [INFO] [task_scheduler.cc:131] [Task #15: fused_nn_contrib_conv2d_NCHWc_add_add_nn_relu_1] Trial #171: GFLOPs: 125.3784. Time: 16.9226 us. Best GFLOPs: 143.8610
2024-05-19 15:28:31 [INFO] [task_scheduler.cc:131] [Task #15: fused_nn_contrib_conv2d_NCHWc_add_add_nn_relu_1] Trial #172: GFLOPs: 129.0746. Time: 16.4380 us. Best GFLOPs: 143.8610
2024-05-19 15:28:31 [INFO] [task_scheduler.cc:131] [Task #15: fused_nn_contrib_conv2d_NCHWc_add_add_nn_relu_1] Trial #173: GFLOPs: 129.3147. Time: 16.4075 us. Best GFLOPs: 143.8610
2024-05-19 15:28:31 [INFO] [task_scheduler.cc:131] [Task #15: fused_nn_contrib_conv2d_NCHWc_add_add_nn_relu_1] Trial #174: GFLOPs: 133.1116. Time: 15.9395 us. Best GFLOPs: 143.8610
2024-05-19 15:28:31 [INFO] [task_scheduler.cc:131] [Task #15: fused_nn_contrib_conv2d_NCHWc_add_add_nn_relu_1] Trial #175: GFLOPs: 134.2984. Time: 15.7986 us. Best GFLOPs: 143.8610
2024-05-19 15:28:31 [INFO] [task_scheduler.cc:131] [Task #15: fused_nn_contrib_conv2d_NCHWc_add_add_nn_relu_1] Trial #176: GFLOPs: 138.8372. Time: 15.2821 us. Best GFLOPs: 143.8610
2024-05-19 15:28:31 [INFO] [task_scheduler.cc:131] [Task #15: fused_nn_contrib_conv2d_NCHWc_add_add_nn_relu_1] Trial #177: GFLOPs: 75.8465. Time: 27.9740 us. Best GFLOPs: 143.8610
2024-05-19 15:28:31 [INFO] [task_scheduler.cc:131] [Task #15: fused_nn_contrib_conv2d_NCHWc_add_add_nn_relu_1] Trial #178: GFLOPs: 127.5016. Time: 16.6408 us. Best GFLOPs: 143.8610
2024-05-19 15:28:31 [INFO] [task_scheduler.cc:131] [Task #15: fused_nn_contrib_conv2d_NCHWc_add_add_nn_relu_1] Trial #179: GFLOPs: 72.8451. Time: 29.1266 us. Best GFLOPs: 143.8610
2024-05-19 15:28:31 [INFO] [task_scheduler.cc:131] [Task #15: fused_nn_contrib_conv2d_NCHWc_add_add_nn_relu_1] Trial #180: GFLOPs: 133.3195. Time: 15.9146 us. Best GFLOPs: 143.8610
2024-05-19 15:28:31 [INFO] [task_scheduler.cc:131] [Task #15: fused_nn_contrib_conv2d_NCHWc_add_add_nn_relu_1] Trial #181: GFLOPs: 135.5751. Time: 15.6498 us. Best GFLOPs: 143.8610
2024-05-19 15:28:31 [INFO] [task_scheduler.cc:131] [Task #15: fused_nn_contrib_conv2d_NCHWc_add_add_nn_relu_1] Trial #182: GFLOPs: 137.5344. Time: 15.4269 us. Best GFLOPs: 143.8610
2024-05-19 15:28:31 [INFO] [task_scheduler.cc:131] [Task #15: fused_nn_contrib_conv2d_NCHWc_add_add_nn_relu_1] Trial #183: GFLOPs: 128.8823. Time: 16.4625 us. Best GFLOPs: 143.8610
2024-05-19 15:28:31 [INFO] [task_scheduler.cc:131] [Task #15: fused_nn_contrib_conv2d_NCHWc_add_add_nn_relu_1] Trial #184: GFLOPs: 136.3472. Time: 15.5612 us. Best GFLOPs: 143.8610
2024-05-19 15:28:31 [INFO] [task_scheduler.cc:131] [Task #15: fused_nn_contrib_conv2d_NCHWc_add_add_nn_relu_1] Trial #185: GFLOPs: 132.9563. Time: 15.9581 us. Best GFLOPs: 143.8610
2024-05-19 15:28:31 [INFO] [task_scheduler.cc:131] [Task #15: fused_nn_contrib_conv2d_NCHWc_add_add_nn_relu_1] Trial #186: GFLOPs: 137.3507. Time: 15.4475 us. Best GFLOPs: 143.8610
2024-05-19 15:28:31 [INFO] [task_scheduler.cc:131] [Task #15: fused_nn_contrib_conv2d_NCHWc_add_add_nn_relu_1] Trial #187: GFLOPs: 120.9140. Time: 17.5474 us. Best GFLOPs: 143.8610
2024-05-19 15:28:31 [INFO] [task_scheduler.cc:131] [Task #15: fused_nn_contrib_conv2d_NCHWc_add_add_nn_relu_1] Trial #188: GFLOPs: 141.8690. Time: 14.9555 us. Best GFLOPs: 143.8610
2024-05-19 15:28:31 [INFO] [task_scheduler.cc:131] [Task #15: fused_nn_contrib_conv2d_NCHWc_add_add_nn_relu_1] Trial #189: GFLOPs: 124.9358. Time: 16.9826 us. Best GFLOPs: 143.8610
2024-05-19 15:28:31 [INFO] [task_scheduler.cc:131] [Task #15: fused_nn_contrib_conv2d_NCHWc_add_add_nn_relu_1] Trial #190: GFLOPs: 17.9284. Time: 118.3446 us. Best GFLOPs: 143.8610
2024-05-19 15:28:31 [INFO] [task_scheduler.cc:131] [Task #15: fused_nn_contrib_conv2d_NCHWc_add_add_nn_relu_1] Trial #191: GFLOPs: 42.6851. Time: 49.7065 us. Best GFLOPs: 143.8610
2024-05-19 15:28:31 [INFO] [task_scheduler.cc:131] [Task #15: fused_nn_contrib_conv2d_NCHWc_add_add_nn_relu_1] Trial #192: GFLOPs: 70.5759. Time: 30.0631 us. Best GFLOPs: 143.8610
2024-05-19 15:51:05 [INFO] [evolutionary_search.cc:713] Generating candidates......
2024-05-19 15:51:05 [INFO] [evolutionary_search.cc:715] Picked top 102 candidate(s) from database
2024-05-19 15:51:06 [INFO] [evolutionary_search.cc:533] Sample-Init-Population summary:
Postproc #0 [meta_schedule.DisallowDynamicLoop(0xc634a38)]: 0 failure(s)
Postproc #1 [meta_schedule.RewriteParallelVectorizeUnroll(0xdd08448)]: 0 failure(s)
Postproc #2 [meta_schedule.RewriteReductionBlock(0x14c68158)]: 0 failure(s)
Postproc #3 [meta_schedule.RewriteLayout(0x149df408)]: 0 failure(s)
2024-05-19 15:51:06 [INFO] [evolutionary_search.cc:723] Sampled 410 candidate(s)
2024-05-19 15:51:09 [INFO] [evolutionary_search.cc:621] Evolve iter #0 done. Summary:
Postproc #0 [meta_schedule.DisallowDynamicLoop(0xc634a38)]: 0 failure(s)
Postproc #1 [meta_schedule.RewriteParallelVectorizeUnroll(0xdd08448)]: 0 failure(s)
Postproc #2 [meta_schedule.RewriteReductionBlock(0x14c68158)]: 0 failure(s)
Postproc #3 [meta_schedule.RewriteLayout(0x149df408)]: 0 failure(s)
2024-05-19 15:51:11 [INFO] [evolutionary_search.cc:621] Evolve iter #1 done. Summary:
Postproc #0 [meta_schedule.DisallowDynamicLoop(0xc634a38)]: 0 failure(s)
Postproc #1 [meta_schedule.RewriteParallelVectorizeUnroll(0xdd08448)]: 0 failure(s)
Postproc #2 [meta_schedule.RewriteReductionBlock(0x14c68158)]: 0 failure(s)
Postproc #3 [meta_schedule.RewriteLayout(0x149df408)]: 0 failure(s)
2024-05-19 15:51:14 [INFO] [evolutionary_search.cc:621] Evolve iter #2 done. Summary:
Postproc #0 [meta_schedule.DisallowDynamicLoop(0xc634a38)]: 0 failure(s)
Postproc #1 [meta_schedule.RewriteParallelVectorizeUnroll(0xdd08448)]: 0 failure(s)
Postproc #2 [meta_schedule.RewriteReductionBlock(0x14c68158)]: 0 failure(s)
Postproc #3 [meta_schedule.RewriteLayout(0x149df408)]: 0 failure(s)
2024-05-19 15:51:17 [INFO] [evolutionary_search.cc:621] Evolve iter #3 done. Summary:
Postproc #0 [meta_schedule.DisallowDynamicLoop(0xc634a38)]: 0 failure(s)
Postproc #1 [meta_schedule.RewriteParallelVectorizeUnroll(0xdd08448)]: 0 failure(s)
Postproc #2 [meta_schedule.RewriteReductionBlock(0x14c68158)]: 0 failure(s)
Postproc #3 [meta_schedule.RewriteLayout(0x149df408)]: 0 failure(s)
2024-05-19 15:51:18 [INFO] [evolutionary_search.cc:649] Scores of the best 64 candidates:
[1 : 16]:	0.9624  0.9554  0.9549  0.9526  0.9514  0.9513  0.9513  0.9501  0.9494  0.9494  0.9481  0.9463  0.9441  0.9441  0.9441  0.9429
[17 : 32]:	0.9425  0.9421  0.9414  0.9409  0.9398  0.9352  0.9352  0.9352  0.9349  0.9332  0.9280  0.9248  0.9221  0.9221  0.9218  0.9218
[33 : 48]:	0.9217  0.9217  0.9206  0.9206  0.9202  0.9192  0.9175  0.9171  0.9170  0.9167  0.9153  0.9151  0.9137  0.9137  0.9137  0.9134
[49 : 64]:	0.9109  0.9107  0.9095  0.9087  0.9040  0.9037  0.9036  0.9033  0.9018  0.9012  0.9009  0.9005  0.8990  0.8987  0.8978  0.8965
2024-05-19 15:51:18 [INFO] [evolutionary_search.cc:727] Got 64 candidate(s) with evolutionary search
2024-05-19 15:51:18 [INFO] [evolutionary_search.cc:730] Sending 64 candidates(s) for measurement
2024-05-19 15:52:55 [INFO] [task_scheduler.cc:131] [Task #15: fused_nn_contrib_conv2d_NCHWc_add_add_nn_relu_1] Trial #193: GFLOPs: 135.9291. Time: 15.6091 us. Best GFLOPs: 143.8610
2024-05-19 15:52:55 [INFO] [task_scheduler.cc:131] [Task #15: fused_nn_contrib_conv2d_NCHWc_add_add_nn_relu_1] Trial #194: GFLOPs: 136.9959. Time: 15.4875 us. Best GFLOPs: 143.8610
2024-05-19 15:52:55 [INFO] [task_scheduler.cc:131] [Task #15: fused_nn_contrib_conv2d_NCHWc_add_add_nn_relu_1] Trial #195: GFLOPs: 143.1717. Time: 14.8195 us. Best GFLOPs: 143.8610
2024-05-19 15:52:55 [INFO] [task_scheduler.cc:131] [Task #15: fused_nn_contrib_conv2d_NCHWc_add_add_nn_relu_1] Trial #196: GFLOPs: 138.8751. Time: 15.2780 us. Best GFLOPs: 143.8610
2024-05-19 15:52:55 [INFO] [task_scheduler.cc:131] [Task #15: fused_nn_contrib_conv2d_NCHWc_add_add_nn_relu_1] Trial #197: GFLOPs: 133.6452. Time: 15.8758 us. Best GFLOPs: 143.8610
2024-05-19 15:52:55 [INFO] [task_scheduler.cc:131] [Task #15: fused_nn_contrib_conv2d_NCHWc_add_add_nn_relu_1] Trial #198: GFLOPs: 134.1624. Time: 15.8146 us. Best GFLOPs: 143.8610
2024-05-19 15:52:55 [INFO] [task_scheduler.cc:131] [Task #15: fused_nn_contrib_conv2d_NCHWc_add_add_nn_relu_1] Trial #199: GFLOPs: 133.2960. Time: 15.9174 us. Best GFLOPs: 143.8610
2024-05-19 15:52:55 [INFO] [task_scheduler.cc:131] [Task #15: fused_nn_contrib_conv2d_NCHWc_add_add_nn_relu_1] Trial #200: GFLOPs: 133.6399. Time: 15.8765 us. Best GFLOPs: 143.8610
2024-05-19 15:52:55 [INFO] [task_scheduler.cc:131] [Task #15: fused_nn_contrib_conv2d_NCHWc_add_add_nn_relu_1] Trial #201: GFLOPs: 137.7943. Time: 15.3978 us. Best GFLOPs: 143.8610
2024-05-19 15:52:55 [INFO] [task_scheduler.cc:131] [Task #15: fused_nn_contrib_conv2d_NCHWc_add_add_nn_relu_1] Trial #202: GFLOPs: 136.2267. Time: 15.5750 us. Best GFLOPs: 143.8610
2024-05-19 15:52:55 [INFO] [task_scheduler.cc:131] [Task #15: fused_nn_contrib_conv2d_NCHWc_add_add_nn_relu_1] Trial #203: GFLOPs: 139.3951. Time: 15.2210 us. Best GFLOPs: 143.8610
2024-05-19 15:52:55 [INFO] [task_scheduler.cc:131] [Task #15: fused_nn_contrib_conv2d_NCHWc_add_add_nn_relu_1] Trial #204: GFLOPs: 135.9031. Time: 15.6121 us. Best GFLOPs: 143.8610
2024-05-19 15:52:55 [INFO] [task_scheduler.cc:131] [Task #15: fused_nn_contrib_conv2d_NCHWc_add_add_nn_relu_1] Trial #205: GFLOPs: 137.5406. Time: 15.4262 us. Best GFLOPs: 143.8610
2024-05-19 15:52:55 [INFO] [task_scheduler.cc:131] [Task #15: fused_nn_contrib_conv2d_NCHWc_add_add_nn_relu_1] Trial #206: GFLOPs: 138.7942. Time: 15.2869 us. Best GFLOPs: 143.8610
2024-05-19 15:52:55 [INFO] [task_scheduler.cc:131] [Task #15: fused_nn_contrib_conv2d_NCHWc_add_add_nn_relu_1] Trial #207: GFLOPs: 137.5330. Time: 15.4270 us. Best GFLOPs: 143.8610
2024-05-19 15:52:55 [INFO] [task_scheduler.cc:131] [Task #15: fused_nn_contrib_conv2d_NCHWc_add_add_nn_relu_1] Trial #208: GFLOPs: 141.1669. Time: 15.0299 us. Best GFLOPs: 143.8610
2024-05-19 15:52:55 [INFO] [task_scheduler.cc:131] [Task #15: fused_nn_contrib_conv2d_NCHWc_add_add_nn_relu_1] Trial #209: GFLOPs: 132.2357. Time: 16.0450 us. Best GFLOPs: 143.8610
2024-05-19 15:52:55 [INFO] [task_scheduler.cc:131] [Task #15: fused_nn_contrib_conv2d_NCHWc_add_add_nn_relu_1] Trial #210: GFLOPs: 142.8097. Time: 14.8570 us. Best GFLOPs: 143.8610
2024-05-19 15:52:55 [INFO] [task_scheduler.cc:131] [Task #15: fused_nn_contrib_conv2d_NCHWc_add_add_nn_relu_1] Trial #211: GFLOPs: 146.9755. Time: 14.4359 us. Best GFLOPs: 146.9755
2024-05-19 15:52:55 [INFO] [task_scheduler.cc:131] [Task #15: fused_nn_contrib_conv2d_NCHWc_add_add_nn_relu_1] Trial #212: GFLOPs: 136.7012. Time: 15.5209 us. Best GFLOPs: 146.9755
2024-05-19 15:52:55 [INFO] [task_scheduler.cc:131] [Task #15: fused_nn_contrib_conv2d_NCHWc_add_add_nn_relu_1] Trial #213: GFLOPs: 135.4005. Time: 15.6700 us. Best GFLOPs: 146.9755
2024-05-19 15:52:55 [INFO] [task_scheduler.cc:131] [Task #15: fused_nn_contrib_conv2d_NCHWc_add_add_nn_relu_1] Trial #214: GFLOPs: 130.0008. Time: 16.3209 us. Best GFLOPs: 146.9755
2024-05-19 15:52:55 [INFO] [task_scheduler.cc:131] [Task #15: fused_nn_contrib_conv2d_NCHWc_add_add_nn_relu_1] Trial #215: GFLOPs: 135.6322. Time: 15.6432 us. Best GFLOPs: 146.9755
2024-05-19 15:52:55 [INFO] [task_scheduler.cc:131] [Task #15: fused_nn_contrib_conv2d_NCHWc_add_add_nn_relu_1] Trial #216: GFLOPs: 133.1037. Time: 15.9404 us. Best GFLOPs: 146.9755
2024-05-19 15:52:55 [INFO] [task_scheduler.cc:131] [Task #15: fused_nn_contrib_conv2d_NCHWc_add_add_nn_relu_1] Trial #217: GFLOPs: 134.1603. Time: 15.8149 us. Best GFLOPs: 146.9755
2024-05-19 15:52:55 [INFO] [task_scheduler.cc:131] [Task #15: fused_nn_contrib_conv2d_NCHWc_add_add_nn_relu_1] Trial #218: GFLOPs: 132.9346. Time: 15.9607 us. Best GFLOPs: 146.9755
2024-05-19 15:52:55 [INFO] [task_scheduler.cc:131] [Task #15: fused_nn_contrib_conv2d_NCHWc_add_add_nn_relu_1] Trial #219: GFLOPs: 128.3405. Time: 16.5320 us. Best GFLOPs: 146.9755
2024-05-19 15:52:55 [INFO] [task_scheduler.cc:131] [Task #15: fused_nn_contrib_conv2d_NCHWc_add_add_nn_relu_1] Trial #220: GFLOPs: 126.8575. Time: 16.7253 us. Best GFLOPs: 146.9755
2024-05-19 15:52:55 [INFO] [task_scheduler.cc:131] [Task #15: fused_nn_contrib_conv2d_NCHWc_add_add_nn_relu_1] Trial #221: GFLOPs: 136.0342. Time: 15.5970 us. Best GFLOPs: 146.9755
2024-05-19 15:52:55 [INFO] [task_scheduler.cc:131] [Task #15: fused_nn_contrib_conv2d_NCHWc_add_add_nn_relu_1] Trial #222: GFLOPs: 139.0257. Time: 15.2614 us. Best GFLOPs: 146.9755
2024-05-19 15:52:55 [INFO] [task_scheduler.cc:131] [Task #15: fused_nn_contrib_conv2d_NCHWc_add_add_nn_relu_1] Trial #223: GFLOPs: 138.4636. Time: 15.3234 us. Best GFLOPs: 146.9755
2024-05-19 15:52:55 [INFO] [task_scheduler.cc:131] [Task #15: fused_nn_contrib_conv2d_NCHWc_add_add_nn_relu_1] Trial #224: GFLOPs: 139.9913. Time: 15.1561 us. Best GFLOPs: 146.9755
2024-05-19 15:52:55 [INFO] [task_scheduler.cc:131] [Task #15: fused_nn_contrib_conv2d_NCHWc_add_add_nn_relu_1] Trial #225: GFLOPs: 141.0276. Time: 15.0448 us. Best GFLOPs: 146.9755
2024-05-19 15:52:55 [INFO] [task_scheduler.cc:131] [Task #15: fused_nn_contrib_conv2d_NCHWc_add_add_nn_relu_1] Trial #226: GFLOPs: 137.9825. Time: 15.3768 us. Best GFLOPs: 146.9755
2024-05-19 15:52:55 [INFO] [task_scheduler.cc:131] [Task #15: fused_nn_contrib_conv2d_NCHWc_add_add_nn_relu_1] Trial #227: GFLOPs: 131.6734. Time: 16.1136 us. Best GFLOPs: 146.9755
2024-05-19 15:52:55 [INFO] [task_scheduler.cc:131] [Task #15: fused_nn_contrib_conv2d_NCHWc_add_add_nn_relu_1] Trial #228: GFLOPs: 135.2706. Time: 15.6851 us. Best GFLOPs: 146.9755
2024-05-19 15:52:55 [INFO] [task_scheduler.cc:131] [Task #15: fused_nn_contrib_conv2d_NCHWc_add_add_nn_relu_1] Trial #229: GFLOPs: 137.5568. Time: 15.4244 us. Best GFLOPs: 146.9755
2024-05-19 15:52:55 [INFO] [task_scheduler.cc:131] [Task #15: fused_nn_contrib_conv2d_NCHWc_add_add_nn_relu_1] Trial #230: GFLOPs: 137.2951. Time: 15.4538 us. Best GFLOPs: 146.9755
2024-05-19 15:52:55 [INFO] [task_scheduler.cc:131] [Task #15: fused_nn_contrib_conv2d_NCHWc_add_add_nn_relu_1] Trial #231: GFLOPs: 134.4245. Time: 15.7838 us. Best GFLOPs: 146.9755
2024-05-19 15:52:55 [INFO] [task_scheduler.cc:131] [Task #15: fused_nn_contrib_conv2d_NCHWc_add_add_nn_relu_1] Trial #232: GFLOPs: 142.2820. Time: 14.9121 us. Best GFLOPs: 146.9755
2024-05-19 15:52:55 [INFO] [task_scheduler.cc:131] [Task #15: fused_nn_contrib_conv2d_NCHWc_add_add_nn_relu_1] Trial #233: GFLOPs: 135.3977. Time: 15.6703 us. Best GFLOPs: 146.9755
2024-05-19 15:52:55 [INFO] [task_scheduler.cc:131] [Task #15: fused_nn_contrib_conv2d_NCHWc_add_add_nn_relu_1] Trial #234: GFLOPs: 135.3326. Time: 15.6779 us. Best GFLOPs: 146.9755
2024-05-19 15:52:55 [INFO] [task_scheduler.cc:131] [Task #15: fused_nn_contrib_conv2d_NCHWc_add_add_nn_relu_1] Trial #235: GFLOPs: 139.1536. Time: 15.2474 us. Best GFLOPs: 146.9755
2024-05-19 15:52:55 [INFO] [task_scheduler.cc:131] [Task #15: fused_nn_contrib_conv2d_NCHWc_add_add_nn_relu_1] Trial #236: GFLOPs: 129.8549. Time: 16.3392 us. Best GFLOPs: 146.9755
2024-05-19 15:52:55 [INFO] [task_scheduler.cc:131] [Task #15: fused_nn_contrib_conv2d_NCHWc_add_add_nn_relu_1] Trial #237: GFLOPs: 140.6665. Time: 15.0834 us. Best GFLOPs: 146.9755
2024-05-19 15:52:55 [INFO] [task_scheduler.cc:131] [Task #15: fused_nn_contrib_conv2d_NCHWc_add_add_nn_relu_1] Trial #238: GFLOPs: 138.5364. Time: 15.3153 us. Best GFLOPs: 146.9755
2024-05-19 15:52:55 [INFO] [task_scheduler.cc:131] [Task #15: fused_nn_contrib_conv2d_NCHWc_add_add_nn_relu_1] Trial #239: GFLOPs: 139.6224. Time: 15.1962 us. Best GFLOPs: 146.9755
2024-05-19 15:52:55 [INFO] [task_scheduler.cc:131] [Task #15: fused_nn_contrib_conv2d_NCHWc_add_add_nn_relu_1] Trial #240: GFLOPs: 140.4222. Time: 15.1096 us. Best GFLOPs: 146.9755
2024-05-19 15:52:55 [INFO] [task_scheduler.cc:131] [Task #15: fused_nn_contrib_conv2d_NCHWc_add_add_nn_relu_1] Trial #241: GFLOPs: 136.6027. Time: 15.5321 us. Best GFLOPs: 146.9755
2024-05-19 15:52:55 [INFO] [task_scheduler.cc:131] [Task #15: fused_nn_contrib_conv2d_NCHWc_add_add_nn_relu_1] Trial #242: GFLOPs: 135.0613. Time: 15.7094 us. Best GFLOPs: 146.9755
2024-05-19 15:52:55 [INFO] [task_scheduler.cc:131] [Task #15: fused_nn_contrib_conv2d_NCHWc_add_add_nn_relu_1] Trial #243: GFLOPs: 127.8885. Time: 16.5905 us. Best GFLOPs: 146.9755
2024-05-19 15:52:55 [INFO] [task_scheduler.cc:131] [Task #15: fused_nn_contrib_conv2d_NCHWc_add_add_nn_relu_1] Trial #244: GFLOPs: 134.1199. Time: 15.8196 us. Best GFLOPs: 146.9755
2024-05-19 15:52:55 [INFO] [task_scheduler.cc:131] [Task #15: fused_nn_contrib_conv2d_NCHWc_add_add_nn_relu_1] Trial #245: GFLOPs: 125.9966. Time: 16.8396 us. Best GFLOPs: 146.9755
2024-05-19 15:52:55 [INFO] [task_scheduler.cc:131] [Task #15: fused_nn_contrib_conv2d_NCHWc_add_add_nn_relu_1] Trial #246: GFLOPs: 135.3027. Time: 15.6813 us. Best GFLOPs: 146.9755
2024-05-19 15:52:55 [INFO] [task_scheduler.cc:131] [Task #15: fused_nn_contrib_conv2d_NCHWc_add_add_nn_relu_1] Trial #247: GFLOPs: 128.6485. Time: 16.4924 us. Best GFLOPs: 146.9755
2024-05-19 15:52:55 [INFO] [task_scheduler.cc:131] [Task #15: fused_nn_contrib_conv2d_NCHWc_add_add_nn_relu_1] Trial #248: GFLOPs: 137.6504. Time: 15.4139 us. Best GFLOPs: 146.9755
2024-05-19 15:52:55 [INFO] [task_scheduler.cc:131] [Task #15: fused_nn_contrib_conv2d_NCHWc_add_add_nn_relu_1] Trial #249: GFLOPs: 121.3443. Time: 17.4852 us. Best GFLOPs: 146.9755
2024-05-19 15:52:55 [INFO] [task_scheduler.cc:131] [Task #15: fused_nn_contrib_conv2d_NCHWc_add_add_nn_relu_1] Trial #250: GFLOPs: 144.7575. Time: 14.6571 us. Best GFLOPs: 146.9755
2024-05-19 15:52:55 [INFO] [task_scheduler.cc:131] [Task #15: fused_nn_contrib_conv2d_NCHWc_add_add_nn_relu_1] Trial #251: GFLOPs: 139.6573. Time: 15.1924 us. Best GFLOPs: 146.9755
2024-05-19 15:52:55 [INFO] [task_scheduler.cc:131] [Task #15: fused_nn_contrib_conv2d_NCHWc_add_add_nn_relu_1] Trial #252: GFLOPs: 135.7346. Time: 15.6315 us. Best GFLOPs: 146.9755
2024-05-19 15:52:55 [INFO] [task_scheduler.cc:131] [Task #15: fused_nn_contrib_conv2d_NCHWc_add_add_nn_relu_1] Trial #253: GFLOPs: 138.0293. Time: 15.3716 us. Best GFLOPs: 146.9755
2024-05-19 15:52:55 [INFO] [task_scheduler.cc:131] [Task #15: fused_nn_contrib_conv2d_NCHWc_add_add_nn_relu_1] Trial #254: GFLOPs: 11.4781. Time: 184.8508 us. Best GFLOPs: 146.9755
2024-05-19 15:52:55 [INFO] [task_scheduler.cc:131] [Task #15: fused_nn_contrib_conv2d_NCHWc_add_add_nn_relu_1] Trial #255: GFLOPs: 17.2846. Time: 122.7524 us. Best GFLOPs: 146.9755
2024-05-19 15:52:55 [INFO] [task_scheduler.cc:131] [Task #15: fused_nn_contrib_conv2d_NCHWc_add_add_nn_relu_1] Trial #256: GFLOPs: 20.1056. Time: 105.5293 us. Best GFLOPs: 146.9755
