2024-05-19 13:28:35 [INFO] [task_scheduler.cc:160] Initializing Task #14: "fused_nn_contrib_conv2d_NCHWc_add_nn_relu_7"
2024-05-19 13:28:35 [INFO] [task_scheduler.cc:35] 
# from tvm.script import ir as I
# from tvm.script import tir as T

@I.ir_module
class Module:
    @T.prim_func
    def main(p0: T.Buffer((T.int64(1), T.int64(16), T.int64(4), T.int64(4), T.int64(8)), "float32"), p1: T.Buffer((T.int64(16), T.int64(16), T.int64(3), T.int64(3), T.int64(8), T.int64(8)), "float32"), p2: T.Buffer((T.int64(1), T.int64(16), T.int64(1), T.int64(1), T.int64(8)), "float32"), T_relu: T.Buffer((T.int64(1), T.int64(16), T.int64(4), T.int64(4), T.int64(8)), "float32")):
        T.func_attr({"tir.noalias": T.bool(True)})
        # with T.block("root"):
        data_pad = T.alloc_buffer((T.int64(1), T.int64(16), T.int64(6), T.int64(6), T.int64(8)))
        conv2d_NCHWc = T.alloc_buffer((T.int64(1), T.int64(16), T.int64(4), T.int64(4), T.int64(8)))
        T_add = T.alloc_buffer((T.int64(1), T.int64(16), T.int64(4), T.int64(4), T.int64(8)))
        for i0, i1, i2, i3, i4 in T.grid(T.int64(1), T.int64(16), T.int64(6), T.int64(6), T.int64(8)):
            with T.block("data_pad"):
                v_i0, v_i1, v_i2, v_i3, v_i4 = T.axis.remap("SSSSS", [i0, i1, i2, i3, i4])
                T.reads(p0[v_i0, v_i1, v_i2 - T.int64(1), v_i3 - T.int64(1), v_i4])
                T.writes(data_pad[v_i0, v_i1, v_i2, v_i3, v_i4])
                data_pad[v_i0, v_i1, v_i2, v_i3, v_i4] = T.if_then_else(T.int64(1) <= v_i2 and v_i2 < T.int64(5) and T.int64(1) <= v_i3 and v_i3 < T.int64(5), p0[v_i0, v_i1, v_i2 - T.int64(1), v_i3 - T.int64(1), v_i4], T.float32(0))
        for n, oc_chunk, oh, ow, oc_block, ic, kh, kw in T.grid(T.int64(1), T.int64(16), T.int64(4), T.int64(4), T.int64(8), T.int64(128), T.int64(3), T.int64(3)):
            with T.block("conv2d_NCHWc"):
                v_n, v_oc_chunk, v_oh, v_ow, v_oc_block, v_ic, v_kh, v_kw = T.axis.remap("SSSSSRRR", [n, oc_chunk, oh, ow, oc_block, ic, kh, kw])
                T.reads(data_pad[v_n, v_ic // T.int64(8), v_oh + v_kh, v_ow + v_kw, v_ic % T.int64(8)], p1[v_oc_chunk, v_ic // T.int64(8), v_kh, v_kw, v_ic % T.int64(8), v_oc_block])
                T.writes(conv2d_NCHWc[v_n, v_oc_chunk, v_oh, v_ow, v_oc_block])
                with T.init():
                    conv2d_NCHWc[v_n, v_oc_chunk, v_oh, v_ow, v_oc_block] = T.float32(0)
                conv2d_NCHWc[v_n, v_oc_chunk, v_oh, v_ow, v_oc_block] = conv2d_NCHWc[v_n, v_oc_chunk, v_oh, v_ow, v_oc_block] + data_pad[v_n, v_ic // T.int64(8), v_oh + v_kh, v_ow + v_kw, v_ic % T.int64(8)] * p1[v_oc_chunk, v_ic // T.int64(8), v_kh, v_kw, v_ic % T.int64(8), v_oc_block]
        for ax0, ax1, ax2, ax3, ax4 in T.grid(T.int64(1), T.int64(16), T.int64(4), T.int64(4), T.int64(8)):
            with T.block("T_add"):
                v_ax0, v_ax1, v_ax2, v_ax3, v_ax4 = T.axis.remap("SSSSS", [ax0, ax1, ax2, ax3, ax4])
                T.reads(conv2d_NCHWc[v_ax0, v_ax1, v_ax2, v_ax3, v_ax4], p2[v_ax0, v_ax1, T.int64(0), T.int64(0), v_ax4])
                T.writes(T_add[v_ax0, v_ax1, v_ax2, v_ax3, v_ax4])
                T_add[v_ax0, v_ax1, v_ax2, v_ax3, v_ax4] = conv2d_NCHWc[v_ax0, v_ax1, v_ax2, v_ax3, v_ax4] + p2[v_ax0, v_ax1, T.int64(0), T.int64(0), v_ax4]
        for ax0, ax1, ax2, ax3, ax4 in T.grid(T.int64(1), T.int64(16), T.int64(4), T.int64(4), T.int64(8)):
            with T.block("T_relu"):
                v_ax0, v_ax1, v_ax2, v_ax3, v_ax4 = T.axis.remap("SSSSS", [ax0, ax1, ax2, ax3, ax4])
                T.reads(T_add[v_ax0, v_ax1, v_ax2, v_ax3, v_ax4])
                T.writes(T_relu[v_ax0, v_ax1, v_ax2, v_ax3, v_ax4])
                T_relu[v_ax0, v_ax1, v_ax2, v_ax3, v_ax4] = T.max(T_add[v_ax0, v_ax1, v_ax2, v_ax3, v_ax4], T.float32(0))
2024-05-19 13:28:35 [INFO] [task_scheduler.cc:164] Total 3 design space(s) generated
2024-05-19 13:28:35 [INFO] [task_scheduler.cc:170] Design space #0:
# from tvm.script import ir as I
# from tvm.script import tir as T

@I.ir_module
class Module:
    @T.prim_func
    def main(p0: T.Buffer((T.int64(1), T.int64(16), T.int64(4), T.int64(4), T.int64(8)), "float32"), p1: T.Buffer((T.int64(16), T.int64(16), T.int64(3), T.int64(3), T.int64(8), T.int64(8)), "float32"), p2: T.Buffer((T.int64(1), T.int64(16), T.int64(1), T.int64(1), T.int64(8)), "float32"), T_relu: T.Buffer((T.int64(1), T.int64(16), T.int64(4), T.int64(4), T.int64(8)), "float32")):
        T.func_attr({"tir.noalias": T.bool(True)})
        with T.block("root"):
            T.reads()
            T.writes()
            T.block_attr({"meta_schedule.parallel": 96, "meta_schedule.unroll_explicit": 16, "meta_schedule.vectorize": 64})
            data_pad = T.alloc_buffer((T.int64(1), T.int64(16), T.int64(6), T.int64(6), T.int64(8)))
            conv2d_NCHWc = T.alloc_buffer((T.int64(1), T.int64(16), T.int64(4), T.int64(4), T.int64(8)))
            for n_0, oc_chunk_0, oh_0, ow_0, oc_block_0, n_1, oc_chunk_1, oh_1, ow_1, oc_block_1, ic_0, kh_0 in T.grid(T.int64(1), T.int64(1), T.int64(4), T.int64(2), T.int64(4), T.int64(1), T.int64(2), T.int64(1), T.int64(1), T.int64(1), T.int64(2), T.int64(3)):
                for ax0, ax1, ax2, ax3, ax4 in T.grid(T.int64(1), T.int64(8), T.int64(1), T.int64(4), T.int64(8)):
                    with T.block("data_pad"):
                        v_i0 = T.axis.spatial(T.int64(1), ax0)
                        v_i1 = T.axis.spatial(T.int64(16), ic_0 * T.int64(8) + ax1)
                        v_i2 = T.axis.spatial(T.int64(6), oh_0 + kh_0 + ax2)
                        v_i3 = T.axis.spatial(T.int64(6), ow_0 * T.int64(2) + ax3)
                        v_i4 = T.axis.spatial(T.int64(8), ax4)
                        T.reads(p0[v_i0, v_i1, v_i2 - T.int64(1), v_i3 - T.int64(1), v_i4])
                        T.writes(data_pad[v_i0, v_i1, v_i2, v_i3, v_i4])
                        data_pad[v_i0, v_i1, v_i2, v_i3, v_i4] = T.if_then_else(T.int64(1) <= v_i2 and v_i2 < T.int64(5) and T.int64(1) <= v_i3 and v_i3 < T.int64(5), p0[v_i0, v_i1, v_i2 - T.int64(1), v_i3 - T.int64(1), v_i4], T.float32(0))
                for kw_0, n_2, oc_chunk_2, oh_2, ow_2, oc_block_2, ic_1, kh_1, kw_1, n_3, oc_chunk_3, oh_3, ow_3, oc_block_3 in T.grid(T.int64(3), T.int64(1), T.int64(2), T.int64(1), T.int64(1), T.int64(2), T.int64(64), T.int64(1), T.int64(1), T.int64(1), T.int64(4), T.int64(1), T.int64(2), T.int64(1)):
                    with T.block("conv2d_NCHWc"):
                        v_n = T.axis.spatial(T.int64(1), n_0 + n_1 + n_2 + n_3)
                        v_oc_chunk = T.axis.spatial(T.int64(16), oc_chunk_0 * T.int64(16) + oc_chunk_1 * T.int64(8) + oc_chunk_2 * T.int64(4) + oc_chunk_3)
                        v_oh = T.axis.spatial(T.int64(4), oh_0 + oh_1 + oh_2 + oh_3)
                        v_ow = T.axis.spatial(T.int64(4), ow_0 * T.int64(2) + ow_1 * T.int64(2) + ow_2 * T.int64(2) + ow_3)
                        v_oc_block = T.axis.spatial(T.int64(8), oc_block_0 * T.int64(2) + oc_block_1 * T.int64(2) + oc_block_2 + oc_block_3)
                        v_ic = T.axis.reduce(T.int64(128), ic_0 * T.int64(64) + ic_1)
                        v_kh = T.axis.reduce(T.int64(3), kh_0 + kh_1)
                        v_kw = T.axis.reduce(T.int64(3), kw_0 + kw_1)
                        T.reads(data_pad[v_n, v_ic // T.int64(8), v_oh + v_kh, v_ow + v_kw, v_ic % T.int64(8)], p1[v_oc_chunk, v_ic // T.int64(8), v_kh, v_kw, v_ic % T.int64(8), v_oc_block])
                        T.writes(conv2d_NCHWc[v_n, v_oc_chunk, v_oh, v_ow, v_oc_block])
                        T.block_attr({"meta_schedule.tiling_structure": "SSRSRS"})
                        with T.init():
                            conv2d_NCHWc[v_n, v_oc_chunk, v_oh, v_ow, v_oc_block] = T.float32(0)
                        conv2d_NCHWc[v_n, v_oc_chunk, v_oh, v_ow, v_oc_block] = conv2d_NCHWc[v_n, v_oc_chunk, v_oh, v_ow, v_oc_block] + data_pad[v_n, v_ic // T.int64(8), v_oh + v_kh, v_ow + v_kw, v_ic % T.int64(8)] * p1[v_oc_chunk, v_ic // T.int64(8), v_kh, v_kw, v_ic % T.int64(8), v_oc_block]
            for ax0, ax1, ax2, ax3, ax4 in T.grid(T.int64(1), T.int64(16), T.int64(4), T.int64(4), T.int64(8)):
                with T.block("T_relu"):
                    v_ax0, v_ax1, v_ax2, v_ax3, v_ax4 = T.axis.remap("SSSSS", [ax0, ax1, ax2, ax3, ax4])
                    T.reads(conv2d_NCHWc[v_ax0, v_ax1, v_ax2, v_ax3, v_ax4], p2[v_ax0, v_ax1, T.int64(0), T.int64(0), v_ax4])
                    T.writes(T_relu[v_ax0, v_ax1, v_ax2, v_ax3, v_ax4])
                    T_relu[v_ax0, v_ax1, v_ax2, v_ax3, v_ax4] = T.max(conv2d_NCHWc[v_ax0, v_ax1, v_ax2, v_ax3, v_ax4] + p2[v_ax0, v_ax1, T.int64(0), T.int64(0), v_ax4], T.float32(0))
b0 = sch.get_block(name="data_pad", func_name="main")
b1 = sch.get_block(name="conv2d_NCHWc", func_name="main")
b2 = sch.get_block(name="T_add", func_name="main")
b3 = sch.get_block(name="root", func_name="main")
sch.compute_inline(block=b2)
sch.annotate(block_or_loop=b1, ann_key="meta_schedule.tiling_structure", ann_val="SSRSRS")
l4, l5, l6, l7, l8, l9, l10, l11 = sch.get_loops(block=b1)
v12, v13, v14, v15 = sch.sample_perfect_tile(loop=l4, n=4, max_innermost_factor=64, decision=[1, 1, 1, 1])
l16, l17, l18, l19 = sch.split(loop=l4, factors=[v12, v13, v14, v15], preserve_unit_iters=True, disable_predication=False)
v20, v21, v22, v23 = sch.sample_perfect_tile(loop=l5, n=4, max_innermost_factor=64, decision=[1, 2, 2, 4])
l24, l25, l26, l27 = sch.split(loop=l5, factors=[v20, v21, v22, v23], preserve_unit_iters=True, disable_predication=False)
v28, v29, v30, v31 = sch.sample_perfect_tile(loop=l6, n=4, max_innermost_factor=64, decision=[4, 1, 1, 1])
l32, l33, l34, l35 = sch.split(loop=l6, factors=[v28, v29, v30, v31], preserve_unit_iters=True, disable_predication=False)
v36, v37, v38, v39 = sch.sample_perfect_tile(loop=l7, n=4, max_innermost_factor=64, decision=[2, 1, 1, 2])
l40, l41, l42, l43 = sch.split(loop=l7, factors=[v36, v37, v38, v39], preserve_unit_iters=True, disable_predication=False)
v44, v45, v46, v47 = sch.sample_perfect_tile(loop=l8, n=4, max_innermost_factor=64, decision=[4, 1, 2, 1])
l48, l49, l50, l51 = sch.split(loop=l8, factors=[v44, v45, v46, v47], preserve_unit_iters=True, disable_predication=False)
v52, v53 = sch.sample_perfect_tile(loop=l9, n=2, max_innermost_factor=64, decision=[2, 64])
l54, l55 = sch.split(loop=l9, factors=[v52, v53], preserve_unit_iters=True, disable_predication=False)
v56, v57 = sch.sample_perfect_tile(loop=l10, n=2, max_innermost_factor=64, decision=[3, 1])
l58, l59 = sch.split(loop=l10, factors=[v56, v57], preserve_unit_iters=True, disable_predication=False)
v60, v61 = sch.sample_perfect_tile(loop=l11, n=2, max_innermost_factor=64, decision=[3, 1])
l62, l63 = sch.split(loop=l11, factors=[v60, v61], preserve_unit_iters=True, disable_predication=False)
sch.reorder(l16, l24, l32, l40, l48, l17, l25, l33, l41, l49, l54, l58, l62, l18, l26, l34, l42, l50, l55, l59, l63, l19, l27, l35, l43, l51)
sch.annotate(block_or_loop=b3, ann_key="meta_schedule.parallel", ann_val=96)
sch.annotate(block_or_loop=b3, ann_key="meta_schedule.vectorize", ann_val=64)
v64 = sch.sample_categorical(candidates=[0, 16, 64, 512], probs=[0.25, 0.25, 0.25, 0.25], decision=1)
sch.annotate(block_or_loop=b3, ann_key="meta_schedule.unroll_explicit", ann_val=v64)
l65 = sch.sample_compute_location(block=b0, decision=11)
sch.compute_at(block=b0, loop=l65, preserve_unit_loops=True, index=-1)
2024-05-19 13:28:35 [INFO] [task_scheduler.cc:170] Design space #1:
# from tvm.script import ir as I
# from tvm.script import tir as T

@I.ir_module
class Module:
    @T.prim_func
    def main(p0: T.Buffer((T.int64(1), T.int64(16), T.int64(4), T.int64(4), T.int64(8)), "float32"), p1: T.Buffer((T.int64(16), T.int64(16), T.int64(3), T.int64(3), T.int64(8), T.int64(8)), "float32"), p2: T.Buffer((T.int64(1), T.int64(16), T.int64(1), T.int64(1), T.int64(8)), "float32"), T_relu: T.Buffer((T.int64(1), T.int64(16), T.int64(4), T.int64(4), T.int64(8)), "float32")):
        T.func_attr({"tir.noalias": T.bool(True)})
        with T.block("root"):
            T.reads()
            T.writes()
            T.block_attr({"meta_schedule.parallel": 96, "meta_schedule.unroll_explicit": 16, "meta_schedule.vectorize": 64})
            data_pad = T.alloc_buffer((T.int64(1), T.int64(16), T.int64(6), T.int64(6), T.int64(8)))
            conv2d_NCHWc = T.alloc_buffer((T.int64(1), T.int64(16), T.int64(4), T.int64(4), T.int64(8)))
            for n_0, oc_chunk_0, oh_0, ow_0, oc_block_0 in T.grid(T.int64(1), T.int64(1), T.int64(4), T.int64(2), T.int64(4)):
                for ax0, ax1, ax2, ax3, ax4 in T.grid(T.int64(1), T.int64(16), T.int64(3), T.int64(4), T.int64(8)):
                    with T.block("data_pad"):
                        v_i0, v_i1 = T.axis.remap("SS", [ax0, ax1])
                        v_i2 = T.axis.spatial(T.int64(6), oh_0 + ax2)
                        v_i3 = T.axis.spatial(T.int64(6), ow_0 * T.int64(2) + ax3)
                        v_i4 = T.axis.spatial(T.int64(8), ax4)
                        T.reads(p0[v_i0, v_i1, v_i2 - T.int64(1), v_i3 - T.int64(1), v_i4])
                        T.writes(data_pad[v_i0, v_i1, v_i2, v_i3, v_i4])
                        data_pad[v_i0, v_i1, v_i2, v_i3, v_i4] = T.if_then_else(T.int64(1) <= v_i2 and v_i2 < T.int64(5) and T.int64(1) <= v_i3 and v_i3 < T.int64(5), p0[v_i0, v_i1, v_i2 - T.int64(1), v_i3 - T.int64(1), v_i4], T.float32(0))
                for n_1, oc_chunk_1, oh_1, ow_1, oc_block_1 in T.grid(T.int64(1), T.int64(2), T.int64(1), T.int64(1), T.int64(1)):
                    for ic_0, kh_0, kw_0, n_2, oc_chunk_2, oh_2, ow_2, oc_block_2, ic_1, kh_1, kw_1, n_3, oc_chunk_3, oh_3, ow_3, oc_block_3 in T.grid(T.int64(2), T.int64(3), T.int64(3), T.int64(1), T.int64(2), T.int64(1), T.int64(1), T.int64(2), T.int64(64), T.int64(1), T.int64(1), T.int64(1), T.int64(4), T.int64(1), T.int64(2), T.int64(1)):
                        with T.block("conv2d_NCHWc"):
                            v_n = T.axis.spatial(T.int64(1), n_0 + n_1 + n_2 + n_3)
                            v_oc_chunk = T.axis.spatial(T.int64(16), oc_chunk_0 * T.int64(16) + oc_chunk_1 * T.int64(8) + oc_chunk_2 * T.int64(4) + oc_chunk_3)
                            v_oh = T.axis.spatial(T.int64(4), oh_0 + oh_1 + oh_2 + oh_3)
                            v_ow = T.axis.spatial(T.int64(4), ow_0 * T.int64(2) + ow_1 * T.int64(2) + ow_2 * T.int64(2) + ow_3)
                            v_oc_block = T.axis.spatial(T.int64(8), oc_block_0 * T.int64(2) + oc_block_1 * T.int64(2) + oc_block_2 + oc_block_3)
                            v_ic = T.axis.reduce(T.int64(128), ic_0 * T.int64(64) + ic_1)
                            v_kh = T.axis.reduce(T.int64(3), kh_0 + kh_1)
                            v_kw = T.axis.reduce(T.int64(3), kw_0 + kw_1)
                            T.reads(data_pad[v_n, v_ic // T.int64(8), v_oh + v_kh, v_ow + v_kw, v_ic % T.int64(8)], p1[v_oc_chunk, v_ic // T.int64(8), v_kh, v_kw, v_ic % T.int64(8), v_oc_block])
                            T.writes(conv2d_NCHWc[v_n, v_oc_chunk, v_oh, v_ow, v_oc_block])
                            T.block_attr({"meta_schedule.tiling_structure": "SSRSRS"})
                            with T.init():
                                conv2d_NCHWc[v_n, v_oc_chunk, v_oh, v_ow, v_oc_block] = T.float32(0)
                            conv2d_NCHWc[v_n, v_oc_chunk, v_oh, v_ow, v_oc_block] = conv2d_NCHWc[v_n, v_oc_chunk, v_oh, v_ow, v_oc_block] + data_pad[v_n, v_ic // T.int64(8), v_oh + v_kh, v_ow + v_kw, v_ic % T.int64(8)] * p1[v_oc_chunk, v_ic // T.int64(8), v_kh, v_kw, v_ic % T.int64(8), v_oc_block]
                    for ax0, ax1, ax2, ax3, ax4 in T.grid(T.int64(1), T.int64(8), T.int64(1), T.int64(2), T.int64(2)):
                        with T.block("T_relu"):
                            v_ax0 = T.axis.spatial(T.int64(1), ax0)
                            v_ax1 = T.axis.spatial(T.int64(16), oc_chunk_1 * T.int64(8) + ax1)
                            v_ax2 = T.axis.spatial(T.int64(4), oh_0 + ax2)
                            v_ax3 = T.axis.spatial(T.int64(4), ow_0 * T.int64(2) + ax3)
                            v_ax4 = T.axis.spatial(T.int64(8), oc_block_0 * T.int64(2) + ax4)
                            T.reads(conv2d_NCHWc[v_ax0, v_ax1, v_ax2, v_ax3, v_ax4], p2[v_ax0, v_ax1, T.int64(0), T.int64(0), v_ax4])
                            T.writes(T_relu[v_ax0, v_ax1, v_ax2, v_ax3, v_ax4])
                            T_relu[v_ax0, v_ax1, v_ax2, v_ax3, v_ax4] = T.max(conv2d_NCHWc[v_ax0, v_ax1, v_ax2, v_ax3, v_ax4] + p2[v_ax0, v_ax1, T.int64(0), T.int64(0), v_ax4], T.float32(0))
b0 = sch.get_block(name="data_pad", func_name="main")
b1 = sch.get_block(name="conv2d_NCHWc", func_name="main")
b2 = sch.get_block(name="T_add", func_name="main")
b3 = sch.get_block(name="root", func_name="main")
sch.compute_inline(block=b2)
sch.annotate(block_or_loop=b1, ann_key="meta_schedule.tiling_structure", ann_val="SSRSRS")
l4, l5, l6, l7, l8, l9, l10, l11 = sch.get_loops(block=b1)
v12, v13, v14, v15 = sch.sample_perfect_tile(loop=l4, n=4, max_innermost_factor=64, decision=[1, 1, 1, 1])
l16, l17, l18, l19 = sch.split(loop=l4, factors=[v12, v13, v14, v15], preserve_unit_iters=True, disable_predication=False)
v20, v21, v22, v23 = sch.sample_perfect_tile(loop=l5, n=4, max_innermost_factor=64, decision=[1, 2, 2, 4])
l24, l25, l26, l27 = sch.split(loop=l5, factors=[v20, v21, v22, v23], preserve_unit_iters=True, disable_predication=False)
v28, v29, v30, v31 = sch.sample_perfect_tile(loop=l6, n=4, max_innermost_factor=64, decision=[4, 1, 1, 1])
l32, l33, l34, l35 = sch.split(loop=l6, factors=[v28, v29, v30, v31], preserve_unit_iters=True, disable_predication=False)
v36, v37, v38, v39 = sch.sample_perfect_tile(loop=l7, n=4, max_innermost_factor=64, decision=[2, 1, 1, 2])
l40, l41, l42, l43 = sch.split(loop=l7, factors=[v36, v37, v38, v39], preserve_unit_iters=True, disable_predication=False)
v44, v45, v46, v47 = sch.sample_perfect_tile(loop=l8, n=4, max_innermost_factor=64, decision=[4, 1, 2, 1])
l48, l49, l50, l51 = sch.split(loop=l8, factors=[v44, v45, v46, v47], preserve_unit_iters=True, disable_predication=False)
v52, v53 = sch.sample_perfect_tile(loop=l9, n=2, max_innermost_factor=64, decision=[2, 64])
l54, l55 = sch.split(loop=l9, factors=[v52, v53], preserve_unit_iters=True, disable_predication=False)
v56, v57 = sch.sample_perfect_tile(loop=l10, n=2, max_innermost_factor=64, decision=[3, 1])
l58, l59 = sch.split(loop=l10, factors=[v56, v57], preserve_unit_iters=True, disable_predication=False)
v60, v61 = sch.sample_perfect_tile(loop=l11, n=2, max_innermost_factor=64, decision=[3, 1])
l62, l63 = sch.split(loop=l11, factors=[v60, v61], preserve_unit_iters=True, disable_predication=False)
sch.reorder(l16, l24, l32, l40, l48, l17, l25, l33, l41, l49, l54, l58, l62, l18, l26, l34, l42, l50, l55, l59, l63, l19, l27, l35, l43, l51)
b64, = sch.get_consumers(block=b1)
sch.reverse_compute_at(block=b64, loop=l49, preserve_unit_loops=True, index=-1)
sch.annotate(block_or_loop=b3, ann_key="meta_schedule.parallel", ann_val=96)
sch.annotate(block_or_loop=b3, ann_key="meta_schedule.vectorize", ann_val=64)
v65 = sch.sample_categorical(candidates=[0, 16, 64, 512], probs=[0.25, 0.25, 0.25, 0.25], decision=1)
sch.annotate(block_or_loop=b3, ann_key="meta_schedule.unroll_explicit", ann_val=v65)
l66 = sch.sample_compute_location(block=b0, decision=4)
sch.compute_at(block=b0, loop=l66, preserve_unit_loops=True, index=-1)
2024-05-19 13:28:35 [INFO] [task_scheduler.cc:170] Design space #2:
# from tvm.script import ir as I
# from tvm.script import tir as T

@I.ir_module
class Module:
    @T.prim_func
    def main(p0: T.Buffer((T.int64(1), T.int64(16), T.int64(4), T.int64(4), T.int64(8)), "float32"), p1: T.Buffer((T.int64(16), T.int64(16), T.int64(3), T.int64(3), T.int64(8), T.int64(8)), "float32"), p2: T.Buffer((T.int64(1), T.int64(16), T.int64(1), T.int64(1), T.int64(8)), "float32"), T_relu: T.Buffer((T.int64(1), T.int64(16), T.int64(4), T.int64(4), T.int64(8)), "float32")):
        T.func_attr({"tir.noalias": T.bool(True)})
        with T.block("root"):
            T.reads()
            T.writes()
            T.block_attr({"meta_schedule.parallel": 96, "meta_schedule.unroll_explicit": 0, "meta_schedule.vectorize": 64})
            data_pad = T.alloc_buffer((T.int64(1), T.int64(16), T.int64(6), T.int64(6), T.int64(8)))
            conv2d_NCHWc = T.alloc_buffer((T.int64(1), T.int64(16), T.int64(4), T.int64(4), T.int64(8)))
            for n_0, oc_chunk_0, oh_0 in T.grid(T.int64(1), T.int64(1), T.int64(4)):
                for ax0, ax1, ax2, ax3, ax4 in T.grid(T.int64(1), T.int64(16), T.int64(3), T.int64(6), T.int64(8)):
                    with T.block("data_pad"):
                        v_i0, v_i1 = T.axis.remap("SS", [ax0, ax1])
                        v_i2 = T.axis.spatial(T.int64(6), oh_0 + ax2)
                        v_i3, v_i4 = T.axis.remap("SS", [ax3, ax4])
                        T.reads(p0[v_i0, v_i1, v_i2 - T.int64(1), v_i3 - T.int64(1), v_i4])
                        T.writes(data_pad[v_i0, v_i1, v_i2, v_i3, v_i4])
                        data_pad[v_i0, v_i1, v_i2, v_i3, v_i4] = T.if_then_else(T.int64(1) <= v_i2 and v_i2 < T.int64(5) and T.int64(1) <= v_i3 and v_i3 < T.int64(5), p0[v_i0, v_i1, v_i2 - T.int64(1), v_i3 - T.int64(1), v_i4], T.float32(0))
                for ow_0, oc_block_0 in T.grid(T.int64(2), T.int64(4)):
                    for n_1, oc_chunk_1, oh_1, ow_1, oc_block_1, ic_0, kh_0, kw_0, n_2, oc_chunk_2, oh_2, ow_2, oc_block_2, ic_1, kh_1, kw_1, n_3, oc_chunk_3, oh_3, ow_3, oc_block_3 in T.grid(T.int64(1), T.int64(2), T.int64(1), T.int64(1), T.int64(1), T.int64(2), T.int64(3), T.int64(3), T.int64(1), T.int64(2), T.int64(1), T.int64(1), T.int64(2), T.int64(64), T.int64(1), T.int64(1), T.int64(1), T.int64(4), T.int64(1), T.int64(2), T.int64(1)):
                        with T.block("conv2d_NCHWc"):
                            v_n = T.axis.spatial(T.int64(1), n_0 + n_1 + n_2 + n_3)
                            v_oc_chunk = T.axis.spatial(T.int64(16), oc_chunk_0 * T.int64(16) + oc_chunk_1 * T.int64(8) + oc_chunk_2 * T.int64(4) + oc_chunk_3)
                            v_oh = T.axis.spatial(T.int64(4), oh_0 + oh_1 + oh_2 + oh_3)
                            v_ow = T.axis.spatial(T.int64(4), ow_0 * T.int64(2) + ow_1 * T.int64(2) + ow_2 * T.int64(2) + ow_3)
                            v_oc_block = T.axis.spatial(T.int64(8), oc_block_0 * T.int64(2) + oc_block_1 * T.int64(2) + oc_block_2 + oc_block_3)
                            v_ic = T.axis.reduce(T.int64(128), ic_0 * T.int64(64) + ic_1)
                            v_kh = T.axis.reduce(T.int64(3), kh_0 + kh_1)
                            v_kw = T.axis.reduce(T.int64(3), kw_0 + kw_1)
                            T.reads(data_pad[v_n, v_ic // T.int64(8), v_oh + v_kh, v_ow + v_kw, v_ic % T.int64(8)], p1[v_oc_chunk, v_ic // T.int64(8), v_kh, v_kw, v_ic % T.int64(8), v_oc_block])
                            T.writes(conv2d_NCHWc[v_n, v_oc_chunk, v_oh, v_ow, v_oc_block])
                            T.block_attr({"meta_schedule.tiling_structure": "SSRSRS"})
                            with T.init():
                                conv2d_NCHWc[v_n, v_oc_chunk, v_oh, v_ow, v_oc_block] = T.float32(0)
                            conv2d_NCHWc[v_n, v_oc_chunk, v_oh, v_ow, v_oc_block] = conv2d_NCHWc[v_n, v_oc_chunk, v_oh, v_ow, v_oc_block] + data_pad[v_n, v_ic // T.int64(8), v_oh + v_kh, v_ow + v_kw, v_ic % T.int64(8)] * p1[v_oc_chunk, v_ic // T.int64(8), v_kh, v_kw, v_ic % T.int64(8), v_oc_block]
                    for ax0, ax1, ax2, ax3, ax4 in T.grid(T.int64(1), T.int64(16), T.int64(1), T.int64(2), T.int64(2)):
                        with T.block("T_relu"):
                            v_ax0, v_ax1 = T.axis.remap("SS", [ax0, ax1])
                            v_ax2 = T.axis.spatial(T.int64(4), oh_0 + ax2)
                            v_ax3 = T.axis.spatial(T.int64(4), ow_0 * T.int64(2) + ax3)
                            v_ax4 = T.axis.spatial(T.int64(8), oc_block_0 * T.int64(2) + ax4)
                            T.reads(conv2d_NCHWc[v_ax0, v_ax1, v_ax2, v_ax3, v_ax4], p2[v_ax0, v_ax1, T.int64(0), T.int64(0), v_ax4])
                            T.writes(T_relu[v_ax0, v_ax1, v_ax2, v_ax3, v_ax4])
                            T_relu[v_ax0, v_ax1, v_ax2, v_ax3, v_ax4] = T.max(conv2d_NCHWc[v_ax0, v_ax1, v_ax2, v_ax3, v_ax4] + p2[v_ax0, v_ax1, T.int64(0), T.int64(0), v_ax4], T.float32(0))
b0 = sch.get_block(name="data_pad", func_name="main")
b1 = sch.get_block(name="conv2d_NCHWc", func_name="main")
b2 = sch.get_block(name="T_add", func_name="main")
b3 = sch.get_block(name="root", func_name="main")
sch.compute_inline(block=b2)
sch.annotate(block_or_loop=b1, ann_key="meta_schedule.tiling_structure", ann_val="SSRSRS")
l4, l5, l6, l7, l8, l9, l10, l11 = sch.get_loops(block=b1)
v12, v13, v14, v15 = sch.sample_perfect_tile(loop=l4, n=4, max_innermost_factor=64, decision=[1, 1, 1, 1])
l16, l17, l18, l19 = sch.split(loop=l4, factors=[v12, v13, v14, v15], preserve_unit_iters=True, disable_predication=False)
v20, v21, v22, v23 = sch.sample_perfect_tile(loop=l5, n=4, max_innermost_factor=64, decision=[1, 2, 2, 4])
l24, l25, l26, l27 = sch.split(loop=l5, factors=[v20, v21, v22, v23], preserve_unit_iters=True, disable_predication=False)
v28, v29, v30, v31 = sch.sample_perfect_tile(loop=l6, n=4, max_innermost_factor=64, decision=[4, 1, 1, 1])
l32, l33, l34, l35 = sch.split(loop=l6, factors=[v28, v29, v30, v31], preserve_unit_iters=True, disable_predication=False)
v36, v37, v38, v39 = sch.sample_perfect_tile(loop=l7, n=4, max_innermost_factor=64, decision=[2, 1, 1, 2])
l40, l41, l42, l43 = sch.split(loop=l7, factors=[v36, v37, v38, v39], preserve_unit_iters=True, disable_predication=False)
v44, v45, v46, v47 = sch.sample_perfect_tile(loop=l8, n=4, max_innermost_factor=64, decision=[4, 1, 2, 1])
l48, l49, l50, l51 = sch.split(loop=l8, factors=[v44, v45, v46, v47], preserve_unit_iters=True, disable_predication=False)
v52, v53 = sch.sample_perfect_tile(loop=l9, n=2, max_innermost_factor=64, decision=[2, 64])
l54, l55 = sch.split(loop=l9, factors=[v52, v53], preserve_unit_iters=True, disable_predication=False)
v56, v57 = sch.sample_perfect_tile(loop=l10, n=2, max_innermost_factor=64, decision=[3, 1])
l58, l59 = sch.split(loop=l10, factors=[v56, v57], preserve_unit_iters=True, disable_predication=False)
v60, v61 = sch.sample_perfect_tile(loop=l11, n=2, max_innermost_factor=64, decision=[3, 1])
l62, l63 = sch.split(loop=l11, factors=[v60, v61], preserve_unit_iters=True, disable_predication=False)
sch.reorder(l16, l24, l32, l40, l48, l17, l25, l33, l41, l49, l54, l58, l62, l18, l26, l34, l42, l50, l55, l59, l63, l19, l27, l35, l43, l51)
b64, = sch.get_consumers(block=b1)
sch.reverse_compute_at(block=b64, loop=l48, preserve_unit_loops=True, index=-1)
sch.annotate(block_or_loop=b3, ann_key="meta_schedule.parallel", ann_val=96)
sch.annotate(block_or_loop=b3, ann_key="meta_schedule.vectorize", ann_val=64)
v65 = sch.sample_categorical(candidates=[0, 16, 64, 512], probs=[0.25, 0.25, 0.25, 0.25], decision=0)
sch.annotate(block_or_loop=b3, ann_key="meta_schedule.unroll_explicit", ann_val=v65)
l66 = sch.sample_compute_location(block=b0, decision=2)
sch.compute_at(block=b0, loop=l66, preserve_unit_loops=True, index=-1)
2024-05-19 13:52:56 [INFO] [evolutionary_search.cc:713] Generating candidates......
2024-05-19 13:52:56 [INFO] [evolutionary_search.cc:715] Picked top 0 candidate(s) from database
2024-05-19 13:52:58 [INFO] [evolutionary_search.cc:533] Sample-Init-Population summary:
Postproc #0 [meta_schedule.DisallowDynamicLoop(0xc3cd6a8)]: 0 failure(s)
Postproc #1 [meta_schedule.RewriteParallelVectorizeUnroll(0x14e70098)]: 0 failure(s)
Postproc #2 [meta_schedule.RewriteReductionBlock(0xce6f748)]: 0 failure(s)
Postproc #3 [meta_schedule.RewriteLayout(0x14a48048)]: 0 failure(s)
2024-05-19 13:52:58 [INFO] [evolutionary_search.cc:723] Sampled 512 candidate(s)
2024-05-19 13:53:00 [INFO] [evolutionary_search.cc:621] Evolve iter #0 done. Summary:
Postproc #0 [meta_schedule.DisallowDynamicLoop(0xc3cd6a8)]: 0 failure(s)
Postproc #1 [meta_schedule.RewriteParallelVectorizeUnroll(0x14e70098)]: 0 failure(s)
Postproc #2 [meta_schedule.RewriteReductionBlock(0xce6f748)]: 0 failure(s)
Postproc #3 [meta_schedule.RewriteLayout(0x14a48048)]: 0 failure(s)
2024-05-19 13:53:03 [INFO] [evolutionary_search.cc:621] Evolve iter #1 done. Summary:
Postproc #0 [meta_schedule.DisallowDynamicLoop(0xc3cd6a8)]: 0 failure(s)
Postproc #1 [meta_schedule.RewriteParallelVectorizeUnroll(0x14e70098)]: 0 failure(s)
Postproc #2 [meta_schedule.RewriteReductionBlock(0xce6f748)]: 0 failure(s)
Postproc #3 [meta_schedule.RewriteLayout(0x14a48048)]: 0 failure(s)
2024-05-19 13:53:05 [INFO] [evolutionary_search.cc:621] Evolve iter #2 done. Summary:
Postproc #0 [meta_schedule.DisallowDynamicLoop(0xc3cd6a8)]: 0 failure(s)
Postproc #1 [meta_schedule.RewriteParallelVectorizeUnroll(0x14e70098)]: 0 failure(s)
Postproc #2 [meta_schedule.RewriteReductionBlock(0xce6f748)]: 0 failure(s)
Postproc #3 [meta_schedule.RewriteLayout(0x14a48048)]: 0 failure(s)
2024-05-19 13:53:07 [INFO] [evolutionary_search.cc:621] Evolve iter #3 done. Summary:
Postproc #0 [meta_schedule.DisallowDynamicLoop(0xc3cd6a8)]: 0 failure(s)
Postproc #1 [meta_schedule.RewriteParallelVectorizeUnroll(0x14e70098)]: 0 failure(s)
Postproc #2 [meta_schedule.RewriteReductionBlock(0xce6f748)]: 0 failure(s)
Postproc #3 [meta_schedule.RewriteLayout(0x14a48048)]: 0 failure(s)
2024-05-19 13:53:08 [INFO] [evolutionary_search.cc:649] Scores of the best 64 candidates:
[1 : 16]:	0.9998  0.9997  0.9988  0.9985  0.9977  0.9971  0.9969  0.9966  0.9964  0.9959  0.9958  0.9958  0.9956  0.9956  0.9953  0.9953
[17 : 32]:	0.9945  0.9940  0.9936  0.9927  0.9927  0.9916  0.9909  0.9905  0.9897  0.9863  0.9849  0.9843  0.9840  0.9839  0.9837  0.9816
[33 : 48]:	0.9814  0.9813  0.9812  0.9780  0.9776  0.9762  0.9762  0.9760  0.9754  0.9749  0.9747  0.9737  0.9735  0.9728  0.9724  0.9722
[49 : 64]:	0.9710  0.9701  0.9697  0.9695  0.9695  0.9693  0.9685  0.9679  0.9672  0.9669  0.9656  0.9645  0.9640  0.9639  0.9631  0.9627
2024-05-19 13:53:08 [INFO] [evolutionary_search.cc:727] Got 64 candidate(s) with evolutionary search
2024-05-19 13:53:08 [INFO] [evolutionary_search.cc:730] Sending 64 candidates(s) for measurement
2024-05-19 14:19:07 [INFO] [task_scheduler.cc:131] [Task #14: fused_nn_contrib_conv2d_NCHWc_add_nn_relu_7] Trial #1: GFLOPs: 8.7824. Time: 537.7444 us. Best GFLOPs: 8.7824
2024-05-19 14:19:07 [INFO] [task_scheduler.cc:131] [Task #14: fused_nn_contrib_conv2d_NCHWc_add_nn_relu_7] Trial #2: GFLOPs: 19.1947. Time: 246.0414 us. Best GFLOPs: 19.1947
2024-05-19 14:19:07 [INFO] [task_scheduler.cc:131] [Task #14: fused_nn_contrib_conv2d_NCHWc_add_nn_relu_7] Trial #3: GFLOPs: 7.4707. Time: 632.1574 us. Best GFLOPs: 19.1947
2024-05-19 14:19:07 [INFO] [task_scheduler.cc:131] [Task #14: fused_nn_contrib_conv2d_NCHWc_add_nn_relu_7] Trial #4: GFLOPs: 13.4084. Time: 352.2186 us. Best GFLOPs: 19.1947
2024-05-19 14:19:07 [INFO] [task_scheduler.cc:131] [Task #14: fused_nn_contrib_conv2d_NCHWc_add_nn_relu_7] Trial #5: GFLOPs: 7.1475. Time: 660.7449 us. Best GFLOPs: 19.1947
2024-05-19 14:19:07 [INFO] [task_scheduler.cc:131] [Task #14: fused_nn_contrib_conv2d_NCHWc_add_nn_relu_7] Trial #6: GFLOPs: 10.3258. Time: 457.3691 us. Best GFLOPs: 19.1947
2024-05-19 14:19:07 [INFO] [task_scheduler.cc:131] [Task #14: fused_nn_contrib_conv2d_NCHWc_add_nn_relu_7] Trial #7: GFLOPs: 51.5901. Time: 91.5425 us. Best GFLOPs: 51.5901
2024-05-19 14:19:07 [INFO] [task_scheduler.cc:131] [Task #14: fused_nn_contrib_conv2d_NCHWc_add_nn_relu_7] Trial #8: GFLOPs: 10.1288. Time: 466.2655 us. Best GFLOPs: 51.5901
2024-05-19 14:19:07 [INFO] [task_scheduler.cc:131] [Task #14: fused_nn_contrib_conv2d_NCHWc_add_nn_relu_7] Trial #9: GFLOPs: 40.2593. Time: 117.3066 us. Best GFLOPs: 51.5901
2024-05-19 14:19:07 [INFO] [task_scheduler.cc:131] [Task #14: fused_nn_contrib_conv2d_NCHWc_add_nn_relu_7] Trial #10: GFLOPs: 24.9146. Time: 189.5549 us. Best GFLOPs: 51.5901
2024-05-19 14:19:07 [INFO] [task_scheduler.cc:131] [Task #14: fused_nn_contrib_conv2d_NCHWc_add_nn_relu_7] Trial #11: GFLOPs: 5.5290. Time: 854.1709 us. Best GFLOPs: 51.5901
2024-05-19 14:19:07 [INFO] [task_scheduler.cc:131] [Task #14: fused_nn_contrib_conv2d_NCHWc_add_nn_relu_7] Trial #12: GFLOPs: 19.6583. Time: 240.2384 us. Best GFLOPs: 51.5901
2024-05-19 14:19:07 [INFO] [task_scheduler.cc:131] [Task #14: fused_nn_contrib_conv2d_NCHWc_add_nn_relu_7] Trial #13: GFLOPs: 40.3448. Time: 117.0582 us. Best GFLOPs: 51.5901
2024-05-19 14:19:07 [INFO] [task_scheduler.cc:131] [Task #14: fused_nn_contrib_conv2d_NCHWc_add_nn_relu_7] Trial #14: GFLOPs: 2.8934. Time: 1632.2208 us. Best GFLOPs: 51.5901
2024-05-19 14:19:07 [INFO] [task_scheduler.cc:131] [Task #14: fused_nn_contrib_conv2d_NCHWc_add_nn_relu_7] Trial #15: GFLOPs: 5.9318. Time: 796.1602 us. Best GFLOPs: 51.5901
2024-05-19 14:19:07 [INFO] [task_scheduler.cc:131] [Task #14: fused_nn_contrib_conv2d_NCHWc_add_nn_relu_7] Trial #16: GFLOPs: 26.6376. Time: 177.2943 us. Best GFLOPs: 51.5901
2024-05-19 14:19:07 [INFO] [task_scheduler.cc:131] [Task #14: fused_nn_contrib_conv2d_NCHWc_add_nn_relu_7] Trial #17: GFLOPs: 42.8082. Time: 110.3220 us. Best GFLOPs: 51.5901
2024-05-19 14:19:07 [INFO] [task_scheduler.cc:131] [Task #14: fused_nn_contrib_conv2d_NCHWc_add_nn_relu_7] Trial #18: GFLOPs: 7.5158. Time: 628.3719 us. Best GFLOPs: 51.5901
2024-05-19 14:19:07 [INFO] [task_scheduler.cc:131] [Task #14: fused_nn_contrib_conv2d_NCHWc_add_nn_relu_7] Trial #19: GFLOPs: 1.9664. Time: 2401.6394 us. Best GFLOPs: 51.5901
2024-05-19 14:19:07 [INFO] [task_scheduler.cc:131] [Task #14: fused_nn_contrib_conv2d_NCHWc_add_nn_relu_7] Trial #20: GFLOPs: 27.7602. Time: 170.1242 us. Best GFLOPs: 51.5901
2024-05-19 14:19:07 [INFO] [task_scheduler.cc:131] [Task #14: fused_nn_contrib_conv2d_NCHWc_add_nn_relu_7] Trial #21: GFLOPs: 11.3939. Time: 414.4914 us. Best GFLOPs: 51.5901
2024-05-19 14:19:07 [INFO] [task_scheduler.cc:131] [Task #14: fused_nn_contrib_conv2d_NCHWc_add_nn_relu_7] Trial #22: GFLOPs: 26.4813. Time: 178.3405 us. Best GFLOPs: 51.5901
2024-05-19 14:19:07 [INFO] [task_scheduler.cc:131] [Task #14: fused_nn_contrib_conv2d_NCHWc_add_nn_relu_7] Trial #23: GFLOPs: 25.3832. Time: 186.0554 us. Best GFLOPs: 51.5901
2024-05-19 14:19:07 [INFO] [task_scheduler.cc:131] [Task #14: fused_nn_contrib_conv2d_NCHWc_add_nn_relu_7] Trial #24: GFLOPs: 19.1708. Time: 246.3485 us. Best GFLOPs: 51.5901
2024-05-19 14:19:07 [INFO] [task_scheduler.cc:131] [Task #14: fused_nn_contrib_conv2d_NCHWc_add_nn_relu_7] Trial #25: GFLOPs: 14.4471. Time: 326.8952 us. Best GFLOPs: 51.5901
2024-05-19 14:19:07 [INFO] [task_scheduler.cc:131] [Task #14: fused_nn_contrib_conv2d_NCHWc_add_nn_relu_7] Trial #26: GFLOPs: 29.9415. Time: 157.7306 us. Best GFLOPs: 51.5901
2024-05-19 14:19:07 [INFO] [task_scheduler.cc:131] [Task #14: fused_nn_contrib_conv2d_NCHWc_add_nn_relu_7] Trial #27: GFLOPs: 9.2345. Time: 511.4170 us. Best GFLOPs: 51.5901
2024-05-19 14:19:07 [INFO] [task_scheduler.cc:131] [Task #14: fused_nn_contrib_conv2d_NCHWc_add_nn_relu_7] Trial #28: GFLOPs: 9.8841. Time: 477.8070 us. Best GFLOPs: 51.5901
2024-05-19 14:19:07 [INFO] [task_scheduler.cc:131] [Task #14: fused_nn_contrib_conv2d_NCHWc_add_nn_relu_7] Trial #29: GFLOPs: 56.4370. Time: 83.6808 us. Best GFLOPs: 56.4370
2024-05-19 14:19:07 [INFO] [task_scheduler.cc:131] [Task #14: fused_nn_contrib_conv2d_NCHWc_add_nn_relu_7] Trial #30: GFLOPs: 10.5387. Time: 448.1269 us. Best GFLOPs: 56.4370
2024-05-19 14:19:07 [INFO] [task_scheduler.cc:131] [Task #14: fused_nn_contrib_conv2d_NCHWc_add_nn_relu_7] Trial #31: GFLOPs: 13.7626. Time: 343.1529 us. Best GFLOPs: 56.4370
2024-05-19 14:19:07 [INFO] [task_scheduler.cc:131] [Task #14: fused_nn_contrib_conv2d_NCHWc_add_nn_relu_7] Trial #32: GFLOPs: 14.8713. Time: 317.5705 us. Best GFLOPs: 56.4370
2024-05-19 14:19:07 [INFO] [task_scheduler.cc:131] [Task #14: fused_nn_contrib_conv2d_NCHWc_add_nn_relu_7] Trial #33: GFLOPs: 10.5331. Time: 448.3652 us. Best GFLOPs: 56.4370
2024-05-19 14:19:07 [INFO] [task_scheduler.cc:131] [Task #14: fused_nn_contrib_conv2d_NCHWc_add_nn_relu_7] Trial #34: GFLOPs: 20.1117. Time: 234.8229 us. Best GFLOPs: 56.4370
2024-05-19 14:19:07 [INFO] [task_scheduler.cc:131] [Task #14: fused_nn_contrib_conv2d_NCHWc_add_nn_relu_7] Trial #35: GFLOPs: 18.7096. Time: 252.4211 us. Best GFLOPs: 56.4370
2024-05-19 14:19:07 [INFO] [task_scheduler.cc:131] [Task #14: fused_nn_contrib_conv2d_NCHWc_add_nn_relu_7] Trial #36: GFLOPs: 6.5810. Time: 717.6219 us. Best GFLOPs: 56.4370
2024-05-19 14:19:07 [INFO] [task_scheduler.cc:131] [Task #14: fused_nn_contrib_conv2d_NCHWc_add_nn_relu_7] Trial #37: GFLOPs: 37.3783. Time: 126.3484 us. Best GFLOPs: 56.4370
2024-05-19 14:19:07 [INFO] [task_scheduler.cc:131] [Task #14: fused_nn_contrib_conv2d_NCHWc_add_nn_relu_7] Trial #38: GFLOPs: 2.9053. Time: 1625.5398 us. Best GFLOPs: 56.4370
2024-05-19 14:19:07 [INFO] [task_scheduler.cc:131] [Task #14: fused_nn_contrib_conv2d_NCHWc_add_nn_relu_7] Trial #39: GFLOPs: 14.0101. Time: 337.0924 us. Best GFLOPs: 56.4370
2024-05-19 14:19:07 [INFO] [task_scheduler.cc:131] [Task #14: fused_nn_contrib_conv2d_NCHWc_add_nn_relu_7] Trial #40: GFLOPs: 15.8340. Time: 298.2622 us. Best GFLOPs: 56.4370
2024-05-19 14:19:07 [INFO] [task_scheduler.cc:131] [Task #14: fused_nn_contrib_conv2d_NCHWc_add_nn_relu_7] Trial #41: GFLOPs: 19.2015. Time: 245.9536 us. Best GFLOPs: 56.4370
2024-05-19 14:19:07 [INFO] [task_scheduler.cc:131] [Task #14: fused_nn_contrib_conv2d_NCHWc_add_nn_relu_7] Trial #42: GFLOPs: 14.7651. Time: 319.8540 us. Best GFLOPs: 56.4370
2024-05-19 14:19:07 [INFO] [task_scheduler.cc:131] [Task #14: fused_nn_contrib_conv2d_NCHWc_add_nn_relu_7] Trial #43: GFLOPs: 18.7003. Time: 252.5460 us. Best GFLOPs: 56.4370
2024-05-19 14:19:07 [INFO] [task_scheduler.cc:131] [Task #14: fused_nn_contrib_conv2d_NCHWc_add_nn_relu_7] Trial #44: GFLOPs: 2.9815. Time: 1583.9850 us. Best GFLOPs: 56.4370
2024-05-19 14:19:07 [INFO] [task_scheduler.cc:131] [Task #14: fused_nn_contrib_conv2d_NCHWc_add_nn_relu_7] Trial #45: GFLOPs: 10.4409. Time: 452.3245 us. Best GFLOPs: 56.4370
2024-05-19 14:19:07 [INFO] [task_scheduler.cc:131] [Task #14: fused_nn_contrib_conv2d_NCHWc_add_nn_relu_7] Trial #46: GFLOPs: 4.1995. Time: 1124.5708 us. Best GFLOPs: 56.4370
2024-05-19 14:19:07 [INFO] [task_scheduler.cc:131] [Task #14: fused_nn_contrib_conv2d_NCHWc_add_nn_relu_7] Trial #47: GFLOPs: 19.5147. Time: 242.0068 us. Best GFLOPs: 56.4370
2024-05-19 14:19:07 [INFO] [task_scheduler.cc:131] [Task #14: fused_nn_contrib_conv2d_NCHWc_add_nn_relu_7] Trial #48: GFLOPs: 26.1195. Time: 180.8107 us. Best GFLOPs: 56.4370
2024-05-19 14:19:07 [INFO] [task_scheduler.cc:131] [Task #14: fused_nn_contrib_conv2d_NCHWc_add_nn_relu_7] Trial #49: GFLOPs: 17.6172. Time: 268.0730 us. Best GFLOPs: 56.4370
2024-05-19 14:19:07 [INFO] [task_scheduler.cc:131] [Task #14: fused_nn_contrib_conv2d_NCHWc_add_nn_relu_7] Trial #50: GFLOPs: 77.7094. Time: 60.7737 us. Best GFLOPs: 77.7094
2024-05-19 14:19:07 [INFO] [task_scheduler.cc:131] [Task #14: fused_nn_contrib_conv2d_NCHWc_add_nn_relu_7] Trial #51: GFLOPs: 24.2563. Time: 194.6997 us. Best GFLOPs: 77.7094
2024-05-19 14:19:07 [INFO] [task_scheduler.cc:131] [Task #14: fused_nn_contrib_conv2d_NCHWc_add_nn_relu_7] Trial #52: GFLOPs: 56.2721. Time: 83.9260 us. Best GFLOPs: 77.7094
2024-05-19 14:19:07 [INFO] [task_scheduler.cc:131] [Task #14: fused_nn_contrib_conv2d_NCHWc_add_nn_relu_7] Trial #53: GFLOPs: 54.7491. Time: 86.2605 us. Best GFLOPs: 77.7094
2024-05-19 14:19:07 [INFO] [task_scheduler.cc:131] [Task #14: fused_nn_contrib_conv2d_NCHWc_add_nn_relu_7] Trial #54: GFLOPs: 3.2875. Time: 1436.5516 us. Best GFLOPs: 77.7094
2024-05-19 14:19:07 [INFO] [task_scheduler.cc:131] [Task #14: fused_nn_contrib_conv2d_NCHWc_add_nn_relu_7] Trial #55: GFLOPs: 5.1073. Time: 924.6998 us. Best GFLOPs: 77.7094
2024-05-19 14:19:07 [INFO] [task_scheduler.cc:131] [Task #14: fused_nn_contrib_conv2d_NCHWc_add_nn_relu_7] Trial #56: GFLOPs: 6.6461. Time: 710.5926 us. Best GFLOPs: 77.7094
2024-05-19 14:19:07 [INFO] [task_scheduler.cc:131] [Task #14: fused_nn_contrib_conv2d_NCHWc_add_nn_relu_7] Trial #57: GFLOPs: 12.7371. Time: 370.7809 us. Best GFLOPs: 77.7094
2024-05-19 14:19:07 [INFO] [task_scheduler.cc:131] [Task #14: fused_nn_contrib_conv2d_NCHWc_add_nn_relu_7] Trial #58: GFLOPs: 44.6997. Time: 105.6537 us. Best GFLOPs: 77.7094
2024-05-19 14:19:07 [INFO] [task_scheduler.cc:131] [Task #14: fused_nn_contrib_conv2d_NCHWc_add_nn_relu_7] Trial #59: GFLOPs: 29.3787. Time: 160.7522 us. Best GFLOPs: 77.7094
2024-05-19 14:19:07 [INFO] [task_scheduler.cc:131] [Task #14: fused_nn_contrib_conv2d_NCHWc_add_nn_relu_7] Trial #60: GFLOPs: 2.4026. Time: 1965.6759 us. Best GFLOPs: 77.7094
2024-05-19 14:19:07 [INFO] [task_scheduler.cc:131] [Task #14: fused_nn_contrib_conv2d_NCHWc_add_nn_relu_7] Trial #61: GFLOPs: 12.0934. Time: 390.5184 us. Best GFLOPs: 77.7094
2024-05-19 14:19:07 [INFO] [task_scheduler.cc:131] [Task #14: fused_nn_contrib_conv2d_NCHWc_add_nn_relu_7] Trial #62: GFLOPs: 3.9227. Time: 1203.9414 us. Best GFLOPs: 77.7094
2024-05-19 14:19:07 [INFO] [task_scheduler.cc:131] [Task #14: fused_nn_contrib_conv2d_NCHWc_add_nn_relu_7] Trial #63: GFLOPs: 8.0200. Time: 588.8613 us. Best GFLOPs: 77.7094
2024-05-19 14:19:07 [INFO] [task_scheduler.cc:131] [Task #14: fused_nn_contrib_conv2d_NCHWc_add_nn_relu_7] Trial #64: GFLOPs: 14.1199. Time: 334.4709 us. Best GFLOPs: 77.7094
2024-05-19 14:21:15 [INFO] [evolutionary_search.cc:713] Generating candidates......
2024-05-19 14:21:16 [INFO] [evolutionary_search.cc:715] Picked top 64 candidate(s) from database
2024-05-19 14:21:18 [INFO] [evolutionary_search.cc:533] Sample-Init-Population summary:
Postproc #0 [meta_schedule.DisallowDynamicLoop(0xc3cd6a8)]: 0 failure(s)
Postproc #1 [meta_schedule.RewriteParallelVectorizeUnroll(0x14e70098)]: 0 failure(s)
Postproc #2 [meta_schedule.RewriteReductionBlock(0xce6f748)]: 0 failure(s)
Postproc #3 [meta_schedule.RewriteLayout(0x14a48048)]: 0 failure(s)
2024-05-19 14:21:18 [INFO] [evolutionary_search.cc:723] Sampled 448 candidate(s)
2024-05-19 14:21:23 [INFO] [evolutionary_search.cc:621] Evolve iter #0 done. Summary:
Postproc #0 [meta_schedule.DisallowDynamicLoop(0xc3cd6a8)]: 0 failure(s)
Postproc #1 [meta_schedule.RewriteParallelVectorizeUnroll(0x14e70098)]: 0 failure(s)
Postproc #2 [meta_schedule.RewriteReductionBlock(0xce6f748)]: 0 failure(s)
Postproc #3 [meta_schedule.RewriteLayout(0x14a48048)]: 0 failure(s)
2024-05-19 14:21:27 [INFO] [evolutionary_search.cc:621] Evolve iter #1 done. Summary:
Postproc #0 [meta_schedule.DisallowDynamicLoop(0xc3cd6a8)]: 0 failure(s)
Postproc #1 [meta_schedule.RewriteParallelVectorizeUnroll(0x14e70098)]: 0 failure(s)
Postproc #2 [meta_schedule.RewriteReductionBlock(0xce6f748)]: 0 failure(s)
Postproc #3 [meta_schedule.RewriteLayout(0x14a48048)]: 0 failure(s)
2024-05-19 14:21:32 [INFO] [evolutionary_search.cc:621] Evolve iter #2 done. Summary:
Postproc #0 [meta_schedule.DisallowDynamicLoop(0xc3cd6a8)]: 0 failure(s)
Postproc #1 [meta_schedule.RewriteParallelVectorizeUnroll(0x14e70098)]: 0 failure(s)
Postproc #2 [meta_schedule.RewriteReductionBlock(0xce6f748)]: 0 failure(s)
Postproc #3 [meta_schedule.RewriteLayout(0x14a48048)]: 0 failure(s)
2024-05-19 14:21:37 [INFO] [evolutionary_search.cc:621] Evolve iter #3 done. Summary:
Postproc #0 [meta_schedule.DisallowDynamicLoop(0xc3cd6a8)]: 0 failure(s)
Postproc #1 [meta_schedule.RewriteParallelVectorizeUnroll(0x14e70098)]: 0 failure(s)
Postproc #2 [meta_schedule.RewriteReductionBlock(0xce6f748)]: 0 failure(s)
Postproc #3 [meta_schedule.RewriteLayout(0x14a48048)]: 0 failure(s)
2024-05-19 14:21:40 [INFO] [evolutionary_search.cc:649] Scores of the best 64 candidates:
[1 : 16]:	0.9892  0.9892  0.9703  0.9496  0.9420  0.9293  0.9293  0.9217  0.9069  0.8913  0.8910  0.8828  0.8730  0.8698  0.8678  0.8620
[17 : 32]:	0.8576  0.8554  0.8426  0.8389  0.8374  0.8374  0.8373  0.8347  0.8347  0.8347  0.8319  0.8319  0.8319  0.8319  0.8255  0.8255
[33 : 48]:	0.8252  0.8233  0.8216  0.8190  0.8190  0.8190  0.8189  0.8186  0.8186  0.8186  0.8183  0.8167  0.8167  0.8167  0.8125  0.8115
[49 : 64]:	0.8074  0.8070  0.8057  0.8046  0.8040  0.8040  0.8020  0.8020  0.8020  0.7997  0.7928  0.7897  0.7875  0.7849  0.7848  0.7837
2024-05-19 14:21:40 [INFO] [evolutionary_search.cc:727] Got 64 candidate(s) with evolutionary search
2024-05-19 14:21:40 [INFO] [evolutionary_search.cc:730] Sending 64 candidates(s) for measurement
2024-05-19 14:23:27 [INFO] [task_scheduler.cc:131] [Task #14: fused_nn_contrib_conv2d_NCHWc_add_nn_relu_7] Trial #65: GFLOPs: 83.7431. Time: 56.3950 us. Best GFLOPs: 83.7431
2024-05-19 14:23:27 [INFO] [task_scheduler.cc:131] [Task #14: fused_nn_contrib_conv2d_NCHWc_add_nn_relu_7] Trial #66: GFLOPs: 83.8472. Time: 56.3249 us. Best GFLOPs: 83.8472
2024-05-19 14:23:27 [INFO] [task_scheduler.cc:131] [Task #14: fused_nn_contrib_conv2d_NCHWc_add_nn_relu_7] Trial #67: GFLOPs: 83.0836. Time: 56.8426 us. Best GFLOPs: 83.8472
2024-05-19 14:23:27 [INFO] [task_scheduler.cc:131] [Task #14: fused_nn_contrib_conv2d_NCHWc_add_nn_relu_7] Trial #68: GFLOPs: 66.9027. Time: 70.5904 us. Best GFLOPs: 83.8472
2024-05-19 14:23:27 [INFO] [task_scheduler.cc:131] [Task #14: fused_nn_contrib_conv2d_NCHWc_add_nn_relu_7] Trial #69: GFLOPs: 122.7825. Time: 38.4638 us. Best GFLOPs: 122.7825
2024-05-19 14:23:27 [INFO] [task_scheduler.cc:131] [Task #14: fused_nn_contrib_conv2d_NCHWc_add_nn_relu_7] Trial #70: GFLOPs: 122.1816. Time: 38.6530 us. Best GFLOPs: 122.7825
2024-05-19 14:23:27 [INFO] [task_scheduler.cc:131] [Task #14: fused_nn_contrib_conv2d_NCHWc_add_nn_relu_7] Trial #71: GFLOPs: 136.9321. Time: 34.4893 us. Best GFLOPs: 136.9321
2024-05-19 14:23:27 [INFO] [task_scheduler.cc:131] [Task #14: fused_nn_contrib_conv2d_NCHWc_add_nn_relu_7] Trial #72: GFLOPs: 113.7107. Time: 41.5325 us. Best GFLOPs: 136.9321
2024-05-19 14:23:27 [INFO] [task_scheduler.cc:131] [Task #14: fused_nn_contrib_conv2d_NCHWc_add_nn_relu_7] Trial #73: GFLOPs: 38.7617. Time: 121.8391 us. Best GFLOPs: 136.9321
2024-05-19 14:23:27 [INFO] [task_scheduler.cc:131] [Task #14: fused_nn_contrib_conv2d_NCHWc_add_nn_relu_7] Trial #74: GFLOPs: 43.7374. Time: 107.9782 us. Best GFLOPs: 136.9321
2024-05-19 14:23:27 [INFO] [task_scheduler.cc:131] [Task #14: fused_nn_contrib_conv2d_NCHWc_add_nn_relu_7] Trial #75: GFLOPs: 104.0903. Time: 45.3711 us. Best GFLOPs: 136.9321
2024-05-19 14:23:27 [INFO] [task_scheduler.cc:131] [Task #14: fused_nn_contrib_conv2d_NCHWc_add_nn_relu_7] Trial #76: GFLOPs: 66.1344. Time: 71.4105 us. Best GFLOPs: 136.9321
2024-05-19 14:23:27 [INFO] [task_scheduler.cc:131] [Task #14: fused_nn_contrib_conv2d_NCHWc_add_nn_relu_7] Trial #77: GFLOPs: 80.5291. Time: 58.6457 us. Best GFLOPs: 136.9321
2024-05-19 14:23:27 [INFO] [task_scheduler.cc:131] [Task #14: fused_nn_contrib_conv2d_NCHWc_add_nn_relu_7] Trial #78: GFLOPs: 150.0404. Time: 31.4761 us. Best GFLOPs: 150.0404
2024-05-19 14:23:27 [INFO] [task_scheduler.cc:131] [Task #14: fused_nn_contrib_conv2d_NCHWc_add_nn_relu_7] Trial #79: GFLOPs: 104.5772. Time: 45.1598 us. Best GFLOPs: 150.0404
2024-05-19 14:23:27 [INFO] [task_scheduler.cc:131] [Task #14: fused_nn_contrib_conv2d_NCHWc_add_nn_relu_7] Trial #80: GFLOPs: 140.0482. Time: 33.7219 us. Best GFLOPs: 150.0404
2024-05-19 14:23:27 [INFO] [task_scheduler.cc:131] [Task #14: fused_nn_contrib_conv2d_NCHWc_add_nn_relu_7] Trial #81: GFLOPs: 123.5677. Time: 38.2194 us. Best GFLOPs: 150.0404
2024-05-19 14:23:27 [INFO] [task_scheduler.cc:131] [Task #14: fused_nn_contrib_conv2d_NCHWc_add_nn_relu_7] Trial #82: GFLOPs: 53.2679. Time: 88.6592 us. Best GFLOPs: 150.0404
2024-05-19 14:23:27 [INFO] [task_scheduler.cc:131] [Task #14: fused_nn_contrib_conv2d_NCHWc_add_nn_relu_7] Trial #83: GFLOPs: 72.1578. Time: 65.4494 us. Best GFLOPs: 150.0404
2024-05-19 14:23:27 [INFO] [task_scheduler.cc:131] [Task #14: fused_nn_contrib_conv2d_NCHWc_add_nn_relu_7] Trial #84: GFLOPs: 93.4554. Time: 50.5341 us. Best GFLOPs: 150.0404
2024-05-19 14:23:27 [INFO] [task_scheduler.cc:131] [Task #14: fused_nn_contrib_conv2d_NCHWc_add_nn_relu_7] Trial #85: GFLOPs: 100.5765. Time: 46.9562 us. Best GFLOPs: 150.0404
2024-05-19 14:23:27 [INFO] [task_scheduler.cc:131] [Task #14: fused_nn_contrib_conv2d_NCHWc_add_nn_relu_7] Trial #86: GFLOPs: 84.0446. Time: 56.1926 us. Best GFLOPs: 150.0404
2024-05-19 14:23:27 [INFO] [task_scheduler.cc:131] [Task #14: fused_nn_contrib_conv2d_NCHWc_add_nn_relu_7] Trial #87: GFLOPs: 171.9102. Time: 27.4718 us. Best GFLOPs: 171.9102
2024-05-19 14:23:27 [INFO] [task_scheduler.cc:131] [Task #14: fused_nn_contrib_conv2d_NCHWc_add_nn_relu_7] Trial #88: GFLOPs: 73.9331. Time: 63.8778 us. Best GFLOPs: 171.9102
2024-05-19 14:23:27 [INFO] [task_scheduler.cc:131] [Task #14: fused_nn_contrib_conv2d_NCHWc_add_nn_relu_7] Trial #89: GFLOPs: 80.3681. Time: 58.7632 us. Best GFLOPs: 171.9102
2024-05-19 14:23:27 [INFO] [task_scheduler.cc:131] [Task #14: fused_nn_contrib_conv2d_NCHWc_add_nn_relu_7] Trial #90: GFLOPs: 74.0916. Time: 63.7412 us. Best GFLOPs: 171.9102
2024-05-19 14:23:27 [INFO] [task_scheduler.cc:131] [Task #14: fused_nn_contrib_conv2d_NCHWc_add_nn_relu_7] Trial #91: GFLOPs: 145.5271. Time: 32.4523 us. Best GFLOPs: 171.9102
2024-05-19 14:23:27 [INFO] [task_scheduler.cc:131] [Task #14: fused_nn_contrib_conv2d_NCHWc_add_nn_relu_7] Trial #92: GFLOPs: 130.0232. Time: 36.3219 us. Best GFLOPs: 171.9102
2024-05-19 14:23:27 [INFO] [task_scheduler.cc:131] [Task #14: fused_nn_contrib_conv2d_NCHWc_add_nn_relu_7] Trial #93: GFLOPs: 139.4337. Time: 33.8705 us. Best GFLOPs: 171.9102
2024-05-19 14:23:27 [INFO] [task_scheduler.cc:131] [Task #14: fused_nn_contrib_conv2d_NCHWc_add_nn_relu_7] Trial #94: GFLOPs: 137.6683. Time: 34.3048 us. Best GFLOPs: 171.9102
2024-05-19 14:23:27 [INFO] [task_scheduler.cc:131] [Task #14: fused_nn_contrib_conv2d_NCHWc_add_nn_relu_7] Trial #95: GFLOPs: 69.8552. Time: 67.6069 us. Best GFLOPs: 171.9102
2024-05-19 14:23:27 [INFO] [task_scheduler.cc:131] [Task #14: fused_nn_contrib_conv2d_NCHWc_add_nn_relu_7] Trial #96: GFLOPs: 65.7109. Time: 71.8707 us. Best GFLOPs: 171.9102
2024-05-19 14:23:27 [INFO] [task_scheduler.cc:131] [Task #14: fused_nn_contrib_conv2d_NCHWc_add_nn_relu_7] Trial #97: GFLOPs: 164.7966. Time: 28.6577 us. Best GFLOPs: 171.9102
2024-05-19 14:23:27 [INFO] [task_scheduler.cc:131] [Task #14: fused_nn_contrib_conv2d_NCHWc_add_nn_relu_7] Trial #98: GFLOPs: 69.9633. Time: 67.5023 us. Best GFLOPs: 171.9102
2024-05-19 14:23:27 [INFO] [task_scheduler.cc:131] [Task #14: fused_nn_contrib_conv2d_NCHWc_add_nn_relu_7] Trial #99: GFLOPs: 149.9377. Time: 31.4977 us. Best GFLOPs: 171.9102
2024-05-19 14:23:27 [INFO] [task_scheduler.cc:131] [Task #14: fused_nn_contrib_conv2d_NCHWc_add_nn_relu_7] Trial #100: GFLOPs: 137.1048. Time: 34.4458 us. Best GFLOPs: 171.9102
2024-05-19 14:23:27 [INFO] [task_scheduler.cc:131] [Task #14: fused_nn_contrib_conv2d_NCHWc_add_nn_relu_7] Trial #101: GFLOPs: 90.7321. Time: 52.0509 us. Best GFLOPs: 171.9102
2024-05-19 14:23:27 [INFO] [task_scheduler.cc:131] [Task #14: fused_nn_contrib_conv2d_NCHWc_add_nn_relu_7] Trial #102: GFLOPs: 86.1365. Time: 54.8279 us. Best GFLOPs: 171.9102
2024-05-19 14:23:27 [INFO] [task_scheduler.cc:131] [Task #14: fused_nn_contrib_conv2d_NCHWc_add_nn_relu_7] Trial #103: GFLOPs: 69.9620. Time: 67.5036 us. Best GFLOPs: 171.9102
2024-05-19 14:23:27 [INFO] [task_scheduler.cc:131] [Task #14: fused_nn_contrib_conv2d_NCHWc_add_nn_relu_7] Trial #104: GFLOPs: 61.9376. Time: 76.2491 us. Best GFLOPs: 171.9102
2024-05-19 14:23:27 [INFO] [task_scheduler.cc:131] [Task #14: fused_nn_contrib_conv2d_NCHWc_add_nn_relu_7] Trial #105: GFLOPs: 62.7240. Time: 75.2932 us. Best GFLOPs: 171.9102
2024-05-19 14:23:27 [INFO] [task_scheduler.cc:131] [Task #14: fused_nn_contrib_conv2d_NCHWc_add_nn_relu_7] Trial #106: GFLOPs: 79.2918. Time: 59.5609 us. Best GFLOPs: 171.9102
2024-05-19 14:23:27 [INFO] [task_scheduler.cc:131] [Task #14: fused_nn_contrib_conv2d_NCHWc_add_nn_relu_7] Trial #107: GFLOPs: 60.9286. Time: 77.5119 us. Best GFLOPs: 171.9102
2024-05-19 14:23:27 [INFO] [task_scheduler.cc:131] [Task #14: fused_nn_contrib_conv2d_NCHWc_add_nn_relu_7] Trial #108: GFLOPs: 76.8884. Time: 61.4226 us. Best GFLOPs: 171.9102
2024-05-19 14:23:27 [INFO] [task_scheduler.cc:131] [Task #14: fused_nn_contrib_conv2d_NCHWc_add_nn_relu_7] Trial #109: GFLOPs: 64.0358. Time: 73.7508 us. Best GFLOPs: 171.9102
2024-05-19 14:23:27 [INFO] [task_scheduler.cc:131] [Task #14: fused_nn_contrib_conv2d_NCHWc_add_nn_relu_7] Trial #110: GFLOPs: 86.3082. Time: 54.7189 us. Best GFLOPs: 171.9102
2024-05-19 14:23:27 [INFO] [task_scheduler.cc:131] [Task #14: fused_nn_contrib_conv2d_NCHWc_add_nn_relu_7] Trial #111: GFLOPs: 156.8322. Time: 30.1130 us. Best GFLOPs: 171.9102
2024-05-19 14:23:27 [INFO] [task_scheduler.cc:131] [Task #14: fused_nn_contrib_conv2d_NCHWc_add_nn_relu_7] Trial #112: GFLOPs: 80.2512. Time: 58.8488 us. Best GFLOPs: 171.9102
2024-05-19 14:23:27 [INFO] [task_scheduler.cc:131] [Task #14: fused_nn_contrib_conv2d_NCHWc_add_nn_relu_7] Trial #113: GFLOPs: 89.7881. Time: 52.5982 us. Best GFLOPs: 171.9102
2024-05-19 14:23:27 [INFO] [task_scheduler.cc:131] [Task #14: fused_nn_contrib_conv2d_NCHWc_add_nn_relu_7] Trial #114: GFLOPs: 78.3450. Time: 60.2806 us. Best GFLOPs: 171.9102
2024-05-19 14:23:27 [INFO] [task_scheduler.cc:131] [Task #14: fused_nn_contrib_conv2d_NCHWc_add_nn_relu_7] Trial #115: GFLOPs: 88.8980. Time: 53.1248 us. Best GFLOPs: 171.9102
2024-05-19 14:23:27 [INFO] [task_scheduler.cc:131] [Task #14: fused_nn_contrib_conv2d_NCHWc_add_nn_relu_7] Trial #116: GFLOPs: 50.3171. Time: 93.8584 us. Best GFLOPs: 171.9102
2024-05-19 14:23:27 [INFO] [task_scheduler.cc:131] [Task #14: fused_nn_contrib_conv2d_NCHWc_add_nn_relu_7] Trial #117: GFLOPs: 122.9169. Time: 38.4218 us. Best GFLOPs: 171.9102
2024-05-19 14:23:27 [INFO] [task_scheduler.cc:131] [Task #14: fused_nn_contrib_conv2d_NCHWc_add_nn_relu_7] Trial #118: GFLOPs: 136.4739. Time: 34.6051 us. Best GFLOPs: 171.9102
2024-05-19 14:23:27 [INFO] [task_scheduler.cc:131] [Task #14: fused_nn_contrib_conv2d_NCHWc_add_nn_relu_7] Trial #119: GFLOPs: 52.0836. Time: 90.6752 us. Best GFLOPs: 171.9102
2024-05-19 14:23:27 [INFO] [task_scheduler.cc:131] [Task #14: fused_nn_contrib_conv2d_NCHWc_add_nn_relu_7] Trial #120: GFLOPs: 137.6733. Time: 34.3036 us. Best GFLOPs: 171.9102
2024-05-19 14:23:27 [INFO] [task_scheduler.cc:131] [Task #14: fused_nn_contrib_conv2d_NCHWc_add_nn_relu_7] Trial #121: GFLOPs: 136.0955. Time: 34.7013 us. Best GFLOPs: 171.9102
2024-05-19 14:23:27 [INFO] [task_scheduler.cc:131] [Task #14: fused_nn_contrib_conv2d_NCHWc_add_nn_relu_7] Trial #122: GFLOPs: 73.0623. Time: 64.6392 us. Best GFLOPs: 171.9102
2024-05-19 14:23:27 [INFO] [task_scheduler.cc:131] [Task #14: fused_nn_contrib_conv2d_NCHWc_add_nn_relu_7] Trial #123: GFLOPs: 122.3159. Time: 38.6106 us. Best GFLOPs: 171.9102
2024-05-19 14:23:27 [INFO] [task_scheduler.cc:131] [Task #14: fused_nn_contrib_conv2d_NCHWc_add_nn_relu_7] Trial #124: GFLOPs: 79.1247. Time: 59.6867 us. Best GFLOPs: 171.9102
2024-05-19 14:23:27 [INFO] [task_scheduler.cc:131] [Task #14: fused_nn_contrib_conv2d_NCHWc_add_nn_relu_7] Trial #125: GFLOPs: 55.7617. Time: 84.6941 us. Best GFLOPs: 171.9102
2024-05-19 14:23:27 [INFO] [task_scheduler.cc:131] [Task #14: fused_nn_contrib_conv2d_NCHWc_add_nn_relu_7] Trial #126: GFLOPs: 11.8435. Time: 398.7569 us. Best GFLOPs: 171.9102
2024-05-19 14:23:27 [INFO] [task_scheduler.cc:131] [Task #14: fused_nn_contrib_conv2d_NCHWc_add_nn_relu_7] Trial #127: GFLOPs: 47.1010. Time: 100.2673 us. Best GFLOPs: 171.9102
2024-05-19 14:23:27 [INFO] [task_scheduler.cc:131] [Task #14: fused_nn_contrib_conv2d_NCHWc_add_nn_relu_7] Trial #128: GFLOPs: 12.4287. Time: 379.9839 us. Best GFLOPs: 171.9102
2024-05-19 15:01:49 [INFO] [evolutionary_search.cc:713] Generating candidates......
2024-05-19 15:01:49 [INFO] [evolutionary_search.cc:715] Picked top 102 candidate(s) from database
2024-05-19 15:01:51 [INFO] [evolutionary_search.cc:533] Sample-Init-Population summary:
Postproc #0 [meta_schedule.DisallowDynamicLoop(0xc3cd6a8)]: 0 failure(s)
Postproc #1 [meta_schedule.RewriteParallelVectorizeUnroll(0x14e70098)]: 0 failure(s)
Postproc #2 [meta_schedule.RewriteReductionBlock(0xce6f748)]: 0 failure(s)
Postproc #3 [meta_schedule.RewriteLayout(0x14a48048)]: 0 failure(s)
2024-05-19 15:01:51 [INFO] [evolutionary_search.cc:723] Sampled 410 candidate(s)
2024-05-19 15:01:56 [INFO] [evolutionary_search.cc:621] Evolve iter #0 done. Summary:
Postproc #0 [meta_schedule.DisallowDynamicLoop(0xc3cd6a8)]: 0 failure(s)
Postproc #1 [meta_schedule.RewriteParallelVectorizeUnroll(0x14e70098)]: 0 failure(s)
Postproc #2 [meta_schedule.RewriteReductionBlock(0xce6f748)]: 0 failure(s)
Postproc #3 [meta_schedule.RewriteLayout(0x14a48048)]: 0 failure(s)
2024-05-19 15:02:01 [INFO] [evolutionary_search.cc:621] Evolve iter #1 done. Summary:
Postproc #0 [meta_schedule.DisallowDynamicLoop(0xc3cd6a8)]: 0 failure(s)
Postproc #1 [meta_schedule.RewriteParallelVectorizeUnroll(0x14e70098)]: 0 failure(s)
Postproc #2 [meta_schedule.RewriteReductionBlock(0xce6f748)]: 0 failure(s)
Postproc #3 [meta_schedule.RewriteLayout(0x14a48048)]: 0 failure(s)
2024-05-19 15:02:06 [INFO] [evolutionary_search.cc:621] Evolve iter #2 done. Summary:
Postproc #0 [meta_schedule.DisallowDynamicLoop(0xc3cd6a8)]: 0 failure(s)
Postproc #1 [meta_schedule.RewriteParallelVectorizeUnroll(0x14e70098)]: 0 failure(s)
Postproc #2 [meta_schedule.RewriteReductionBlock(0xce6f748)]: 0 failure(s)
Postproc #3 [meta_schedule.RewriteLayout(0x14a48048)]: 0 failure(s)
2024-05-19 15:02:11 [INFO] [evolutionary_search.cc:621] Evolve iter #3 done. Summary:
Postproc #0 [meta_schedule.DisallowDynamicLoop(0xc3cd6a8)]: 0 failure(s)
Postproc #1 [meta_schedule.RewriteParallelVectorizeUnroll(0x14e70098)]: 0 failure(s)
Postproc #2 [meta_schedule.RewriteReductionBlock(0xce6f748)]: 0 failure(s)
Postproc #3 [meta_schedule.RewriteLayout(0x14a48048)]: 0 failure(s)
2024-05-19 15:02:14 [INFO] [evolutionary_search.cc:649] Scores of the best 64 candidates:
[1 : 16]:	0.9874  0.9809  0.9697  0.9697  0.9697  0.9679  0.9616  0.9616  0.9616  0.9587  0.9530  0.9530  0.9530  0.9530  0.9530  0.9529
[17 : 32]:	0.9506  0.9492  0.9469  0.9469  0.9469  0.9454  0.9450  0.9428  0.9407  0.9393  0.9371  0.9371  0.9368  0.9366  0.9366  0.9366
[33 : 48]:	0.9359  0.9302  0.9300  0.9169  0.9169  0.9155  0.9155  0.9133  0.9133  0.9089  0.9073  0.9055  0.9048  0.9003  0.9003  0.8991
[49 : 64]:	0.8949  0.8906  0.8905  0.8860  0.8853  0.8853  0.8853  0.8851  0.8851  0.8851  0.8851  0.8758  0.8758  0.8730  0.8723  0.8700
2024-05-19 15:02:14 [INFO] [evolutionary_search.cc:727] Got 64 candidate(s) with evolutionary search
2024-05-19 15:02:14 [INFO] [evolutionary_search.cc:730] Sending 64 candidates(s) for measurement
2024-05-19 15:03:54 [INFO] [task_scheduler.cc:131] [Task #14: fused_nn_contrib_conv2d_NCHWc_add_nn_relu_7] Trial #129: GFLOPs: 176.8097. Time: 26.7106 us. Best GFLOPs: 176.8097
2024-05-19 15:03:54 [INFO] [task_scheduler.cc:131] [Task #14: fused_nn_contrib_conv2d_NCHWc_add_nn_relu_7] Trial #130: GFLOPs: 139.3200. Time: 33.8981 us. Best GFLOPs: 176.8097
2024-05-19 15:03:54 [INFO] [task_scheduler.cc:131] [Task #14: fused_nn_contrib_conv2d_NCHWc_add_nn_relu_7] Trial #131: GFLOPs: 155.1041. Time: 30.4485 us. Best GFLOPs: 176.8097
2024-05-19 15:03:54 [INFO] [task_scheduler.cc:131] [Task #14: fused_nn_contrib_conv2d_NCHWc_add_nn_relu_7] Trial #132: GFLOPs: 177.5819. Time: 26.5944 us. Best GFLOPs: 177.5819
2024-05-19 15:03:54 [INFO] [task_scheduler.cc:131] [Task #14: fused_nn_contrib_conv2d_NCHWc_add_nn_relu_7] Trial #133: GFLOPs: 170.8518. Time: 27.6420 us. Best GFLOPs: 177.5819
2024-05-19 15:03:54 [INFO] [task_scheduler.cc:131] [Task #14: fused_nn_contrib_conv2d_NCHWc_add_nn_relu_7] Trial #134: GFLOPs: 129.0919. Time: 36.5839 us. Best GFLOPs: 177.5819
2024-05-19 15:03:54 [INFO] [task_scheduler.cc:131] [Task #14: fused_nn_contrib_conv2d_NCHWc_add_nn_relu_7] Trial #135: GFLOPs: 173.6589. Time: 27.1952 us. Best GFLOPs: 177.5819
2024-05-19 15:03:54 [INFO] [task_scheduler.cc:131] [Task #14: fused_nn_contrib_conv2d_NCHWc_add_nn_relu_7] Trial #136: GFLOPs: 120.0860. Time: 39.3276 us. Best GFLOPs: 177.5819
2024-05-19 15:03:54 [INFO] [task_scheduler.cc:131] [Task #14: fused_nn_contrib_conv2d_NCHWc_add_nn_relu_7] Trial #137: GFLOPs: 158.9243. Time: 29.7166 us. Best GFLOPs: 177.5819
2024-05-19 15:03:54 [INFO] [task_scheduler.cc:131] [Task #14: fused_nn_contrib_conv2d_NCHWc_add_nn_relu_7] Trial #138: GFLOPs: 162.8015. Time: 29.0089 us. Best GFLOPs: 177.5819
2024-05-19 15:03:54 [INFO] [task_scheduler.cc:131] [Task #14: fused_nn_contrib_conv2d_NCHWc_add_nn_relu_7] Trial #139: GFLOPs: 125.8112. Time: 37.5379 us. Best GFLOPs: 177.5819
2024-05-19 15:03:54 [INFO] [task_scheduler.cc:131] [Task #14: fused_nn_contrib_conv2d_NCHWc_add_nn_relu_7] Trial #140: GFLOPs: 126.3159. Time: 37.3879 us. Best GFLOPs: 177.5819
2024-05-19 15:03:54 [INFO] [task_scheduler.cc:131] [Task #14: fused_nn_contrib_conv2d_NCHWc_add_nn_relu_7] Trial #141: GFLOPs: 128.1408. Time: 36.8555 us. Best GFLOPs: 177.5819
2024-05-19 15:03:54 [INFO] [task_scheduler.cc:131] [Task #14: fused_nn_contrib_conv2d_NCHWc_add_nn_relu_7] Trial #142: GFLOPs: 125.7810. Time: 37.5469 us. Best GFLOPs: 177.5819
2024-05-19 15:03:54 [INFO] [task_scheduler.cc:131] [Task #14: fused_nn_contrib_conv2d_NCHWc_add_nn_relu_7] Trial #143: GFLOPs: 126.6495. Time: 37.2894 us. Best GFLOPs: 177.5819
2024-05-19 15:03:54 [INFO] [task_scheduler.cc:131] [Task #14: fused_nn_contrib_conv2d_NCHWc_add_nn_relu_7] Trial #144: GFLOPs: 96.9153. Time: 48.7301 us. Best GFLOPs: 177.5819
2024-05-19 15:03:54 [INFO] [task_scheduler.cc:131] [Task #14: fused_nn_contrib_conv2d_NCHWc_add_nn_relu_7] Trial #145: GFLOPs: 161.0904. Time: 29.3170 us. Best GFLOPs: 177.5819
2024-05-19 15:03:54 [INFO] [task_scheduler.cc:131] [Task #14: fused_nn_contrib_conv2d_NCHWc_add_nn_relu_7] Trial #146: GFLOPs: 160.1744. Time: 29.4847 us. Best GFLOPs: 177.5819
2024-05-19 15:03:54 [INFO] [task_scheduler.cc:131] [Task #14: fused_nn_contrib_conv2d_NCHWc_add_nn_relu_7] Trial #147: GFLOPs: 168.4363. Time: 28.0384 us. Best GFLOPs: 177.5819
2024-05-19 15:03:54 [INFO] [task_scheduler.cc:131] [Task #14: fused_nn_contrib_conv2d_NCHWc_add_nn_relu_7] Trial #148: GFLOPs: 157.1275. Time: 30.0564 us. Best GFLOPs: 177.5819
2024-05-19 15:03:54 [INFO] [task_scheduler.cc:131] [Task #14: fused_nn_contrib_conv2d_NCHWc_add_nn_relu_7] Trial #149: GFLOPs: 175.5304. Time: 26.9052 us. Best GFLOPs: 177.5819
2024-05-19 15:03:54 [INFO] [task_scheduler.cc:131] [Task #14: fused_nn_contrib_conv2d_NCHWc_add_nn_relu_7] Trial #150: GFLOPs: 161.8203. Time: 29.1848 us. Best GFLOPs: 177.5819
2024-05-19 15:03:54 [INFO] [task_scheduler.cc:131] [Task #14: fused_nn_contrib_conv2d_NCHWc_add_nn_relu_7] Trial #151: GFLOPs: 129.6439. Time: 36.4282 us. Best GFLOPs: 177.5819
2024-05-19 15:03:54 [INFO] [task_scheduler.cc:131] [Task #14: fused_nn_contrib_conv2d_NCHWc_add_nn_relu_7] Trial #152: GFLOPs: 166.6121. Time: 28.3454 us. Best GFLOPs: 177.5819
2024-05-19 15:03:54 [INFO] [task_scheduler.cc:131] [Task #14: fused_nn_contrib_conv2d_NCHWc_add_nn_relu_7] Trial #153: GFLOPs: 152.2851. Time: 31.0121 us. Best GFLOPs: 177.5819
2024-05-19 15:03:54 [INFO] [task_scheduler.cc:131] [Task #14: fused_nn_contrib_conv2d_NCHWc_add_nn_relu_7] Trial #154: GFLOPs: 96.5277. Time: 48.9257 us. Best GFLOPs: 177.5819
2024-05-19 15:03:54 [INFO] [task_scheduler.cc:131] [Task #14: fused_nn_contrib_conv2d_NCHWc_add_nn_relu_7] Trial #155: GFLOPs: 174.0178. Time: 27.1391 us. Best GFLOPs: 177.5819
2024-05-19 15:03:54 [INFO] [task_scheduler.cc:131] [Task #14: fused_nn_contrib_conv2d_NCHWc_add_nn_relu_7] Trial #156: GFLOPs: 159.4700. Time: 29.6149 us. Best GFLOPs: 177.5819
2024-05-19 15:03:54 [INFO] [task_scheduler.cc:131] [Task #14: fused_nn_contrib_conv2d_NCHWc_add_nn_relu_7] Trial #157: GFLOPs: 153.0017. Time: 30.8669 us. Best GFLOPs: 177.5819
2024-05-19 15:03:54 [INFO] [task_scheduler.cc:131] [Task #14: fused_nn_contrib_conv2d_NCHWc_add_nn_relu_7] Trial #158: GFLOPs: 164.3056. Time: 28.7433 us. Best GFLOPs: 177.5819
2024-05-19 15:03:54 [INFO] [task_scheduler.cc:131] [Task #14: fused_nn_contrib_conv2d_NCHWc_add_nn_relu_7] Trial #159: GFLOPs: 158.7784. Time: 29.7439 us. Best GFLOPs: 177.5819
2024-05-19 15:03:54 [INFO] [task_scheduler.cc:131] [Task #14: fused_nn_contrib_conv2d_NCHWc_add_nn_relu_7] Trial #160: GFLOPs: 175.4605. Time: 26.9160 us. Best GFLOPs: 177.5819
2024-05-19 15:03:54 [INFO] [task_scheduler.cc:131] [Task #14: fused_nn_contrib_conv2d_NCHWc_add_nn_relu_7] Trial #161: GFLOPs: 157.4529. Time: 29.9943 us. Best GFLOPs: 177.5819
2024-05-19 15:03:54 [INFO] [task_scheduler.cc:131] [Task #14: fused_nn_contrib_conv2d_NCHWc_add_nn_relu_7] Trial #162: GFLOPs: 164.0285. Time: 28.7919 us. Best GFLOPs: 177.5819
2024-05-19 15:03:54 [INFO] [task_scheduler.cc:131] [Task #14: fused_nn_contrib_conv2d_NCHWc_add_nn_relu_7] Trial #163: GFLOPs: 164.9656. Time: 28.6283 us. Best GFLOPs: 177.5819
2024-05-19 15:03:54 [INFO] [task_scheduler.cc:131] [Task #14: fused_nn_contrib_conv2d_NCHWc_add_nn_relu_7] Trial #164: GFLOPs: 69.5789. Time: 67.8753 us. Best GFLOPs: 177.5819
2024-05-19 15:03:54 [INFO] [task_scheduler.cc:131] [Task #14: fused_nn_contrib_conv2d_NCHWc_add_nn_relu_7] Trial #165: GFLOPs: 70.3064. Time: 67.1730 us. Best GFLOPs: 177.5819
2024-05-19 15:03:54 [INFO] [task_scheduler.cc:131] [Task #14: fused_nn_contrib_conv2d_NCHWc_add_nn_relu_7] Trial #166: GFLOPs: 150.7697. Time: 31.3238 us. Best GFLOPs: 177.5819
2024-05-19 15:03:54 [INFO] [task_scheduler.cc:131] [Task #14: fused_nn_contrib_conv2d_NCHWc_add_nn_relu_7] Trial #167: GFLOPs: 177.0030. Time: 26.6814 us. Best GFLOPs: 177.5819
2024-05-19 15:03:54 [INFO] [task_scheduler.cc:131] [Task #14: fused_nn_contrib_conv2d_NCHWc_add_nn_relu_7] Trial #168: GFLOPs: 133.6870. Time: 35.3264 us. Best GFLOPs: 177.5819
2024-05-19 15:03:54 [INFO] [task_scheduler.cc:131] [Task #14: fused_nn_contrib_conv2d_NCHWc_add_nn_relu_7] Trial #169: GFLOPs: 139.7019. Time: 33.8055 us. Best GFLOPs: 177.5819
2024-05-19 15:03:54 [INFO] [task_scheduler.cc:131] [Task #14: fused_nn_contrib_conv2d_NCHWc_add_nn_relu_7] Trial #170: GFLOPs: 160.3123. Time: 29.4593 us. Best GFLOPs: 177.5819
2024-05-19 15:03:54 [INFO] [task_scheduler.cc:131] [Task #14: fused_nn_contrib_conv2d_NCHWc_add_nn_relu_7] Trial #171: GFLOPs: 140.8552. Time: 33.5287 us. Best GFLOPs: 177.5819
2024-05-19 15:03:54 [INFO] [task_scheduler.cc:131] [Task #14: fused_nn_contrib_conv2d_NCHWc_add_nn_relu_7] Trial #172: GFLOPs: 160.3040. Time: 29.4608 us. Best GFLOPs: 177.5819
2024-05-19 15:03:54 [INFO] [task_scheduler.cc:131] [Task #14: fused_nn_contrib_conv2d_NCHWc_add_nn_relu_7] Trial #173: GFLOPs: 125.0837. Time: 37.7562 us. Best GFLOPs: 177.5819
2024-05-19 15:03:54 [INFO] [task_scheduler.cc:131] [Task #14: fused_nn_contrib_conv2d_NCHWc_add_nn_relu_7] Trial #174: GFLOPs: 149.8871. Time: 31.5083 us. Best GFLOPs: 177.5819
2024-05-19 15:03:54 [INFO] [task_scheduler.cc:131] [Task #14: fused_nn_contrib_conv2d_NCHWc_add_nn_relu_7] Trial #175: GFLOPs: 152.6310. Time: 30.9419 us. Best GFLOPs: 177.5819
2024-05-19 15:03:54 [INFO] [task_scheduler.cc:131] [Task #14: fused_nn_contrib_conv2d_NCHWc_add_nn_relu_7] Trial #176: GFLOPs: 150.9952. Time: 31.2771 us. Best GFLOPs: 177.5819
2024-05-19 15:03:54 [INFO] [task_scheduler.cc:131] [Task #14: fused_nn_contrib_conv2d_NCHWc_add_nn_relu_7] Trial #177: GFLOPs: 172.4822. Time: 27.3807 us. Best GFLOPs: 177.5819
2024-05-19 15:03:54 [INFO] [task_scheduler.cc:131] [Task #14: fused_nn_contrib_conv2d_NCHWc_add_nn_relu_7] Trial #178: GFLOPs: 176.6574. Time: 26.7336 us. Best GFLOPs: 177.5819
2024-05-19 15:03:54 [INFO] [task_scheduler.cc:131] [Task #14: fused_nn_contrib_conv2d_NCHWc_add_nn_relu_7] Trial #179: GFLOPs: 152.6196. Time: 30.9442 us. Best GFLOPs: 177.5819
2024-05-19 15:03:54 [INFO] [task_scheduler.cc:131] [Task #14: fused_nn_contrib_conv2d_NCHWc_add_nn_relu_7] Trial #180: GFLOPs: 157.3511. Time: 30.0137 us. Best GFLOPs: 177.5819
2024-05-19 15:03:54 [INFO] [task_scheduler.cc:131] [Task #14: fused_nn_contrib_conv2d_NCHWc_add_nn_relu_7] Trial #181: GFLOPs: 154.7679. Time: 30.5146 us. Best GFLOPs: 177.5819
2024-05-19 15:03:54 [INFO] [task_scheduler.cc:131] [Task #14: fused_nn_contrib_conv2d_NCHWc_add_nn_relu_7] Trial #182: GFLOPs: 152.0619. Time: 31.0577 us. Best GFLOPs: 177.5819
2024-05-19 15:03:54 [INFO] [task_scheduler.cc:131] [Task #14: fused_nn_contrib_conv2d_NCHWc_add_nn_relu_7] Trial #183: GFLOPs: 156.1761. Time: 30.2395 us. Best GFLOPs: 177.5819
2024-05-19 15:03:54 [INFO] [task_scheduler.cc:131] [Task #14: fused_nn_contrib_conv2d_NCHWc_add_nn_relu_7] Trial #184: GFLOPs: 157.6438. Time: 29.9580 us. Best GFLOPs: 177.5819
2024-05-19 15:03:54 [INFO] [task_scheduler.cc:131] [Task #14: fused_nn_contrib_conv2d_NCHWc_add_nn_relu_7] Trial #185: GFLOPs: 101.2362. Time: 46.6502 us. Best GFLOPs: 177.5819
2024-05-19 15:03:54 [INFO] [task_scheduler.cc:131] [Task #14: fused_nn_contrib_conv2d_NCHWc_add_nn_relu_7] Trial #186: GFLOPs: 150.9134. Time: 31.2940 us. Best GFLOPs: 177.5819
2024-05-19 15:03:54 [INFO] [task_scheduler.cc:131] [Task #14: fused_nn_contrib_conv2d_NCHWc_add_nn_relu_7] Trial #187: GFLOPs: 104.2634. Time: 45.2957 us. Best GFLOPs: 177.5819
2024-05-19 15:03:54 [INFO] [task_scheduler.cc:131] [Task #14: fused_nn_contrib_conv2d_NCHWc_add_nn_relu_7] Trial #188: GFLOPs: 184.9647. Time: 25.5329 us. Best GFLOPs: 184.9647
2024-05-19 15:03:54 [INFO] [task_scheduler.cc:131] [Task #14: fused_nn_contrib_conv2d_NCHWc_add_nn_relu_7] Trial #189: GFLOPs: 171.2444. Time: 27.5786 us. Best GFLOPs: 184.9647
2024-05-19 15:03:54 [INFO] [task_scheduler.cc:131] [Task #14: fused_nn_contrib_conv2d_NCHWc_add_nn_relu_7] Trial #190: GFLOPs: 25.7029. Time: 183.7416 us. Best GFLOPs: 184.9647
2024-05-19 15:03:54 [INFO] [task_scheduler.cc:131] [Task #14: fused_nn_contrib_conv2d_NCHWc_add_nn_relu_7] Trial #191: GFLOPs: 26.4646. Time: 178.4533 us. Best GFLOPs: 184.9647
2024-05-19 15:03:54 [INFO] [task_scheduler.cc:131] [Task #14: fused_nn_contrib_conv2d_NCHWc_add_nn_relu_7] Trial #192: GFLOPs: 16.5777. Time: 284.8816 us. Best GFLOPs: 184.9647
2024-05-19 15:39:00 [INFO] [evolutionary_search.cc:713] Generating candidates......
2024-05-19 15:39:00 [INFO] [evolutionary_search.cc:715] Picked top 102 candidate(s) from database
2024-05-19 15:39:02 [INFO] [evolutionary_search.cc:533] Sample-Init-Population summary:
Postproc #0 [meta_schedule.DisallowDynamicLoop(0xc3cd6a8)]: 0 failure(s)
Postproc #1 [meta_schedule.RewriteParallelVectorizeUnroll(0x14e70098)]: 0 failure(s)
Postproc #2 [meta_schedule.RewriteReductionBlock(0xce6f748)]: 0 failure(s)
Postproc #3 [meta_schedule.RewriteLayout(0x14a48048)]: 0 failure(s)
2024-05-19 15:39:02 [INFO] [evolutionary_search.cc:723] Sampled 410 candidate(s)
2024-05-19 15:39:07 [INFO] [evolutionary_search.cc:621] Evolve iter #0 done. Summary:
Postproc #0 [meta_schedule.DisallowDynamicLoop(0xc3cd6a8)]: 0 failure(s)
Postproc #1 [meta_schedule.RewriteParallelVectorizeUnroll(0x14e70098)]: 0 failure(s)
Postproc #2 [meta_schedule.RewriteReductionBlock(0xce6f748)]: 0 failure(s)
Postproc #3 [meta_schedule.RewriteLayout(0x14a48048)]: 0 failure(s)
2024-05-19 15:39:12 [INFO] [evolutionary_search.cc:621] Evolve iter #1 done. Summary:
Postproc #0 [meta_schedule.DisallowDynamicLoop(0xc3cd6a8)]: 0 failure(s)
Postproc #1 [meta_schedule.RewriteParallelVectorizeUnroll(0x14e70098)]: 0 failure(s)
Postproc #2 [meta_schedule.RewriteReductionBlock(0xce6f748)]: 0 failure(s)
Postproc #3 [meta_schedule.RewriteLayout(0x14a48048)]: 0 failure(s)
2024-05-19 15:39:17 [INFO] [evolutionary_search.cc:621] Evolve iter #2 done. Summary:
Postproc #0 [meta_schedule.DisallowDynamicLoop(0xc3cd6a8)]: 0 failure(s)
Postproc #1 [meta_schedule.RewriteParallelVectorizeUnroll(0x14e70098)]: 0 failure(s)
Postproc #2 [meta_schedule.RewriteReductionBlock(0xce6f748)]: 0 failure(s)
Postproc #3 [meta_schedule.RewriteLayout(0x14a48048)]: 0 failure(s)
2024-05-19 15:39:22 [INFO] [evolutionary_search.cc:621] Evolve iter #3 done. Summary:
Postproc #0 [meta_schedule.DisallowDynamicLoop(0xc3cd6a8)]: 0 failure(s)
Postproc #1 [meta_schedule.RewriteParallelVectorizeUnroll(0x14e70098)]: 0 failure(s)
Postproc #2 [meta_schedule.RewriteReductionBlock(0xce6f748)]: 0 failure(s)
Postproc #3 [meta_schedule.RewriteLayout(0x14a48048)]: 0 failure(s)
2024-05-19 15:39:25 [INFO] [evolutionary_search.cc:649] Scores of the best 64 candidates:
[1 : 16]:	0.9886  0.9861  0.9666  0.9640  0.9640  0.9640  0.9640  0.9574  0.9263  0.9250  0.9244  0.9215  0.9203  0.9203  0.9188  0.9108
[17 : 32]:	0.9074  0.9074  0.9003  0.8993  0.8986  0.8966  0.8919  0.8919  0.8898  0.8898  0.8898  0.8898  0.8871  0.8819  0.8819  0.8819
[33 : 48]:	0.8809  0.8806  0.8802  0.8800  0.8792  0.8792  0.8792  0.8789  0.8779  0.8779  0.8779  0.8779  0.8779  0.8772  0.8772  0.8741
[49 : 64]:	0.8738  0.8738  0.8738  0.8726  0.8726  0.8715  0.8713  0.8713  0.8704  0.8673  0.8673  0.8673  0.8673  0.8673  0.8673  0.8652
2024-05-19 15:39:25 [INFO] [evolutionary_search.cc:727] Got 64 candidate(s) with evolutionary search
2024-05-19 15:39:25 [INFO] [evolutionary_search.cc:730] Sending 64 candidates(s) for measurement
2024-05-19 15:41:03 [INFO] [task_scheduler.cc:131] [Task #14: fused_nn_contrib_conv2d_NCHWc_add_nn_relu_7] Trial #193: GFLOPs: 172.0841. Time: 27.4441 us. Best GFLOPs: 184.9647
2024-05-19 15:41:03 [INFO] [task_scheduler.cc:131] [Task #14: fused_nn_contrib_conv2d_NCHWc_add_nn_relu_7] Trial #194: GFLOPs: 175.9578. Time: 26.8399 us. Best GFLOPs: 184.9647
2024-05-19 15:41:03 [INFO] [task_scheduler.cc:131] [Task #14: fused_nn_contrib_conv2d_NCHWc_add_nn_relu_7] Trial #195: GFLOPs: 158.6148. Time: 29.7746 us. Best GFLOPs: 184.9647
2024-05-19 15:41:03 [INFO] [task_scheduler.cc:131] [Task #14: fused_nn_contrib_conv2d_NCHWc_add_nn_relu_7] Trial #196: GFLOPs: 171.8236. Time: 27.4857 us. Best GFLOPs: 184.9647
2024-05-19 15:41:03 [INFO] [task_scheduler.cc:131] [Task #14: fused_nn_contrib_conv2d_NCHWc_add_nn_relu_7] Trial #197: GFLOPs: 138.1470. Time: 34.1860 us. Best GFLOPs: 184.9647
2024-05-19 15:41:03 [INFO] [task_scheduler.cc:131] [Task #14: fused_nn_contrib_conv2d_NCHWc_add_nn_relu_7] Trial #198: GFLOPs: 131.8509. Time: 35.8184 us. Best GFLOPs: 184.9647
2024-05-19 15:41:03 [INFO] [task_scheduler.cc:131] [Task #14: fused_nn_contrib_conv2d_NCHWc_add_nn_relu_7] Trial #199: GFLOPs: 166.9333. Time: 28.2909 us. Best GFLOPs: 184.9647
2024-05-19 15:41:03 [INFO] [task_scheduler.cc:131] [Task #14: fused_nn_contrib_conv2d_NCHWc_add_nn_relu_7] Trial #200: GFLOPs: 168.6968. Time: 27.9951 us. Best GFLOPs: 184.9647
2024-05-19 15:41:03 [INFO] [task_scheduler.cc:131] [Task #14: fused_nn_contrib_conv2d_NCHWc_add_nn_relu_7] Trial #201: GFLOPs: 160.8367. Time: 29.3632 us. Best GFLOPs: 184.9647
2024-05-19 15:41:03 [INFO] [task_scheduler.cc:131] [Task #14: fused_nn_contrib_conv2d_NCHWc_add_nn_relu_7] Trial #202: GFLOPs: 158.3760. Time: 29.8195 us. Best GFLOPs: 184.9647
2024-05-19 15:41:03 [INFO] [task_scheduler.cc:131] [Task #14: fused_nn_contrib_conv2d_NCHWc_add_nn_relu_7] Trial #203: GFLOPs: 133.5115. Time: 35.3729 us. Best GFLOPs: 184.9647
2024-05-19 15:41:03 [INFO] [task_scheduler.cc:131] [Task #14: fused_nn_contrib_conv2d_NCHWc_add_nn_relu_7] Trial #204: GFLOPs: 159.5262. Time: 29.6045 us. Best GFLOPs: 184.9647
2024-05-19 15:41:03 [INFO] [task_scheduler.cc:131] [Task #14: fused_nn_contrib_conv2d_NCHWc_add_nn_relu_7] Trial #205: GFLOPs: 159.6764. Time: 29.5766 us. Best GFLOPs: 184.9647
2024-05-19 15:41:03 [INFO] [task_scheduler.cc:131] [Task #14: fused_nn_contrib_conv2d_NCHWc_add_nn_relu_7] Trial #206: GFLOPs: 169.4909. Time: 27.8640 us. Best GFLOPs: 184.9647
2024-05-19 15:41:03 [INFO] [task_scheduler.cc:131] [Task #14: fused_nn_contrib_conv2d_NCHWc_add_nn_relu_7] Trial #207: GFLOPs: 120.7562. Time: 39.1093 us. Best GFLOPs: 184.9647
2024-05-19 15:41:03 [INFO] [task_scheduler.cc:131] [Task #14: fused_nn_contrib_conv2d_NCHWc_add_nn_relu_7] Trial #208: GFLOPs: 158.8722. Time: 29.7263 us. Best GFLOPs: 184.9647
2024-05-19 15:41:03 [INFO] [task_scheduler.cc:131] [Task #14: fused_nn_contrib_conv2d_NCHWc_add_nn_relu_7] Trial #209: GFLOPs: 164.3543. Time: 28.7348 us. Best GFLOPs: 184.9647
2024-05-19 15:41:03 [INFO] [task_scheduler.cc:131] [Task #14: fused_nn_contrib_conv2d_NCHWc_add_nn_relu_7] Trial #210: GFLOPs: 165.5264. Time: 28.5313 us. Best GFLOPs: 184.9647
2024-05-19 15:41:03 [INFO] [task_scheduler.cc:131] [Task #14: fused_nn_contrib_conv2d_NCHWc_add_nn_relu_7] Trial #211: GFLOPs: 146.6367. Time: 32.2067 us. Best GFLOPs: 184.9647
2024-05-19 15:41:03 [INFO] [task_scheduler.cc:131] [Task #14: fused_nn_contrib_conv2d_NCHWc_add_nn_relu_7] Trial #212: GFLOPs: 151.4829. Time: 31.1764 us. Best GFLOPs: 184.9647
2024-05-19 15:41:03 [INFO] [task_scheduler.cc:131] [Task #14: fused_nn_contrib_conv2d_NCHWc_add_nn_relu_7] Trial #213: GFLOPs: 150.0155. Time: 31.4813 us. Best GFLOPs: 184.9647
2024-05-19 15:41:03 [INFO] [task_scheduler.cc:131] [Task #14: fused_nn_contrib_conv2d_NCHWc_add_nn_relu_7] Trial #214: GFLOPs: 119.7031. Time: 39.4534 us. Best GFLOPs: 184.9647
2024-05-19 15:41:03 [INFO] [task_scheduler.cc:131] [Task #14: fused_nn_contrib_conv2d_NCHWc_add_nn_relu_7] Trial #215: GFLOPs: 122.0192. Time: 38.7045 us. Best GFLOPs: 184.9647
2024-05-19 15:41:03 [INFO] [task_scheduler.cc:131] [Task #14: fused_nn_contrib_conv2d_NCHWc_add_nn_relu_7] Trial #216: GFLOPs: 161.2058. Time: 29.2960 us. Best GFLOPs: 184.9647
2024-05-19 15:41:03 [INFO] [task_scheduler.cc:131] [Task #14: fused_nn_contrib_conv2d_NCHWc_add_nn_relu_7] Trial #217: GFLOPs: 152.2967. Time: 31.0098 us. Best GFLOPs: 184.9647
2024-05-19 15:41:03 [INFO] [task_scheduler.cc:131] [Task #14: fused_nn_contrib_conv2d_NCHWc_add_nn_relu_7] Trial #218: GFLOPs: 154.7570. Time: 30.5168 us. Best GFLOPs: 184.9647
2024-05-19 15:41:03 [INFO] [task_scheduler.cc:131] [Task #14: fused_nn_contrib_conv2d_NCHWc_add_nn_relu_7] Trial #219: GFLOPs: 170.6903. Time: 27.6682 us. Best GFLOPs: 184.9647
2024-05-19 15:41:03 [INFO] [task_scheduler.cc:131] [Task #14: fused_nn_contrib_conv2d_NCHWc_add_nn_relu_7] Trial #220: GFLOPs: 163.6414. Time: 28.8600 us. Best GFLOPs: 184.9647
2024-05-19 15:41:03 [INFO] [task_scheduler.cc:131] [Task #14: fused_nn_contrib_conv2d_NCHWc_add_nn_relu_7] Trial #221: GFLOPs: 142.2739. Time: 33.1943 us. Best GFLOPs: 184.9647
2024-05-19 15:41:03 [INFO] [task_scheduler.cc:131] [Task #14: fused_nn_contrib_conv2d_NCHWc_add_nn_relu_7] Trial #222: GFLOPs: 154.2547. Time: 30.6162 us. Best GFLOPs: 184.9647
2024-05-19 15:41:03 [INFO] [task_scheduler.cc:131] [Task #14: fused_nn_contrib_conv2d_NCHWc_add_nn_relu_7] Trial #223: GFLOPs: 172.8689. Time: 27.3195 us. Best GFLOPs: 184.9647
2024-05-19 15:41:03 [INFO] [task_scheduler.cc:131] [Task #14: fused_nn_contrib_conv2d_NCHWc_add_nn_relu_7] Trial #224: GFLOPs: 179.0364. Time: 26.3784 us. Best GFLOPs: 184.9647
2024-05-19 15:41:03 [INFO] [task_scheduler.cc:131] [Task #14: fused_nn_contrib_conv2d_NCHWc_add_nn_relu_7] Trial #225: GFLOPs: 145.0273. Time: 32.5641 us. Best GFLOPs: 184.9647
2024-05-19 15:41:03 [INFO] [task_scheduler.cc:131] [Task #14: fused_nn_contrib_conv2d_NCHWc_add_nn_relu_7] Trial #226: GFLOPs: 162.6775. Time: 29.0310 us. Best GFLOPs: 184.9647
2024-05-19 15:41:03 [INFO] [task_scheduler.cc:131] [Task #14: fused_nn_contrib_conv2d_NCHWc_add_nn_relu_7] Trial #227: GFLOPs: 107.2057. Time: 44.0526 us. Best GFLOPs: 184.9647
2024-05-19 15:41:03 [INFO] [task_scheduler.cc:131] [Task #14: fused_nn_contrib_conv2d_NCHWc_add_nn_relu_7] Trial #228: GFLOPs: 162.8240. Time: 29.0049 us. Best GFLOPs: 184.9647
2024-05-19 15:41:03 [INFO] [task_scheduler.cc:131] [Task #14: fused_nn_contrib_conv2d_NCHWc_add_nn_relu_7] Trial #229: GFLOPs: 152.8200. Time: 30.9036 us. Best GFLOPs: 184.9647
2024-05-19 15:41:03 [INFO] [task_scheduler.cc:131] [Task #14: fused_nn_contrib_conv2d_NCHWc_add_nn_relu_7] Trial #230: GFLOPs: 152.4786. Time: 30.9728 us. Best GFLOPs: 184.9647
2024-05-19 15:41:03 [INFO] [task_scheduler.cc:131] [Task #14: fused_nn_contrib_conv2d_NCHWc_add_nn_relu_7] Trial #231: GFLOPs: 163.2237. Time: 28.9338 us. Best GFLOPs: 184.9647
2024-05-19 15:41:03 [INFO] [task_scheduler.cc:131] [Task #14: fused_nn_contrib_conv2d_NCHWc_add_nn_relu_7] Trial #232: GFLOPs: 159.9272. Time: 29.5302 us. Best GFLOPs: 184.9647
2024-05-19 15:41:03 [INFO] [task_scheduler.cc:131] [Task #14: fused_nn_contrib_conv2d_NCHWc_add_nn_relu_7] Trial #233: GFLOPs: 153.0989. Time: 30.8473 us. Best GFLOPs: 184.9647
2024-05-19 15:41:03 [INFO] [task_scheduler.cc:131] [Task #14: fused_nn_contrib_conv2d_NCHWc_add_nn_relu_7] Trial #234: GFLOPs: 156.5114. Time: 30.1747 us. Best GFLOPs: 184.9647
2024-05-19 15:41:03 [INFO] [task_scheduler.cc:131] [Task #14: fused_nn_contrib_conv2d_NCHWc_add_nn_relu_7] Trial #235: GFLOPs: 151.7312. Time: 31.1254 us. Best GFLOPs: 184.9647
2024-05-19 15:41:03 [INFO] [task_scheduler.cc:131] [Task #14: fused_nn_contrib_conv2d_NCHWc_add_nn_relu_7] Trial #236: GFLOPs: 153.3481. Time: 30.7972 us. Best GFLOPs: 184.9647
2024-05-19 15:41:03 [INFO] [task_scheduler.cc:131] [Task #14: fused_nn_contrib_conv2d_NCHWc_add_nn_relu_7] Trial #237: GFLOPs: 166.1682. Time: 28.4211 us. Best GFLOPs: 184.9647
2024-05-19 15:41:03 [INFO] [task_scheduler.cc:131] [Task #14: fused_nn_contrib_conv2d_NCHWc_add_nn_relu_7] Trial #238: GFLOPs: 150.5648. Time: 31.3665 us. Best GFLOPs: 184.9647
2024-05-19 15:41:03 [INFO] [task_scheduler.cc:131] [Task #14: fused_nn_contrib_conv2d_NCHWc_add_nn_relu_7] Trial #239: GFLOPs: 148.5972. Time: 31.7818 us. Best GFLOPs: 184.9647
2024-05-19 15:41:03 [INFO] [task_scheduler.cc:131] [Task #14: fused_nn_contrib_conv2d_NCHWc_add_nn_relu_7] Trial #240: GFLOPs: 164.9112. Time: 28.6378 us. Best GFLOPs: 184.9647
2024-05-19 15:41:03 [INFO] [task_scheduler.cc:131] [Task #14: fused_nn_contrib_conv2d_NCHWc_add_nn_relu_7] Trial #241: GFLOPs: 156.1855. Time: 30.2377 us. Best GFLOPs: 184.9647
2024-05-19 15:41:03 [INFO] [task_scheduler.cc:131] [Task #14: fused_nn_contrib_conv2d_NCHWc_add_nn_relu_7] Trial #242: GFLOPs: 147.6841. Time: 31.9783 us. Best GFLOPs: 184.9647
2024-05-19 15:41:03 [INFO] [task_scheduler.cc:131] [Task #14: fused_nn_contrib_conv2d_NCHWc_add_nn_relu_7] Trial #243: GFLOPs: 144.4602. Time: 32.6920 us. Best GFLOPs: 184.9647
2024-05-19 15:41:03 [INFO] [task_scheduler.cc:131] [Task #14: fused_nn_contrib_conv2d_NCHWc_add_nn_relu_7] Trial #244: GFLOPs: 131.2592. Time: 35.9799 us. Best GFLOPs: 184.9647
2024-05-19 15:41:03 [INFO] [task_scheduler.cc:131] [Task #14: fused_nn_contrib_conv2d_NCHWc_add_nn_relu_7] Trial #245: GFLOPs: 154.1501. Time: 30.6369 us. Best GFLOPs: 184.9647
2024-05-19 15:41:03 [INFO] [task_scheduler.cc:131] [Task #14: fused_nn_contrib_conv2d_NCHWc_add_nn_relu_7] Trial #246: GFLOPs: 164.2429. Time: 28.7543 us. Best GFLOPs: 184.9647
2024-05-19 15:41:03 [INFO] [task_scheduler.cc:131] [Task #14: fused_nn_contrib_conv2d_NCHWc_add_nn_relu_7] Trial #247: GFLOPs: 166.6962. Time: 28.3311 us. Best GFLOPs: 184.9647
2024-05-19 15:41:03 [INFO] [task_scheduler.cc:131] [Task #14: fused_nn_contrib_conv2d_NCHWc_add_nn_relu_7] Trial #248: GFLOPs: 151.8963. Time: 31.0915 us. Best GFLOPs: 184.9647
2024-05-19 15:41:03 [INFO] [task_scheduler.cc:131] [Task #14: fused_nn_contrib_conv2d_NCHWc_add_nn_relu_7] Trial #249: GFLOPs: 177.5722. Time: 26.5959 us. Best GFLOPs: 184.9647
2024-05-19 15:41:03 [INFO] [task_scheduler.cc:131] [Task #14: fused_nn_contrib_conv2d_NCHWc_add_nn_relu_7] Trial #250: GFLOPs: 151.2580. Time: 31.2227 us. Best GFLOPs: 184.9647
2024-05-19 15:41:03 [INFO] [task_scheduler.cc:131] [Task #14: fused_nn_contrib_conv2d_NCHWc_add_nn_relu_7] Trial #251: GFLOPs: 138.7445. Time: 34.0387 us. Best GFLOPs: 184.9647
2024-05-19 15:41:03 [INFO] [task_scheduler.cc:131] [Task #14: fused_nn_contrib_conv2d_NCHWc_add_nn_relu_7] Trial #252: GFLOPs: 154.4351. Time: 30.5804 us. Best GFLOPs: 184.9647
2024-05-19 15:41:03 [INFO] [task_scheduler.cc:131] [Task #14: fused_nn_contrib_conv2d_NCHWc_add_nn_relu_7] Trial #253: GFLOPs: 138.9509. Time: 33.9882 us. Best GFLOPs: 184.9647
2024-05-19 15:41:03 [INFO] [task_scheduler.cc:131] [Task #14: fused_nn_contrib_conv2d_NCHWc_add_nn_relu_7] Trial #254: GFLOPs: 35.0033. Time: 134.9214 us. Best GFLOPs: 184.9647
2024-05-19 15:41:03 [INFO] [task_scheduler.cc:131] [Task #14: fused_nn_contrib_conv2d_NCHWc_add_nn_relu_7] Trial #255: GFLOPs: 21.5225. Time: 219.4301 us. Best GFLOPs: 184.9647
2024-05-19 15:41:03 [INFO] [task_scheduler.cc:131] [Task #14: fused_nn_contrib_conv2d_NCHWc_add_nn_relu_7] Trial #256: GFLOPs: 18.5888. Time: 254.0608 us. Best GFLOPs: 184.9647
