2024-05-21 16:01:53 [INFO] [task_scheduler.cc:160] Initializing Task #8: "fused_nn_contrib_conv2d_NCHWc_add_add"
2024-05-21 16:01:53 [INFO] [task_scheduler.cc:35] 
# from tvm.script import ir as I
# from tvm.script import tir as T

@I.ir_module
class Module:
    @T.prim_func
    def main(p0: T.Buffer((T.int64(1), T.int64(18), T.int64(56), T.int64(56), T.int64(8)), "float32"), p1: T.Buffer((T.int64(3), T.int64(18), T.int64(1), T.int64(1), T.int64(8), T.int64(8)), "float32"), p2: T.Buffer((T.int64(1), T.int64(3), T.int64(1), T.int64(1), T.int64(8)), "float32"), p3: T.Buffer((T.int64(1), T.int64(3), T.int64(56), T.int64(56), T.int64(8)), "float32"), T_add: T.Buffer((T.int64(1), T.int64(3), T.int64(56), T.int64(56), T.int64(8)), "float32")):
        T.func_attr({"tir.noalias": T.bool(True)})
        # with T.block("root"):
        conv2d_NCHWc = T.alloc_buffer((T.int64(1), T.int64(3), T.int64(56), T.int64(56), T.int64(8)))
        T_add_1 = T.alloc_buffer((T.int64(1), T.int64(3), T.int64(56), T.int64(56), T.int64(8)))
        for n, oc_chunk, oh, ow, oc_block, ic, kh, kw in T.grid(T.int64(1), T.int64(3), T.int64(56), T.int64(56), T.int64(8), T.int64(144), T.int64(1), T.int64(1)):
            with T.block("conv2d_NCHWc"):
                v_n, v_oc_chunk, v_oh, v_ow, v_oc_block, v_ic, v_kh, v_kw = T.axis.remap("SSSSSRRR", [n, oc_chunk, oh, ow, oc_block, ic, kh, kw])
                T.reads(p0[v_n, v_ic // T.int64(8), v_oh + v_kh, v_ow + v_kw, v_ic % T.int64(8)], p1[v_oc_chunk, v_ic // T.int64(8), v_kh, v_kw, v_ic % T.int64(8), v_oc_block])
                T.writes(conv2d_NCHWc[v_n, v_oc_chunk, v_oh, v_ow, v_oc_block])
                with T.init():
                    conv2d_NCHWc[v_n, v_oc_chunk, v_oh, v_ow, v_oc_block] = T.float32(0)
                conv2d_NCHWc[v_n, v_oc_chunk, v_oh, v_ow, v_oc_block] = conv2d_NCHWc[v_n, v_oc_chunk, v_oh, v_ow, v_oc_block] + p0[v_n, v_ic // T.int64(8), v_oh + v_kh, v_ow + v_kw, v_ic % T.int64(8)] * p1[v_oc_chunk, v_ic // T.int64(8), v_kh, v_kw, v_ic % T.int64(8), v_oc_block]
        for ax0, ax1, ax2, ax3, ax4 in T.grid(T.int64(1), T.int64(3), T.int64(56), T.int64(56), T.int64(8)):
            with T.block("T_add"):
                v_ax0, v_ax1, v_ax2, v_ax3, v_ax4 = T.axis.remap("SSSSS", [ax0, ax1, ax2, ax3, ax4])
                T.reads(conv2d_NCHWc[v_ax0, v_ax1, v_ax2, v_ax3, v_ax4], p2[v_ax0, v_ax1, T.int64(0), T.int64(0), v_ax4])
                T.writes(T_add_1[v_ax0, v_ax1, v_ax2, v_ax3, v_ax4])
                T_add_1[v_ax0, v_ax1, v_ax2, v_ax3, v_ax4] = conv2d_NCHWc[v_ax0, v_ax1, v_ax2, v_ax3, v_ax4] + p2[v_ax0, v_ax1, T.int64(0), T.int64(0), v_ax4]
        for ax0, ax1, ax2, ax3, ax4 in T.grid(T.int64(1), T.int64(3), T.int64(56), T.int64(56), T.int64(8)):
            with T.block("T_add_1"):
                v_ax0, v_ax1, v_ax2, v_ax3, v_ax4 = T.axis.remap("SSSSS", [ax0, ax1, ax2, ax3, ax4])
                T.reads(p3[v_ax0, v_ax1, v_ax2, v_ax3, v_ax4], T_add_1[v_ax0, v_ax1, v_ax2, v_ax3, v_ax4])
                T.writes(T_add[v_ax0, v_ax1, v_ax2, v_ax3, v_ax4])
                T_add[v_ax0, v_ax1, v_ax2, v_ax3, v_ax4] = p3[v_ax0, v_ax1, v_ax2, v_ax3, v_ax4] + T_add_1[v_ax0, v_ax1, v_ax2, v_ax3, v_ax4]
2024-05-21 16:01:53 [INFO] [task_scheduler.cc:164] Total 3 design space(s) generated
2024-05-21 16:01:53 [INFO] [task_scheduler.cc:170] Design space #0:
# from tvm.script import ir as I
# from tvm.script import tir as T

@I.ir_module
class Module:
    @T.prim_func
    def main(p0: T.Buffer((T.int64(1), T.int64(18), T.int64(56), T.int64(56), T.int64(8)), "float32"), p1: T.Buffer((T.int64(3), T.int64(18), T.int64(1), T.int64(1), T.int64(8), T.int64(8)), "float32"), p2: T.Buffer((T.int64(1), T.int64(3), T.int64(1), T.int64(1), T.int64(8)), "float32"), p3: T.Buffer((T.int64(1), T.int64(3), T.int64(56), T.int64(56), T.int64(8)), "float32"), T_add: T.Buffer((T.int64(1), T.int64(3), T.int64(56), T.int64(56), T.int64(8)), "float32")):
        T.func_attr({"tir.noalias": T.bool(True)})
        with T.block("root"):
            T.reads()
            T.writes()
            T.block_attr({"meta_schedule.parallel": 96, "meta_schedule.unroll_explicit": 16, "meta_schedule.vectorize": 64})
            conv2d_NCHWc = T.alloc_buffer((T.int64(1), T.int64(3), T.int64(56), T.int64(56), T.int64(8)))
            for n_0, oc_chunk_0, oh_0, ow_0, oc_block_0, n_1, oc_chunk_1, oh_1, ow_1, oc_block_1, ic_0, kh_0, kw_0, n_2, oc_chunk_2, oh_2, ow_2, oc_block_2, ic_1, kh_1, kw_1, n_3, oc_chunk_3, oh_3, ow_3, oc_block_3 in T.grid(T.int64(1), T.int64(1), T.int64(56), T.int64(1), T.int64(2), T.int64(1), T.int64(1), T.int64(1), T.int64(1), T.int64(2), T.int64(12), T.int64(1), T.int64(1), T.int64(1), T.int64(1), T.int64(1), T.int64(8), T.int64(2), T.int64(12), T.int64(1), T.int64(1), T.int64(1), T.int64(3), T.int64(1), T.int64(7), T.int64(1)):
                with T.block("conv2d_NCHWc"):
                    v_n = T.axis.spatial(T.int64(1), n_0 + n_1 + n_2 + n_3)
                    v_oc_chunk = T.axis.spatial(T.int64(3), oc_chunk_0 * T.int64(3) + oc_chunk_1 * T.int64(3) + oc_chunk_2 * T.int64(3) + oc_chunk_3)
                    v_oh = T.axis.spatial(T.int64(56), oh_0 + oh_1 + oh_2 + oh_3)
                    v_ow = T.axis.spatial(T.int64(56), ow_0 * T.int64(56) + ow_1 * T.int64(56) + ow_2 * T.int64(7) + ow_3)
                    v_oc_block = T.axis.spatial(T.int64(8), oc_block_0 * T.int64(4) + oc_block_1 * T.int64(2) + oc_block_2 + oc_block_3)
                    v_ic = T.axis.reduce(T.int64(144), ic_0 * T.int64(12) + ic_1)
                    v_kh = T.axis.reduce(T.int64(1), kh_0 + kh_1)
                    v_kw = T.axis.reduce(T.int64(1), kw_0 + kw_1)
                    T.reads(p0[v_n, v_ic // T.int64(8), v_oh + v_kh, v_ow + v_kw, v_ic % T.int64(8)], p1[v_oc_chunk, v_ic // T.int64(8), v_kh, v_kw, v_ic % T.int64(8), v_oc_block])
                    T.writes(conv2d_NCHWc[v_n, v_oc_chunk, v_oh, v_ow, v_oc_block])
                    T.block_attr({"meta_schedule.tiling_structure": "SSRSRS"})
                    with T.init():
                        conv2d_NCHWc[v_n, v_oc_chunk, v_oh, v_ow, v_oc_block] = T.float32(0)
                    conv2d_NCHWc[v_n, v_oc_chunk, v_oh, v_ow, v_oc_block] = conv2d_NCHWc[v_n, v_oc_chunk, v_oh, v_ow, v_oc_block] + p0[v_n, v_ic // T.int64(8), v_oh + v_kh, v_ow + v_kw, v_ic % T.int64(8)] * p1[v_oc_chunk, v_ic // T.int64(8), v_kh, v_kw, v_ic % T.int64(8), v_oc_block]
            for ax0, ax1, ax2, ax3, ax4 in T.grid(T.int64(1), T.int64(3), T.int64(56), T.int64(56), T.int64(8)):
                with T.block("T_add_1"):
                    v_ax0, v_ax1, v_ax2, v_ax3, v_ax4 = T.axis.remap("SSSSS", [ax0, ax1, ax2, ax3, ax4])
                    T.reads(p3[v_ax0, v_ax1, v_ax2, v_ax3, v_ax4], conv2d_NCHWc[v_ax0, v_ax1, v_ax2, v_ax3, v_ax4], p2[v_ax0, v_ax1, T.int64(0), T.int64(0), v_ax4])
                    T.writes(T_add[v_ax0, v_ax1, v_ax2, v_ax3, v_ax4])
                    T_add[v_ax0, v_ax1, v_ax2, v_ax3, v_ax4] = p3[v_ax0, v_ax1, v_ax2, v_ax3, v_ax4] + (conv2d_NCHWc[v_ax0, v_ax1, v_ax2, v_ax3, v_ax4] + p2[v_ax0, v_ax1, T.int64(0), T.int64(0), v_ax4])
b0 = sch.get_block(name="conv2d_NCHWc", func_name="main")
b1 = sch.get_block(name="T_add", func_name="main")
b2 = sch.get_block(name="root", func_name="main")
sch.compute_inline(block=b1)
sch.annotate(block_or_loop=b0, ann_key="meta_schedule.tiling_structure", ann_val="SSRSRS")
l3, l4, l5, l6, l7, l8, l9, l10 = sch.get_loops(block=b0)
v11, v12, v13, v14 = sch.sample_perfect_tile(loop=l3, n=4, max_innermost_factor=64, decision=[1, 1, 1, 1])
l15, l16, l17, l18 = sch.split(loop=l3, factors=[v11, v12, v13, v14], preserve_unit_iters=True, disable_predication=False)
v19, v20, v21, v22 = sch.sample_perfect_tile(loop=l4, n=4, max_innermost_factor=64, decision=[1, 1, 1, 3])
l23, l24, l25, l26 = sch.split(loop=l4, factors=[v19, v20, v21, v22], preserve_unit_iters=True, disable_predication=False)
v27, v28, v29, v30 = sch.sample_perfect_tile(loop=l5, n=4, max_innermost_factor=64, decision=[56, 1, 1, 1])
l31, l32, l33, l34 = sch.split(loop=l5, factors=[v27, v28, v29, v30], preserve_unit_iters=True, disable_predication=False)
v35, v36, v37, v38 = sch.sample_perfect_tile(loop=l6, n=4, max_innermost_factor=64, decision=[1, 1, 8, 7])
l39, l40, l41, l42 = sch.split(loop=l6, factors=[v35, v36, v37, v38], preserve_unit_iters=True, disable_predication=False)
v43, v44, v45, v46 = sch.sample_perfect_tile(loop=l7, n=4, max_innermost_factor=64, decision=[2, 2, 2, 1])
l47, l48, l49, l50 = sch.split(loop=l7, factors=[v43, v44, v45, v46], preserve_unit_iters=True, disable_predication=False)
v51, v52 = sch.sample_perfect_tile(loop=l8, n=2, max_innermost_factor=64, decision=[12, 12])
l53, l54 = sch.split(loop=l8, factors=[v51, v52], preserve_unit_iters=True, disable_predication=False)
v55, v56 = sch.sample_perfect_tile(loop=l9, n=2, max_innermost_factor=64, decision=[1, 1])
l57, l58 = sch.split(loop=l9, factors=[v55, v56], preserve_unit_iters=True, disable_predication=False)
v59, v60 = sch.sample_perfect_tile(loop=l10, n=2, max_innermost_factor=64, decision=[1, 1])
l61, l62 = sch.split(loop=l10, factors=[v59, v60], preserve_unit_iters=True, disable_predication=False)
sch.reorder(l15, l23, l31, l39, l47, l16, l24, l32, l40, l48, l53, l57, l61, l17, l25, l33, l41, l49, l54, l58, l62, l18, l26, l34, l42, l50)
sch.annotate(block_or_loop=b2, ann_key="meta_schedule.parallel", ann_val=96)
sch.annotate(block_or_loop=b2, ann_key="meta_schedule.vectorize", ann_val=64)
v63 = sch.sample_categorical(candidates=[0, 16, 64, 512], probs=[0.25, 0.25, 0.25, 0.25], decision=1)
sch.annotate(block_or_loop=b2, ann_key="meta_schedule.unroll_explicit", ann_val=v63)
2024-05-21 16:01:53 [INFO] [task_scheduler.cc:170] Design space #1:
# from tvm.script import ir as I
# from tvm.script import tir as T

@I.ir_module
class Module:
    @T.prim_func
    def main(p0: T.Buffer((T.int64(1), T.int64(18), T.int64(56), T.int64(56), T.int64(8)), "float32"), p1: T.Buffer((T.int64(3), T.int64(18), T.int64(1), T.int64(1), T.int64(8), T.int64(8)), "float32"), p2: T.Buffer((T.int64(1), T.int64(3), T.int64(1), T.int64(1), T.int64(8)), "float32"), p3: T.Buffer((T.int64(1), T.int64(3), T.int64(56), T.int64(56), T.int64(8)), "float32"), T_add: T.Buffer((T.int64(1), T.int64(3), T.int64(56), T.int64(56), T.int64(8)), "float32")):
        T.func_attr({"tir.noalias": T.bool(True)})
        with T.block("root"):
            T.reads()
            T.writes()
            T.block_attr({"meta_schedule.parallel": 96, "meta_schedule.unroll_explicit": 16, "meta_schedule.vectorize": 64})
            conv2d_NCHWc = T.alloc_buffer((T.int64(1), T.int64(3), T.int64(56), T.int64(56), T.int64(8)))
            for n_0, oc_chunk_0, oh_0, ow_0, oc_block_0, n_1, oc_chunk_1, oh_1, ow_1, oc_block_1 in T.grid(T.int64(1), T.int64(1), T.int64(56), T.int64(1), T.int64(2), T.int64(1), T.int64(1), T.int64(1), T.int64(1), T.int64(2)):
                for ic_0, kh_0, kw_0, n_2, oc_chunk_2, oh_2, ow_2, oc_block_2, ic_1, kh_1, kw_1, n_3, oc_chunk_3, oh_3, ow_3, oc_block_3 in T.grid(T.int64(12), T.int64(1), T.int64(1), T.int64(1), T.int64(1), T.int64(1), T.int64(8), T.int64(2), T.int64(12), T.int64(1), T.int64(1), T.int64(1), T.int64(3), T.int64(1), T.int64(7), T.int64(1)):
                    with T.block("conv2d_NCHWc"):
                        v_n = T.axis.spatial(T.int64(1), n_0 + n_1 + n_2 + n_3)
                        v_oc_chunk = T.axis.spatial(T.int64(3), oc_chunk_0 * T.int64(3) + oc_chunk_1 * T.int64(3) + oc_chunk_2 * T.int64(3) + oc_chunk_3)
                        v_oh = T.axis.spatial(T.int64(56), oh_0 + oh_1 + oh_2 + oh_3)
                        v_ow = T.axis.spatial(T.int64(56), ow_0 * T.int64(56) + ow_1 * T.int64(56) + ow_2 * T.int64(7) + ow_3)
                        v_oc_block = T.axis.spatial(T.int64(8), oc_block_0 * T.int64(4) + oc_block_1 * T.int64(2) + oc_block_2 + oc_block_3)
                        v_ic = T.axis.reduce(T.int64(144), ic_0 * T.int64(12) + ic_1)
                        v_kh = T.axis.reduce(T.int64(1), kh_0 + kh_1)
                        v_kw = T.axis.reduce(T.int64(1), kw_0 + kw_1)
                        T.reads(p0[v_n, v_ic // T.int64(8), v_oh + v_kh, v_ow + v_kw, v_ic % T.int64(8)], p1[v_oc_chunk, v_ic // T.int64(8), v_kh, v_kw, v_ic % T.int64(8), v_oc_block])
                        T.writes(conv2d_NCHWc[v_n, v_oc_chunk, v_oh, v_ow, v_oc_block])
                        T.block_attr({"meta_schedule.tiling_structure": "SSRSRS"})
                        with T.init():
                            conv2d_NCHWc[v_n, v_oc_chunk, v_oh, v_ow, v_oc_block] = T.float32(0)
                        conv2d_NCHWc[v_n, v_oc_chunk, v_oh, v_ow, v_oc_block] = conv2d_NCHWc[v_n, v_oc_chunk, v_oh, v_ow, v_oc_block] + p0[v_n, v_ic // T.int64(8), v_oh + v_kh, v_ow + v_kw, v_ic % T.int64(8)] * p1[v_oc_chunk, v_ic // T.int64(8), v_kh, v_kw, v_ic % T.int64(8), v_oc_block]
                for ax0, ax1, ax2, ax3, ax4 in T.grid(T.int64(1), T.int64(3), T.int64(1), T.int64(56), T.int64(2)):
                    with T.block("T_add_1"):
                        v_ax0, v_ax1 = T.axis.remap("SS", [ax0, ax1])
                        v_ax2 = T.axis.spatial(T.int64(56), oh_0 + ax2)
                        v_ax3 = T.axis.spatial(T.int64(56), ax3)
                        v_ax4 = T.axis.spatial(T.int64(8), oc_block_0 * T.int64(4) + oc_block_1 * T.int64(2) + ax4)
                        T.reads(p3[v_ax0, v_ax1, v_ax2, v_ax3, v_ax4], conv2d_NCHWc[v_ax0, v_ax1, v_ax2, v_ax3, v_ax4], p2[v_ax0, v_ax1, T.int64(0), T.int64(0), v_ax4])
                        T.writes(T_add[v_ax0, v_ax1, v_ax2, v_ax3, v_ax4])
                        T_add[v_ax0, v_ax1, v_ax2, v_ax3, v_ax4] = p3[v_ax0, v_ax1, v_ax2, v_ax3, v_ax4] + (conv2d_NCHWc[v_ax0, v_ax1, v_ax2, v_ax3, v_ax4] + p2[v_ax0, v_ax1, T.int64(0), T.int64(0), v_ax4])
b0 = sch.get_block(name="conv2d_NCHWc", func_name="main")
b1 = sch.get_block(name="T_add", func_name="main")
b2 = sch.get_block(name="root", func_name="main")
sch.compute_inline(block=b1)
sch.annotate(block_or_loop=b0, ann_key="meta_schedule.tiling_structure", ann_val="SSRSRS")
l3, l4, l5, l6, l7, l8, l9, l10 = sch.get_loops(block=b0)
v11, v12, v13, v14 = sch.sample_perfect_tile(loop=l3, n=4, max_innermost_factor=64, decision=[1, 1, 1, 1])
l15, l16, l17, l18 = sch.split(loop=l3, factors=[v11, v12, v13, v14], preserve_unit_iters=True, disable_predication=False)
v19, v20, v21, v22 = sch.sample_perfect_tile(loop=l4, n=4, max_innermost_factor=64, decision=[1, 1, 1, 3])
l23, l24, l25, l26 = sch.split(loop=l4, factors=[v19, v20, v21, v22], preserve_unit_iters=True, disable_predication=False)
v27, v28, v29, v30 = sch.sample_perfect_tile(loop=l5, n=4, max_innermost_factor=64, decision=[56, 1, 1, 1])
l31, l32, l33, l34 = sch.split(loop=l5, factors=[v27, v28, v29, v30], preserve_unit_iters=True, disable_predication=False)
v35, v36, v37, v38 = sch.sample_perfect_tile(loop=l6, n=4, max_innermost_factor=64, decision=[1, 1, 8, 7])
l39, l40, l41, l42 = sch.split(loop=l6, factors=[v35, v36, v37, v38], preserve_unit_iters=True, disable_predication=False)
v43, v44, v45, v46 = sch.sample_perfect_tile(loop=l7, n=4, max_innermost_factor=64, decision=[2, 2, 2, 1])
l47, l48, l49, l50 = sch.split(loop=l7, factors=[v43, v44, v45, v46], preserve_unit_iters=True, disable_predication=False)
v51, v52 = sch.sample_perfect_tile(loop=l8, n=2, max_innermost_factor=64, decision=[12, 12])
l53, l54 = sch.split(loop=l8, factors=[v51, v52], preserve_unit_iters=True, disable_predication=False)
v55, v56 = sch.sample_perfect_tile(loop=l9, n=2, max_innermost_factor=64, decision=[1, 1])
l57, l58 = sch.split(loop=l9, factors=[v55, v56], preserve_unit_iters=True, disable_predication=False)
v59, v60 = sch.sample_perfect_tile(loop=l10, n=2, max_innermost_factor=64, decision=[1, 1])
l61, l62 = sch.split(loop=l10, factors=[v59, v60], preserve_unit_iters=True, disable_predication=False)
sch.reorder(l15, l23, l31, l39, l47, l16, l24, l32, l40, l48, l53, l57, l61, l17, l25, l33, l41, l49, l54, l58, l62, l18, l26, l34, l42, l50)
b63, = sch.get_consumers(block=b0)
sch.reverse_compute_at(block=b63, loop=l48, preserve_unit_loops=True, index=-1)
sch.annotate(block_or_loop=b2, ann_key="meta_schedule.parallel", ann_val=96)
sch.annotate(block_or_loop=b2, ann_key="meta_schedule.vectorize", ann_val=64)
v64 = sch.sample_categorical(candidates=[0, 16, 64, 512], probs=[0.25, 0.25, 0.25, 0.25], decision=1)
sch.annotate(block_or_loop=b2, ann_key="meta_schedule.unroll_explicit", ann_val=v64)
2024-05-21 16:01:53 [INFO] [task_scheduler.cc:170] Design space #2:
# from tvm.script import ir as I
# from tvm.script import tir as T

@I.ir_module
class Module:
    @T.prim_func
    def main(p0: T.Buffer((T.int64(1), T.int64(18), T.int64(56), T.int64(56), T.int64(8)), "float32"), p1: T.Buffer((T.int64(3), T.int64(18), T.int64(1), T.int64(1), T.int64(8), T.int64(8)), "float32"), p2: T.Buffer((T.int64(1), T.int64(3), T.int64(1), T.int64(1), T.int64(8)), "float32"), p3: T.Buffer((T.int64(1), T.int64(3), T.int64(56), T.int64(56), T.int64(8)), "float32"), T_add: T.Buffer((T.int64(1), T.int64(3), T.int64(56), T.int64(56), T.int64(8)), "float32")):
        T.func_attr({"tir.noalias": T.bool(True)})
        with T.block("root"):
            T.reads()
            T.writes()
            T.block_attr({"meta_schedule.parallel": 96, "meta_schedule.unroll_explicit": 0, "meta_schedule.vectorize": 64})
            conv2d_NCHWc = T.alloc_buffer((T.int64(1), T.int64(3), T.int64(56), T.int64(56), T.int64(8)))
            for n_0, oc_chunk_0, oh_0, ow_0, oc_block_0 in T.grid(T.int64(1), T.int64(1), T.int64(56), T.int64(1), T.int64(2)):
                for n_1, oc_chunk_1, oh_1, ow_1, oc_block_1, ic_0, kh_0, kw_0, n_2, oc_chunk_2, oh_2, ow_2, oc_block_2, ic_1, kh_1, kw_1, n_3, oc_chunk_3, oh_3, ow_3, oc_block_3 in T.grid(T.int64(1), T.int64(1), T.int64(1), T.int64(1), T.int64(2), T.int64(12), T.int64(1), T.int64(1), T.int64(1), T.int64(1), T.int64(1), T.int64(8), T.int64(2), T.int64(12), T.int64(1), T.int64(1), T.int64(1), T.int64(3), T.int64(1), T.int64(7), T.int64(1)):
                    with T.block("conv2d_NCHWc"):
                        v_n = T.axis.spatial(T.int64(1), n_0 + n_1 + n_2 + n_3)
                        v_oc_chunk = T.axis.spatial(T.int64(3), oc_chunk_0 * T.int64(3) + oc_chunk_1 * T.int64(3) + oc_chunk_2 * T.int64(3) + oc_chunk_3)
                        v_oh = T.axis.spatial(T.int64(56), oh_0 + oh_1 + oh_2 + oh_3)
                        v_ow = T.axis.spatial(T.int64(56), ow_0 * T.int64(56) + ow_1 * T.int64(56) + ow_2 * T.int64(7) + ow_3)
                        v_oc_block = T.axis.spatial(T.int64(8), oc_block_0 * T.int64(4) + oc_block_1 * T.int64(2) + oc_block_2 + oc_block_3)
                        v_ic = T.axis.reduce(T.int64(144), ic_0 * T.int64(12) + ic_1)
                        v_kh = T.axis.reduce(T.int64(1), kh_0 + kh_1)
                        v_kw = T.axis.reduce(T.int64(1), kw_0 + kw_1)
                        T.reads(p0[v_n, v_ic // T.int64(8), v_oh + v_kh, v_ow + v_kw, v_ic % T.int64(8)], p1[v_oc_chunk, v_ic // T.int64(8), v_kh, v_kw, v_ic % T.int64(8), v_oc_block])
                        T.writes(conv2d_NCHWc[v_n, v_oc_chunk, v_oh, v_ow, v_oc_block])
                        T.block_attr({"meta_schedule.tiling_structure": "SSRSRS"})
                        with T.init():
                            conv2d_NCHWc[v_n, v_oc_chunk, v_oh, v_ow, v_oc_block] = T.float32(0)
                        conv2d_NCHWc[v_n, v_oc_chunk, v_oh, v_ow, v_oc_block] = conv2d_NCHWc[v_n, v_oc_chunk, v_oh, v_ow, v_oc_block] + p0[v_n, v_ic // T.int64(8), v_oh + v_kh, v_ow + v_kw, v_ic % T.int64(8)] * p1[v_oc_chunk, v_ic // T.int64(8), v_kh, v_kw, v_ic % T.int64(8), v_oc_block]
                for ax0, ax1, ax2, ax3, ax4 in T.grid(T.int64(1), T.int64(3), T.int64(1), T.int64(56), T.int64(4)):
                    with T.block("T_add_1"):
                        v_ax0, v_ax1 = T.axis.remap("SS", [ax0, ax1])
                        v_ax2 = T.axis.spatial(T.int64(56), oh_0 + ax2)
                        v_ax3 = T.axis.spatial(T.int64(56), ax3)
                        v_ax4 = T.axis.spatial(T.int64(8), oc_block_0 * T.int64(4) + ax4)
                        T.reads(p3[v_ax0, v_ax1, v_ax2, v_ax3, v_ax4], conv2d_NCHWc[v_ax0, v_ax1, v_ax2, v_ax3, v_ax4], p2[v_ax0, v_ax1, T.int64(0), T.int64(0), v_ax4])
                        T.writes(T_add[v_ax0, v_ax1, v_ax2, v_ax3, v_ax4])
                        T_add[v_ax0, v_ax1, v_ax2, v_ax3, v_ax4] = p3[v_ax0, v_ax1, v_ax2, v_ax3, v_ax4] + (conv2d_NCHWc[v_ax0, v_ax1, v_ax2, v_ax3, v_ax4] + p2[v_ax0, v_ax1, T.int64(0), T.int64(0), v_ax4])
b0 = sch.get_block(name="conv2d_NCHWc", func_name="main")
b1 = sch.get_block(name="T_add", func_name="main")
b2 = sch.get_block(name="root", func_name="main")
sch.compute_inline(block=b1)
sch.annotate(block_or_loop=b0, ann_key="meta_schedule.tiling_structure", ann_val="SSRSRS")
l3, l4, l5, l6, l7, l8, l9, l10 = sch.get_loops(block=b0)
v11, v12, v13, v14 = sch.sample_perfect_tile(loop=l3, n=4, max_innermost_factor=64, decision=[1, 1, 1, 1])
l15, l16, l17, l18 = sch.split(loop=l3, factors=[v11, v12, v13, v14], preserve_unit_iters=True, disable_predication=False)
v19, v20, v21, v22 = sch.sample_perfect_tile(loop=l4, n=4, max_innermost_factor=64, decision=[1, 1, 1, 3])
l23, l24, l25, l26 = sch.split(loop=l4, factors=[v19, v20, v21, v22], preserve_unit_iters=True, disable_predication=False)
v27, v28, v29, v30 = sch.sample_perfect_tile(loop=l5, n=4, max_innermost_factor=64, decision=[56, 1, 1, 1])
l31, l32, l33, l34 = sch.split(loop=l5, factors=[v27, v28, v29, v30], preserve_unit_iters=True, disable_predication=False)
v35, v36, v37, v38 = sch.sample_perfect_tile(loop=l6, n=4, max_innermost_factor=64, decision=[1, 1, 8, 7])
l39, l40, l41, l42 = sch.split(loop=l6, factors=[v35, v36, v37, v38], preserve_unit_iters=True, disable_predication=False)
v43, v44, v45, v46 = sch.sample_perfect_tile(loop=l7, n=4, max_innermost_factor=64, decision=[2, 2, 2, 1])
l47, l48, l49, l50 = sch.split(loop=l7, factors=[v43, v44, v45, v46], preserve_unit_iters=True, disable_predication=False)
v51, v52 = sch.sample_perfect_tile(loop=l8, n=2, max_innermost_factor=64, decision=[12, 12])
l53, l54 = sch.split(loop=l8, factors=[v51, v52], preserve_unit_iters=True, disable_predication=False)
v55, v56 = sch.sample_perfect_tile(loop=l9, n=2, max_innermost_factor=64, decision=[1, 1])
l57, l58 = sch.split(loop=l9, factors=[v55, v56], preserve_unit_iters=True, disable_predication=False)
v59, v60 = sch.sample_perfect_tile(loop=l10, n=2, max_innermost_factor=64, decision=[1, 1])
l61, l62 = sch.split(loop=l10, factors=[v59, v60], preserve_unit_iters=True, disable_predication=False)
sch.reorder(l15, l23, l31, l39, l47, l16, l24, l32, l40, l48, l53, l57, l61, l17, l25, l33, l41, l49, l54, l58, l62, l18, l26, l34, l42, l50)
b63, = sch.get_consumers(block=b0)
sch.reverse_compute_at(block=b63, loop=l47, preserve_unit_loops=True, index=-1)
sch.annotate(block_or_loop=b2, ann_key="meta_schedule.parallel", ann_val=96)
sch.annotate(block_or_loop=b2, ann_key="meta_schedule.vectorize", ann_val=64)
v64 = sch.sample_categorical(candidates=[0, 16, 64, 512], probs=[0.25, 0.25, 0.25, 0.25], decision=0)
sch.annotate(block_or_loop=b2, ann_key="meta_schedule.unroll_explicit", ann_val=v64)
2024-05-21 16:18:05 [INFO] [evolutionary_search.cc:713] Generating candidates......
2024-05-21 16:18:05 [INFO] [evolutionary_search.cc:715] Picked top 0 candidate(s) from database
2024-05-21 16:18:06 [INFO] [evolutionary_search.cc:533] Sample-Init-Population summary:
Postproc #0 [meta_schedule.DisallowDynamicLoop(0xf87ad378)]: 0 failure(s)
Postproc #1 [meta_schedule.RewriteParallelVectorizeUnroll(0xf7a5dbe8)]: 0 failure(s)
Postproc #2 [meta_schedule.RewriteReductionBlock(0xf595b068)]: 0 failure(s)
Postproc #3 [meta_schedule.RewriteLayout(0xf55b3ae8)]: 0 failure(s)
2024-05-21 16:18:06 [INFO] [evolutionary_search.cc:723] Sampled 512 candidate(s)
2024-05-21 16:18:07 [INFO] [evolutionary_search.cc:621] Evolve iter #0 done. Summary:
Postproc #0 [meta_schedule.DisallowDynamicLoop(0xf87ad378)]: 0 failure(s)
Postproc #1 [meta_schedule.RewriteParallelVectorizeUnroll(0xf7a5dbe8)]: 0 failure(s)
Postproc #2 [meta_schedule.RewriteReductionBlock(0xf595b068)]: 0 failure(s)
Postproc #3 [meta_schedule.RewriteLayout(0xf55b3ae8)]: 0 failure(s)
2024-05-21 16:18:08 [INFO] [evolutionary_search.cc:621] Evolve iter #1 done. Summary:
Postproc #0 [meta_schedule.DisallowDynamicLoop(0xf87ad378)]: 0 failure(s)
Postproc #1 [meta_schedule.RewriteParallelVectorizeUnroll(0xf7a5dbe8)]: 0 failure(s)
Postproc #2 [meta_schedule.RewriteReductionBlock(0xf595b068)]: 0 failure(s)
Postproc #3 [meta_schedule.RewriteLayout(0xf55b3ae8)]: 0 failure(s)
2024-05-21 16:18:09 [INFO] [evolutionary_search.cc:621] Evolve iter #2 done. Summary:
Postproc #0 [meta_schedule.DisallowDynamicLoop(0xf87ad378)]: 0 failure(s)
Postproc #1 [meta_schedule.RewriteParallelVectorizeUnroll(0xf7a5dbe8)]: 0 failure(s)
Postproc #2 [meta_schedule.RewriteReductionBlock(0xf595b068)]: 0 failure(s)
Postproc #3 [meta_schedule.RewriteLayout(0xf55b3ae8)]: 0 failure(s)
2024-05-21 16:18:10 [INFO] [evolutionary_search.cc:621] Evolve iter #3 done. Summary:
Postproc #0 [meta_schedule.DisallowDynamicLoop(0xf87ad378)]: 0 failure(s)
Postproc #1 [meta_schedule.RewriteParallelVectorizeUnroll(0xf7a5dbe8)]: 0 failure(s)
Postproc #2 [meta_schedule.RewriteReductionBlock(0xf595b068)]: 0 failure(s)
Postproc #3 [meta_schedule.RewriteLayout(0xf55b3ae8)]: 0 failure(s)
2024-05-21 16:18:10 [INFO] [evolutionary_search.cc:649] Scores of the best 64 candidates:
[1 : 16]:	0.9999  0.9994  0.9992  0.9986  0.9983  0.9983  0.9979  0.9977  0.9974  0.9974  0.9965  0.9965  0.9963  0.9953  0.9948  0.9948
[17 : 32]:	0.9945  0.9940  0.9937  0.9934  0.9928  0.9915  0.9914  0.9900  0.9892  0.9881  0.9879  0.9875  0.9872  0.9868  0.9864  0.9863
[33 : 48]:	0.9859  0.9855  0.9853  0.9852  0.9844  0.9838  0.9833  0.9829  0.9829  0.9827  0.9823  0.9819  0.9814  0.9807  0.9807  0.9802
[49 : 64]:	0.9799  0.9798  0.9798  0.9797  0.9790  0.9789  0.9789  0.9786  0.9780  0.9778  0.9766  0.9755  0.9754  0.9752  0.9746  0.9746
2024-05-21 16:18:10 [INFO] [evolutionary_search.cc:727] Got 64 candidate(s) with evolutionary search
2024-05-21 16:18:10 [INFO] [evolutionary_search.cc:730] Sending 64 candidates(s) for measurement
2024-05-21 17:06:43 [INFO] [task_scheduler.cc:131] [Task #8: fused_nn_contrib_conv2d_NCHWc_add_add] Trial #1: GFLOPs: 30.4341. Time: 717.1743 us. Best GFLOPs: 30.4341
2024-05-21 17:06:43 [INFO] [task_scheduler.cc:131] [Task #8: fused_nn_contrib_conv2d_NCHWc_add_add] Trial #2: GFLOPs: 108.4320. Time: 201.2926 us. Best GFLOPs: 108.4320
2024-05-21 17:06:43 [INFO] [task_scheduler.cc:131] [Task #8: fused_nn_contrib_conv2d_NCHWc_add_add] Trial #3: GFLOPs: 9.3375. Time: 2337.5113 us. Best GFLOPs: 108.4320
2024-05-21 17:06:43 [INFO] [task_scheduler.cc:131] [Task #8: fused_nn_contrib_conv2d_NCHWc_add_add] Trial #4: GFLOPs: 63.2659. Time: 344.9970 us. Best GFLOPs: 108.4320
2024-05-21 17:06:43 [INFO] [task_scheduler.cc:131] [Task #8: fused_nn_contrib_conv2d_NCHWc_add_add] Trial #5: GFLOPs: 7.0638. Time: 3089.9134 us. Best GFLOPs: 108.4320
2024-05-21 17:06:43 [INFO] [task_scheduler.cc:131] [Task #8: fused_nn_contrib_conv2d_NCHWc_add_add] Trial #6: GFLOPs: 11.8402. Time: 1843.4224 us. Best GFLOPs: 108.4320
2024-05-21 17:06:43 [INFO] [task_scheduler.cc:131] [Task #8: fused_nn_contrib_conv2d_NCHWc_add_add] Trial #7: GFLOPs: 13.1468. Time: 1660.2226 us. Best GFLOPs: 108.4320
2024-05-21 17:06:43 [INFO] [task_scheduler.cc:131] [Task #8: fused_nn_contrib_conv2d_NCHWc_add_add] Trial #8: GFLOPs: 31.8346. Time: 685.6248 us. Best GFLOPs: 108.4320
2024-05-21 17:06:43 [INFO] [task_scheduler.cc:131] [Task #8: fused_nn_contrib_conv2d_NCHWc_add_add] Trial #9: GFLOPs: 52.6733. Time: 414.3760 us. Best GFLOPs: 108.4320
2024-05-21 17:06:43 [INFO] [task_scheduler.cc:131] [Task #8: fused_nn_contrib_conv2d_NCHWc_add_add] Trial #10: GFLOPs: 16.7034. Time: 1306.7173 us. Best GFLOPs: 108.4320
2024-05-21 17:06:43 [INFO] [task_scheduler.cc:131] [Task #8: fused_nn_contrib_conv2d_NCHWc_add_add] Trial #11: GFLOPs: 9.3867. Time: 2325.2656 us. Best GFLOPs: 108.4320
2024-05-21 17:06:43 [INFO] [task_scheduler.cc:131] [Task #8: fused_nn_contrib_conv2d_NCHWc_add_add] Trial #12: GFLOPs: 55.5491. Time: 392.9235 us. Best GFLOPs: 108.4320
2024-05-21 17:06:43 [INFO] [task_scheduler.cc:131] [Task #8: fused_nn_contrib_conv2d_NCHWc_add_add] Trial #13: GFLOPs: 19.6097. Time: 1113.0508 us. Best GFLOPs: 108.4320
2024-05-21 17:06:43 [INFO] [task_scheduler.cc:131] [Task #8: fused_nn_contrib_conv2d_NCHWc_add_add] Trial #14: GFLOPs: 25.8986. Time: 842.7713 us. Best GFLOPs: 108.4320
2024-05-21 17:06:43 [INFO] [task_scheduler.cc:131] [Task #8: fused_nn_contrib_conv2d_NCHWc_add_add] Trial #15: GFLOPs: 33.4752. Time: 652.0213 us. Best GFLOPs: 108.4320
2024-05-21 17:06:43 [INFO] [task_scheduler.cc:131] [Task #8: fused_nn_contrib_conv2d_NCHWc_add_add] Trial #16: GFLOPs: 27.4292. Time: 795.7425 us. Best GFLOPs: 108.4320
2024-05-21 17:06:43 [INFO] [task_scheduler.cc:131] [Task #8: fused_nn_contrib_conv2d_NCHWc_add_add] Trial #17: GFLOPs: 58.4503. Time: 373.4210 us. Best GFLOPs: 108.4320
2024-05-21 17:06:43 [INFO] [task_scheduler.cc:131] [Task #8: fused_nn_contrib_conv2d_NCHWc_add_add] Trial #18: GFLOPs: 34.6430. Time: 630.0425 us. Best GFLOPs: 108.4320
2024-05-21 17:06:43 [INFO] [task_scheduler.cc:131] [Task #8: fused_nn_contrib_conv2d_NCHWc_add_add] Trial #19: GFLOPs: 23.6635. Time: 922.3734 us. Best GFLOPs: 108.4320
2024-05-21 17:06:43 [INFO] [task_scheduler.cc:131] [Task #8: fused_nn_contrib_conv2d_NCHWc_add_add] Trial #20: GFLOPs: 16.4377. Time: 1327.8371 us. Best GFLOPs: 108.4320
2024-05-21 17:06:43 [INFO] [task_scheduler.cc:131] [Task #8: fused_nn_contrib_conv2d_NCHWc_add_add] Trial #21: GFLOPs: 32.6129. Time: 669.2625 us. Best GFLOPs: 108.4320
2024-05-21 17:06:43 [INFO] [task_scheduler.cc:131] [Task #8: fused_nn_contrib_conv2d_NCHWc_add_add] Trial #22: GFLOPs: 25.3640. Time: 860.5347 us. Best GFLOPs: 108.4320
2024-05-21 17:06:43 [INFO] [task_scheduler.cc:131] [Task #8: fused_nn_contrib_conv2d_NCHWc_add_add] Trial #23: GFLOPs: 27.2131. Time: 802.0597 us. Best GFLOPs: 108.4320
2024-05-21 17:06:43 [INFO] [task_scheduler.cc:131] [Task #8: fused_nn_contrib_conv2d_NCHWc_add_add] Trial #24: GFLOPs: 4.7880. Time: 4558.5583 us. Best GFLOPs: 108.4320
2024-05-21 17:06:43 [INFO] [task_scheduler.cc:131] [Task #8: fused_nn_contrib_conv2d_NCHWc_add_add] Trial #25: GFLOPs: 36.9724. Time: 590.3474 us. Best GFLOPs: 108.4320
2024-05-21 17:06:43 [INFO] [task_scheduler.cc:131] [Task #8: fused_nn_contrib_conv2d_NCHWc_add_add] Trial #26: GFLOPs: 39.1809. Time: 557.0716 us. Best GFLOPs: 108.4320
2024-05-21 17:06:43 [INFO] [task_scheduler.cc:131] [Task #8: fused_nn_contrib_conv2d_NCHWc_add_add] Trial #27: GFLOPs: 27.4008. Time: 796.5669 us. Best GFLOPs: 108.4320
2024-05-21 17:06:43 [INFO] [task_scheduler.cc:131] [Task #8: fused_nn_contrib_conv2d_NCHWc_add_add] Trial #28: GFLOPs: 58.2874. Time: 374.4641 us. Best GFLOPs: 108.4320
2024-05-21 17:06:43 [INFO] [task_scheduler.cc:131] [Task #8: fused_nn_contrib_conv2d_NCHWc_add_add] Trial #29: GFLOPs: 41.2260. Time: 529.4362 us. Best GFLOPs: 108.4320
2024-05-21 17:06:43 [INFO] [task_scheduler.cc:131] [Task #8: fused_nn_contrib_conv2d_NCHWc_add_add] Trial #30: GFLOPs: 11.7417. Time: 1858.8901 us. Best GFLOPs: 108.4320
2024-05-21 17:06:43 [INFO] [task_scheduler.cc:131] [Task #8: fused_nn_contrib_conv2d_NCHWc_add_add] Trial #31: GFLOPs: 27.5347. Time: 792.6933 us. Best GFLOPs: 108.4320
2024-05-21 17:06:43 [INFO] [task_scheduler.cc:131] [Task #8: fused_nn_contrib_conv2d_NCHWc_add_add] Trial #32: GFLOPs: 16.7296. Time: 1304.6701 us. Best GFLOPs: 108.4320
2024-05-21 17:06:43 [INFO] [task_scheduler.cc:131] [Task #8: fused_nn_contrib_conv2d_NCHWc_add_add] Trial #33: GFLOPs: 16.9484. Time: 1287.8208 us. Best GFLOPs: 108.4320
2024-05-21 17:06:43 [INFO] [task_scheduler.cc:131] [Task #8: fused_nn_contrib_conv2d_NCHWc_add_add] Trial #34: GFLOPs: 39.7645. Time: 548.8951 us. Best GFLOPs: 108.4320
2024-05-21 17:06:43 [INFO] [task_scheduler.cc:131] [Task #8: fused_nn_contrib_conv2d_NCHWc_add_add] Trial #35: GFLOPs: 43.2750. Time: 504.3689 us. Best GFLOPs: 108.4320
2024-05-21 17:06:43 [INFO] [task_scheduler.cc:131] [Task #8: fused_nn_contrib_conv2d_NCHWc_add_add] Trial #36: GFLOPs: 22.4067. Time: 974.1090 us. Best GFLOPs: 108.4320
2024-05-21 17:06:43 [INFO] [task_scheduler.cc:131] [Task #8: fused_nn_contrib_conv2d_NCHWc_add_add] Trial #37: GFLOPs: 14.9546. Time: 1459.5239 us. Best GFLOPs: 108.4320
2024-05-21 17:06:43 [INFO] [task_scheduler.cc:131] [Task #8: fused_nn_contrib_conv2d_NCHWc_add_add] Trial #38: GFLOPs: 31.8509. Time: 685.2730 us. Best GFLOPs: 108.4320
2024-05-21 17:06:43 [INFO] [task_scheduler.cc:131] [Task #8: fused_nn_contrib_conv2d_NCHWc_add_add] Trial #39: GFLOPs: 4.7478. Time: 4597.1786 us. Best GFLOPs: 108.4320
2024-05-21 17:06:43 [INFO] [task_scheduler.cc:131] [Task #8: fused_nn_contrib_conv2d_NCHWc_add_add] Trial #40: GFLOPs: 22.3571. Time: 976.2705 us. Best GFLOPs: 108.4320
2024-05-21 17:06:43 [INFO] [task_scheduler.cc:131] [Task #8: fused_nn_contrib_conv2d_NCHWc_add_add] Trial #41: GFLOPs: 38.1311. Time: 572.4085 us. Best GFLOPs: 108.4320
2024-05-21 17:06:43 [INFO] [task_scheduler.cc:131] [Task #8: fused_nn_contrib_conv2d_NCHWc_add_add] Trial #42: GFLOPs: 44.4007. Time: 491.5809 us. Best GFLOPs: 108.4320
2024-05-21 17:06:43 [INFO] [task_scheduler.cc:131] [Task #8: fused_nn_contrib_conv2d_NCHWc_add_add] Trial #43: GFLOPs: 44.7105. Time: 488.1756 us. Best GFLOPs: 108.4320
2024-05-21 17:06:43 [INFO] [task_scheduler.cc:131] [Task #8: fused_nn_contrib_conv2d_NCHWc_add_add] Trial #44: GFLOPs: 11.5398. Time: 1891.4126 us. Best GFLOPs: 108.4320
2024-05-21 17:06:43 [INFO] [task_scheduler.cc:131] [Task #8: fused_nn_contrib_conv2d_NCHWc_add_add] Trial #45: GFLOPs: 28.6827. Time: 760.9653 us. Best GFLOPs: 108.4320
2024-05-21 17:06:43 [INFO] [task_scheduler.cc:131] [Task #8: fused_nn_contrib_conv2d_NCHWc_add_add] Trial #46: GFLOPs: 10.5426. Time: 2070.3238 us. Best GFLOPs: 108.4320
2024-05-21 17:06:43 [INFO] [task_scheduler.cc:131] [Task #8: fused_nn_contrib_conv2d_NCHWc_add_add] Trial #47: GFLOPs: 63.3250. Time: 344.6753 us. Best GFLOPs: 108.4320
2024-05-21 17:06:43 [INFO] [task_scheduler.cc:131] [Task #8: fused_nn_contrib_conv2d_NCHWc_add_add] Trial #48: GFLOPs: 12.3444. Time: 1768.1275 us. Best GFLOPs: 108.4320
2024-05-21 17:06:43 [INFO] [task_scheduler.cc:131] [Task #8: fused_nn_contrib_conv2d_NCHWc_add_add] Trial #49: GFLOPs: 178.0559. Time: 122.5826 us. Best GFLOPs: 178.0559
2024-05-21 17:06:43 [INFO] [task_scheduler.cc:131] [Task #8: fused_nn_contrib_conv2d_NCHWc_add_add] Trial #50: GFLOPs: 21.2877. Time: 1025.3153 us. Best GFLOPs: 178.0559
2024-05-21 17:06:43 [INFO] [task_scheduler.cc:131] [Task #8: fused_nn_contrib_conv2d_NCHWc_add_add] Trial #51: GFLOPs: 12.5046. Time: 1745.4778 us. Best GFLOPs: 178.0559
2024-05-21 17:06:43 [INFO] [task_scheduler.cc:131] [Task #8: fused_nn_contrib_conv2d_NCHWc_add_add] Trial #52: GFLOPs: 20.5494. Time: 1062.1529 us. Best GFLOPs: 178.0559
2024-05-21 17:06:43 [INFO] [task_scheduler.cc:131] [Task #8: fused_nn_contrib_conv2d_NCHWc_add_add] Trial #53: GFLOPs: 55.9968. Time: 389.7819 us. Best GFLOPs: 178.0559
2024-05-21 17:06:43 [INFO] [task_scheduler.cc:131] [Task #8: fused_nn_contrib_conv2d_NCHWc_add_add] Trial #54: GFLOPs: 23.9830. Time: 910.0839 us. Best GFLOPs: 178.0559
2024-05-21 17:06:43 [INFO] [task_scheduler.cc:131] [Task #8: fused_nn_contrib_conv2d_NCHWc_add_add] Trial #55: GFLOPs: 35.0820. Time: 622.1580 us. Best GFLOPs: 178.0559
2024-05-21 17:06:43 [INFO] [task_scheduler.cc:131] [Task #8: fused_nn_contrib_conv2d_NCHWc_add_add] Trial #56: GFLOPs: 33.6368. Time: 648.8884 us. Best GFLOPs: 178.0559
2024-05-21 17:06:43 [INFO] [task_scheduler.cc:131] [Task #8: fused_nn_contrib_conv2d_NCHWc_add_add] Trial #57: GFLOPs: 24.1688. Time: 903.0876 us. Best GFLOPs: 178.0559
2024-05-21 17:06:43 [INFO] [task_scheduler.cc:131] [Task #8: fused_nn_contrib_conv2d_NCHWc_add_add] Trial #58: GFLOPs: 11.9719. Time: 1823.1497 us. Best GFLOPs: 178.0559
2024-05-21 17:06:43 [INFO] [task_scheduler.cc:131] [Task #8: fused_nn_contrib_conv2d_NCHWc_add_add] Trial #59: GFLOPs: 34.8428. Time: 626.4297 us. Best GFLOPs: 178.0559
2024-05-21 17:06:43 [INFO] [task_scheduler.cc:131] [Task #8: fused_nn_contrib_conv2d_NCHWc_add_add] Trial #60: GFLOPs: 15.4383. Time: 1413.7910 us. Best GFLOPs: 178.0559
2024-05-21 17:06:43 [INFO] [task_scheduler.cc:131] [Task #8: fused_nn_contrib_conv2d_NCHWc_add_add] Trial #61: GFLOPs: 15.0764. Time: 1447.7270 us. Best GFLOPs: 178.0559
2024-05-21 17:06:43 [INFO] [task_scheduler.cc:131] [Task #8: fused_nn_contrib_conv2d_NCHWc_add_add] Trial #62: GFLOPs: 31.7064. Time: 688.3966 us. Best GFLOPs: 178.0559
2024-05-21 17:06:43 [INFO] [task_scheduler.cc:131] [Task #8: fused_nn_contrib_conv2d_NCHWc_add_add] Trial #63: GFLOPs: 107.2036. Time: 203.5992 us. Best GFLOPs: 178.0559
2024-05-21 17:06:43 [INFO] [task_scheduler.cc:131] [Task #8: fused_nn_contrib_conv2d_NCHWc_add_add] Trial #64: GFLOPs: 33.4565. Time: 652.3855 us. Best GFLOPs: 178.0559
