2024-05-21 16:01:53 [INFO] [task_scheduler.cc:160] Initializing Task #5: "fused_nn_contrib_depthwise_conv2d_NCHWc_add_clip_1"
2024-05-21 16:01:53 [INFO] [task_scheduler.cc:35] 
# from tvm.script import ir as I
# from tvm.script import tir as T

@I.ir_module
class Module:
    @T.prim_func
    def main(p0: T.Buffer((T.int64(1), T.int64(12), T.int64(112), T.int64(112), T.int64(8)), "float32"), p1: T.Buffer((T.int64(12), T.int64(1), T.int64(3), T.int64(3), T.int64(1), T.int64(8)), "float32"), p2: T.Buffer((T.int64(1), T.int64(12), T.int64(1), T.int64(1), T.int64(8)), "float32"), compute: T.Buffer((T.int64(1), T.int64(12), T.int64(56), T.int64(56), T.int64(8)), "float32")):
        T.func_attr({"tir.noalias": T.bool(True)})
        # with T.block("root"):
        PaddedInput = T.alloc_buffer((T.int64(1), T.int64(12), T.int64(114), T.int64(114), T.int64(8)))
        DepthwiseConv2d = T.alloc_buffer((T.int64(1), T.int64(12), T.int64(56), T.int64(56), T.int64(8)))
        T_add = T.alloc_buffer((T.int64(1), T.int64(12), T.int64(56), T.int64(56), T.int64(8)))
        for i0, i1, i2, i3, i4 in T.grid(T.int64(1), T.int64(12), T.int64(114), T.int64(114), T.int64(8)):
            with T.block("PaddedInput"):
                v_i0, v_i1, v_i2, v_i3, v_i4 = T.axis.remap("SSSSS", [i0, i1, i2, i3, i4])
                T.reads(p0[v_i0, v_i1, v_i2 - T.int64(1), v_i3 - T.int64(1), v_i4])
                T.writes(PaddedInput[v_i0, v_i1, v_i2, v_i3, v_i4])
                PaddedInput[v_i0, v_i1, v_i2, v_i3, v_i4] = T.if_then_else(T.int64(1) <= v_i2 and v_i2 < T.int64(113) and T.int64(1) <= v_i3 and v_i3 < T.int64(113), p0[v_i0, v_i1, v_i2 - T.int64(1), v_i3 - T.int64(1), v_i4], T.float32(0))
        for b, oco, oh, ow, oci, kh, kw in T.grid(T.int64(1), T.int64(12), T.int64(56), T.int64(56), T.int64(8), T.int64(3), T.int64(3)):
            with T.block("DepthwiseConv2d"):
                v_b, v_oco, v_oh, v_ow, v_oci, v_kh, v_kw = T.axis.remap("SSSSSRR", [b, oco, oh, ow, oci, kh, kw])
                T.reads(PaddedInput[v_b, v_oci // T.int64(8) + v_oco, v_oh * T.int64(2) + v_kh, v_ow * T.int64(2) + v_kw, v_oci % T.int64(8)], p1[v_oco, T.int64(0), v_kh, v_kw, T.int64(0), v_oci])
                T.writes(DepthwiseConv2d[v_b, v_oco, v_oh, v_ow, v_oci])
                with T.init():
                    DepthwiseConv2d[v_b, v_oco, v_oh, v_ow, v_oci] = T.float32(0)
                DepthwiseConv2d[v_b, v_oco, v_oh, v_ow, v_oci] = DepthwiseConv2d[v_b, v_oco, v_oh, v_ow, v_oci] + PaddedInput[v_b, v_oci // T.int64(8) + v_oco, v_oh * T.int64(2) + v_kh, v_ow * T.int64(2) + v_kw, v_oci % T.int64(8)] * p1[v_oco, T.int64(0), v_kh, v_kw, T.int64(0), v_oci]
        for ax0, ax1, ax2, ax3, ax4 in T.grid(T.int64(1), T.int64(12), T.int64(56), T.int64(56), T.int64(8)):
            with T.block("T_add"):
                v_ax0, v_ax1, v_ax2, v_ax3, v_ax4 = T.axis.remap("SSSSS", [ax0, ax1, ax2, ax3, ax4])
                T.reads(DepthwiseConv2d[v_ax0, v_ax1, v_ax2, v_ax3, v_ax4], p2[v_ax0, v_ax1, T.int64(0), T.int64(0), v_ax4])
                T.writes(T_add[v_ax0, v_ax1, v_ax2, v_ax3, v_ax4])
                T_add[v_ax0, v_ax1, v_ax2, v_ax3, v_ax4] = DepthwiseConv2d[v_ax0, v_ax1, v_ax2, v_ax3, v_ax4] + p2[v_ax0, v_ax1, T.int64(0), T.int64(0), v_ax4]
        for i0, i1, i2, i3, i4 in T.grid(T.int64(1), T.int64(12), T.int64(56), T.int64(56), T.int64(8)):
            with T.block("compute"):
                v_i0, v_i1, v_i2, v_i3, v_i4 = T.axis.remap("SSSSS", [i0, i1, i2, i3, i4])
                T.reads(T_add[v_i0, v_i1, v_i2, v_i3, v_i4])
                T.writes(compute[v_i0, v_i1, v_i2, v_i3, v_i4])
                compute[v_i0, v_i1, v_i2, v_i3, v_i4] = T.max(T.min(T_add[v_i0, v_i1, v_i2, v_i3, v_i4], T.float32(6)), T.float32(0))
2024-05-21 16:01:53 [INFO] [task_scheduler.cc:164] Total 3 design space(s) generated
2024-05-21 16:01:53 [INFO] [task_scheduler.cc:170] Design space #0:
# from tvm.script import ir as I
# from tvm.script import tir as T

@I.ir_module
class Module:
    @T.prim_func
    def main(p0: T.Buffer((T.int64(1), T.int64(12), T.int64(112), T.int64(112), T.int64(8)), "float32"), p1: T.Buffer((T.int64(12), T.int64(1), T.int64(3), T.int64(3), T.int64(1), T.int64(8)), "float32"), p2: T.Buffer((T.int64(1), T.int64(12), T.int64(1), T.int64(1), T.int64(8)), "float32"), compute: T.Buffer((T.int64(1), T.int64(12), T.int64(56), T.int64(56), T.int64(8)), "float32")):
        T.func_attr({"tir.noalias": T.bool(True)})
        with T.block("root"):
            T.reads()
            T.writes()
            T.block_attr({"meta_schedule.parallel": 96, "meta_schedule.unroll_explicit": 0, "meta_schedule.vectorize": 64})
            PaddedInput = T.alloc_buffer((T.int64(1), T.int64(12), T.int64(114), T.int64(114), T.int64(8)))
            DepthwiseConv2d = T.alloc_buffer((T.int64(1), T.int64(12), T.int64(56), T.int64(56), T.int64(8)))
            for b_0, oco_0, oh_0 in T.grid(T.int64(1), T.int64(1), T.int64(2)):
                for ax0, ax1, ax2, ax3, ax4 in T.grid(T.int64(1), T.int64(12), T.int64(57), T.int64(113), T.int64(8)):
                    with T.block("PaddedInput"):
                        v_i0, v_i1 = T.axis.remap("SS", [ax0, ax1])
                        v_i2 = T.axis.spatial(T.int64(114), oh_0 * T.int64(56) + ax2)
                        v_i3 = T.axis.spatial(T.int64(114), ax3)
                        v_i4 = T.axis.spatial(T.int64(8), ax4)
                        T.reads(p0[v_i0, v_i1, v_i2 - T.int64(1), v_i3 - T.int64(1), v_i4])
                        T.writes(PaddedInput[v_i0, v_i1, v_i2, v_i3, v_i4])
                        PaddedInput[v_i0, v_i1, v_i2, v_i3, v_i4] = T.if_then_else(T.int64(1) <= v_i2 and v_i2 < T.int64(113) and T.int64(1) <= v_i3 and v_i3 < T.int64(113), p0[v_i0, v_i1, v_i2 - T.int64(1), v_i3 - T.int64(1), v_i4], T.float32(0))
                for ow_0, oci_0, b_1, oco_1, oh_1, ow_1, oci_1, kh_0, kw_0, b_2, oco_2, oh_2, ow_2, oci_2, kh_1, kw_1, b_3, oco_3, oh_3, ow_3, oci_3 in T.grid(T.int64(2), T.int64(1), T.int64(1), T.int64(1), T.int64(1), T.int64(7), T.int64(1), T.int64(3), T.int64(3), T.int64(1), T.int64(4), T.int64(2), T.int64(1), T.int64(4), T.int64(1), T.int64(1), T.int64(1), T.int64(3), T.int64(14), T.int64(4), T.int64(2)):
                    with T.block("DepthwiseConv2d"):
                        v_b = T.axis.spatial(T.int64(1), b_0 + b_1 + b_2 + b_3)
                        v_oco = T.axis.spatial(T.int64(12), oco_0 * T.int64(12) + oco_1 * T.int64(12) + oco_2 * T.int64(3) + oco_3)
                        v_oh = T.axis.spatial(T.int64(56), oh_0 * T.int64(28) + oh_1 * T.int64(28) + oh_2 * T.int64(14) + oh_3)
                        v_ow = T.axis.spatial(T.int64(56), ow_0 * T.int64(28) + ow_1 * T.int64(4) + ow_2 * T.int64(4) + ow_3)
                        v_oci = T.axis.spatial(T.int64(8), oci_0 * T.int64(8) + oci_1 * T.int64(8) + oci_2 * T.int64(2) + oci_3)
                        v_kh = T.axis.reduce(T.int64(3), kh_0 + kh_1)
                        v_kw = T.axis.reduce(T.int64(3), kw_0 + kw_1)
                        T.reads(PaddedInput[v_b, v_oci // T.int64(8) + v_oco, v_oh * T.int64(2) + v_kh, v_ow * T.int64(2) + v_kw, v_oci % T.int64(8)], p1[v_oco, T.int64(0), v_kh, v_kw, T.int64(0), v_oci])
                        T.writes(DepthwiseConv2d[v_b, v_oco, v_oh, v_ow, v_oci])
                        T.block_attr({"meta_schedule.tiling_structure": "SSRSRS"})
                        with T.init():
                            DepthwiseConv2d[v_b, v_oco, v_oh, v_ow, v_oci] = T.float32(0)
                        DepthwiseConv2d[v_b, v_oco, v_oh, v_ow, v_oci] = DepthwiseConv2d[v_b, v_oco, v_oh, v_ow, v_oci] + PaddedInput[v_b, v_oci // T.int64(8) + v_oco, v_oh * T.int64(2) + v_kh, v_ow * T.int64(2) + v_kw, v_oci % T.int64(8)] * p1[v_oco, T.int64(0), v_kh, v_kw, T.int64(0), v_oci]
            for i0, i1, i2, i3, i4 in T.grid(T.int64(1), T.int64(12), T.int64(56), T.int64(56), T.int64(8)):
                with T.block("compute"):
                    v_i0, v_i1, v_i2, v_i3, v_i4 = T.axis.remap("SSSSS", [i0, i1, i2, i3, i4])
                    T.reads(DepthwiseConv2d[v_i0, v_i1, v_i2, v_i3, v_i4], p2[v_i0, v_i1, T.int64(0), T.int64(0), v_i4])
                    T.writes(compute[v_i0, v_i1, v_i2, v_i3, v_i4])
                    compute[v_i0, v_i1, v_i2, v_i3, v_i4] = T.max(T.min(DepthwiseConv2d[v_i0, v_i1, v_i2, v_i3, v_i4] + p2[v_i0, v_i1, T.int64(0), T.int64(0), v_i4], T.float32(6)), T.float32(0))
b0 = sch.get_block(name="PaddedInput", func_name="main")
b1 = sch.get_block(name="DepthwiseConv2d", func_name="main")
b2 = sch.get_block(name="T_add", func_name="main")
b3 = sch.get_block(name="root", func_name="main")
sch.compute_inline(block=b2)
sch.annotate(block_or_loop=b1, ann_key="meta_schedule.tiling_structure", ann_val="SSRSRS")
l4, l5, l6, l7, l8, l9, l10 = sch.get_loops(block=b1)
v11, v12, v13, v14 = sch.sample_perfect_tile(loop=l4, n=4, max_innermost_factor=64, decision=[1, 1, 1, 1])
l15, l16, l17, l18 = sch.split(loop=l4, factors=[v11, v12, v13, v14], preserve_unit_iters=True, disable_predication=False)
v19, v20, v21, v22 = sch.sample_perfect_tile(loop=l5, n=4, max_innermost_factor=64, decision=[1, 1, 4, 3])
l23, l24, l25, l26 = sch.split(loop=l5, factors=[v19, v20, v21, v22], preserve_unit_iters=True, disable_predication=False)
v27, v28, v29, v30 = sch.sample_perfect_tile(loop=l6, n=4, max_innermost_factor=64, decision=[2, 1, 2, 14])
l31, l32, l33, l34 = sch.split(loop=l6, factors=[v27, v28, v29, v30], preserve_unit_iters=True, disable_predication=False)
v35, v36, v37, v38 = sch.sample_perfect_tile(loop=l7, n=4, max_innermost_factor=64, decision=[2, 7, 1, 4])
l39, l40, l41, l42 = sch.split(loop=l7, factors=[v35, v36, v37, v38], preserve_unit_iters=True, disable_predication=False)
v43, v44, v45, v46 = sch.sample_perfect_tile(loop=l8, n=4, max_innermost_factor=64, decision=[1, 1, 4, 2])
l47, l48, l49, l50 = sch.split(loop=l8, factors=[v43, v44, v45, v46], preserve_unit_iters=True, disable_predication=False)
v51, v52 = sch.sample_perfect_tile(loop=l9, n=2, max_innermost_factor=64, decision=[3, 1])
l53, l54 = sch.split(loop=l9, factors=[v51, v52], preserve_unit_iters=True, disable_predication=False)
v55, v56 = sch.sample_perfect_tile(loop=l10, n=2, max_innermost_factor=64, decision=[3, 1])
l57, l58 = sch.split(loop=l10, factors=[v55, v56], preserve_unit_iters=True, disable_predication=False)
sch.reorder(l15, l23, l31, l39, l47, l16, l24, l32, l40, l48, l53, l57, l17, l25, l33, l41, l49, l54, l58, l18, l26, l34, l42, l50)
sch.annotate(block_or_loop=b3, ann_key="meta_schedule.parallel", ann_val=96)
sch.annotate(block_or_loop=b3, ann_key="meta_schedule.vectorize", ann_val=64)
v59 = sch.sample_categorical(candidates=[0, 16, 64, 512], probs=[0.25, 0.25, 0.25, 0.25], decision=0)
sch.annotate(block_or_loop=b3, ann_key="meta_schedule.unroll_explicit", ann_val=v59)
l60 = sch.sample_compute_location(block=b0, decision=2)
sch.compute_at(block=b0, loop=l60, preserve_unit_loops=True, index=-1)
2024-05-21 16:01:53 [INFO] [task_scheduler.cc:170] Design space #1:
# from tvm.script import ir as I
# from tvm.script import tir as T

@I.ir_module
class Module:
    @T.prim_func
    def main(p0: T.Buffer((T.int64(1), T.int64(12), T.int64(112), T.int64(112), T.int64(8)), "float32"), p1: T.Buffer((T.int64(12), T.int64(1), T.int64(3), T.int64(3), T.int64(1), T.int64(8)), "float32"), p2: T.Buffer((T.int64(1), T.int64(12), T.int64(1), T.int64(1), T.int64(8)), "float32"), compute: T.Buffer((T.int64(1), T.int64(12), T.int64(56), T.int64(56), T.int64(8)), "float32")):
        T.func_attr({"tir.noalias": T.bool(True)})
        with T.block("root"):
            T.reads()
            T.writes()
            T.block_attr({"meta_schedule.parallel": 96, "meta_schedule.unroll_explicit": 0, "meta_schedule.vectorize": 64})
            PaddedInput = T.alloc_buffer((T.int64(1), T.int64(12), T.int64(114), T.int64(114), T.int64(8)))
            DepthwiseConv2d = T.alloc_buffer((T.int64(1), T.int64(12), T.int64(56), T.int64(56), T.int64(8)))
            for i0, i1, i2, i3, i4 in T.grid(T.int64(1), T.int64(12), T.int64(114), T.int64(114), T.int64(8)):
                with T.block("PaddedInput"):
                    v_i0, v_i1, v_i2, v_i3, v_i4 = T.axis.remap("SSSSS", [i0, i1, i2, i3, i4])
                    T.reads(p0[v_i0, v_i1, v_i2 - T.int64(1), v_i3 - T.int64(1), v_i4])
                    T.writes(PaddedInput[v_i0, v_i1, v_i2, v_i3, v_i4])
                    PaddedInput[v_i0, v_i1, v_i2, v_i3, v_i4] = T.if_then_else(T.int64(1) <= v_i2 and v_i2 < T.int64(113) and T.int64(1) <= v_i3 and v_i3 < T.int64(113), p0[v_i0, v_i1, v_i2 - T.int64(1), v_i3 - T.int64(1), v_i4], T.float32(0))
            for b_0, oco_0, oh_0, ow_0, oci_0, b_1, oco_1, oh_1, ow_1, oci_1 in T.grid(T.int64(1), T.int64(1), T.int64(2), T.int64(2), T.int64(1), T.int64(1), T.int64(1), T.int64(1), T.int64(7), T.int64(1)):
                for kh_0, kw_0, b_2, oco_2, oh_2, ow_2, oci_2, kh_1, kw_1, b_3, oco_3, oh_3, ow_3, oci_3 in T.grid(T.int64(3), T.int64(3), T.int64(1), T.int64(4), T.int64(2), T.int64(1), T.int64(4), T.int64(1), T.int64(1), T.int64(1), T.int64(3), T.int64(14), T.int64(4), T.int64(2)):
                    with T.block("DepthwiseConv2d"):
                        v_b = T.axis.spatial(T.int64(1), b_0 + b_1 + b_2 + b_3)
                        v_oco = T.axis.spatial(T.int64(12), oco_0 * T.int64(12) + oco_1 * T.int64(12) + oco_2 * T.int64(3) + oco_3)
                        v_oh = T.axis.spatial(T.int64(56), oh_0 * T.int64(28) + oh_1 * T.int64(28) + oh_2 * T.int64(14) + oh_3)
                        v_ow = T.axis.spatial(T.int64(56), ow_0 * T.int64(28) + ow_1 * T.int64(4) + ow_2 * T.int64(4) + ow_3)
                        v_oci = T.axis.spatial(T.int64(8), oci_0 * T.int64(8) + oci_1 * T.int64(8) + oci_2 * T.int64(2) + oci_3)
                        v_kh = T.axis.reduce(T.int64(3), kh_0 + kh_1)
                        v_kw = T.axis.reduce(T.int64(3), kw_0 + kw_1)
                        T.reads(PaddedInput[v_b, v_oci // T.int64(8) + v_oco, v_oh * T.int64(2) + v_kh, v_ow * T.int64(2) + v_kw, v_oci % T.int64(8)], p1[v_oco, T.int64(0), v_kh, v_kw, T.int64(0), v_oci])
                        T.writes(DepthwiseConv2d[v_b, v_oco, v_oh, v_ow, v_oci])
                        T.block_attr({"meta_schedule.tiling_structure": "SSRSRS"})
                        with T.init():
                            DepthwiseConv2d[v_b, v_oco, v_oh, v_ow, v_oci] = T.float32(0)
                        DepthwiseConv2d[v_b, v_oco, v_oh, v_ow, v_oci] = DepthwiseConv2d[v_b, v_oco, v_oh, v_ow, v_oci] + PaddedInput[v_b, v_oci // T.int64(8) + v_oco, v_oh * T.int64(2) + v_kh, v_ow * T.int64(2) + v_kw, v_oci % T.int64(8)] * p1[v_oco, T.int64(0), v_kh, v_kw, T.int64(0), v_oci]
                for ax0, ax1, ax2, ax3, ax4 in T.grid(T.int64(1), T.int64(12), T.int64(28), T.int64(4), T.int64(8)):
                    with T.block("compute"):
                        v_i0, v_i1 = T.axis.remap("SS", [ax0, ax1])
                        v_i2 = T.axis.spatial(T.int64(56), oh_0 * T.int64(28) + ax2)
                        v_i3 = T.axis.spatial(T.int64(56), ow_0 * T.int64(28) + ow_1 * T.int64(4) + ax3)
                        v_i4 = T.axis.spatial(T.int64(8), ax4)
                        T.reads(DepthwiseConv2d[v_i0, v_i1, v_i2, v_i3, v_i4], p2[v_i0, v_i1, T.int64(0), T.int64(0), v_i4])
                        T.writes(compute[v_i0, v_i1, v_i2, v_i3, v_i4])
                        compute[v_i0, v_i1, v_i2, v_i3, v_i4] = T.max(T.min(DepthwiseConv2d[v_i0, v_i1, v_i2, v_i3, v_i4] + p2[v_i0, v_i1, T.int64(0), T.int64(0), v_i4], T.float32(6)), T.float32(0))
b0 = sch.get_block(name="PaddedInput", func_name="main")
b1 = sch.get_block(name="DepthwiseConv2d", func_name="main")
b2 = sch.get_block(name="T_add", func_name="main")
b3 = sch.get_block(name="root", func_name="main")
sch.compute_inline(block=b2)
sch.annotate(block_or_loop=b1, ann_key="meta_schedule.tiling_structure", ann_val="SSRSRS")
l4, l5, l6, l7, l8, l9, l10 = sch.get_loops(block=b1)
v11, v12, v13, v14 = sch.sample_perfect_tile(loop=l4, n=4, max_innermost_factor=64, decision=[1, 1, 1, 1])
l15, l16, l17, l18 = sch.split(loop=l4, factors=[v11, v12, v13, v14], preserve_unit_iters=True, disable_predication=False)
v19, v20, v21, v22 = sch.sample_perfect_tile(loop=l5, n=4, max_innermost_factor=64, decision=[1, 1, 4, 3])
l23, l24, l25, l26 = sch.split(loop=l5, factors=[v19, v20, v21, v22], preserve_unit_iters=True, disable_predication=False)
v27, v28, v29, v30 = sch.sample_perfect_tile(loop=l6, n=4, max_innermost_factor=64, decision=[2, 1, 2, 14])
l31, l32, l33, l34 = sch.split(loop=l6, factors=[v27, v28, v29, v30], preserve_unit_iters=True, disable_predication=False)
v35, v36, v37, v38 = sch.sample_perfect_tile(loop=l7, n=4, max_innermost_factor=64, decision=[2, 7, 1, 4])
l39, l40, l41, l42 = sch.split(loop=l7, factors=[v35, v36, v37, v38], preserve_unit_iters=True, disable_predication=False)
v43, v44, v45, v46 = sch.sample_perfect_tile(loop=l8, n=4, max_innermost_factor=64, decision=[1, 1, 4, 2])
l47, l48, l49, l50 = sch.split(loop=l8, factors=[v43, v44, v45, v46], preserve_unit_iters=True, disable_predication=False)
v51, v52 = sch.sample_perfect_tile(loop=l9, n=2, max_innermost_factor=64, decision=[3, 1])
l53, l54 = sch.split(loop=l9, factors=[v51, v52], preserve_unit_iters=True, disable_predication=False)
v55, v56 = sch.sample_perfect_tile(loop=l10, n=2, max_innermost_factor=64, decision=[3, 1])
l57, l58 = sch.split(loop=l10, factors=[v55, v56], preserve_unit_iters=True, disable_predication=False)
sch.reorder(l15, l23, l31, l39, l47, l16, l24, l32, l40, l48, l53, l57, l17, l25, l33, l41, l49, l54, l58, l18, l26, l34, l42, l50)
b59, = sch.get_consumers(block=b1)
sch.reverse_compute_at(block=b59, loop=l48, preserve_unit_loops=True, index=-1)
sch.annotate(block_or_loop=b3, ann_key="meta_schedule.parallel", ann_val=96)
sch.annotate(block_or_loop=b3, ann_key="meta_schedule.vectorize", ann_val=64)
v60 = sch.sample_categorical(candidates=[0, 16, 64, 512], probs=[0.25, 0.25, 0.25, 0.25], decision=0)
sch.annotate(block_or_loop=b3, ann_key="meta_schedule.unroll_explicit", ann_val=v60)
l61 = sch.sample_compute_location(block=b0, decision=-1)
sch.compute_at(block=b0, loop=l61, preserve_unit_loops=True, index=-1)
2024-05-21 16:01:53 [INFO] [task_scheduler.cc:170] Design space #2:
# from tvm.script import ir as I
# from tvm.script import tir as T

@I.ir_module
class Module:
    @T.prim_func
    def main(p0: T.Buffer((T.int64(1), T.int64(12), T.int64(112), T.int64(112), T.int64(8)), "float32"), p1: T.Buffer((T.int64(12), T.int64(1), T.int64(3), T.int64(3), T.int64(1), T.int64(8)), "float32"), p2: T.Buffer((T.int64(1), T.int64(12), T.int64(1), T.int64(1), T.int64(8)), "float32"), compute: T.Buffer((T.int64(1), T.int64(12), T.int64(56), T.int64(56), T.int64(8)), "float32")):
        T.func_attr({"tir.noalias": T.bool(True)})
        with T.block("root"):
            T.reads()
            T.writes()
            T.block_attr({"meta_schedule.parallel": 96, "meta_schedule.unroll_explicit": 16, "meta_schedule.vectorize": 64})
            PaddedInput = T.alloc_buffer((T.int64(1), T.int64(12), T.int64(114), T.int64(114), T.int64(8)))
            DepthwiseConv2d = T.alloc_buffer((T.int64(1), T.int64(12), T.int64(56), T.int64(56), T.int64(8)))
            for b_0, oco_0, oh_0, ow_0, oci_0 in T.grid(T.int64(1), T.int64(1), T.int64(2), T.int64(2), T.int64(1)):
                for b_1, oco_1, oh_1, ow_1, oci_1, kh_0 in T.grid(T.int64(1), T.int64(1), T.int64(1), T.int64(7), T.int64(1), T.int64(3)):
                    for ax0, ax1, ax2, ax3, ax4 in T.grid(T.int64(1), T.int64(12), T.int64(55), T.int64(9), T.int64(8)):
                        with T.block("PaddedInput"):
                            v_i0, v_i1 = T.axis.remap("SS", [ax0, ax1])
                            v_i2 = T.axis.spatial(T.int64(114), oh_0 * T.int64(56) + kh_0 + ax2)
                            v_i3 = T.axis.spatial(T.int64(114), ow_0 * T.int64(56) + ow_1 * T.int64(8) + ax3)
                            v_i4 = T.axis.spatial(T.int64(8), ax4)
                            T.reads(p0[v_i0, v_i1, v_i2 - T.int64(1), v_i3 - T.int64(1), v_i4])
                            T.writes(PaddedInput[v_i0, v_i1, v_i2, v_i3, v_i4])
                            PaddedInput[v_i0, v_i1, v_i2, v_i3, v_i4] = T.if_then_else(T.int64(1) <= v_i2 and v_i2 < T.int64(113) and T.int64(1) <= v_i3 and v_i3 < T.int64(113), p0[v_i0, v_i1, v_i2 - T.int64(1), v_i3 - T.int64(1), v_i4], T.float32(0))
                    for kw_0, b_2, oco_2, oh_2, ow_2, oci_2, kh_1, kw_1, b_3, oco_3, oh_3, ow_3, oci_3 in T.grid(T.int64(3), T.int64(1), T.int64(4), T.int64(2), T.int64(1), T.int64(4), T.int64(1), T.int64(1), T.int64(1), T.int64(3), T.int64(14), T.int64(4), T.int64(2)):
                        with T.block("DepthwiseConv2d"):
                            v_b = T.axis.spatial(T.int64(1), b_0 + b_1 + b_2 + b_3)
                            v_oco = T.axis.spatial(T.int64(12), oco_0 * T.int64(12) + oco_1 * T.int64(12) + oco_2 * T.int64(3) + oco_3)
                            v_oh = T.axis.spatial(T.int64(56), oh_0 * T.int64(28) + oh_1 * T.int64(28) + oh_2 * T.int64(14) + oh_3)
                            v_ow = T.axis.spatial(T.int64(56), ow_0 * T.int64(28) + ow_1 * T.int64(4) + ow_2 * T.int64(4) + ow_3)
                            v_oci = T.axis.spatial(T.int64(8), oci_0 * T.int64(8) + oci_1 * T.int64(8) + oci_2 * T.int64(2) + oci_3)
                            v_kh = T.axis.reduce(T.int64(3), kh_0 + kh_1)
                            v_kw = T.axis.reduce(T.int64(3), kw_0 + kw_1)
                            T.reads(PaddedInput[v_b, v_oci // T.int64(8) + v_oco, v_oh * T.int64(2) + v_kh, v_ow * T.int64(2) + v_kw, v_oci % T.int64(8)], p1[v_oco, T.int64(0), v_kh, v_kw, T.int64(0), v_oci])
                            T.writes(DepthwiseConv2d[v_b, v_oco, v_oh, v_ow, v_oci])
                            T.block_attr({"meta_schedule.tiling_structure": "SSRSRS"})
                            with T.init():
                                DepthwiseConv2d[v_b, v_oco, v_oh, v_ow, v_oci] = T.float32(0)
                            DepthwiseConv2d[v_b, v_oco, v_oh, v_ow, v_oci] = DepthwiseConv2d[v_b, v_oco, v_oh, v_ow, v_oci] + PaddedInput[v_b, v_oci // T.int64(8) + v_oco, v_oh * T.int64(2) + v_kh, v_ow * T.int64(2) + v_kw, v_oci % T.int64(8)] * p1[v_oco, T.int64(0), v_kh, v_kw, T.int64(0), v_oci]
                for ax0, ax1, ax2, ax3, ax4 in T.grid(T.int64(1), T.int64(12), T.int64(28), T.int64(28), T.int64(8)):
                    with T.block("compute"):
                        v_i0, v_i1 = T.axis.remap("SS", [ax0, ax1])
                        v_i2 = T.axis.spatial(T.int64(56), oh_0 * T.int64(28) + ax2)
                        v_i3 = T.axis.spatial(T.int64(56), ow_0 * T.int64(28) + ax3)
                        v_i4 = T.axis.spatial(T.int64(8), ax4)
                        T.reads(DepthwiseConv2d[v_i0, v_i1, v_i2, v_i3, v_i4], p2[v_i0, v_i1, T.int64(0), T.int64(0), v_i4])
                        T.writes(compute[v_i0, v_i1, v_i2, v_i3, v_i4])
                        compute[v_i0, v_i1, v_i2, v_i3, v_i4] = T.max(T.min(DepthwiseConv2d[v_i0, v_i1, v_i2, v_i3, v_i4] + p2[v_i0, v_i1, T.int64(0), T.int64(0), v_i4], T.float32(6)), T.float32(0))
b0 = sch.get_block(name="PaddedInput", func_name="main")
b1 = sch.get_block(name="DepthwiseConv2d", func_name="main")
b2 = sch.get_block(name="T_add", func_name="main")
b3 = sch.get_block(name="root", func_name="main")
sch.compute_inline(block=b2)
sch.annotate(block_or_loop=b1, ann_key="meta_schedule.tiling_structure", ann_val="SSRSRS")
l4, l5, l6, l7, l8, l9, l10 = sch.get_loops(block=b1)
v11, v12, v13, v14 = sch.sample_perfect_tile(loop=l4, n=4, max_innermost_factor=64, decision=[1, 1, 1, 1])
l15, l16, l17, l18 = sch.split(loop=l4, factors=[v11, v12, v13, v14], preserve_unit_iters=True, disable_predication=False)
v19, v20, v21, v22 = sch.sample_perfect_tile(loop=l5, n=4, max_innermost_factor=64, decision=[1, 1, 4, 3])
l23, l24, l25, l26 = sch.split(loop=l5, factors=[v19, v20, v21, v22], preserve_unit_iters=True, disable_predication=False)
v27, v28, v29, v30 = sch.sample_perfect_tile(loop=l6, n=4, max_innermost_factor=64, decision=[2, 1, 2, 14])
l31, l32, l33, l34 = sch.split(loop=l6, factors=[v27, v28, v29, v30], preserve_unit_iters=True, disable_predication=False)
v35, v36, v37, v38 = sch.sample_perfect_tile(loop=l7, n=4, max_innermost_factor=64, decision=[2, 7, 1, 4])
l39, l40, l41, l42 = sch.split(loop=l7, factors=[v35, v36, v37, v38], preserve_unit_iters=True, disable_predication=False)
v43, v44, v45, v46 = sch.sample_perfect_tile(loop=l8, n=4, max_innermost_factor=64, decision=[1, 1, 4, 2])
l47, l48, l49, l50 = sch.split(loop=l8, factors=[v43, v44, v45, v46], preserve_unit_iters=True, disable_predication=False)
v51, v52 = sch.sample_perfect_tile(loop=l9, n=2, max_innermost_factor=64, decision=[3, 1])
l53, l54 = sch.split(loop=l9, factors=[v51, v52], preserve_unit_iters=True, disable_predication=False)
v55, v56 = sch.sample_perfect_tile(loop=l10, n=2, max_innermost_factor=64, decision=[3, 1])
l57, l58 = sch.split(loop=l10, factors=[v55, v56], preserve_unit_iters=True, disable_predication=False)
sch.reorder(l15, l23, l31, l39, l47, l16, l24, l32, l40, l48, l53, l57, l17, l25, l33, l41, l49, l54, l58, l18, l26, l34, l42, l50)
b59, = sch.get_consumers(block=b1)
sch.reverse_compute_at(block=b59, loop=l47, preserve_unit_loops=True, index=-1)
sch.annotate(block_or_loop=b3, ann_key="meta_schedule.parallel", ann_val=96)
sch.annotate(block_or_loop=b3, ann_key="meta_schedule.vectorize", ann_val=64)
v60 = sch.sample_categorical(candidates=[0, 16, 64, 512], probs=[0.25, 0.25, 0.25, 0.25], decision=1)
sch.annotate(block_or_loop=b3, ann_key="meta_schedule.unroll_explicit", ann_val=v60)
l61 = sch.sample_compute_location(block=b0, decision=10)
sch.compute_at(block=b0, loop=l61, preserve_unit_loops=True, index=-1)
2024-05-21 16:10:38 [INFO] [evolutionary_search.cc:713] Generating candidates......
2024-05-21 16:10:38 [INFO] [evolutionary_search.cc:715] Picked top 0 candidate(s) from database
2024-05-21 16:10:40 [INFO] [evolutionary_search.cc:533] Sample-Init-Population summary:
Postproc #0 [meta_schedule.DisallowDynamicLoop(0xf7b6f118)]: 0 failure(s)
Postproc #1 [meta_schedule.RewriteParallelVectorizeUnroll(0xf6e78018)]: 0 failure(s)
Postproc #2 [meta_schedule.RewriteReductionBlock(0xf7ecfbd8)]: 0 failure(s)
Postproc #3 [meta_schedule.RewriteLayout(0xf6dc49f8)]: 0 failure(s)
2024-05-21 16:10:40 [INFO] [evolutionary_search.cc:723] Sampled 512 candidate(s)
2024-05-21 16:10:43 [INFO] [evolutionary_search.cc:621] Evolve iter #0 done. Summary:
Postproc #0 [meta_schedule.DisallowDynamicLoop(0xf7b6f118)]: 0 failure(s)
Postproc #1 [meta_schedule.RewriteParallelVectorizeUnroll(0xf6e78018)]: 0 failure(s)
Postproc #2 [meta_schedule.RewriteReductionBlock(0xf7ecfbd8)]: 0 failure(s)
Postproc #3 [meta_schedule.RewriteLayout(0xf6dc49f8)]: 0 failure(s)
2024-05-21 16:10:45 [INFO] [evolutionary_search.cc:621] Evolve iter #1 done. Summary:
Postproc #0 [meta_schedule.DisallowDynamicLoop(0xf7b6f118)]: 0 failure(s)
Postproc #1 [meta_schedule.RewriteParallelVectorizeUnroll(0xf6e78018)]: 0 failure(s)
Postproc #2 [meta_schedule.RewriteReductionBlock(0xf7ecfbd8)]: 0 failure(s)
Postproc #3 [meta_schedule.RewriteLayout(0xf6dc49f8)]: 0 failure(s)
2024-05-21 16:10:48 [INFO] [evolutionary_search.cc:621] Evolve iter #2 done. Summary:
Postproc #0 [meta_schedule.DisallowDynamicLoop(0xf7b6f118)]: 0 failure(s)
Postproc #1 [meta_schedule.RewriteParallelVectorizeUnroll(0xf6e78018)]: 0 failure(s)
Postproc #2 [meta_schedule.RewriteReductionBlock(0xf7ecfbd8)]: 0 failure(s)
Postproc #3 [meta_schedule.RewriteLayout(0xf6dc49f8)]: 0 failure(s)
2024-05-21 16:10:51 [INFO] [evolutionary_search.cc:621] Evolve iter #3 done. Summary:
Postproc #0 [meta_schedule.DisallowDynamicLoop(0xf7b6f118)]: 0 failure(s)
Postproc #1 [meta_schedule.RewriteParallelVectorizeUnroll(0xf6e78018)]: 0 failure(s)
Postproc #2 [meta_schedule.RewriteReductionBlock(0xf7ecfbd8)]: 0 failure(s)
Postproc #3 [meta_schedule.RewriteLayout(0xf6dc49f8)]: 0 failure(s)
2024-05-21 16:10:51 [INFO] [evolutionary_search.cc:649] Scores of the best 64 candidates:
[1 : 16]:	0.9991  0.9990  0.9990  0.9987  0.9985  0.9981  0.9979  0.9977  0.9965  0.9964  0.9964  0.9950  0.9941  0.9936  0.9933  0.9928
[17 : 32]:	0.9927  0.9923  0.9922  0.9919  0.9912  0.9904  0.9899  0.9892  0.9887  0.9884  0.9882  0.9876  0.9875  0.9874  0.9872  0.9862
[33 : 48]:	0.9859  0.9858  0.9858  0.9858  0.9857  0.9856  0.9851  0.9850  0.9849  0.9848  0.9847  0.9844  0.9841  0.9840  0.9839  0.9837
[49 : 64]:	0.9836  0.9831  0.9830  0.9821  0.9820  0.9815  0.9812  0.9810  0.9806  0.9803  0.9800  0.9798  0.9793  0.9787  0.9780  0.9778
2024-05-21 16:10:51 [INFO] [evolutionary_search.cc:727] Got 64 candidate(s) with evolutionary search
2024-05-21 16:10:51 [INFO] [evolutionary_search.cc:730] Sending 64 candidates(s) for measurement
2024-05-21 17:06:42 [INFO] [task_scheduler.cc:131] [Task #5: fused_nn_contrib_depthwise_conv2d_NCHWc_add_clip_1] Trial #1: GFLOPs: 12.5806. Time: 502.5321 us. Best GFLOPs: 12.5806
2024-05-21 17:06:42 [INFO] [task_scheduler.cc:131] [Task #5: fused_nn_contrib_depthwise_conv2d_NCHWc_add_clip_1] Trial #2: GFLOPs: 5.0053. Time: 1263.0935 us. Best GFLOPs: 12.5806
2024-05-21 17:06:42 [INFO] [task_scheduler.cc:131] [Task #5: fused_nn_contrib_depthwise_conv2d_NCHWc_add_clip_1] Trial #3: GFLOPs: 7.3758. Time: 857.1470 us. Best GFLOPs: 12.5806
2024-05-21 17:06:42 [INFO] [task_scheduler.cc:131] [Task #5: fused_nn_contrib_depthwise_conv2d_NCHWc_add_clip_1] Trial #4: GFLOPs: 16.2726. Time: 388.5166 us. Best GFLOPs: 16.2726
2024-05-21 17:06:42 [INFO] [task_scheduler.cc:131] [Task #5: fused_nn_contrib_depthwise_conv2d_NCHWc_add_clip_1] Trial #5: GFLOPs: 19.4281. Time: 325.4148 us. Best GFLOPs: 19.4281
2024-05-21 17:06:42 [INFO] [task_scheduler.cc:131] [Task #5: fused_nn_contrib_depthwise_conv2d_NCHWc_add_clip_1] Trial #6: GFLOPs: 15.9483. Time: 396.4173 us. Best GFLOPs: 19.4281
2024-05-21 17:06:42 [INFO] [task_scheduler.cc:131] [Task #5: fused_nn_contrib_depthwise_conv2d_NCHWc_add_clip_1] Trial #7: GFLOPs: 16.7652. Time: 377.1001 us. Best GFLOPs: 19.4281
2024-05-21 17:06:42 [INFO] [task_scheduler.cc:131] [Task #5: fused_nn_contrib_depthwise_conv2d_NCHWc_add_clip_1] Trial #8: GFLOPs: 14.7641. Time: 428.2130 us. Best GFLOPs: 19.4281
2024-05-21 17:06:42 [INFO] [task_scheduler.cc:131] [Task #5: fused_nn_contrib_depthwise_conv2d_NCHWc_add_clip_1] Trial #9: GFLOPs: 7.1776. Time: 880.8265 us. Best GFLOPs: 19.4281
2024-05-21 17:06:42 [INFO] [task_scheduler.cc:131] [Task #5: fused_nn_contrib_depthwise_conv2d_NCHWc_add_clip_1] Trial #10: GFLOPs: 14.1225. Time: 447.6658 us. Best GFLOPs: 19.4281
2024-05-21 17:06:42 [INFO] [task_scheduler.cc:131] [Task #5: fused_nn_contrib_depthwise_conv2d_NCHWc_add_clip_1] Trial #11: GFLOPs: 20.3847. Time: 310.1431 us. Best GFLOPs: 20.3847
2024-05-21 17:06:42 [INFO] [task_scheduler.cc:131] [Task #5: fused_nn_contrib_depthwise_conv2d_NCHWc_add_clip_1] Trial #12: GFLOPs: 23.9308. Time: 264.1859 us. Best GFLOPs: 23.9308
2024-05-21 17:06:42 [INFO] [task_scheduler.cc:131] [Task #5: fused_nn_contrib_depthwise_conv2d_NCHWc_add_clip_1] Trial #13: GFLOPs: 13.5355. Time: 467.0813 us. Best GFLOPs: 23.9308
2024-05-21 17:06:42 [INFO] [task_scheduler.cc:131] [Task #5: fused_nn_contrib_depthwise_conv2d_NCHWc_add_clip_1] Trial #14: GFLOPs: 16.2856. Time: 388.2066 us. Best GFLOPs: 23.9308
2024-05-21 17:06:42 [INFO] [task_scheduler.cc:131] [Task #5: fused_nn_contrib_depthwise_conv2d_NCHWc_add_clip_1] Trial #15: GFLOPs: 9.6218. Time: 657.0658 us. Best GFLOPs: 23.9308
2024-05-21 17:06:42 [INFO] [task_scheduler.cc:131] [Task #5: fused_nn_contrib_depthwise_conv2d_NCHWc_add_clip_1] Trial #16: GFLOPs: 7.6281. Time: 828.8029 us. Best GFLOPs: 23.9308
2024-05-21 17:06:42 [INFO] [task_scheduler.cc:131] [Task #5: fused_nn_contrib_depthwise_conv2d_NCHWc_add_clip_1] Trial #17: GFLOPs: 7.4975. Time: 843.2382 us. Best GFLOPs: 23.9308
2024-05-21 17:06:42 [INFO] [task_scheduler.cc:131] [Task #5: fused_nn_contrib_depthwise_conv2d_NCHWc_add_clip_1] Trial #18: GFLOPs: 3.6967. Time: 1710.2441 us. Best GFLOPs: 23.9308
2024-05-21 17:06:42 [INFO] [task_scheduler.cc:131] [Task #5: fused_nn_contrib_depthwise_conv2d_NCHWc_add_clip_1] Trial #19: GFLOPs: 4.4233. Time: 1429.2991 us. Best GFLOPs: 23.9308
2024-05-21 17:06:42 [INFO] [task_scheduler.cc:131] [Task #5: fused_nn_contrib_depthwise_conv2d_NCHWc_add_clip_1] Trial #20: GFLOPs: 5.7597. Time: 1097.6574 us. Best GFLOPs: 23.9308
2024-05-21 17:06:42 [INFO] [task_scheduler.cc:131] [Task #5: fused_nn_contrib_depthwise_conv2d_NCHWc_add_clip_1] Trial #21: GFLOPs: 12.2409. Time: 516.4787 us. Best GFLOPs: 23.9308
2024-05-21 17:06:42 [INFO] [task_scheduler.cc:131] [Task #5: fused_nn_contrib_depthwise_conv2d_NCHWc_add_clip_1] Trial #22: GFLOPs: 14.0828. Time: 448.9292 us. Best GFLOPs: 23.9308
2024-05-21 17:06:42 [INFO] [task_scheduler.cc:131] [Task #5: fused_nn_contrib_depthwise_conv2d_NCHWc_add_clip_1] Trial #23: GFLOPs: 4.2640. Time: 1482.6696 us. Best GFLOPs: 23.9308
2024-05-21 17:06:42 [INFO] [task_scheduler.cc:131] [Task #5: fused_nn_contrib_depthwise_conv2d_NCHWc_add_clip_1] Trial #24: GFLOPs: 39.5908. Time: 159.6879 us. Best GFLOPs: 39.5908
2024-05-21 17:06:42 [INFO] [task_scheduler.cc:131] [Task #5: fused_nn_contrib_depthwise_conv2d_NCHWc_add_clip_1] Trial #25: GFLOPs: 2.9361. Time: 2153.2824 us. Best GFLOPs: 39.5908
2024-05-21 17:06:42 [INFO] [task_scheduler.cc:131] [Task #5: fused_nn_contrib_depthwise_conv2d_NCHWc_add_clip_1] Trial #26: GFLOPs: 3.9670. Time: 1593.6862 us. Best GFLOPs: 39.5908
2024-05-21 17:06:42 [INFO] [task_scheduler.cc:131] [Task #5: fused_nn_contrib_depthwise_conv2d_NCHWc_add_clip_1] Trial #27: GFLOPs: 4.6458. Time: 1360.8232 us. Best GFLOPs: 39.5908
2024-05-21 17:06:42 [INFO] [task_scheduler.cc:131] [Task #5: fused_nn_contrib_depthwise_conv2d_NCHWc_add_clip_1] Trial #28: GFLOPs: 5.8428. Time: 1082.0530 us. Best GFLOPs: 39.5908
2024-05-21 17:06:42 [INFO] [task_scheduler.cc:131] [Task #5: fused_nn_contrib_depthwise_conv2d_NCHWc_add_clip_1] Trial #29: GFLOPs: 2.9712. Time: 2127.8044 us. Best GFLOPs: 39.5908
2024-05-21 17:06:42 [INFO] [task_scheduler.cc:131] [Task #5: fused_nn_contrib_depthwise_conv2d_NCHWc_add_clip_1] Trial #30: GFLOPs: 4.8395. Time: 1306.3706 us. Best GFLOPs: 39.5908
2024-05-21 17:06:42 [INFO] [task_scheduler.cc:131] [Task #5: fused_nn_contrib_depthwise_conv2d_NCHWc_add_clip_1] Trial #31: GFLOPs: 7.7900. Time: 811.5788 us. Best GFLOPs: 39.5908
2024-05-21 17:06:42 [INFO] [task_scheduler.cc:131] [Task #5: fused_nn_contrib_depthwise_conv2d_NCHWc_add_clip_1] Trial #32: GFLOPs: 15.1350. Time: 417.7203 us. Best GFLOPs: 39.5908
2024-05-21 17:06:42 [INFO] [task_scheduler.cc:131] [Task #5: fused_nn_contrib_depthwise_conv2d_NCHWc_add_clip_1] Trial #33: GFLOPs: 16.2538. Time: 388.9657 us. Best GFLOPs: 39.5908
2024-05-21 17:06:42 [INFO] [task_scheduler.cc:131] [Task #5: fused_nn_contrib_depthwise_conv2d_NCHWc_add_clip_1] Trial #34: GFLOPs: 14.6843. Time: 430.5393 us. Best GFLOPs: 39.5908
2024-05-21 17:06:42 [INFO] [task_scheduler.cc:131] [Task #5: fused_nn_contrib_depthwise_conv2d_NCHWc_add_clip_1] Trial #35: GFLOPs: 27.1763. Time: 232.6359 us. Best GFLOPs: 39.5908
2024-05-21 17:06:42 [INFO] [task_scheduler.cc:131] [Task #5: fused_nn_contrib_depthwise_conv2d_NCHWc_add_clip_1] Trial #36: GFLOPs: 7.7589. Time: 814.8243 us. Best GFLOPs: 39.5908
2024-05-21 17:06:42 [INFO] [task_scheduler.cc:131] [Task #5: fused_nn_contrib_depthwise_conv2d_NCHWc_add_clip_1] Trial #37: GFLOPs: 9.0149. Time: 701.3050 us. Best GFLOPs: 39.5908
2024-05-21 17:06:42 [INFO] [task_scheduler.cc:121] [Task #5: fused_nn_contrib_depthwise_conv2d_NCHWc_add_clip_1] Trial #38: Error in building:
LocalBuilder: Timeout, killed after 30.0 seconds
# from tvm.script import ir as I
# from tvm.script import tir as T

@I.ir_module
class Module:
    @T.prim_func
    def main(p0: T.Buffer((T.int64(1), T.int64(12), T.int64(112), T.int64(112), T.int64(8)), "float32"), p1: T.Buffer((T.int64(12), T.int64(1), T.int64(3), T.int64(3), T.int64(1), T.int64(8)), "float32"), p2: T.Buffer((T.int64(1), T.int64(12), T.int64(1), T.int64(1), T.int64(8)), "float32"), compute: T.Buffer((T.int64(1), T.int64(12), T.int64(56), T.int64(56), T.int64(8)), "float32")):
        T.func_attr({"tir.noalias": T.bool(True)})
        # with T.block("root"):
        PaddedInput = T.alloc_buffer((T.int64(1), T.int64(12), T.int64(114), T.int64(114), T.int64(8)))
        DepthwiseConv2d = T.alloc_buffer((T.int64(1), T.int64(12), T.int64(56), T.int64(56), T.int64(8)))
        for b_0_oco_0_oh_0_ow_0_fused_fused in T.parallel(T.int64(98), annotations={"pragma_auto_unroll_max_step": 512, "pragma_unroll_explicit": 1}):
            for oci_0 in range(T.int64(1)):
                for b_1, oco_1 in T.grid(T.int64(1), T.int64(3)):
                    for ax0, ax1, ax2, ax3 in T.grid(T.int64(1), T.int64(4), T.int64(17), T.int64(9)):
                        for ax4_fused in T.vectorized(T.int64(8)):
                            with T.block("PaddedInput"):
                                v_i0 = T.axis.spatial(T.int64(1), ax0)
                                v_i1 = T.axis.spatial(T.int64(12), oco_1 * T.int64(4) + ax1)
                                v_i2 = T.axis.spatial(T.int64(114), b_0_oco_0_oh_0_ow_0_fused_fused // T.int64(14) * T.int64(16) + ax2)
                                v_i3 = T.axis.spatial(T.int64(114), b_0_oco_0_oh_0_ow_0_fused_fused % T.int64(14) * T.int64(8) + ax3)
                                v_i4 = T.axis.spatial(T.int64(8), ax4_fused)
                                T.reads(p0[v_i0, v_i1, v_i2 - T.int64(1), v_i3 - T.int64(1), v_i4])
                                T.writes(PaddedInput[v_i0, v_i1, v_i2, v_i3, v_i4])
                                PaddedInput[v_i0, v_i1, v_i2, v_i3, v_i4] = T.if_then_else(T.int64(1) <= v_i2 and v_i2 < T.int64(113) and T.int64(1) <= v_i3 and v_i3 < T.int64(113), p0[v_i0, v_i1, v_i2 - T.int64(1), v_i3 - T.int64(1), v_i4], T.float32(0))
                    for oh_1, ow_1, oci_1 in T.grid(T.int64(1), T.int64(1), T.int64(1)):
                        for b_2_init, oco_2_init, oh_2_init, ow_2_init, oci_2_init, b_3_init, oco_3_init, oh_3_init, ow_3_init in T.grid(T.int64(1), T.int64(4), T.int64(4), T.int64(2), T.int64(4), T.int64(1), T.int64(1), T.int64(2), T.int64(2)):
                            for oci_3_fused_init in T.vectorized(T.int64(2)):
                                with T.block("DepthwiseConv2d_init"):
                                    v_b = T.axis.spatial(T.int64(1), b_1 + b_2_init + b_3_init)
                                    v_oco = T.axis.spatial(T.int64(12), oco_1 * T.int64(4) + oco_2_init + oco_3_init)
                                    v_oh = T.axis.spatial(T.int64(56), b_0_oco_0_oh_0_ow_0_fused_fused // T.int64(14) * T.int64(8) + oh_1 * T.int64(8) + oh_2_init * T.int64(2) + oh_3_init)
                                    v_ow = T.axis.spatial(T.int64(56), b_0_oco_0_oh_0_ow_0_fused_fused % T.int64(14) * T.int64(4) + ow_1 * T.int64(4) + ow_2_init * T.int64(2) + ow_3_init)
                                    v_oci = T.axis.spatial(T.int64(8), oci_0 * T.int64(8) + oci_1 * T.int64(8) + oci_2_init * T.int64(2) + oci_3_fused_init)
                                    T.reads()
                                    T.writes(DepthwiseConv2d[v_b, v_oco, v_oh, v_ow, v_oci])
                                    T.block_attr({"meta_schedule.tiling_structure": "SSRSRS"})
                                    DepthwiseConv2d[v_b, v_oco, v_oh, v_ow, v_oci] = T.float32(0)
                        for kh_0, kw_0, b_2, oco_2, oh_2, ow_2, oci_2, kh_1, kw_1, b_3, oco_3, oh_3, ow_3 in T.grid(T.int64(3), T.int64(3), T.int64(1), T.int64(4), T.int64(4), T.int64(2), T.int64(4), T.int64(1), T.int64(1), T.int64(1), T.int64(1), T.int64(2), T.int64(2)):
                            for oci_3_fused in T.vectorized(T.int64(2)):
                                with T.block("DepthwiseConv2d_update"):
                                    v_b = T.axis.spatial(T.int64(1), b_1 + b_2 + b_3)
                                    v_oco = T.axis.spatial(T.int64(12), oco_1 * T.int64(4) + oco_2 + oco_3)
                                    v_oh = T.axis.spatial(T.int64(56), b_0_oco_0_oh_0_ow_0_fused_fused // T.int64(14) * T.int64(8) + oh_1 * T.int64(8) + oh_2 * T.int64(2) + oh_3)
                                    v_ow = T.axis.spatial(T.int64(56), b_0_oco_0_oh_0_ow_0_fused_fused % T.int64(14) * T.int64(4) + ow_1 * T.int64(4) + ow_2 * T.int64(2) + ow_3)
                                    v_oci = T.axis.spatial(T.int64(8), oci_0 * T.int64(8) + oci_1 * T.int64(8) + oci_2 * T.int64(2) + oci_3_fused)
                                    v_kh = T.axis.reduce(T.int64(3), kh_0 + kh_1)
                                    v_kw = T.axis.reduce(T.int64(3), kw_0 + kw_1)
                                    T.reads(DepthwiseConv2d[v_b, v_oco, v_oh, v_ow, v_oci], PaddedInput[v_b, v_oci // T.int64(8) + v_oco, v_oh * T.int64(2) + v_kh, v_ow * T.int64(2) + v_kw, v_oci % T.int64(8)], p1[v_oco, T.int64(0), v_kh, v_kw, T.int64(0), v_oci])
                                    T.writes(DepthwiseConv2d[v_b, v_oco, v_oh, v_ow, v_oci])
                                    T.block_attr({"meta_schedule.tiling_structure": "SSRSRS"})
                                    DepthwiseConv2d[v_b, v_oco, v_oh, v_ow, v_oci] = DepthwiseConv2d[v_b, v_oco, v_oh, v_ow, v_oci] + PaddedInput[v_b, v_oci // T.int64(8) + v_oco, v_oh * T.int64(2) + v_kh, v_ow * T.int64(2) + v_kw, v_oci % T.int64(8)] * p1[v_oco, T.int64(0), v_kh, v_kw, T.int64(0), v_oci]
                for ax0, ax1, ax2 in T.grid(T.int64(1), T.int64(12), T.int64(8)):
                    for ax3_ax4_fused in T.vectorized(T.int64(32)):
                        with T.block("compute"):
                            v_i0, v_i1 = T.axis.remap("SS", [ax0, ax1])
                            v_i2 = T.axis.spatial(T.int64(56), b_0_oco_0_oh_0_ow_0_fused_fused // T.int64(14) * T.int64(8) + ax2)
                            v_i3 = T.axis.spatial(T.int64(56), b_0_oco_0_oh_0_ow_0_fused_fused % T.int64(14) * T.int64(4) + ax3_ax4_fused // T.int64(8))
                            v_i4 = T.axis.spatial(T.int64(8), ax3_ax4_fused % T.int64(8))
                            T.reads(DepthwiseConv2d[v_i0, v_i1, v_i2, v_i3, v_i4], p2[v_i0, v_i1, T.int64(0), T.int64(0), v_i4])
                            T.writes(compute[v_i0, v_i1, v_i2, v_i3, v_i4])
                            compute[v_i0, v_i1, v_i2, v_i3, v_i4] = T.max(T.min(DepthwiseConv2d[v_i0, v_i1, v_i2, v_i3, v_i4] + p2[v_i0, v_i1, T.int64(0), T.int64(0), v_i4], T.float32(6)), T.float32(0))
b0 = sch.get_block(name="PaddedInput", func_name="main")
b1 = sch.get_block(name="DepthwiseConv2d", func_name="main")
b2 = sch.get_block(name="T_add", func_name="main")
b3 = sch.get_block(name="root", func_name="main")
sch.compute_inline(block=b2)
sch.annotate(block_or_loop=b1, ann_key="meta_schedule.tiling_structure", ann_val="SSRSRS")
l4, l5, l6, l7, l8, l9, l10 = sch.get_loops(block=b1)
v11, v12, v13, v14 = sch.sample_perfect_tile(loop=l4, n=4, max_innermost_factor=64, decision=[1, 1, 1, 1])
l15, l16, l17, l18 = sch.split(loop=l4, factors=[v11, v12, v13, v14], preserve_unit_iters=True, disable_predication=False)
v19, v20, v21, v22 = sch.sample_perfect_tile(loop=l5, n=4, max_innermost_factor=64, decision=[1, 3, 4, 1])
l23, l24, l25, l26 = sch.split(loop=l5, factors=[v19, v20, v21, v22], preserve_unit_iters=True, disable_predication=False)
v27, v28, v29, v30 = sch.sample_perfect_tile(loop=l6, n=4, max_innermost_factor=64, decision=[7, 1, 4, 2])
l31, l32, l33, l34 = sch.split(loop=l6, factors=[v27, v28, v29, v30], preserve_unit_iters=True, disable_predication=False)
v35, v36, v37, v38 = sch.sample_perfect_tile(loop=l7, n=4, max_innermost_factor=64, decision=[14, 1, 2, 2])
l39, l40, l41, l42 = sch.split(loop=l7, factors=[v35, v36, v37, v38], preserve_unit_iters=True, disable_predication=False)
v43, v44, v45, v46 = sch.sample_perfect_tile(loop=l8, n=4, max_innermost_factor=64, decision=[1, 1, 4, 2])
l47, l48, l49, l50 = sch.split(loop=l8, factors=[v43, v44, v45, v46], preserve_unit_iters=True, disable_predication=False)
v51, v52 = sch.sample_perfect_tile(loop=l9, n=2, max_innermost_factor=64, decision=[3, 1])
l53, l54 = sch.split(loop=l9, factors=[v51, v52], preserve_unit_iters=True, disable_predication=False)
v55, v56 = sch.sample_perfect_tile(loop=l10, n=2, max_innermost_factor=64, decision=[3, 1])
l57, l58 = sch.split(loop=l10, factors=[v55, v56], preserve_unit_iters=True, disable_predication=False)
sch.reorder(l15, l23, l31, l39, l47, l16, l24, l32, l40, l48, l53, l57, l17, l25, l33, l41, l49, l54, l58, l18, l26, l34, l42, l50)
b59, = sch.get_consumers(block=b1)
sch.reverse_compute_at(block=b59, loop=l47, preserve_unit_loops=True, index=-1)
sch.annotate(block_or_loop=b3, ann_key="meta_schedule.parallel", ann_val=96)
sch.annotate(block_or_loop=b3, ann_key="meta_schedule.vectorize", ann_val=64)
v60 = sch.sample_categorical(candidates=[0, 16, 64, 512], probs=[0.25, 0.25, 0.25, 0.25], decision=3)
sch.annotate(block_or_loop=b3, ann_key="meta_schedule.unroll_explicit", ann_val=v60)
l61 = sch.sample_compute_location(block=b0, decision=6)
sch.compute_at(block=b0, loop=l61, preserve_unit_loops=True, index=-1)
sch.enter_postproc()
b62 = sch.get_block(name="root", func_name="main")
sch.unannotate(block_or_loop=b62, ann_key="meta_schedule.parallel")
sch.unannotate(block_or_loop=b62, ann_key="meta_schedule.vectorize")
sch.unannotate(block_or_loop=b62, ann_key="meta_schedule.unroll_explicit")
b63, b64, b65 = sch.get_child_blocks(b62)
l66, l67, l68, l69, l70, l71, l72, l73, l74, l75, l76, l77 = sch.get_loops(block=b63)
l78 = sch.fuse(l66, l67, l68, l69, preserve_unit_iters=True)
sch.parallel(loop=l78)
l79 = sch.fuse(l77, preserve_unit_iters=True)
sch.vectorize(loop=l79)
l80, l81, l82, l83, l84, l85, l86, l87, l88, l89, l90, l91, l92, l93, l94, l95, l96, l97, l98, l99, l100 = sch.get_loops(block=b64)
l101 = sch.fuse(l80, preserve_unit_iters=True)
sch.parallel(loop=l101)
l102 = sch.fuse(l100, preserve_unit_iters=True)
sch.vectorize(loop=l102)
sch.annotate(block_or_loop=l101, ann_key="pragma_auto_unroll_max_step", ann_val=512)
sch.annotate(block_or_loop=l101, ann_key="pragma_unroll_explicit", ann_val=1)
l103, l104, l105, l106, l107, l108, l109 = sch.get_loops(block=b65)
l110 = sch.fuse(l108, l109, preserve_unit_iters=True)
sch.vectorize(loop=l110)
b111 = sch.get_block(name="DepthwiseConv2d", func_name="main")
l112, l113, l114, l115, l116, l117, l118, l119, l120, l121, l122, l123, l124, l125, l126, l127, l128, l129, l130, l131, l132 = sch.get_loops(block=b111)
b133 = sch.decompose_reduction(block=b111, loop=l119)
2024-05-21 17:06:42 [INFO] [task_scheduler.cc:131] [Task #5: fused_nn_contrib_depthwise_conv2d_NCHWc_add_clip_1] Trial #39: GFLOPs: 7.9938. Time: 790.8808 us. Best GFLOPs: 39.5908
2024-05-21 17:06:42 [INFO] [task_scheduler.cc:131] [Task #5: fused_nn_contrib_depthwise_conv2d_NCHWc_add_clip_1] Trial #40: GFLOPs: 9.4780. Time: 667.0370 us. Best GFLOPs: 39.5908
2024-05-21 17:06:42 [INFO] [task_scheduler.cc:131] [Task #5: fused_nn_contrib_depthwise_conv2d_NCHWc_add_clip_1] Trial #41: GFLOPs: 3.4019. Time: 1858.4114 us. Best GFLOPs: 39.5908
2024-05-21 17:06:42 [INFO] [task_scheduler.cc:131] [Task #5: fused_nn_contrib_depthwise_conv2d_NCHWc_add_clip_1] Trial #42: GFLOPs: 19.4336. Time: 325.3219 us. Best GFLOPs: 39.5908
2024-05-21 17:06:42 [INFO] [task_scheduler.cc:131] [Task #5: fused_nn_contrib_depthwise_conv2d_NCHWc_add_clip_1] Trial #43: GFLOPs: 12.6571. Time: 499.4982 us. Best GFLOPs: 39.5908
2024-05-21 17:06:42 [INFO] [task_scheduler.cc:131] [Task #5: fused_nn_contrib_depthwise_conv2d_NCHWc_add_clip_1] Trial #44: GFLOPs: 12.4681. Time: 507.0679 us. Best GFLOPs: 39.5908
2024-05-21 17:06:42 [INFO] [task_scheduler.cc:131] [Task #5: fused_nn_contrib_depthwise_conv2d_NCHWc_add_clip_1] Trial #45: GFLOPs: 2.7763. Time: 2277.2240 us. Best GFLOPs: 39.5908
2024-05-21 17:06:42 [INFO] [task_scheduler.cc:131] [Task #5: fused_nn_contrib_depthwise_conv2d_NCHWc_add_clip_1] Trial #46: GFLOPs: 3.1090. Time: 2033.4789 us. Best GFLOPs: 39.5908
2024-05-21 17:06:42 [INFO] [task_scheduler.cc:131] [Task #5: fused_nn_contrib_depthwise_conv2d_NCHWc_add_clip_1] Trial #47: GFLOPs: 5.1309. Time: 1232.1861 us. Best GFLOPs: 39.5908
2024-05-21 17:06:42 [INFO] [task_scheduler.cc:131] [Task #5: fused_nn_contrib_depthwise_conv2d_NCHWc_add_clip_1] Trial #48: GFLOPs: 29.3930. Time: 215.0909 us. Best GFLOPs: 39.5908
2024-05-21 17:06:42 [INFO] [task_scheduler.cc:131] [Task #5: fused_nn_contrib_depthwise_conv2d_NCHWc_add_clip_1] Trial #49: GFLOPs: 6.4253. Time: 983.9547 us. Best GFLOPs: 39.5908
2024-05-21 17:06:42 [INFO] [task_scheduler.cc:131] [Task #5: fused_nn_contrib_depthwise_conv2d_NCHWc_add_clip_1] Trial #50: GFLOPs: 7.9222. Time: 798.0301 us. Best GFLOPs: 39.5908
2024-05-21 17:06:42 [INFO] [task_scheduler.cc:131] [Task #5: fused_nn_contrib_depthwise_conv2d_NCHWc_add_clip_1] Trial #51: GFLOPs: 2.0622. Time: 3065.8053 us. Best GFLOPs: 39.5908
2024-05-21 17:06:42 [INFO] [task_scheduler.cc:131] [Task #5: fused_nn_contrib_depthwise_conv2d_NCHWc_add_clip_1] Trial #52: GFLOPs: 7.1518. Time: 883.9974 us. Best GFLOPs: 39.5908
2024-05-21 17:06:42 [INFO] [task_scheduler.cc:131] [Task #5: fused_nn_contrib_depthwise_conv2d_NCHWc_add_clip_1] Trial #53: GFLOPs: 5.1191. Time: 1235.0289 us. Best GFLOPs: 39.5908
2024-05-21 17:06:42 [INFO] [task_scheduler.cc:131] [Task #5: fused_nn_contrib_depthwise_conv2d_NCHWc_add_clip_1] Trial #54: GFLOPs: 12.4557. Time: 507.5715 us. Best GFLOPs: 39.5908
2024-05-21 17:06:42 [INFO] [task_scheduler.cc:131] [Task #5: fused_nn_contrib_depthwise_conv2d_NCHWc_add_clip_1] Trial #55: GFLOPs: 25.2804. Time: 250.0823 us. Best GFLOPs: 39.5908
2024-05-21 17:06:42 [INFO] [task_scheduler.cc:131] [Task #5: fused_nn_contrib_depthwise_conv2d_NCHWc_add_clip_1] Trial #56: GFLOPs: 9.4114. Time: 671.7545 us. Best GFLOPs: 39.5908
2024-05-21 17:06:42 [INFO] [task_scheduler.cc:131] [Task #5: fused_nn_contrib_depthwise_conv2d_NCHWc_add_clip_1] Trial #57: GFLOPs: 13.8383. Time: 456.8610 us. Best GFLOPs: 39.5908
2024-05-21 17:06:42 [INFO] [task_scheduler.cc:131] [Task #5: fused_nn_contrib_depthwise_conv2d_NCHWc_add_clip_1] Trial #58: GFLOPs: 4.3288. Time: 1460.4911 us. Best GFLOPs: 39.5908
2024-05-21 17:06:42 [INFO] [task_scheduler.cc:131] [Task #5: fused_nn_contrib_depthwise_conv2d_NCHWc_add_clip_1] Trial #59: GFLOPs: 2.9428. Time: 2148.3225 us. Best GFLOPs: 39.5908
2024-05-21 17:06:42 [INFO] [task_scheduler.cc:131] [Task #5: fused_nn_contrib_depthwise_conv2d_NCHWc_add_clip_1] Trial #60: GFLOPs: 12.6546. Time: 499.5970 us. Best GFLOPs: 39.5908
2024-05-21 17:06:42 [INFO] [task_scheduler.cc:131] [Task #5: fused_nn_contrib_depthwise_conv2d_NCHWc_add_clip_1] Trial #61: GFLOPs: 13.2506. Time: 477.1232 us. Best GFLOPs: 39.5908
2024-05-21 17:06:42 [INFO] [task_scheduler.cc:131] [Task #5: fused_nn_contrib_depthwise_conv2d_NCHWc_add_clip_1] Trial #62: GFLOPs: 7.4753. Time: 845.7412 us. Best GFLOPs: 39.5908
2024-05-21 17:06:42 [INFO] [task_scheduler.cc:131] [Task #5: fused_nn_contrib_depthwise_conv2d_NCHWc_add_clip_1] Trial #63: GFLOPs: 4.0870. Time: 1546.9160 us. Best GFLOPs: 39.5908
2024-05-21 17:06:42 [INFO] [task_scheduler.cc:131] [Task #5: fused_nn_contrib_depthwise_conv2d_NCHWc_add_clip_1] Trial #64: GFLOPs: 11.2026. Time: 564.3497 us. Best GFLOPs: 39.5908
