2024-05-21 12:50:22 [INFO] [task_scheduler.cc:160] Initializing Task #31: "fused_nn_conv2d_add_clip_16"
2024-05-21 12:50:22 [INFO] [task_scheduler.cc:35] 
# from tvm.script import ir as I
# from tvm.script import tir as T

@I.ir_module
class Module:
    @T.prim_func
    def main(p0: T.Buffer((T.int64(1), T.int64(7), T.int64(7), T.int64(960)), "float32"), p1: T.Buffer((T.int64(3), T.int64(3), T.int64(960), T.int64(1)), "float32"), p2: T.Buffer((T.int64(1), T.int64(1), T.int64(1), T.int64(960)), "float32"), compute: T.Buffer((T.int64(1), T.int64(7), T.int64(7), T.int64(960)), "float32")):
        T.func_attr({"tir.noalias": T.bool(True)})
        # with T.block("root"):
        PaddedInput = T.alloc_buffer((T.int64(1), T.int64(9), T.int64(9), T.int64(960)))
        DepthwiseConv2d = T.alloc_buffer((T.int64(1), T.int64(7), T.int64(7), T.int64(960)))
        T_add = T.alloc_buffer((T.int64(1), T.int64(7), T.int64(7), T.int64(960)))
        for i0, i1, i2, i3 in T.grid(T.int64(1), T.int64(9), T.int64(9), T.int64(960)):
            with T.block("PaddedInput"):
                v_i0, v_i1, v_i2, v_i3 = T.axis.remap("SSSS", [i0, i1, i2, i3])
                T.reads(p0[v_i0, v_i1 - T.int64(1), v_i2 - T.int64(1), v_i3])
                T.writes(PaddedInput[v_i0, v_i1, v_i2, v_i3])
                PaddedInput[v_i0, v_i1, v_i2, v_i3] = T.if_then_else(T.int64(1) <= v_i1 and v_i1 < T.int64(8) and T.int64(1) <= v_i2 and v_i2 < T.int64(8), p0[v_i0, v_i1 - T.int64(1), v_i2 - T.int64(1), v_i3], T.float32(0))
        for b, i, j, c, di, dj in T.grid(T.int64(1), T.int64(7), T.int64(7), T.int64(960), T.int64(3), T.int64(3)):
            with T.block("DepthwiseConv2d"):
                v_b, v_i, v_j, v_c, v_di, v_dj = T.axis.remap("SSSSRR", [b, i, j, c, di, dj])
                T.reads(PaddedInput[v_b, v_i + v_di, v_j + v_dj, v_c], p1[v_di, v_dj, v_c, T.int64(0)])
                T.writes(DepthwiseConv2d[v_b, v_i, v_j, v_c])
                with T.init():
                    DepthwiseConv2d[v_b, v_i, v_j, v_c] = T.float32(0)
                DepthwiseConv2d[v_b, v_i, v_j, v_c] = DepthwiseConv2d[v_b, v_i, v_j, v_c] + PaddedInput[v_b, v_i + v_di, v_j + v_dj, v_c] * p1[v_di, v_dj, v_c, T.int64(0)]
        for ax0, ax1, ax2, ax3 in T.grid(T.int64(1), T.int64(7), T.int64(7), T.int64(960)):
            with T.block("T_add"):
                v_ax0, v_ax1, v_ax2, v_ax3 = T.axis.remap("SSSS", [ax0, ax1, ax2, ax3])
                T.reads(DepthwiseConv2d[v_ax0, v_ax1, v_ax2, v_ax3], p2[v_ax0, T.int64(0), T.int64(0), v_ax3])
                T.writes(T_add[v_ax0, v_ax1, v_ax2, v_ax3])
                T_add[v_ax0, v_ax1, v_ax2, v_ax3] = DepthwiseConv2d[v_ax0, v_ax1, v_ax2, v_ax3] + p2[v_ax0, T.int64(0), T.int64(0), v_ax3]
        for i0, i1, i2, i3 in T.grid(T.int64(1), T.int64(7), T.int64(7), T.int64(960)):
            with T.block("compute"):
                v_i0, v_i1, v_i2, v_i3 = T.axis.remap("SSSS", [i0, i1, i2, i3])
                T.reads(T_add[v_i0, v_i1, v_i2, v_i3])
                T.writes(compute[v_i0, v_i1, v_i2, v_i3])
                compute[v_i0, v_i1, v_i2, v_i3] = T.max(T.min(T_add[v_i0, v_i1, v_i2, v_i3], T.float32(6)), T.float32(0))
2024-05-21 12:50:22 [INFO] [task_scheduler.cc:164] Total 3 design space(s) generated
2024-05-21 12:50:22 [INFO] [task_scheduler.cc:170] Design space #0:
# from tvm.script import ir as I
# from tvm.script import tir as T

@I.ir_module
class Module:
    @T.prim_func
    def main(p0: T.Buffer((T.int64(1), T.int64(7), T.int64(7), T.int64(960)), "float32"), p1: T.Buffer((T.int64(3), T.int64(3), T.int64(960), T.int64(1)), "float32"), p2: T.Buffer((T.int64(1), T.int64(1), T.int64(1), T.int64(960)), "float32"), compute: T.Buffer((T.int64(1), T.int64(7), T.int64(7), T.int64(960)), "float32")):
        T.func_attr({"tir.noalias": T.bool(True)})
        with T.block("root"):
            T.reads()
            T.writes()
            T.block_attr({"meta_schedule.parallel": 96, "meta_schedule.unroll_explicit": 64, "meta_schedule.vectorize": 64})
            PaddedInput = T.alloc_buffer((T.int64(1), T.int64(9), T.int64(9), T.int64(960)))
            DepthwiseConv2d = T.alloc_buffer((T.int64(1), T.int64(7), T.int64(7), T.int64(960)))
            for b_0, i_0, j_0, c_0, b_1, i_1, j_1, c_1, di_0, dj_0 in T.grid(T.int64(1), T.int64(7), T.int64(1), T.int64(3), T.int64(1), T.int64(1), T.int64(1), T.int64(320), T.int64(3), T.int64(3)):
                for ax0, ax1, ax2, ax3 in T.grid(T.int64(1), T.int64(1), T.int64(7), T.int64(1)):
                    with T.block("PaddedInput"):
                        v_i0 = T.axis.spatial(T.int64(1), ax0)
                        v_i1 = T.axis.spatial(T.int64(9), i_0 + di_0 + ax1)
                        v_i2 = T.axis.spatial(T.int64(9), dj_0 + ax2)
                        v_i3 = T.axis.spatial(T.int64(960), c_0 * T.int64(320) + c_1 + ax3)
                        T.reads(p0[v_i0, v_i1 - T.int64(1), v_i2 - T.int64(1), v_i3])
                        T.writes(PaddedInput[v_i0, v_i1, v_i2, v_i3])
                        PaddedInput[v_i0, v_i1, v_i2, v_i3] = T.if_then_else(T.int64(1) <= v_i1 and v_i1 < T.int64(8) and T.int64(1) <= v_i2 and v_i2 < T.int64(8), p0[v_i0, v_i1 - T.int64(1), v_i2 - T.int64(1), v_i3], T.float32(0))
                for b_2, i_2, j_2, c_2, di_1, dj_1, b_3, i_3, j_3, c_3 in T.grid(T.int64(1), T.int64(1), T.int64(7), T.int64(1), T.int64(1), T.int64(1), T.int64(1), T.int64(1), T.int64(1), T.int64(1)):
                    with T.block("DepthwiseConv2d"):
                        v_b = T.axis.spatial(T.int64(1), b_0 + b_1 + b_2 + b_3)
                        v_i = T.axis.spatial(T.int64(7), i_0 + i_1 + i_2 + i_3)
                        v_j = T.axis.spatial(T.int64(7), j_0 * T.int64(7) + j_1 * T.int64(7) + j_2 + j_3)
                        v_c = T.axis.spatial(T.int64(960), c_0 * T.int64(320) + c_1 + c_2 + c_3)
                        v_di = T.axis.reduce(T.int64(3), di_0 + di_1)
                        v_dj = T.axis.reduce(T.int64(3), dj_0 + dj_1)
                        T.reads(PaddedInput[v_b, v_i + v_di, v_j + v_dj, v_c], p1[v_di, v_dj, v_c, T.int64(0)])
                        T.writes(DepthwiseConv2d[v_b, v_i, v_j, v_c])
                        T.block_attr({"meta_schedule.tiling_structure": "SSRSRS"})
                        with T.init():
                            DepthwiseConv2d[v_b, v_i, v_j, v_c] = T.float32(0)
                        DepthwiseConv2d[v_b, v_i, v_j, v_c] = DepthwiseConv2d[v_b, v_i, v_j, v_c] + PaddedInput[v_b, v_i + v_di, v_j + v_dj, v_c] * p1[v_di, v_dj, v_c, T.int64(0)]
            for i0, i1, i2, i3 in T.grid(T.int64(1), T.int64(7), T.int64(7), T.int64(960)):
                with T.block("compute"):
                    v_i0, v_i1, v_i2, v_i3 = T.axis.remap("SSSS", [i0, i1, i2, i3])
                    T.reads(DepthwiseConv2d[v_i0, v_i1, v_i2, v_i3], p2[v_i0, T.int64(0), T.int64(0), v_i3])
                    T.writes(compute[v_i0, v_i1, v_i2, v_i3])
                    compute[v_i0, v_i1, v_i2, v_i3] = T.max(T.min(DepthwiseConv2d[v_i0, v_i1, v_i2, v_i3] + p2[v_i0, T.int64(0), T.int64(0), v_i3], T.float32(6)), T.float32(0))
b0 = sch.get_block(name="PaddedInput", func_name="main")
b1 = sch.get_block(name="DepthwiseConv2d", func_name="main")
b2 = sch.get_block(name="T_add", func_name="main")
b3 = sch.get_block(name="root", func_name="main")
sch.compute_inline(block=b2)
sch.annotate(block_or_loop=b1, ann_key="meta_schedule.tiling_structure", ann_val="SSRSRS")
l4, l5, l6, l7, l8, l9 = sch.get_loops(block=b1)
v10, v11, v12, v13 = sch.sample_perfect_tile(loop=l4, n=4, max_innermost_factor=64, decision=[1, 1, 1, 1])
l14, l15, l16, l17 = sch.split(loop=l4, factors=[v10, v11, v12, v13], preserve_unit_iters=True, disable_predication=False)
v18, v19, v20, v21 = sch.sample_perfect_tile(loop=l5, n=4, max_innermost_factor=64, decision=[7, 1, 1, 1])
l22, l23, l24, l25 = sch.split(loop=l5, factors=[v18, v19, v20, v21], preserve_unit_iters=True, disable_predication=False)
v26, v27, v28, v29 = sch.sample_perfect_tile(loop=l6, n=4, max_innermost_factor=64, decision=[1, 1, 7, 1])
l30, l31, l32, l33 = sch.split(loop=l6, factors=[v26, v27, v28, v29], preserve_unit_iters=True, disable_predication=False)
v34, v35, v36, v37 = sch.sample_perfect_tile(loop=l7, n=4, max_innermost_factor=64, decision=[3, 320, 1, 1])
l38, l39, l40, l41 = sch.split(loop=l7, factors=[v34, v35, v36, v37], preserve_unit_iters=True, disable_predication=False)
v42, v43 = sch.sample_perfect_tile(loop=l8, n=2, max_innermost_factor=64, decision=[3, 1])
l44, l45 = sch.split(loop=l8, factors=[v42, v43], preserve_unit_iters=True, disable_predication=False)
v46, v47 = sch.sample_perfect_tile(loop=l9, n=2, max_innermost_factor=64, decision=[3, 1])
l48, l49 = sch.split(loop=l9, factors=[v46, v47], preserve_unit_iters=True, disable_predication=False)
sch.reorder(l14, l22, l30, l38, l15, l23, l31, l39, l44, l48, l16, l24, l32, l40, l45, l49, l17, l25, l33, l41)
sch.annotate(block_or_loop=b3, ann_key="meta_schedule.parallel", ann_val=96)
sch.annotate(block_or_loop=b3, ann_key="meta_schedule.vectorize", ann_val=64)
v50 = sch.sample_categorical(candidates=[0, 16, 64, 512], probs=[0.25, 0.25, 0.25, 0.25], decision=2)
sch.annotate(block_or_loop=b3, ann_key="meta_schedule.unroll_explicit", ann_val=v50)
l51 = sch.sample_compute_location(block=b0, decision=9)
sch.compute_at(block=b0, loop=l51, preserve_unit_loops=True, index=-1)
2024-05-21 12:50:22 [INFO] [task_scheduler.cc:170] Design space #1:
# from tvm.script import ir as I
# from tvm.script import tir as T

@I.ir_module
class Module:
    @T.prim_func
    def main(p0: T.Buffer((T.int64(1), T.int64(7), T.int64(7), T.int64(960)), "float32"), p1: T.Buffer((T.int64(3), T.int64(3), T.int64(960), T.int64(1)), "float32"), p2: T.Buffer((T.int64(1), T.int64(1), T.int64(1), T.int64(960)), "float32"), compute: T.Buffer((T.int64(1), T.int64(7), T.int64(7), T.int64(960)), "float32")):
        T.func_attr({"tir.noalias": T.bool(True)})
        with T.block("root"):
            T.reads()
            T.writes()
            T.block_attr({"meta_schedule.parallel": 96, "meta_schedule.unroll_explicit": 64, "meta_schedule.vectorize": 64})
            DepthwiseConv2d = T.alloc_buffer((T.int64(1), T.int64(7), T.int64(7), T.int64(960)))
            for b_0, i_0, j_0, c_0, b_1, i_1, j_1, c_1 in T.grid(T.int64(1), T.int64(7), T.int64(1), T.int64(3), T.int64(1), T.int64(1), T.int64(1), T.int64(320)):
                for di_0, dj_0, b_2, i_2, j_2, c_2, di_1, dj_1, b_3, i_3, j_3, c_3 in T.grid(T.int64(3), T.int64(3), T.int64(1), T.int64(1), T.int64(7), T.int64(1), T.int64(1), T.int64(1), T.int64(1), T.int64(1), T.int64(1), T.int64(1)):
                    with T.block("DepthwiseConv2d"):
                        v_b = T.axis.spatial(T.int64(1), b_0 + b_1 + b_2 + b_3)
                        v_i = T.axis.spatial(T.int64(7), i_0 + i_1 + i_2 + i_3)
                        v_j = T.axis.spatial(T.int64(7), j_0 * T.int64(7) + j_1 * T.int64(7) + j_2 + j_3)
                        v_c = T.axis.spatial(T.int64(960), c_0 * T.int64(320) + c_1 + c_2 + c_3)
                        v_di = T.axis.reduce(T.int64(3), di_0 + di_1)
                        v_dj = T.axis.reduce(T.int64(3), dj_0 + dj_1)
                        T.reads(p0[v_b, v_i + v_di - T.int64(1), v_j + v_dj - T.int64(1), v_c], p1[v_di, v_dj, v_c, T.int64(0)])
                        T.writes(DepthwiseConv2d[v_b, v_i, v_j, v_c])
                        T.block_attr({"meta_schedule.tiling_structure": "SSRSRS"})
                        with T.init():
                            DepthwiseConv2d[v_b, v_i, v_j, v_c] = T.float32(0)
                        DepthwiseConv2d[v_b, v_i, v_j, v_c] = DepthwiseConv2d[v_b, v_i, v_j, v_c] + T.if_then_else(T.int64(1) <= v_i + v_di and v_i + v_di < T.int64(8) and T.int64(1) <= v_j + v_dj and v_j + v_dj < T.int64(8), p0[v_b, v_i + v_di - T.int64(1), v_j + v_dj - T.int64(1), v_c], T.float32(0)) * p1[v_di, v_dj, v_c, T.int64(0)]
                for ax0, ax1, ax2, ax3 in T.grid(T.int64(1), T.int64(1), T.int64(7), T.int64(1)):
                    with T.block("compute"):
                        v_i0 = T.axis.spatial(T.int64(1), ax0)
                        v_i1 = T.axis.spatial(T.int64(7), i_0 + ax1)
                        v_i2 = T.axis.spatial(T.int64(7), ax2)
                        v_i3 = T.axis.spatial(T.int64(960), c_0 * T.int64(320) + c_1 + ax3)
                        T.reads(DepthwiseConv2d[v_i0, v_i1, v_i2, v_i3], p2[v_i0, T.int64(0), T.int64(0), v_i3])
                        T.writes(compute[v_i0, v_i1, v_i2, v_i3])
                        compute[v_i0, v_i1, v_i2, v_i3] = T.max(T.min(DepthwiseConv2d[v_i0, v_i1, v_i2, v_i3] + p2[v_i0, T.int64(0), T.int64(0), v_i3], T.float32(6)), T.float32(0))
b0 = sch.get_block(name="PaddedInput", func_name="main")
b1 = sch.get_block(name="DepthwiseConv2d", func_name="main")
b2 = sch.get_block(name="T_add", func_name="main")
b3 = sch.get_block(name="root", func_name="main")
sch.compute_inline(block=b2)
sch.annotate(block_or_loop=b1, ann_key="meta_schedule.tiling_structure", ann_val="SSRSRS")
l4, l5, l6, l7, l8, l9 = sch.get_loops(block=b1)
v10, v11, v12, v13 = sch.sample_perfect_tile(loop=l4, n=4, max_innermost_factor=64, decision=[1, 1, 1, 1])
l14, l15, l16, l17 = sch.split(loop=l4, factors=[v10, v11, v12, v13], preserve_unit_iters=True, disable_predication=False)
v18, v19, v20, v21 = sch.sample_perfect_tile(loop=l5, n=4, max_innermost_factor=64, decision=[7, 1, 1, 1])
l22, l23, l24, l25 = sch.split(loop=l5, factors=[v18, v19, v20, v21], preserve_unit_iters=True, disable_predication=False)
v26, v27, v28, v29 = sch.sample_perfect_tile(loop=l6, n=4, max_innermost_factor=64, decision=[1, 1, 7, 1])
l30, l31, l32, l33 = sch.split(loop=l6, factors=[v26, v27, v28, v29], preserve_unit_iters=True, disable_predication=False)
v34, v35, v36, v37 = sch.sample_perfect_tile(loop=l7, n=4, max_innermost_factor=64, decision=[3, 320, 1, 1])
l38, l39, l40, l41 = sch.split(loop=l7, factors=[v34, v35, v36, v37], preserve_unit_iters=True, disable_predication=False)
v42, v43 = sch.sample_perfect_tile(loop=l8, n=2, max_innermost_factor=64, decision=[3, 1])
l44, l45 = sch.split(loop=l8, factors=[v42, v43], preserve_unit_iters=True, disable_predication=False)
v46, v47 = sch.sample_perfect_tile(loop=l9, n=2, max_innermost_factor=64, decision=[3, 1])
l48, l49 = sch.split(loop=l9, factors=[v46, v47], preserve_unit_iters=True, disable_predication=False)
sch.reorder(l14, l22, l30, l38, l15, l23, l31, l39, l44, l48, l16, l24, l32, l40, l45, l49, l17, l25, l33, l41)
b50, = sch.get_consumers(block=b1)
sch.reverse_compute_at(block=b50, loop=l39, preserve_unit_loops=True, index=-1)
sch.annotate(block_or_loop=b3, ann_key="meta_schedule.parallel", ann_val=96)
sch.annotate(block_or_loop=b3, ann_key="meta_schedule.vectorize", ann_val=64)
v51 = sch.sample_categorical(candidates=[0, 16, 64, 512], probs=[0.25, 0.25, 0.25, 0.25], decision=2)
sch.annotate(block_or_loop=b3, ann_key="meta_schedule.unroll_explicit", ann_val=v51)
l52 = sch.sample_compute_location(block=b0, decision=-2)
sch.compute_at(block=b0, loop=l52, preserve_unit_loops=True, index=-1)
2024-05-21 12:50:22 [INFO] [task_scheduler.cc:170] Design space #2:
# from tvm.script import ir as I
# from tvm.script import tir as T

@I.ir_module
class Module:
    @T.prim_func
    def main(p0: T.Buffer((T.int64(1), T.int64(7), T.int64(7), T.int64(960)), "float32"), p1: T.Buffer((T.int64(3), T.int64(3), T.int64(960), T.int64(1)), "float32"), p2: T.Buffer((T.int64(1), T.int64(1), T.int64(1), T.int64(960)), "float32"), compute: T.Buffer((T.int64(1), T.int64(7), T.int64(7), T.int64(960)), "float32")):
        T.func_attr({"tir.noalias": T.bool(True)})
        with T.block("root"):
            T.reads()
            T.writes()
            T.block_attr({"meta_schedule.parallel": 96, "meta_schedule.unroll_explicit": 16, "meta_schedule.vectorize": 64})
            PaddedInput = T.alloc_buffer((T.int64(1), T.int64(9), T.int64(9), T.int64(960)))
            DepthwiseConv2d = T.alloc_buffer((T.int64(1), T.int64(7), T.int64(7), T.int64(960)))
            for i0, i1, i2, i3 in T.grid(T.int64(1), T.int64(9), T.int64(9), T.int64(960)):
                with T.block("PaddedInput"):
                    v_i0, v_i1, v_i2, v_i3 = T.axis.remap("SSSS", [i0, i1, i2, i3])
                    T.reads(p0[v_i0, v_i1 - T.int64(1), v_i2 - T.int64(1), v_i3])
                    T.writes(PaddedInput[v_i0, v_i1, v_i2, v_i3])
                    PaddedInput[v_i0, v_i1, v_i2, v_i3] = T.if_then_else(T.int64(1) <= v_i1 and v_i1 < T.int64(8) and T.int64(1) <= v_i2 and v_i2 < T.int64(8), p0[v_i0, v_i1 - T.int64(1), v_i2 - T.int64(1), v_i3], T.float32(0))
            for b_0, i_0, j_0, c_0 in T.grid(T.int64(1), T.int64(7), T.int64(1), T.int64(3)):
                for b_1, i_1, j_1, c_1, di_0, dj_0, b_2, i_2, j_2, c_2, di_1, dj_1, b_3, i_3, j_3, c_3 in T.grid(T.int64(1), T.int64(1), T.int64(1), T.int64(320), T.int64(3), T.int64(3), T.int64(1), T.int64(1), T.int64(7), T.int64(1), T.int64(1), T.int64(1), T.int64(1), T.int64(1), T.int64(1), T.int64(1)):
                    with T.block("DepthwiseConv2d"):
                        v_b = T.axis.spatial(T.int64(1), b_0 + b_1 + b_2 + b_3)
                        v_i = T.axis.spatial(T.int64(7), i_0 + i_1 + i_2 + i_3)
                        v_j = T.axis.spatial(T.int64(7), j_0 * T.int64(7) + j_1 * T.int64(7) + j_2 + j_3)
                        v_c = T.axis.spatial(T.int64(960), c_0 * T.int64(320) + c_1 + c_2 + c_3)
                        v_di = T.axis.reduce(T.int64(3), di_0 + di_1)
                        v_dj = T.axis.reduce(T.int64(3), dj_0 + dj_1)
                        T.reads(PaddedInput[v_b, v_i + v_di, v_j + v_dj, v_c], p1[v_di, v_dj, v_c, T.int64(0)])
                        T.writes(DepthwiseConv2d[v_b, v_i, v_j, v_c])
                        T.block_attr({"meta_schedule.tiling_structure": "SSRSRS"})
                        with T.init():
                            DepthwiseConv2d[v_b, v_i, v_j, v_c] = T.float32(0)
                        DepthwiseConv2d[v_b, v_i, v_j, v_c] = DepthwiseConv2d[v_b, v_i, v_j, v_c] + PaddedInput[v_b, v_i + v_di, v_j + v_dj, v_c] * p1[v_di, v_dj, v_c, T.int64(0)]
                for ax0, ax1, ax2, ax3 in T.grid(T.int64(1), T.int64(1), T.int64(7), T.int64(320)):
                    with T.block("compute"):
                        v_i0 = T.axis.spatial(T.int64(1), ax0)
                        v_i1 = T.axis.spatial(T.int64(7), i_0 + ax1)
                        v_i2 = T.axis.spatial(T.int64(7), ax2)
                        v_i3 = T.axis.spatial(T.int64(960), c_0 * T.int64(320) + ax3)
                        T.reads(DepthwiseConv2d[v_i0, v_i1, v_i2, v_i3], p2[v_i0, T.int64(0), T.int64(0), v_i3])
                        T.writes(compute[v_i0, v_i1, v_i2, v_i3])
                        compute[v_i0, v_i1, v_i2, v_i3] = T.max(T.min(DepthwiseConv2d[v_i0, v_i1, v_i2, v_i3] + p2[v_i0, T.int64(0), T.int64(0), v_i3], T.float32(6)), T.float32(0))
b0 = sch.get_block(name="PaddedInput", func_name="main")
b1 = sch.get_block(name="DepthwiseConv2d", func_name="main")
b2 = sch.get_block(name="T_add", func_name="main")
b3 = sch.get_block(name="root", func_name="main")
sch.compute_inline(block=b2)
sch.annotate(block_or_loop=b1, ann_key="meta_schedule.tiling_structure", ann_val="SSRSRS")
l4, l5, l6, l7, l8, l9 = sch.get_loops(block=b1)
v10, v11, v12, v13 = sch.sample_perfect_tile(loop=l4, n=4, max_innermost_factor=64, decision=[1, 1, 1, 1])
l14, l15, l16, l17 = sch.split(loop=l4, factors=[v10, v11, v12, v13], preserve_unit_iters=True, disable_predication=False)
v18, v19, v20, v21 = sch.sample_perfect_tile(loop=l5, n=4, max_innermost_factor=64, decision=[7, 1, 1, 1])
l22, l23, l24, l25 = sch.split(loop=l5, factors=[v18, v19, v20, v21], preserve_unit_iters=True, disable_predication=False)
v26, v27, v28, v29 = sch.sample_perfect_tile(loop=l6, n=4, max_innermost_factor=64, decision=[1, 1, 7, 1])
l30, l31, l32, l33 = sch.split(loop=l6, factors=[v26, v27, v28, v29], preserve_unit_iters=True, disable_predication=False)
v34, v35, v36, v37 = sch.sample_perfect_tile(loop=l7, n=4, max_innermost_factor=64, decision=[3, 320, 1, 1])
l38, l39, l40, l41 = sch.split(loop=l7, factors=[v34, v35, v36, v37], preserve_unit_iters=True, disable_predication=False)
v42, v43 = sch.sample_perfect_tile(loop=l8, n=2, max_innermost_factor=64, decision=[3, 1])
l44, l45 = sch.split(loop=l8, factors=[v42, v43], preserve_unit_iters=True, disable_predication=False)
v46, v47 = sch.sample_perfect_tile(loop=l9, n=2, max_innermost_factor=64, decision=[3, 1])
l48, l49 = sch.split(loop=l9, factors=[v46, v47], preserve_unit_iters=True, disable_predication=False)
sch.reorder(l14, l22, l30, l38, l15, l23, l31, l39, l44, l48, l16, l24, l32, l40, l45, l49, l17, l25, l33, l41)
b50, = sch.get_consumers(block=b1)
sch.reverse_compute_at(block=b50, loop=l38, preserve_unit_loops=True, index=-1)
sch.annotate(block_or_loop=b3, ann_key="meta_schedule.parallel", ann_val=96)
sch.annotate(block_or_loop=b3, ann_key="meta_schedule.vectorize", ann_val=64)
v51 = sch.sample_categorical(candidates=[0, 16, 64, 512], probs=[0.25, 0.25, 0.25, 0.25], decision=1)
sch.annotate(block_or_loop=b3, ann_key="meta_schedule.unroll_explicit", ann_val=v51)
l52 = sch.sample_compute_location(block=b0, decision=-1)
sch.compute_at(block=b0, loop=l52, preserve_unit_loops=True, index=-1)
2024-05-21 13:39:17 [INFO] [evolutionary_search.cc:713] Generating candidates......
2024-05-21 13:39:17 [INFO] [evolutionary_search.cc:715] Picked top 0 candidate(s) from database
2024-05-21 13:39:19 [INFO] [evolutionary_search.cc:533] Sample-Init-Population summary:
Postproc #0 [meta_schedule.DisallowDynamicLoop(0xed1c8b8)]: 0 failure(s)
Postproc #1 [meta_schedule.RewriteParallelVectorizeUnroll(0xe3fa148)]: 0 failure(s)
Postproc #2 [meta_schedule.RewriteReductionBlock(0x80d19a8)]: 0 failure(s)
Postproc #3 [meta_schedule.RewriteLayout(0xf536388)]: 0 failure(s)
2024-05-21 13:39:19 [INFO] [evolutionary_search.cc:723] Sampled 512 candidate(s)
2024-05-21 13:39:20 [INFO] [evolutionary_search.cc:621] Evolve iter #0 done. Summary:
Postproc #0 [meta_schedule.DisallowDynamicLoop(0xed1c8b8)]: 0 failure(s)
Postproc #1 [meta_schedule.RewriteParallelVectorizeUnroll(0xe3fa148)]: 0 failure(s)
Postproc #2 [meta_schedule.RewriteReductionBlock(0x80d19a8)]: 0 failure(s)
Postproc #3 [meta_schedule.RewriteLayout(0xf536388)]: 0 failure(s)
2024-05-21 13:39:22 [INFO] [evolutionary_search.cc:621] Evolve iter #1 done. Summary:
Postproc #0 [meta_schedule.DisallowDynamicLoop(0xed1c8b8)]: 0 failure(s)
Postproc #1 [meta_schedule.RewriteParallelVectorizeUnroll(0xe3fa148)]: 0 failure(s)
Postproc #2 [meta_schedule.RewriteReductionBlock(0x80d19a8)]: 0 failure(s)
Postproc #3 [meta_schedule.RewriteLayout(0xf536388)]: 0 failure(s)
2024-05-21 13:39:23 [INFO] [evolutionary_search.cc:621] Evolve iter #2 done. Summary:
Postproc #0 [meta_schedule.DisallowDynamicLoop(0xed1c8b8)]: 0 failure(s)
Postproc #1 [meta_schedule.RewriteParallelVectorizeUnroll(0xe3fa148)]: 0 failure(s)
Postproc #2 [meta_schedule.RewriteReductionBlock(0x80d19a8)]: 0 failure(s)
Postproc #3 [meta_schedule.RewriteLayout(0xf536388)]: 0 failure(s)
2024-05-21 13:39:25 [INFO] [evolutionary_search.cc:621] Evolve iter #3 done. Summary:
Postproc #0 [meta_schedule.DisallowDynamicLoop(0xed1c8b8)]: 0 failure(s)
Postproc #1 [meta_schedule.RewriteParallelVectorizeUnroll(0xe3fa148)]: 0 failure(s)
Postproc #2 [meta_schedule.RewriteReductionBlock(0x80d19a8)]: 0 failure(s)
Postproc #3 [meta_schedule.RewriteLayout(0xf536388)]: 0 failure(s)
2024-05-21 13:39:25 [INFO] [evolutionary_search.cc:649] Scores of the best 64 candidates:
[1 : 16]:	0.9996  0.9993  0.9989  0.9978  0.9975  0.9975  0.9974  0.9973  0.9971  0.9971  0.9970  0.9967  0.9958  0.9953  0.9943  0.9940
[17 : 32]:	0.9932  0.9922  0.9916  0.9914  0.9913  0.9911  0.9906  0.9902  0.9895  0.9886  0.9884  0.9881  0.9872  0.9868  0.9866  0.9864
[33 : 48]:	0.9862  0.9849  0.9848  0.9847  0.9834  0.9813  0.9812  0.9807  0.9801  0.9798  0.9797  0.9795  0.9777  0.9770  0.9765  0.9758
[49 : 64]:	0.9753  0.9753  0.9749  0.9746  0.9744  0.9740  0.9734  0.9734  0.9729  0.9723  0.9715  0.9714  0.9714  0.9710  0.9699  0.9688
2024-05-21 13:39:25 [INFO] [evolutionary_search.cc:727] Got 64 candidate(s) with evolutionary search
2024-05-21 13:39:25 [INFO] [evolutionary_search.cc:730] Sending 64 candidates(s) for measurement
2024-05-21 13:49:38 [INFO] [task_scheduler.cc:131] [Task #31: fused_nn_conv2d_add_clip_16] Trial #1: GFLOPs: 33.0676. Time: 29.8733 us. Best GFLOPs: 33.0676
2024-05-21 13:49:38 [INFO] [task_scheduler.cc:131] [Task #31: fused_nn_conv2d_add_clip_16] Trial #2: GFLOPs: 14.9638. Time: 66.0153 us. Best GFLOPs: 33.0676
2024-05-21 13:49:38 [INFO] [task_scheduler.cc:131] [Task #31: fused_nn_conv2d_add_clip_16] Trial #3: GFLOPs: 22.6463. Time: 43.6204 us. Best GFLOPs: 33.0676
2024-05-21 13:49:38 [INFO] [task_scheduler.cc:131] [Task #31: fused_nn_conv2d_add_clip_16] Trial #4: GFLOPs: 34.2928. Time: 28.8060 us. Best GFLOPs: 34.2928
2024-05-21 13:49:38 [INFO] [task_scheduler.cc:131] [Task #31: fused_nn_conv2d_add_clip_16] Trial #5: GFLOPs: 15.0874. Time: 65.4746 us. Best GFLOPs: 34.2928
2024-05-21 13:49:38 [INFO] [task_scheduler.cc:131] [Task #31: fused_nn_conv2d_add_clip_16] Trial #6: GFLOPs: 11.9925. Time: 82.3717 us. Best GFLOPs: 34.2928
2024-05-21 13:49:38 [INFO] [task_scheduler.cc:131] [Task #31: fused_nn_conv2d_add_clip_16] Trial #7: GFLOPs: 12.7221. Time: 77.6476 us. Best GFLOPs: 34.2928
2024-05-21 13:49:38 [INFO] [task_scheduler.cc:131] [Task #31: fused_nn_conv2d_add_clip_16] Trial #8: GFLOPs: 21.0079. Time: 47.0222 us. Best GFLOPs: 34.2928
2024-05-21 13:49:38 [INFO] [task_scheduler.cc:131] [Task #31: fused_nn_conv2d_add_clip_16] Trial #9: GFLOPs: 18.6947. Time: 52.8407 us. Best GFLOPs: 34.2928
2024-05-21 13:49:38 [INFO] [task_scheduler.cc:131] [Task #31: fused_nn_conv2d_add_clip_16] Trial #10: GFLOPs: 16.6821. Time: 59.2156 us. Best GFLOPs: 34.2928
2024-05-21 13:49:38 [INFO] [task_scheduler.cc:131] [Task #31: fused_nn_conv2d_add_clip_16] Trial #11: GFLOPs: 22.2869. Time: 44.3238 us. Best GFLOPs: 34.2928
2024-05-21 13:49:38 [INFO] [task_scheduler.cc:131] [Task #31: fused_nn_conv2d_add_clip_16] Trial #12: GFLOPs: 14.0671. Time: 70.2232 us. Best GFLOPs: 34.2928
2024-05-21 13:49:38 [INFO] [task_scheduler.cc:131] [Task #31: fused_nn_conv2d_add_clip_16] Trial #13: GFLOPs: 49.8515. Time: 19.8157 us. Best GFLOPs: 49.8515
2024-05-21 13:49:38 [INFO] [task_scheduler.cc:131] [Task #31: fused_nn_conv2d_add_clip_16] Trial #14: GFLOPs: 17.9980. Time: 54.8861 us. Best GFLOPs: 49.8515
2024-05-21 13:49:38 [INFO] [task_scheduler.cc:131] [Task #31: fused_nn_conv2d_add_clip_16] Trial #15: GFLOPs: 19.2544. Time: 51.3047 us. Best GFLOPs: 49.8515
2024-05-21 13:49:38 [INFO] [task_scheduler.cc:131] [Task #31: fused_nn_conv2d_add_clip_16] Trial #16: GFLOPs: 27.7779. Time: 35.5620 us. Best GFLOPs: 49.8515
2024-05-21 13:49:38 [INFO] [task_scheduler.cc:131] [Task #31: fused_nn_conv2d_add_clip_16] Trial #17: GFLOPs: 24.9101. Time: 39.6561 us. Best GFLOPs: 49.8515
2024-05-21 13:49:38 [INFO] [task_scheduler.cc:131] [Task #31: fused_nn_conv2d_add_clip_16] Trial #18: GFLOPs: 31.7239. Time: 31.1387 us. Best GFLOPs: 49.8515
2024-05-21 13:49:38 [INFO] [task_scheduler.cc:131] [Task #31: fused_nn_conv2d_add_clip_16] Trial #19: GFLOPs: 10.5690. Time: 93.4660 us. Best GFLOPs: 49.8515
2024-05-21 13:49:38 [INFO] [task_scheduler.cc:131] [Task #31: fused_nn_conv2d_add_clip_16] Trial #20: GFLOPs: 19.6058. Time: 50.3850 us. Best GFLOPs: 49.8515
2024-05-21 13:49:38 [INFO] [task_scheduler.cc:131] [Task #31: fused_nn_conv2d_add_clip_16] Trial #21: GFLOPs: 17.9314. Time: 55.0898 us. Best GFLOPs: 49.8515
2024-05-21 13:49:38 [INFO] [task_scheduler.cc:131] [Task #31: fused_nn_conv2d_add_clip_16] Trial #22: GFLOPs: 16.0986. Time: 61.3619 us. Best GFLOPs: 49.8515
2024-05-21 13:49:38 [INFO] [task_scheduler.cc:131] [Task #31: fused_nn_conv2d_add_clip_16] Trial #23: GFLOPs: 13.0442. Time: 75.7301 us. Best GFLOPs: 49.8515
2024-05-21 13:49:38 [INFO] [task_scheduler.cc:131] [Task #31: fused_nn_conv2d_add_clip_16] Trial #24: GFLOPs: 7.9642. Time: 124.0355 us. Best GFLOPs: 49.8515
2024-05-21 13:49:38 [INFO] [task_scheduler.cc:131] [Task #31: fused_nn_conv2d_add_clip_16] Trial #25: GFLOPs: 12.6274. Time: 78.2299 us. Best GFLOPs: 49.8515
2024-05-21 13:49:38 [INFO] [task_scheduler.cc:131] [Task #31: fused_nn_conv2d_add_clip_16] Trial #26: GFLOPs: 14.6204. Time: 67.5659 us. Best GFLOPs: 49.8515
2024-05-21 13:49:38 [INFO] [task_scheduler.cc:131] [Task #31: fused_nn_conv2d_add_clip_16] Trial #27: GFLOPs: 28.9310. Time: 34.1446 us. Best GFLOPs: 49.8515
2024-05-21 13:49:38 [INFO] [task_scheduler.cc:131] [Task #31: fused_nn_conv2d_add_clip_16] Trial #28: GFLOPs: 22.0353. Time: 44.8300 us. Best GFLOPs: 49.8515
2024-05-21 13:49:38 [INFO] [task_scheduler.cc:131] [Task #31: fused_nn_conv2d_add_clip_16] Trial #29: GFLOPs: 37.3595. Time: 26.4415 us. Best GFLOPs: 49.8515
2024-05-21 13:49:38 [INFO] [task_scheduler.cc:131] [Task #31: fused_nn_conv2d_add_clip_16] Trial #30: GFLOPs: 49.7890. Time: 19.8405 us. Best GFLOPs: 49.8515
2024-05-21 13:49:38 [INFO] [task_scheduler.cc:131] [Task #31: fused_nn_conv2d_add_clip_16] Trial #31: GFLOPs: 30.5471. Time: 32.3382 us. Best GFLOPs: 49.8515
2024-05-21 13:49:38 [INFO] [task_scheduler.cc:131] [Task #31: fused_nn_conv2d_add_clip_16] Trial #32: GFLOPs: 6.1115. Time: 161.6374 us. Best GFLOPs: 49.8515
2024-05-21 13:49:38 [INFO] [task_scheduler.cc:131] [Task #31: fused_nn_conv2d_add_clip_16] Trial #33: GFLOPs: 72.2857. Time: 13.6658 us. Best GFLOPs: 72.2857
2024-05-21 13:49:38 [INFO] [task_scheduler.cc:131] [Task #31: fused_nn_conv2d_add_clip_16] Trial #34: GFLOPs: 10.4054. Time: 94.9351 us. Best GFLOPs: 72.2857
2024-05-21 13:49:38 [INFO] [task_scheduler.cc:131] [Task #31: fused_nn_conv2d_add_clip_16] Trial #35: GFLOPs: 9.2123. Time: 107.2309 us. Best GFLOPs: 72.2857
2024-05-21 13:49:38 [INFO] [task_scheduler.cc:131] [Task #31: fused_nn_conv2d_add_clip_16] Trial #36: GFLOPs: 46.3333. Time: 21.3203 us. Best GFLOPs: 72.2857
2024-05-21 13:49:38 [INFO] [task_scheduler.cc:131] [Task #31: fused_nn_conv2d_add_clip_16] Trial #37: GFLOPs: 11.0187. Time: 89.6511 us. Best GFLOPs: 72.2857
2024-05-21 13:49:38 [INFO] [task_scheduler.cc:131] [Task #31: fused_nn_conv2d_add_clip_16] Trial #38: GFLOPs: 24.1579. Time: 40.8910 us. Best GFLOPs: 72.2857
2024-05-21 13:49:38 [INFO] [task_scheduler.cc:131] [Task #31: fused_nn_conv2d_add_clip_16] Trial #39: GFLOPs: 38.5794. Time: 25.6054 us. Best GFLOPs: 72.2857
2024-05-21 13:49:38 [INFO] [task_scheduler.cc:131] [Task #31: fused_nn_conv2d_add_clip_16] Trial #40: GFLOPs: 14.7030. Time: 67.1862 us. Best GFLOPs: 72.2857
2024-05-21 13:49:38 [INFO] [task_scheduler.cc:131] [Task #31: fused_nn_conv2d_add_clip_16] Trial #41: GFLOPs: 17.2882. Time: 57.1397 us. Best GFLOPs: 72.2857
2024-05-21 13:49:38 [INFO] [task_scheduler.cc:131] [Task #31: fused_nn_conv2d_add_clip_16] Trial #42: GFLOPs: 21.3499. Time: 46.2692 us. Best GFLOPs: 72.2857
2024-05-21 13:49:38 [INFO] [task_scheduler.cc:131] [Task #31: fused_nn_conv2d_add_clip_16] Trial #43: GFLOPs: 16.0890. Time: 61.3985 us. Best GFLOPs: 72.2857
2024-05-21 13:49:38 [INFO] [task_scheduler.cc:131] [Task #31: fused_nn_conv2d_add_clip_16] Trial #44: GFLOPs: 15.7460. Time: 62.7361 us. Best GFLOPs: 72.2857
2024-05-21 13:49:38 [INFO] [task_scheduler.cc:131] [Task #31: fused_nn_conv2d_add_clip_16] Trial #45: GFLOPs: 6.0654. Time: 162.8638 us. Best GFLOPs: 72.2857
2024-05-21 13:49:38 [INFO] [task_scheduler.cc:131] [Task #31: fused_nn_conv2d_add_clip_16] Trial #46: GFLOPs: 19.5658. Time: 50.4880 us. Best GFLOPs: 72.2857
2024-05-21 13:49:38 [INFO] [task_scheduler.cc:131] [Task #31: fused_nn_conv2d_add_clip_16] Trial #47: GFLOPs: 33.0638. Time: 29.8768 us. Best GFLOPs: 72.2857
2024-05-21 13:49:38 [INFO] [task_scheduler.cc:131] [Task #31: fused_nn_conv2d_add_clip_16] Trial #48: GFLOPs: 6.9831. Time: 141.4617 us. Best GFLOPs: 72.2857
2024-05-21 13:49:38 [INFO] [task_scheduler.cc:131] [Task #31: fused_nn_conv2d_add_clip_16] Trial #49: GFLOPs: 21.7617. Time: 45.3935 us. Best GFLOPs: 72.2857
2024-05-21 13:49:38 [INFO] [task_scheduler.cc:131] [Task #31: fused_nn_conv2d_add_clip_16] Trial #50: GFLOPs: 37.4578. Time: 26.3720 us. Best GFLOPs: 72.2857
2024-05-21 13:49:38 [INFO] [task_scheduler.cc:131] [Task #31: fused_nn_conv2d_add_clip_16] Trial #51: GFLOPs: 18.2533. Time: 54.1183 us. Best GFLOPs: 72.2857
2024-05-21 13:49:38 [INFO] [task_scheduler.cc:131] [Task #31: fused_nn_conv2d_add_clip_16] Trial #52: GFLOPs: 44.7877. Time: 22.0560 us. Best GFLOPs: 72.2857
2024-05-21 13:49:38 [INFO] [task_scheduler.cc:131] [Task #31: fused_nn_conv2d_add_clip_16] Trial #53: GFLOPs: 6.4958. Time: 152.0744 us. Best GFLOPs: 72.2857
2024-05-21 13:49:38 [INFO] [task_scheduler.cc:131] [Task #31: fused_nn_conv2d_add_clip_16] Trial #54: GFLOPs: 8.8992. Time: 111.0031 us. Best GFLOPs: 72.2857
2024-05-21 13:49:38 [INFO] [task_scheduler.cc:131] [Task #31: fused_nn_conv2d_add_clip_16] Trial #55: GFLOPs: 14.3655. Time: 68.7646 us. Best GFLOPs: 72.2857
2024-05-21 13:49:38 [INFO] [task_scheduler.cc:131] [Task #31: fused_nn_conv2d_add_clip_16] Trial #56: GFLOPs: 12.3272. Time: 80.1347 us. Best GFLOPs: 72.2857
2024-05-21 13:49:38 [INFO] [task_scheduler.cc:131] [Task #31: fused_nn_conv2d_add_clip_16] Trial #57: GFLOPs: 11.5427. Time: 85.5812 us. Best GFLOPs: 72.2857
2024-05-21 13:49:38 [INFO] [task_scheduler.cc:131] [Task #31: fused_nn_conv2d_add_clip_16] Trial #58: GFLOPs: 30.3669. Time: 32.5302 us. Best GFLOPs: 72.2857
2024-05-21 13:49:38 [INFO] [task_scheduler.cc:131] [Task #31: fused_nn_conv2d_add_clip_16] Trial #59: GFLOPs: 11.2212. Time: 88.0333 us. Best GFLOPs: 72.2857
2024-05-21 13:49:38 [INFO] [task_scheduler.cc:131] [Task #31: fused_nn_conv2d_add_clip_16] Trial #60: GFLOPs: 16.5116. Time: 59.8270 us. Best GFLOPs: 72.2857
2024-05-21 13:49:38 [INFO] [task_scheduler.cc:131] [Task #31: fused_nn_conv2d_add_clip_16] Trial #61: GFLOPs: 63.5306. Time: 15.5490 us. Best GFLOPs: 72.2857
2024-05-21 13:49:38 [INFO] [task_scheduler.cc:131] [Task #31: fused_nn_conv2d_add_clip_16] Trial #62: GFLOPs: 10.0364. Time: 98.4258 us. Best GFLOPs: 72.2857
2024-05-21 13:49:38 [INFO] [task_scheduler.cc:131] [Task #31: fused_nn_conv2d_add_clip_16] Trial #63: GFLOPs: 48.8081. Time: 20.2393 us. Best GFLOPs: 72.2857
2024-05-21 13:49:38 [INFO] [task_scheduler.cc:131] [Task #31: fused_nn_conv2d_add_clip_16] Trial #64: GFLOPs: 19.5420. Time: 50.5497 us. Best GFLOPs: 72.2857
