2024-05-21 12:50:21 [INFO] [task_scheduler.cc:160] Initializing Task #9: "fused_nn_conv2d_add_clip_5"
2024-05-21 12:50:21 [INFO] [task_scheduler.cc:35] 
# from tvm.script import ir as I
# from tvm.script import tir as T

@I.ir_module
class Module:
    @T.prim_func
    def main(p0: T.Buffer((T.int64(1), T.int64(56), T.int64(56), T.int64(24)), "float32"), p1: T.Buffer((T.int64(1), T.int64(1), T.int64(24), T.int64(144)), "float32"), p2: T.Buffer((T.int64(1), T.int64(1), T.int64(1), T.int64(144)), "float32"), compute: T.Buffer((T.int64(1), T.int64(56), T.int64(56), T.int64(144)), "float32")):
        T.func_attr({"layout_free_buffers": [1], "tir.noalias": T.bool(True)})
        # with T.block("root"):
        pad_temp = T.alloc_buffer((T.int64(1), T.int64(56), T.int64(56), T.int64(24)))
        conv2d_nhwc = T.alloc_buffer((T.int64(1), T.int64(56), T.int64(56), T.int64(144)))
        T_add = T.alloc_buffer((T.int64(1), T.int64(56), T.int64(56), T.int64(144)))
        for i0, i1, i2, i3 in T.grid(T.int64(1), T.int64(56), T.int64(56), T.int64(24)):
            with T.block("pad_temp"):
                v_i0, v_i1, v_i2, v_i3 = T.axis.remap("SSSS", [i0, i1, i2, i3])
                T.reads(p0[v_i0, v_i1, v_i2, v_i3])
                T.writes(pad_temp[v_i0, v_i1, v_i2, v_i3])
                pad_temp[v_i0, v_i1, v_i2, v_i3] = p0[v_i0, v_i1, v_i2, v_i3]
        for nn, yy, xx, ff, ry, rx, rc in T.grid(T.int64(1), T.int64(56), T.int64(56), T.int64(144), T.int64(1), T.int64(1), T.int64(24)):
            with T.block("conv2d_nhwc"):
                v_nn, v_yy, v_xx, v_ff, v_ry, v_rx, v_rc = T.axis.remap("SSSSRRR", [nn, yy, xx, ff, ry, rx, rc])
                T.reads(pad_temp[v_nn, v_yy + v_ry, v_xx + v_rx, v_rc], p1[v_ry, v_rx, v_rc, v_ff])
                T.writes(conv2d_nhwc[v_nn, v_yy, v_xx, v_ff])
                with T.init():
                    conv2d_nhwc[v_nn, v_yy, v_xx, v_ff] = T.float32(0)
                conv2d_nhwc[v_nn, v_yy, v_xx, v_ff] = conv2d_nhwc[v_nn, v_yy, v_xx, v_ff] + pad_temp[v_nn, v_yy + v_ry, v_xx + v_rx, v_rc] * p1[v_ry, v_rx, v_rc, v_ff]
        for ax0, ax1, ax2, ax3 in T.grid(T.int64(1), T.int64(56), T.int64(56), T.int64(144)):
            with T.block("T_add"):
                v_ax0, v_ax1, v_ax2, v_ax3 = T.axis.remap("SSSS", [ax0, ax1, ax2, ax3])
                T.reads(conv2d_nhwc[v_ax0, v_ax1, v_ax2, v_ax3], p2[v_ax0, T.int64(0), T.int64(0), v_ax3])
                T.writes(T_add[v_ax0, v_ax1, v_ax2, v_ax3])
                T_add[v_ax0, v_ax1, v_ax2, v_ax3] = conv2d_nhwc[v_ax0, v_ax1, v_ax2, v_ax3] + p2[v_ax0, T.int64(0), T.int64(0), v_ax3]
        for i0, i1, i2, i3 in T.grid(T.int64(1), T.int64(56), T.int64(56), T.int64(144)):
            with T.block("compute"):
                v_i0, v_i1, v_i2, v_i3 = T.axis.remap("SSSS", [i0, i1, i2, i3])
                T.reads(T_add[v_i0, v_i1, v_i2, v_i3])
                T.writes(compute[v_i0, v_i1, v_i2, v_i3])
                compute[v_i0, v_i1, v_i2, v_i3] = T.max(T.min(T_add[v_i0, v_i1, v_i2, v_i3], T.float32(6)), T.float32(0))
2024-05-21 12:50:21 [INFO] [task_scheduler.cc:164] Total 3 design space(s) generated
2024-05-21 12:50:21 [INFO] [task_scheduler.cc:170] Design space #0:
# from tvm.script import ir as I
# from tvm.script import tir as T

@I.ir_module
class Module:
    @T.prim_func
    def main(p0: T.Buffer((T.int64(1), T.int64(56), T.int64(56), T.int64(24)), "float32"), p1: T.Buffer((T.int64(1), T.int64(1), T.int64(24), T.int64(144)), "float32"), p2: T.Buffer((T.int64(1), T.int64(1), T.int64(1), T.int64(144)), "float32"), compute: T.Buffer((T.int64(1), T.int64(56), T.int64(56), T.int64(144)), "float32")):
        T.func_attr({"layout_free_buffers": [1], "tir.noalias": T.bool(True)})
        with T.block("root"):
            T.reads()
            T.writes()
            T.block_attr({"meta_schedule.parallel": 96, "meta_schedule.unroll_explicit": 16, "meta_schedule.vectorize": 64})
            conv2d_nhwc = T.alloc_buffer((T.int64(1), T.int64(56), T.int64(56), T.int64(144)))
            for nn_0, yy_0, xx_0, ff_0, nn_1, yy_1, xx_1, ff_1, ry_0, rx_0, rc_0, nn_2, yy_2, xx_2, ff_2, ry_1, rx_1, rc_1, nn_3, yy_3, xx_3, ff_3 in T.grid(T.int64(1), T.int64(2), T.int64(14), T.int64(1), T.int64(1), T.int64(28), T.int64(1), T.int64(6), T.int64(1), T.int64(1), T.int64(2), T.int64(1), T.int64(1), T.int64(2), T.int64(8), T.int64(1), T.int64(1), T.int64(12), T.int64(1), T.int64(1), T.int64(2), T.int64(3)):
                with T.block("conv2d_nhwc"):
                    v_nn = T.axis.spatial(T.int64(1), nn_0 + nn_1 + nn_2 + nn_3)
                    v_yy = T.axis.spatial(T.int64(56), yy_0 * T.int64(28) + yy_1 + yy_2 + yy_3)
                    v_xx = T.axis.spatial(T.int64(56), xx_0 * T.int64(4) + xx_1 * T.int64(4) + xx_2 * T.int64(2) + xx_3)
                    v_ff = T.axis.spatial(T.int64(144), ff_0 * T.int64(144) + ff_1 * T.int64(24) + ff_2 * T.int64(3) + ff_3)
                    v_ry = T.axis.reduce(T.int64(1), ry_0 + ry_1)
                    v_rx = T.axis.reduce(T.int64(1), rx_0 + rx_1)
                    v_rc = T.axis.reduce(T.int64(24), rc_0 * T.int64(12) + rc_1)
                    T.reads(p0[v_nn, v_yy + v_ry, v_xx + v_rx, v_rc], p1[v_ry, v_rx, v_rc, v_ff])
                    T.writes(conv2d_nhwc[v_nn, v_yy, v_xx, v_ff])
                    T.block_attr({"meta_schedule.tiling_structure": "SSRSRS"})
                    with T.init():
                        conv2d_nhwc[v_nn, v_yy, v_xx, v_ff] = T.float32(0)
                    conv2d_nhwc[v_nn, v_yy, v_xx, v_ff] = conv2d_nhwc[v_nn, v_yy, v_xx, v_ff] + p0[v_nn, v_yy + v_ry, v_xx + v_rx, v_rc] * p1[v_ry, v_rx, v_rc, v_ff]
            for i0, i1, i2, i3 in T.grid(T.int64(1), T.int64(56), T.int64(56), T.int64(144)):
                with T.block("compute"):
                    v_i0, v_i1, v_i2, v_i3 = T.axis.remap("SSSS", [i0, i1, i2, i3])
                    T.reads(conv2d_nhwc[v_i0, v_i1, v_i2, v_i3], p2[v_i0, T.int64(0), T.int64(0), v_i3])
                    T.writes(compute[v_i0, v_i1, v_i2, v_i3])
                    compute[v_i0, v_i1, v_i2, v_i3] = T.max(T.min(conv2d_nhwc[v_i0, v_i1, v_i2, v_i3] + p2[v_i0, T.int64(0), T.int64(0), v_i3], T.float32(6)), T.float32(0))
b0 = sch.get_block(name="pad_temp", func_name="main")
b1 = sch.get_block(name="conv2d_nhwc", func_name="main")
b2 = sch.get_block(name="T_add", func_name="main")
b3 = sch.get_block(name="root", func_name="main")
sch.compute_inline(block=b2)
sch.compute_inline(block=b0)
sch.annotate(block_or_loop=b1, ann_key="meta_schedule.tiling_structure", ann_val="SSRSRS")
l4, l5, l6, l7, l8, l9, l10 = sch.get_loops(block=b1)
v11, v12, v13, v14 = sch.sample_perfect_tile(loop=l4, n=4, max_innermost_factor=64, decision=[1, 1, 1, 1])
l15, l16, l17, l18 = sch.split(loop=l4, factors=[v11, v12, v13, v14], preserve_unit_iters=True, disable_predication=False)
v19, v20, v21, v22 = sch.sample_perfect_tile(loop=l5, n=4, max_innermost_factor=64, decision=[2, 28, 1, 1])
l23, l24, l25, l26 = sch.split(loop=l5, factors=[v19, v20, v21, v22], preserve_unit_iters=True, disable_predication=False)
v27, v28, v29, v30 = sch.sample_perfect_tile(loop=l6, n=4, max_innermost_factor=64, decision=[14, 1, 2, 2])
l31, l32, l33, l34 = sch.split(loop=l6, factors=[v27, v28, v29, v30], preserve_unit_iters=True, disable_predication=False)
v35, v36, v37, v38 = sch.sample_perfect_tile(loop=l7, n=4, max_innermost_factor=64, decision=[1, 6, 8, 3])
l39, l40, l41, l42 = sch.split(loop=l7, factors=[v35, v36, v37, v38], preserve_unit_iters=True, disable_predication=False)
v43, v44 = sch.sample_perfect_tile(loop=l8, n=2, max_innermost_factor=64, decision=[1, 1])
l45, l46 = sch.split(loop=l8, factors=[v43, v44], preserve_unit_iters=True, disable_predication=False)
v47, v48 = sch.sample_perfect_tile(loop=l9, n=2, max_innermost_factor=64, decision=[1, 1])
l49, l50 = sch.split(loop=l9, factors=[v47, v48], preserve_unit_iters=True, disable_predication=False)
v51, v52 = sch.sample_perfect_tile(loop=l10, n=2, max_innermost_factor=64, decision=[2, 12])
l53, l54 = sch.split(loop=l10, factors=[v51, v52], preserve_unit_iters=True, disable_predication=False)
sch.reorder(l15, l23, l31, l39, l16, l24, l32, l40, l45, l49, l53, l17, l25, l33, l41, l46, l50, l54, l18, l26, l34, l42)
sch.annotate(block_or_loop=b3, ann_key="meta_schedule.parallel", ann_val=96)
sch.annotate(block_or_loop=b3, ann_key="meta_schedule.vectorize", ann_val=64)
v55 = sch.sample_categorical(candidates=[0, 16, 64, 512], probs=[0.25, 0.25, 0.25, 0.25], decision=1)
sch.annotate(block_or_loop=b3, ann_key="meta_schedule.unroll_explicit", ann_val=v55)
2024-05-21 12:50:21 [INFO] [task_scheduler.cc:170] Design space #1:
# from tvm.script import ir as I
# from tvm.script import tir as T

@I.ir_module
class Module:
    @T.prim_func
    def main(p0: T.Buffer((T.int64(1), T.int64(56), T.int64(56), T.int64(24)), "float32"), p1: T.Buffer((T.int64(1), T.int64(1), T.int64(24), T.int64(144)), "float32"), p2: T.Buffer((T.int64(1), T.int64(1), T.int64(1), T.int64(144)), "float32"), compute: T.Buffer((T.int64(1), T.int64(56), T.int64(56), T.int64(144)), "float32")):
        T.func_attr({"layout_free_buffers": [1], "tir.noalias": T.bool(True)})
        with T.block("root"):
            T.reads()
            T.writes()
            T.block_attr({"meta_schedule.parallel": 96, "meta_schedule.unroll_explicit": 64, "meta_schedule.vectorize": 64})
            conv2d_nhwc = T.alloc_buffer((T.int64(1), T.int64(56), T.int64(56), T.int64(144)))
            for nn_0, yy_0, xx_0, ff_0, nn_1, yy_1, xx_1, ff_1 in T.grid(T.int64(1), T.int64(2), T.int64(14), T.int64(1), T.int64(1), T.int64(28), T.int64(1), T.int64(6)):
                for ry_0, rx_0, rc_0, nn_2, yy_2, xx_2, ff_2, ry_1, rx_1, rc_1, nn_3, yy_3, xx_3, ff_3 in T.grid(T.int64(1), T.int64(1), T.int64(2), T.int64(1), T.int64(1), T.int64(2), T.int64(8), T.int64(1), T.int64(1), T.int64(12), T.int64(1), T.int64(1), T.int64(2), T.int64(3)):
                    with T.block("conv2d_nhwc"):
                        v_nn = T.axis.spatial(T.int64(1), nn_0 + nn_1 + nn_2 + nn_3)
                        v_yy = T.axis.spatial(T.int64(56), yy_0 * T.int64(28) + yy_1 + yy_2 + yy_3)
                        v_xx = T.axis.spatial(T.int64(56), xx_0 * T.int64(4) + xx_1 * T.int64(4) + xx_2 * T.int64(2) + xx_3)
                        v_ff = T.axis.spatial(T.int64(144), ff_0 * T.int64(144) + ff_1 * T.int64(24) + ff_2 * T.int64(3) + ff_3)
                        v_ry = T.axis.reduce(T.int64(1), ry_0 + ry_1)
                        v_rx = T.axis.reduce(T.int64(1), rx_0 + rx_1)
                        v_rc = T.axis.reduce(T.int64(24), rc_0 * T.int64(12) + rc_1)
                        T.reads(p0[v_nn, v_yy + v_ry, v_xx + v_rx, v_rc], p1[v_ry, v_rx, v_rc, v_ff])
                        T.writes(conv2d_nhwc[v_nn, v_yy, v_xx, v_ff])
                        T.block_attr({"meta_schedule.tiling_structure": "SSRSRS"})
                        with T.init():
                            conv2d_nhwc[v_nn, v_yy, v_xx, v_ff] = T.float32(0)
                        conv2d_nhwc[v_nn, v_yy, v_xx, v_ff] = conv2d_nhwc[v_nn, v_yy, v_xx, v_ff] + p0[v_nn, v_yy + v_ry, v_xx + v_rx, v_rc] * p1[v_ry, v_rx, v_rc, v_ff]
                for ax0, ax1, ax2, ax3 in T.grid(T.int64(1), T.int64(1), T.int64(4), T.int64(24)):
                    with T.block("compute"):
                        v_i0 = T.axis.spatial(T.int64(1), ax0)
                        v_i1 = T.axis.spatial(T.int64(56), yy_0 * T.int64(28) + yy_1 + ax1)
                        v_i2 = T.axis.spatial(T.int64(56), xx_0 * T.int64(4) + ax2)
                        v_i3 = T.axis.spatial(T.int64(144), ff_1 * T.int64(24) + ax3)
                        T.reads(conv2d_nhwc[v_i0, v_i1, v_i2, v_i3], p2[v_i0, T.int64(0), T.int64(0), v_i3])
                        T.writes(compute[v_i0, v_i1, v_i2, v_i3])
                        compute[v_i0, v_i1, v_i2, v_i3] = T.max(T.min(conv2d_nhwc[v_i0, v_i1, v_i2, v_i3] + p2[v_i0, T.int64(0), T.int64(0), v_i3], T.float32(6)), T.float32(0))
b0 = sch.get_block(name="pad_temp", func_name="main")
b1 = sch.get_block(name="conv2d_nhwc", func_name="main")
b2 = sch.get_block(name="T_add", func_name="main")
b3 = sch.get_block(name="root", func_name="main")
sch.compute_inline(block=b2)
sch.compute_inline(block=b0)
sch.annotate(block_or_loop=b1, ann_key="meta_schedule.tiling_structure", ann_val="SSRSRS")
l4, l5, l6, l7, l8, l9, l10 = sch.get_loops(block=b1)
v11, v12, v13, v14 = sch.sample_perfect_tile(loop=l4, n=4, max_innermost_factor=64, decision=[1, 1, 1, 1])
l15, l16, l17, l18 = sch.split(loop=l4, factors=[v11, v12, v13, v14], preserve_unit_iters=True, disable_predication=False)
v19, v20, v21, v22 = sch.sample_perfect_tile(loop=l5, n=4, max_innermost_factor=64, decision=[2, 28, 1, 1])
l23, l24, l25, l26 = sch.split(loop=l5, factors=[v19, v20, v21, v22], preserve_unit_iters=True, disable_predication=False)
v27, v28, v29, v30 = sch.sample_perfect_tile(loop=l6, n=4, max_innermost_factor=64, decision=[14, 1, 2, 2])
l31, l32, l33, l34 = sch.split(loop=l6, factors=[v27, v28, v29, v30], preserve_unit_iters=True, disable_predication=False)
v35, v36, v37, v38 = sch.sample_perfect_tile(loop=l7, n=4, max_innermost_factor=64, decision=[1, 6, 8, 3])
l39, l40, l41, l42 = sch.split(loop=l7, factors=[v35, v36, v37, v38], preserve_unit_iters=True, disable_predication=False)
v43, v44 = sch.sample_perfect_tile(loop=l8, n=2, max_innermost_factor=64, decision=[1, 1])
l45, l46 = sch.split(loop=l8, factors=[v43, v44], preserve_unit_iters=True, disable_predication=False)
v47, v48 = sch.sample_perfect_tile(loop=l9, n=2, max_innermost_factor=64, decision=[1, 1])
l49, l50 = sch.split(loop=l9, factors=[v47, v48], preserve_unit_iters=True, disable_predication=False)
v51, v52 = sch.sample_perfect_tile(loop=l10, n=2, max_innermost_factor=64, decision=[2, 12])
l53, l54 = sch.split(loop=l10, factors=[v51, v52], preserve_unit_iters=True, disable_predication=False)
sch.reorder(l15, l23, l31, l39, l16, l24, l32, l40, l45, l49, l53, l17, l25, l33, l41, l46, l50, l54, l18, l26, l34, l42)
b55, = sch.get_consumers(block=b1)
sch.reverse_compute_at(block=b55, loop=l40, preserve_unit_loops=True, index=-1)
sch.annotate(block_or_loop=b3, ann_key="meta_schedule.parallel", ann_val=96)
sch.annotate(block_or_loop=b3, ann_key="meta_schedule.vectorize", ann_val=64)
v56 = sch.sample_categorical(candidates=[0, 16, 64, 512], probs=[0.25, 0.25, 0.25, 0.25], decision=2)
sch.annotate(block_or_loop=b3, ann_key="meta_schedule.unroll_explicit", ann_val=v56)
2024-05-21 12:50:21 [INFO] [task_scheduler.cc:170] Design space #2:
# from tvm.script import ir as I
# from tvm.script import tir as T

@I.ir_module
class Module:
    @T.prim_func
    def main(p0: T.Buffer((T.int64(1), T.int64(56), T.int64(56), T.int64(24)), "float32"), p1: T.Buffer((T.int64(1), T.int64(1), T.int64(24), T.int64(144)), "float32"), p2: T.Buffer((T.int64(1), T.int64(1), T.int64(1), T.int64(144)), "float32"), compute: T.Buffer((T.int64(1), T.int64(56), T.int64(56), T.int64(144)), "float32")):
        T.func_attr({"layout_free_buffers": [1], "tir.noalias": T.bool(True)})
        with T.block("root"):
            T.reads()
            T.writes()
            T.block_attr({"meta_schedule.parallel": 96, "meta_schedule.unroll_explicit": 64, "meta_schedule.vectorize": 64})
            conv2d_nhwc = T.alloc_buffer((T.int64(1), T.int64(56), T.int64(56), T.int64(144)))
            for nn_0, yy_0, xx_0, ff_0 in T.grid(T.int64(1), T.int64(2), T.int64(14), T.int64(1)):
                for nn_1, yy_1, xx_1, ff_1, ry_0, rx_0, rc_0, nn_2, yy_2, xx_2, ff_2, ry_1, rx_1, rc_1, nn_3, yy_3, xx_3, ff_3 in T.grid(T.int64(1), T.int64(28), T.int64(1), T.int64(6), T.int64(1), T.int64(1), T.int64(2), T.int64(1), T.int64(1), T.int64(2), T.int64(8), T.int64(1), T.int64(1), T.int64(12), T.int64(1), T.int64(1), T.int64(2), T.int64(3)):
                    with T.block("conv2d_nhwc"):
                        v_nn = T.axis.spatial(T.int64(1), nn_0 + nn_1 + nn_2 + nn_3)
                        v_yy = T.axis.spatial(T.int64(56), yy_0 * T.int64(28) + yy_1 + yy_2 + yy_3)
                        v_xx = T.axis.spatial(T.int64(56), xx_0 * T.int64(4) + xx_1 * T.int64(4) + xx_2 * T.int64(2) + xx_3)
                        v_ff = T.axis.spatial(T.int64(144), ff_0 * T.int64(144) + ff_1 * T.int64(24) + ff_2 * T.int64(3) + ff_3)
                        v_ry = T.axis.reduce(T.int64(1), ry_0 + ry_1)
                        v_rx = T.axis.reduce(T.int64(1), rx_0 + rx_1)
                        v_rc = T.axis.reduce(T.int64(24), rc_0 * T.int64(12) + rc_1)
                        T.reads(p0[v_nn, v_yy + v_ry, v_xx + v_rx, v_rc], p1[v_ry, v_rx, v_rc, v_ff])
                        T.writes(conv2d_nhwc[v_nn, v_yy, v_xx, v_ff])
                        T.block_attr({"meta_schedule.tiling_structure": "SSRSRS"})
                        with T.init():
                            conv2d_nhwc[v_nn, v_yy, v_xx, v_ff] = T.float32(0)
                        conv2d_nhwc[v_nn, v_yy, v_xx, v_ff] = conv2d_nhwc[v_nn, v_yy, v_xx, v_ff] + p0[v_nn, v_yy + v_ry, v_xx + v_rx, v_rc] * p1[v_ry, v_rx, v_rc, v_ff]
                for ax0, ax1, ax2, ax3 in T.grid(T.int64(1), T.int64(28), T.int64(4), T.int64(144)):
                    with T.block("compute"):
                        v_i0 = T.axis.spatial(T.int64(1), ax0)
                        v_i1 = T.axis.spatial(T.int64(56), yy_0 * T.int64(28) + ax1)
                        v_i2 = T.axis.spatial(T.int64(56), xx_0 * T.int64(4) + ax2)
                        v_i3 = T.axis.spatial(T.int64(144), ax3)
                        T.reads(conv2d_nhwc[v_i0, v_i1, v_i2, v_i3], p2[v_i0, T.int64(0), T.int64(0), v_i3])
                        T.writes(compute[v_i0, v_i1, v_i2, v_i3])
                        compute[v_i0, v_i1, v_i2, v_i3] = T.max(T.min(conv2d_nhwc[v_i0, v_i1, v_i2, v_i3] + p2[v_i0, T.int64(0), T.int64(0), v_i3], T.float32(6)), T.float32(0))
b0 = sch.get_block(name="pad_temp", func_name="main")
b1 = sch.get_block(name="conv2d_nhwc", func_name="main")
b2 = sch.get_block(name="T_add", func_name="main")
b3 = sch.get_block(name="root", func_name="main")
sch.compute_inline(block=b2)
sch.compute_inline(block=b0)
sch.annotate(block_or_loop=b1, ann_key="meta_schedule.tiling_structure", ann_val="SSRSRS")
l4, l5, l6, l7, l8, l9, l10 = sch.get_loops(block=b1)
v11, v12, v13, v14 = sch.sample_perfect_tile(loop=l4, n=4, max_innermost_factor=64, decision=[1, 1, 1, 1])
l15, l16, l17, l18 = sch.split(loop=l4, factors=[v11, v12, v13, v14], preserve_unit_iters=True, disable_predication=False)
v19, v20, v21, v22 = sch.sample_perfect_tile(loop=l5, n=4, max_innermost_factor=64, decision=[2, 28, 1, 1])
l23, l24, l25, l26 = sch.split(loop=l5, factors=[v19, v20, v21, v22], preserve_unit_iters=True, disable_predication=False)
v27, v28, v29, v30 = sch.sample_perfect_tile(loop=l6, n=4, max_innermost_factor=64, decision=[14, 1, 2, 2])
l31, l32, l33, l34 = sch.split(loop=l6, factors=[v27, v28, v29, v30], preserve_unit_iters=True, disable_predication=False)
v35, v36, v37, v38 = sch.sample_perfect_tile(loop=l7, n=4, max_innermost_factor=64, decision=[1, 6, 8, 3])
l39, l40, l41, l42 = sch.split(loop=l7, factors=[v35, v36, v37, v38], preserve_unit_iters=True, disable_predication=False)
v43, v44 = sch.sample_perfect_tile(loop=l8, n=2, max_innermost_factor=64, decision=[1, 1])
l45, l46 = sch.split(loop=l8, factors=[v43, v44], preserve_unit_iters=True, disable_predication=False)
v47, v48 = sch.sample_perfect_tile(loop=l9, n=2, max_innermost_factor=64, decision=[1, 1])
l49, l50 = sch.split(loop=l9, factors=[v47, v48], preserve_unit_iters=True, disable_predication=False)
v51, v52 = sch.sample_perfect_tile(loop=l10, n=2, max_innermost_factor=64, decision=[2, 12])
l53, l54 = sch.split(loop=l10, factors=[v51, v52], preserve_unit_iters=True, disable_predication=False)
sch.reorder(l15, l23, l31, l39, l16, l24, l32, l40, l45, l49, l53, l17, l25, l33, l41, l46, l50, l54, l18, l26, l34, l42)
b55, = sch.get_consumers(block=b1)
sch.reverse_compute_at(block=b55, loop=l39, preserve_unit_loops=True, index=-1)
sch.annotate(block_or_loop=b3, ann_key="meta_schedule.parallel", ann_val=96)
sch.annotate(block_or_loop=b3, ann_key="meta_schedule.vectorize", ann_val=64)
v56 = sch.sample_categorical(candidates=[0, 16, 64, 512], probs=[0.25, 0.25, 0.25, 0.25], decision=2)
sch.annotate(block_or_loop=b3, ann_key="meta_schedule.unroll_explicit", ann_val=v56)
2024-05-21 13:05:20 [INFO] [evolutionary_search.cc:713] Generating candidates......
2024-05-21 13:05:20 [INFO] [evolutionary_search.cc:715] Picked top 0 candidate(s) from database
2024-05-21 13:05:21 [INFO] [evolutionary_search.cc:533] Sample-Init-Population summary:
Postproc #0 [meta_schedule.DisallowDynamicLoop(0x115e1f88)]: 0 failure(s)
Postproc #1 [meta_schedule.RewriteParallelVectorizeUnroll(0x113f4988)]: 0 failure(s)
Postproc #2 [meta_schedule.RewriteReductionBlock(0xdd88358)]: 0 failure(s)
Postproc #3 [meta_schedule.RewriteLayout(0x82768b8)]: 0 failure(s)
2024-05-21 13:05:21 [INFO] [evolutionary_search.cc:723] Sampled 512 candidate(s)
2024-05-21 13:05:21 [INFO] [evolutionary_search.cc:621] Evolve iter #0 done. Summary:
Postproc #0 [meta_schedule.DisallowDynamicLoop(0x115e1f88)]: 0 failure(s)
Postproc #1 [meta_schedule.RewriteParallelVectorizeUnroll(0x113f4988)]: 0 failure(s)
Postproc #2 [meta_schedule.RewriteReductionBlock(0xdd88358)]: 0 failure(s)
Postproc #3 [meta_schedule.RewriteLayout(0x82768b8)]: 0 failure(s)
2024-05-21 13:05:22 [INFO] [evolutionary_search.cc:621] Evolve iter #1 done. Summary:
Postproc #0 [meta_schedule.DisallowDynamicLoop(0x115e1f88)]: 0 failure(s)
Postproc #1 [meta_schedule.RewriteParallelVectorizeUnroll(0x113f4988)]: 0 failure(s)
Postproc #2 [meta_schedule.RewriteReductionBlock(0xdd88358)]: 0 failure(s)
Postproc #3 [meta_schedule.RewriteLayout(0x82768b8)]: 0 failure(s)
2024-05-21 13:05:23 [INFO] [evolutionary_search.cc:621] Evolve iter #2 done. Summary:
Postproc #0 [meta_schedule.DisallowDynamicLoop(0x115e1f88)]: 0 failure(s)
Postproc #1 [meta_schedule.RewriteParallelVectorizeUnroll(0x113f4988)]: 0 failure(s)
Postproc #2 [meta_schedule.RewriteReductionBlock(0xdd88358)]: 0 failure(s)
Postproc #3 [meta_schedule.RewriteLayout(0x82768b8)]: 0 failure(s)
2024-05-21 13:05:24 [INFO] [evolutionary_search.cc:621] Evolve iter #3 done. Summary:
Postproc #0 [meta_schedule.DisallowDynamicLoop(0x115e1f88)]: 0 failure(s)
Postproc #1 [meta_schedule.RewriteParallelVectorizeUnroll(0x113f4988)]: 0 failure(s)
Postproc #2 [meta_schedule.RewriteReductionBlock(0xdd88358)]: 0 failure(s)
Postproc #3 [meta_schedule.RewriteLayout(0x82768b8)]: 0 failure(s)
2024-05-21 13:05:24 [INFO] [evolutionary_search.cc:649] Scores of the best 64 candidates:
[1 : 16]:	0.9985  0.9982  0.9977  0.9974  0.9972  0.9959  0.9957  0.9957  0.9949  0.9943  0.9940  0.9939  0.9937  0.9936  0.9920  0.9913
[17 : 32]:	0.9909  0.9902  0.9894  0.9890  0.9888  0.9880  0.9880  0.9874  0.9871  0.9871  0.9869  0.9865  0.9861  0.9860  0.9857  0.9857
[33 : 48]:	0.9856  0.9852  0.9847  0.9846  0.9839  0.9837  0.9834  0.9833  0.9823  0.9821  0.9813  0.9811  0.9807  0.9797  0.9797  0.9795
[49 : 64]:	0.9794  0.9791  0.9778  0.9769  0.9766  0.9763  0.9761  0.9759  0.9757  0.9757  0.9750  0.9749  0.9739  0.9735  0.9733  0.9719
2024-05-21 13:05:24 [INFO] [evolutionary_search.cc:727] Got 64 candidate(s) with evolutionary search
2024-05-21 13:05:24 [INFO] [evolutionary_search.cc:730] Sending 64 candidates(s) for measurement
2024-05-21 13:49:33 [INFO] [task_scheduler.cc:131] [Task #9: fused_nn_conv2d_add_clip_5] Trial #1: GFLOPs: 61.6948. Time: 373.3019 us. Best GFLOPs: 61.6948
2024-05-21 13:49:33 [INFO] [task_scheduler.cc:131] [Task #9: fused_nn_conv2d_add_clip_5] Trial #2: GFLOPs: 30.3765. Time: 758.1765 us. Best GFLOPs: 61.6948
2024-05-21 13:49:33 [INFO] [task_scheduler.cc:131] [Task #9: fused_nn_conv2d_add_clip_5] Trial #3: GFLOPs: 39.8748. Time: 577.5768 us. Best GFLOPs: 61.6948
2024-05-21 13:49:33 [INFO] [task_scheduler.cc:131] [Task #9: fused_nn_conv2d_add_clip_5] Trial #4: GFLOPs: 37.5203. Time: 613.8219 us. Best GFLOPs: 61.6948
2024-05-21 13:49:33 [INFO] [task_scheduler.cc:131] [Task #9: fused_nn_conv2d_add_clip_5] Trial #5: GFLOPs: 67.0137. Time: 343.6726 us. Best GFLOPs: 67.0137
2024-05-21 13:49:33 [INFO] [task_scheduler.cc:131] [Task #9: fused_nn_conv2d_add_clip_5] Trial #6: GFLOPs: 40.7555. Time: 565.0961 us. Best GFLOPs: 67.0137
2024-05-21 13:49:33 [INFO] [task_scheduler.cc:131] [Task #9: fused_nn_conv2d_add_clip_5] Trial #7: GFLOPs: 85.0391. Time: 270.8259 us. Best GFLOPs: 85.0391
2024-05-21 13:49:33 [INFO] [task_scheduler.cc:131] [Task #9: fused_nn_conv2d_add_clip_5] Trial #8: GFLOPs: 45.7668. Time: 503.2205 us. Best GFLOPs: 85.0391
2024-05-21 13:49:33 [INFO] [task_scheduler.cc:131] [Task #9: fused_nn_conv2d_add_clip_5] Trial #9: GFLOPs: 46.2803. Time: 497.6373 us. Best GFLOPs: 85.0391
2024-05-21 13:49:33 [INFO] [task_scheduler.cc:131] [Task #9: fused_nn_conv2d_add_clip_5] Trial #10: GFLOPs: 11.9038. Time: 1934.7443 us. Best GFLOPs: 85.0391
2024-05-21 13:49:33 [INFO] [task_scheduler.cc:131] [Task #9: fused_nn_conv2d_add_clip_5] Trial #11: GFLOPs: 26.9163. Time: 855.6440 us. Best GFLOPs: 85.0391
2024-05-21 13:49:33 [INFO] [task_scheduler.cc:131] [Task #9: fused_nn_conv2d_add_clip_5] Trial #12: GFLOPs: 22.3590. Time: 1030.0462 us. Best GFLOPs: 85.0391
2024-05-21 13:49:33 [INFO] [task_scheduler.cc:131] [Task #9: fused_nn_conv2d_add_clip_5] Trial #13: GFLOPs: 15.3840. Time: 1497.0651 us. Best GFLOPs: 85.0391
2024-05-21 13:49:33 [INFO] [task_scheduler.cc:131] [Task #9: fused_nn_conv2d_add_clip_5] Trial #14: GFLOPs: 58.2899. Time: 395.1079 us. Best GFLOPs: 85.0391
2024-05-21 13:49:33 [INFO] [task_scheduler.cc:131] [Task #9: fused_nn_conv2d_add_clip_5] Trial #15: GFLOPs: 31.4949. Time: 731.2547 us. Best GFLOPs: 85.0391
2024-05-21 13:49:33 [INFO] [task_scheduler.cc:131] [Task #9: fused_nn_conv2d_add_clip_5] Trial #16: GFLOPs: 57.3784. Time: 401.3839 us. Best GFLOPs: 85.0391
2024-05-21 13:49:33 [INFO] [task_scheduler.cc:131] [Task #9: fused_nn_conv2d_add_clip_5] Trial #17: GFLOPs: 21.7486. Time: 1058.9530 us. Best GFLOPs: 85.0391
2024-05-21 13:49:33 [INFO] [task_scheduler.cc:131] [Task #9: fused_nn_conv2d_add_clip_5] Trial #18: GFLOPs: 42.1597. Time: 546.2752 us. Best GFLOPs: 85.0391
2024-05-21 13:49:33 [INFO] [task_scheduler.cc:131] [Task #9: fused_nn_conv2d_add_clip_5] Trial #19: GFLOPs: 103.4771. Time: 222.5688 us. Best GFLOPs: 103.4771
2024-05-21 13:49:33 [INFO] [task_scheduler.cc:131] [Task #9: fused_nn_conv2d_add_clip_5] Trial #20: GFLOPs: 26.9220. Time: 855.4645 us. Best GFLOPs: 103.4771
2024-05-21 13:49:33 [INFO] [task_scheduler.cc:131] [Task #9: fused_nn_conv2d_add_clip_5] Trial #21: GFLOPs: 25.8788. Time: 889.9481 us. Best GFLOPs: 103.4771
2024-05-21 13:49:33 [INFO] [task_scheduler.cc:131] [Task #9: fused_nn_conv2d_add_clip_5] Trial #22: GFLOPs: 45.9066. Time: 501.6876 us. Best GFLOPs: 103.4771
2024-05-21 13:49:33 [INFO] [task_scheduler.cc:131] [Task #9: fused_nn_conv2d_add_clip_5] Trial #23: GFLOPs: 52.3304. Time: 440.1030 us. Best GFLOPs: 103.4771
2024-05-21 13:49:33 [INFO] [task_scheduler.cc:131] [Task #9: fused_nn_conv2d_add_clip_5] Trial #24: GFLOPs: 33.8525. Time: 680.3281 us. Best GFLOPs: 103.4771
2024-05-21 13:49:33 [INFO] [task_scheduler.cc:131] [Task #9: fused_nn_conv2d_add_clip_5] Trial #25: GFLOPs: 104.5307. Time: 220.3256 us. Best GFLOPs: 104.5307
2024-05-21 13:49:33 [INFO] [task_scheduler.cc:131] [Task #9: fused_nn_conv2d_add_clip_5] Trial #26: GFLOPs: 111.2081. Time: 207.0964 us. Best GFLOPs: 111.2081
2024-05-21 13:49:33 [INFO] [task_scheduler.cc:131] [Task #9: fused_nn_conv2d_add_clip_5] Trial #27: GFLOPs: 33.8481. Time: 680.4151 us. Best GFLOPs: 111.2081
2024-05-21 13:49:33 [INFO] [task_scheduler.cc:131] [Task #9: fused_nn_conv2d_add_clip_5] Trial #28: GFLOPs: 19.7462. Time: 1166.3384 us. Best GFLOPs: 111.2081
2024-05-21 13:49:33 [INFO] [task_scheduler.cc:131] [Task #9: fused_nn_conv2d_add_clip_5] Trial #29: GFLOPs: 31.4917. Time: 731.3282 us. Best GFLOPs: 111.2081
2024-05-21 13:49:33 [INFO] [task_scheduler.cc:131] [Task #9: fused_nn_conv2d_add_clip_5] Trial #30: GFLOPs: 17.5912. Time: 1309.2204 us. Best GFLOPs: 111.2081
2024-05-21 13:49:33 [INFO] [task_scheduler.cc:131] [Task #9: fused_nn_conv2d_add_clip_5] Trial #31: GFLOPs: 31.6200. Time: 728.3620 us. Best GFLOPs: 111.2081
2024-05-21 13:49:33 [INFO] [task_scheduler.cc:131] [Task #9: fused_nn_conv2d_add_clip_5] Trial #32: GFLOPs: 53.5009. Time: 430.4745 us. Best GFLOPs: 111.2081
2024-05-21 13:49:33 [INFO] [task_scheduler.cc:131] [Task #9: fused_nn_conv2d_add_clip_5] Trial #33: GFLOPs: 42.7952. Time: 538.1623 us. Best GFLOPs: 111.2081
2024-05-21 13:49:33 [INFO] [task_scheduler.cc:131] [Task #9: fused_nn_conv2d_add_clip_5] Trial #34: GFLOPs: 20.0580. Time: 1148.2100 us. Best GFLOPs: 111.2081
2024-05-21 13:49:33 [INFO] [task_scheduler.cc:131] [Task #9: fused_nn_conv2d_add_clip_5] Trial #35: GFLOPs: 7.2856. Time: 3161.1350 us. Best GFLOPs: 111.2081
2024-05-21 13:49:33 [INFO] [task_scheduler.cc:131] [Task #9: fused_nn_conv2d_add_clip_5] Trial #36: GFLOPs: 69.0511. Time: 333.5324 us. Best GFLOPs: 111.2081
2024-05-21 13:49:33 [INFO] [task_scheduler.cc:131] [Task #9: fused_nn_conv2d_add_clip_5] Trial #37: GFLOPs: 131.4036. Time: 175.2675 us. Best GFLOPs: 131.4036
2024-05-21 13:49:33 [INFO] [task_scheduler.cc:131] [Task #9: fused_nn_conv2d_add_clip_5] Trial #38: GFLOPs: 32.7187. Time: 703.9032 us. Best GFLOPs: 131.4036
2024-05-21 13:49:33 [INFO] [task_scheduler.cc:131] [Task #9: fused_nn_conv2d_add_clip_5] Trial #39: GFLOPs: 55.8531. Time: 412.3453 us. Best GFLOPs: 131.4036
2024-05-21 13:49:33 [INFO] [task_scheduler.cc:131] [Task #9: fused_nn_conv2d_add_clip_5] Trial #40: GFLOPs: 30.5464. Time: 753.9599 us. Best GFLOPs: 131.4036
2024-05-21 13:49:33 [INFO] [task_scheduler.cc:131] [Task #9: fused_nn_conv2d_add_clip_5] Trial #41: GFLOPs: 23.6442. Time: 974.0548 us. Best GFLOPs: 131.4036
2024-05-21 13:49:33 [INFO] [task_scheduler.cc:131] [Task #9: fused_nn_conv2d_add_clip_5] Trial #42: GFLOPs: 21.8047. Time: 1056.2313 us. Best GFLOPs: 131.4036
2024-05-21 13:49:33 [INFO] [task_scheduler.cc:131] [Task #9: fused_nn_conv2d_add_clip_5] Trial #43: GFLOPs: 23.3024. Time: 988.3437 us. Best GFLOPs: 131.4036
2024-05-21 13:49:33 [INFO] [task_scheduler.cc:131] [Task #9: fused_nn_conv2d_add_clip_5] Trial #44: GFLOPs: 9.9453. Time: 2315.7392 us. Best GFLOPs: 131.4036
2024-05-21 13:49:33 [INFO] [task_scheduler.cc:131] [Task #9: fused_nn_conv2d_add_clip_5] Trial #45: GFLOPs: 75.4404. Time: 305.2843 us. Best GFLOPs: 131.4036
2024-05-21 13:49:33 [INFO] [task_scheduler.cc:131] [Task #9: fused_nn_conv2d_add_clip_5] Trial #46: GFLOPs: 22.9571. Time: 1003.2075 us. Best GFLOPs: 131.4036
2024-05-21 13:49:33 [INFO] [task_scheduler.cc:131] [Task #9: fused_nn_conv2d_add_clip_5] Trial #47: GFLOPs: 34.8369. Time: 661.1027 us. Best GFLOPs: 131.4036
2024-05-21 13:49:33 [INFO] [task_scheduler.cc:131] [Task #9: fused_nn_conv2d_add_clip_5] Trial #48: GFLOPs: 10.0068. Time: 2301.5140 us. Best GFLOPs: 131.4036
2024-05-21 13:49:33 [INFO] [task_scheduler.cc:131] [Task #9: fused_nn_conv2d_add_clip_5] Trial #49: GFLOPs: 29.4640. Time: 781.6592 us. Best GFLOPs: 131.4036
2024-05-21 13:49:33 [INFO] [task_scheduler.cc:131] [Task #9: fused_nn_conv2d_add_clip_5] Trial #50: GFLOPs: 58.4183. Time: 394.2394 us. Best GFLOPs: 131.4036
2024-05-21 13:49:33 [INFO] [task_scheduler.cc:131] [Task #9: fused_nn_conv2d_add_clip_5] Trial #51: GFLOPs: 36.2066. Time: 636.0943 us. Best GFLOPs: 131.4036
2024-05-21 13:49:33 [INFO] [task_scheduler.cc:131] [Task #9: fused_nn_conv2d_add_clip_5] Trial #52: GFLOPs: 87.9656. Time: 261.8158 us. Best GFLOPs: 131.4036
2024-05-21 13:49:33 [INFO] [task_scheduler.cc:131] [Task #9: fused_nn_conv2d_add_clip_5] Trial #53: GFLOPs: 5.0029. Time: 4603.4844 us. Best GFLOPs: 131.4036
2024-05-21 13:49:33 [INFO] [task_scheduler.cc:131] [Task #9: fused_nn_conv2d_add_clip_5] Trial #54: GFLOPs: 48.7864. Time: 472.0741 us. Best GFLOPs: 131.4036
2024-05-21 13:49:33 [INFO] [task_scheduler.cc:131] [Task #9: fused_nn_conv2d_add_clip_5] Trial #55: GFLOPs: 31.0522. Time: 741.6792 us. Best GFLOPs: 131.4036
2024-05-21 13:49:33 [INFO] [task_scheduler.cc:131] [Task #9: fused_nn_conv2d_add_clip_5] Trial #56: GFLOPs: 51.0952. Time: 450.7426 us. Best GFLOPs: 131.4036
2024-05-21 13:49:33 [INFO] [task_scheduler.cc:131] [Task #9: fused_nn_conv2d_add_clip_5] Trial #57: GFLOPs: 36.5505. Time: 630.1080 us. Best GFLOPs: 131.4036
2024-05-21 13:49:33 [INFO] [task_scheduler.cc:131] [Task #9: fused_nn_conv2d_add_clip_5] Trial #58: GFLOPs: 27.1026. Time: 849.7632 us. Best GFLOPs: 131.4036
2024-05-21 13:49:33 [INFO] [task_scheduler.cc:131] [Task #9: fused_nn_conv2d_add_clip_5] Trial #59: GFLOPs: 40.3924. Time: 570.1758 us. Best GFLOPs: 131.4036
2024-05-21 13:49:33 [INFO] [task_scheduler.cc:131] [Task #9: fused_nn_conv2d_add_clip_5] Trial #60: GFLOPs: 51.0092. Time: 451.5022 us. Best GFLOPs: 131.4036
2024-05-21 13:49:33 [INFO] [task_scheduler.cc:131] [Task #9: fused_nn_conv2d_add_clip_5] Trial #61: GFLOPs: 93.0962. Time: 247.3869 us. Best GFLOPs: 131.4036
2024-05-21 13:49:33 [INFO] [task_scheduler.cc:131] [Task #9: fused_nn_conv2d_add_clip_5] Trial #62: GFLOPs: 21.7748. Time: 1057.6807 us. Best GFLOPs: 131.4036
2024-05-21 13:49:33 [INFO] [task_scheduler.cc:131] [Task #9: fused_nn_conv2d_add_clip_5] Trial #63: GFLOPs: 11.5027. Time: 2002.2086 us. Best GFLOPs: 131.4036
2024-05-21 13:49:33 [INFO] [task_scheduler.cc:131] [Task #9: fused_nn_conv2d_add_clip_5] Trial #64: GFLOPs: 27.5424. Time: 836.1947 us. Best GFLOPs: 131.4036
2024-05-21 13:51:22 [INFO] [evolutionary_search.cc:713] Generating candidates......
2024-05-21 13:51:22 [INFO] [evolutionary_search.cc:715] Picked top 64 candidate(s) from database
2024-05-21 13:51:23 [INFO] [evolutionary_search.cc:533] Sample-Init-Population summary:
Postproc #0 [meta_schedule.DisallowDynamicLoop(0x115e1f88)]: 0 failure(s)
Postproc #1 [meta_schedule.RewriteParallelVectorizeUnroll(0x113f4988)]: 0 failure(s)
Postproc #2 [meta_schedule.RewriteReductionBlock(0xdd88358)]: 0 failure(s)
Postproc #3 [meta_schedule.RewriteLayout(0x82768b8)]: 0 failure(s)
2024-05-21 13:51:23 [INFO] [evolutionary_search.cc:723] Sampled 448 candidate(s)
2024-05-21 13:51:25 [INFO] [evolutionary_search.cc:621] Evolve iter #0 done. Summary:
Postproc #0 [meta_schedule.DisallowDynamicLoop(0x115e1f88)]: 0 failure(s)
Postproc #1 [meta_schedule.RewriteParallelVectorizeUnroll(0x113f4988)]: 0 failure(s)
Postproc #2 [meta_schedule.RewriteReductionBlock(0xdd88358)]: 0 failure(s)
Postproc #3 [meta_schedule.RewriteLayout(0x82768b8)]: 0 failure(s)
2024-05-21 13:51:27 [INFO] [evolutionary_search.cc:621] Evolve iter #1 done. Summary:
Postproc #0 [meta_schedule.DisallowDynamicLoop(0x115e1f88)]: 0 failure(s)
Postproc #1 [meta_schedule.RewriteParallelVectorizeUnroll(0x113f4988)]: 0 failure(s)
Postproc #2 [meta_schedule.RewriteReductionBlock(0xdd88358)]: 0 failure(s)
Postproc #3 [meta_schedule.RewriteLayout(0x82768b8)]: 0 failure(s)
2024-05-21 13:51:29 [INFO] [evolutionary_search.cc:621] Evolve iter #2 done. Summary:
Postproc #0 [meta_schedule.DisallowDynamicLoop(0x115e1f88)]: 0 failure(s)
Postproc #1 [meta_schedule.RewriteParallelVectorizeUnroll(0x113f4988)]: 0 failure(s)
Postproc #2 [meta_schedule.RewriteReductionBlock(0xdd88358)]: 0 failure(s)
Postproc #3 [meta_schedule.RewriteLayout(0x82768b8)]: 0 failure(s)
2024-05-21 13:51:31 [INFO] [evolutionary_search.cc:621] Evolve iter #3 done. Summary:
Postproc #0 [meta_schedule.DisallowDynamicLoop(0x115e1f88)]: 0 failure(s)
Postproc #1 [meta_schedule.RewriteParallelVectorizeUnroll(0x113f4988)]: 0 failure(s)
Postproc #2 [meta_schedule.RewriteReductionBlock(0xdd88358)]: 0 failure(s)
Postproc #3 [meta_schedule.RewriteLayout(0x82768b8)]: 0 failure(s)
2024-05-21 13:51:32 [INFO] [evolutionary_search.cc:649] Scores of the best 64 candidates:
[1 : 16]:	0.9905  0.9678  0.9467  0.9467  0.9461  0.9254  0.8843  0.8843  0.8730  0.8627  0.8531  0.8523  0.8523  0.8505  0.8503  0.8493
[17 : 32]:	0.8463  0.8456  0.8445  0.8379  0.8370  0.8345  0.8341  0.8323  0.8316  0.8313  0.8298  0.8292  0.8283  0.8270  0.8250  0.8230
[33 : 48]:	0.8185  0.8167  0.8164  0.8136  0.8108  0.8087  0.8077  0.8062  0.8034  0.8033  0.8021  0.7998  0.7994  0.7994  0.7994  0.7969
[49 : 64]:	0.7953  0.7950  0.7950  0.7934  0.7931  0.7910  0.7900  0.7872  0.7872  0.7866  0.7859  0.7852  0.7842  0.7833  0.7833  0.7833
2024-05-21 13:51:32 [INFO] [evolutionary_search.cc:727] Got 64 candidate(s) with evolutionary search
2024-05-21 13:51:32 [INFO] [evolutionary_search.cc:730] Sending 64 candidates(s) for measurement
2024-05-21 13:53:14 [INFO] [task_scheduler.cc:131] [Task #9: fused_nn_conv2d_add_clip_5] Trial #65: GFLOPs: 244.4993. Time: 94.1957 us. Best GFLOPs: 244.4993
2024-05-21 13:53:14 [INFO] [task_scheduler.cc:131] [Task #9: fused_nn_conv2d_add_clip_5] Trial #66: GFLOPs: 132.2883. Time: 174.0954 us. Best GFLOPs: 244.4993
2024-05-21 13:53:14 [INFO] [task_scheduler.cc:131] [Task #9: fused_nn_conv2d_add_clip_5] Trial #67: GFLOPs: 109.9155. Time: 209.5317 us. Best GFLOPs: 244.4993
2024-05-21 13:53:14 [INFO] [task_scheduler.cc:131] [Task #9: fused_nn_conv2d_add_clip_5] Trial #68: GFLOPs: 155.9728. Time: 147.6589 us. Best GFLOPs: 244.4993
2024-05-21 13:53:14 [INFO] [task_scheduler.cc:131] [Task #9: fused_nn_conv2d_add_clip_5] Trial #69: GFLOPs: 96.3502. Time: 239.0319 us. Best GFLOPs: 244.4993
2024-05-21 13:53:14 [INFO] [task_scheduler.cc:131] [Task #9: fused_nn_conv2d_add_clip_5] Trial #70: GFLOPs: 86.8482. Time: 265.1845 us. Best GFLOPs: 244.4993
2024-05-21 13:53:14 [INFO] [task_scheduler.cc:131] [Task #9: fused_nn_conv2d_add_clip_5] Trial #71: GFLOPs: 107.7620. Time: 213.7190 us. Best GFLOPs: 244.4993
2024-05-21 13:53:14 [INFO] [task_scheduler.cc:131] [Task #9: fused_nn_conv2d_add_clip_5] Trial #72: GFLOPs: 268.4475. Time: 85.7925 us. Best GFLOPs: 268.4475
2024-05-21 13:53:14 [INFO] [task_scheduler.cc:131] [Task #9: fused_nn_conv2d_add_clip_5] Trial #73: GFLOPs: 206.3441. Time: 111.6135 us. Best GFLOPs: 268.4475
2024-05-21 13:53:14 [INFO] [task_scheduler.cc:131] [Task #9: fused_nn_conv2d_add_clip_5] Trial #74: GFLOPs: 71.5478. Time: 321.8935 us. Best GFLOPs: 268.4475
2024-05-21 13:53:14 [INFO] [task_scheduler.cc:131] [Task #9: fused_nn_conv2d_add_clip_5] Trial #75: GFLOPs: 151.3012. Time: 152.2182 us. Best GFLOPs: 268.4475
2024-05-21 13:53:14 [INFO] [task_scheduler.cc:131] [Task #9: fused_nn_conv2d_add_clip_5] Trial #76: GFLOPs: 181.7502. Time: 126.7167 us. Best GFLOPs: 268.4475
2024-05-21 13:53:14 [INFO] [task_scheduler.cc:131] [Task #9: fused_nn_conv2d_add_clip_5] Trial #77: GFLOPs: 176.3951. Time: 130.5636 us. Best GFLOPs: 268.4475
2024-05-21 13:53:14 [INFO] [task_scheduler.cc:131] [Task #9: fused_nn_conv2d_add_clip_5] Trial #78: GFLOPs: 164.8147. Time: 139.7375 us. Best GFLOPs: 268.4475
2024-05-21 13:53:14 [INFO] [task_scheduler.cc:131] [Task #9: fused_nn_conv2d_add_clip_5] Trial #79: GFLOPs: 126.1098. Time: 182.6248 us. Best GFLOPs: 268.4475
2024-05-21 13:53:14 [INFO] [task_scheduler.cc:131] [Task #9: fused_nn_conv2d_add_clip_5] Trial #80: GFLOPs: 163.2403. Time: 141.0851 us. Best GFLOPs: 268.4475
2024-05-21 13:53:14 [INFO] [task_scheduler.cc:131] [Task #9: fused_nn_conv2d_add_clip_5] Trial #81: GFLOPs: 159.9496. Time: 143.9878 us. Best GFLOPs: 268.4475
2024-05-21 13:53:14 [INFO] [task_scheduler.cc:131] [Task #9: fused_nn_conv2d_add_clip_5] Trial #82: GFLOPs: 131.8517. Time: 174.6718 us. Best GFLOPs: 268.4475
2024-05-21 13:53:14 [INFO] [task_scheduler.cc:131] [Task #9: fused_nn_conv2d_add_clip_5] Trial #83: GFLOPs: 174.9335. Time: 131.6545 us. Best GFLOPs: 268.4475
2024-05-21 13:53:14 [INFO] [task_scheduler.cc:131] [Task #9: fused_nn_conv2d_add_clip_5] Trial #84: GFLOPs: 114.1985. Time: 201.6733 us. Best GFLOPs: 268.4475
2024-05-21 13:53:14 [INFO] [task_scheduler.cc:131] [Task #9: fused_nn_conv2d_add_clip_5] Trial #85: GFLOPs: 166.4311. Time: 138.3803 us. Best GFLOPs: 268.4475
2024-05-21 13:53:14 [INFO] [task_scheduler.cc:131] [Task #9: fused_nn_conv2d_add_clip_5] Trial #86: GFLOPs: 99.3208. Time: 231.8828 us. Best GFLOPs: 268.4475
2024-05-21 13:53:14 [INFO] [task_scheduler.cc:131] [Task #9: fused_nn_conv2d_add_clip_5] Trial #87: GFLOPs: 150.4407. Time: 153.0888 us. Best GFLOPs: 268.4475
2024-05-21 13:53:14 [INFO] [task_scheduler.cc:131] [Task #9: fused_nn_conv2d_add_clip_5] Trial #88: GFLOPs: 245.8686. Time: 93.6711 us. Best GFLOPs: 268.4475
2024-05-21 13:53:14 [INFO] [task_scheduler.cc:131] [Task #9: fused_nn_conv2d_add_clip_5] Trial #89: GFLOPs: 229.3802. Time: 100.4044 us. Best GFLOPs: 268.4475
2024-05-21 13:53:14 [INFO] [task_scheduler.cc:131] [Task #9: fused_nn_conv2d_add_clip_5] Trial #90: GFLOPs: 106.5994. Time: 216.0498 us. Best GFLOPs: 268.4475
2024-05-21 13:53:14 [INFO] [task_scheduler.cc:131] [Task #9: fused_nn_conv2d_add_clip_5] Trial #91: GFLOPs: 161.2835. Time: 142.7969 us. Best GFLOPs: 268.4475
2024-05-21 13:53:14 [INFO] [task_scheduler.cc:131] [Task #9: fused_nn_conv2d_add_clip_5] Trial #92: GFLOPs: 141.7343. Time: 162.4926 us. Best GFLOPs: 268.4475
2024-05-21 13:53:14 [INFO] [task_scheduler.cc:131] [Task #9: fused_nn_conv2d_add_clip_5] Trial #93: GFLOPs: 164.1172. Time: 140.3313 us. Best GFLOPs: 268.4475
2024-05-21 13:53:14 [INFO] [task_scheduler.cc:131] [Task #9: fused_nn_conv2d_add_clip_5] Trial #94: GFLOPs: 111.6955. Time: 206.1927 us. Best GFLOPs: 268.4475
2024-05-21 13:53:14 [INFO] [task_scheduler.cc:131] [Task #9: fused_nn_conv2d_add_clip_5] Trial #95: GFLOPs: 110.1224. Time: 209.1381 us. Best GFLOPs: 268.4475
2024-05-21 13:53:14 [INFO] [task_scheduler.cc:131] [Task #9: fused_nn_conv2d_add_clip_5] Trial #96: GFLOPs: 159.0803. Time: 144.7746 us. Best GFLOPs: 268.4475
2024-05-21 13:53:14 [INFO] [task_scheduler.cc:131] [Task #9: fused_nn_conv2d_add_clip_5] Trial #97: GFLOPs: 32.7751. Time: 702.6914 us. Best GFLOPs: 268.4475
2024-05-21 13:53:14 [INFO] [task_scheduler.cc:131] [Task #9: fused_nn_conv2d_add_clip_5] Trial #98: GFLOPs: 167.6362. Time: 137.3855 us. Best GFLOPs: 268.4475
2024-05-21 13:53:14 [INFO] [task_scheduler.cc:131] [Task #9: fused_nn_conv2d_add_clip_5] Trial #99: GFLOPs: 117.2733. Time: 196.3856 us. Best GFLOPs: 268.4475
2024-05-21 13:53:14 [INFO] [task_scheduler.cc:131] [Task #9: fused_nn_conv2d_add_clip_5] Trial #100: GFLOPs: 84.4526. Time: 272.7068 us. Best GFLOPs: 268.4475
2024-05-21 13:53:14 [INFO] [task_scheduler.cc:131] [Task #9: fused_nn_conv2d_add_clip_5] Trial #101: GFLOPs: 93.7387. Time: 245.6913 us. Best GFLOPs: 268.4475
2024-05-21 13:53:14 [INFO] [task_scheduler.cc:131] [Task #9: fused_nn_conv2d_add_clip_5] Trial #102: GFLOPs: 265.5120. Time: 86.7410 us. Best GFLOPs: 268.4475
2024-05-21 13:53:14 [INFO] [task_scheduler.cc:131] [Task #9: fused_nn_conv2d_add_clip_5] Trial #103: GFLOPs: 177.8834. Time: 129.4713 us. Best GFLOPs: 268.4475
2024-05-21 13:53:14 [INFO] [task_scheduler.cc:131] [Task #9: fused_nn_conv2d_add_clip_5] Trial #104: GFLOPs: 102.1406. Time: 225.4811 us. Best GFLOPs: 268.4475
2024-05-21 13:53:14 [INFO] [task_scheduler.cc:131] [Task #9: fused_nn_conv2d_add_clip_5] Trial #105: GFLOPs: 21.6091. Time: 1065.7916 us. Best GFLOPs: 268.4475
2024-05-21 13:53:14 [INFO] [task_scheduler.cc:131] [Task #9: fused_nn_conv2d_add_clip_5] Trial #106: GFLOPs: 178.8205. Time: 128.7928 us. Best GFLOPs: 268.4475
2024-05-21 13:53:14 [INFO] [task_scheduler.cc:131] [Task #9: fused_nn_conv2d_add_clip_5] Trial #107: GFLOPs: 121.3611. Time: 189.7707 us. Best GFLOPs: 268.4475
2024-05-21 13:53:14 [INFO] [task_scheduler.cc:131] [Task #9: fused_nn_conv2d_add_clip_5] Trial #108: GFLOPs: 174.3316. Time: 132.1090 us. Best GFLOPs: 268.4475
2024-05-21 13:53:14 [INFO] [task_scheduler.cc:131] [Task #9: fused_nn_conv2d_add_clip_5] Trial #109: GFLOPs: 94.8832. Time: 242.7278 us. Best GFLOPs: 268.4475
2024-05-21 13:53:14 [INFO] [task_scheduler.cc:131] [Task #9: fused_nn_conv2d_add_clip_5] Trial #110: GFLOPs: 90.3015. Time: 255.0432 us. Best GFLOPs: 268.4475
2024-05-21 13:53:14 [INFO] [task_scheduler.cc:131] [Task #9: fused_nn_conv2d_add_clip_5] Trial #111: GFLOPs: 88.0760. Time: 261.4876 us. Best GFLOPs: 268.4475
2024-05-21 13:53:14 [INFO] [task_scheduler.cc:131] [Task #9: fused_nn_conv2d_add_clip_5] Trial #112: GFLOPs: 145.1166. Time: 158.7053 us. Best GFLOPs: 268.4475
2024-05-21 13:53:14 [INFO] [task_scheduler.cc:131] [Task #9: fused_nn_conv2d_add_clip_5] Trial #113: GFLOPs: 167.7136. Time: 137.3221 us. Best GFLOPs: 268.4475
2024-05-21 13:53:14 [INFO] [task_scheduler.cc:131] [Task #9: fused_nn_conv2d_add_clip_5] Trial #114: GFLOPs: 141.8594. Time: 162.3493 us. Best GFLOPs: 268.4475
2024-05-21 13:53:14 [INFO] [task_scheduler.cc:131] [Task #9: fused_nn_conv2d_add_clip_5] Trial #115: GFLOPs: 107.9161. Time: 213.4138 us. Best GFLOPs: 268.4475
2024-05-21 13:53:14 [INFO] [task_scheduler.cc:131] [Task #9: fused_nn_conv2d_add_clip_5] Trial #116: GFLOPs: 193.2581. Time: 119.1711 us. Best GFLOPs: 268.4475
2024-05-21 13:53:14 [INFO] [task_scheduler.cc:131] [Task #9: fused_nn_conv2d_add_clip_5] Trial #117: GFLOPs: 114.1767. Time: 201.7118 us. Best GFLOPs: 268.4475
2024-05-21 13:53:14 [INFO] [task_scheduler.cc:131] [Task #9: fused_nn_conv2d_add_clip_5] Trial #118: GFLOPs: 95.6250. Time: 240.8449 us. Best GFLOPs: 268.4475
2024-05-21 13:53:14 [INFO] [task_scheduler.cc:131] [Task #9: fused_nn_conv2d_add_clip_5] Trial #119: GFLOPs: 119.8295. Time: 192.1963 us. Best GFLOPs: 268.4475
2024-05-21 13:53:14 [INFO] [task_scheduler.cc:131] [Task #9: fused_nn_conv2d_add_clip_5] Trial #120: GFLOPs: 111.5944. Time: 206.3794 us. Best GFLOPs: 268.4475
2024-05-21 13:53:14 [INFO] [task_scheduler.cc:131] [Task #9: fused_nn_conv2d_add_clip_5] Trial #121: GFLOPs: 110.8702. Time: 207.7274 us. Best GFLOPs: 268.4475
2024-05-21 13:53:14 [INFO] [task_scheduler.cc:131] [Task #9: fused_nn_conv2d_add_clip_5] Trial #122: GFLOPs: 165.1153. Time: 139.4831 us. Best GFLOPs: 268.4475
2024-05-21 13:53:14 [INFO] [task_scheduler.cc:131] [Task #9: fused_nn_conv2d_add_clip_5] Trial #123: GFLOPs: 192.7624. Time: 119.4776 us. Best GFLOPs: 268.4475
2024-05-21 13:53:14 [INFO] [task_scheduler.cc:131] [Task #9: fused_nn_conv2d_add_clip_5] Trial #124: GFLOPs: 110.4096. Time: 208.5940 us. Best GFLOPs: 268.4475
2024-05-21 13:53:14 [INFO] [task_scheduler.cc:131] [Task #9: fused_nn_conv2d_add_clip_5] Trial #125: GFLOPs: 143.4038. Time: 160.6009 us. Best GFLOPs: 268.4475
2024-05-21 13:53:14 [INFO] [task_scheduler.cc:131] [Task #9: fused_nn_conv2d_add_clip_5] Trial #126: GFLOPs: 17.8629. Time: 1289.3080 us. Best GFLOPs: 268.4475
2024-05-21 13:53:14 [INFO] [task_scheduler.cc:131] [Task #9: fused_nn_conv2d_add_clip_5] Trial #127: GFLOPs: 10.0041. Time: 2302.1245 us. Best GFLOPs: 268.4475
2024-05-21 13:53:14 [INFO] [task_scheduler.cc:131] [Task #9: fused_nn_conv2d_add_clip_5] Trial #128: GFLOPs: 90.1669. Time: 255.4238 us. Best GFLOPs: 268.4475
2024-05-21 14:27:24 [INFO] [evolutionary_search.cc:713] Generating candidates......
2024-05-21 14:27:24 [INFO] [evolutionary_search.cc:715] Picked top 102 candidate(s) from database
2024-05-21 14:27:25 [INFO] [evolutionary_search.cc:533] Sample-Init-Population summary:
Postproc #0 [meta_schedule.DisallowDynamicLoop(0x115e1f88)]: 0 failure(s)
Postproc #1 [meta_schedule.RewriteParallelVectorizeUnroll(0x113f4988)]: 0 failure(s)
Postproc #2 [meta_schedule.RewriteReductionBlock(0xdd88358)]: 0 failure(s)
Postproc #3 [meta_schedule.RewriteLayout(0x82768b8)]: 0 failure(s)
2024-05-21 14:27:25 [INFO] [evolutionary_search.cc:723] Sampled 410 candidate(s)
2024-05-21 14:27:27 [INFO] [evolutionary_search.cc:621] Evolve iter #0 done. Summary:
Postproc #0 [meta_schedule.DisallowDynamicLoop(0x115e1f88)]: 0 failure(s)
Postproc #1 [meta_schedule.RewriteParallelVectorizeUnroll(0x113f4988)]: 0 failure(s)
Postproc #2 [meta_schedule.RewriteReductionBlock(0xdd88358)]: 0 failure(s)
Postproc #3 [meta_schedule.RewriteLayout(0x82768b8)]: 0 failure(s)
2024-05-21 14:27:29 [INFO] [evolutionary_search.cc:621] Evolve iter #1 done. Summary:
Postproc #0 [meta_schedule.DisallowDynamicLoop(0x115e1f88)]: 0 failure(s)
Postproc #1 [meta_schedule.RewriteParallelVectorizeUnroll(0x113f4988)]: 0 failure(s)
Postproc #2 [meta_schedule.RewriteReductionBlock(0xdd88358)]: 0 failure(s)
Postproc #3 [meta_schedule.RewriteLayout(0x82768b8)]: 0 failure(s)
2024-05-21 14:27:31 [INFO] [evolutionary_search.cc:621] Evolve iter #2 done. Summary:
Postproc #0 [meta_schedule.DisallowDynamicLoop(0x115e1f88)]: 0 failure(s)
Postproc #1 [meta_schedule.RewriteParallelVectorizeUnroll(0x113f4988)]: 0 failure(s)
Postproc #2 [meta_schedule.RewriteReductionBlock(0xdd88358)]: 0 failure(s)
Postproc #3 [meta_schedule.RewriteLayout(0x82768b8)]: 0 failure(s)
2024-05-21 14:27:33 [INFO] [evolutionary_search.cc:621] Evolve iter #3 done. Summary:
Postproc #0 [meta_schedule.DisallowDynamicLoop(0x115e1f88)]: 0 failure(s)
Postproc #1 [meta_schedule.RewriteParallelVectorizeUnroll(0x113f4988)]: 0 failure(s)
Postproc #2 [meta_schedule.RewriteReductionBlock(0xdd88358)]: 0 failure(s)
Postproc #3 [meta_schedule.RewriteLayout(0x82768b8)]: 0 failure(s)
2024-05-21 14:27:34 [INFO] [evolutionary_search.cc:649] Scores of the best 64 candidates:
[1 : 16]:	0.8765  0.8528  0.8430  0.8284  0.8184  0.8136  0.8092  0.8051  0.7999  0.7999  0.7904  0.7891  0.7845  0.7756  0.7748  0.7725
[17 : 32]:	0.7712  0.7712  0.7710  0.7688  0.7671  0.7656  0.7637  0.7619  0.7612  0.7611  0.7546  0.7526  0.7488  0.7431  0.7424  0.7408
[33 : 48]:	0.7402  0.7402  0.7391  0.7391  0.7391  0.7367  0.7347  0.7347  0.7287  0.7271  0.7209  0.7207  0.7206  0.7180  0.7174  0.7144
[49 : 64]:	0.7124  0.7112  0.7111  0.7110  0.7110  0.7107  0.7105  0.7090  0.7079  0.7079  0.7049  0.7036  0.7016  0.7009  0.7006  0.6999
2024-05-21 14:27:34 [INFO] [evolutionary_search.cc:727] Got 64 candidate(s) with evolutionary search
2024-05-21 14:27:34 [INFO] [evolutionary_search.cc:730] Sending 64 candidates(s) for measurement
2024-05-21 14:29:17 [INFO] [task_scheduler.cc:131] [Task #9: fused_nn_conv2d_add_clip_5] Trial #129: GFLOPs: 163.6619. Time: 140.7217 us. Best GFLOPs: 268.4475
2024-05-21 14:29:17 [INFO] [task_scheduler.cc:131] [Task #9: fused_nn_conv2d_add_clip_5] Trial #130: GFLOPs: 169.0576. Time: 136.2304 us. Best GFLOPs: 268.4475
2024-05-21 14:29:17 [INFO] [task_scheduler.cc:131] [Task #9: fused_nn_conv2d_add_clip_5] Trial #131: GFLOPs: 141.6291. Time: 162.6133 us. Best GFLOPs: 268.4475
2024-05-21 14:29:17 [INFO] [task_scheduler.cc:131] [Task #9: fused_nn_conv2d_add_clip_5] Trial #132: GFLOPs: 173.0182. Time: 133.1119 us. Best GFLOPs: 268.4475
2024-05-21 14:29:17 [INFO] [task_scheduler.cc:131] [Task #9: fused_nn_conv2d_add_clip_5] Trial #133: GFLOPs: 237.1942. Time: 97.0967 us. Best GFLOPs: 268.4475
2024-05-21 14:29:17 [INFO] [task_scheduler.cc:131] [Task #9: fused_nn_conv2d_add_clip_5] Trial #134: GFLOPs: 148.0193. Time: 155.5931 us. Best GFLOPs: 268.4475
2024-05-21 14:29:17 [INFO] [task_scheduler.cc:131] [Task #9: fused_nn_conv2d_add_clip_5] Trial #135: GFLOPs: 160.2235. Time: 143.7416 us. Best GFLOPs: 268.4475
2024-05-21 14:29:17 [INFO] [task_scheduler.cc:131] [Task #9: fused_nn_conv2d_add_clip_5] Trial #136: GFLOPs: 122.1908. Time: 188.4822 us. Best GFLOPs: 268.4475
2024-05-21 14:29:17 [INFO] [task_scheduler.cc:131] [Task #9: fused_nn_conv2d_add_clip_5] Trial #137: GFLOPs: 120.8715. Time: 190.5394 us. Best GFLOPs: 268.4475
2024-05-21 14:29:17 [INFO] [task_scheduler.cc:131] [Task #9: fused_nn_conv2d_add_clip_5] Trial #138: GFLOPs: 132.7247. Time: 173.5230 us. Best GFLOPs: 268.4475
2024-05-21 14:29:17 [INFO] [task_scheduler.cc:131] [Task #9: fused_nn_conv2d_add_clip_5] Trial #139: GFLOPs: 27.9639. Time: 823.5898 us. Best GFLOPs: 268.4475
2024-05-21 14:29:17 [INFO] [task_scheduler.cc:131] [Task #9: fused_nn_conv2d_add_clip_5] Trial #140: GFLOPs: 186.0699. Time: 123.7749 us. Best GFLOPs: 268.4475
2024-05-21 14:29:17 [INFO] [task_scheduler.cc:131] [Task #9: fused_nn_conv2d_add_clip_5] Trial #141: GFLOPs: 244.4281. Time: 94.2232 us. Best GFLOPs: 268.4475
2024-05-21 14:29:17 [INFO] [task_scheduler.cc:131] [Task #9: fused_nn_conv2d_add_clip_5] Trial #142: GFLOPs: 26.6313. Time: 864.8025 us. Best GFLOPs: 268.4475
2024-05-21 14:29:17 [INFO] [task_scheduler.cc:131] [Task #9: fused_nn_conv2d_add_clip_5] Trial #143: GFLOPs: 139.5725. Time: 165.0094 us. Best GFLOPs: 268.4475
2024-05-21 14:29:17 [INFO] [task_scheduler.cc:131] [Task #9: fused_nn_conv2d_add_clip_5] Trial #144: GFLOPs: 127.1473. Time: 181.1346 us. Best GFLOPs: 268.4475
2024-05-21 14:29:17 [INFO] [task_scheduler.cc:131] [Task #9: fused_nn_conv2d_add_clip_5] Trial #145: GFLOPs: 28.0965. Time: 819.7016 us. Best GFLOPs: 268.4475
2024-05-21 14:29:17 [INFO] [task_scheduler.cc:131] [Task #9: fused_nn_conv2d_add_clip_5] Trial #146: GFLOPs: 155.2446. Time: 148.3516 us. Best GFLOPs: 268.4475
2024-05-21 14:29:17 [INFO] [task_scheduler.cc:131] [Task #9: fused_nn_conv2d_add_clip_5] Trial #147: GFLOPs: 125.3380. Time: 183.7494 us. Best GFLOPs: 268.4475
2024-05-21 14:29:17 [INFO] [task_scheduler.cc:131] [Task #9: fused_nn_conv2d_add_clip_5] Trial #148: GFLOPs: 221.2694. Time: 104.0848 us. Best GFLOPs: 268.4475
2024-05-21 14:29:17 [INFO] [task_scheduler.cc:131] [Task #9: fused_nn_conv2d_add_clip_5] Trial #149: GFLOPs: 136.8698. Time: 168.2679 us. Best GFLOPs: 268.4475
2024-05-21 14:29:17 [INFO] [task_scheduler.cc:131] [Task #9: fused_nn_conv2d_add_clip_5] Trial #150: GFLOPs: 227.7767. Time: 101.1112 us. Best GFLOPs: 268.4475
2024-05-21 14:29:17 [INFO] [task_scheduler.cc:131] [Task #9: fused_nn_conv2d_add_clip_5] Trial #151: GFLOPs: 317.3115. Time: 72.5810 us. Best GFLOPs: 317.3115
2024-05-21 14:29:17 [INFO] [task_scheduler.cc:131] [Task #9: fused_nn_conv2d_add_clip_5] Trial #152: GFLOPs: 133.2402. Time: 172.8517 us. Best GFLOPs: 317.3115
2024-05-21 14:29:17 [INFO] [task_scheduler.cc:131] [Task #9: fused_nn_conv2d_add_clip_5] Trial #153: GFLOPs: 127.1966. Time: 181.0644 us. Best GFLOPs: 317.3115
2024-05-21 14:29:17 [INFO] [task_scheduler.cc:131] [Task #9: fused_nn_conv2d_add_clip_5] Trial #154: GFLOPs: 209.8628. Time: 109.7421 us. Best GFLOPs: 317.3115
2024-05-21 14:29:17 [INFO] [task_scheduler.cc:131] [Task #9: fused_nn_conv2d_add_clip_5] Trial #155: GFLOPs: 35.0300. Time: 657.4592 us. Best GFLOPs: 317.3115
2024-05-21 14:29:17 [INFO] [task_scheduler.cc:131] [Task #9: fused_nn_conv2d_add_clip_5] Trial #156: GFLOPs: 190.1048. Time: 121.1478 us. Best GFLOPs: 317.3115
2024-05-21 14:29:17 [INFO] [task_scheduler.cc:131] [Task #9: fused_nn_conv2d_add_clip_5] Trial #157: GFLOPs: 124.2958. Time: 185.2901 us. Best GFLOPs: 317.3115
2024-05-21 14:29:17 [INFO] [task_scheduler.cc:131] [Task #9: fused_nn_conv2d_add_clip_5] Trial #158: GFLOPs: 208.5424. Time: 110.4369 us. Best GFLOPs: 317.3115
2024-05-21 14:29:17 [INFO] [task_scheduler.cc:131] [Task #9: fused_nn_conv2d_add_clip_5] Trial #159: GFLOPs: 247.1445. Time: 93.1875 us. Best GFLOPs: 317.3115
2024-05-21 14:29:17 [INFO] [task_scheduler.cc:131] [Task #9: fused_nn_conv2d_add_clip_5] Trial #160: GFLOPs: 152.4218. Time: 151.0990 us. Best GFLOPs: 317.3115
2024-05-21 14:29:17 [INFO] [task_scheduler.cc:131] [Task #9: fused_nn_conv2d_add_clip_5] Trial #161: GFLOPs: 147.3231. Time: 156.3284 us. Best GFLOPs: 317.3115
2024-05-21 14:29:17 [INFO] [task_scheduler.cc:131] [Task #9: fused_nn_conv2d_add_clip_5] Trial #162: GFLOPs: 176.1105. Time: 130.7746 us. Best GFLOPs: 317.3115
2024-05-21 14:29:17 [INFO] [task_scheduler.cc:131] [Task #9: fused_nn_conv2d_add_clip_5] Trial #163: GFLOPs: 158.5080. Time: 145.2973 us. Best GFLOPs: 317.3115
2024-05-21 14:29:17 [INFO] [task_scheduler.cc:131] [Task #9: fused_nn_conv2d_add_clip_5] Trial #164: GFLOPs: 156.5290. Time: 147.1342 us. Best GFLOPs: 317.3115
2024-05-21 14:29:17 [INFO] [task_scheduler.cc:131] [Task #9: fused_nn_conv2d_add_clip_5] Trial #165: GFLOPs: 111.7065. Time: 206.1722 us. Best GFLOPs: 317.3115
2024-05-21 14:29:17 [INFO] [task_scheduler.cc:131] [Task #9: fused_nn_conv2d_add_clip_5] Trial #166: GFLOPs: 194.4919. Time: 118.4151 us. Best GFLOPs: 317.3115
2024-05-21 14:29:17 [INFO] [task_scheduler.cc:131] [Task #9: fused_nn_conv2d_add_clip_5] Trial #167: GFLOPs: 161.6140. Time: 142.5049 us. Best GFLOPs: 317.3115
2024-05-21 14:29:17 [INFO] [task_scheduler.cc:131] [Task #9: fused_nn_conv2d_add_clip_5] Trial #168: GFLOPs: 165.2531. Time: 139.3668 us. Best GFLOPs: 317.3115
2024-05-21 14:29:17 [INFO] [task_scheduler.cc:131] [Task #9: fused_nn_conv2d_add_clip_5] Trial #169: GFLOPs: 32.6994. Time: 704.3187 us. Best GFLOPs: 317.3115
2024-05-21 14:29:17 [INFO] [task_scheduler.cc:131] [Task #9: fused_nn_conv2d_add_clip_5] Trial #170: GFLOPs: 190.1632. Time: 121.1106 us. Best GFLOPs: 317.3115
2024-05-21 14:29:17 [INFO] [task_scheduler.cc:131] [Task #9: fused_nn_conv2d_add_clip_5] Trial #171: GFLOPs: 198.7336. Time: 115.8877 us. Best GFLOPs: 317.3115
2024-05-21 14:29:17 [INFO] [task_scheduler.cc:131] [Task #9: fused_nn_conv2d_add_clip_5] Trial #172: GFLOPs: 36.0632. Time: 638.6233 us. Best GFLOPs: 317.3115
2024-05-21 14:29:17 [INFO] [task_scheduler.cc:131] [Task #9: fused_nn_conv2d_add_clip_5] Trial #173: GFLOPs: 192.7496. Time: 119.4855 us. Best GFLOPs: 317.3115
2024-05-21 14:29:17 [INFO] [task_scheduler.cc:131] [Task #9: fused_nn_conv2d_add_clip_5] Trial #174: GFLOPs: 207.0182. Time: 111.2500 us. Best GFLOPs: 317.3115
2024-05-21 14:29:17 [INFO] [task_scheduler.cc:131] [Task #9: fused_nn_conv2d_add_clip_5] Trial #175: GFLOPs: 135.5308. Time: 169.9302 us. Best GFLOPs: 317.3115
2024-05-21 14:29:17 [INFO] [task_scheduler.cc:131] [Task #9: fused_nn_conv2d_add_clip_5] Trial #176: GFLOPs: 75.9220. Time: 303.3481 us. Best GFLOPs: 317.3115
2024-05-21 14:29:17 [INFO] [task_scheduler.cc:131] [Task #9: fused_nn_conv2d_add_clip_5] Trial #177: GFLOPs: 208.5451. Time: 110.4355 us. Best GFLOPs: 317.3115
2024-05-21 14:29:17 [INFO] [task_scheduler.cc:131] [Task #9: fused_nn_conv2d_add_clip_5] Trial #178: GFLOPs: 147.8523. Time: 155.7689 us. Best GFLOPs: 317.3115
2024-05-21 14:29:17 [INFO] [task_scheduler.cc:131] [Task #9: fused_nn_conv2d_add_clip_5] Trial #179: GFLOPs: 167.8978. Time: 137.1714 us. Best GFLOPs: 317.3115
2024-05-21 14:29:17 [INFO] [task_scheduler.cc:131] [Task #9: fused_nn_conv2d_add_clip_5] Trial #180: GFLOPs: 213.5881. Time: 107.8280 us. Best GFLOPs: 317.3115
2024-05-21 14:29:17 [INFO] [task_scheduler.cc:131] [Task #9: fused_nn_conv2d_add_clip_5] Trial #181: GFLOPs: 218.8434. Time: 105.2387 us. Best GFLOPs: 317.3115
2024-05-21 14:29:17 [INFO] [task_scheduler.cc:131] [Task #9: fused_nn_conv2d_add_clip_5] Trial #182: GFLOPs: 136.9326. Time: 168.1907 us. Best GFLOPs: 317.3115
2024-05-21 14:29:17 [INFO] [task_scheduler.cc:131] [Task #9: fused_nn_conv2d_add_clip_5] Trial #183: GFLOPs: 147.1058. Time: 156.5593 us. Best GFLOPs: 317.3115
2024-05-21 14:29:17 [INFO] [task_scheduler.cc:131] [Task #9: fused_nn_conv2d_add_clip_5] Trial #184: GFLOPs: 152.7642. Time: 150.7604 us. Best GFLOPs: 317.3115
2024-05-21 14:29:17 [INFO] [task_scheduler.cc:131] [Task #9: fused_nn_conv2d_add_clip_5] Trial #185: GFLOPs: 226.5011. Time: 101.6807 us. Best GFLOPs: 317.3115
2024-05-21 14:29:17 [INFO] [task_scheduler.cc:131] [Task #9: fused_nn_conv2d_add_clip_5] Trial #186: GFLOPs: 225.9165. Time: 101.9438 us. Best GFLOPs: 317.3115
2024-05-21 14:29:17 [INFO] [task_scheduler.cc:131] [Task #9: fused_nn_conv2d_add_clip_5] Trial #187: GFLOPs: 182.6921. Time: 126.0634 us. Best GFLOPs: 317.3115
2024-05-21 14:29:17 [INFO] [task_scheduler.cc:131] [Task #9: fused_nn_conv2d_add_clip_5] Trial #188: GFLOPs: 224.0050. Time: 102.8137 us. Best GFLOPs: 317.3115
2024-05-21 14:29:17 [INFO] [task_scheduler.cc:131] [Task #9: fused_nn_conv2d_add_clip_5] Trial #189: GFLOPs: 174.3432. Time: 132.1003 us. Best GFLOPs: 317.3115
2024-05-21 14:29:17 [INFO] [task_scheduler.cc:131] [Task #9: fused_nn_conv2d_add_clip_5] Trial #190: GFLOPs: 42.0841. Time: 547.2562 us. Best GFLOPs: 317.3115
2024-05-21 14:29:17 [INFO] [task_scheduler.cc:131] [Task #9: fused_nn_conv2d_add_clip_5] Trial #191: GFLOPs: 52.0256. Time: 442.6821 us. Best GFLOPs: 317.3115
2024-05-21 14:29:17 [INFO] [task_scheduler.cc:131] [Task #9: fused_nn_conv2d_add_clip_5] Trial #192: GFLOPs: 26.8032. Time: 859.2536 us. Best GFLOPs: 317.3115
