2024-05-21 02:46:39 [INFO] [task_scheduler.cc:160] Initializing Task #32: "fused_nn_contrib_conv2d_NCHWc_add_nn_relu_31"
2024-05-21 02:46:39 [INFO] [task_scheduler.cc:35] 
# from tvm.script import ir as I
# from tvm.script import tir as T

@I.ir_module
class Module:
    @T.prim_func
    def main(p0: T.Buffer((T.int64(1), T.int64(64), T.int64(14), T.int64(14), T.int64(8)), "float32"), p1: T.Buffer((T.int64(16), T.int64(64), T.int64(1), T.int64(1), T.int64(8), T.int64(8)), "float32"), p2: T.Buffer((T.int64(1), T.int64(16), T.int64(1), T.int64(1), T.int64(8)), "float32"), T_relu: T.Buffer((T.int64(1), T.int64(16), T.int64(14), T.int64(14), T.int64(8)), "float32")):
        T.func_attr({"tir.noalias": T.bool(True)})
        # with T.block("root"):
        conv2d_NCHWc = T.alloc_buffer((T.int64(1), T.int64(16), T.int64(14), T.int64(14), T.int64(8)))
        T_add = T.alloc_buffer((T.int64(1), T.int64(16), T.int64(14), T.int64(14), T.int64(8)))
        for n, oc_chunk, oh, ow, oc_block, ic, kh, kw in T.grid(T.int64(1), T.int64(16), T.int64(14), T.int64(14), T.int64(8), T.int64(512), T.int64(1), T.int64(1)):
            with T.block("conv2d_NCHWc"):
                v_n, v_oc_chunk, v_oh, v_ow, v_oc_block, v_ic, v_kh, v_kw = T.axis.remap("SSSSSRRR", [n, oc_chunk, oh, ow, oc_block, ic, kh, kw])
                T.reads(p0[v_n, v_ic // T.int64(8), v_oh + v_kh, v_ow + v_kw, v_ic % T.int64(8)], p1[v_oc_chunk, v_ic // T.int64(8), v_kh, v_kw, v_ic % T.int64(8), v_oc_block])
                T.writes(conv2d_NCHWc[v_n, v_oc_chunk, v_oh, v_ow, v_oc_block])
                with T.init():
                    conv2d_NCHWc[v_n, v_oc_chunk, v_oh, v_ow, v_oc_block] = T.float32(0)
                conv2d_NCHWc[v_n, v_oc_chunk, v_oh, v_ow, v_oc_block] = conv2d_NCHWc[v_n, v_oc_chunk, v_oh, v_ow, v_oc_block] + p0[v_n, v_ic // T.int64(8), v_oh + v_kh, v_ow + v_kw, v_ic % T.int64(8)] * p1[v_oc_chunk, v_ic // T.int64(8), v_kh, v_kw, v_ic % T.int64(8), v_oc_block]
        for ax0, ax1, ax2, ax3, ax4 in T.grid(T.int64(1), T.int64(16), T.int64(14), T.int64(14), T.int64(8)):
            with T.block("T_add"):
                v_ax0, v_ax1, v_ax2, v_ax3, v_ax4 = T.axis.remap("SSSSS", [ax0, ax1, ax2, ax3, ax4])
                T.reads(conv2d_NCHWc[v_ax0, v_ax1, v_ax2, v_ax3, v_ax4], p2[v_ax0, v_ax1, T.int64(0), T.int64(0), v_ax4])
                T.writes(T_add[v_ax0, v_ax1, v_ax2, v_ax3, v_ax4])
                T_add[v_ax0, v_ax1, v_ax2, v_ax3, v_ax4] = conv2d_NCHWc[v_ax0, v_ax1, v_ax2, v_ax3, v_ax4] + p2[v_ax0, v_ax1, T.int64(0), T.int64(0), v_ax4]
        for ax0, ax1, ax2, ax3, ax4 in T.grid(T.int64(1), T.int64(16), T.int64(14), T.int64(14), T.int64(8)):
            with T.block("T_relu"):
                v_ax0, v_ax1, v_ax2, v_ax3, v_ax4 = T.axis.remap("SSSSS", [ax0, ax1, ax2, ax3, ax4])
                T.reads(T_add[v_ax0, v_ax1, v_ax2, v_ax3, v_ax4])
                T.writes(T_relu[v_ax0, v_ax1, v_ax2, v_ax3, v_ax4])
                T_relu[v_ax0, v_ax1, v_ax2, v_ax3, v_ax4] = T.max(T_add[v_ax0, v_ax1, v_ax2, v_ax3, v_ax4], T.float32(0))
2024-05-21 02:46:39 [INFO] [task_scheduler.cc:164] Total 3 design space(s) generated
2024-05-21 02:46:39 [INFO] [task_scheduler.cc:170] Design space #0:
# from tvm.script import ir as I
# from tvm.script import tir as T

@I.ir_module
class Module:
    @T.prim_func
    def main(p0: T.Buffer((T.int64(1), T.int64(64), T.int64(14), T.int64(14), T.int64(8)), "float32"), p1: T.Buffer((T.int64(16), T.int64(64), T.int64(1), T.int64(1), T.int64(8), T.int64(8)), "float32"), p2: T.Buffer((T.int64(1), T.int64(16), T.int64(1), T.int64(1), T.int64(8)), "float32"), T_relu: T.Buffer((T.int64(1), T.int64(16), T.int64(14), T.int64(14), T.int64(8)), "float32")):
        T.func_attr({"tir.noalias": T.bool(True)})
        with T.block("root"):
            T.reads()
            T.writes()
            T.block_attr({"meta_schedule.parallel": 96, "meta_schedule.unroll_explicit": 64, "meta_schedule.vectorize": 64})
            conv2d_NCHWc = T.alloc_buffer((T.int64(1), T.int64(16), T.int64(14), T.int64(14), T.int64(8)))
            for n_0, oc_chunk_0, oh_0, ow_0, oc_block_0, n_1, oc_chunk_1, oh_1, ow_1, oc_block_1, ic_0, kh_0, kw_0, n_2, oc_chunk_2, oh_2, ow_2, oc_block_2, ic_1, kh_1, kw_1, n_3, oc_chunk_3, oh_3, ow_3, oc_block_3 in T.grid(T.int64(1), T.int64(1), T.int64(1), T.int64(1), T.int64(2), T.int64(1), T.int64(8), T.int64(7), T.int64(7), T.int64(2), T.int64(64), T.int64(1), T.int64(1), T.int64(1), T.int64(1), T.int64(2), T.int64(1), T.int64(1), T.int64(8), T.int64(1), T.int64(1), T.int64(1), T.int64(2), T.int64(1), T.int64(2), T.int64(2)):
                with T.block("conv2d_NCHWc"):
                    v_n = T.axis.spatial(T.int64(1), n_0 + n_1 + n_2 + n_3)
                    v_oc_chunk = T.axis.spatial(T.int64(16), oc_chunk_0 * T.int64(16) + oc_chunk_1 * T.int64(2) + oc_chunk_2 * T.int64(2) + oc_chunk_3)
                    v_oh = T.axis.spatial(T.int64(14), oh_0 * T.int64(14) + oh_1 * T.int64(2) + oh_2 + oh_3)
                    v_ow = T.axis.spatial(T.int64(14), ow_0 * T.int64(14) + ow_1 * T.int64(2) + ow_2 * T.int64(2) + ow_3)
                    v_oc_block = T.axis.spatial(T.int64(8), oc_block_0 * T.int64(4) + oc_block_1 * T.int64(2) + oc_block_2 * T.int64(2) + oc_block_3)
                    v_ic = T.axis.reduce(T.int64(512), ic_0 * T.int64(8) + ic_1)
                    v_kh = T.axis.reduce(T.int64(1), kh_0 + kh_1)
                    v_kw = T.axis.reduce(T.int64(1), kw_0 + kw_1)
                    T.reads(p0[v_n, v_ic // T.int64(8), v_oh + v_kh, v_ow + v_kw, v_ic % T.int64(8)], p1[v_oc_chunk, v_ic // T.int64(8), v_kh, v_kw, v_ic % T.int64(8), v_oc_block])
                    T.writes(conv2d_NCHWc[v_n, v_oc_chunk, v_oh, v_ow, v_oc_block])
                    T.block_attr({"meta_schedule.tiling_structure": "SSRSRS"})
                    with T.init():
                        conv2d_NCHWc[v_n, v_oc_chunk, v_oh, v_ow, v_oc_block] = T.float32(0)
                    conv2d_NCHWc[v_n, v_oc_chunk, v_oh, v_ow, v_oc_block] = conv2d_NCHWc[v_n, v_oc_chunk, v_oh, v_ow, v_oc_block] + p0[v_n, v_ic // T.int64(8), v_oh + v_kh, v_ow + v_kw, v_ic % T.int64(8)] * p1[v_oc_chunk, v_ic // T.int64(8), v_kh, v_kw, v_ic % T.int64(8), v_oc_block]
            for ax0, ax1, ax2, ax3, ax4 in T.grid(T.int64(1), T.int64(16), T.int64(14), T.int64(14), T.int64(8)):
                with T.block("T_relu"):
                    v_ax0, v_ax1, v_ax2, v_ax3, v_ax4 = T.axis.remap("SSSSS", [ax0, ax1, ax2, ax3, ax4])
                    T.reads(conv2d_NCHWc[v_ax0, v_ax1, v_ax2, v_ax3, v_ax4], p2[v_ax0, v_ax1, T.int64(0), T.int64(0), v_ax4])
                    T.writes(T_relu[v_ax0, v_ax1, v_ax2, v_ax3, v_ax4])
                    T_relu[v_ax0, v_ax1, v_ax2, v_ax3, v_ax4] = T.max(conv2d_NCHWc[v_ax0, v_ax1, v_ax2, v_ax3, v_ax4] + p2[v_ax0, v_ax1, T.int64(0), T.int64(0), v_ax4], T.float32(0))
b0 = sch.get_block(name="conv2d_NCHWc", func_name="main")
b1 = sch.get_block(name="T_add", func_name="main")
b2 = sch.get_block(name="root", func_name="main")
sch.compute_inline(block=b1)
sch.annotate(block_or_loop=b0, ann_key="meta_schedule.tiling_structure", ann_val="SSRSRS")
l3, l4, l5, l6, l7, l8, l9, l10 = sch.get_loops(block=b0)
v11, v12, v13, v14 = sch.sample_perfect_tile(loop=l3, n=4, max_innermost_factor=64, decision=[1, 1, 1, 1])
l15, l16, l17, l18 = sch.split(loop=l3, factors=[v11, v12, v13, v14], preserve_unit_iters=True, disable_predication=False)
v19, v20, v21, v22 = sch.sample_perfect_tile(loop=l4, n=4, max_innermost_factor=64, decision=[1, 8, 1, 2])
l23, l24, l25, l26 = sch.split(loop=l4, factors=[v19, v20, v21, v22], preserve_unit_iters=True, disable_predication=False)
v27, v28, v29, v30 = sch.sample_perfect_tile(loop=l5, n=4, max_innermost_factor=64, decision=[1, 7, 2, 1])
l31, l32, l33, l34 = sch.split(loop=l5, factors=[v27, v28, v29, v30], preserve_unit_iters=True, disable_predication=False)
v35, v36, v37, v38 = sch.sample_perfect_tile(loop=l6, n=4, max_innermost_factor=64, decision=[1, 7, 1, 2])
l39, l40, l41, l42 = sch.split(loop=l6, factors=[v35, v36, v37, v38], preserve_unit_iters=True, disable_predication=False)
v43, v44, v45, v46 = sch.sample_perfect_tile(loop=l7, n=4, max_innermost_factor=64, decision=[2, 2, 1, 2])
l47, l48, l49, l50 = sch.split(loop=l7, factors=[v43, v44, v45, v46], preserve_unit_iters=True, disable_predication=False)
v51, v52 = sch.sample_perfect_tile(loop=l8, n=2, max_innermost_factor=64, decision=[64, 8])
l53, l54 = sch.split(loop=l8, factors=[v51, v52], preserve_unit_iters=True, disable_predication=False)
v55, v56 = sch.sample_perfect_tile(loop=l9, n=2, max_innermost_factor=64, decision=[1, 1])
l57, l58 = sch.split(loop=l9, factors=[v55, v56], preserve_unit_iters=True, disable_predication=False)
v59, v60 = sch.sample_perfect_tile(loop=l10, n=2, max_innermost_factor=64, decision=[1, 1])
l61, l62 = sch.split(loop=l10, factors=[v59, v60], preserve_unit_iters=True, disable_predication=False)
sch.reorder(l15, l23, l31, l39, l47, l16, l24, l32, l40, l48, l53, l57, l61, l17, l25, l33, l41, l49, l54, l58, l62, l18, l26, l34, l42, l50)
sch.annotate(block_or_loop=b2, ann_key="meta_schedule.parallel", ann_val=96)
sch.annotate(block_or_loop=b2, ann_key="meta_schedule.vectorize", ann_val=64)
v63 = sch.sample_categorical(candidates=[0, 16, 64, 512], probs=[0.25, 0.25, 0.25, 0.25], decision=2)
sch.annotate(block_or_loop=b2, ann_key="meta_schedule.unroll_explicit", ann_val=v63)
2024-05-21 02:46:39 [INFO] [task_scheduler.cc:170] Design space #1:
# from tvm.script import ir as I
# from tvm.script import tir as T

@I.ir_module
class Module:
    @T.prim_func
    def main(p0: T.Buffer((T.int64(1), T.int64(64), T.int64(14), T.int64(14), T.int64(8)), "float32"), p1: T.Buffer((T.int64(16), T.int64(64), T.int64(1), T.int64(1), T.int64(8), T.int64(8)), "float32"), p2: T.Buffer((T.int64(1), T.int64(16), T.int64(1), T.int64(1), T.int64(8)), "float32"), T_relu: T.Buffer((T.int64(1), T.int64(16), T.int64(14), T.int64(14), T.int64(8)), "float32")):
        T.func_attr({"tir.noalias": T.bool(True)})
        with T.block("root"):
            T.reads()
            T.writes()
            T.block_attr({"meta_schedule.parallel": 96, "meta_schedule.unroll_explicit": 64, "meta_schedule.vectorize": 64})
            conv2d_NCHWc = T.alloc_buffer((T.int64(1), T.int64(16), T.int64(14), T.int64(14), T.int64(8)))
            for n_0, oc_chunk_0, oh_0, ow_0, oc_block_0, n_1, oc_chunk_1, oh_1, ow_1, oc_block_1 in T.grid(T.int64(1), T.int64(1), T.int64(1), T.int64(1), T.int64(2), T.int64(1), T.int64(8), T.int64(7), T.int64(7), T.int64(2)):
                for ic_0, kh_0, kw_0, n_2, oc_chunk_2, oh_2, ow_2, oc_block_2, ic_1, kh_1, kw_1, n_3, oc_chunk_3, oh_3, ow_3, oc_block_3 in T.grid(T.int64(64), T.int64(1), T.int64(1), T.int64(1), T.int64(1), T.int64(2), T.int64(1), T.int64(1), T.int64(8), T.int64(1), T.int64(1), T.int64(1), T.int64(2), T.int64(1), T.int64(2), T.int64(2)):
                    with T.block("conv2d_NCHWc"):
                        v_n = T.axis.spatial(T.int64(1), n_0 + n_1 + n_2 + n_3)
                        v_oc_chunk = T.axis.spatial(T.int64(16), oc_chunk_0 * T.int64(16) + oc_chunk_1 * T.int64(2) + oc_chunk_2 * T.int64(2) + oc_chunk_3)
                        v_oh = T.axis.spatial(T.int64(14), oh_0 * T.int64(14) + oh_1 * T.int64(2) + oh_2 + oh_3)
                        v_ow = T.axis.spatial(T.int64(14), ow_0 * T.int64(14) + ow_1 * T.int64(2) + ow_2 * T.int64(2) + ow_3)
                        v_oc_block = T.axis.spatial(T.int64(8), oc_block_0 * T.int64(4) + oc_block_1 * T.int64(2) + oc_block_2 * T.int64(2) + oc_block_3)
                        v_ic = T.axis.reduce(T.int64(512), ic_0 * T.int64(8) + ic_1)
                        v_kh = T.axis.reduce(T.int64(1), kh_0 + kh_1)
                        v_kw = T.axis.reduce(T.int64(1), kw_0 + kw_1)
                        T.reads(p0[v_n, v_ic // T.int64(8), v_oh + v_kh, v_ow + v_kw, v_ic % T.int64(8)], p1[v_oc_chunk, v_ic // T.int64(8), v_kh, v_kw, v_ic % T.int64(8), v_oc_block])
                        T.writes(conv2d_NCHWc[v_n, v_oc_chunk, v_oh, v_ow, v_oc_block])
                        T.block_attr({"meta_schedule.tiling_structure": "SSRSRS"})
                        with T.init():
                            conv2d_NCHWc[v_n, v_oc_chunk, v_oh, v_ow, v_oc_block] = T.float32(0)
                        conv2d_NCHWc[v_n, v_oc_chunk, v_oh, v_ow, v_oc_block] = conv2d_NCHWc[v_n, v_oc_chunk, v_oh, v_ow, v_oc_block] + p0[v_n, v_ic // T.int64(8), v_oh + v_kh, v_ow + v_kw, v_ic % T.int64(8)] * p1[v_oc_chunk, v_ic // T.int64(8), v_kh, v_kw, v_ic % T.int64(8), v_oc_block]
                for ax0, ax1, ax2, ax3, ax4 in T.grid(T.int64(1), T.int64(2), T.int64(2), T.int64(2), T.int64(2)):
                    with T.block("T_relu"):
                        v_ax0 = T.axis.spatial(T.int64(1), ax0)
                        v_ax1 = T.axis.spatial(T.int64(16), oc_chunk_1 * T.int64(2) + ax1)
                        v_ax2 = T.axis.spatial(T.int64(14), oh_1 * T.int64(2) + ax2)
                        v_ax3 = T.axis.spatial(T.int64(14), ow_1 * T.int64(2) + ax3)
                        v_ax4 = T.axis.spatial(T.int64(8), oc_block_0 * T.int64(4) + oc_block_1 * T.int64(2) + ax4)
                        T.reads(conv2d_NCHWc[v_ax0, v_ax1, v_ax2, v_ax3, v_ax4], p2[v_ax0, v_ax1, T.int64(0), T.int64(0), v_ax4])
                        T.writes(T_relu[v_ax0, v_ax1, v_ax2, v_ax3, v_ax4])
                        T_relu[v_ax0, v_ax1, v_ax2, v_ax3, v_ax4] = T.max(conv2d_NCHWc[v_ax0, v_ax1, v_ax2, v_ax3, v_ax4] + p2[v_ax0, v_ax1, T.int64(0), T.int64(0), v_ax4], T.float32(0))
b0 = sch.get_block(name="conv2d_NCHWc", func_name="main")
b1 = sch.get_block(name="T_add", func_name="main")
b2 = sch.get_block(name="root", func_name="main")
sch.compute_inline(block=b1)
sch.annotate(block_or_loop=b0, ann_key="meta_schedule.tiling_structure", ann_val="SSRSRS")
l3, l4, l5, l6, l7, l8, l9, l10 = sch.get_loops(block=b0)
v11, v12, v13, v14 = sch.sample_perfect_tile(loop=l3, n=4, max_innermost_factor=64, decision=[1, 1, 1, 1])
l15, l16, l17, l18 = sch.split(loop=l3, factors=[v11, v12, v13, v14], preserve_unit_iters=True, disable_predication=False)
v19, v20, v21, v22 = sch.sample_perfect_tile(loop=l4, n=4, max_innermost_factor=64, decision=[1, 8, 1, 2])
l23, l24, l25, l26 = sch.split(loop=l4, factors=[v19, v20, v21, v22], preserve_unit_iters=True, disable_predication=False)
v27, v28, v29, v30 = sch.sample_perfect_tile(loop=l5, n=4, max_innermost_factor=64, decision=[1, 7, 2, 1])
l31, l32, l33, l34 = sch.split(loop=l5, factors=[v27, v28, v29, v30], preserve_unit_iters=True, disable_predication=False)
v35, v36, v37, v38 = sch.sample_perfect_tile(loop=l6, n=4, max_innermost_factor=64, decision=[1, 7, 1, 2])
l39, l40, l41, l42 = sch.split(loop=l6, factors=[v35, v36, v37, v38], preserve_unit_iters=True, disable_predication=False)
v43, v44, v45, v46 = sch.sample_perfect_tile(loop=l7, n=4, max_innermost_factor=64, decision=[2, 2, 1, 2])
l47, l48, l49, l50 = sch.split(loop=l7, factors=[v43, v44, v45, v46], preserve_unit_iters=True, disable_predication=False)
v51, v52 = sch.sample_perfect_tile(loop=l8, n=2, max_innermost_factor=64, decision=[64, 8])
l53, l54 = sch.split(loop=l8, factors=[v51, v52], preserve_unit_iters=True, disable_predication=False)
v55, v56 = sch.sample_perfect_tile(loop=l9, n=2, max_innermost_factor=64, decision=[1, 1])
l57, l58 = sch.split(loop=l9, factors=[v55, v56], preserve_unit_iters=True, disable_predication=False)
v59, v60 = sch.sample_perfect_tile(loop=l10, n=2, max_innermost_factor=64, decision=[1, 1])
l61, l62 = sch.split(loop=l10, factors=[v59, v60], preserve_unit_iters=True, disable_predication=False)
sch.reorder(l15, l23, l31, l39, l47, l16, l24, l32, l40, l48, l53, l57, l61, l17, l25, l33, l41, l49, l54, l58, l62, l18, l26, l34, l42, l50)
b63, = sch.get_consumers(block=b0)
sch.reverse_compute_at(block=b63, loop=l48, preserve_unit_loops=True, index=-1)
sch.annotate(block_or_loop=b2, ann_key="meta_schedule.parallel", ann_val=96)
sch.annotate(block_or_loop=b2, ann_key="meta_schedule.vectorize", ann_val=64)
v64 = sch.sample_categorical(candidates=[0, 16, 64, 512], probs=[0.25, 0.25, 0.25, 0.25], decision=2)
sch.annotate(block_or_loop=b2, ann_key="meta_schedule.unroll_explicit", ann_val=v64)
2024-05-21 02:46:39 [INFO] [task_scheduler.cc:170] Design space #2:
# from tvm.script import ir as I
# from tvm.script import tir as T

@I.ir_module
class Module:
    @T.prim_func
    def main(p0: T.Buffer((T.int64(1), T.int64(64), T.int64(14), T.int64(14), T.int64(8)), "float32"), p1: T.Buffer((T.int64(16), T.int64(64), T.int64(1), T.int64(1), T.int64(8), T.int64(8)), "float32"), p2: T.Buffer((T.int64(1), T.int64(16), T.int64(1), T.int64(1), T.int64(8)), "float32"), T_relu: T.Buffer((T.int64(1), T.int64(16), T.int64(14), T.int64(14), T.int64(8)), "float32")):
        T.func_attr({"tir.noalias": T.bool(True)})
        with T.block("root"):
            T.reads()
            T.writes()
            T.block_attr({"meta_schedule.parallel": 96, "meta_schedule.unroll_explicit": 0, "meta_schedule.vectorize": 64})
            conv2d_NCHWc = T.alloc_buffer((T.int64(1), T.int64(16), T.int64(14), T.int64(14), T.int64(8)))
            for n_0, oc_chunk_0, oh_0, ow_0, oc_block_0 in T.grid(T.int64(1), T.int64(1), T.int64(1), T.int64(1), T.int64(2)):
                for n_1, oc_chunk_1, oh_1, ow_1, oc_block_1, ic_0, kh_0, kw_0, n_2, oc_chunk_2, oh_2, ow_2, oc_block_2, ic_1, kh_1, kw_1, n_3, oc_chunk_3, oh_3, ow_3, oc_block_3 in T.grid(T.int64(1), T.int64(8), T.int64(7), T.int64(7), T.int64(2), T.int64(64), T.int64(1), T.int64(1), T.int64(1), T.int64(1), T.int64(2), T.int64(1), T.int64(1), T.int64(8), T.int64(1), T.int64(1), T.int64(1), T.int64(2), T.int64(1), T.int64(2), T.int64(2)):
                    with T.block("conv2d_NCHWc"):
                        v_n = T.axis.spatial(T.int64(1), n_0 + n_1 + n_2 + n_3)
                        v_oc_chunk = T.axis.spatial(T.int64(16), oc_chunk_0 * T.int64(16) + oc_chunk_1 * T.int64(2) + oc_chunk_2 * T.int64(2) + oc_chunk_3)
                        v_oh = T.axis.spatial(T.int64(14), oh_0 * T.int64(14) + oh_1 * T.int64(2) + oh_2 + oh_3)
                        v_ow = T.axis.spatial(T.int64(14), ow_0 * T.int64(14) + ow_1 * T.int64(2) + ow_2 * T.int64(2) + ow_3)
                        v_oc_block = T.axis.spatial(T.int64(8), oc_block_0 * T.int64(4) + oc_block_1 * T.int64(2) + oc_block_2 * T.int64(2) + oc_block_3)
                        v_ic = T.axis.reduce(T.int64(512), ic_0 * T.int64(8) + ic_1)
                        v_kh = T.axis.reduce(T.int64(1), kh_0 + kh_1)
                        v_kw = T.axis.reduce(T.int64(1), kw_0 + kw_1)
                        T.reads(p0[v_n, v_ic // T.int64(8), v_oh + v_kh, v_ow + v_kw, v_ic % T.int64(8)], p1[v_oc_chunk, v_ic // T.int64(8), v_kh, v_kw, v_ic % T.int64(8), v_oc_block])
                        T.writes(conv2d_NCHWc[v_n, v_oc_chunk, v_oh, v_ow, v_oc_block])
                        T.block_attr({"meta_schedule.tiling_structure": "SSRSRS"})
                        with T.init():
                            conv2d_NCHWc[v_n, v_oc_chunk, v_oh, v_ow, v_oc_block] = T.float32(0)
                        conv2d_NCHWc[v_n, v_oc_chunk, v_oh, v_ow, v_oc_block] = conv2d_NCHWc[v_n, v_oc_chunk, v_oh, v_ow, v_oc_block] + p0[v_n, v_ic // T.int64(8), v_oh + v_kh, v_ow + v_kw, v_ic % T.int64(8)] * p1[v_oc_chunk, v_ic // T.int64(8), v_kh, v_kw, v_ic % T.int64(8), v_oc_block]
                for ax0, ax1, ax2, ax3, ax4 in T.grid(T.int64(1), T.int64(16), T.int64(14), T.int64(14), T.int64(4)):
                    with T.block("T_relu"):
                        v_ax0, v_ax1, v_ax2, v_ax3 = T.axis.remap("SSSS", [ax0, ax1, ax2, ax3])
                        v_ax4 = T.axis.spatial(T.int64(8), oc_block_0 * T.int64(4) + ax4)
                        T.reads(conv2d_NCHWc[v_ax0, v_ax1, v_ax2, v_ax3, v_ax4], p2[v_ax0, v_ax1, T.int64(0), T.int64(0), v_ax4])
                        T.writes(T_relu[v_ax0, v_ax1, v_ax2, v_ax3, v_ax4])
                        T_relu[v_ax0, v_ax1, v_ax2, v_ax3, v_ax4] = T.max(conv2d_NCHWc[v_ax0, v_ax1, v_ax2, v_ax3, v_ax4] + p2[v_ax0, v_ax1, T.int64(0), T.int64(0), v_ax4], T.float32(0))
b0 = sch.get_block(name="conv2d_NCHWc", func_name="main")
b1 = sch.get_block(name="T_add", func_name="main")
b2 = sch.get_block(name="root", func_name="main")
sch.compute_inline(block=b1)
sch.annotate(block_or_loop=b0, ann_key="meta_schedule.tiling_structure", ann_val="SSRSRS")
l3, l4, l5, l6, l7, l8, l9, l10 = sch.get_loops(block=b0)
v11, v12, v13, v14 = sch.sample_perfect_tile(loop=l3, n=4, max_innermost_factor=64, decision=[1, 1, 1, 1])
l15, l16, l17, l18 = sch.split(loop=l3, factors=[v11, v12, v13, v14], preserve_unit_iters=True, disable_predication=False)
v19, v20, v21, v22 = sch.sample_perfect_tile(loop=l4, n=4, max_innermost_factor=64, decision=[1, 8, 1, 2])
l23, l24, l25, l26 = sch.split(loop=l4, factors=[v19, v20, v21, v22], preserve_unit_iters=True, disable_predication=False)
v27, v28, v29, v30 = sch.sample_perfect_tile(loop=l5, n=4, max_innermost_factor=64, decision=[1, 7, 2, 1])
l31, l32, l33, l34 = sch.split(loop=l5, factors=[v27, v28, v29, v30], preserve_unit_iters=True, disable_predication=False)
v35, v36, v37, v38 = sch.sample_perfect_tile(loop=l6, n=4, max_innermost_factor=64, decision=[1, 7, 1, 2])
l39, l40, l41, l42 = sch.split(loop=l6, factors=[v35, v36, v37, v38], preserve_unit_iters=True, disable_predication=False)
v43, v44, v45, v46 = sch.sample_perfect_tile(loop=l7, n=4, max_innermost_factor=64, decision=[2, 2, 1, 2])
l47, l48, l49, l50 = sch.split(loop=l7, factors=[v43, v44, v45, v46], preserve_unit_iters=True, disable_predication=False)
v51, v52 = sch.sample_perfect_tile(loop=l8, n=2, max_innermost_factor=64, decision=[64, 8])
l53, l54 = sch.split(loop=l8, factors=[v51, v52], preserve_unit_iters=True, disable_predication=False)
v55, v56 = sch.sample_perfect_tile(loop=l9, n=2, max_innermost_factor=64, decision=[1, 1])
l57, l58 = sch.split(loop=l9, factors=[v55, v56], preserve_unit_iters=True, disable_predication=False)
v59, v60 = sch.sample_perfect_tile(loop=l10, n=2, max_innermost_factor=64, decision=[1, 1])
l61, l62 = sch.split(loop=l10, factors=[v59, v60], preserve_unit_iters=True, disable_predication=False)
sch.reorder(l15, l23, l31, l39, l47, l16, l24, l32, l40, l48, l53, l57, l61, l17, l25, l33, l41, l49, l54, l58, l62, l18, l26, l34, l42, l50)
b63, = sch.get_consumers(block=b0)
sch.reverse_compute_at(block=b63, loop=l47, preserve_unit_loops=True, index=-1)
sch.annotate(block_or_loop=b2, ann_key="meta_schedule.parallel", ann_val=96)
sch.annotate(block_or_loop=b2, ann_key="meta_schedule.vectorize", ann_val=64)
v64 = sch.sample_categorical(candidates=[0, 16, 64, 512], probs=[0.25, 0.25, 0.25, 0.25], decision=0)
sch.annotate(block_or_loop=b2, ann_key="meta_schedule.unroll_explicit", ann_val=v64)
2024-05-21 03:39:47 [INFO] [evolutionary_search.cc:713] Generating candidates......
2024-05-21 03:39:47 [INFO] [evolutionary_search.cc:715] Picked top 0 candidate(s) from database
2024-05-21 03:39:48 [INFO] [evolutionary_search.cc:533] Sample-Init-Population summary:
Postproc #0 [meta_schedule.DisallowDynamicLoop(0x18501548)]: 0 failure(s)
Postproc #1 [meta_schedule.RewriteParallelVectorizeUnroll(0x1b1e6558)]: 0 failure(s)
Postproc #2 [meta_schedule.RewriteReductionBlock(0x1e1f7a78)]: 0 failure(s)
Postproc #3 [meta_schedule.RewriteLayout(0xffe7bb8)]: 0 failure(s)
2024-05-21 03:39:48 [INFO] [evolutionary_search.cc:723] Sampled 512 candidate(s)
2024-05-21 03:39:49 [INFO] [evolutionary_search.cc:621] Evolve iter #0 done. Summary:
Postproc #0 [meta_schedule.DisallowDynamicLoop(0x18501548)]: 0 failure(s)
Postproc #1 [meta_schedule.RewriteParallelVectorizeUnroll(0x1b1e6558)]: 0 failure(s)
Postproc #2 [meta_schedule.RewriteReductionBlock(0x1e1f7a78)]: 0 failure(s)
Postproc #3 [meta_schedule.RewriteLayout(0xffe7bb8)]: 0 failure(s)
2024-05-21 03:39:50 [INFO] [evolutionary_search.cc:621] Evolve iter #1 done. Summary:
Postproc #0 [meta_schedule.DisallowDynamicLoop(0x18501548)]: 0 failure(s)
Postproc #1 [meta_schedule.RewriteParallelVectorizeUnroll(0x1b1e6558)]: 0 failure(s)
Postproc #2 [meta_schedule.RewriteReductionBlock(0x1e1f7a78)]: 0 failure(s)
Postproc #3 [meta_schedule.RewriteLayout(0xffe7bb8)]: 0 failure(s)
2024-05-21 03:39:51 [INFO] [evolutionary_search.cc:621] Evolve iter #2 done. Summary:
Postproc #0 [meta_schedule.DisallowDynamicLoop(0x18501548)]: 0 failure(s)
Postproc #1 [meta_schedule.RewriteParallelVectorizeUnroll(0x1b1e6558)]: 0 failure(s)
Postproc #2 [meta_schedule.RewriteReductionBlock(0x1e1f7a78)]: 0 failure(s)
Postproc #3 [meta_schedule.RewriteLayout(0xffe7bb8)]: 0 failure(s)
2024-05-21 03:39:52 [INFO] [evolutionary_search.cc:621] Evolve iter #3 done. Summary:
Postproc #0 [meta_schedule.DisallowDynamicLoop(0x18501548)]: 0 failure(s)
Postproc #1 [meta_schedule.RewriteParallelVectorizeUnroll(0x1b1e6558)]: 0 failure(s)
Postproc #2 [meta_schedule.RewriteReductionBlock(0x1e1f7a78)]: 0 failure(s)
Postproc #3 [meta_schedule.RewriteLayout(0xffe7bb8)]: 0 failure(s)
2024-05-21 03:39:52 [INFO] [evolutionary_search.cc:649] Scores of the best 64 candidates:
[1 : 16]:	0.9998  0.9997  0.9997  0.9994  0.9991  0.9982  0.9978  0.9972  0.9972  0.9968  0.9950  0.9950  0.9941  0.9935  0.9934  0.9932
[17 : 32]:	0.9911  0.9911  0.9910  0.9905  0.9903  0.9894  0.9893  0.9891  0.9881  0.9877  0.9877  0.9874  0.9864  0.9860  0.9852  0.9841
[33 : 48]:	0.9839  0.9835  0.9829  0.9826  0.9820  0.9819  0.9814  0.9812  0.9810  0.9810  0.9809  0.9805  0.9799  0.9798  0.9794  0.9790
[49 : 64]:	0.9781  0.9774  0.9774  0.9762  0.9758  0.9753  0.9749  0.9729  0.9729  0.9726  0.9716  0.9716  0.9711  0.9703  0.9702  0.9699
2024-05-21 03:39:52 [INFO] [evolutionary_search.cc:727] Got 64 candidate(s) with evolutionary search
2024-05-21 03:39:52 [INFO] [evolutionary_search.cc:730] Sending 64 candidates(s) for measurement
2024-05-21 04:46:38 [INFO] [task_scheduler.cc:131] [Task #32: fused_nn_contrib_conv2d_NCHWc_add_nn_relu_31] Trial #1: GFLOPs: 47.4004. Time: 543.0391 us. Best GFLOPs: 47.4004
2024-05-21 04:46:38 [INFO] [task_scheduler.cc:131] [Task #32: fused_nn_contrib_conv2d_NCHWc_add_nn_relu_31] Trial #2: GFLOPs: 96.8543. Time: 265.7629 us. Best GFLOPs: 96.8543
2024-05-21 04:46:38 [INFO] [task_scheduler.cc:131] [Task #32: fused_nn_contrib_conv2d_NCHWc_add_nn_relu_31] Trial #3: GFLOPs: 14.7234. Time: 1748.2553 us. Best GFLOPs: 96.8543
2024-05-21 04:46:38 [INFO] [task_scheduler.cc:131] [Task #32: fused_nn_contrib_conv2d_NCHWc_add_nn_relu_31] Trial #4: GFLOPs: 32.9281. Time: 781.7123 us. Best GFLOPs: 96.8543
2024-05-21 04:46:38 [INFO] [task_scheduler.cc:131] [Task #32: fused_nn_contrib_conv2d_NCHWc_add_nn_relu_31] Trial #5: GFLOPs: 16.6833. Time: 1542.8814 us. Best GFLOPs: 96.8543
2024-05-21 04:46:38 [INFO] [task_scheduler.cc:131] [Task #32: fused_nn_contrib_conv2d_NCHWc_add_nn_relu_31] Trial #6: GFLOPs: 8.9120. Time: 2888.2838 us. Best GFLOPs: 96.8543
2024-05-21 04:46:38 [INFO] [task_scheduler.cc:131] [Task #32: fused_nn_contrib_conv2d_NCHWc_add_nn_relu_31] Trial #7: GFLOPs: 163.9140. Time: 157.0353 us. Best GFLOPs: 163.9140
2024-05-21 04:46:38 [INFO] [task_scheduler.cc:131] [Task #32: fused_nn_contrib_conv2d_NCHWc_add_nn_relu_31] Trial #8: GFLOPs: 10.5151. Time: 2447.9452 us. Best GFLOPs: 163.9140
2024-05-21 04:46:38 [INFO] [task_scheduler.cc:131] [Task #32: fused_nn_contrib_conv2d_NCHWc_add_nn_relu_31] Trial #9: GFLOPs: 29.5536. Time: 870.9684 us. Best GFLOPs: 163.9140
2024-05-21 04:46:38 [INFO] [task_scheduler.cc:131] [Task #32: fused_nn_contrib_conv2d_NCHWc_add_nn_relu_31] Trial #10: GFLOPs: 38.0842. Time: 675.8777 us. Best GFLOPs: 163.9140
2024-05-21 04:46:38 [INFO] [task_scheduler.cc:131] [Task #32: fused_nn_contrib_conv2d_NCHWc_add_nn_relu_31] Trial #11: GFLOPs: 11.5503. Time: 2228.5301 us. Best GFLOPs: 163.9140
2024-05-21 04:46:38 [INFO] [task_scheduler.cc:131] [Task #32: fused_nn_contrib_conv2d_NCHWc_add_nn_relu_31] Trial #12: GFLOPs: 22.1206. Time: 1163.6363 us. Best GFLOPs: 163.9140
2024-05-21 04:46:38 [INFO] [task_scheduler.cc:131] [Task #32: fused_nn_contrib_conv2d_NCHWc_add_nn_relu_31] Trial #13: GFLOPs: 15.3133. Time: 1680.9064 us. Best GFLOPs: 163.9140
2024-05-21 04:46:38 [INFO] [task_scheduler.cc:131] [Task #32: fused_nn_contrib_conv2d_NCHWc_add_nn_relu_31] Trial #14: GFLOPs: 36.1238. Time: 712.5575 us. Best GFLOPs: 163.9140
2024-05-21 04:46:38 [INFO] [task_scheduler.cc:131] [Task #32: fused_nn_contrib_conv2d_NCHWc_add_nn_relu_31] Trial #15: GFLOPs: 12.7033. Time: 2026.2601 us. Best GFLOPs: 163.9140
2024-05-21 04:46:38 [INFO] [task_scheduler.cc:131] [Task #32: fused_nn_contrib_conv2d_NCHWc_add_nn_relu_31] Trial #16: GFLOPs: 30.6769. Time: 839.0767 us. Best GFLOPs: 163.9140
2024-05-21 04:46:38 [INFO] [task_scheduler.cc:131] [Task #32: fused_nn_contrib_conv2d_NCHWc_add_nn_relu_31] Trial #17: GFLOPs: 21.2469. Time: 1211.4839 us. Best GFLOPs: 163.9140
2024-05-21 04:46:38 [INFO] [task_scheduler.cc:131] [Task #32: fused_nn_contrib_conv2d_NCHWc_add_nn_relu_31] Trial #18: GFLOPs: 37.2723. Time: 690.6004 us. Best GFLOPs: 163.9140
2024-05-21 04:46:38 [INFO] [task_scheduler.cc:131] [Task #32: fused_nn_contrib_conv2d_NCHWc_add_nn_relu_31] Trial #19: GFLOPs: 119.2861. Time: 215.7862 us. Best GFLOPs: 163.9140
2024-05-21 04:46:38 [INFO] [task_scheduler.cc:131] [Task #32: fused_nn_contrib_conv2d_NCHWc_add_nn_relu_31] Trial #20: GFLOPs: 48.1948. Time: 534.0884 us. Best GFLOPs: 163.9140
2024-05-21 04:46:38 [INFO] [task_scheduler.cc:131] [Task #32: fused_nn_contrib_conv2d_NCHWc_add_nn_relu_31] Trial #21: GFLOPs: 31.6776. Time: 812.5719 us. Best GFLOPs: 163.9140
2024-05-21 04:46:38 [INFO] [task_scheduler.cc:131] [Task #32: fused_nn_contrib_conv2d_NCHWc_add_nn_relu_31] Trial #22: GFLOPs: 13.9363. Time: 1846.9939 us. Best GFLOPs: 163.9140
2024-05-21 04:46:38 [INFO] [task_scheduler.cc:131] [Task #32: fused_nn_contrib_conv2d_NCHWc_add_nn_relu_31] Trial #23: GFLOPs: 23.9776. Time: 1073.5118 us. Best GFLOPs: 163.9140
2024-05-21 04:46:38 [INFO] [task_scheduler.cc:131] [Task #32: fused_nn_contrib_conv2d_NCHWc_add_nn_relu_31] Trial #24: GFLOPs: 11.3775. Time: 2262.3925 us. Best GFLOPs: 163.9140
2024-05-21 04:46:38 [INFO] [task_scheduler.cc:131] [Task #32: fused_nn_contrib_conv2d_NCHWc_add_nn_relu_31] Trial #25: GFLOPs: 33.4224. Time: 770.1504 us. Best GFLOPs: 163.9140
2024-05-21 04:46:38 [INFO] [task_scheduler.cc:131] [Task #32: fused_nn_contrib_conv2d_NCHWc_add_nn_relu_31] Trial #26: GFLOPs: 39.1135. Time: 658.0925 us. Best GFLOPs: 163.9140
2024-05-21 04:46:38 [INFO] [task_scheduler.cc:131] [Task #32: fused_nn_contrib_conv2d_NCHWc_add_nn_relu_31] Trial #27: GFLOPs: 76.0510. Time: 338.4609 us. Best GFLOPs: 163.9140
2024-05-21 04:46:38 [INFO] [task_scheduler.cc:131] [Task #32: fused_nn_contrib_conv2d_NCHWc_add_nn_relu_31] Trial #28: GFLOPs: 96.5334. Time: 266.6466 us. Best GFLOPs: 163.9140
2024-05-21 04:46:38 [INFO] [task_scheduler.cc:131] [Task #32: fused_nn_contrib_conv2d_NCHWc_add_nn_relu_31] Trial #29: GFLOPs: 44.2733. Time: 581.3950 us. Best GFLOPs: 163.9140
2024-05-21 04:46:38 [INFO] [task_scheduler.cc:131] [Task #32: fused_nn_contrib_conv2d_NCHWc_add_nn_relu_31] Trial #30: GFLOPs: 16.6100. Time: 1549.6820 us. Best GFLOPs: 163.9140
2024-05-21 04:46:38 [INFO] [task_scheduler.cc:131] [Task #32: fused_nn_contrib_conv2d_NCHWc_add_nn_relu_31] Trial #31: GFLOPs: 21.4032. Time: 1202.6360 us. Best GFLOPs: 163.9140
2024-05-21 04:46:38 [INFO] [task_scheduler.cc:131] [Task #32: fused_nn_contrib_conv2d_NCHWc_add_nn_relu_31] Trial #32: GFLOPs: 46.7785. Time: 550.2589 us. Best GFLOPs: 163.9140
2024-05-21 04:46:38 [INFO] [task_scheduler.cc:131] [Task #32: fused_nn_contrib_conv2d_NCHWc_add_nn_relu_31] Trial #33: GFLOPs: 73.1017. Time: 352.1161 us. Best GFLOPs: 163.9140
2024-05-21 04:46:38 [INFO] [task_scheduler.cc:131] [Task #32: fused_nn_contrib_conv2d_NCHWc_add_nn_relu_31] Trial #34: GFLOPs: 24.2279. Time: 1062.4219 us. Best GFLOPs: 163.9140
2024-05-21 04:46:38 [INFO] [task_scheduler.cc:131] [Task #32: fused_nn_contrib_conv2d_NCHWc_add_nn_relu_31] Trial #35: GFLOPs: 65.2245. Time: 394.6414 us. Best GFLOPs: 163.9140
2024-05-21 04:46:38 [INFO] [task_scheduler.cc:131] [Task #32: fused_nn_contrib_conv2d_NCHWc_add_nn_relu_31] Trial #36: GFLOPs: 63.0259. Time: 408.4079 us. Best GFLOPs: 163.9140
2024-05-21 04:46:38 [INFO] [task_scheduler.cc:131] [Task #32: fused_nn_contrib_conv2d_NCHWc_add_nn_relu_31] Trial #37: GFLOPs: 59.4782. Time: 432.7681 us. Best GFLOPs: 163.9140
2024-05-21 04:46:38 [INFO] [task_scheduler.cc:131] [Task #32: fused_nn_contrib_conv2d_NCHWc_add_nn_relu_31] Trial #38: GFLOPs: 1.6828. Time: 15296.0058 us. Best GFLOPs: 163.9140
2024-05-21 04:46:38 [INFO] [task_scheduler.cc:131] [Task #32: fused_nn_contrib_conv2d_NCHWc_add_nn_relu_31] Trial #39: GFLOPs: 110.3693. Time: 233.2196 us. Best GFLOPs: 163.9140
2024-05-21 04:46:38 [INFO] [task_scheduler.cc:131] [Task #32: fused_nn_contrib_conv2d_NCHWc_add_nn_relu_31] Trial #40: GFLOPs: 44.0252. Time: 584.6718 us. Best GFLOPs: 163.9140
2024-05-21 04:46:38 [INFO] [task_scheduler.cc:131] [Task #32: fused_nn_contrib_conv2d_NCHWc_add_nn_relu_31] Trial #41: GFLOPs: 22.9625. Time: 1120.9686 us. Best GFLOPs: 163.9140
2024-05-21 04:46:38 [INFO] [task_scheduler.cc:131] [Task #32: fused_nn_contrib_conv2d_NCHWc_add_nn_relu_31] Trial #42: GFLOPs: 31.2367. Time: 824.0403 us. Best GFLOPs: 163.9140
2024-05-21 04:46:38 [INFO] [task_scheduler.cc:131] [Task #32: fused_nn_contrib_conv2d_NCHWc_add_nn_relu_31] Trial #43: GFLOPs: 39.6230. Time: 649.6307 us. Best GFLOPs: 163.9140
2024-05-21 04:46:38 [INFO] [task_scheduler.cc:131] [Task #32: fused_nn_contrib_conv2d_NCHWc_add_nn_relu_31] Trial #44: GFLOPs: 32.0311. Time: 803.6037 us. Best GFLOPs: 163.9140
2024-05-21 04:46:38 [INFO] [task_scheduler.cc:131] [Task #32: fused_nn_contrib_conv2d_NCHWc_add_nn_relu_31] Trial #45: GFLOPs: 67.1627. Time: 383.2528 us. Best GFLOPs: 163.9140
2024-05-21 04:46:38 [INFO] [task_scheduler.cc:131] [Task #32: fused_nn_contrib_conv2d_NCHWc_add_nn_relu_31] Trial #46: GFLOPs: 21.7817. Time: 1181.7389 us. Best GFLOPs: 163.9140
2024-05-21 04:46:38 [INFO] [task_scheduler.cc:131] [Task #32: fused_nn_contrib_conv2d_NCHWc_add_nn_relu_31] Trial #47: GFLOPs: 47.3823. Time: 543.2465 us. Best GFLOPs: 163.9140
2024-05-21 04:46:38 [INFO] [task_scheduler.cc:131] [Task #32: fused_nn_contrib_conv2d_NCHWc_add_nn_relu_31] Trial #48: GFLOPs: 23.5374. Time: 1093.5893 us. Best GFLOPs: 163.9140
2024-05-21 04:46:38 [INFO] [task_scheduler.cc:131] [Task #32: fused_nn_contrib_conv2d_NCHWc_add_nn_relu_31] Trial #49: GFLOPs: 21.6995. Time: 1186.2147 us. Best GFLOPs: 163.9140
2024-05-21 04:46:38 [INFO] [task_scheduler.cc:131] [Task #32: fused_nn_contrib_conv2d_NCHWc_add_nn_relu_31] Trial #50: GFLOPs: 1.1108. Time: 23172.8730 us. Best GFLOPs: 163.9140
2024-05-21 04:46:38 [INFO] [task_scheduler.cc:131] [Task #32: fused_nn_contrib_conv2d_NCHWc_add_nn_relu_31] Trial #51: GFLOPs: 4.0188. Time: 6405.0421 us. Best GFLOPs: 163.9140
2024-05-21 04:46:38 [INFO] [task_scheduler.cc:131] [Task #32: fused_nn_contrib_conv2d_NCHWc_add_nn_relu_31] Trial #52: GFLOPs: 11.0451. Time: 2330.4702 us. Best GFLOPs: 163.9140
2024-05-21 04:46:38 [INFO] [task_scheduler.cc:131] [Task #32: fused_nn_contrib_conv2d_NCHWc_add_nn_relu_31] Trial #53: GFLOPs: 48.3827. Time: 532.0147 us. Best GFLOPs: 163.9140
2024-05-21 04:46:38 [INFO] [task_scheduler.cc:131] [Task #32: fused_nn_contrib_conv2d_NCHWc_add_nn_relu_31] Trial #54: GFLOPs: 57.7936. Time: 445.3826 us. Best GFLOPs: 163.9140
2024-05-21 04:46:38 [INFO] [task_scheduler.cc:131] [Task #32: fused_nn_contrib_conv2d_NCHWc_add_nn_relu_31] Trial #55: GFLOPs: 25.3754. Time: 1014.3784 us. Best GFLOPs: 163.9140
2024-05-21 04:46:38 [INFO] [task_scheduler.cc:131] [Task #32: fused_nn_contrib_conv2d_NCHWc_add_nn_relu_31] Trial #56: GFLOPs: 46.5547. Time: 552.9040 us. Best GFLOPs: 163.9140
2024-05-21 04:46:38 [INFO] [task_scheduler.cc:131] [Task #32: fused_nn_contrib_conv2d_NCHWc_add_nn_relu_31] Trial #57: GFLOPs: 12.1211. Time: 2123.5953 us. Best GFLOPs: 163.9140
2024-05-21 04:46:38 [INFO] [task_scheduler.cc:131] [Task #32: fused_nn_contrib_conv2d_NCHWc_add_nn_relu_31] Trial #58: GFLOPs: 36.4654. Time: 705.8820 us. Best GFLOPs: 163.9140
2024-05-21 04:46:38 [INFO] [task_scheduler.cc:131] [Task #32: fused_nn_contrib_conv2d_NCHWc_add_nn_relu_31] Trial #59: GFLOPs: 30.0732. Time: 855.9218 us. Best GFLOPs: 163.9140
2024-05-21 04:46:38 [INFO] [task_scheduler.cc:131] [Task #32: fused_nn_contrib_conv2d_NCHWc_add_nn_relu_31] Trial #60: GFLOPs: 146.0776. Time: 176.2096 us. Best GFLOPs: 163.9140
2024-05-21 04:46:38 [INFO] [task_scheduler.cc:131] [Task #32: fused_nn_contrib_conv2d_NCHWc_add_nn_relu_31] Trial #61: GFLOPs: 26.4548. Time: 972.9925 us. Best GFLOPs: 163.9140
2024-05-21 04:46:38 [INFO] [task_scheduler.cc:131] [Task #32: fused_nn_contrib_conv2d_NCHWc_add_nn_relu_31] Trial #62: GFLOPs: 24.6388. Time: 1044.7068 us. Best GFLOPs: 163.9140
2024-05-21 04:46:38 [INFO] [task_scheduler.cc:131] [Task #32: fused_nn_contrib_conv2d_NCHWc_add_nn_relu_31] Trial #63: GFLOPs: 13.7034. Time: 1878.3885 us. Best GFLOPs: 163.9140
2024-05-21 04:46:38 [INFO] [task_scheduler.cc:131] [Task #32: fused_nn_contrib_conv2d_NCHWc_add_nn_relu_31] Trial #64: GFLOPs: 37.6186. Time: 684.2443 us. Best GFLOPs: 163.9140
