2024-05-21 02:46:40 [INFO] [task_scheduler.cc:160] Initializing Task #67: "fused_nn_contrib_conv2d_NCHWc_4"
2024-05-21 02:46:40 [INFO] [task_scheduler.cc:35] 
# from tvm.script import ir as I
# from tvm.script import tir as T

@I.ir_module
class Module:
    @T.prim_func
    def main(p0: T.Buffer((T.int64(1), T.int64(32), T.int64(56), T.int64(56), T.int64(8)), "float32"), p1: T.Buffer((T.int64(16), T.int64(32), T.int64(1), T.int64(1), T.int64(8), T.int64(8)), "float32"), conv2d_NCHWc: T.Buffer((T.int64(1), T.int64(16), T.int64(56), T.int64(56), T.int64(8)), "float32")):
        T.func_attr({"tir.noalias": T.bool(True)})
        # with T.block("root"):
        for n, oc_chunk, oh, ow, oc_block, ic, kh, kw in T.grid(T.int64(1), T.int64(16), T.int64(56), T.int64(56), T.int64(8), T.int64(256), T.int64(1), T.int64(1)):
            with T.block("conv2d_NCHWc"):
                v_n, v_oc_chunk, v_oh, v_ow, v_oc_block, v_ic, v_kh, v_kw = T.axis.remap("SSSSSRRR", [n, oc_chunk, oh, ow, oc_block, ic, kh, kw])
                T.reads(p0[v_n, v_ic // T.int64(8), v_oh + v_kh, v_ow + v_kw, v_ic % T.int64(8)], p1[v_oc_chunk, v_ic // T.int64(8), v_kh, v_kw, v_ic % T.int64(8), v_oc_block])
                T.writes(conv2d_NCHWc[v_n, v_oc_chunk, v_oh, v_ow, v_oc_block])
                with T.init():
                    conv2d_NCHWc[v_n, v_oc_chunk, v_oh, v_ow, v_oc_block] = T.float32(0)
                conv2d_NCHWc[v_n, v_oc_chunk, v_oh, v_ow, v_oc_block] = conv2d_NCHWc[v_n, v_oc_chunk, v_oh, v_ow, v_oc_block] + p0[v_n, v_ic // T.int64(8), v_oh + v_kh, v_ow + v_kw, v_ic % T.int64(8)] * p1[v_oc_chunk, v_ic // T.int64(8), v_kh, v_kw, v_ic % T.int64(8), v_oc_block]
2024-05-21 02:46:40 [INFO] [task_scheduler.cc:164] Total 3 design space(s) generated
2024-05-21 02:46:40 [INFO] [task_scheduler.cc:170] Design space #0:
# from tvm.script import ir as I
# from tvm.script import tir as T

@I.ir_module
class Module:
    @T.prim_func
    def main(p0: T.Buffer((T.int64(1), T.int64(32), T.int64(56), T.int64(56), T.int64(8)), "float32"), p1: T.Buffer((T.int64(16), T.int64(32), T.int64(1), T.int64(1), T.int64(8), T.int64(8)), "float32"), conv2d_NCHWc: T.Buffer((T.int64(1), T.int64(16), T.int64(56), T.int64(56), T.int64(8)), "float32")):
        T.func_attr({"tir.noalias": T.bool(True)})
        with T.block("root"):
            T.reads()
            T.writes()
            T.block_attr({"meta_schedule.parallel": 96, "meta_schedule.unroll_explicit": 16, "meta_schedule.vectorize": 64})
            conv2d_NCHWc_global = T.alloc_buffer((T.int64(1), T.int64(16), T.int64(56), T.int64(56), T.int64(8)))
            for n_0, oc_chunk_0, oh_0, ow_0, oc_block_0, n_1, oc_chunk_1, oh_1, ow_1, oc_block_1 in T.grid(T.int64(1), T.int64(1), T.int64(14), T.int64(14), T.int64(2), T.int64(1), T.int64(4), T.int64(1), T.int64(1), T.int64(2)):
                for ic_0, kh_0, kw_0, n_2, oc_chunk_2, oh_2, ow_2, oc_block_2, ic_1, kh_1, kw_1, n_3, oc_chunk_3, oh_3, ow_3, oc_block_3 in T.grid(T.int64(256), T.int64(1), T.int64(1), T.int64(1), T.int64(1), T.int64(2), T.int64(1), T.int64(1), T.int64(1), T.int64(1), T.int64(1), T.int64(1), T.int64(4), T.int64(2), T.int64(4), T.int64(2)):
                    with T.block("conv2d_NCHWc"):
                        v_n = T.axis.spatial(T.int64(1), n_0 + n_1 + n_2 + n_3)
                        v_oc_chunk = T.axis.spatial(T.int64(16), oc_chunk_0 * T.int64(16) + oc_chunk_1 * T.int64(4) + oc_chunk_2 * T.int64(4) + oc_chunk_3)
                        v_oh = T.axis.spatial(T.int64(56), oh_0 * T.int64(4) + oh_1 * T.int64(4) + oh_2 * T.int64(2) + oh_3)
                        v_ow = T.axis.spatial(T.int64(56), ow_0 * T.int64(4) + ow_1 * T.int64(4) + ow_2 * T.int64(4) + ow_3)
                        v_oc_block = T.axis.spatial(T.int64(8), oc_block_0 * T.int64(4) + oc_block_1 * T.int64(2) + oc_block_2 * T.int64(2) + oc_block_3)
                        v_ic = T.axis.reduce(T.int64(256), ic_0 + ic_1)
                        v_kh = T.axis.reduce(T.int64(1), kh_0 + kh_1)
                        v_kw = T.axis.reduce(T.int64(1), kw_0 + kw_1)
                        T.reads(p0[v_n, v_ic // T.int64(8), v_oh + v_kh, v_ow + v_kw, v_ic % T.int64(8)], p1[v_oc_chunk, v_ic // T.int64(8), v_kh, v_kw, v_ic % T.int64(8), v_oc_block])
                        T.writes(conv2d_NCHWc_global[v_n, v_oc_chunk, v_oh, v_ow, v_oc_block])
                        T.block_attr({"meta_schedule.tiling_structure": "SSRSRS"})
                        with T.init():
                            conv2d_NCHWc_global[v_n, v_oc_chunk, v_oh, v_ow, v_oc_block] = T.float32(0)
                        conv2d_NCHWc_global[v_n, v_oc_chunk, v_oh, v_ow, v_oc_block] = conv2d_NCHWc_global[v_n, v_oc_chunk, v_oh, v_ow, v_oc_block] + p0[v_n, v_ic // T.int64(8), v_oh + v_kh, v_ow + v_kw, v_ic % T.int64(8)] * p1[v_oc_chunk, v_ic // T.int64(8), v_kh, v_kw, v_ic % T.int64(8), v_oc_block]
                for ax0, ax1, ax2, ax3, ax4 in T.grid(T.int64(1), T.int64(4), T.int64(4), T.int64(4), T.int64(2)):
                    with T.block("conv2d_NCHWc_global"):
                        v0 = T.axis.spatial(T.int64(1), ax0)
                        v1 = T.axis.spatial(T.int64(16), oc_chunk_1 * T.int64(4) + ax1)
                        v2 = T.axis.spatial(T.int64(56), oh_0 * T.int64(4) + ax2)
                        v3 = T.axis.spatial(T.int64(56), ow_0 * T.int64(4) + ax3)
                        v4 = T.axis.spatial(T.int64(8), oc_block_0 * T.int64(4) + oc_block_1 * T.int64(2) + ax4)
                        T.reads(conv2d_NCHWc_global[v0, v1, v2, v3, v4])
                        T.writes(conv2d_NCHWc[v0, v1, v2, v3, v4])
                        conv2d_NCHWc[v0, v1, v2, v3, v4] = conv2d_NCHWc_global[v0, v1, v2, v3, v4]
b0 = sch.get_block(name="conv2d_NCHWc", func_name="main")
b1 = sch.get_block(name="root", func_name="main")
sch.annotate(block_or_loop=b0, ann_key="meta_schedule.tiling_structure", ann_val="SSRSRS")
l2, l3, l4, l5, l6, l7, l8, l9 = sch.get_loops(block=b0)
v10, v11, v12, v13 = sch.sample_perfect_tile(loop=l2, n=4, max_innermost_factor=64, decision=[1, 1, 1, 1])
l14, l15, l16, l17 = sch.split(loop=l2, factors=[v10, v11, v12, v13], preserve_unit_iters=True, disable_predication=False)
v18, v19, v20, v21 = sch.sample_perfect_tile(loop=l3, n=4, max_innermost_factor=64, decision=[1, 4, 1, 4])
l22, l23, l24, l25 = sch.split(loop=l3, factors=[v18, v19, v20, v21], preserve_unit_iters=True, disable_predication=False)
v26, v27, v28, v29 = sch.sample_perfect_tile(loop=l4, n=4, max_innermost_factor=64, decision=[14, 1, 2, 2])
l30, l31, l32, l33 = sch.split(loop=l4, factors=[v26, v27, v28, v29], preserve_unit_iters=True, disable_predication=False)
v34, v35, v36, v37 = sch.sample_perfect_tile(loop=l5, n=4, max_innermost_factor=64, decision=[14, 1, 1, 4])
l38, l39, l40, l41 = sch.split(loop=l5, factors=[v34, v35, v36, v37], preserve_unit_iters=True, disable_predication=False)
v42, v43, v44, v45 = sch.sample_perfect_tile(loop=l6, n=4, max_innermost_factor=64, decision=[2, 2, 1, 2])
l46, l47, l48, l49 = sch.split(loop=l6, factors=[v42, v43, v44, v45], preserve_unit_iters=True, disable_predication=False)
v50, v51 = sch.sample_perfect_tile(loop=l7, n=2, max_innermost_factor=64, decision=[256, 1])
l52, l53 = sch.split(loop=l7, factors=[v50, v51], preserve_unit_iters=True, disable_predication=False)
v54, v55 = sch.sample_perfect_tile(loop=l8, n=2, max_innermost_factor=64, decision=[1, 1])
l56, l57 = sch.split(loop=l8, factors=[v54, v55], preserve_unit_iters=True, disable_predication=False)
v58, v59 = sch.sample_perfect_tile(loop=l9, n=2, max_innermost_factor=64, decision=[1, 1])
l60, l61 = sch.split(loop=l9, factors=[v58, v59], preserve_unit_iters=True, disable_predication=False)
sch.reorder(l14, l22, l30, l38, l46, l15, l23, l31, l39, l47, l52, l56, l60, l16, l24, l32, l40, l48, l53, l57, l61, l17, l25, l33, l41, l49)
b62 = sch.cache_write(block=b0, write_buffer_index=0, storage_scope="global")
sch.reverse_compute_at(block=b62, loop=l47, preserve_unit_loops=True, index=-1)
sch.annotate(block_or_loop=b1, ann_key="meta_schedule.parallel", ann_val=96)
sch.annotate(block_or_loop=b1, ann_key="meta_schedule.vectorize", ann_val=64)
v63 = sch.sample_categorical(candidates=[0, 16, 64, 512], probs=[0.25, 0.25, 0.25, 0.25], decision=1)
sch.annotate(block_or_loop=b1, ann_key="meta_schedule.unroll_explicit", ann_val=v63)
2024-05-21 02:46:40 [INFO] [task_scheduler.cc:170] Design space #1:
# from tvm.script import ir as I
# from tvm.script import tir as T

@I.ir_module
class Module:
    @T.prim_func
    def main(p0: T.Buffer((T.int64(1), T.int64(32), T.int64(56), T.int64(56), T.int64(8)), "float32"), p1: T.Buffer((T.int64(16), T.int64(32), T.int64(1), T.int64(1), T.int64(8), T.int64(8)), "float32"), conv2d_NCHWc: T.Buffer((T.int64(1), T.int64(16), T.int64(56), T.int64(56), T.int64(8)), "float32")):
        T.func_attr({"tir.noalias": T.bool(True)})
        with T.block("root"):
            T.reads()
            T.writes()
            T.block_attr({"meta_schedule.parallel": 96, "meta_schedule.unroll_explicit": 64, "meta_schedule.vectorize": 64})
            conv2d_NCHWc_global = T.alloc_buffer((T.int64(1), T.int64(16), T.int64(56), T.int64(56), T.int64(8)))
            for n_0, oc_chunk_0, oh_0, ow_0, oc_block_0 in T.grid(T.int64(1), T.int64(1), T.int64(14), T.int64(14), T.int64(2)):
                for n_1, oc_chunk_1, oh_1, ow_1, oc_block_1, ic_0, kh_0, kw_0, n_2, oc_chunk_2, oh_2, ow_2, oc_block_2, ic_1, kh_1, kw_1, n_3, oc_chunk_3, oh_3, ow_3, oc_block_3 in T.grid(T.int64(1), T.int64(4), T.int64(1), T.int64(1), T.int64(2), T.int64(256), T.int64(1), T.int64(1), T.int64(1), T.int64(1), T.int64(2), T.int64(1), T.int64(1), T.int64(1), T.int64(1), T.int64(1), T.int64(1), T.int64(4), T.int64(2), T.int64(4), T.int64(2)):
                    with T.block("conv2d_NCHWc"):
                        v_n = T.axis.spatial(T.int64(1), n_0 + n_1 + n_2 + n_3)
                        v_oc_chunk = T.axis.spatial(T.int64(16), oc_chunk_0 * T.int64(16) + oc_chunk_1 * T.int64(4) + oc_chunk_2 * T.int64(4) + oc_chunk_3)
                        v_oh = T.axis.spatial(T.int64(56), oh_0 * T.int64(4) + oh_1 * T.int64(4) + oh_2 * T.int64(2) + oh_3)
                        v_ow = T.axis.spatial(T.int64(56), ow_0 * T.int64(4) + ow_1 * T.int64(4) + ow_2 * T.int64(4) + ow_3)
                        v_oc_block = T.axis.spatial(T.int64(8), oc_block_0 * T.int64(4) + oc_block_1 * T.int64(2) + oc_block_2 * T.int64(2) + oc_block_3)
                        v_ic = T.axis.reduce(T.int64(256), ic_0 + ic_1)
                        v_kh = T.axis.reduce(T.int64(1), kh_0 + kh_1)
                        v_kw = T.axis.reduce(T.int64(1), kw_0 + kw_1)
                        T.reads(p0[v_n, v_ic // T.int64(8), v_oh + v_kh, v_ow + v_kw, v_ic % T.int64(8)], p1[v_oc_chunk, v_ic // T.int64(8), v_kh, v_kw, v_ic % T.int64(8), v_oc_block])
                        T.writes(conv2d_NCHWc_global[v_n, v_oc_chunk, v_oh, v_ow, v_oc_block])
                        T.block_attr({"meta_schedule.tiling_structure": "SSRSRS"})
                        with T.init():
                            conv2d_NCHWc_global[v_n, v_oc_chunk, v_oh, v_ow, v_oc_block] = T.float32(0)
                        conv2d_NCHWc_global[v_n, v_oc_chunk, v_oh, v_ow, v_oc_block] = conv2d_NCHWc_global[v_n, v_oc_chunk, v_oh, v_ow, v_oc_block] + p0[v_n, v_ic // T.int64(8), v_oh + v_kh, v_ow + v_kw, v_ic % T.int64(8)] * p1[v_oc_chunk, v_ic // T.int64(8), v_kh, v_kw, v_ic % T.int64(8), v_oc_block]
                for ax0, ax1, ax2, ax3, ax4 in T.grid(T.int64(1), T.int64(16), T.int64(4), T.int64(4), T.int64(4)):
                    with T.block("conv2d_NCHWc_global"):
                        v0, v1 = T.axis.remap("SS", [ax0, ax1])
                        v2 = T.axis.spatial(T.int64(56), oh_0 * T.int64(4) + ax2)
                        v3 = T.axis.spatial(T.int64(56), ow_0 * T.int64(4) + ax3)
                        v4 = T.axis.spatial(T.int64(8), oc_block_0 * T.int64(4) + ax4)
                        T.reads(conv2d_NCHWc_global[v0, v1, v2, v3, v4])
                        T.writes(conv2d_NCHWc[v0, v1, v2, v3, v4])
                        conv2d_NCHWc[v0, v1, v2, v3, v4] = conv2d_NCHWc_global[v0, v1, v2, v3, v4]
b0 = sch.get_block(name="conv2d_NCHWc", func_name="main")
b1 = sch.get_block(name="root", func_name="main")
sch.annotate(block_or_loop=b0, ann_key="meta_schedule.tiling_structure", ann_val="SSRSRS")
l2, l3, l4, l5, l6, l7, l8, l9 = sch.get_loops(block=b0)
v10, v11, v12, v13 = sch.sample_perfect_tile(loop=l2, n=4, max_innermost_factor=64, decision=[1, 1, 1, 1])
l14, l15, l16, l17 = sch.split(loop=l2, factors=[v10, v11, v12, v13], preserve_unit_iters=True, disable_predication=False)
v18, v19, v20, v21 = sch.sample_perfect_tile(loop=l3, n=4, max_innermost_factor=64, decision=[1, 4, 1, 4])
l22, l23, l24, l25 = sch.split(loop=l3, factors=[v18, v19, v20, v21], preserve_unit_iters=True, disable_predication=False)
v26, v27, v28, v29 = sch.sample_perfect_tile(loop=l4, n=4, max_innermost_factor=64, decision=[14, 1, 2, 2])
l30, l31, l32, l33 = sch.split(loop=l4, factors=[v26, v27, v28, v29], preserve_unit_iters=True, disable_predication=False)
v34, v35, v36, v37 = sch.sample_perfect_tile(loop=l5, n=4, max_innermost_factor=64, decision=[14, 1, 1, 4])
l38, l39, l40, l41 = sch.split(loop=l5, factors=[v34, v35, v36, v37], preserve_unit_iters=True, disable_predication=False)
v42, v43, v44, v45 = sch.sample_perfect_tile(loop=l6, n=4, max_innermost_factor=64, decision=[2, 2, 1, 2])
l46, l47, l48, l49 = sch.split(loop=l6, factors=[v42, v43, v44, v45], preserve_unit_iters=True, disable_predication=False)
v50, v51 = sch.sample_perfect_tile(loop=l7, n=2, max_innermost_factor=64, decision=[256, 1])
l52, l53 = sch.split(loop=l7, factors=[v50, v51], preserve_unit_iters=True, disable_predication=False)
v54, v55 = sch.sample_perfect_tile(loop=l8, n=2, max_innermost_factor=64, decision=[1, 1])
l56, l57 = sch.split(loop=l8, factors=[v54, v55], preserve_unit_iters=True, disable_predication=False)
v58, v59 = sch.sample_perfect_tile(loop=l9, n=2, max_innermost_factor=64, decision=[1, 1])
l60, l61 = sch.split(loop=l9, factors=[v58, v59], preserve_unit_iters=True, disable_predication=False)
sch.reorder(l14, l22, l30, l38, l46, l15, l23, l31, l39, l47, l52, l56, l60, l16, l24, l32, l40, l48, l53, l57, l61, l17, l25, l33, l41, l49)
b62 = sch.cache_write(block=b0, write_buffer_index=0, storage_scope="global")
sch.reverse_compute_at(block=b62, loop=l46, preserve_unit_loops=True, index=-1)
sch.annotate(block_or_loop=b1, ann_key="meta_schedule.parallel", ann_val=96)
sch.annotate(block_or_loop=b1, ann_key="meta_schedule.vectorize", ann_val=64)
v63 = sch.sample_categorical(candidates=[0, 16, 64, 512], probs=[0.25, 0.25, 0.25, 0.25], decision=2)
sch.annotate(block_or_loop=b1, ann_key="meta_schedule.unroll_explicit", ann_val=v63)
2024-05-21 02:46:40 [INFO] [task_scheduler.cc:170] Design space #2:
# from tvm.script import ir as I
# from tvm.script import tir as T

@I.ir_module
class Module:
    @T.prim_func
    def main(p0: T.Buffer((T.int64(1), T.int64(32), T.int64(56), T.int64(56), T.int64(8)), "float32"), p1: T.Buffer((T.int64(16), T.int64(32), T.int64(1), T.int64(1), T.int64(8), T.int64(8)), "float32"), conv2d_NCHWc: T.Buffer((T.int64(1), T.int64(16), T.int64(56), T.int64(56), T.int64(8)), "float32")):
        T.func_attr({"tir.noalias": T.bool(True)})
        with T.block("root"):
            T.reads()
            T.writes()
            T.block_attr({"meta_schedule.parallel": 96, "meta_schedule.unroll_explicit": 512, "meta_schedule.vectorize": 64})
            for n_0, oc_chunk_0, oh_0, ow_0, oc_block_0, n_1, oc_chunk_1, oh_1, ow_1, oc_block_1, ic_0, kh_0, kw_0, n_2, oc_chunk_2, oh_2, ow_2, oc_block_2, ic_1, kh_1, kw_1, n_3, oc_chunk_3, oh_3, ow_3, oc_block_3 in T.grid(T.int64(1), T.int64(1), T.int64(14), T.int64(14), T.int64(2), T.int64(1), T.int64(4), T.int64(1), T.int64(1), T.int64(2), T.int64(256), T.int64(1), T.int64(1), T.int64(1), T.int64(1), T.int64(2), T.int64(1), T.int64(1), T.int64(1), T.int64(1), T.int64(1), T.int64(1), T.int64(4), T.int64(2), T.int64(4), T.int64(2)):
                with T.block("conv2d_NCHWc"):
                    v_n = T.axis.spatial(T.int64(1), n_0 + n_1 + n_2 + n_3)
                    v_oc_chunk = T.axis.spatial(T.int64(16), oc_chunk_0 * T.int64(16) + oc_chunk_1 * T.int64(4) + oc_chunk_2 * T.int64(4) + oc_chunk_3)
                    v_oh = T.axis.spatial(T.int64(56), oh_0 * T.int64(4) + oh_1 * T.int64(4) + oh_2 * T.int64(2) + oh_3)
                    v_ow = T.axis.spatial(T.int64(56), ow_0 * T.int64(4) + ow_1 * T.int64(4) + ow_2 * T.int64(4) + ow_3)
                    v_oc_block = T.axis.spatial(T.int64(8), oc_block_0 * T.int64(4) + oc_block_1 * T.int64(2) + oc_block_2 * T.int64(2) + oc_block_3)
                    v_ic = T.axis.reduce(T.int64(256), ic_0 + ic_1)
                    v_kh = T.axis.reduce(T.int64(1), kh_0 + kh_1)
                    v_kw = T.axis.reduce(T.int64(1), kw_0 + kw_1)
                    T.reads(p0[v_n, v_ic // T.int64(8), v_oh + v_kh, v_ow + v_kw, v_ic % T.int64(8)], p1[v_oc_chunk, v_ic // T.int64(8), v_kh, v_kw, v_ic % T.int64(8), v_oc_block])
                    T.writes(conv2d_NCHWc[v_n, v_oc_chunk, v_oh, v_ow, v_oc_block])
                    T.block_attr({"meta_schedule.tiling_structure": "SSRSRS"})
                    with T.init():
                        conv2d_NCHWc[v_n, v_oc_chunk, v_oh, v_ow, v_oc_block] = T.float32(0)
                    conv2d_NCHWc[v_n, v_oc_chunk, v_oh, v_ow, v_oc_block] = conv2d_NCHWc[v_n, v_oc_chunk, v_oh, v_ow, v_oc_block] + p0[v_n, v_ic // T.int64(8), v_oh + v_kh, v_ow + v_kw, v_ic % T.int64(8)] * p1[v_oc_chunk, v_ic // T.int64(8), v_kh, v_kw, v_ic % T.int64(8), v_oc_block]
b0 = sch.get_block(name="conv2d_NCHWc", func_name="main")
b1 = sch.get_block(name="root", func_name="main")
sch.annotate(block_or_loop=b0, ann_key="meta_schedule.tiling_structure", ann_val="SSRSRS")
l2, l3, l4, l5, l6, l7, l8, l9 = sch.get_loops(block=b0)
v10, v11, v12, v13 = sch.sample_perfect_tile(loop=l2, n=4, max_innermost_factor=64, decision=[1, 1, 1, 1])
l14, l15, l16, l17 = sch.split(loop=l2, factors=[v10, v11, v12, v13], preserve_unit_iters=True, disable_predication=False)
v18, v19, v20, v21 = sch.sample_perfect_tile(loop=l3, n=4, max_innermost_factor=64, decision=[1, 4, 1, 4])
l22, l23, l24, l25 = sch.split(loop=l3, factors=[v18, v19, v20, v21], preserve_unit_iters=True, disable_predication=False)
v26, v27, v28, v29 = sch.sample_perfect_tile(loop=l4, n=4, max_innermost_factor=64, decision=[14, 1, 2, 2])
l30, l31, l32, l33 = sch.split(loop=l4, factors=[v26, v27, v28, v29], preserve_unit_iters=True, disable_predication=False)
v34, v35, v36, v37 = sch.sample_perfect_tile(loop=l5, n=4, max_innermost_factor=64, decision=[14, 1, 1, 4])
l38, l39, l40, l41 = sch.split(loop=l5, factors=[v34, v35, v36, v37], preserve_unit_iters=True, disable_predication=False)
v42, v43, v44, v45 = sch.sample_perfect_tile(loop=l6, n=4, max_innermost_factor=64, decision=[2, 2, 1, 2])
l46, l47, l48, l49 = sch.split(loop=l6, factors=[v42, v43, v44, v45], preserve_unit_iters=True, disable_predication=False)
v50, v51 = sch.sample_perfect_tile(loop=l7, n=2, max_innermost_factor=64, decision=[256, 1])
l52, l53 = sch.split(loop=l7, factors=[v50, v51], preserve_unit_iters=True, disable_predication=False)
v54, v55 = sch.sample_perfect_tile(loop=l8, n=2, max_innermost_factor=64, decision=[1, 1])
l56, l57 = sch.split(loop=l8, factors=[v54, v55], preserve_unit_iters=True, disable_predication=False)
v58, v59 = sch.sample_perfect_tile(loop=l9, n=2, max_innermost_factor=64, decision=[1, 1])
l60, l61 = sch.split(loop=l9, factors=[v58, v59], preserve_unit_iters=True, disable_predication=False)
sch.reorder(l14, l22, l30, l38, l46, l15, l23, l31, l39, l47, l52, l56, l60, l16, l24, l32, l40, l48, l53, l57, l61, l17, l25, l33, l41, l49)
sch.annotate(block_or_loop=b1, ann_key="meta_schedule.parallel", ann_val=96)
sch.annotate(block_or_loop=b1, ann_key="meta_schedule.vectorize", ann_val=64)
v62 = sch.sample_categorical(candidates=[0, 16, 64, 512], probs=[0.25, 0.25, 0.25, 0.25], decision=3)
sch.annotate(block_or_loop=b1, ann_key="meta_schedule.unroll_explicit", ann_val=v62)
2024-05-21 04:33:27 [INFO] [evolutionary_search.cc:713] Generating candidates......
2024-05-21 04:33:27 [INFO] [evolutionary_search.cc:715] Picked top 0 candidate(s) from database
2024-05-21 04:33:28 [INFO] [evolutionary_search.cc:533] Sample-Init-Population summary:
Postproc #0 [meta_schedule.DisallowDynamicLoop(0x1a1c47b8)]: 0 failure(s)
Postproc #1 [meta_schedule.RewriteParallelVectorizeUnroll(0x1ab46de8)]: 0 failure(s)
Postproc #2 [meta_schedule.RewriteReductionBlock(0xb75f948)]: 0 failure(s)
Postproc #3 [meta_schedule.RewriteLayout(0xd78f058)]: 0 failure(s)
2024-05-21 04:33:28 [INFO] [evolutionary_search.cc:723] Sampled 512 candidate(s)
2024-05-21 04:33:28 [INFO] [evolutionary_search.cc:621] Evolve iter #0 done. Summary:
Postproc #0 [meta_schedule.DisallowDynamicLoop(0x1a1c47b8)]: 0 failure(s)
Postproc #1 [meta_schedule.RewriteParallelVectorizeUnroll(0x1ab46de8)]: 0 failure(s)
Postproc #2 [meta_schedule.RewriteReductionBlock(0xb75f948)]: 0 failure(s)
Postproc #3 [meta_schedule.RewriteLayout(0xd78f058)]: 0 failure(s)
2024-05-21 04:33:29 [INFO] [evolutionary_search.cc:621] Evolve iter #1 done. Summary:
Postproc #0 [meta_schedule.DisallowDynamicLoop(0x1a1c47b8)]: 0 failure(s)
Postproc #1 [meta_schedule.RewriteParallelVectorizeUnroll(0x1ab46de8)]: 0 failure(s)
Postproc #2 [meta_schedule.RewriteReductionBlock(0xb75f948)]: 0 failure(s)
Postproc #3 [meta_schedule.RewriteLayout(0xd78f058)]: 0 failure(s)
2024-05-21 04:33:30 [INFO] [evolutionary_search.cc:621] Evolve iter #2 done. Summary:
Postproc #0 [meta_schedule.DisallowDynamicLoop(0x1a1c47b8)]: 0 failure(s)
Postproc #1 [meta_schedule.RewriteParallelVectorizeUnroll(0x1ab46de8)]: 0 failure(s)
Postproc #2 [meta_schedule.RewriteReductionBlock(0xb75f948)]: 0 failure(s)
Postproc #3 [meta_schedule.RewriteLayout(0xd78f058)]: 0 failure(s)
2024-05-21 04:33:31 [INFO] [evolutionary_search.cc:621] Evolve iter #3 done. Summary:
Postproc #0 [meta_schedule.DisallowDynamicLoop(0x1a1c47b8)]: 0 failure(s)
Postproc #1 [meta_schedule.RewriteParallelVectorizeUnroll(0x1ab46de8)]: 0 failure(s)
Postproc #2 [meta_schedule.RewriteReductionBlock(0xb75f948)]: 0 failure(s)
Postproc #3 [meta_schedule.RewriteLayout(0xd78f058)]: 0 failure(s)
2024-05-21 04:33:31 [INFO] [evolutionary_search.cc:649] Scores of the best 64 candidates:
[1 : 16]:	1.0000  0.9996  0.9994  0.9992  0.9990  0.9989  0.9981  0.9981  0.9980  0.9978  0.9970  0.9969  0.9967  0.9954  0.9951  0.9939
[17 : 32]:	0.9932  0.9927  0.9922  0.9905  0.9904  0.9899  0.9891  0.9888  0.9884  0.9881  0.9869  0.9861  0.9859  0.9859  0.9851  0.9843
[33 : 48]:	0.9842  0.9839  0.9818  0.9817  0.9814  0.9812  0.9808  0.9800  0.9789  0.9787  0.9781  0.9774  0.9773  0.9771  0.9762  0.9734
[49 : 64]:	0.9722  0.9718  0.9716  0.9711  0.9710  0.9705  0.9704  0.9702  0.9696  0.9692  0.9690  0.9682  0.9678  0.9672  0.9666  0.9663
2024-05-21 04:33:31 [INFO] [evolutionary_search.cc:727] Got 64 candidate(s) with evolutionary search
2024-05-21 04:33:31 [INFO] [evolutionary_search.cc:730] Sending 64 candidates(s) for measurement
2024-05-21 04:46:46 [INFO] [task_scheduler.cc:131] [Task #67: fused_nn_contrib_conv2d_NCHWc_4] Trial #1: GFLOPs: 17.4430. Time: 11782.4283 us. Best GFLOPs: 17.4430
2024-05-21 04:46:46 [INFO] [task_scheduler.cc:131] [Task #67: fused_nn_contrib_conv2d_NCHWc_4] Trial #2: GFLOPs: 11.7193. Time: 17536.9258 us. Best GFLOPs: 17.4430
2024-05-21 04:46:46 [INFO] [task_scheduler.cc:131] [Task #67: fused_nn_contrib_conv2d_NCHWc_4] Trial #3: GFLOPs: 13.9731. Time: 14708.3013 us. Best GFLOPs: 17.4430
2024-05-21 04:46:46 [INFO] [task_scheduler.cc:131] [Task #67: fused_nn_contrib_conv2d_NCHWc_4] Trial #4: GFLOPs: 16.6034. Time: 12378.2728 us. Best GFLOPs: 17.4430
2024-05-21 04:46:46 [INFO] [task_scheduler.cc:131] [Task #67: fused_nn_contrib_conv2d_NCHWc_4] Trial #5: GFLOPs: 17.9146. Time: 11472.2657 us. Best GFLOPs: 17.9146
2024-05-21 04:46:46 [INFO] [task_scheduler.cc:131] [Task #67: fused_nn_contrib_conv2d_NCHWc_4] Trial #6: GFLOPs: 28.4173. Time: 7232.2332 us. Best GFLOPs: 28.4173
2024-05-21 04:46:46 [INFO] [task_scheduler.cc:131] [Task #67: fused_nn_contrib_conv2d_NCHWc_4] Trial #7: GFLOPs: 47.8352. Time: 4296.4392 us. Best GFLOPs: 47.8352
2024-05-21 04:46:46 [INFO] [task_scheduler.cc:131] [Task #67: fused_nn_contrib_conv2d_NCHWc_4] Trial #8: GFLOPs: 27.4194. Time: 7495.4561 us. Best GFLOPs: 47.8352
2024-05-21 04:46:46 [INFO] [task_scheduler.cc:131] [Task #67: fused_nn_contrib_conv2d_NCHWc_4] Trial #9: GFLOPs: 11.7297. Time: 17521.3712 us. Best GFLOPs: 47.8352
2024-05-21 04:46:46 [INFO] [task_scheduler.cc:131] [Task #67: fused_nn_contrib_conv2d_NCHWc_4] Trial #10: GFLOPs: 22.6727. Time: 9064.6764 us. Best GFLOPs: 47.8352
2024-05-21 04:46:46 [INFO] [task_scheduler.cc:131] [Task #67: fused_nn_contrib_conv2d_NCHWc_4] Trial #11: GFLOPs: 23.4328. Time: 8770.6530 us. Best GFLOPs: 47.8352
2024-05-21 04:46:46 [INFO] [task_scheduler.cc:131] [Task #67: fused_nn_contrib_conv2d_NCHWc_4] Trial #12: GFLOPs: 20.7180. Time: 9919.8970 us. Best GFLOPs: 47.8352
2024-05-21 04:46:46 [INFO] [task_scheduler.cc:131] [Task #67: fused_nn_contrib_conv2d_NCHWc_4] Trial #13: GFLOPs: 97.3015. Time: 2112.2066 us. Best GFLOPs: 97.3015
2024-05-21 04:46:46 [INFO] [task_scheduler.cc:131] [Task #67: fused_nn_contrib_conv2d_NCHWc_4] Trial #14: GFLOPs: 18.0172. Time: 11406.9143 us. Best GFLOPs: 97.3015
2024-05-21 04:46:46 [INFO] [task_scheduler.cc:131] [Task #67: fused_nn_contrib_conv2d_NCHWc_4] Trial #15: GFLOPs: 26.6649. Time: 7707.5450 us. Best GFLOPs: 97.3015
2024-05-21 04:46:46 [INFO] [task_scheduler.cc:131] [Task #67: fused_nn_contrib_conv2d_NCHWc_4] Trial #16: GFLOPs: 21.0111. Time: 9781.5323 us. Best GFLOPs: 97.3015
2024-05-21 04:46:46 [INFO] [task_scheduler.cc:131] [Task #67: fused_nn_contrib_conv2d_NCHWc_4] Trial #17: GFLOPs: 20.6261. Time: 9964.1387 us. Best GFLOPs: 97.3015
2024-05-21 04:46:46 [INFO] [task_scheduler.cc:131] [Task #67: fused_nn_contrib_conv2d_NCHWc_4] Trial #18: GFLOPs: 12.8475. Time: 15996.9430 us. Best GFLOPs: 97.3015
2024-05-21 04:46:46 [INFO] [task_scheduler.cc:131] [Task #67: fused_nn_contrib_conv2d_NCHWc_4] Trial #19: GFLOPs: 16.0666. Time: 12791.8479 us. Best GFLOPs: 97.3015
2024-05-21 04:46:46 [INFO] [task_scheduler.cc:131] [Task #67: fused_nn_contrib_conv2d_NCHWc_4] Trial #20: GFLOPs: 36.0806. Time: 5696.1590 us. Best GFLOPs: 97.3015
2024-05-21 04:46:46 [INFO] [task_scheduler.cc:131] [Task #67: fused_nn_contrib_conv2d_NCHWc_4] Trial #21: GFLOPs: 31.6899. Time: 6485.3840 us. Best GFLOPs: 97.3015
2024-05-21 04:46:46 [INFO] [task_scheduler.cc:131] [Task #67: fused_nn_contrib_conv2d_NCHWc_4] Trial #22: GFLOPs: 25.0189. Time: 8214.6315 us. Best GFLOPs: 97.3015
2024-05-21 04:46:46 [INFO] [task_scheduler.cc:131] [Task #67: fused_nn_contrib_conv2d_NCHWc_4] Trial #23: GFLOPs: 36.4532. Time: 5637.9380 us. Best GFLOPs: 97.3015
2024-05-21 04:46:46 [INFO] [task_scheduler.cc:131] [Task #67: fused_nn_contrib_conv2d_NCHWc_4] Trial #24: GFLOPs: 68.6859. Time: 2992.1825 us. Best GFLOPs: 97.3015
2024-05-21 04:46:46 [INFO] [task_scheduler.cc:131] [Task #67: fused_nn_contrib_conv2d_NCHWc_4] Trial #25: GFLOPs: 10.9336. Time: 18797.1261 us. Best GFLOPs: 97.3015
2024-05-21 04:46:46 [INFO] [task_scheduler.cc:131] [Task #67: fused_nn_contrib_conv2d_NCHWc_4] Trial #26: GFLOPs: 16.4508. Time: 12493.0898 us. Best GFLOPs: 97.3015
2024-05-21 04:46:46 [INFO] [task_scheduler.cc:131] [Task #67: fused_nn_contrib_conv2d_NCHWc_4] Trial #27: GFLOPs: 14.5076. Time: 14166.4586 us. Best GFLOPs: 97.3015
2024-05-21 04:46:46 [INFO] [task_scheduler.cc:131] [Task #67: fused_nn_contrib_conv2d_NCHWc_4] Trial #28: GFLOPs: 28.4782. Time: 7216.7843 us. Best GFLOPs: 97.3015
2024-05-21 04:46:46 [INFO] [task_scheduler.cc:131] [Task #67: fused_nn_contrib_conv2d_NCHWc_4] Trial #29: GFLOPs: 46.6299. Time: 4407.4879 us. Best GFLOPs: 97.3015
2024-05-21 04:46:46 [INFO] [task_scheduler.cc:131] [Task #67: fused_nn_contrib_conv2d_NCHWc_4] Trial #30: GFLOPs: 13.6288. Time: 15079.8784 us. Best GFLOPs: 97.3015
2024-05-21 04:46:46 [INFO] [task_scheduler.cc:131] [Task #67: fused_nn_contrib_conv2d_NCHWc_4] Trial #31: GFLOPs: 68.4884. Time: 3000.8120 us. Best GFLOPs: 97.3015
2024-05-21 04:46:46 [INFO] [task_scheduler.cc:131] [Task #67: fused_nn_contrib_conv2d_NCHWc_4] Trial #32: GFLOPs: 32.5029. Time: 6323.1602 us. Best GFLOPs: 97.3015
2024-05-21 04:46:46 [INFO] [task_scheduler.cc:131] [Task #67: fused_nn_contrib_conv2d_NCHWc_4] Trial #33: GFLOPs: 26.3257. Time: 7806.8618 us. Best GFLOPs: 97.3015
2024-05-21 04:46:46 [INFO] [task_scheduler.cc:131] [Task #67: fused_nn_contrib_conv2d_NCHWc_4] Trial #34: GFLOPs: 19.4299. Time: 10577.5713 us. Best GFLOPs: 97.3015
2024-05-21 04:46:46 [INFO] [task_scheduler.cc:131] [Task #67: fused_nn_contrib_conv2d_NCHWc_4] Trial #35: GFLOPs: 15.7453. Time: 13052.8713 us. Best GFLOPs: 97.3015
2024-05-21 04:46:46 [INFO] [task_scheduler.cc:131] [Task #67: fused_nn_contrib_conv2d_NCHWc_4] Trial #36: GFLOPs: 8.0852. Time: 25419.4460 us. Best GFLOPs: 97.3015
2024-05-21 04:46:46 [INFO] [task_scheduler.cc:131] [Task #67: fused_nn_contrib_conv2d_NCHWc_4] Trial #37: GFLOPs: 15.6684. Time: 13116.9011 us. Best GFLOPs: 97.3015
2024-05-21 04:46:46 [INFO] [task_scheduler.cc:131] [Task #67: fused_nn_contrib_conv2d_NCHWc_4] Trial #38: GFLOPs: 62.4656. Time: 3290.1428 us. Best GFLOPs: 97.3015
2024-05-21 04:46:46 [INFO] [task_scheduler.cc:131] [Task #67: fused_nn_contrib_conv2d_NCHWc_4] Trial #39: GFLOPs: 40.4370. Time: 5082.4951 us. Best GFLOPs: 97.3015
2024-05-21 04:46:46 [INFO] [task_scheduler.cc:131] [Task #67: fused_nn_contrib_conv2d_NCHWc_4] Trial #40: GFLOPs: 18.1995. Time: 11292.6737 us. Best GFLOPs: 97.3015
2024-05-21 04:46:46 [INFO] [task_scheduler.cc:131] [Task #67: fused_nn_contrib_conv2d_NCHWc_4] Trial #41: GFLOPs: 153.4522. Time: 1339.3158 us. Best GFLOPs: 153.4522
2024-05-21 04:46:46 [INFO] [task_scheduler.cc:131] [Task #67: fused_nn_contrib_conv2d_NCHWc_4] Trial #42: GFLOPs: 99.6028. Time: 2063.4057 us. Best GFLOPs: 153.4522
2024-05-21 04:46:46 [INFO] [task_scheduler.cc:131] [Task #67: fused_nn_contrib_conv2d_NCHWc_4] Trial #43: GFLOPs: 16.9941. Time: 12093.6961 us. Best GFLOPs: 153.4522
2024-05-21 04:46:46 [INFO] [task_scheduler.cc:131] [Task #67: fused_nn_contrib_conv2d_NCHWc_4] Trial #44: GFLOPs: 29.4991. Time: 6967.0322 us. Best GFLOPs: 153.4522
2024-05-21 04:46:46 [INFO] [task_scheduler.cc:131] [Task #67: fused_nn_contrib_conv2d_NCHWc_4] Trial #45: GFLOPs: 35.2835. Time: 5824.8525 us. Best GFLOPs: 153.4522
2024-05-21 04:46:46 [INFO] [task_scheduler.cc:131] [Task #67: fused_nn_contrib_conv2d_NCHWc_4] Trial #46: GFLOPs: 66.9806. Time: 3068.3643 us. Best GFLOPs: 153.4522
2024-05-21 04:46:46 [INFO] [task_scheduler.cc:131] [Task #67: fused_nn_contrib_conv2d_NCHWc_4] Trial #47: GFLOPs: 24.6238. Time: 8346.4340 us. Best GFLOPs: 153.4522
2024-05-21 04:46:46 [INFO] [task_scheduler.cc:131] [Task #67: fused_nn_contrib_conv2d_NCHWc_4] Trial #48: GFLOPs: 41.5616. Time: 4944.9714 us. Best GFLOPs: 153.4522
2024-05-21 04:46:46 [INFO] [task_scheduler.cc:131] [Task #67: fused_nn_contrib_conv2d_NCHWc_4] Trial #49: GFLOPs: 32.3252. Time: 6357.9103 us. Best GFLOPs: 153.4522
2024-05-21 04:46:46 [INFO] [task_scheduler.cc:131] [Task #67: fused_nn_contrib_conv2d_NCHWc_4] Trial #50: GFLOPs: 14.4285. Time: 14244.0549 us. Best GFLOPs: 153.4522
2024-05-21 04:46:46 [INFO] [task_scheduler.cc:131] [Task #67: fused_nn_contrib_conv2d_NCHWc_4] Trial #51: GFLOPs: 33.3669. Time: 6159.4302 us. Best GFLOPs: 153.4522
2024-05-21 04:46:46 [INFO] [task_scheduler.cc:131] [Task #67: fused_nn_contrib_conv2d_NCHWc_4] Trial #52: GFLOPs: 21.9670. Time: 9355.8747 us. Best GFLOPs: 153.4522
2024-05-21 04:46:46 [INFO] [task_scheduler.cc:131] [Task #67: fused_nn_contrib_conv2d_NCHWc_4] Trial #53: GFLOPs: 51.9298. Time: 3957.6700 us. Best GFLOPs: 153.4522
2024-05-21 04:46:46 [INFO] [task_scheduler.cc:131] [Task #67: fused_nn_contrib_conv2d_NCHWc_4] Trial #54: GFLOPs: 104.1014. Time: 1974.2373 us. Best GFLOPs: 153.4522
2024-05-21 04:46:46 [INFO] [task_scheduler.cc:131] [Task #67: fused_nn_contrib_conv2d_NCHWc_4] Trial #55: GFLOPs: 15.4620. Time: 13291.9804 us. Best GFLOPs: 153.4522
2024-05-21 04:46:46 [INFO] [task_scheduler.cc:131] [Task #67: fused_nn_contrib_conv2d_NCHWc_4] Trial #56: GFLOPs: 20.5688. Time: 9991.8990 us. Best GFLOPs: 153.4522
2024-05-21 04:46:46 [INFO] [task_scheduler.cc:131] [Task #67: fused_nn_contrib_conv2d_NCHWc_4] Trial #57: GFLOPs: 16.2645. Time: 12636.1403 us. Best GFLOPs: 153.4522
2024-05-21 04:46:46 [INFO] [task_scheduler.cc:131] [Task #67: fused_nn_contrib_conv2d_NCHWc_4] Trial #58: GFLOPs: 32.0678. Time: 6408.9553 us. Best GFLOPs: 153.4522
2024-05-21 04:46:46 [INFO] [task_scheduler.cc:131] [Task #67: fused_nn_contrib_conv2d_NCHWc_4] Trial #59: GFLOPs: 11.1083. Time: 18501.5963 us. Best GFLOPs: 153.4522
2024-05-21 04:46:46 [INFO] [task_scheduler.cc:131] [Task #67: fused_nn_contrib_conv2d_NCHWc_4] Trial #60: GFLOPs: 23.8171. Time: 8629.1303 us. Best GFLOPs: 153.4522
2024-05-21 04:46:46 [INFO] [task_scheduler.cc:131] [Task #67: fused_nn_contrib_conv2d_NCHWc_4] Trial #61: GFLOPs: 16.7416. Time: 12276.0338 us. Best GFLOPs: 153.4522
2024-05-21 04:46:46 [INFO] [task_scheduler.cc:131] [Task #67: fused_nn_contrib_conv2d_NCHWc_4] Trial #62: GFLOPs: 26.4919. Time: 7757.8801 us. Best GFLOPs: 153.4522
2024-05-21 04:46:46 [INFO] [task_scheduler.cc:131] [Task #67: fused_nn_contrib_conv2d_NCHWc_4] Trial #63: GFLOPs: 27.9040. Time: 7365.2747 us. Best GFLOPs: 153.4522
2024-05-21 04:46:46 [INFO] [task_scheduler.cc:131] [Task #67: fused_nn_contrib_conv2d_NCHWc_4] Trial #64: GFLOPs: 6.6788. Time: 30772.3052 us. Best GFLOPs: 153.4522
2024-05-21 04:59:30 [INFO] [evolutionary_search.cc:713] Generating candidates......
2024-05-21 04:59:30 [INFO] [evolutionary_search.cc:715] Picked top 64 candidate(s) from database
2024-05-21 04:59:31 [INFO] [evolutionary_search.cc:533] Sample-Init-Population summary:
Postproc #0 [meta_schedule.DisallowDynamicLoop(0x1a1c47b8)]: 0 failure(s)
Postproc #1 [meta_schedule.RewriteParallelVectorizeUnroll(0x1ab46de8)]: 0 failure(s)
Postproc #2 [meta_schedule.RewriteReductionBlock(0xb75f948)]: 0 failure(s)
Postproc #3 [meta_schedule.RewriteLayout(0xd78f058)]: 0 failure(s)
2024-05-21 04:59:31 [INFO] [evolutionary_search.cc:723] Sampled 448 candidate(s)
2024-05-21 04:59:32 [INFO] [evolutionary_search.cc:621] Evolve iter #0 done. Summary:
Postproc #0 [meta_schedule.DisallowDynamicLoop(0x1a1c47b8)]: 0 failure(s)
Postproc #1 [meta_schedule.RewriteParallelVectorizeUnroll(0x1ab46de8)]: 0 failure(s)
Postproc #2 [meta_schedule.RewriteReductionBlock(0xb75f948)]: 0 failure(s)
Postproc #3 [meta_schedule.RewriteLayout(0xd78f058)]: 0 failure(s)
2024-05-21 04:59:34 [INFO] [evolutionary_search.cc:621] Evolve iter #1 done. Summary:
Postproc #0 [meta_schedule.DisallowDynamicLoop(0x1a1c47b8)]: 0 failure(s)
Postproc #1 [meta_schedule.RewriteParallelVectorizeUnroll(0x1ab46de8)]: 0 failure(s)
Postproc #2 [meta_schedule.RewriteReductionBlock(0xb75f948)]: 0 failure(s)
Postproc #3 [meta_schedule.RewriteLayout(0xd78f058)]: 0 failure(s)
2024-05-21 04:59:36 [INFO] [evolutionary_search.cc:621] Evolve iter #2 done. Summary:
Postproc #0 [meta_schedule.DisallowDynamicLoop(0x1a1c47b8)]: 0 failure(s)
Postproc #1 [meta_schedule.RewriteParallelVectorizeUnroll(0x1ab46de8)]: 0 failure(s)
Postproc #2 [meta_schedule.RewriteReductionBlock(0xb75f948)]: 0 failure(s)
Postproc #3 [meta_schedule.RewriteLayout(0xd78f058)]: 0 failure(s)
2024-05-21 04:59:37 [INFO] [evolutionary_search.cc:621] Evolve iter #3 done. Summary:
Postproc #0 [meta_schedule.DisallowDynamicLoop(0x1a1c47b8)]: 0 failure(s)
Postproc #1 [meta_schedule.RewriteParallelVectorizeUnroll(0x1ab46de8)]: 0 failure(s)
Postproc #2 [meta_schedule.RewriteReductionBlock(0xb75f948)]: 0 failure(s)
Postproc #3 [meta_schedule.RewriteLayout(0xd78f058)]: 0 failure(s)
2024-05-21 04:59:38 [INFO] [evolutionary_search.cc:649] Scores of the best 64 candidates:
[1 : 16]:	1.0363  1.0163  1.0161  1.0021  0.9903  0.9869  0.9798  0.9774  0.9740  0.9706  0.9537  0.9505  0.9478  0.9458  0.9419  0.9415
[17 : 32]:	0.9413  0.9401  0.9305  0.9295  0.9185  0.9185  0.9090  0.9069  0.9069  0.8977  0.8977  0.8932  0.8923  0.8822  0.8815  0.8794
[33 : 48]:	0.8789  0.8756  0.8754  0.8730  0.8730  0.8702  0.8691  0.8655  0.8653  0.8651  0.8634  0.8610  0.8604  0.8603  0.8592  0.8592
[49 : 64]:	0.8589  0.8563  0.8545  0.8538  0.8516  0.8515  0.8512  0.8510  0.8510  0.8509  0.8509  0.8509  0.8461  0.8458  0.8429  0.8416
2024-05-21 04:59:39 [INFO] [evolutionary_search.cc:727] Got 64 candidate(s) with evolutionary search
2024-05-21 04:59:39 [INFO] [evolutionary_search.cc:730] Sending 64 candidates(s) for measurement
2024-05-21 05:01:15 [INFO] [task_scheduler.cc:131] [Task #67: fused_nn_contrib_conv2d_NCHWc_4] Trial #65: GFLOPs: 94.9266. Time: 2165.0516 us. Best GFLOPs: 153.4522
2024-05-21 05:01:15 [INFO] [task_scheduler.cc:131] [Task #67: fused_nn_contrib_conv2d_NCHWc_4] Trial #66: GFLOPs: 152.8350. Time: 1344.7240 us. Best GFLOPs: 153.4522
2024-05-21 05:01:15 [INFO] [task_scheduler.cc:131] [Task #67: fused_nn_contrib_conv2d_NCHWc_4] Trial #67: GFLOPs: 169.1806. Time: 1214.8021 us. Best GFLOPs: 169.1806
2024-05-21 05:01:15 [INFO] [task_scheduler.cc:131] [Task #67: fused_nn_contrib_conv2d_NCHWc_4] Trial #68: GFLOPs: 144.3955. Time: 1423.3189 us. Best GFLOPs: 169.1806
2024-05-21 05:01:15 [INFO] [task_scheduler.cc:131] [Task #67: fused_nn_contrib_conv2d_NCHWc_4] Trial #69: GFLOPs: 169.2382. Time: 1214.3881 us. Best GFLOPs: 169.2382
2024-05-21 05:01:15 [INFO] [task_scheduler.cc:131] [Task #67: fused_nn_contrib_conv2d_NCHWc_4] Trial #70: GFLOPs: 122.4955. Time: 1677.7839 us. Best GFLOPs: 169.2382
2024-05-21 05:01:15 [INFO] [task_scheduler.cc:131] [Task #67: fused_nn_contrib_conv2d_NCHWc_4] Trial #71: GFLOPs: 139.3044. Time: 1475.3362 us. Best GFLOPs: 169.2382
2024-05-21 05:01:15 [INFO] [task_scheduler.cc:131] [Task #67: fused_nn_contrib_conv2d_NCHWc_4] Trial #72: GFLOPs: 110.7040. Time: 1856.4898 us. Best GFLOPs: 169.2382
2024-05-21 05:01:15 [INFO] [task_scheduler.cc:131] [Task #67: fused_nn_contrib_conv2d_NCHWc_4] Trial #73: GFLOPs: 146.9165. Time: 1398.8959 us. Best GFLOPs: 169.2382
2024-05-21 05:01:15 [INFO] [task_scheduler.cc:131] [Task #67: fused_nn_contrib_conv2d_NCHWc_4] Trial #74: GFLOPs: 95.3173. Time: 2156.1754 us. Best GFLOPs: 169.2382
2024-05-21 05:01:15 [INFO] [task_scheduler.cc:131] [Task #67: fused_nn_contrib_conv2d_NCHWc_4] Trial #75: GFLOPs: 95.4166. Time: 2153.9317 us. Best GFLOPs: 169.2382
2024-05-21 05:01:15 [INFO] [task_scheduler.cc:131] [Task #67: fused_nn_contrib_conv2d_NCHWc_4] Trial #76: GFLOPs: 120.3037. Time: 1708.3504 us. Best GFLOPs: 169.2382
2024-05-21 05:01:15 [INFO] [task_scheduler.cc:131] [Task #67: fused_nn_contrib_conv2d_NCHWc_4] Trial #77: GFLOPs: 125.0736. Time: 1643.1994 us. Best GFLOPs: 169.2382
2024-05-21 05:01:15 [INFO] [task_scheduler.cc:131] [Task #67: fused_nn_contrib_conv2d_NCHWc_4] Trial #78: GFLOPs: 95.2060. Time: 2158.6978 us. Best GFLOPs: 169.2382
2024-05-21 05:01:15 [INFO] [task_scheduler.cc:131] [Task #67: fused_nn_contrib_conv2d_NCHWc_4] Trial #79: GFLOPs: 114.2242. Time: 1799.2763 us. Best GFLOPs: 169.2382
2024-05-21 05:01:15 [INFO] [task_scheduler.cc:131] [Task #67: fused_nn_contrib_conv2d_NCHWc_4] Trial #80: GFLOPs: 95.7318. Time: 2146.8401 us. Best GFLOPs: 169.2382
2024-05-21 05:01:15 [INFO] [task_scheduler.cc:131] [Task #67: fused_nn_contrib_conv2d_NCHWc_4] Trial #81: GFLOPs: 80.5862. Time: 2550.3224 us. Best GFLOPs: 169.2382
2024-05-21 05:01:15 [INFO] [task_scheduler.cc:131] [Task #67: fused_nn_contrib_conv2d_NCHWc_4] Trial #82: GFLOPs: 191.1764. Time: 1075.0328 us. Best GFLOPs: 191.1764
2024-05-21 05:01:15 [INFO] [task_scheduler.cc:131] [Task #67: fused_nn_contrib_conv2d_NCHWc_4] Trial #83: GFLOPs: 94.6738. Time: 2170.8327 us. Best GFLOPs: 191.1764
2024-05-21 05:01:15 [INFO] [task_scheduler.cc:131] [Task #67: fused_nn_contrib_conv2d_NCHWc_4] Trial #84: GFLOPs: 124.8238. Time: 1646.4879 us. Best GFLOPs: 191.1764
2024-05-21 05:01:15 [INFO] [task_scheduler.cc:131] [Task #67: fused_nn_contrib_conv2d_NCHWc_4] Trial #85: GFLOPs: 82.5029. Time: 2491.0751 us. Best GFLOPs: 191.1764
2024-05-21 05:01:15 [INFO] [task_scheduler.cc:131] [Task #67: fused_nn_contrib_conv2d_NCHWc_4] Trial #86: GFLOPs: 99.0922. Time: 2074.0363 us. Best GFLOPs: 191.1764
2024-05-21 05:01:15 [INFO] [task_scheduler.cc:131] [Task #67: fused_nn_contrib_conv2d_NCHWc_4] Trial #87: GFLOPs: 81.4670. Time: 2522.7517 us. Best GFLOPs: 191.1764
2024-05-21 05:01:15 [INFO] [task_scheduler.cc:131] [Task #67: fused_nn_contrib_conv2d_NCHWc_4] Trial #88: GFLOPs: 26.1370. Time: 7863.2286 us. Best GFLOPs: 191.1764
2024-05-21 05:01:15 [INFO] [task_scheduler.cc:131] [Task #67: fused_nn_contrib_conv2d_NCHWc_4] Trial #89: GFLOPs: 187.3780. Time: 1096.8251 us. Best GFLOPs: 191.1764
2024-05-21 05:01:15 [INFO] [task_scheduler.cc:131] [Task #67: fused_nn_contrib_conv2d_NCHWc_4] Trial #90: GFLOPs: 158.0342. Time: 1300.4834 us. Best GFLOPs: 191.1764
2024-05-21 05:01:15 [INFO] [task_scheduler.cc:131] [Task #67: fused_nn_contrib_conv2d_NCHWc_4] Trial #91: GFLOPs: 87.3381. Time: 2353.1641 us. Best GFLOPs: 191.1764
2024-05-21 05:01:15 [INFO] [task_scheduler.cc:131] [Task #67: fused_nn_contrib_conv2d_NCHWc_4] Trial #92: GFLOPs: 138.5078. Time: 1483.8222 us. Best GFLOPs: 191.1764
2024-05-21 05:01:15 [INFO] [task_scheduler.cc:131] [Task #67: fused_nn_contrib_conv2d_NCHWc_4] Trial #93: GFLOPs: 138.0007. Time: 1489.2740 us. Best GFLOPs: 191.1764
2024-05-21 05:01:15 [INFO] [task_scheduler.cc:131] [Task #67: fused_nn_contrib_conv2d_NCHWc_4] Trial #94: GFLOPs: 112.5813. Time: 1825.5338 us. Best GFLOPs: 191.1764
2024-05-21 05:01:15 [INFO] [task_scheduler.cc:131] [Task #67: fused_nn_contrib_conv2d_NCHWc_4] Trial #95: GFLOPs: 85.8721. Time: 2393.3379 us. Best GFLOPs: 191.1764
2024-05-21 05:01:15 [INFO] [task_scheduler.cc:131] [Task #67: fused_nn_contrib_conv2d_NCHWc_4] Trial #96: GFLOPs: 100.4032. Time: 2046.9550 us. Best GFLOPs: 191.1764
2024-05-21 05:01:15 [INFO] [task_scheduler.cc:131] [Task #67: fused_nn_contrib_conv2d_NCHWc_4] Trial #97: GFLOPs: 79.2788. Time: 2592.3830 us. Best GFLOPs: 191.1764
2024-05-21 05:01:15 [INFO] [task_scheduler.cc:131] [Task #67: fused_nn_contrib_conv2d_NCHWc_4] Trial #98: GFLOPs: 53.5954. Time: 3834.6737 us. Best GFLOPs: 191.1764
2024-05-21 05:01:15 [INFO] [task_scheduler.cc:131] [Task #67: fused_nn_contrib_conv2d_NCHWc_4] Trial #99: GFLOPs: 140.2024. Time: 1465.8867 us. Best GFLOPs: 191.1764
2024-05-21 05:01:15 [INFO] [task_scheduler.cc:131] [Task #67: fused_nn_contrib_conv2d_NCHWc_4] Trial #100: GFLOPs: 139.2500. Time: 1475.9135 us. Best GFLOPs: 191.1764
2024-05-21 05:01:15 [INFO] [task_scheduler.cc:131] [Task #67: fused_nn_contrib_conv2d_NCHWc_4] Trial #101: GFLOPs: 192.0200. Time: 1070.3101 us. Best GFLOPs: 192.0200
2024-05-21 05:01:15 [INFO] [task_scheduler.cc:131] [Task #67: fused_nn_contrib_conv2d_NCHWc_4] Trial #102: GFLOPs: 91.7440. Time: 2240.1570 us. Best GFLOPs: 192.0200
2024-05-21 05:01:15 [INFO] [task_scheduler.cc:131] [Task #67: fused_nn_contrib_conv2d_NCHWc_4] Trial #103: GFLOPs: 146.2527. Time: 1405.2451 us. Best GFLOPs: 192.0200
2024-05-21 05:01:15 [INFO] [task_scheduler.cc:131] [Task #67: fused_nn_contrib_conv2d_NCHWc_4] Trial #104: GFLOPs: 185.9553. Time: 1105.2166 us. Best GFLOPs: 192.0200
2024-05-21 05:01:15 [INFO] [task_scheduler.cc:131] [Task #67: fused_nn_contrib_conv2d_NCHWc_4] Trial #105: GFLOPs: 127.0001. Time: 1618.2730 us. Best GFLOPs: 192.0200
2024-05-21 05:01:15 [INFO] [task_scheduler.cc:131] [Task #67: fused_nn_contrib_conv2d_NCHWc_4] Trial #106: GFLOPs: 134.9461. Time: 1522.9849 us. Best GFLOPs: 192.0200
2024-05-21 05:01:15 [INFO] [task_scheduler.cc:131] [Task #67: fused_nn_contrib_conv2d_NCHWc_4] Trial #107: GFLOPs: 225.5693. Time: 911.1208 us. Best GFLOPs: 225.5693
2024-05-21 05:01:15 [INFO] [task_scheduler.cc:131] [Task #67: fused_nn_contrib_conv2d_NCHWc_4] Trial #108: GFLOPs: 203.6751. Time: 1009.0626 us. Best GFLOPs: 225.5693
2024-05-21 05:01:15 [INFO] [task_scheduler.cc:131] [Task #67: fused_nn_contrib_conv2d_NCHWc_4] Trial #109: GFLOPs: 357.9595. Time: 574.1457 us. Best GFLOPs: 357.9595
2024-05-21 05:01:15 [INFO] [task_scheduler.cc:131] [Task #67: fused_nn_contrib_conv2d_NCHWc_4] Trial #110: GFLOPs: 126.4814. Time: 1624.9098 us. Best GFLOPs: 357.9595
2024-05-21 05:01:15 [INFO] [task_scheduler.cc:131] [Task #67: fused_nn_contrib_conv2d_NCHWc_4] Trial #111: GFLOPs: 121.1185. Time: 1696.8574 us. Best GFLOPs: 357.9595
2024-05-21 05:01:15 [INFO] [task_scheduler.cc:131] [Task #67: fused_nn_contrib_conv2d_NCHWc_4] Trial #112: GFLOPs: 159.6569. Time: 1287.2659 us. Best GFLOPs: 357.9595
2024-05-21 05:01:15 [INFO] [task_scheduler.cc:131] [Task #67: fused_nn_contrib_conv2d_NCHWc_4] Trial #113: GFLOPs: 69.3037. Time: 2965.5123 us. Best GFLOPs: 357.9595
2024-05-21 05:01:15 [INFO] [task_scheduler.cc:131] [Task #67: fused_nn_contrib_conv2d_NCHWc_4] Trial #114: GFLOPs: 337.4012. Time: 609.1292 us. Best GFLOPs: 357.9595
2024-05-21 05:01:15 [INFO] [task_scheduler.cc:131] [Task #67: fused_nn_contrib_conv2d_NCHWc_4] Trial #115: GFLOPs: 275.5243. Time: 745.9264 us. Best GFLOPs: 357.9595
2024-05-21 05:01:15 [INFO] [task_scheduler.cc:131] [Task #67: fused_nn_contrib_conv2d_NCHWc_4] Trial #116: GFLOPs: 154.7929. Time: 1327.7155 us. Best GFLOPs: 357.9595
2024-05-21 05:01:15 [INFO] [task_scheduler.cc:131] [Task #67: fused_nn_contrib_conv2d_NCHWc_4] Trial #117: GFLOPs: 98.7373. Time: 2081.4916 us. Best GFLOPs: 357.9595
2024-05-21 05:01:15 [INFO] [task_scheduler.cc:131] [Task #67: fused_nn_contrib_conv2d_NCHWc_4] Trial #118: GFLOPs: 110.2368. Time: 1864.3582 us. Best GFLOPs: 357.9595
2024-05-21 05:01:15 [INFO] [task_scheduler.cc:131] [Task #67: fused_nn_contrib_conv2d_NCHWc_4] Trial #119: GFLOPs: 100.3508. Time: 2048.0248 us. Best GFLOPs: 357.9595
2024-05-21 05:01:15 [INFO] [task_scheduler.cc:131] [Task #67: fused_nn_contrib_conv2d_NCHWc_4] Trial #120: GFLOPs: 241.1754. Time: 852.1634 us. Best GFLOPs: 357.9595
2024-05-21 05:01:15 [INFO] [task_scheduler.cc:131] [Task #67: fused_nn_contrib_conv2d_NCHWc_4] Trial #121: GFLOPs: 227.7399. Time: 902.4371 us. Best GFLOPs: 357.9595
2024-05-21 05:01:15 [INFO] [task_scheduler.cc:131] [Task #67: fused_nn_contrib_conv2d_NCHWc_4] Trial #122: GFLOPs: 157.2494. Time: 1306.9743 us. Best GFLOPs: 357.9595
2024-05-21 05:01:15 [INFO] [task_scheduler.cc:131] [Task #67: fused_nn_contrib_conv2d_NCHWc_4] Trial #123: GFLOPs: 211.3464. Time: 972.4360 us. Best GFLOPs: 357.9595
2024-05-21 05:01:15 [INFO] [task_scheduler.cc:131] [Task #67: fused_nn_contrib_conv2d_NCHWc_4] Trial #124: GFLOPs: 225.8593. Time: 909.9510 us. Best GFLOPs: 357.9595
2024-05-21 05:01:15 [INFO] [task_scheduler.cc:131] [Task #67: fused_nn_contrib_conv2d_NCHWc_4] Trial #125: GFLOPs: 208.5509. Time: 985.4713 us. Best GFLOPs: 357.9595
2024-05-21 05:01:15 [INFO] [task_scheduler.cc:131] [Task #67: fused_nn_contrib_conv2d_NCHWc_4] Trial #126: GFLOPs: 41.5080. Time: 4951.3580 us. Best GFLOPs: 357.9595
2024-05-21 05:01:15 [INFO] [task_scheduler.cc:131] [Task #67: fused_nn_contrib_conv2d_NCHWc_4] Trial #127: GFLOPs: 16.4328. Time: 12506.7793 us. Best GFLOPs: 357.9595
2024-05-21 05:01:15 [INFO] [task_scheduler.cc:131] [Task #67: fused_nn_contrib_conv2d_NCHWc_4] Trial #128: GFLOPs: 18.5322. Time: 11089.9577 us. Best GFLOPs: 357.9595
2024-05-21 05:48:53 [INFO] [evolutionary_search.cc:713] Generating candidates......
2024-05-21 05:48:53 [INFO] [evolutionary_search.cc:715] Picked top 102 candidate(s) from database
2024-05-21 05:48:54 [INFO] [evolutionary_search.cc:533] Sample-Init-Population summary:
Postproc #0 [meta_schedule.DisallowDynamicLoop(0x1a1c47b8)]: 0 failure(s)
Postproc #1 [meta_schedule.RewriteParallelVectorizeUnroll(0x1ab46de8)]: 0 failure(s)
Postproc #2 [meta_schedule.RewriteReductionBlock(0xb75f948)]: 0 failure(s)
Postproc #3 [meta_schedule.RewriteLayout(0xd78f058)]: 0 failure(s)
2024-05-21 05:48:54 [INFO] [evolutionary_search.cc:723] Sampled 410 candidate(s)
2024-05-21 05:48:56 [INFO] [evolutionary_search.cc:621] Evolve iter #0 done. Summary:
Postproc #0 [meta_schedule.DisallowDynamicLoop(0x1a1c47b8)]: 0 failure(s)
Postproc #1 [meta_schedule.RewriteParallelVectorizeUnroll(0x1ab46de8)]: 0 failure(s)
Postproc #2 [meta_schedule.RewriteReductionBlock(0xb75f948)]: 0 failure(s)
Postproc #3 [meta_schedule.RewriteLayout(0xd78f058)]: 0 failure(s)
2024-05-21 05:48:58 [INFO] [evolutionary_search.cc:621] Evolve iter #1 done. Summary:
Postproc #0 [meta_schedule.DisallowDynamicLoop(0x1a1c47b8)]: 0 failure(s)
Postproc #1 [meta_schedule.RewriteParallelVectorizeUnroll(0x1ab46de8)]: 0 failure(s)
Postproc #2 [meta_schedule.RewriteReductionBlock(0xb75f948)]: 0 failure(s)
Postproc #3 [meta_schedule.RewriteLayout(0xd78f058)]: 0 failure(s)
2024-05-21 05:48:59 [INFO] [evolutionary_search.cc:621] Evolve iter #2 done. Summary:
Postproc #0 [meta_schedule.DisallowDynamicLoop(0x1a1c47b8)]: 0 failure(s)
Postproc #1 [meta_schedule.RewriteParallelVectorizeUnroll(0x1ab46de8)]: 0 failure(s)
Postproc #2 [meta_schedule.RewriteReductionBlock(0xb75f948)]: 0 failure(s)
Postproc #3 [meta_schedule.RewriteLayout(0xd78f058)]: 0 failure(s)
2024-05-21 05:49:01 [INFO] [evolutionary_search.cc:621] Evolve iter #3 done. Summary:
Postproc #0 [meta_schedule.DisallowDynamicLoop(0x1a1c47b8)]: 0 failure(s)
Postproc #1 [meta_schedule.RewriteParallelVectorizeUnroll(0x1ab46de8)]: 0 failure(s)
Postproc #2 [meta_schedule.RewriteReductionBlock(0xb75f948)]: 0 failure(s)
Postproc #3 [meta_schedule.RewriteLayout(0xd78f058)]: 0 failure(s)
2024-05-21 05:49:02 [INFO] [evolutionary_search.cc:649] Scores of the best 64 candidates:
[1 : 16]:	0.8900  0.8558  0.8183  0.8155  0.8155  0.7617  0.7335  0.7201  0.7153  0.7115  0.6956  0.6940  0.6913  0.6905  0.6808  0.6772
[17 : 32]:	0.6726  0.6651  0.6638  0.6610  0.6610  0.6588  0.6583  0.6552  0.6479  0.6471  0.6449  0.6447  0.6434  0.6422  0.6322  0.6172
[33 : 48]:	0.6166  0.6098  0.6073  0.6016  0.6012  0.6005  0.5954  0.5932  0.5905  0.5850  0.5830  0.5822  0.5806  0.5806  0.5770  0.5770
[49 : 64]:	0.5770  0.5770  0.5754  0.5744  0.5716  0.5716  0.5694  0.5656  0.5644  0.5633  0.5633  0.5633  0.5633  0.5616  0.5614  0.5614
2024-05-21 05:49:02 [INFO] [evolutionary_search.cc:727] Got 64 candidate(s) with evolutionary search
2024-05-21 05:49:02 [INFO] [evolutionary_search.cc:730] Sending 64 candidates(s) for measurement
2024-05-21 05:50:59 [INFO] [task_scheduler.cc:131] [Task #67: fused_nn_contrib_conv2d_NCHWc_4] Trial #129: GFLOPs: 132.8924. Time: 1546.5210 us. Best GFLOPs: 357.9595
2024-05-21 05:50:59 [INFO] [task_scheduler.cc:131] [Task #67: fused_nn_contrib_conv2d_NCHWc_4] Trial #130: GFLOPs: 196.0375. Time: 1048.3755 us. Best GFLOPs: 357.9595
2024-05-21 05:50:59 [INFO] [task_scheduler.cc:131] [Task #67: fused_nn_contrib_conv2d_NCHWc_4] Trial #131: GFLOPs: 126.9685. Time: 1618.6763 us. Best GFLOPs: 357.9595
2024-05-21 05:50:59 [INFO] [task_scheduler.cc:131] [Task #67: fused_nn_contrib_conv2d_NCHWc_4] Trial #132: GFLOPs: 98.5998. Time: 2084.3947 us. Best GFLOPs: 357.9595
2024-05-21 05:50:59 [INFO] [task_scheduler.cc:131] [Task #67: fused_nn_contrib_conv2d_NCHWc_4] Trial #133: GFLOPs: 96.9000. Time: 2120.9584 us. Best GFLOPs: 357.9595
2024-05-21 05:50:59 [INFO] [task_scheduler.cc:131] [Task #67: fused_nn_contrib_conv2d_NCHWc_4] Trial #134: GFLOPs: 145.9337. Time: 1408.3168 us. Best GFLOPs: 357.9595
2024-05-21 05:50:59 [INFO] [task_scheduler.cc:131] [Task #67: fused_nn_contrib_conv2d_NCHWc_4] Trial #135: GFLOPs: 165.7638. Time: 1239.8415 us. Best GFLOPs: 357.9595
2024-05-21 05:50:59 [INFO] [task_scheduler.cc:131] [Task #67: fused_nn_contrib_conv2d_NCHWc_4] Trial #136: GFLOPs: 85.4517. Time: 2405.1122 us. Best GFLOPs: 357.9595
2024-05-21 05:50:59 [INFO] [task_scheduler.cc:131] [Task #67: fused_nn_contrib_conv2d_NCHWc_4] Trial #137: GFLOPs: 127.3593. Time: 1613.7093 us. Best GFLOPs: 357.9595
2024-05-21 05:50:59 [INFO] [task_scheduler.cc:131] [Task #67: fused_nn_contrib_conv2d_NCHWc_4] Trial #138: GFLOPs: 167.3733. Time: 1227.9189 us. Best GFLOPs: 357.9595
2024-05-21 05:50:59 [INFO] [task_scheduler.cc:131] [Task #67: fused_nn_contrib_conv2d_NCHWc_4] Trial #139: GFLOPs: 122.8149. Time: 1673.4194 us. Best GFLOPs: 357.9595
2024-05-21 05:50:59 [INFO] [task_scheduler.cc:131] [Task #67: fused_nn_contrib_conv2d_NCHWc_4] Trial #140: GFLOPs: 98.1548. Time: 2093.8454 us. Best GFLOPs: 357.9595
2024-05-21 05:50:59 [INFO] [task_scheduler.cc:131] [Task #67: fused_nn_contrib_conv2d_NCHWc_4] Trial #141: GFLOPs: 129.3888. Time: 1588.3977 us. Best GFLOPs: 357.9595
2024-05-21 05:50:59 [INFO] [task_scheduler.cc:131] [Task #67: fused_nn_contrib_conv2d_NCHWc_4] Trial #142: GFLOPs: 124.4001. Time: 1652.0956 us. Best GFLOPs: 357.9595
2024-05-21 05:50:59 [INFO] [task_scheduler.cc:131] [Task #67: fused_nn_contrib_conv2d_NCHWc_4] Trial #143: GFLOPs: 120.3911. Time: 1707.1106 us. Best GFLOPs: 357.9595
2024-05-21 05:50:59 [INFO] [task_scheduler.cc:131] [Task #67: fused_nn_contrib_conv2d_NCHWc_4] Trial #144: GFLOPs: 117.4349. Time: 1750.0833 us. Best GFLOPs: 357.9595
2024-05-21 05:50:59 [INFO] [task_scheduler.cc:131] [Task #67: fused_nn_contrib_conv2d_NCHWc_4] Trial #145: GFLOPs: 169.2539. Time: 1214.2758 us. Best GFLOPs: 357.9595
2024-05-21 05:50:59 [INFO] [task_scheduler.cc:131] [Task #67: fused_nn_contrib_conv2d_NCHWc_4] Trial #146: GFLOPs: 71.2315. Time: 2885.2544 us. Best GFLOPs: 357.9595
2024-05-21 05:50:59 [INFO] [task_scheduler.cc:131] [Task #67: fused_nn_contrib_conv2d_NCHWc_4] Trial #147: GFLOPs: 349.0513. Time: 588.7985 us. Best GFLOPs: 357.9595
2024-05-21 05:50:59 [INFO] [task_scheduler.cc:131] [Task #67: fused_nn_contrib_conv2d_NCHWc_4] Trial #148: GFLOPs: 193.2598. Time: 1063.4434 us. Best GFLOPs: 357.9595
2024-05-21 05:50:59 [INFO] [task_scheduler.cc:131] [Task #67: fused_nn_contrib_conv2d_NCHWc_4] Trial #149: GFLOPs: 179.8860. Time: 1142.5061 us. Best GFLOPs: 357.9595
2024-05-21 05:50:59 [INFO] [task_scheduler.cc:131] [Task #67: fused_nn_contrib_conv2d_NCHWc_4] Trial #150: GFLOPs: 240.1989. Time: 855.6279 us. Best GFLOPs: 357.9595
2024-05-21 05:50:59 [INFO] [task_scheduler.cc:131] [Task #67: fused_nn_contrib_conv2d_NCHWc_4] Trial #151: GFLOPs: 263.1676. Time: 780.9505 us. Best GFLOPs: 357.9595
2024-05-21 05:50:59 [INFO] [task_scheduler.cc:131] [Task #67: fused_nn_contrib_conv2d_NCHWc_4] Trial #152: GFLOPs: 134.0773. Time: 1532.8537 us. Best GFLOPs: 357.9595
2024-05-21 05:50:59 [INFO] [task_scheduler.cc:131] [Task #67: fused_nn_contrib_conv2d_NCHWc_4] Trial #153: GFLOPs: 136.2566. Time: 1508.3377 us. Best GFLOPs: 357.9595
2024-05-21 05:50:59 [INFO] [task_scheduler.cc:131] [Task #67: fused_nn_contrib_conv2d_NCHWc_4] Trial #154: GFLOPs: 104.6083. Time: 1964.6718 us. Best GFLOPs: 357.9595
2024-05-21 05:50:59 [INFO] [task_scheduler.cc:131] [Task #67: fused_nn_contrib_conv2d_NCHWc_4] Trial #155: GFLOPs: 150.4801. Time: 1365.7679 us. Best GFLOPs: 357.9595
2024-05-21 05:50:59 [INFO] [task_scheduler.cc:131] [Task #67: fused_nn_contrib_conv2d_NCHWc_4] Trial #156: GFLOPs: 109.5526. Time: 1876.0027 us. Best GFLOPs: 357.9595
2024-05-21 05:50:59 [INFO] [task_scheduler.cc:131] [Task #67: fused_nn_contrib_conv2d_NCHWc_4] Trial #157: GFLOPs: 125.0035. Time: 1644.1217 us. Best GFLOPs: 357.9595
2024-05-21 05:50:59 [INFO] [task_scheduler.cc:131] [Task #67: fused_nn_contrib_conv2d_NCHWc_4] Trial #158: GFLOPs: 125.2752. Time: 1640.5559 us. Best GFLOPs: 357.9595
2024-05-21 05:50:59 [INFO] [task_scheduler.cc:131] [Task #67: fused_nn_contrib_conv2d_NCHWc_4] Trial #159: GFLOPs: 195.9026. Time: 1049.0971 us. Best GFLOPs: 357.9595
2024-05-21 05:50:59 [INFO] [task_scheduler.cc:131] [Task #67: fused_nn_contrib_conv2d_NCHWc_4] Trial #160: GFLOPs: 136.0664. Time: 1510.4458 us. Best GFLOPs: 357.9595
2024-05-21 05:50:59 [INFO] [task_scheduler.cc:131] [Task #67: fused_nn_contrib_conv2d_NCHWc_4] Trial #161: GFLOPs: 64.4068. Time: 3190.9834 us. Best GFLOPs: 357.9595
2024-05-21 05:50:59 [INFO] [task_scheduler.cc:131] [Task #67: fused_nn_contrib_conv2d_NCHWc_4] Trial #162: GFLOPs: 96.4270. Time: 2131.3627 us. Best GFLOPs: 357.9595
2024-05-21 05:50:59 [INFO] [task_scheduler.cc:131] [Task #67: fused_nn_contrib_conv2d_NCHWc_4] Trial #163: GFLOPs: 164.2206. Time: 1251.4927 us. Best GFLOPs: 357.9595
2024-05-21 05:50:59 [INFO] [task_scheduler.cc:131] [Task #67: fused_nn_contrib_conv2d_NCHWc_4] Trial #164: GFLOPs: 134.2642. Time: 1530.7199 us. Best GFLOPs: 357.9595
2024-05-21 05:50:59 [INFO] [task_scheduler.cc:131] [Task #67: fused_nn_contrib_conv2d_NCHWc_4] Trial #165: GFLOPs: 133.1733. Time: 1543.2589 us. Best GFLOPs: 357.9595
2024-05-21 05:50:59 [INFO] [task_scheduler.cc:131] [Task #67: fused_nn_contrib_conv2d_NCHWc_4] Trial #166: GFLOPs: 163.6262. Time: 1256.0394 us. Best GFLOPs: 357.9595
2024-05-21 05:50:59 [INFO] [task_scheduler.cc:131] [Task #67: fused_nn_contrib_conv2d_NCHWc_4] Trial #167: GFLOPs: 153.9351. Time: 1335.1143 us. Best GFLOPs: 357.9595
2024-05-21 05:50:59 [INFO] [task_scheduler.cc:131] [Task #67: fused_nn_contrib_conv2d_NCHWc_4] Trial #168: GFLOPs: 205.1970. Time: 1001.5783 us. Best GFLOPs: 357.9595
2024-05-21 05:50:59 [INFO] [task_scheduler.cc:131] [Task #67: fused_nn_contrib_conv2d_NCHWc_4] Trial #169: GFLOPs: 112.3242. Time: 1829.7117 us. Best GFLOPs: 357.9595
2024-05-21 05:50:59 [INFO] [task_scheduler.cc:131] [Task #67: fused_nn_contrib_conv2d_NCHWc_4] Trial #170: GFLOPs: 54.9847. Time: 3737.7853 us. Best GFLOPs: 357.9595
2024-05-21 05:50:59 [INFO] [task_scheduler.cc:131] [Task #67: fused_nn_contrib_conv2d_NCHWc_4] Trial #171: GFLOPs: 176.7716. Time: 1162.6352 us. Best GFLOPs: 357.9595
2024-05-21 05:50:59 [INFO] [task_scheduler.cc:131] [Task #67: fused_nn_contrib_conv2d_NCHWc_4] Trial #172: GFLOPs: 127.5745. Time: 1610.9875 us. Best GFLOPs: 357.9595
2024-05-21 05:50:59 [INFO] [task_scheduler.cc:131] [Task #67: fused_nn_contrib_conv2d_NCHWc_4] Trial #173: GFLOPs: 111.9125. Time: 1836.4427 us. Best GFLOPs: 357.9595
2024-05-21 05:50:59 [INFO] [task_scheduler.cc:131] [Task #67: fused_nn_contrib_conv2d_NCHWc_4] Trial #174: GFLOPs: 143.7960. Time: 1429.2533 us. Best GFLOPs: 357.9595
2024-05-21 05:50:59 [INFO] [task_scheduler.cc:131] [Task #67: fused_nn_contrib_conv2d_NCHWc_4] Trial #175: GFLOPs: 135.7871. Time: 1513.5523 us. Best GFLOPs: 357.9595
2024-05-21 05:50:59 [INFO] [task_scheduler.cc:131] [Task #67: fused_nn_contrib_conv2d_NCHWc_4] Trial #176: GFLOPs: 129.7530. Time: 1583.9399 us. Best GFLOPs: 357.9595
2024-05-21 05:50:59 [INFO] [task_scheduler.cc:131] [Task #67: fused_nn_contrib_conv2d_NCHWc_4] Trial #177: GFLOPs: 131.5259. Time: 1562.5888 us. Best GFLOPs: 357.9595
2024-05-21 05:50:59 [INFO] [task_scheduler.cc:131] [Task #67: fused_nn_contrib_conv2d_NCHWc_4] Trial #178: GFLOPs: 133.2503. Time: 1542.3667 us. Best GFLOPs: 357.9595
2024-05-21 05:50:59 [INFO] [task_scheduler.cc:131] [Task #67: fused_nn_contrib_conv2d_NCHWc_4] Trial #179: GFLOPs: 188.0749. Time: 1092.7608 us. Best GFLOPs: 357.9595
2024-05-21 05:50:59 [INFO] [task_scheduler.cc:131] [Task #67: fused_nn_contrib_conv2d_NCHWc_4] Trial #180: GFLOPs: 115.0038. Time: 1787.0799 us. Best GFLOPs: 357.9595
2024-05-21 05:50:59 [INFO] [task_scheduler.cc:131] [Task #67: fused_nn_contrib_conv2d_NCHWc_4] Trial #181: GFLOPs: 148.0506. Time: 1388.1805 us. Best GFLOPs: 357.9595
2024-05-21 05:50:59 [INFO] [task_scheduler.cc:131] [Task #67: fused_nn_contrib_conv2d_NCHWc_4] Trial #182: GFLOPs: 147.5968. Time: 1392.4480 us. Best GFLOPs: 357.9595
2024-05-21 05:50:59 [INFO] [task_scheduler.cc:131] [Task #67: fused_nn_contrib_conv2d_NCHWc_4] Trial #183: GFLOPs: 211.9243. Time: 969.7845 us. Best GFLOPs: 357.9595
2024-05-21 05:50:59 [INFO] [task_scheduler.cc:131] [Task #67: fused_nn_contrib_conv2d_NCHWc_4] Trial #184: GFLOPs: 349.3039. Time: 588.3728 us. Best GFLOPs: 357.9595
2024-05-21 05:50:59 [INFO] [task_scheduler.cc:131] [Task #67: fused_nn_contrib_conv2d_NCHWc_4] Trial #185: GFLOPs: 64.0673. Time: 3207.8925 us. Best GFLOPs: 357.9595
2024-05-21 05:50:59 [INFO] [task_scheduler.cc:131] [Task #67: fused_nn_contrib_conv2d_NCHWc_4] Trial #186: GFLOPs: 117.1162. Time: 1754.8455 us. Best GFLOPs: 357.9595
2024-05-21 05:50:59 [INFO] [task_scheduler.cc:131] [Task #67: fused_nn_contrib_conv2d_NCHWc_4] Trial #187: GFLOPs: 134.7613. Time: 1525.0737 us. Best GFLOPs: 357.9595
2024-05-21 05:50:59 [INFO] [task_scheduler.cc:131] [Task #67: fused_nn_contrib_conv2d_NCHWc_4] Trial #188: GFLOPs: 194.2666. Time: 1057.9323 us. Best GFLOPs: 357.9595
2024-05-21 05:50:59 [INFO] [task_scheduler.cc:131] [Task #67: fused_nn_contrib_conv2d_NCHWc_4] Trial #189: GFLOPs: 198.9457. Time: 1033.0504 us. Best GFLOPs: 357.9595
2024-05-21 05:50:59 [INFO] [task_scheduler.cc:131] [Task #67: fused_nn_contrib_conv2d_NCHWc_4] Trial #190: GFLOPs: 42.9253. Time: 4787.8706 us. Best GFLOPs: 357.9595
2024-05-21 05:50:59 [INFO] [task_scheduler.cc:131] [Task #67: fused_nn_contrib_conv2d_NCHWc_4] Trial #191: GFLOPs: 28.3564. Time: 7247.7805 us. Best GFLOPs: 357.9595
2024-05-21 05:50:59 [INFO] [task_scheduler.cc:131] [Task #67: fused_nn_contrib_conv2d_NCHWc_4] Trial #192: GFLOPs: 30.1073. Time: 6826.2855 us. Best GFLOPs: 357.9595
