2024-05-21 02:46:39 [INFO] [task_scheduler.cc:160] Initializing Task #39: "fused_nn_contrib_conv2d_NCHWc_add_nn_relu_38"
2024-05-21 02:46:39 [INFO] [task_scheduler.cc:35] 
# from tvm.script import ir as I
# from tvm.script import tir as T

@I.ir_module
class Module:
    @T.prim_func
    def main(p0: T.Buffer((T.int64(1), T.int64(36), T.int64(14), T.int64(14), T.int64(8)), "float32"), p1: T.Buffer((T.int64(16), T.int64(36), T.int64(1), T.int64(1), T.int64(8), T.int64(8)), "float32"), p2: T.Buffer((T.int64(1), T.int64(16), T.int64(1), T.int64(1), T.int64(8)), "float32"), T_relu: T.Buffer((T.int64(1), T.int64(16), T.int64(14), T.int64(14), T.int64(8)), "float32")):
        T.func_attr({"tir.noalias": T.bool(True)})
        # with T.block("root"):
        conv2d_NCHWc = T.alloc_buffer((T.int64(1), T.int64(16), T.int64(14), T.int64(14), T.int64(8)))
        T_add = T.alloc_buffer((T.int64(1), T.int64(16), T.int64(14), T.int64(14), T.int64(8)))
        for n, oc_chunk, oh, ow, oc_block, ic, kh, kw in T.grid(T.int64(1), T.int64(16), T.int64(14), T.int64(14), T.int64(8), T.int64(288), T.int64(1), T.int64(1)):
            with T.block("conv2d_NCHWc"):
                v_n, v_oc_chunk, v_oh, v_ow, v_oc_block, v_ic, v_kh, v_kw = T.axis.remap("SSSSSRRR", [n, oc_chunk, oh, ow, oc_block, ic, kh, kw])
                T.reads(p0[v_n, v_ic // T.int64(8), v_oh + v_kh, v_ow + v_kw, v_ic % T.int64(8)], p1[v_oc_chunk, v_ic // T.int64(8), v_kh, v_kw, v_ic % T.int64(8), v_oc_block])
                T.writes(conv2d_NCHWc[v_n, v_oc_chunk, v_oh, v_ow, v_oc_block])
                with T.init():
                    conv2d_NCHWc[v_n, v_oc_chunk, v_oh, v_ow, v_oc_block] = T.float32(0)
                conv2d_NCHWc[v_n, v_oc_chunk, v_oh, v_ow, v_oc_block] = conv2d_NCHWc[v_n, v_oc_chunk, v_oh, v_ow, v_oc_block] + p0[v_n, v_ic // T.int64(8), v_oh + v_kh, v_ow + v_kw, v_ic % T.int64(8)] * p1[v_oc_chunk, v_ic // T.int64(8), v_kh, v_kw, v_ic % T.int64(8), v_oc_block]
        for ax0, ax1, ax2, ax3, ax4 in T.grid(T.int64(1), T.int64(16), T.int64(14), T.int64(14), T.int64(8)):
            with T.block("T_add"):
                v_ax0, v_ax1, v_ax2, v_ax3, v_ax4 = T.axis.remap("SSSSS", [ax0, ax1, ax2, ax3, ax4])
                T.reads(conv2d_NCHWc[v_ax0, v_ax1, v_ax2, v_ax3, v_ax4], p2[v_ax0, v_ax1, T.int64(0), T.int64(0), v_ax4])
                T.writes(T_add[v_ax0, v_ax1, v_ax2, v_ax3, v_ax4])
                T_add[v_ax0, v_ax1, v_ax2, v_ax3, v_ax4] = conv2d_NCHWc[v_ax0, v_ax1, v_ax2, v_ax3, v_ax4] + p2[v_ax0, v_ax1, T.int64(0), T.int64(0), v_ax4]
        for ax0, ax1, ax2, ax3, ax4 in T.grid(T.int64(1), T.int64(16), T.int64(14), T.int64(14), T.int64(8)):
            with T.block("T_relu"):
                v_ax0, v_ax1, v_ax2, v_ax3, v_ax4 = T.axis.remap("SSSSS", [ax0, ax1, ax2, ax3, ax4])
                T.reads(T_add[v_ax0, v_ax1, v_ax2, v_ax3, v_ax4])
                T.writes(T_relu[v_ax0, v_ax1, v_ax2, v_ax3, v_ax4])
                T_relu[v_ax0, v_ax1, v_ax2, v_ax3, v_ax4] = T.max(T_add[v_ax0, v_ax1, v_ax2, v_ax3, v_ax4], T.float32(0))
2024-05-21 02:46:39 [INFO] [task_scheduler.cc:164] Total 3 design space(s) generated
2024-05-21 02:46:39 [INFO] [task_scheduler.cc:170] Design space #0:
# from tvm.script import ir as I
# from tvm.script import tir as T

@I.ir_module
class Module:
    @T.prim_func
    def main(p0: T.Buffer((T.int64(1), T.int64(36), T.int64(14), T.int64(14), T.int64(8)), "float32"), p1: T.Buffer((T.int64(16), T.int64(36), T.int64(1), T.int64(1), T.int64(8), T.int64(8)), "float32"), p2: T.Buffer((T.int64(1), T.int64(16), T.int64(1), T.int64(1), T.int64(8)), "float32"), T_relu: T.Buffer((T.int64(1), T.int64(16), T.int64(14), T.int64(14), T.int64(8)), "float32")):
        T.func_attr({"tir.noalias": T.bool(True)})
        with T.block("root"):
            T.reads()
            T.writes()
            T.block_attr({"meta_schedule.parallel": 96, "meta_schedule.unroll_explicit": 512, "meta_schedule.vectorize": 64})
            conv2d_NCHWc = T.alloc_buffer((T.int64(1), T.int64(16), T.int64(14), T.int64(14), T.int64(8)))
            for n_0, oc_chunk_0, oh_0, ow_0, oc_block_0, n_1, oc_chunk_1, oh_1, ow_1, oc_block_1, ic_0, kh_0, kw_0, n_2, oc_chunk_2, oh_2, ow_2, oc_block_2, ic_1, kh_1, kw_1, n_3, oc_chunk_3, oh_3, ow_3, oc_block_3 in T.grid(T.int64(1), T.int64(1), T.int64(1), T.int64(2), T.int64(1), T.int64(1), T.int64(8), T.int64(14), T.int64(7), T.int64(4), T.int64(288), T.int64(1), T.int64(1), T.int64(1), T.int64(2), T.int64(1), T.int64(1), T.int64(1), T.int64(1), T.int64(1), T.int64(1), T.int64(1), T.int64(1), T.int64(1), T.int64(1), T.int64(2)):
                with T.block("conv2d_NCHWc"):
                    v_n = T.axis.spatial(T.int64(1), n_0 + n_1 + n_2 + n_3)
                    v_oc_chunk = T.axis.spatial(T.int64(16), oc_chunk_0 * T.int64(16) + oc_chunk_1 * T.int64(2) + oc_chunk_2 + oc_chunk_3)
                    v_oh = T.axis.spatial(T.int64(14), oh_0 * T.int64(14) + oh_1 + oh_2 + oh_3)
                    v_ow = T.axis.spatial(T.int64(14), ow_0 * T.int64(7) + ow_1 + ow_2 + ow_3)
                    v_oc_block = T.axis.spatial(T.int64(8), oc_block_0 * T.int64(8) + oc_block_1 * T.int64(2) + oc_block_2 * T.int64(2) + oc_block_3)
                    v_ic = T.axis.reduce(T.int64(288), ic_0 + ic_1)
                    v_kh = T.axis.reduce(T.int64(1), kh_0 + kh_1)
                    v_kw = T.axis.reduce(T.int64(1), kw_0 + kw_1)
                    T.reads(p0[v_n, v_ic // T.int64(8), v_oh + v_kh, v_ow + v_kw, v_ic % T.int64(8)], p1[v_oc_chunk, v_ic // T.int64(8), v_kh, v_kw, v_ic % T.int64(8), v_oc_block])
                    T.writes(conv2d_NCHWc[v_n, v_oc_chunk, v_oh, v_ow, v_oc_block])
                    T.block_attr({"meta_schedule.tiling_structure": "SSRSRS"})
                    with T.init():
                        conv2d_NCHWc[v_n, v_oc_chunk, v_oh, v_ow, v_oc_block] = T.float32(0)
                    conv2d_NCHWc[v_n, v_oc_chunk, v_oh, v_ow, v_oc_block] = conv2d_NCHWc[v_n, v_oc_chunk, v_oh, v_ow, v_oc_block] + p0[v_n, v_ic // T.int64(8), v_oh + v_kh, v_ow + v_kw, v_ic % T.int64(8)] * p1[v_oc_chunk, v_ic // T.int64(8), v_kh, v_kw, v_ic % T.int64(8), v_oc_block]
            for ax0, ax1, ax2, ax3, ax4 in T.grid(T.int64(1), T.int64(16), T.int64(14), T.int64(14), T.int64(8)):
                with T.block("T_relu"):
                    v_ax0, v_ax1, v_ax2, v_ax3, v_ax4 = T.axis.remap("SSSSS", [ax0, ax1, ax2, ax3, ax4])
                    T.reads(conv2d_NCHWc[v_ax0, v_ax1, v_ax2, v_ax3, v_ax4], p2[v_ax0, v_ax1, T.int64(0), T.int64(0), v_ax4])
                    T.writes(T_relu[v_ax0, v_ax1, v_ax2, v_ax3, v_ax4])
                    T_relu[v_ax0, v_ax1, v_ax2, v_ax3, v_ax4] = T.max(conv2d_NCHWc[v_ax0, v_ax1, v_ax2, v_ax3, v_ax4] + p2[v_ax0, v_ax1, T.int64(0), T.int64(0), v_ax4], T.float32(0))
b0 = sch.get_block(name="conv2d_NCHWc", func_name="main")
b1 = sch.get_block(name="T_add", func_name="main")
b2 = sch.get_block(name="root", func_name="main")
sch.compute_inline(block=b1)
sch.annotate(block_or_loop=b0, ann_key="meta_schedule.tiling_structure", ann_val="SSRSRS")
l3, l4, l5, l6, l7, l8, l9, l10 = sch.get_loops(block=b0)
v11, v12, v13, v14 = sch.sample_perfect_tile(loop=l3, n=4, max_innermost_factor=64, decision=[1, 1, 1, 1])
l15, l16, l17, l18 = sch.split(loop=l3, factors=[v11, v12, v13, v14], preserve_unit_iters=True, disable_predication=False)
v19, v20, v21, v22 = sch.sample_perfect_tile(loop=l4, n=4, max_innermost_factor=64, decision=[1, 8, 2, 1])
l23, l24, l25, l26 = sch.split(loop=l4, factors=[v19, v20, v21, v22], preserve_unit_iters=True, disable_predication=False)
v27, v28, v29, v30 = sch.sample_perfect_tile(loop=l5, n=4, max_innermost_factor=64, decision=[1, 14, 1, 1])
l31, l32, l33, l34 = sch.split(loop=l5, factors=[v27, v28, v29, v30], preserve_unit_iters=True, disable_predication=False)
v35, v36, v37, v38 = sch.sample_perfect_tile(loop=l6, n=4, max_innermost_factor=64, decision=[2, 7, 1, 1])
l39, l40, l41, l42 = sch.split(loop=l6, factors=[v35, v36, v37, v38], preserve_unit_iters=True, disable_predication=False)
v43, v44, v45, v46 = sch.sample_perfect_tile(loop=l7, n=4, max_innermost_factor=64, decision=[1, 4, 1, 2])
l47, l48, l49, l50 = sch.split(loop=l7, factors=[v43, v44, v45, v46], preserve_unit_iters=True, disable_predication=False)
v51, v52 = sch.sample_perfect_tile(loop=l8, n=2, max_innermost_factor=64, decision=[288, 1])
l53, l54 = sch.split(loop=l8, factors=[v51, v52], preserve_unit_iters=True, disable_predication=False)
v55, v56 = sch.sample_perfect_tile(loop=l9, n=2, max_innermost_factor=64, decision=[1, 1])
l57, l58 = sch.split(loop=l9, factors=[v55, v56], preserve_unit_iters=True, disable_predication=False)
v59, v60 = sch.sample_perfect_tile(loop=l10, n=2, max_innermost_factor=64, decision=[1, 1])
l61, l62 = sch.split(loop=l10, factors=[v59, v60], preserve_unit_iters=True, disable_predication=False)
sch.reorder(l15, l23, l31, l39, l47, l16, l24, l32, l40, l48, l53, l57, l61, l17, l25, l33, l41, l49, l54, l58, l62, l18, l26, l34, l42, l50)
sch.annotate(block_or_loop=b2, ann_key="meta_schedule.parallel", ann_val=96)
sch.annotate(block_or_loop=b2, ann_key="meta_schedule.vectorize", ann_val=64)
v63 = sch.sample_categorical(candidates=[0, 16, 64, 512], probs=[0.25, 0.25, 0.25, 0.25], decision=3)
sch.annotate(block_or_loop=b2, ann_key="meta_schedule.unroll_explicit", ann_val=v63)
2024-05-21 02:46:39 [INFO] [task_scheduler.cc:170] Design space #1:
# from tvm.script import ir as I
# from tvm.script import tir as T

@I.ir_module
class Module:
    @T.prim_func
    def main(p0: T.Buffer((T.int64(1), T.int64(36), T.int64(14), T.int64(14), T.int64(8)), "float32"), p1: T.Buffer((T.int64(16), T.int64(36), T.int64(1), T.int64(1), T.int64(8), T.int64(8)), "float32"), p2: T.Buffer((T.int64(1), T.int64(16), T.int64(1), T.int64(1), T.int64(8)), "float32"), T_relu: T.Buffer((T.int64(1), T.int64(16), T.int64(14), T.int64(14), T.int64(8)), "float32")):
        T.func_attr({"tir.noalias": T.bool(True)})
        with T.block("root"):
            T.reads()
            T.writes()
            T.block_attr({"meta_schedule.parallel": 96, "meta_schedule.unroll_explicit": 512, "meta_schedule.vectorize": 64})
            conv2d_NCHWc = T.alloc_buffer((T.int64(1), T.int64(16), T.int64(14), T.int64(14), T.int64(8)))
            for n_0, oc_chunk_0, oh_0, ow_0, oc_block_0, n_1, oc_chunk_1, oh_1, ow_1, oc_block_1 in T.grid(T.int64(1), T.int64(1), T.int64(1), T.int64(2), T.int64(1), T.int64(1), T.int64(8), T.int64(14), T.int64(7), T.int64(4)):
                for ic_0, kh_0, kw_0, n_2, oc_chunk_2, oh_2, ow_2, oc_block_2, ic_1, kh_1, kw_1, n_3, oc_chunk_3, oh_3, ow_3, oc_block_3 in T.grid(T.int64(288), T.int64(1), T.int64(1), T.int64(1), T.int64(2), T.int64(1), T.int64(1), T.int64(1), T.int64(1), T.int64(1), T.int64(1), T.int64(1), T.int64(1), T.int64(1), T.int64(1), T.int64(2)):
                    with T.block("conv2d_NCHWc"):
                        v_n = T.axis.spatial(T.int64(1), n_0 + n_1 + n_2 + n_3)
                        v_oc_chunk = T.axis.spatial(T.int64(16), oc_chunk_0 * T.int64(16) + oc_chunk_1 * T.int64(2) + oc_chunk_2 + oc_chunk_3)
                        v_oh = T.axis.spatial(T.int64(14), oh_0 * T.int64(14) + oh_1 + oh_2 + oh_3)
                        v_ow = T.axis.spatial(T.int64(14), ow_0 * T.int64(7) + ow_1 + ow_2 + ow_3)
                        v_oc_block = T.axis.spatial(T.int64(8), oc_block_0 * T.int64(8) + oc_block_1 * T.int64(2) + oc_block_2 * T.int64(2) + oc_block_3)
                        v_ic = T.axis.reduce(T.int64(288), ic_0 + ic_1)
                        v_kh = T.axis.reduce(T.int64(1), kh_0 + kh_1)
                        v_kw = T.axis.reduce(T.int64(1), kw_0 + kw_1)
                        T.reads(p0[v_n, v_ic // T.int64(8), v_oh + v_kh, v_ow + v_kw, v_ic % T.int64(8)], p1[v_oc_chunk, v_ic // T.int64(8), v_kh, v_kw, v_ic % T.int64(8), v_oc_block])
                        T.writes(conv2d_NCHWc[v_n, v_oc_chunk, v_oh, v_ow, v_oc_block])
                        T.block_attr({"meta_schedule.tiling_structure": "SSRSRS"})
                        with T.init():
                            conv2d_NCHWc[v_n, v_oc_chunk, v_oh, v_ow, v_oc_block] = T.float32(0)
                        conv2d_NCHWc[v_n, v_oc_chunk, v_oh, v_ow, v_oc_block] = conv2d_NCHWc[v_n, v_oc_chunk, v_oh, v_ow, v_oc_block] + p0[v_n, v_ic // T.int64(8), v_oh + v_kh, v_ow + v_kw, v_ic % T.int64(8)] * p1[v_oc_chunk, v_ic // T.int64(8), v_kh, v_kw, v_ic % T.int64(8), v_oc_block]
                for ax0, ax1, ax2, ax3, ax4 in T.grid(T.int64(1), T.int64(2), T.int64(1), T.int64(1), T.int64(2)):
                    with T.block("T_relu"):
                        v_ax0 = T.axis.spatial(T.int64(1), ax0)
                        v_ax1 = T.axis.spatial(T.int64(16), oc_chunk_1 * T.int64(2) + ax1)
                        v_ax2 = T.axis.spatial(T.int64(14), oh_1 + ax2)
                        v_ax3 = T.axis.spatial(T.int64(14), ow_0 * T.int64(7) + ow_1 + ax3)
                        v_ax4 = T.axis.spatial(T.int64(8), oc_block_1 * T.int64(2) + ax4)
                        T.reads(conv2d_NCHWc[v_ax0, v_ax1, v_ax2, v_ax3, v_ax4], p2[v_ax0, v_ax1, T.int64(0), T.int64(0), v_ax4])
                        T.writes(T_relu[v_ax0, v_ax1, v_ax2, v_ax3, v_ax4])
                        T_relu[v_ax0, v_ax1, v_ax2, v_ax3, v_ax4] = T.max(conv2d_NCHWc[v_ax0, v_ax1, v_ax2, v_ax3, v_ax4] + p2[v_ax0, v_ax1, T.int64(0), T.int64(0), v_ax4], T.float32(0))
b0 = sch.get_block(name="conv2d_NCHWc", func_name="main")
b1 = sch.get_block(name="T_add", func_name="main")
b2 = sch.get_block(name="root", func_name="main")
sch.compute_inline(block=b1)
sch.annotate(block_or_loop=b0, ann_key="meta_schedule.tiling_structure", ann_val="SSRSRS")
l3, l4, l5, l6, l7, l8, l9, l10 = sch.get_loops(block=b0)
v11, v12, v13, v14 = sch.sample_perfect_tile(loop=l3, n=4, max_innermost_factor=64, decision=[1, 1, 1, 1])
l15, l16, l17, l18 = sch.split(loop=l3, factors=[v11, v12, v13, v14], preserve_unit_iters=True, disable_predication=False)
v19, v20, v21, v22 = sch.sample_perfect_tile(loop=l4, n=4, max_innermost_factor=64, decision=[1, 8, 2, 1])
l23, l24, l25, l26 = sch.split(loop=l4, factors=[v19, v20, v21, v22], preserve_unit_iters=True, disable_predication=False)
v27, v28, v29, v30 = sch.sample_perfect_tile(loop=l5, n=4, max_innermost_factor=64, decision=[1, 14, 1, 1])
l31, l32, l33, l34 = sch.split(loop=l5, factors=[v27, v28, v29, v30], preserve_unit_iters=True, disable_predication=False)
v35, v36, v37, v38 = sch.sample_perfect_tile(loop=l6, n=4, max_innermost_factor=64, decision=[2, 7, 1, 1])
l39, l40, l41, l42 = sch.split(loop=l6, factors=[v35, v36, v37, v38], preserve_unit_iters=True, disable_predication=False)
v43, v44, v45, v46 = sch.sample_perfect_tile(loop=l7, n=4, max_innermost_factor=64, decision=[1, 4, 1, 2])
l47, l48, l49, l50 = sch.split(loop=l7, factors=[v43, v44, v45, v46], preserve_unit_iters=True, disable_predication=False)
v51, v52 = sch.sample_perfect_tile(loop=l8, n=2, max_innermost_factor=64, decision=[288, 1])
l53, l54 = sch.split(loop=l8, factors=[v51, v52], preserve_unit_iters=True, disable_predication=False)
v55, v56 = sch.sample_perfect_tile(loop=l9, n=2, max_innermost_factor=64, decision=[1, 1])
l57, l58 = sch.split(loop=l9, factors=[v55, v56], preserve_unit_iters=True, disable_predication=False)
v59, v60 = sch.sample_perfect_tile(loop=l10, n=2, max_innermost_factor=64, decision=[1, 1])
l61, l62 = sch.split(loop=l10, factors=[v59, v60], preserve_unit_iters=True, disable_predication=False)
sch.reorder(l15, l23, l31, l39, l47, l16, l24, l32, l40, l48, l53, l57, l61, l17, l25, l33, l41, l49, l54, l58, l62, l18, l26, l34, l42, l50)
b63, = sch.get_consumers(block=b0)
sch.reverse_compute_at(block=b63, loop=l48, preserve_unit_loops=True, index=-1)
sch.annotate(block_or_loop=b2, ann_key="meta_schedule.parallel", ann_val=96)
sch.annotate(block_or_loop=b2, ann_key="meta_schedule.vectorize", ann_val=64)
v64 = sch.sample_categorical(candidates=[0, 16, 64, 512], probs=[0.25, 0.25, 0.25, 0.25], decision=3)
sch.annotate(block_or_loop=b2, ann_key="meta_schedule.unroll_explicit", ann_val=v64)
2024-05-21 02:46:39 [INFO] [task_scheduler.cc:170] Design space #2:
# from tvm.script import ir as I
# from tvm.script import tir as T

@I.ir_module
class Module:
    @T.prim_func
    def main(p0: T.Buffer((T.int64(1), T.int64(36), T.int64(14), T.int64(14), T.int64(8)), "float32"), p1: T.Buffer((T.int64(16), T.int64(36), T.int64(1), T.int64(1), T.int64(8), T.int64(8)), "float32"), p2: T.Buffer((T.int64(1), T.int64(16), T.int64(1), T.int64(1), T.int64(8)), "float32"), T_relu: T.Buffer((T.int64(1), T.int64(16), T.int64(14), T.int64(14), T.int64(8)), "float32")):
        T.func_attr({"tir.noalias": T.bool(True)})
        with T.block("root"):
            T.reads()
            T.writes()
            T.block_attr({"meta_schedule.parallel": 96, "meta_schedule.unroll_explicit": 64, "meta_schedule.vectorize": 64})
            conv2d_NCHWc = T.alloc_buffer((T.int64(1), T.int64(16), T.int64(14), T.int64(14), T.int64(8)))
            for n_0, oc_chunk_0, oh_0, ow_0, oc_block_0 in T.grid(T.int64(1), T.int64(1), T.int64(1), T.int64(2), T.int64(1)):
                for n_1, oc_chunk_1, oh_1, ow_1, oc_block_1, ic_0, kh_0, kw_0, n_2, oc_chunk_2, oh_2, ow_2, oc_block_2, ic_1, kh_1, kw_1, n_3, oc_chunk_3, oh_3, ow_3, oc_block_3 in T.grid(T.int64(1), T.int64(8), T.int64(14), T.int64(7), T.int64(4), T.int64(288), T.int64(1), T.int64(1), T.int64(1), T.int64(2), T.int64(1), T.int64(1), T.int64(1), T.int64(1), T.int64(1), T.int64(1), T.int64(1), T.int64(1), T.int64(1), T.int64(1), T.int64(2)):
                    with T.block("conv2d_NCHWc"):
                        v_n = T.axis.spatial(T.int64(1), n_0 + n_1 + n_2 + n_3)
                        v_oc_chunk = T.axis.spatial(T.int64(16), oc_chunk_0 * T.int64(16) + oc_chunk_1 * T.int64(2) + oc_chunk_2 + oc_chunk_3)
                        v_oh = T.axis.spatial(T.int64(14), oh_0 * T.int64(14) + oh_1 + oh_2 + oh_3)
                        v_ow = T.axis.spatial(T.int64(14), ow_0 * T.int64(7) + ow_1 + ow_2 + ow_3)
                        v_oc_block = T.axis.spatial(T.int64(8), oc_block_0 * T.int64(8) + oc_block_1 * T.int64(2) + oc_block_2 * T.int64(2) + oc_block_3)
                        v_ic = T.axis.reduce(T.int64(288), ic_0 + ic_1)
                        v_kh = T.axis.reduce(T.int64(1), kh_0 + kh_1)
                        v_kw = T.axis.reduce(T.int64(1), kw_0 + kw_1)
                        T.reads(p0[v_n, v_ic // T.int64(8), v_oh + v_kh, v_ow + v_kw, v_ic % T.int64(8)], p1[v_oc_chunk, v_ic // T.int64(8), v_kh, v_kw, v_ic % T.int64(8), v_oc_block])
                        T.writes(conv2d_NCHWc[v_n, v_oc_chunk, v_oh, v_ow, v_oc_block])
                        T.block_attr({"meta_schedule.tiling_structure": "SSRSRS"})
                        with T.init():
                            conv2d_NCHWc[v_n, v_oc_chunk, v_oh, v_ow, v_oc_block] = T.float32(0)
                        conv2d_NCHWc[v_n, v_oc_chunk, v_oh, v_ow, v_oc_block] = conv2d_NCHWc[v_n, v_oc_chunk, v_oh, v_ow, v_oc_block] + p0[v_n, v_ic // T.int64(8), v_oh + v_kh, v_ow + v_kw, v_ic % T.int64(8)] * p1[v_oc_chunk, v_ic // T.int64(8), v_kh, v_kw, v_ic % T.int64(8), v_oc_block]
                for ax0, ax1, ax2, ax3, ax4 in T.grid(T.int64(1), T.int64(16), T.int64(14), T.int64(7), T.int64(8)):
                    with T.block("T_relu"):
                        v_ax0, v_ax1, v_ax2 = T.axis.remap("SSS", [ax0, ax1, ax2])
                        v_ax3 = T.axis.spatial(T.int64(14), ow_0 * T.int64(7) + ax3)
                        v_ax4 = T.axis.spatial(T.int64(8), ax4)
                        T.reads(conv2d_NCHWc[v_ax0, v_ax1, v_ax2, v_ax3, v_ax4], p2[v_ax0, v_ax1, T.int64(0), T.int64(0), v_ax4])
                        T.writes(T_relu[v_ax0, v_ax1, v_ax2, v_ax3, v_ax4])
                        T_relu[v_ax0, v_ax1, v_ax2, v_ax3, v_ax4] = T.max(conv2d_NCHWc[v_ax0, v_ax1, v_ax2, v_ax3, v_ax4] + p2[v_ax0, v_ax1, T.int64(0), T.int64(0), v_ax4], T.float32(0))
b0 = sch.get_block(name="conv2d_NCHWc", func_name="main")
b1 = sch.get_block(name="T_add", func_name="main")
b2 = sch.get_block(name="root", func_name="main")
sch.compute_inline(block=b1)
sch.annotate(block_or_loop=b0, ann_key="meta_schedule.tiling_structure", ann_val="SSRSRS")
l3, l4, l5, l6, l7, l8, l9, l10 = sch.get_loops(block=b0)
v11, v12, v13, v14 = sch.sample_perfect_tile(loop=l3, n=4, max_innermost_factor=64, decision=[1, 1, 1, 1])
l15, l16, l17, l18 = sch.split(loop=l3, factors=[v11, v12, v13, v14], preserve_unit_iters=True, disable_predication=False)
v19, v20, v21, v22 = sch.sample_perfect_tile(loop=l4, n=4, max_innermost_factor=64, decision=[1, 8, 2, 1])
l23, l24, l25, l26 = sch.split(loop=l4, factors=[v19, v20, v21, v22], preserve_unit_iters=True, disable_predication=False)
v27, v28, v29, v30 = sch.sample_perfect_tile(loop=l5, n=4, max_innermost_factor=64, decision=[1, 14, 1, 1])
l31, l32, l33, l34 = sch.split(loop=l5, factors=[v27, v28, v29, v30], preserve_unit_iters=True, disable_predication=False)
v35, v36, v37, v38 = sch.sample_perfect_tile(loop=l6, n=4, max_innermost_factor=64, decision=[2, 7, 1, 1])
l39, l40, l41, l42 = sch.split(loop=l6, factors=[v35, v36, v37, v38], preserve_unit_iters=True, disable_predication=False)
v43, v44, v45, v46 = sch.sample_perfect_tile(loop=l7, n=4, max_innermost_factor=64, decision=[1, 4, 1, 2])
l47, l48, l49, l50 = sch.split(loop=l7, factors=[v43, v44, v45, v46], preserve_unit_iters=True, disable_predication=False)
v51, v52 = sch.sample_perfect_tile(loop=l8, n=2, max_innermost_factor=64, decision=[288, 1])
l53, l54 = sch.split(loop=l8, factors=[v51, v52], preserve_unit_iters=True, disable_predication=False)
v55, v56 = sch.sample_perfect_tile(loop=l9, n=2, max_innermost_factor=64, decision=[1, 1])
l57, l58 = sch.split(loop=l9, factors=[v55, v56], preserve_unit_iters=True, disable_predication=False)
v59, v60 = sch.sample_perfect_tile(loop=l10, n=2, max_innermost_factor=64, decision=[1, 1])
l61, l62 = sch.split(loop=l10, factors=[v59, v60], preserve_unit_iters=True, disable_predication=False)
sch.reorder(l15, l23, l31, l39, l47, l16, l24, l32, l40, l48, l53, l57, l61, l17, l25, l33, l41, l49, l54, l58, l62, l18, l26, l34, l42, l50)
b63, = sch.get_consumers(block=b0)
sch.reverse_compute_at(block=b63, loop=l47, preserve_unit_loops=True, index=-1)
sch.annotate(block_or_loop=b2, ann_key="meta_schedule.parallel", ann_val=96)
sch.annotate(block_or_loop=b2, ann_key="meta_schedule.vectorize", ann_val=64)
v64 = sch.sample_categorical(candidates=[0, 16, 64, 512], probs=[0.25, 0.25, 0.25, 0.25], decision=2)
sch.annotate(block_or_loop=b2, ann_key="meta_schedule.unroll_explicit", ann_val=v64)
2024-05-21 03:51:00 [INFO] [evolutionary_search.cc:713] Generating candidates......
2024-05-21 03:51:00 [INFO] [evolutionary_search.cc:715] Picked top 0 candidate(s) from database
2024-05-21 03:51:01 [INFO] [evolutionary_search.cc:533] Sample-Init-Population summary:
Postproc #0 [meta_schedule.DisallowDynamicLoop(0x1a5e8528)]: 0 failure(s)
Postproc #1 [meta_schedule.RewriteParallelVectorizeUnroll(0x16867898)]: 0 failure(s)
Postproc #2 [meta_schedule.RewriteReductionBlock(0x18e79a78)]: 0 failure(s)
Postproc #3 [meta_schedule.RewriteLayout(0x1901c508)]: 0 failure(s)
2024-05-21 03:51:01 [INFO] [evolutionary_search.cc:723] Sampled 512 candidate(s)
2024-05-21 03:51:02 [INFO] [evolutionary_search.cc:621] Evolve iter #0 done. Summary:
Postproc #0 [meta_schedule.DisallowDynamicLoop(0x1a5e8528)]: 0 failure(s)
Postproc #1 [meta_schedule.RewriteParallelVectorizeUnroll(0x16867898)]: 0 failure(s)
Postproc #2 [meta_schedule.RewriteReductionBlock(0x18e79a78)]: 0 failure(s)
Postproc #3 [meta_schedule.RewriteLayout(0x1901c508)]: 0 failure(s)
2024-05-21 03:51:02 [INFO] [evolutionary_search.cc:621] Evolve iter #1 done. Summary:
Postproc #0 [meta_schedule.DisallowDynamicLoop(0x1a5e8528)]: 0 failure(s)
Postproc #1 [meta_schedule.RewriteParallelVectorizeUnroll(0x16867898)]: 0 failure(s)
Postproc #2 [meta_schedule.RewriteReductionBlock(0x18e79a78)]: 0 failure(s)
Postproc #3 [meta_schedule.RewriteLayout(0x1901c508)]: 0 failure(s)
2024-05-21 03:51:03 [INFO] [evolutionary_search.cc:621] Evolve iter #2 done. Summary:
Postproc #0 [meta_schedule.DisallowDynamicLoop(0x1a5e8528)]: 0 failure(s)
Postproc #1 [meta_schedule.RewriteParallelVectorizeUnroll(0x16867898)]: 0 failure(s)
Postproc #2 [meta_schedule.RewriteReductionBlock(0x18e79a78)]: 0 failure(s)
Postproc #3 [meta_schedule.RewriteLayout(0x1901c508)]: 0 failure(s)
2024-05-21 03:51:04 [INFO] [evolutionary_search.cc:621] Evolve iter #3 done. Summary:
Postproc #0 [meta_schedule.DisallowDynamicLoop(0x1a5e8528)]: 0 failure(s)
Postproc #1 [meta_schedule.RewriteParallelVectorizeUnroll(0x16867898)]: 0 failure(s)
Postproc #2 [meta_schedule.RewriteReductionBlock(0x18e79a78)]: 0 failure(s)
Postproc #3 [meta_schedule.RewriteLayout(0x1901c508)]: 0 failure(s)
2024-05-21 03:51:04 [INFO] [evolutionary_search.cc:649] Scores of the best 64 candidates:
[1 : 16]:	0.9992  0.9983  0.9977  0.9976  0.9969  0.9963  0.9951  0.9949  0.9948  0.9946  0.9943  0.9942  0.9942  0.9941  0.9938  0.9934
[17 : 32]:	0.9930  0.9930  0.9929  0.9926  0.9921  0.9915  0.9911  0.9911  0.9910  0.9909  0.9909  0.9907  0.9889  0.9888  0.9888  0.9886
[33 : 48]:	0.9880  0.9878  0.9877  0.9873  0.9870  0.9869  0.9866  0.9865  0.9856  0.9852  0.9848  0.9848  0.9846  0.9845  0.9842  0.9836
[49 : 64]:	0.9834  0.9834  0.9833  0.9829  0.9826  0.9819  0.9816  0.9814  0.9799  0.9791  0.9789  0.9787  0.9783  0.9777  0.9774  0.9772
2024-05-21 03:51:04 [INFO] [evolutionary_search.cc:727] Got 64 candidate(s) with evolutionary search
2024-05-21 03:51:04 [INFO] [evolutionary_search.cc:730] Sending 64 candidates(s) for measurement
2024-05-21 04:46:40 [INFO] [task_scheduler.cc:131] [Task #39: fused_nn_contrib_conv2d_NCHWc_add_nn_relu_38] Trial #1: GFLOPs: 16.9346. Time: 856.2841 us. Best GFLOPs: 16.9346
2024-05-21 04:46:40 [INFO] [task_scheduler.cc:131] [Task #39: fused_nn_contrib_conv2d_NCHWc_add_nn_relu_38] Trial #2: GFLOPs: 23.5382. Time: 616.0562 us. Best GFLOPs: 23.5382
2024-05-21 04:46:40 [INFO] [task_scheduler.cc:131] [Task #39: fused_nn_contrib_conv2d_NCHWc_add_nn_relu_38] Trial #3: GFLOPs: 26.4739. Time: 547.7417 us. Best GFLOPs: 26.4739
2024-05-21 04:46:40 [INFO] [task_scheduler.cc:131] [Task #39: fused_nn_contrib_conv2d_NCHWc_add_nn_relu_38] Trial #4: GFLOPs: 28.2682. Time: 512.9742 us. Best GFLOPs: 28.2682
2024-05-21 04:46:40 [INFO] [task_scheduler.cc:131] [Task #39: fused_nn_contrib_conv2d_NCHWc_add_nn_relu_38] Trial #5: GFLOPs: 69.0923. Time: 209.8766 us. Best GFLOPs: 69.0923
2024-05-21 04:46:40 [INFO] [task_scheduler.cc:131] [Task #39: fused_nn_contrib_conv2d_NCHWc_add_nn_relu_38] Trial #6: GFLOPs: 8.1215. Time: 1785.4813 us. Best GFLOPs: 69.0923
2024-05-21 04:46:40 [INFO] [task_scheduler.cc:131] [Task #39: fused_nn_contrib_conv2d_NCHWc_add_nn_relu_38] Trial #7: GFLOPs: 28.0377. Time: 517.1911 us. Best GFLOPs: 69.0923
2024-05-21 04:46:40 [INFO] [task_scheduler.cc:131] [Task #39: fused_nn_contrib_conv2d_NCHWc_add_nn_relu_38] Trial #8: GFLOPs: 13.5836. Time: 1067.5299 us. Best GFLOPs: 69.0923
2024-05-21 04:46:40 [INFO] [task_scheduler.cc:131] [Task #39: fused_nn_contrib_conv2d_NCHWc_add_nn_relu_38] Trial #9: GFLOPs: 72.5116. Time: 199.9799 us. Best GFLOPs: 72.5116
2024-05-21 04:46:40 [INFO] [task_scheduler.cc:131] [Task #39: fused_nn_contrib_conv2d_NCHWc_add_nn_relu_38] Trial #10: GFLOPs: 15.9016. Time: 911.9107 us. Best GFLOPs: 72.5116
2024-05-21 04:46:40 [INFO] [task_scheduler.cc:131] [Task #39: fused_nn_contrib_conv2d_NCHWc_add_nn_relu_38] Trial #11: GFLOPs: 26.8754. Time: 539.5589 us. Best GFLOPs: 72.5116
2024-05-21 04:46:40 [INFO] [task_scheduler.cc:131] [Task #39: fused_nn_contrib_conv2d_NCHWc_add_nn_relu_38] Trial #12: GFLOPs: 16.3135. Time: 888.8847 us. Best GFLOPs: 72.5116
2024-05-21 04:46:40 [INFO] [task_scheduler.cc:131] [Task #39: fused_nn_contrib_conv2d_NCHWc_add_nn_relu_38] Trial #13: GFLOPs: 23.1892. Time: 625.3271 us. Best GFLOPs: 72.5116
2024-05-21 04:46:40 [INFO] [task_scheduler.cc:131] [Task #39: fused_nn_contrib_conv2d_NCHWc_add_nn_relu_38] Trial #14: GFLOPs: 57.6422. Time: 251.5666 us. Best GFLOPs: 72.5116
2024-05-21 04:46:40 [INFO] [task_scheduler.cc:131] [Task #39: fused_nn_contrib_conv2d_NCHWc_add_nn_relu_38] Trial #15: GFLOPs: 22.5474. Time: 643.1274 us. Best GFLOPs: 72.5116
2024-05-21 04:46:40 [INFO] [task_scheduler.cc:131] [Task #39: fused_nn_contrib_conv2d_NCHWc_add_nn_relu_38] Trial #16: GFLOPs: 81.1608. Time: 178.6683 us. Best GFLOPs: 81.1608
2024-05-21 04:46:40 [INFO] [task_scheduler.cc:131] [Task #39: fused_nn_contrib_conv2d_NCHWc_add_nn_relu_38] Trial #17: GFLOPs: 18.1707. Time: 798.0341 us. Best GFLOPs: 81.1608
2024-05-21 04:46:40 [INFO] [task_scheduler.cc:131] [Task #39: fused_nn_contrib_conv2d_NCHWc_add_nn_relu_38] Trial #18: GFLOPs: 5.0200. Time: 2888.6357 us. Best GFLOPs: 81.1608
2024-05-21 04:46:40 [INFO] [task_scheduler.cc:131] [Task #39: fused_nn_contrib_conv2d_NCHWc_add_nn_relu_38] Trial #19: GFLOPs: 106.3440. Time: 136.3581 us. Best GFLOPs: 106.3440
2024-05-21 04:46:40 [INFO] [task_scheduler.cc:131] [Task #39: fused_nn_contrib_conv2d_NCHWc_add_nn_relu_38] Trial #20: GFLOPs: 28.5208. Time: 508.4313 us. Best GFLOPs: 106.3440
2024-05-21 04:46:40 [INFO] [task_scheduler.cc:131] [Task #39: fused_nn_contrib_conv2d_NCHWc_add_nn_relu_38] Trial #21: GFLOPs: 48.5799. Time: 298.4951 us. Best GFLOPs: 106.3440
2024-05-21 04:46:40 [INFO] [task_scheduler.cc:131] [Task #39: fused_nn_contrib_conv2d_NCHWc_add_nn_relu_38] Trial #22: GFLOPs: 72.7865. Time: 199.2246 us. Best GFLOPs: 106.3440
2024-05-21 04:46:40 [INFO] [task_scheduler.cc:131] [Task #39: fused_nn_contrib_conv2d_NCHWc_add_nn_relu_38] Trial #23: GFLOPs: 88.4011. Time: 164.0349 us. Best GFLOPs: 106.3440
2024-05-21 04:46:40 [INFO] [task_scheduler.cc:131] [Task #39: fused_nn_contrib_conv2d_NCHWc_add_nn_relu_38] Trial #24: GFLOPs: 45.6160. Time: 317.8901 us. Best GFLOPs: 106.3440
2024-05-21 04:46:40 [INFO] [task_scheduler.cc:131] [Task #39: fused_nn_contrib_conv2d_NCHWc_add_nn_relu_38] Trial #25: GFLOPs: 128.7139. Time: 112.6597 us. Best GFLOPs: 128.7139
2024-05-21 04:46:40 [INFO] [task_scheduler.cc:131] [Task #39: fused_nn_contrib_conv2d_NCHWc_add_nn_relu_38] Trial #26: GFLOPs: 86.6736. Time: 167.3042 us. Best GFLOPs: 128.7139
2024-05-21 04:46:40 [INFO] [task_scheduler.cc:131] [Task #39: fused_nn_contrib_conv2d_NCHWc_add_nn_relu_38] Trial #27: GFLOPs: 49.6616. Time: 291.9932 us. Best GFLOPs: 128.7139
2024-05-21 04:46:40 [INFO] [task_scheduler.cc:131] [Task #39: fused_nn_contrib_conv2d_NCHWc_add_nn_relu_38] Trial #28: GFLOPs: 45.2018. Time: 320.8028 us. Best GFLOPs: 128.7139
2024-05-21 04:46:40 [INFO] [task_scheduler.cc:131] [Task #39: fused_nn_contrib_conv2d_NCHWc_add_nn_relu_38] Trial #29: GFLOPs: 22.5191. Time: 643.9359 us. Best GFLOPs: 128.7139
2024-05-21 04:46:40 [INFO] [task_scheduler.cc:131] [Task #39: fused_nn_contrib_conv2d_NCHWc_add_nn_relu_38] Trial #30: GFLOPs: 19.5251. Time: 742.6792 us. Best GFLOPs: 128.7139
2024-05-21 04:46:40 [INFO] [task_scheduler.cc:131] [Task #39: fused_nn_contrib_conv2d_NCHWc_add_nn_relu_38] Trial #31: GFLOPs: 19.1419. Time: 757.5470 us. Best GFLOPs: 128.7139
2024-05-21 04:46:40 [INFO] [task_scheduler.cc:131] [Task #39: fused_nn_contrib_conv2d_NCHWc_add_nn_relu_38] Trial #32: GFLOPs: 18.0810. Time: 801.9954 us. Best GFLOPs: 128.7139
2024-05-21 04:46:40 [INFO] [task_scheduler.cc:131] [Task #39: fused_nn_contrib_conv2d_NCHWc_add_nn_relu_38] Trial #33: GFLOPs: 63.9602. Time: 226.7170 us. Best GFLOPs: 128.7139
2024-05-21 04:46:40 [INFO] [task_scheduler.cc:131] [Task #39: fused_nn_contrib_conv2d_NCHWc_add_nn_relu_38] Trial #34: GFLOPs: 20.3345. Time: 713.1160 us. Best GFLOPs: 128.7139
2024-05-21 04:46:40 [INFO] [task_scheduler.cc:131] [Task #39: fused_nn_contrib_conv2d_NCHWc_add_nn_relu_38] Trial #35: GFLOPs: 22.4461. Time: 646.0302 us. Best GFLOPs: 128.7139
2024-05-21 04:46:40 [INFO] [task_scheduler.cc:131] [Task #39: fused_nn_contrib_conv2d_NCHWc_add_nn_relu_38] Trial #36: GFLOPs: 28.2353. Time: 513.5730 us. Best GFLOPs: 128.7139
2024-05-21 04:46:40 [INFO] [task_scheduler.cc:131] [Task #39: fused_nn_contrib_conv2d_NCHWc_add_nn_relu_38] Trial #37: GFLOPs: 9.0872. Time: 1595.7420 us. Best GFLOPs: 128.7139
2024-05-21 04:46:40 [INFO] [task_scheduler.cc:131] [Task #39: fused_nn_contrib_conv2d_NCHWc_add_nn_relu_38] Trial #38: GFLOPs: 6.1030. Time: 2376.0116 us. Best GFLOPs: 128.7139
2024-05-21 04:46:40 [INFO] [task_scheduler.cc:131] [Task #39: fused_nn_contrib_conv2d_NCHWc_add_nn_relu_38] Trial #39: GFLOPs: 18.5720. Time: 780.7926 us. Best GFLOPs: 128.7139
2024-05-21 04:46:40 [INFO] [task_scheduler.cc:131] [Task #39: fused_nn_contrib_conv2d_NCHWc_add_nn_relu_38] Trial #40: GFLOPs: 23.3322. Time: 621.4959 us. Best GFLOPs: 128.7139
2024-05-21 04:46:40 [INFO] [task_scheduler.cc:131] [Task #39: fused_nn_contrib_conv2d_NCHWc_add_nn_relu_38] Trial #41: GFLOPs: 44.9693. Time: 322.4616 us. Best GFLOPs: 128.7139
2024-05-21 04:46:40 [INFO] [task_scheduler.cc:131] [Task #39: fused_nn_contrib_conv2d_NCHWc_add_nn_relu_38] Trial #42: GFLOPs: 46.5121. Time: 311.7653 us. Best GFLOPs: 128.7139
2024-05-21 04:46:40 [INFO] [task_scheduler.cc:131] [Task #39: fused_nn_contrib_conv2d_NCHWc_add_nn_relu_38] Trial #43: GFLOPs: 25.4995. Time: 568.6722 us. Best GFLOPs: 128.7139
2024-05-21 04:46:40 [INFO] [task_scheduler.cc:131] [Task #39: fused_nn_contrib_conv2d_NCHWc_add_nn_relu_38] Trial #44: GFLOPs: 32.3749. Time: 447.9044 us. Best GFLOPs: 128.7139
2024-05-21 04:46:40 [INFO] [task_scheduler.cc:131] [Task #39: fused_nn_contrib_conv2d_NCHWc_add_nn_relu_38] Trial #45: GFLOPs: 30.2147. Time: 479.9270 us. Best GFLOPs: 128.7139
2024-05-21 04:46:40 [INFO] [task_scheduler.cc:131] [Task #39: fused_nn_contrib_conv2d_NCHWc_add_nn_relu_38] Trial #46: GFLOPs: 21.9162. Time: 661.6506 us. Best GFLOPs: 128.7139
2024-05-21 04:46:40 [INFO] [task_scheduler.cc:131] [Task #39: fused_nn_contrib_conv2d_NCHWc_add_nn_relu_38] Trial #47: GFLOPs: 18.2123. Time: 796.2128 us. Best GFLOPs: 128.7139
2024-05-21 04:46:40 [INFO] [task_scheduler.cc:131] [Task #39: fused_nn_contrib_conv2d_NCHWc_add_nn_relu_38] Trial #48: GFLOPs: 12.4173. Time: 1167.7954 us. Best GFLOPs: 128.7139
2024-05-21 04:46:40 [INFO] [task_scheduler.cc:131] [Task #39: fused_nn_contrib_conv2d_NCHWc_add_nn_relu_38] Trial #49: GFLOPs: 6.4612. Time: 2244.3055 us. Best GFLOPs: 128.7139
2024-05-21 04:46:40 [INFO] [task_scheduler.cc:131] [Task #39: fused_nn_contrib_conv2d_NCHWc_add_nn_relu_38] Trial #50: GFLOPs: 22.5690. Time: 642.5137 us. Best GFLOPs: 128.7139
2024-05-21 04:46:40 [INFO] [task_scheduler.cc:131] [Task #39: fused_nn_contrib_conv2d_NCHWc_add_nn_relu_38] Trial #51: GFLOPs: 21.8049. Time: 665.0274 us. Best GFLOPs: 128.7139
2024-05-21 04:46:40 [INFO] [task_scheduler.cc:131] [Task #39: fused_nn_contrib_conv2d_NCHWc_add_nn_relu_38] Trial #52: GFLOPs: 52.5907. Time: 275.7304 us. Best GFLOPs: 128.7139
2024-05-21 04:46:40 [INFO] [task_scheduler.cc:131] [Task #39: fused_nn_contrib_conv2d_NCHWc_add_nn_relu_38] Trial #53: GFLOPs: 97.5671. Time: 148.6245 us. Best GFLOPs: 128.7139
2024-05-21 04:46:40 [INFO] [task_scheduler.cc:131] [Task #39: fused_nn_contrib_conv2d_NCHWc_add_nn_relu_38] Trial #54: GFLOPs: 63.5497. Time: 228.1813 us. Best GFLOPs: 128.7139
2024-05-21 04:46:40 [INFO] [task_scheduler.cc:131] [Task #39: fused_nn_contrib_conv2d_NCHWc_add_nn_relu_38] Trial #55: GFLOPs: 104.2343. Time: 139.1179 us. Best GFLOPs: 128.7139
2024-05-21 04:46:40 [INFO] [task_scheduler.cc:131] [Task #39: fused_nn_contrib_conv2d_NCHWc_add_nn_relu_38] Trial #56: GFLOPs: 26.8299. Time: 540.4734 us. Best GFLOPs: 128.7139
2024-05-21 04:46:40 [INFO] [task_scheduler.cc:131] [Task #39: fused_nn_contrib_conv2d_NCHWc_add_nn_relu_38] Trial #57: GFLOPs: 15.0185. Time: 965.5315 us. Best GFLOPs: 128.7139
2024-05-21 04:46:40 [INFO] [task_scheduler.cc:131] [Task #39: fused_nn_contrib_conv2d_NCHWc_add_nn_relu_38] Trial #58: GFLOPs: 55.3773. Time: 261.8556 us. Best GFLOPs: 128.7139
2024-05-21 04:46:40 [INFO] [task_scheduler.cc:131] [Task #39: fused_nn_contrib_conv2d_NCHWc_add_nn_relu_38] Trial #59: GFLOPs: 26.4192. Time: 548.8770 us. Best GFLOPs: 128.7139
2024-05-21 04:46:40 [INFO] [task_scheduler.cc:131] [Task #39: fused_nn_contrib_conv2d_NCHWc_add_nn_relu_38] Trial #60: GFLOPs: 24.2635. Time: 597.6403 us. Best GFLOPs: 128.7139
2024-05-21 04:46:40 [INFO] [task_scheduler.cc:131] [Task #39: fused_nn_contrib_conv2d_NCHWc_add_nn_relu_38] Trial #61: GFLOPs: 22.4639. Time: 645.5193 us. Best GFLOPs: 128.7139
2024-05-21 04:46:40 [INFO] [task_scheduler.cc:131] [Task #39: fused_nn_contrib_conv2d_NCHWc_add_nn_relu_38] Trial #62: GFLOPs: 173.3834. Time: 83.6347 us. Best GFLOPs: 173.3834
2024-05-21 04:46:40 [INFO] [task_scheduler.cc:131] [Task #39: fused_nn_contrib_conv2d_NCHWc_add_nn_relu_38] Trial #63: GFLOPs: 91.6106. Time: 158.2881 us. Best GFLOPs: 173.3834
2024-05-21 04:46:40 [INFO] [task_scheduler.cc:131] [Task #39: fused_nn_contrib_conv2d_NCHWc_add_nn_relu_38] Trial #64: GFLOPs: 47.2135. Time: 307.1340 us. Best GFLOPs: 173.3834
