2024-05-21 02:46:38 [INFO] [task_scheduler.cc:160] Initializing Task #20: "fused_nn_contrib_conv2d_NCHWc_add_nn_relu_19"
2024-05-21 02:46:38 [INFO] [task_scheduler.cc:35] 
# from tvm.script import ir as I
# from tvm.script import tir as T

@I.ir_module
class Module:
    @T.prim_func
    def main(p0: T.Buffer((T.int64(1), T.int64(112), T.int64(14), T.int64(14), T.int64(8)), "float32"), p1: T.Buffer((T.int64(16), T.int64(112), T.int64(1), T.int64(1), T.int64(8), T.int64(8)), "float32"), p2: T.Buffer((T.int64(1), T.int64(16), T.int64(1), T.int64(1), T.int64(8)), "float32"), T_relu: T.Buffer((T.int64(1), T.int64(16), T.int64(14), T.int64(14), T.int64(8)), "float32")):
        T.func_attr({"tir.noalias": T.bool(True)})
        # with T.block("root"):
        conv2d_NCHWc = T.alloc_buffer((T.int64(1), T.int64(16), T.int64(14), T.int64(14), T.int64(8)))
        T_add = T.alloc_buffer((T.int64(1), T.int64(16), T.int64(14), T.int64(14), T.int64(8)))
        for n, oc_chunk, oh, ow, oc_block, ic, kh, kw in T.grid(T.int64(1), T.int64(16), T.int64(14), T.int64(14), T.int64(8), T.int64(896), T.int64(1), T.int64(1)):
            with T.block("conv2d_NCHWc"):
                v_n, v_oc_chunk, v_oh, v_ow, v_oc_block, v_ic, v_kh, v_kw = T.axis.remap("SSSSSRRR", [n, oc_chunk, oh, ow, oc_block, ic, kh, kw])
                T.reads(p0[v_n, v_ic // T.int64(8), v_oh + v_kh, v_ow + v_kw, v_ic % T.int64(8)], p1[v_oc_chunk, v_ic // T.int64(8), v_kh, v_kw, v_ic % T.int64(8), v_oc_block])
                T.writes(conv2d_NCHWc[v_n, v_oc_chunk, v_oh, v_ow, v_oc_block])
                with T.init():
                    conv2d_NCHWc[v_n, v_oc_chunk, v_oh, v_ow, v_oc_block] = T.float32(0)
                conv2d_NCHWc[v_n, v_oc_chunk, v_oh, v_ow, v_oc_block] = conv2d_NCHWc[v_n, v_oc_chunk, v_oh, v_ow, v_oc_block] + p0[v_n, v_ic // T.int64(8), v_oh + v_kh, v_ow + v_kw, v_ic % T.int64(8)] * p1[v_oc_chunk, v_ic // T.int64(8), v_kh, v_kw, v_ic % T.int64(8), v_oc_block]
        for ax0, ax1, ax2, ax3, ax4 in T.grid(T.int64(1), T.int64(16), T.int64(14), T.int64(14), T.int64(8)):
            with T.block("T_add"):
                v_ax0, v_ax1, v_ax2, v_ax3, v_ax4 = T.axis.remap("SSSSS", [ax0, ax1, ax2, ax3, ax4])
                T.reads(conv2d_NCHWc[v_ax0, v_ax1, v_ax2, v_ax3, v_ax4], p2[v_ax0, v_ax1, T.int64(0), T.int64(0), v_ax4])
                T.writes(T_add[v_ax0, v_ax1, v_ax2, v_ax3, v_ax4])
                T_add[v_ax0, v_ax1, v_ax2, v_ax3, v_ax4] = conv2d_NCHWc[v_ax0, v_ax1, v_ax2, v_ax3, v_ax4] + p2[v_ax0, v_ax1, T.int64(0), T.int64(0), v_ax4]
        for ax0, ax1, ax2, ax3, ax4 in T.grid(T.int64(1), T.int64(16), T.int64(14), T.int64(14), T.int64(8)):
            with T.block("T_relu"):
                v_ax0, v_ax1, v_ax2, v_ax3, v_ax4 = T.axis.remap("SSSSS", [ax0, ax1, ax2, ax3, ax4])
                T.reads(T_add[v_ax0, v_ax1, v_ax2, v_ax3, v_ax4])
                T.writes(T_relu[v_ax0, v_ax1, v_ax2, v_ax3, v_ax4])
                T_relu[v_ax0, v_ax1, v_ax2, v_ax3, v_ax4] = T.max(T_add[v_ax0, v_ax1, v_ax2, v_ax3, v_ax4], T.float32(0))
2024-05-21 02:46:38 [INFO] [task_scheduler.cc:164] Total 3 design space(s) generated
2024-05-21 02:46:38 [INFO] [task_scheduler.cc:170] Design space #0:
# from tvm.script import ir as I
# from tvm.script import tir as T

@I.ir_module
class Module:
    @T.prim_func
    def main(p0: T.Buffer((T.int64(1), T.int64(112), T.int64(14), T.int64(14), T.int64(8)), "float32"), p1: T.Buffer((T.int64(16), T.int64(112), T.int64(1), T.int64(1), T.int64(8), T.int64(8)), "float32"), p2: T.Buffer((T.int64(1), T.int64(16), T.int64(1), T.int64(1), T.int64(8)), "float32"), T_relu: T.Buffer((T.int64(1), T.int64(16), T.int64(14), T.int64(14), T.int64(8)), "float32")):
        T.func_attr({"tir.noalias": T.bool(True)})
        with T.block("root"):
            T.reads()
            T.writes()
            T.block_attr({"meta_schedule.parallel": 96, "meta_schedule.unroll_explicit": 0, "meta_schedule.vectorize": 64})
            conv2d_NCHWc = T.alloc_buffer((T.int64(1), T.int64(16), T.int64(14), T.int64(14), T.int64(8)))
            for n_0, oc_chunk_0, oh_0, ow_0, oc_block_0, n_1, oc_chunk_1, oh_1, ow_1, oc_block_1, ic_0, kh_0, kw_0, n_2, oc_chunk_2, oh_2, ow_2, oc_block_2, ic_1, kh_1, kw_1, n_3, oc_chunk_3, oh_3, ow_3, oc_block_3 in T.grid(T.int64(1), T.int64(1), T.int64(1), T.int64(7), T.int64(1), T.int64(1), T.int64(16), T.int64(1), T.int64(2), T.int64(8), T.int64(448), T.int64(1), T.int64(1), T.int64(1), T.int64(1), T.int64(1), T.int64(1), T.int64(1), T.int64(2), T.int64(1), T.int64(1), T.int64(1), T.int64(1), T.int64(14), T.int64(1), T.int64(1)):
                with T.block("conv2d_NCHWc"):
                    v_n = T.axis.spatial(T.int64(1), n_0 + n_1 + n_2 + n_3)
                    v_oc_chunk = T.axis.spatial(T.int64(16), oc_chunk_0 * T.int64(16) + oc_chunk_1 + oc_chunk_2 + oc_chunk_3)
                    v_oh = T.axis.spatial(T.int64(14), oh_0 * T.int64(14) + oh_1 * T.int64(14) + oh_2 * T.int64(14) + oh_3)
                    v_ow = T.axis.spatial(T.int64(14), ow_0 * T.int64(2) + ow_1 + ow_2 + ow_3)
                    v_oc_block = T.axis.spatial(T.int64(8), oc_block_0 * T.int64(8) + oc_block_1 + oc_block_2 + oc_block_3)
                    v_ic = T.axis.reduce(T.int64(896), ic_0 * T.int64(2) + ic_1)
                    v_kh = T.axis.reduce(T.int64(1), kh_0 + kh_1)
                    v_kw = T.axis.reduce(T.int64(1), kw_0 + kw_1)
                    T.reads(p0[v_n, v_ic // T.int64(8), v_oh + v_kh, v_ow + v_kw, v_ic % T.int64(8)], p1[v_oc_chunk, v_ic // T.int64(8), v_kh, v_kw, v_ic % T.int64(8), v_oc_block])
                    T.writes(conv2d_NCHWc[v_n, v_oc_chunk, v_oh, v_ow, v_oc_block])
                    T.block_attr({"meta_schedule.tiling_structure": "SSRSRS"})
                    with T.init():
                        conv2d_NCHWc[v_n, v_oc_chunk, v_oh, v_ow, v_oc_block] = T.float32(0)
                    conv2d_NCHWc[v_n, v_oc_chunk, v_oh, v_ow, v_oc_block] = conv2d_NCHWc[v_n, v_oc_chunk, v_oh, v_ow, v_oc_block] + p0[v_n, v_ic // T.int64(8), v_oh + v_kh, v_ow + v_kw, v_ic % T.int64(8)] * p1[v_oc_chunk, v_ic // T.int64(8), v_kh, v_kw, v_ic % T.int64(8), v_oc_block]
            for ax0, ax1, ax2, ax3, ax4 in T.grid(T.int64(1), T.int64(16), T.int64(14), T.int64(14), T.int64(8)):
                with T.block("T_relu"):
                    v_ax0, v_ax1, v_ax2, v_ax3, v_ax4 = T.axis.remap("SSSSS", [ax0, ax1, ax2, ax3, ax4])
                    T.reads(conv2d_NCHWc[v_ax0, v_ax1, v_ax2, v_ax3, v_ax4], p2[v_ax0, v_ax1, T.int64(0), T.int64(0), v_ax4])
                    T.writes(T_relu[v_ax0, v_ax1, v_ax2, v_ax3, v_ax4])
                    T_relu[v_ax0, v_ax1, v_ax2, v_ax3, v_ax4] = T.max(conv2d_NCHWc[v_ax0, v_ax1, v_ax2, v_ax3, v_ax4] + p2[v_ax0, v_ax1, T.int64(0), T.int64(0), v_ax4], T.float32(0))
b0 = sch.get_block(name="conv2d_NCHWc", func_name="main")
b1 = sch.get_block(name="T_add", func_name="main")
b2 = sch.get_block(name="root", func_name="main")
sch.compute_inline(block=b1)
sch.annotate(block_or_loop=b0, ann_key="meta_schedule.tiling_structure", ann_val="SSRSRS")
l3, l4, l5, l6, l7, l8, l9, l10 = sch.get_loops(block=b0)
v11, v12, v13, v14 = sch.sample_perfect_tile(loop=l3, n=4, max_innermost_factor=64, decision=[1, 1, 1, 1])
l15, l16, l17, l18 = sch.split(loop=l3, factors=[v11, v12, v13, v14], preserve_unit_iters=True, disable_predication=False)
v19, v20, v21, v22 = sch.sample_perfect_tile(loop=l4, n=4, max_innermost_factor=64, decision=[1, 16, 1, 1])
l23, l24, l25, l26 = sch.split(loop=l4, factors=[v19, v20, v21, v22], preserve_unit_iters=True, disable_predication=False)
v27, v28, v29, v30 = sch.sample_perfect_tile(loop=l5, n=4, max_innermost_factor=64, decision=[1, 1, 1, 14])
l31, l32, l33, l34 = sch.split(loop=l5, factors=[v27, v28, v29, v30], preserve_unit_iters=True, disable_predication=False)
v35, v36, v37, v38 = sch.sample_perfect_tile(loop=l6, n=4, max_innermost_factor=64, decision=[7, 2, 1, 1])
l39, l40, l41, l42 = sch.split(loop=l6, factors=[v35, v36, v37, v38], preserve_unit_iters=True, disable_predication=False)
v43, v44, v45, v46 = sch.sample_perfect_tile(loop=l7, n=4, max_innermost_factor=64, decision=[1, 8, 1, 1])
l47, l48, l49, l50 = sch.split(loop=l7, factors=[v43, v44, v45, v46], preserve_unit_iters=True, disable_predication=False)
v51, v52 = sch.sample_perfect_tile(loop=l8, n=2, max_innermost_factor=64, decision=[448, 2])
l53, l54 = sch.split(loop=l8, factors=[v51, v52], preserve_unit_iters=True, disable_predication=False)
v55, v56 = sch.sample_perfect_tile(loop=l9, n=2, max_innermost_factor=64, decision=[1, 1])
l57, l58 = sch.split(loop=l9, factors=[v55, v56], preserve_unit_iters=True, disable_predication=False)
v59, v60 = sch.sample_perfect_tile(loop=l10, n=2, max_innermost_factor=64, decision=[1, 1])
l61, l62 = sch.split(loop=l10, factors=[v59, v60], preserve_unit_iters=True, disable_predication=False)
sch.reorder(l15, l23, l31, l39, l47, l16, l24, l32, l40, l48, l53, l57, l61, l17, l25, l33, l41, l49, l54, l58, l62, l18, l26, l34, l42, l50)
sch.annotate(block_or_loop=b2, ann_key="meta_schedule.parallel", ann_val=96)
sch.annotate(block_or_loop=b2, ann_key="meta_schedule.vectorize", ann_val=64)
v63 = sch.sample_categorical(candidates=[0, 16, 64, 512], probs=[0.25, 0.25, 0.25, 0.25], decision=0)
sch.annotate(block_or_loop=b2, ann_key="meta_schedule.unroll_explicit", ann_val=v63)
2024-05-21 02:46:38 [INFO] [task_scheduler.cc:170] Design space #1:
# from tvm.script import ir as I
# from tvm.script import tir as T

@I.ir_module
class Module:
    @T.prim_func
    def main(p0: T.Buffer((T.int64(1), T.int64(112), T.int64(14), T.int64(14), T.int64(8)), "float32"), p1: T.Buffer((T.int64(16), T.int64(112), T.int64(1), T.int64(1), T.int64(8), T.int64(8)), "float32"), p2: T.Buffer((T.int64(1), T.int64(16), T.int64(1), T.int64(1), T.int64(8)), "float32"), T_relu: T.Buffer((T.int64(1), T.int64(16), T.int64(14), T.int64(14), T.int64(8)), "float32")):
        T.func_attr({"tir.noalias": T.bool(True)})
        with T.block("root"):
            T.reads()
            T.writes()
            T.block_attr({"meta_schedule.parallel": 96, "meta_schedule.unroll_explicit": 64, "meta_schedule.vectorize": 64})
            conv2d_NCHWc = T.alloc_buffer((T.int64(1), T.int64(16), T.int64(14), T.int64(14), T.int64(8)))
            for n_0, oc_chunk_0, oh_0, ow_0, oc_block_0, n_1, oc_chunk_1, oh_1, ow_1, oc_block_1 in T.grid(T.int64(1), T.int64(1), T.int64(1), T.int64(7), T.int64(1), T.int64(1), T.int64(16), T.int64(1), T.int64(2), T.int64(8)):
                for ic_0, kh_0, kw_0, n_2, oc_chunk_2, oh_2, ow_2, oc_block_2, ic_1, kh_1, kw_1, n_3, oc_chunk_3, oh_3, ow_3, oc_block_3 in T.grid(T.int64(448), T.int64(1), T.int64(1), T.int64(1), T.int64(1), T.int64(1), T.int64(1), T.int64(1), T.int64(2), T.int64(1), T.int64(1), T.int64(1), T.int64(1), T.int64(14), T.int64(1), T.int64(1)):
                    with T.block("conv2d_NCHWc"):
                        v_n = T.axis.spatial(T.int64(1), n_0 + n_1 + n_2 + n_3)
                        v_oc_chunk = T.axis.spatial(T.int64(16), oc_chunk_0 * T.int64(16) + oc_chunk_1 + oc_chunk_2 + oc_chunk_3)
                        v_oh = T.axis.spatial(T.int64(14), oh_0 * T.int64(14) + oh_1 * T.int64(14) + oh_2 * T.int64(14) + oh_3)
                        v_ow = T.axis.spatial(T.int64(14), ow_0 * T.int64(2) + ow_1 + ow_2 + ow_3)
                        v_oc_block = T.axis.spatial(T.int64(8), oc_block_0 * T.int64(8) + oc_block_1 + oc_block_2 + oc_block_3)
                        v_ic = T.axis.reduce(T.int64(896), ic_0 * T.int64(2) + ic_1)
                        v_kh = T.axis.reduce(T.int64(1), kh_0 + kh_1)
                        v_kw = T.axis.reduce(T.int64(1), kw_0 + kw_1)
                        T.reads(p0[v_n, v_ic // T.int64(8), v_oh + v_kh, v_ow + v_kw, v_ic % T.int64(8)], p1[v_oc_chunk, v_ic // T.int64(8), v_kh, v_kw, v_ic % T.int64(8), v_oc_block])
                        T.writes(conv2d_NCHWc[v_n, v_oc_chunk, v_oh, v_ow, v_oc_block])
                        T.block_attr({"meta_schedule.tiling_structure": "SSRSRS"})
                        with T.init():
                            conv2d_NCHWc[v_n, v_oc_chunk, v_oh, v_ow, v_oc_block] = T.float32(0)
                        conv2d_NCHWc[v_n, v_oc_chunk, v_oh, v_ow, v_oc_block] = conv2d_NCHWc[v_n, v_oc_chunk, v_oh, v_ow, v_oc_block] + p0[v_n, v_ic // T.int64(8), v_oh + v_kh, v_ow + v_kw, v_ic % T.int64(8)] * p1[v_oc_chunk, v_ic // T.int64(8), v_kh, v_kw, v_ic % T.int64(8), v_oc_block]
                for ax0, ax1, ax2, ax3, ax4 in T.grid(T.int64(1), T.int64(1), T.int64(14), T.int64(1), T.int64(1)):
                    with T.block("T_relu"):
                        v_ax0 = T.axis.spatial(T.int64(1), ax0)
                        v_ax1 = T.axis.spatial(T.int64(16), oc_chunk_1 + ax1)
                        v_ax2 = T.axis.spatial(T.int64(14), ax2)
                        v_ax3 = T.axis.spatial(T.int64(14), ow_0 * T.int64(2) + ow_1 + ax3)
                        v_ax4 = T.axis.spatial(T.int64(8), oc_block_1 + ax4)
                        T.reads(conv2d_NCHWc[v_ax0, v_ax1, v_ax2, v_ax3, v_ax4], p2[v_ax0, v_ax1, T.int64(0), T.int64(0), v_ax4])
                        T.writes(T_relu[v_ax0, v_ax1, v_ax2, v_ax3, v_ax4])
                        T_relu[v_ax0, v_ax1, v_ax2, v_ax3, v_ax4] = T.max(conv2d_NCHWc[v_ax0, v_ax1, v_ax2, v_ax3, v_ax4] + p2[v_ax0, v_ax1, T.int64(0), T.int64(0), v_ax4], T.float32(0))
b0 = sch.get_block(name="conv2d_NCHWc", func_name="main")
b1 = sch.get_block(name="T_add", func_name="main")
b2 = sch.get_block(name="root", func_name="main")
sch.compute_inline(block=b1)
sch.annotate(block_or_loop=b0, ann_key="meta_schedule.tiling_structure", ann_val="SSRSRS")
l3, l4, l5, l6, l7, l8, l9, l10 = sch.get_loops(block=b0)
v11, v12, v13, v14 = sch.sample_perfect_tile(loop=l3, n=4, max_innermost_factor=64, decision=[1, 1, 1, 1])
l15, l16, l17, l18 = sch.split(loop=l3, factors=[v11, v12, v13, v14], preserve_unit_iters=True, disable_predication=False)
v19, v20, v21, v22 = sch.sample_perfect_tile(loop=l4, n=4, max_innermost_factor=64, decision=[1, 16, 1, 1])
l23, l24, l25, l26 = sch.split(loop=l4, factors=[v19, v20, v21, v22], preserve_unit_iters=True, disable_predication=False)
v27, v28, v29, v30 = sch.sample_perfect_tile(loop=l5, n=4, max_innermost_factor=64, decision=[1, 1, 1, 14])
l31, l32, l33, l34 = sch.split(loop=l5, factors=[v27, v28, v29, v30], preserve_unit_iters=True, disable_predication=False)
v35, v36, v37, v38 = sch.sample_perfect_tile(loop=l6, n=4, max_innermost_factor=64, decision=[7, 2, 1, 1])
l39, l40, l41, l42 = sch.split(loop=l6, factors=[v35, v36, v37, v38], preserve_unit_iters=True, disable_predication=False)
v43, v44, v45, v46 = sch.sample_perfect_tile(loop=l7, n=4, max_innermost_factor=64, decision=[1, 8, 1, 1])
l47, l48, l49, l50 = sch.split(loop=l7, factors=[v43, v44, v45, v46], preserve_unit_iters=True, disable_predication=False)
v51, v52 = sch.sample_perfect_tile(loop=l8, n=2, max_innermost_factor=64, decision=[448, 2])
l53, l54 = sch.split(loop=l8, factors=[v51, v52], preserve_unit_iters=True, disable_predication=False)
v55, v56 = sch.sample_perfect_tile(loop=l9, n=2, max_innermost_factor=64, decision=[1, 1])
l57, l58 = sch.split(loop=l9, factors=[v55, v56], preserve_unit_iters=True, disable_predication=False)
v59, v60 = sch.sample_perfect_tile(loop=l10, n=2, max_innermost_factor=64, decision=[1, 1])
l61, l62 = sch.split(loop=l10, factors=[v59, v60], preserve_unit_iters=True, disable_predication=False)
sch.reorder(l15, l23, l31, l39, l47, l16, l24, l32, l40, l48, l53, l57, l61, l17, l25, l33, l41, l49, l54, l58, l62, l18, l26, l34, l42, l50)
b63, = sch.get_consumers(block=b0)
sch.reverse_compute_at(block=b63, loop=l48, preserve_unit_loops=True, index=-1)
sch.annotate(block_or_loop=b2, ann_key="meta_schedule.parallel", ann_val=96)
sch.annotate(block_or_loop=b2, ann_key="meta_schedule.vectorize", ann_val=64)
v64 = sch.sample_categorical(candidates=[0, 16, 64, 512], probs=[0.25, 0.25, 0.25, 0.25], decision=2)
sch.annotate(block_or_loop=b2, ann_key="meta_schedule.unroll_explicit", ann_val=v64)
2024-05-21 02:46:38 [INFO] [task_scheduler.cc:170] Design space #2:
# from tvm.script import ir as I
# from tvm.script import tir as T

@I.ir_module
class Module:
    @T.prim_func
    def main(p0: T.Buffer((T.int64(1), T.int64(112), T.int64(14), T.int64(14), T.int64(8)), "float32"), p1: T.Buffer((T.int64(16), T.int64(112), T.int64(1), T.int64(1), T.int64(8), T.int64(8)), "float32"), p2: T.Buffer((T.int64(1), T.int64(16), T.int64(1), T.int64(1), T.int64(8)), "float32"), T_relu: T.Buffer((T.int64(1), T.int64(16), T.int64(14), T.int64(14), T.int64(8)), "float32")):
        T.func_attr({"tir.noalias": T.bool(True)})
        with T.block("root"):
            T.reads()
            T.writes()
            T.block_attr({"meta_schedule.parallel": 96, "meta_schedule.unroll_explicit": 64, "meta_schedule.vectorize": 64})
            conv2d_NCHWc = T.alloc_buffer((T.int64(1), T.int64(16), T.int64(14), T.int64(14), T.int64(8)))
            for n_0, oc_chunk_0, oh_0, ow_0, oc_block_0 in T.grid(T.int64(1), T.int64(1), T.int64(1), T.int64(7), T.int64(1)):
                for n_1, oc_chunk_1, oh_1, ow_1, oc_block_1, ic_0, kh_0, kw_0, n_2, oc_chunk_2, oh_2, ow_2, oc_block_2, ic_1, kh_1, kw_1, n_3, oc_chunk_3, oh_3, ow_3, oc_block_3 in T.grid(T.int64(1), T.int64(16), T.int64(1), T.int64(2), T.int64(8), T.int64(448), T.int64(1), T.int64(1), T.int64(1), T.int64(1), T.int64(1), T.int64(1), T.int64(1), T.int64(2), T.int64(1), T.int64(1), T.int64(1), T.int64(1), T.int64(14), T.int64(1), T.int64(1)):
                    with T.block("conv2d_NCHWc"):
                        v_n = T.axis.spatial(T.int64(1), n_0 + n_1 + n_2 + n_3)
                        v_oc_chunk = T.axis.spatial(T.int64(16), oc_chunk_0 * T.int64(16) + oc_chunk_1 + oc_chunk_2 + oc_chunk_3)
                        v_oh = T.axis.spatial(T.int64(14), oh_0 * T.int64(14) + oh_1 * T.int64(14) + oh_2 * T.int64(14) + oh_3)
                        v_ow = T.axis.spatial(T.int64(14), ow_0 * T.int64(2) + ow_1 + ow_2 + ow_3)
                        v_oc_block = T.axis.spatial(T.int64(8), oc_block_0 * T.int64(8) + oc_block_1 + oc_block_2 + oc_block_3)
                        v_ic = T.axis.reduce(T.int64(896), ic_0 * T.int64(2) + ic_1)
                        v_kh = T.axis.reduce(T.int64(1), kh_0 + kh_1)
                        v_kw = T.axis.reduce(T.int64(1), kw_0 + kw_1)
                        T.reads(p0[v_n, v_ic // T.int64(8), v_oh + v_kh, v_ow + v_kw, v_ic % T.int64(8)], p1[v_oc_chunk, v_ic // T.int64(8), v_kh, v_kw, v_ic % T.int64(8), v_oc_block])
                        T.writes(conv2d_NCHWc[v_n, v_oc_chunk, v_oh, v_ow, v_oc_block])
                        T.block_attr({"meta_schedule.tiling_structure": "SSRSRS"})
                        with T.init():
                            conv2d_NCHWc[v_n, v_oc_chunk, v_oh, v_ow, v_oc_block] = T.float32(0)
                        conv2d_NCHWc[v_n, v_oc_chunk, v_oh, v_ow, v_oc_block] = conv2d_NCHWc[v_n, v_oc_chunk, v_oh, v_ow, v_oc_block] + p0[v_n, v_ic // T.int64(8), v_oh + v_kh, v_ow + v_kw, v_ic % T.int64(8)] * p1[v_oc_chunk, v_ic // T.int64(8), v_kh, v_kw, v_ic % T.int64(8), v_oc_block]
                for ax0, ax1, ax2, ax3, ax4 in T.grid(T.int64(1), T.int64(16), T.int64(14), T.int64(2), T.int64(8)):
                    with T.block("T_relu"):
                        v_ax0, v_ax1, v_ax2 = T.axis.remap("SSS", [ax0, ax1, ax2])
                        v_ax3 = T.axis.spatial(T.int64(14), ow_0 * T.int64(2) + ax3)
                        v_ax4 = T.axis.spatial(T.int64(8), ax4)
                        T.reads(conv2d_NCHWc[v_ax0, v_ax1, v_ax2, v_ax3, v_ax4], p2[v_ax0, v_ax1, T.int64(0), T.int64(0), v_ax4])
                        T.writes(T_relu[v_ax0, v_ax1, v_ax2, v_ax3, v_ax4])
                        T_relu[v_ax0, v_ax1, v_ax2, v_ax3, v_ax4] = T.max(conv2d_NCHWc[v_ax0, v_ax1, v_ax2, v_ax3, v_ax4] + p2[v_ax0, v_ax1, T.int64(0), T.int64(0), v_ax4], T.float32(0))
b0 = sch.get_block(name="conv2d_NCHWc", func_name="main")
b1 = sch.get_block(name="T_add", func_name="main")
b2 = sch.get_block(name="root", func_name="main")
sch.compute_inline(block=b1)
sch.annotate(block_or_loop=b0, ann_key="meta_schedule.tiling_structure", ann_val="SSRSRS")
l3, l4, l5, l6, l7, l8, l9, l10 = sch.get_loops(block=b0)
v11, v12, v13, v14 = sch.sample_perfect_tile(loop=l3, n=4, max_innermost_factor=64, decision=[1, 1, 1, 1])
l15, l16, l17, l18 = sch.split(loop=l3, factors=[v11, v12, v13, v14], preserve_unit_iters=True, disable_predication=False)
v19, v20, v21, v22 = sch.sample_perfect_tile(loop=l4, n=4, max_innermost_factor=64, decision=[1, 16, 1, 1])
l23, l24, l25, l26 = sch.split(loop=l4, factors=[v19, v20, v21, v22], preserve_unit_iters=True, disable_predication=False)
v27, v28, v29, v30 = sch.sample_perfect_tile(loop=l5, n=4, max_innermost_factor=64, decision=[1, 1, 1, 14])
l31, l32, l33, l34 = sch.split(loop=l5, factors=[v27, v28, v29, v30], preserve_unit_iters=True, disable_predication=False)
v35, v36, v37, v38 = sch.sample_perfect_tile(loop=l6, n=4, max_innermost_factor=64, decision=[7, 2, 1, 1])
l39, l40, l41, l42 = sch.split(loop=l6, factors=[v35, v36, v37, v38], preserve_unit_iters=True, disable_predication=False)
v43, v44, v45, v46 = sch.sample_perfect_tile(loop=l7, n=4, max_innermost_factor=64, decision=[1, 8, 1, 1])
l47, l48, l49, l50 = sch.split(loop=l7, factors=[v43, v44, v45, v46], preserve_unit_iters=True, disable_predication=False)
v51, v52 = sch.sample_perfect_tile(loop=l8, n=2, max_innermost_factor=64, decision=[448, 2])
l53, l54 = sch.split(loop=l8, factors=[v51, v52], preserve_unit_iters=True, disable_predication=False)
v55, v56 = sch.sample_perfect_tile(loop=l9, n=2, max_innermost_factor=64, decision=[1, 1])
l57, l58 = sch.split(loop=l9, factors=[v55, v56], preserve_unit_iters=True, disable_predication=False)
v59, v60 = sch.sample_perfect_tile(loop=l10, n=2, max_innermost_factor=64, decision=[1, 1])
l61, l62 = sch.split(loop=l10, factors=[v59, v60], preserve_unit_iters=True, disable_predication=False)
sch.reorder(l15, l23, l31, l39, l47, l16, l24, l32, l40, l48, l53, l57, l61, l17, l25, l33, l41, l49, l54, l58, l62, l18, l26, l34, l42, l50)
b63, = sch.get_consumers(block=b0)
sch.reverse_compute_at(block=b63, loop=l47, preserve_unit_loops=True, index=-1)
sch.annotate(block_or_loop=b2, ann_key="meta_schedule.parallel", ann_val=96)
sch.annotate(block_or_loop=b2, ann_key="meta_schedule.vectorize", ann_val=64)
v64 = sch.sample_categorical(candidates=[0, 16, 64, 512], probs=[0.25, 0.25, 0.25, 0.25], decision=2)
sch.annotate(block_or_loop=b2, ann_key="meta_schedule.unroll_explicit", ann_val=v64)
2024-05-21 03:19:54 [INFO] [evolutionary_search.cc:713] Generating candidates......
2024-05-21 03:19:54 [INFO] [evolutionary_search.cc:715] Picked top 0 candidate(s) from database
2024-05-21 03:19:55 [INFO] [evolutionary_search.cc:533] Sample-Init-Population summary:
Postproc #0 [meta_schedule.DisallowDynamicLoop(0x1e7ea1a8)]: 0 failure(s)
Postproc #1 [meta_schedule.RewriteParallelVectorizeUnroll(0x1be6bc68)]: 0 failure(s)
Postproc #2 [meta_schedule.RewriteReductionBlock(0x1c54c008)]: 0 failure(s)
Postproc #3 [meta_schedule.RewriteLayout(0x22173f88)]: 0 failure(s)
2024-05-21 03:19:55 [INFO] [evolutionary_search.cc:723] Sampled 512 candidate(s)
2024-05-21 03:19:56 [INFO] [evolutionary_search.cc:621] Evolve iter #0 done. Summary:
Postproc #0 [meta_schedule.DisallowDynamicLoop(0x1e7ea1a8)]: 0 failure(s)
Postproc #1 [meta_schedule.RewriteParallelVectorizeUnroll(0x1be6bc68)]: 0 failure(s)
Postproc #2 [meta_schedule.RewriteReductionBlock(0x1c54c008)]: 0 failure(s)
Postproc #3 [meta_schedule.RewriteLayout(0x22173f88)]: 0 failure(s)
2024-05-21 03:19:56 [INFO] [evolutionary_search.cc:621] Evolve iter #1 done. Summary:
Postproc #0 [meta_schedule.DisallowDynamicLoop(0x1e7ea1a8)]: 0 failure(s)
Postproc #1 [meta_schedule.RewriteParallelVectorizeUnroll(0x1be6bc68)]: 0 failure(s)
Postproc #2 [meta_schedule.RewriteReductionBlock(0x1c54c008)]: 0 failure(s)
Postproc #3 [meta_schedule.RewriteLayout(0x22173f88)]: 0 failure(s)
2024-05-21 03:19:57 [INFO] [evolutionary_search.cc:621] Evolve iter #2 done. Summary:
Postproc #0 [meta_schedule.DisallowDynamicLoop(0x1e7ea1a8)]: 0 failure(s)
Postproc #1 [meta_schedule.RewriteParallelVectorizeUnroll(0x1be6bc68)]: 0 failure(s)
Postproc #2 [meta_schedule.RewriteReductionBlock(0x1c54c008)]: 0 failure(s)
Postproc #3 [meta_schedule.RewriteLayout(0x22173f88)]: 0 failure(s)
2024-05-21 03:19:58 [INFO] [evolutionary_search.cc:621] Evolve iter #3 done. Summary:
Postproc #0 [meta_schedule.DisallowDynamicLoop(0x1e7ea1a8)]: 0 failure(s)
Postproc #1 [meta_schedule.RewriteParallelVectorizeUnroll(0x1be6bc68)]: 0 failure(s)
Postproc #2 [meta_schedule.RewriteReductionBlock(0x1c54c008)]: 0 failure(s)
Postproc #3 [meta_schedule.RewriteLayout(0x22173f88)]: 0 failure(s)
2024-05-21 03:19:58 [INFO] [evolutionary_search.cc:649] Scores of the best 64 candidates:
[1 : 16]:	0.9994  0.9993  0.9989  0.9987  0.9987  0.9983  0.9973  0.9969  0.9968  0.9963  0.9963  0.9961  0.9961  0.9941  0.9939  0.9925
[17 : 32]:	0.9905  0.9903  0.9896  0.9888  0.9880  0.9877  0.9871  0.9870  0.9869  0.9865  0.9856  0.9856  0.9854  0.9852  0.9849  0.9849
[33 : 48]:	0.9845  0.9843  0.9823  0.9821  0.9819  0.9816  0.9810  0.9808  0.9804  0.9794  0.9777  0.9775  0.9774  0.9770  0.9768  0.9768
[49 : 64]:	0.9764  0.9757  0.9755  0.9750  0.9748  0.9748  0.9742  0.9742  0.9738  0.9729  0.9724  0.9720  0.9719  0.9718  0.9717  0.9710
2024-05-21 03:19:59 [INFO] [evolutionary_search.cc:727] Got 64 candidate(s) with evolutionary search
2024-05-21 03:19:59 [INFO] [evolutionary_search.cc:730] Sending 64 candidates(s) for measurement
2024-05-21 04:46:35 [INFO] [task_scheduler.cc:131] [Task #20: fused_nn_contrib_conv2d_NCHWc_add_nn_relu_19] Trial #1: GFLOPs: 34.1472. Time: 1318.0538 us. Best GFLOPs: 34.1472
2024-05-21 04:46:35 [INFO] [task_scheduler.cc:131] [Task #20: fused_nn_contrib_conv2d_NCHWc_add_nn_relu_19] Trial #2: GFLOPs: 5.1511. Time: 8737.4477 us. Best GFLOPs: 34.1472
2024-05-21 04:46:35 [INFO] [task_scheduler.cc:131] [Task #20: fused_nn_contrib_conv2d_NCHWc_add_nn_relu_19] Trial #3: GFLOPs: 129.2142. Time: 348.3197 us. Best GFLOPs: 129.2142
2024-05-21 04:46:35 [INFO] [task_scheduler.cc:131] [Task #20: fused_nn_contrib_conv2d_NCHWc_add_nn_relu_19] Trial #4: GFLOPs: 40.6923. Time: 1106.0529 us. Best GFLOPs: 129.2142
2024-05-21 04:46:35 [INFO] [task_scheduler.cc:131] [Task #20: fused_nn_contrib_conv2d_NCHWc_add_nn_relu_19] Trial #5: GFLOPs: 89.0619. Time: 505.3547 us. Best GFLOPs: 129.2142
2024-05-21 04:46:35 [INFO] [task_scheduler.cc:131] [Task #20: fused_nn_contrib_conv2d_NCHWc_add_nn_relu_19] Trial #6: GFLOPs: 166.6832. Time: 270.0204 us. Best GFLOPs: 166.6832
2024-05-21 04:46:35 [INFO] [task_scheduler.cc:131] [Task #20: fused_nn_contrib_conv2d_NCHWc_add_nn_relu_19] Trial #7: GFLOPs: 30.2199. Time: 1489.3447 us. Best GFLOPs: 166.6832
2024-05-21 04:46:35 [INFO] [task_scheduler.cc:131] [Task #20: fused_nn_contrib_conv2d_NCHWc_add_nn_relu_19] Trial #8: GFLOPs: 14.7882. Time: 3043.5066 us. Best GFLOPs: 166.6832
2024-05-21 04:46:35 [INFO] [task_scheduler.cc:131] [Task #20: fused_nn_contrib_conv2d_NCHWc_add_nn_relu_19] Trial #9: GFLOPs: 32.1217. Time: 1401.1682 us. Best GFLOPs: 166.6832
2024-05-21 04:46:35 [INFO] [task_scheduler.cc:131] [Task #20: fused_nn_contrib_conv2d_NCHWc_add_nn_relu_19] Trial #10: GFLOPs: 15.9951. Time: 2813.8477 us. Best GFLOPs: 166.6832
2024-05-21 04:46:35 [INFO] [task_scheduler.cc:131] [Task #20: fused_nn_contrib_conv2d_NCHWc_add_nn_relu_19] Trial #11: GFLOPs: 54.3688. Time: 827.8256 us. Best GFLOPs: 166.6832
2024-05-21 04:46:35 [INFO] [task_scheduler.cc:131] [Task #20: fused_nn_contrib_conv2d_NCHWc_add_nn_relu_19] Trial #12: GFLOPs: 26.7598. Time: 1681.9210 us. Best GFLOPs: 166.6832
2024-05-21 04:46:35 [INFO] [task_scheduler.cc:131] [Task #20: fused_nn_contrib_conv2d_NCHWc_add_nn_relu_19] Trial #13: GFLOPs: 5.0819. Time: 8856.5617 us. Best GFLOPs: 166.6832
2024-05-21 04:46:35 [INFO] [task_scheduler.cc:131] [Task #20: fused_nn_contrib_conv2d_NCHWc_add_nn_relu_19] Trial #14: GFLOPs: 85.8139. Time: 524.4822 us. Best GFLOPs: 166.6832
2024-05-21 04:46:35 [INFO] [task_scheduler.cc:131] [Task #20: fused_nn_contrib_conv2d_NCHWc_add_nn_relu_19] Trial #15: GFLOPs: 34.6108. Time: 1300.3993 us. Best GFLOPs: 166.6832
2024-05-21 04:46:35 [INFO] [task_scheduler.cc:131] [Task #20: fused_nn_contrib_conv2d_NCHWc_add_nn_relu_19] Trial #16: GFLOPs: 95.3811. Time: 471.8741 us. Best GFLOPs: 166.6832
2024-05-21 04:46:35 [INFO] [task_scheduler.cc:131] [Task #20: fused_nn_contrib_conv2d_NCHWc_add_nn_relu_19] Trial #17: GFLOPs: 35.2469. Time: 1276.9305 us. Best GFLOPs: 166.6832
2024-05-21 04:46:35 [INFO] [task_scheduler.cc:131] [Task #20: fused_nn_contrib_conv2d_NCHWc_add_nn_relu_19] Trial #18: GFLOPs: 28.6880. Time: 1568.8745 us. Best GFLOPs: 166.6832
2024-05-21 04:46:35 [INFO] [task_scheduler.cc:131] [Task #20: fused_nn_contrib_conv2d_NCHWc_add_nn_relu_19] Trial #19: GFLOPs: 15.6888. Time: 2868.7892 us. Best GFLOPs: 166.6832
2024-05-21 04:46:35 [INFO] [task_scheduler.cc:131] [Task #20: fused_nn_contrib_conv2d_NCHWc_add_nn_relu_19] Trial #20: GFLOPs: 71.6299. Time: 628.3394 us. Best GFLOPs: 166.6832
2024-05-21 04:46:35 [INFO] [task_scheduler.cc:131] [Task #20: fused_nn_contrib_conv2d_NCHWc_add_nn_relu_19] Trial #21: GFLOPs: 24.6680. Time: 1824.5478 us. Best GFLOPs: 166.6832
2024-05-21 04:46:35 [INFO] [task_scheduler.cc:131] [Task #20: fused_nn_contrib_conv2d_NCHWc_add_nn_relu_19] Trial #22: GFLOPs: 86.6697. Time: 519.3032 us. Best GFLOPs: 166.6832
2024-05-21 04:46:35 [INFO] [task_scheduler.cc:131] [Task #20: fused_nn_contrib_conv2d_NCHWc_add_nn_relu_19] Trial #23: GFLOPs: 15.4986. Time: 2903.9923 us. Best GFLOPs: 166.6832
2024-05-21 04:46:35 [INFO] [task_scheduler.cc:131] [Task #20: fused_nn_contrib_conv2d_NCHWc_add_nn_relu_19] Trial #24: GFLOPs: 10.1808. Time: 4420.8442 us. Best GFLOPs: 166.6832
2024-05-21 04:46:35 [INFO] [task_scheduler.cc:131] [Task #20: fused_nn_contrib_conv2d_NCHWc_add_nn_relu_19] Trial #25: GFLOPs: 11.7580. Time: 3827.8479 us. Best GFLOPs: 166.6832
2024-05-21 04:46:35 [INFO] [task_scheduler.cc:131] [Task #20: fused_nn_contrib_conv2d_NCHWc_add_nn_relu_19] Trial #26: GFLOPs: 20.0041. Time: 2249.9269 us. Best GFLOPs: 166.6832
2024-05-21 04:46:35 [INFO] [task_scheduler.cc:131] [Task #20: fused_nn_contrib_conv2d_NCHWc_add_nn_relu_19] Trial #27: GFLOPs: 23.1036. Time: 1948.0921 us. Best GFLOPs: 166.6832
2024-05-21 04:46:35 [INFO] [task_scheduler.cc:131] [Task #20: fused_nn_contrib_conv2d_NCHWc_add_nn_relu_19] Trial #28: GFLOPs: 50.6637. Time: 888.3657 us. Best GFLOPs: 166.6832
2024-05-21 04:46:35 [INFO] [task_scheduler.cc:131] [Task #20: fused_nn_contrib_conv2d_NCHWc_add_nn_relu_19] Trial #29: GFLOPs: 9.0751. Time: 4959.4961 us. Best GFLOPs: 166.6832
2024-05-21 04:46:35 [INFO] [task_scheduler.cc:131] [Task #20: fused_nn_contrib_conv2d_NCHWc_add_nn_relu_19] Trial #30: GFLOPs: 24.0546. Time: 1871.0681 us. Best GFLOPs: 166.6832
2024-05-21 04:46:35 [INFO] [task_scheduler.cc:131] [Task #20: fused_nn_contrib_conv2d_NCHWc_add_nn_relu_19] Trial #31: GFLOPs: 18.6600. Time: 2411.9929 us. Best GFLOPs: 166.6832
2024-05-21 04:46:35 [INFO] [task_scheduler.cc:131] [Task #20: fused_nn_contrib_conv2d_NCHWc_add_nn_relu_19] Trial #32: GFLOPs: 15.7855. Time: 2851.2163 us. Best GFLOPs: 166.6832
2024-05-21 04:46:35 [INFO] [task_scheduler.cc:131] [Task #20: fused_nn_contrib_conv2d_NCHWc_add_nn_relu_19] Trial #33: GFLOPs: 14.1396. Time: 3183.1184 us. Best GFLOPs: 166.6832
2024-05-21 04:46:35 [INFO] [task_scheduler.cc:131] [Task #20: fused_nn_contrib_conv2d_NCHWc_add_nn_relu_19] Trial #34: GFLOPs: 19.0327. Time: 2364.7622 us. Best GFLOPs: 166.6832
2024-05-21 04:46:35 [INFO] [task_scheduler.cc:131] [Task #20: fused_nn_contrib_conv2d_NCHWc_add_nn_relu_19] Trial #35: GFLOPs: 29.1723. Time: 1542.8268 us. Best GFLOPs: 166.6832
2024-05-21 04:46:35 [INFO] [task_scheduler.cc:131] [Task #20: fused_nn_contrib_conv2d_NCHWc_add_nn_relu_19] Trial #36: GFLOPs: 21.6958. Time: 2074.5010 us. Best GFLOPs: 166.6832
2024-05-21 04:46:35 [INFO] [task_scheduler.cc:131] [Task #20: fused_nn_contrib_conv2d_NCHWc_add_nn_relu_19] Trial #37: GFLOPs: 37.4014. Time: 1203.3740 us. Best GFLOPs: 166.6832
2024-05-21 04:46:35 [INFO] [task_scheduler.cc:131] [Task #20: fused_nn_contrib_conv2d_NCHWc_add_nn_relu_19] Trial #38: GFLOPs: 11.1587. Time: 4033.4426 us. Best GFLOPs: 166.6832
2024-05-21 04:46:35 [INFO] [task_scheduler.cc:131] [Task #20: fused_nn_contrib_conv2d_NCHWc_add_nn_relu_19] Trial #39: GFLOPs: 12.7380. Time: 3533.3594 us. Best GFLOPs: 166.6832
2024-05-21 04:46:35 [INFO] [task_scheduler.cc:131] [Task #20: fused_nn_contrib_conv2d_NCHWc_add_nn_relu_19] Trial #40: GFLOPs: 12.3800. Time: 3635.5262 us. Best GFLOPs: 166.6832
2024-05-21 04:46:35 [INFO] [task_scheduler.cc:131] [Task #20: fused_nn_contrib_conv2d_NCHWc_add_nn_relu_19] Trial #41: GFLOPs: 26.0247. Time: 1729.4276 us. Best GFLOPs: 166.6832
2024-05-21 04:46:35 [INFO] [task_scheduler.cc:131] [Task #20: fused_nn_contrib_conv2d_NCHWc_add_nn_relu_19] Trial #42: GFLOPs: 11.7493. Time: 3830.6729 us. Best GFLOPs: 166.6832
2024-05-21 04:46:35 [INFO] [task_scheduler.cc:131] [Task #20: fused_nn_contrib_conv2d_NCHWc_add_nn_relu_19] Trial #43: GFLOPs: 45.7410. Time: 983.9730 us. Best GFLOPs: 166.6832
2024-05-21 04:46:35 [INFO] [task_scheduler.cc:131] [Task #20: fused_nn_contrib_conv2d_NCHWc_add_nn_relu_19] Trial #44: GFLOPs: 16.9345. Time: 2657.7610 us. Best GFLOPs: 166.6832
2024-05-21 04:46:35 [INFO] [task_scheduler.cc:131] [Task #20: fused_nn_contrib_conv2d_NCHWc_add_nn_relu_19] Trial #45: GFLOPs: 22.4639. Time: 2003.5684 us. Best GFLOPs: 166.6832
2024-05-21 04:46:35 [INFO] [task_scheduler.cc:131] [Task #20: fused_nn_contrib_conv2d_NCHWc_add_nn_relu_19] Trial #46: GFLOPs: 66.8549. Time: 673.2175 us. Best GFLOPs: 166.6832
2024-05-21 04:46:35 [INFO] [task_scheduler.cc:131] [Task #20: fused_nn_contrib_conv2d_NCHWc_add_nn_relu_19] Trial #47: GFLOPs: 20.6812. Time: 2176.2693 us. Best GFLOPs: 166.6832
2024-05-21 04:46:35 [INFO] [task_scheduler.cc:131] [Task #20: fused_nn_contrib_conv2d_NCHWc_add_nn_relu_19] Trial #48: GFLOPs: 13.5509. Time: 3321.3823 us. Best GFLOPs: 166.6832
2024-05-21 04:46:35 [INFO] [task_scheduler.cc:131] [Task #20: fused_nn_contrib_conv2d_NCHWc_add_nn_relu_19] Trial #49: GFLOPs: 7.1896. Time: 6260.1617 us. Best GFLOPs: 166.6832
2024-05-21 04:46:35 [INFO] [task_scheduler.cc:131] [Task #20: fused_nn_contrib_conv2d_NCHWc_add_nn_relu_19] Trial #50: GFLOPs: 16.3749. Time: 2748.5834 us. Best GFLOPs: 166.6832
2024-05-21 04:46:35 [INFO] [task_scheduler.cc:131] [Task #20: fused_nn_contrib_conv2d_NCHWc_add_nn_relu_19] Trial #51: GFLOPs: 18.0270. Time: 2496.6989 us. Best GFLOPs: 166.6832
2024-05-21 04:46:35 [INFO] [task_scheduler.cc:131] [Task #20: fused_nn_contrib_conv2d_NCHWc_add_nn_relu_19] Trial #52: GFLOPs: 9.9073. Time: 4542.8796 us. Best GFLOPs: 166.6832
2024-05-21 04:46:35 [INFO] [task_scheduler.cc:131] [Task #20: fused_nn_contrib_conv2d_NCHWc_add_nn_relu_19] Trial #53: GFLOPs: 17.3846. Time: 2588.9478 us. Best GFLOPs: 166.6832
2024-05-21 04:46:35 [INFO] [task_scheduler.cc:131] [Task #20: fused_nn_contrib_conv2d_NCHWc_add_nn_relu_19] Trial #54: GFLOPs: 35.4208. Time: 1270.6621 us. Best GFLOPs: 166.6832
2024-05-21 04:46:35 [INFO] [task_scheduler.cc:131] [Task #20: fused_nn_contrib_conv2d_NCHWc_add_nn_relu_19] Trial #55: GFLOPs: 63.8090. Time: 705.3528 us. Best GFLOPs: 166.6832
2024-05-21 04:46:35 [INFO] [task_scheduler.cc:131] [Task #20: fused_nn_contrib_conv2d_NCHWc_add_nn_relu_19] Trial #56: GFLOPs: 30.2135. Time: 1489.6597 us. Best GFLOPs: 166.6832
2024-05-21 04:46:35 [INFO] [task_scheduler.cc:131] [Task #20: fused_nn_contrib_conv2d_NCHWc_add_nn_relu_19] Trial #57: GFLOPs: 14.0854. Time: 3195.3582 us. Best GFLOPs: 166.6832
2024-05-21 04:46:35 [INFO] [task_scheduler.cc:131] [Task #20: fused_nn_contrib_conv2d_NCHWc_add_nn_relu_19] Trial #58: GFLOPs: 56.9431. Time: 790.4004 us. Best GFLOPs: 166.6832
2024-05-21 04:46:35 [INFO] [task_scheduler.cc:131] [Task #20: fused_nn_contrib_conv2d_NCHWc_add_nn_relu_19] Trial #59: GFLOPs: 70.6454. Time: 637.0957 us. Best GFLOPs: 166.6832
2024-05-21 04:46:35 [INFO] [task_scheduler.cc:131] [Task #20: fused_nn_contrib_conv2d_NCHWc_add_nn_relu_19] Trial #60: GFLOPs: 32.1877. Time: 1398.2949 us. Best GFLOPs: 166.6832
2024-05-21 04:46:35 [INFO] [task_scheduler.cc:131] [Task #20: fused_nn_contrib_conv2d_NCHWc_add_nn_relu_19] Trial #61: GFLOPs: 2.7695. Time: 16251.2035 us. Best GFLOPs: 166.6832
2024-05-21 04:46:35 [INFO] [task_scheduler.cc:131] [Task #20: fused_nn_contrib_conv2d_NCHWc_add_nn_relu_19] Trial #62: GFLOPs: 41.2843. Time: 1090.1938 us. Best GFLOPs: 166.6832
2024-05-21 04:46:35 [INFO] [task_scheduler.cc:131] [Task #20: fused_nn_contrib_conv2d_NCHWc_add_nn_relu_19] Trial #63: GFLOPs: 36.4141. Time: 1236.0007 us. Best GFLOPs: 166.6832
2024-05-21 04:46:35 [INFO] [task_scheduler.cc:131] [Task #20: fused_nn_contrib_conv2d_NCHWc_add_nn_relu_19] Trial #64: GFLOPs: 5.9748. Time: 7532.9547 us. Best GFLOPs: 166.6832
2024-05-21 05:54:23 [INFO] [evolutionary_search.cc:713] Generating candidates......
2024-05-21 05:54:23 [INFO] [evolutionary_search.cc:715] Picked top 64 candidate(s) from database
2024-05-21 05:54:23 [INFO] [evolutionary_search.cc:533] Sample-Init-Population summary:
Postproc #0 [meta_schedule.DisallowDynamicLoop(0x1e7ea1a8)]: 0 failure(s)
Postproc #1 [meta_schedule.RewriteParallelVectorizeUnroll(0x1be6bc68)]: 0 failure(s)
Postproc #2 [meta_schedule.RewriteReductionBlock(0x1c54c008)]: 0 failure(s)
Postproc #3 [meta_schedule.RewriteLayout(0x22173f88)]: 0 failure(s)
2024-05-21 05:54:23 [INFO] [evolutionary_search.cc:723] Sampled 448 candidate(s)
2024-05-21 05:54:25 [INFO] [evolutionary_search.cc:621] Evolve iter #0 done. Summary:
Postproc #0 [meta_schedule.DisallowDynamicLoop(0x1e7ea1a8)]: 0 failure(s)
Postproc #1 [meta_schedule.RewriteParallelVectorizeUnroll(0x1be6bc68)]: 0 failure(s)
Postproc #2 [meta_schedule.RewriteReductionBlock(0x1c54c008)]: 0 failure(s)
Postproc #3 [meta_schedule.RewriteLayout(0x22173f88)]: 0 failure(s)
2024-05-21 05:54:27 [INFO] [evolutionary_search.cc:621] Evolve iter #1 done. Summary:
Postproc #0 [meta_schedule.DisallowDynamicLoop(0x1e7ea1a8)]: 0 failure(s)
Postproc #1 [meta_schedule.RewriteParallelVectorizeUnroll(0x1be6bc68)]: 0 failure(s)
Postproc #2 [meta_schedule.RewriteReductionBlock(0x1c54c008)]: 0 failure(s)
Postproc #3 [meta_schedule.RewriteLayout(0x22173f88)]: 0 failure(s)
2024-05-21 05:54:29 [INFO] [evolutionary_search.cc:621] Evolve iter #2 done. Summary:
Postproc #0 [meta_schedule.DisallowDynamicLoop(0x1e7ea1a8)]: 0 failure(s)
Postproc #1 [meta_schedule.RewriteParallelVectorizeUnroll(0x1be6bc68)]: 0 failure(s)
Postproc #2 [meta_schedule.RewriteReductionBlock(0x1c54c008)]: 0 failure(s)
Postproc #3 [meta_schedule.RewriteLayout(0x22173f88)]: 0 failure(s)
2024-05-21 05:54:31 [INFO] [evolutionary_search.cc:621] Evolve iter #3 done. Summary:
Postproc #0 [meta_schedule.DisallowDynamicLoop(0x1e7ea1a8)]: 0 failure(s)
Postproc #1 [meta_schedule.RewriteParallelVectorizeUnroll(0x1be6bc68)]: 0 failure(s)
Postproc #2 [meta_schedule.RewriteReductionBlock(0x1c54c008)]: 0 failure(s)
Postproc #3 [meta_schedule.RewriteLayout(0x22173f88)]: 0 failure(s)
2024-05-21 05:54:32 [INFO] [evolutionary_search.cc:649] Scores of the best 64 candidates:
[1 : 16]:	0.9516  0.9241  0.9060  0.9033  0.9028  0.8993  0.8984  0.8980  0.8809  0.8786  0.8764  0.8740  0.8712  0.8643  0.8584  0.8563
[17 : 32]:	0.8553  0.8517  0.8513  0.8484  0.8481  0.8475  0.8475  0.8422  0.8347  0.8302  0.8266  0.8192  0.8164  0.8137  0.8096  0.8092
[33 : 48]:	0.8073  0.8028  0.8021  0.8014  0.8014  0.8007  0.8002  0.7936  0.7908  0.7868  0.7854  0.7840  0.7765  0.7764  0.7736  0.7725
[49 : 64]:	0.7719  0.7693  0.7591  0.7575  0.7512  0.7482  0.7460  0.7458  0.7453  0.7428  0.7408  0.7407  0.7394  0.7373  0.7358  0.7331
2024-05-21 05:54:32 [INFO] [evolutionary_search.cc:727] Got 64 candidate(s) with evolutionary search
2024-05-21 05:54:32 [INFO] [evolutionary_search.cc:730] Sending 64 candidates(s) for measurement
2024-05-21 05:56:03 [INFO] [task_scheduler.cc:131] [Task #20: fused_nn_contrib_conv2d_NCHWc_add_nn_relu_19] Trial #65: GFLOPs: 176.1668. Time: 255.4844 us. Best GFLOPs: 176.1668
2024-05-21 05:56:03 [INFO] [task_scheduler.cc:131] [Task #20: fused_nn_contrib_conv2d_NCHWc_add_nn_relu_19] Trial #66: GFLOPs: 267.5421. Time: 168.2273 us. Best GFLOPs: 267.5421
2024-05-21 05:56:03 [INFO] [task_scheduler.cc:131] [Task #20: fused_nn_contrib_conv2d_NCHWc_add_nn_relu_19] Trial #67: GFLOPs: 121.0827. Time: 371.7120 us. Best GFLOPs: 267.5421
2024-05-21 05:56:03 [INFO] [task_scheduler.cc:131] [Task #20: fused_nn_contrib_conv2d_NCHWc_add_nn_relu_19] Trial #68: GFLOPs: 174.7494. Time: 257.5566 us. Best GFLOPs: 267.5421
2024-05-21 05:56:03 [INFO] [task_scheduler.cc:131] [Task #20: fused_nn_contrib_conv2d_NCHWc_add_nn_relu_19] Trial #69: GFLOPs: 190.7423. Time: 235.9617 us. Best GFLOPs: 267.5421
2024-05-21 05:56:03 [INFO] [task_scheduler.cc:131] [Task #20: fused_nn_contrib_conv2d_NCHWc_add_nn_relu_19] Trial #70: GFLOPs: 109.4678. Time: 411.1519 us. Best GFLOPs: 267.5421
2024-05-21 05:56:03 [INFO] [task_scheduler.cc:131] [Task #20: fused_nn_contrib_conv2d_NCHWc_add_nn_relu_19] Trial #71: GFLOPs: 109.2681. Time: 411.9031 us. Best GFLOPs: 267.5421
2024-05-21 05:56:03 [INFO] [task_scheduler.cc:131] [Task #20: fused_nn_contrib_conv2d_NCHWc_add_nn_relu_19] Trial #72: GFLOPs: 112.2730. Time: 400.8788 us. Best GFLOPs: 267.5421
2024-05-21 05:56:03 [INFO] [task_scheduler.cc:131] [Task #20: fused_nn_contrib_conv2d_NCHWc_add_nn_relu_19] Trial #73: GFLOPs: 110.8727. Time: 405.9417 us. Best GFLOPs: 267.5421
2024-05-21 05:56:03 [INFO] [task_scheduler.cc:131] [Task #20: fused_nn_contrib_conv2d_NCHWc_add_nn_relu_19] Trial #74: GFLOPs: 68.1785. Time: 660.1481 us. Best GFLOPs: 267.5421
2024-05-21 05:56:03 [INFO] [task_scheduler.cc:131] [Task #20: fused_nn_contrib_conv2d_NCHWc_add_nn_relu_19] Trial #75: GFLOPs: 84.7943. Time: 530.7886 us. Best GFLOPs: 267.5421
2024-05-21 05:56:03 [INFO] [task_scheduler.cc:131] [Task #20: fused_nn_contrib_conv2d_NCHWc_add_nn_relu_19] Trial #76: GFLOPs: 116.5722. Time: 386.0944 us. Best GFLOPs: 267.5421
2024-05-21 05:56:03 [INFO] [task_scheduler.cc:131] [Task #20: fused_nn_contrib_conv2d_NCHWc_add_nn_relu_19] Trial #77: GFLOPs: 83.0084. Time: 542.2087 us. Best GFLOPs: 267.5421
2024-05-21 05:56:03 [INFO] [task_scheduler.cc:131] [Task #20: fused_nn_contrib_conv2d_NCHWc_add_nn_relu_19] Trial #78: GFLOPs: 128.8612. Time: 349.2740 us. Best GFLOPs: 267.5421
2024-05-21 05:56:03 [INFO] [task_scheduler.cc:131] [Task #20: fused_nn_contrib_conv2d_NCHWc_add_nn_relu_19] Trial #79: GFLOPs: 120.3696. Time: 373.9139 us. Best GFLOPs: 267.5421
2024-05-21 05:56:03 [INFO] [task_scheduler.cc:131] [Task #20: fused_nn_contrib_conv2d_NCHWc_add_nn_relu_19] Trial #80: GFLOPs: 93.9744. Time: 478.9374 us. Best GFLOPs: 267.5421
2024-05-21 05:56:03 [INFO] [task_scheduler.cc:131] [Task #20: fused_nn_contrib_conv2d_NCHWc_add_nn_relu_19] Trial #81: GFLOPs: 141.9312. Time: 317.1105 us. Best GFLOPs: 267.5421
2024-05-21 05:56:03 [INFO] [task_scheduler.cc:131] [Task #20: fused_nn_contrib_conv2d_NCHWc_add_nn_relu_19] Trial #82: GFLOPs: 79.9849. Time: 562.7049 us. Best GFLOPs: 267.5421
2024-05-21 05:56:03 [INFO] [task_scheduler.cc:131] [Task #20: fused_nn_contrib_conv2d_NCHWc_add_nn_relu_19] Trial #83: GFLOPs: 76.8992. Time: 585.2842 us. Best GFLOPs: 267.5421
2024-05-21 05:56:03 [INFO] [task_scheduler.cc:131] [Task #20: fused_nn_contrib_conv2d_NCHWc_add_nn_relu_19] Trial #84: GFLOPs: 200.1945. Time: 224.8207 us. Best GFLOPs: 267.5421
2024-05-21 05:56:03 [INFO] [task_scheduler.cc:131] [Task #20: fused_nn_contrib_conv2d_NCHWc_add_nn_relu_19] Trial #85: GFLOPs: 98.5994. Time: 456.4721 us. Best GFLOPs: 267.5421
2024-05-21 05:56:03 [INFO] [task_scheduler.cc:131] [Task #20: fused_nn_contrib_conv2d_NCHWc_add_nn_relu_19] Trial #86: GFLOPs: 233.5770. Time: 192.6896 us. Best GFLOPs: 267.5421
2024-05-21 05:56:03 [INFO] [task_scheduler.cc:131] [Task #20: fused_nn_contrib_conv2d_NCHWc_add_nn_relu_19] Trial #87: GFLOPs: 114.4314. Time: 393.3175 us. Best GFLOPs: 267.5421
2024-05-21 05:56:03 [INFO] [task_scheduler.cc:131] [Task #20: fused_nn_contrib_conv2d_NCHWc_add_nn_relu_19] Trial #88: GFLOPs: 115.8454. Time: 388.5166 us. Best GFLOPs: 267.5421
2024-05-21 05:56:03 [INFO] [task_scheduler.cc:131] [Task #20: fused_nn_contrib_conv2d_NCHWc_add_nn_relu_19] Trial #89: GFLOPs: 111.7887. Time: 402.6156 us. Best GFLOPs: 267.5421
2024-05-21 05:56:03 [INFO] [task_scheduler.cc:131] [Task #20: fused_nn_contrib_conv2d_NCHWc_add_nn_relu_19] Trial #90: GFLOPs: 101.0196. Time: 445.5360 us. Best GFLOPs: 267.5421
2024-05-21 05:56:03 [INFO] [task_scheduler.cc:131] [Task #20: fused_nn_contrib_conv2d_NCHWc_add_nn_relu_19] Trial #91: GFLOPs: 89.8493. Time: 500.9261 us. Best GFLOPs: 267.5421
2024-05-21 05:56:03 [INFO] [task_scheduler.cc:131] [Task #20: fused_nn_contrib_conv2d_NCHWc_add_nn_relu_19] Trial #92: GFLOPs: 121.1807. Time: 371.4113 us. Best GFLOPs: 267.5421
2024-05-21 05:56:03 [INFO] [task_scheduler.cc:131] [Task #20: fused_nn_contrib_conv2d_NCHWc_add_nn_relu_19] Trial #93: GFLOPs: 140.7851. Time: 319.6919 us. Best GFLOPs: 267.5421
2024-05-21 05:56:03 [INFO] [task_scheduler.cc:131] [Task #20: fused_nn_contrib_conv2d_NCHWc_add_nn_relu_19] Trial #94: GFLOPs: 159.6457. Time: 281.9234 us. Best GFLOPs: 267.5421
2024-05-21 05:56:03 [INFO] [task_scheduler.cc:131] [Task #20: fused_nn_contrib_conv2d_NCHWc_add_nn_relu_19] Trial #95: GFLOPs: 125.9537. Time: 357.3367 us. Best GFLOPs: 267.5421
2024-05-21 05:56:03 [INFO] [task_scheduler.cc:131] [Task #20: fused_nn_contrib_conv2d_NCHWc_add_nn_relu_19] Trial #96: GFLOPs: 99.9501. Time: 450.3033 us. Best GFLOPs: 267.5421
2024-05-21 05:56:03 [INFO] [task_scheduler.cc:131] [Task #20: fused_nn_contrib_conv2d_NCHWc_add_nn_relu_19] Trial #97: GFLOPs: 111.1389. Time: 404.9696 us. Best GFLOPs: 267.5421
2024-05-21 05:56:03 [INFO] [task_scheduler.cc:131] [Task #20: fused_nn_contrib_conv2d_NCHWc_add_nn_relu_19] Trial #98: GFLOPs: 111.1659. Time: 404.8713 us. Best GFLOPs: 267.5421
2024-05-21 05:56:03 [INFO] [task_scheduler.cc:131] [Task #20: fused_nn_contrib_conv2d_NCHWc_add_nn_relu_19] Trial #99: GFLOPs: 130.6549. Time: 344.4791 us. Best GFLOPs: 267.5421
2024-05-21 05:56:03 [INFO] [task_scheduler.cc:131] [Task #20: fused_nn_contrib_conv2d_NCHWc_add_nn_relu_19] Trial #100: GFLOPs: 143.8729. Time: 312.8307 us. Best GFLOPs: 267.5421
2024-05-21 05:56:03 [INFO] [task_scheduler.cc:131] [Task #20: fused_nn_contrib_conv2d_NCHWc_add_nn_relu_19] Trial #101: GFLOPs: 123.0100. Time: 365.8879 us. Best GFLOPs: 267.5421
2024-05-21 05:56:03 [INFO] [task_scheduler.cc:131] [Task #20: fused_nn_contrib_conv2d_NCHWc_add_nn_relu_19] Trial #102: GFLOPs: 124.6222. Time: 361.1546 us. Best GFLOPs: 267.5421
2024-05-21 05:56:03 [INFO] [task_scheduler.cc:131] [Task #20: fused_nn_contrib_conv2d_NCHWc_add_nn_relu_19] Trial #103: GFLOPs: 153.8113. Time: 292.6174 us. Best GFLOPs: 267.5421
2024-05-21 05:56:03 [INFO] [task_scheduler.cc:131] [Task #20: fused_nn_contrib_conv2d_NCHWc_add_nn_relu_19] Trial #104: GFLOPs: 122.6107. Time: 367.0795 us. Best GFLOPs: 267.5421
2024-05-21 05:56:03 [INFO] [task_scheduler.cc:131] [Task #20: fused_nn_contrib_conv2d_NCHWc_add_nn_relu_19] Trial #105: GFLOPs: 77.6087. Time: 579.9337 us. Best GFLOPs: 267.5421
2024-05-21 05:56:03 [INFO] [task_scheduler.cc:131] [Task #20: fused_nn_contrib_conv2d_NCHWc_add_nn_relu_19] Trial #106: GFLOPs: 61.3230. Time: 733.9480 us. Best GFLOPs: 267.5421
2024-05-21 05:56:03 [INFO] [task_scheduler.cc:131] [Task #20: fused_nn_contrib_conv2d_NCHWc_add_nn_relu_19] Trial #107: GFLOPs: 135.0297. Time: 333.3184 us. Best GFLOPs: 267.5421
2024-05-21 05:56:03 [INFO] [task_scheduler.cc:131] [Task #20: fused_nn_contrib_conv2d_NCHWc_add_nn_relu_19] Trial #108: GFLOPs: 115.8378. Time: 388.5422 us. Best GFLOPs: 267.5421
2024-05-21 05:56:03 [INFO] [task_scheduler.cc:131] [Task #20: fused_nn_contrib_conv2d_NCHWc_add_nn_relu_19] Trial #109: GFLOPs: 134.2683. Time: 335.2084 us. Best GFLOPs: 267.5421
2024-05-21 05:56:03 [INFO] [task_scheduler.cc:131] [Task #20: fused_nn_contrib_conv2d_NCHWc_add_nn_relu_19] Trial #110: GFLOPs: 138.7815. Time: 324.3075 us. Best GFLOPs: 267.5421
2024-05-21 05:56:03 [INFO] [task_scheduler.cc:131] [Task #20: fused_nn_contrib_conv2d_NCHWc_add_nn_relu_19] Trial #111: GFLOPs: 101.0885. Time: 445.2325 us. Best GFLOPs: 267.5421
2024-05-21 05:56:03 [INFO] [task_scheduler.cc:131] [Task #20: fused_nn_contrib_conv2d_NCHWc_add_nn_relu_19] Trial #112: GFLOPs: 62.1260. Time: 724.4610 us. Best GFLOPs: 267.5421
2024-05-21 05:56:03 [INFO] [task_scheduler.cc:131] [Task #20: fused_nn_contrib_conv2d_NCHWc_add_nn_relu_19] Trial #113: GFLOPs: 62.5927. Time: 719.0589 us. Best GFLOPs: 267.5421
2024-05-21 05:56:03 [INFO] [task_scheduler.cc:131] [Task #20: fused_nn_contrib_conv2d_NCHWc_add_nn_relu_19] Trial #114: GFLOPs: 151.6871. Time: 296.7153 us. Best GFLOPs: 267.5421
2024-05-21 05:56:03 [INFO] [task_scheduler.cc:131] [Task #20: fused_nn_contrib_conv2d_NCHWc_add_nn_relu_19] Trial #115: GFLOPs: 92.0930. Time: 488.7217 us. Best GFLOPs: 267.5421
2024-05-21 05:56:03 [INFO] [task_scheduler.cc:131] [Task #20: fused_nn_contrib_conv2d_NCHWc_add_nn_relu_19] Trial #116: GFLOPs: 132.4910. Time: 339.7052 us. Best GFLOPs: 267.5421
2024-05-21 05:56:03 [INFO] [task_scheduler.cc:131] [Task #20: fused_nn_contrib_conv2d_NCHWc_add_nn_relu_19] Trial #117: GFLOPs: 181.3539. Time: 248.1771 us. Best GFLOPs: 267.5421
2024-05-21 05:56:03 [INFO] [task_scheduler.cc:131] [Task #20: fused_nn_contrib_conv2d_NCHWc_add_nn_relu_19] Trial #118: GFLOPs: 134.7751. Time: 333.9480 us. Best GFLOPs: 267.5421
2024-05-21 05:56:03 [INFO] [task_scheduler.cc:131] [Task #20: fused_nn_contrib_conv2d_NCHWc_add_nn_relu_19] Trial #119: GFLOPs: 123.3465. Time: 364.8898 us. Best GFLOPs: 267.5421
2024-05-21 05:56:03 [INFO] [task_scheduler.cc:131] [Task #20: fused_nn_contrib_conv2d_NCHWc_add_nn_relu_19] Trial #120: GFLOPs: 79.6535. Time: 565.0456 us. Best GFLOPs: 267.5421
2024-05-21 05:56:03 [INFO] [task_scheduler.cc:131] [Task #20: fused_nn_contrib_conv2d_NCHWc_add_nn_relu_19] Trial #121: GFLOPs: 127.4136. Time: 353.2423 us. Best GFLOPs: 267.5421
2024-05-21 05:56:03 [INFO] [task_scheduler.cc:131] [Task #20: fused_nn_contrib_conv2d_NCHWc_add_nn_relu_19] Trial #122: GFLOPs: 170.7750. Time: 263.5507 us. Best GFLOPs: 267.5421
2024-05-21 05:56:03 [INFO] [task_scheduler.cc:131] [Task #20: fused_nn_contrib_conv2d_NCHWc_add_nn_relu_19] Trial #123: GFLOPs: 78.4779. Time: 573.5099 us. Best GFLOPs: 267.5421
2024-05-21 05:56:03 [INFO] [task_scheduler.cc:131] [Task #20: fused_nn_contrib_conv2d_NCHWc_add_nn_relu_19] Trial #124: GFLOPs: 88.4725. Time: 508.7219 us. Best GFLOPs: 267.5421
2024-05-21 05:56:03 [INFO] [task_scheduler.cc:131] [Task #20: fused_nn_contrib_conv2d_NCHWc_add_nn_relu_19] Trial #125: GFLOPs: 190.5722. Time: 236.1723 us. Best GFLOPs: 267.5421
2024-05-21 05:56:03 [INFO] [task_scheduler.cc:131] [Task #20: fused_nn_contrib_conv2d_NCHWc_add_nn_relu_19] Trial #126: GFLOPs: 125.0817. Time: 359.8277 us. Best GFLOPs: 267.5421
2024-05-21 05:56:03 [INFO] [task_scheduler.cc:131] [Task #20: fused_nn_contrib_conv2d_NCHWc_add_nn_relu_19] Trial #127: GFLOPs: 18.7034. Time: 2406.3956 us. Best GFLOPs: 267.5421
2024-05-21 05:56:03 [INFO] [task_scheduler.cc:131] [Task #20: fused_nn_contrib_conv2d_NCHWc_add_nn_relu_19] Trial #128: GFLOPs: 26.0144. Time: 1730.1153 us. Best GFLOPs: 267.5421
