2024-05-21 02:46:40 [INFO] [task_scheduler.cc:160] Initializing Task #59: "fused_nn_contrib_conv2d_NCHWc_add_nn_relu_56"
2024-05-21 02:46:40 [INFO] [task_scheduler.cc:35] 
# from tvm.script import ir as I
# from tvm.script import tir as T

@I.ir_module
class Module:
    @T.prim_func
    def main(p0: T.Buffer((T.int64(1), T.int64(8), T.int64(56), T.int64(56), T.int64(8)), "float32"), p1: T.Buffer((T.int64(16), T.int64(8), T.int64(1), T.int64(1), T.int64(8), T.int64(8)), "float32"), p2: T.Buffer((T.int64(1), T.int64(16), T.int64(1), T.int64(1), T.int64(8)), "float32"), T_relu: T.Buffer((T.int64(1), T.int64(16), T.int64(56), T.int64(56), T.int64(8)), "float32")):
        T.func_attr({"tir.noalias": T.bool(True)})
        # with T.block("root"):
        conv2d_NCHWc = T.alloc_buffer((T.int64(1), T.int64(16), T.int64(56), T.int64(56), T.int64(8)))
        T_add = T.alloc_buffer((T.int64(1), T.int64(16), T.int64(56), T.int64(56), T.int64(8)))
        for n, oc_chunk, oh, ow, oc_block, ic, kh, kw in T.grid(T.int64(1), T.int64(16), T.int64(56), T.int64(56), T.int64(8), T.int64(64), T.int64(1), T.int64(1)):
            with T.block("conv2d_NCHWc"):
                v_n, v_oc_chunk, v_oh, v_ow, v_oc_block, v_ic, v_kh, v_kw = T.axis.remap("SSSSSRRR", [n, oc_chunk, oh, ow, oc_block, ic, kh, kw])
                T.reads(p0[v_n, v_ic // T.int64(8), v_oh + v_kh, v_ow + v_kw, v_ic % T.int64(8)], p1[v_oc_chunk, v_ic // T.int64(8), v_kh, v_kw, v_ic % T.int64(8), v_oc_block])
                T.writes(conv2d_NCHWc[v_n, v_oc_chunk, v_oh, v_ow, v_oc_block])
                with T.init():
                    conv2d_NCHWc[v_n, v_oc_chunk, v_oh, v_ow, v_oc_block] = T.float32(0)
                conv2d_NCHWc[v_n, v_oc_chunk, v_oh, v_ow, v_oc_block] = conv2d_NCHWc[v_n, v_oc_chunk, v_oh, v_ow, v_oc_block] + p0[v_n, v_ic // T.int64(8), v_oh + v_kh, v_ow + v_kw, v_ic % T.int64(8)] * p1[v_oc_chunk, v_ic // T.int64(8), v_kh, v_kw, v_ic % T.int64(8), v_oc_block]
        for ax0, ax1, ax2, ax3, ax4 in T.grid(T.int64(1), T.int64(16), T.int64(56), T.int64(56), T.int64(8)):
            with T.block("T_add"):
                v_ax0, v_ax1, v_ax2, v_ax3, v_ax4 = T.axis.remap("SSSSS", [ax0, ax1, ax2, ax3, ax4])
                T.reads(conv2d_NCHWc[v_ax0, v_ax1, v_ax2, v_ax3, v_ax4], p2[v_ax0, v_ax1, T.int64(0), T.int64(0), v_ax4])
                T.writes(T_add[v_ax0, v_ax1, v_ax2, v_ax3, v_ax4])
                T_add[v_ax0, v_ax1, v_ax2, v_ax3, v_ax4] = conv2d_NCHWc[v_ax0, v_ax1, v_ax2, v_ax3, v_ax4] + p2[v_ax0, v_ax1, T.int64(0), T.int64(0), v_ax4]
        for ax0, ax1, ax2, ax3, ax4 in T.grid(T.int64(1), T.int64(16), T.int64(56), T.int64(56), T.int64(8)):
            with T.block("T_relu"):
                v_ax0, v_ax1, v_ax2, v_ax3, v_ax4 = T.axis.remap("SSSSS", [ax0, ax1, ax2, ax3, ax4])
                T.reads(T_add[v_ax0, v_ax1, v_ax2, v_ax3, v_ax4])
                T.writes(T_relu[v_ax0, v_ax1, v_ax2, v_ax3, v_ax4])
                T_relu[v_ax0, v_ax1, v_ax2, v_ax3, v_ax4] = T.max(T_add[v_ax0, v_ax1, v_ax2, v_ax3, v_ax4], T.float32(0))
2024-05-21 02:46:40 [INFO] [task_scheduler.cc:164] Total 3 design space(s) generated
2024-05-21 02:46:40 [INFO] [task_scheduler.cc:170] Design space #0:
# from tvm.script import ir as I
# from tvm.script import tir as T

@I.ir_module
class Module:
    @T.prim_func
    def main(p0: T.Buffer((T.int64(1), T.int64(8), T.int64(56), T.int64(56), T.int64(8)), "float32"), p1: T.Buffer((T.int64(16), T.int64(8), T.int64(1), T.int64(1), T.int64(8), T.int64(8)), "float32"), p2: T.Buffer((T.int64(1), T.int64(16), T.int64(1), T.int64(1), T.int64(8)), "float32"), T_relu: T.Buffer((T.int64(1), T.int64(16), T.int64(56), T.int64(56), T.int64(8)), "float32")):
        T.func_attr({"tir.noalias": T.bool(True)})
        with T.block("root"):
            T.reads()
            T.writes()
            T.block_attr({"meta_schedule.parallel": 96, "meta_schedule.unroll_explicit": 16, "meta_schedule.vectorize": 64})
            conv2d_NCHWc = T.alloc_buffer((T.int64(1), T.int64(16), T.int64(56), T.int64(56), T.int64(8)))
            for n_0, oc_chunk_0, oh_0, ow_0, oc_block_0, n_1, oc_chunk_1, oh_1, ow_1, oc_block_1, ic_0, kh_0, kw_0, n_2, oc_chunk_2, oh_2, ow_2, oc_block_2, ic_1, kh_1, kw_1, n_3, oc_chunk_3, oh_3, ow_3, oc_block_3 in T.grid(T.int64(1), T.int64(2), T.int64(14), T.int64(1), T.int64(8), T.int64(1), T.int64(1), T.int64(1), T.int64(28), T.int64(1), T.int64(2), T.int64(1), T.int64(1), T.int64(1), T.int64(4), T.int64(1), T.int64(1), T.int64(1), T.int64(32), T.int64(1), T.int64(1), T.int64(1), T.int64(2), T.int64(4), T.int64(2), T.int64(1)):
                with T.block("conv2d_NCHWc"):
                    v_n = T.axis.spatial(T.int64(1), n_0 + n_1 + n_2 + n_3)
                    v_oc_chunk = T.axis.spatial(T.int64(16), oc_chunk_0 * T.int64(8) + oc_chunk_1 * T.int64(8) + oc_chunk_2 * T.int64(2) + oc_chunk_3)
                    v_oh = T.axis.spatial(T.int64(56), oh_0 * T.int64(4) + oh_1 * T.int64(4) + oh_2 * T.int64(4) + oh_3)
                    v_ow = T.axis.spatial(T.int64(56), ow_0 * T.int64(56) + ow_1 * T.int64(2) + ow_2 * T.int64(2) + ow_3)
                    v_oc_block = T.axis.spatial(T.int64(8), oc_block_0 + oc_block_1 + oc_block_2 + oc_block_3)
                    v_ic = T.axis.reduce(T.int64(64), ic_0 * T.int64(32) + ic_1)
                    v_kh = T.axis.reduce(T.int64(1), kh_0 + kh_1)
                    v_kw = T.axis.reduce(T.int64(1), kw_0 + kw_1)
                    T.reads(p0[v_n, v_ic // T.int64(8), v_oh + v_kh, v_ow + v_kw, v_ic % T.int64(8)], p1[v_oc_chunk, v_ic // T.int64(8), v_kh, v_kw, v_ic % T.int64(8), v_oc_block])
                    T.writes(conv2d_NCHWc[v_n, v_oc_chunk, v_oh, v_ow, v_oc_block])
                    T.block_attr({"meta_schedule.tiling_structure": "SSRSRS"})
                    with T.init():
                        conv2d_NCHWc[v_n, v_oc_chunk, v_oh, v_ow, v_oc_block] = T.float32(0)
                    conv2d_NCHWc[v_n, v_oc_chunk, v_oh, v_ow, v_oc_block] = conv2d_NCHWc[v_n, v_oc_chunk, v_oh, v_ow, v_oc_block] + p0[v_n, v_ic // T.int64(8), v_oh + v_kh, v_ow + v_kw, v_ic % T.int64(8)] * p1[v_oc_chunk, v_ic // T.int64(8), v_kh, v_kw, v_ic % T.int64(8), v_oc_block]
            for ax0, ax1, ax2, ax3, ax4 in T.grid(T.int64(1), T.int64(16), T.int64(56), T.int64(56), T.int64(8)):
                with T.block("T_relu"):
                    v_ax0, v_ax1, v_ax2, v_ax3, v_ax4 = T.axis.remap("SSSSS", [ax0, ax1, ax2, ax3, ax4])
                    T.reads(conv2d_NCHWc[v_ax0, v_ax1, v_ax2, v_ax3, v_ax4], p2[v_ax0, v_ax1, T.int64(0), T.int64(0), v_ax4])
                    T.writes(T_relu[v_ax0, v_ax1, v_ax2, v_ax3, v_ax4])
                    T_relu[v_ax0, v_ax1, v_ax2, v_ax3, v_ax4] = T.max(conv2d_NCHWc[v_ax0, v_ax1, v_ax2, v_ax3, v_ax4] + p2[v_ax0, v_ax1, T.int64(0), T.int64(0), v_ax4], T.float32(0))
b0 = sch.get_block(name="conv2d_NCHWc", func_name="main")
b1 = sch.get_block(name="T_add", func_name="main")
b2 = sch.get_block(name="root", func_name="main")
sch.compute_inline(block=b1)
sch.annotate(block_or_loop=b0, ann_key="meta_schedule.tiling_structure", ann_val="SSRSRS")
l3, l4, l5, l6, l7, l8, l9, l10 = sch.get_loops(block=b0)
v11, v12, v13, v14 = sch.sample_perfect_tile(loop=l3, n=4, max_innermost_factor=64, decision=[1, 1, 1, 1])
l15, l16, l17, l18 = sch.split(loop=l3, factors=[v11, v12, v13, v14], preserve_unit_iters=True, disable_predication=False)
v19, v20, v21, v22 = sch.sample_perfect_tile(loop=l4, n=4, max_innermost_factor=64, decision=[2, 1, 4, 2])
l23, l24, l25, l26 = sch.split(loop=l4, factors=[v19, v20, v21, v22], preserve_unit_iters=True, disable_predication=False)
v27, v28, v29, v30 = sch.sample_perfect_tile(loop=l5, n=4, max_innermost_factor=64, decision=[14, 1, 1, 4])
l31, l32, l33, l34 = sch.split(loop=l5, factors=[v27, v28, v29, v30], preserve_unit_iters=True, disable_predication=False)
v35, v36, v37, v38 = sch.sample_perfect_tile(loop=l6, n=4, max_innermost_factor=64, decision=[1, 28, 1, 2])
l39, l40, l41, l42 = sch.split(loop=l6, factors=[v35, v36, v37, v38], preserve_unit_iters=True, disable_predication=False)
v43, v44, v45, v46 = sch.sample_perfect_tile(loop=l7, n=4, max_innermost_factor=64, decision=[8, 1, 1, 1])
l47, l48, l49, l50 = sch.split(loop=l7, factors=[v43, v44, v45, v46], preserve_unit_iters=True, disable_predication=False)
v51, v52 = sch.sample_perfect_tile(loop=l8, n=2, max_innermost_factor=64, decision=[2, 32])
l53, l54 = sch.split(loop=l8, factors=[v51, v52], preserve_unit_iters=True, disable_predication=False)
v55, v56 = sch.sample_perfect_tile(loop=l9, n=2, max_innermost_factor=64, decision=[1, 1])
l57, l58 = sch.split(loop=l9, factors=[v55, v56], preserve_unit_iters=True, disable_predication=False)
v59, v60 = sch.sample_perfect_tile(loop=l10, n=2, max_innermost_factor=64, decision=[1, 1])
l61, l62 = sch.split(loop=l10, factors=[v59, v60], preserve_unit_iters=True, disable_predication=False)
sch.reorder(l15, l23, l31, l39, l47, l16, l24, l32, l40, l48, l53, l57, l61, l17, l25, l33, l41, l49, l54, l58, l62, l18, l26, l34, l42, l50)
sch.annotate(block_or_loop=b2, ann_key="meta_schedule.parallel", ann_val=96)
sch.annotate(block_or_loop=b2, ann_key="meta_schedule.vectorize", ann_val=64)
v63 = sch.sample_categorical(candidates=[0, 16, 64, 512], probs=[0.25, 0.25, 0.25, 0.25], decision=1)
sch.annotate(block_or_loop=b2, ann_key="meta_schedule.unroll_explicit", ann_val=v63)
2024-05-21 02:46:40 [INFO] [task_scheduler.cc:170] Design space #1:
# from tvm.script import ir as I
# from tvm.script import tir as T

@I.ir_module
class Module:
    @T.prim_func
    def main(p0: T.Buffer((T.int64(1), T.int64(8), T.int64(56), T.int64(56), T.int64(8)), "float32"), p1: T.Buffer((T.int64(16), T.int64(8), T.int64(1), T.int64(1), T.int64(8), T.int64(8)), "float32"), p2: T.Buffer((T.int64(1), T.int64(16), T.int64(1), T.int64(1), T.int64(8)), "float32"), T_relu: T.Buffer((T.int64(1), T.int64(16), T.int64(56), T.int64(56), T.int64(8)), "float32")):
        T.func_attr({"tir.noalias": T.bool(True)})
        with T.block("root"):
            T.reads()
            T.writes()
            T.block_attr({"meta_schedule.parallel": 96, "meta_schedule.unroll_explicit": 64, "meta_schedule.vectorize": 64})
            conv2d_NCHWc = T.alloc_buffer((T.int64(1), T.int64(16), T.int64(56), T.int64(56), T.int64(8)))
            for n_0, oc_chunk_0, oh_0, ow_0, oc_block_0, n_1, oc_chunk_1, oh_1, ow_1, oc_block_1 in T.grid(T.int64(1), T.int64(2), T.int64(14), T.int64(1), T.int64(8), T.int64(1), T.int64(1), T.int64(1), T.int64(28), T.int64(1)):
                for ic_0, kh_0, kw_0, n_2, oc_chunk_2, oh_2, ow_2, oc_block_2, ic_1, kh_1, kw_1, n_3, oc_chunk_3, oh_3, ow_3, oc_block_3 in T.grid(T.int64(2), T.int64(1), T.int64(1), T.int64(1), T.int64(4), T.int64(1), T.int64(1), T.int64(1), T.int64(32), T.int64(1), T.int64(1), T.int64(1), T.int64(2), T.int64(4), T.int64(2), T.int64(1)):
                    with T.block("conv2d_NCHWc"):
                        v_n = T.axis.spatial(T.int64(1), n_0 + n_1 + n_2 + n_3)
                        v_oc_chunk = T.axis.spatial(T.int64(16), oc_chunk_0 * T.int64(8) + oc_chunk_1 * T.int64(8) + oc_chunk_2 * T.int64(2) + oc_chunk_3)
                        v_oh = T.axis.spatial(T.int64(56), oh_0 * T.int64(4) + oh_1 * T.int64(4) + oh_2 * T.int64(4) + oh_3)
                        v_ow = T.axis.spatial(T.int64(56), ow_0 * T.int64(56) + ow_1 * T.int64(2) + ow_2 * T.int64(2) + ow_3)
                        v_oc_block = T.axis.spatial(T.int64(8), oc_block_0 + oc_block_1 + oc_block_2 + oc_block_3)
                        v_ic = T.axis.reduce(T.int64(64), ic_0 * T.int64(32) + ic_1)
                        v_kh = T.axis.reduce(T.int64(1), kh_0 + kh_1)
                        v_kw = T.axis.reduce(T.int64(1), kw_0 + kw_1)
                        T.reads(p0[v_n, v_ic // T.int64(8), v_oh + v_kh, v_ow + v_kw, v_ic % T.int64(8)], p1[v_oc_chunk, v_ic // T.int64(8), v_kh, v_kw, v_ic % T.int64(8), v_oc_block])
                        T.writes(conv2d_NCHWc[v_n, v_oc_chunk, v_oh, v_ow, v_oc_block])
                        T.block_attr({"meta_schedule.tiling_structure": "SSRSRS"})
                        with T.init():
                            conv2d_NCHWc[v_n, v_oc_chunk, v_oh, v_ow, v_oc_block] = T.float32(0)
                        conv2d_NCHWc[v_n, v_oc_chunk, v_oh, v_ow, v_oc_block] = conv2d_NCHWc[v_n, v_oc_chunk, v_oh, v_ow, v_oc_block] + p0[v_n, v_ic // T.int64(8), v_oh + v_kh, v_ow + v_kw, v_ic % T.int64(8)] * p1[v_oc_chunk, v_ic // T.int64(8), v_kh, v_kw, v_ic % T.int64(8), v_oc_block]
                for ax0, ax1, ax2, ax3, ax4 in T.grid(T.int64(1), T.int64(8), T.int64(4), T.int64(2), T.int64(1)):
                    with T.block("T_relu"):
                        v_ax0 = T.axis.spatial(T.int64(1), ax0)
                        v_ax1 = T.axis.spatial(T.int64(16), oc_chunk_0 * T.int64(8) + ax1)
                        v_ax2 = T.axis.spatial(T.int64(56), oh_0 * T.int64(4) + ax2)
                        v_ax3 = T.axis.spatial(T.int64(56), ow_1 * T.int64(2) + ax3)
                        v_ax4 = T.axis.spatial(T.int64(8), oc_block_0 + ax4)
                        T.reads(conv2d_NCHWc[v_ax0, v_ax1, v_ax2, v_ax3, v_ax4], p2[v_ax0, v_ax1, T.int64(0), T.int64(0), v_ax4])
                        T.writes(T_relu[v_ax0, v_ax1, v_ax2, v_ax3, v_ax4])
                        T_relu[v_ax0, v_ax1, v_ax2, v_ax3, v_ax4] = T.max(conv2d_NCHWc[v_ax0, v_ax1, v_ax2, v_ax3, v_ax4] + p2[v_ax0, v_ax1, T.int64(0), T.int64(0), v_ax4], T.float32(0))
b0 = sch.get_block(name="conv2d_NCHWc", func_name="main")
b1 = sch.get_block(name="T_add", func_name="main")
b2 = sch.get_block(name="root", func_name="main")
sch.compute_inline(block=b1)
sch.annotate(block_or_loop=b0, ann_key="meta_schedule.tiling_structure", ann_val="SSRSRS")
l3, l4, l5, l6, l7, l8, l9, l10 = sch.get_loops(block=b0)
v11, v12, v13, v14 = sch.sample_perfect_tile(loop=l3, n=4, max_innermost_factor=64, decision=[1, 1, 1, 1])
l15, l16, l17, l18 = sch.split(loop=l3, factors=[v11, v12, v13, v14], preserve_unit_iters=True, disable_predication=False)
v19, v20, v21, v22 = sch.sample_perfect_tile(loop=l4, n=4, max_innermost_factor=64, decision=[2, 1, 4, 2])
l23, l24, l25, l26 = sch.split(loop=l4, factors=[v19, v20, v21, v22], preserve_unit_iters=True, disable_predication=False)
v27, v28, v29, v30 = sch.sample_perfect_tile(loop=l5, n=4, max_innermost_factor=64, decision=[14, 1, 1, 4])
l31, l32, l33, l34 = sch.split(loop=l5, factors=[v27, v28, v29, v30], preserve_unit_iters=True, disable_predication=False)
v35, v36, v37, v38 = sch.sample_perfect_tile(loop=l6, n=4, max_innermost_factor=64, decision=[1, 28, 1, 2])
l39, l40, l41, l42 = sch.split(loop=l6, factors=[v35, v36, v37, v38], preserve_unit_iters=True, disable_predication=False)
v43, v44, v45, v46 = sch.sample_perfect_tile(loop=l7, n=4, max_innermost_factor=64, decision=[8, 1, 1, 1])
l47, l48, l49, l50 = sch.split(loop=l7, factors=[v43, v44, v45, v46], preserve_unit_iters=True, disable_predication=False)
v51, v52 = sch.sample_perfect_tile(loop=l8, n=2, max_innermost_factor=64, decision=[2, 32])
l53, l54 = sch.split(loop=l8, factors=[v51, v52], preserve_unit_iters=True, disable_predication=False)
v55, v56 = sch.sample_perfect_tile(loop=l9, n=2, max_innermost_factor=64, decision=[1, 1])
l57, l58 = sch.split(loop=l9, factors=[v55, v56], preserve_unit_iters=True, disable_predication=False)
v59, v60 = sch.sample_perfect_tile(loop=l10, n=2, max_innermost_factor=64, decision=[1, 1])
l61, l62 = sch.split(loop=l10, factors=[v59, v60], preserve_unit_iters=True, disable_predication=False)
sch.reorder(l15, l23, l31, l39, l47, l16, l24, l32, l40, l48, l53, l57, l61, l17, l25, l33, l41, l49, l54, l58, l62, l18, l26, l34, l42, l50)
b63, = sch.get_consumers(block=b0)
sch.reverse_compute_at(block=b63, loop=l48, preserve_unit_loops=True, index=-1)
sch.annotate(block_or_loop=b2, ann_key="meta_schedule.parallel", ann_val=96)
sch.annotate(block_or_loop=b2, ann_key="meta_schedule.vectorize", ann_val=64)
v64 = sch.sample_categorical(candidates=[0, 16, 64, 512], probs=[0.25, 0.25, 0.25, 0.25], decision=2)
sch.annotate(block_or_loop=b2, ann_key="meta_schedule.unroll_explicit", ann_val=v64)
2024-05-21 02:46:40 [INFO] [task_scheduler.cc:170] Design space #2:
# from tvm.script import ir as I
# from tvm.script import tir as T

@I.ir_module
class Module:
    @T.prim_func
    def main(p0: T.Buffer((T.int64(1), T.int64(8), T.int64(56), T.int64(56), T.int64(8)), "float32"), p1: T.Buffer((T.int64(16), T.int64(8), T.int64(1), T.int64(1), T.int64(8), T.int64(8)), "float32"), p2: T.Buffer((T.int64(1), T.int64(16), T.int64(1), T.int64(1), T.int64(8)), "float32"), T_relu: T.Buffer((T.int64(1), T.int64(16), T.int64(56), T.int64(56), T.int64(8)), "float32")):
        T.func_attr({"tir.noalias": T.bool(True)})
        with T.block("root"):
            T.reads()
            T.writes()
            T.block_attr({"meta_schedule.parallel": 96, "meta_schedule.unroll_explicit": 16, "meta_schedule.vectorize": 64})
            conv2d_NCHWc = T.alloc_buffer((T.int64(1), T.int64(16), T.int64(56), T.int64(56), T.int64(8)))
            for n_0, oc_chunk_0, oh_0, ow_0, oc_block_0 in T.grid(T.int64(1), T.int64(2), T.int64(14), T.int64(1), T.int64(8)):
                for n_1, oc_chunk_1, oh_1, ow_1, oc_block_1, ic_0, kh_0, kw_0, n_2, oc_chunk_2, oh_2, ow_2, oc_block_2, ic_1, kh_1, kw_1, n_3, oc_chunk_3, oh_3, ow_3, oc_block_3 in T.grid(T.int64(1), T.int64(1), T.int64(1), T.int64(28), T.int64(1), T.int64(2), T.int64(1), T.int64(1), T.int64(1), T.int64(4), T.int64(1), T.int64(1), T.int64(1), T.int64(32), T.int64(1), T.int64(1), T.int64(1), T.int64(2), T.int64(4), T.int64(2), T.int64(1)):
                    with T.block("conv2d_NCHWc"):
                        v_n = T.axis.spatial(T.int64(1), n_0 + n_1 + n_2 + n_3)
                        v_oc_chunk = T.axis.spatial(T.int64(16), oc_chunk_0 * T.int64(8) + oc_chunk_1 * T.int64(8) + oc_chunk_2 * T.int64(2) + oc_chunk_3)
                        v_oh = T.axis.spatial(T.int64(56), oh_0 * T.int64(4) + oh_1 * T.int64(4) + oh_2 * T.int64(4) + oh_3)
                        v_ow = T.axis.spatial(T.int64(56), ow_0 * T.int64(56) + ow_1 * T.int64(2) + ow_2 * T.int64(2) + ow_3)
                        v_oc_block = T.axis.spatial(T.int64(8), oc_block_0 + oc_block_1 + oc_block_2 + oc_block_3)
                        v_ic = T.axis.reduce(T.int64(64), ic_0 * T.int64(32) + ic_1)
                        v_kh = T.axis.reduce(T.int64(1), kh_0 + kh_1)
                        v_kw = T.axis.reduce(T.int64(1), kw_0 + kw_1)
                        T.reads(p0[v_n, v_ic // T.int64(8), v_oh + v_kh, v_ow + v_kw, v_ic % T.int64(8)], p1[v_oc_chunk, v_ic // T.int64(8), v_kh, v_kw, v_ic % T.int64(8), v_oc_block])
                        T.writes(conv2d_NCHWc[v_n, v_oc_chunk, v_oh, v_ow, v_oc_block])
                        T.block_attr({"meta_schedule.tiling_structure": "SSRSRS"})
                        with T.init():
                            conv2d_NCHWc[v_n, v_oc_chunk, v_oh, v_ow, v_oc_block] = T.float32(0)
                        conv2d_NCHWc[v_n, v_oc_chunk, v_oh, v_ow, v_oc_block] = conv2d_NCHWc[v_n, v_oc_chunk, v_oh, v_ow, v_oc_block] + p0[v_n, v_ic // T.int64(8), v_oh + v_kh, v_ow + v_kw, v_ic % T.int64(8)] * p1[v_oc_chunk, v_ic // T.int64(8), v_kh, v_kw, v_ic % T.int64(8), v_oc_block]
                for ax0, ax1, ax2, ax3, ax4 in T.grid(T.int64(1), T.int64(8), T.int64(4), T.int64(56), T.int64(1)):
                    with T.block("T_relu"):
                        v_ax0 = T.axis.spatial(T.int64(1), ax0)
                        v_ax1 = T.axis.spatial(T.int64(16), oc_chunk_0 * T.int64(8) + ax1)
                        v_ax2 = T.axis.spatial(T.int64(56), oh_0 * T.int64(4) + ax2)
                        v_ax3 = T.axis.spatial(T.int64(56), ax3)
                        v_ax4 = T.axis.spatial(T.int64(8), oc_block_0 + ax4)
                        T.reads(conv2d_NCHWc[v_ax0, v_ax1, v_ax2, v_ax3, v_ax4], p2[v_ax0, v_ax1, T.int64(0), T.int64(0), v_ax4])
                        T.writes(T_relu[v_ax0, v_ax1, v_ax2, v_ax3, v_ax4])
                        T_relu[v_ax0, v_ax1, v_ax2, v_ax3, v_ax4] = T.max(conv2d_NCHWc[v_ax0, v_ax1, v_ax2, v_ax3, v_ax4] + p2[v_ax0, v_ax1, T.int64(0), T.int64(0), v_ax4], T.float32(0))
b0 = sch.get_block(name="conv2d_NCHWc", func_name="main")
b1 = sch.get_block(name="T_add", func_name="main")
b2 = sch.get_block(name="root", func_name="main")
sch.compute_inline(block=b1)
sch.annotate(block_or_loop=b0, ann_key="meta_schedule.tiling_structure", ann_val="SSRSRS")
l3, l4, l5, l6, l7, l8, l9, l10 = sch.get_loops(block=b0)
v11, v12, v13, v14 = sch.sample_perfect_tile(loop=l3, n=4, max_innermost_factor=64, decision=[1, 1, 1, 1])
l15, l16, l17, l18 = sch.split(loop=l3, factors=[v11, v12, v13, v14], preserve_unit_iters=True, disable_predication=False)
v19, v20, v21, v22 = sch.sample_perfect_tile(loop=l4, n=4, max_innermost_factor=64, decision=[2, 1, 4, 2])
l23, l24, l25, l26 = sch.split(loop=l4, factors=[v19, v20, v21, v22], preserve_unit_iters=True, disable_predication=False)
v27, v28, v29, v30 = sch.sample_perfect_tile(loop=l5, n=4, max_innermost_factor=64, decision=[14, 1, 1, 4])
l31, l32, l33, l34 = sch.split(loop=l5, factors=[v27, v28, v29, v30], preserve_unit_iters=True, disable_predication=False)
v35, v36, v37, v38 = sch.sample_perfect_tile(loop=l6, n=4, max_innermost_factor=64, decision=[1, 28, 1, 2])
l39, l40, l41, l42 = sch.split(loop=l6, factors=[v35, v36, v37, v38], preserve_unit_iters=True, disable_predication=False)
v43, v44, v45, v46 = sch.sample_perfect_tile(loop=l7, n=4, max_innermost_factor=64, decision=[8, 1, 1, 1])
l47, l48, l49, l50 = sch.split(loop=l7, factors=[v43, v44, v45, v46], preserve_unit_iters=True, disable_predication=False)
v51, v52 = sch.sample_perfect_tile(loop=l8, n=2, max_innermost_factor=64, decision=[2, 32])
l53, l54 = sch.split(loop=l8, factors=[v51, v52], preserve_unit_iters=True, disable_predication=False)
v55, v56 = sch.sample_perfect_tile(loop=l9, n=2, max_innermost_factor=64, decision=[1, 1])
l57, l58 = sch.split(loop=l9, factors=[v55, v56], preserve_unit_iters=True, disable_predication=False)
v59, v60 = sch.sample_perfect_tile(loop=l10, n=2, max_innermost_factor=64, decision=[1, 1])
l61, l62 = sch.split(loop=l10, factors=[v59, v60], preserve_unit_iters=True, disable_predication=False)
sch.reorder(l15, l23, l31, l39, l47, l16, l24, l32, l40, l48, l53, l57, l61, l17, l25, l33, l41, l49, l54, l58, l62, l18, l26, l34, l42, l50)
b63, = sch.get_consumers(block=b0)
sch.reverse_compute_at(block=b63, loop=l47, preserve_unit_loops=True, index=-1)
sch.annotate(block_or_loop=b2, ann_key="meta_schedule.parallel", ann_val=96)
sch.annotate(block_or_loop=b2, ann_key="meta_schedule.vectorize", ann_val=64)
v64 = sch.sample_categorical(candidates=[0, 16, 64, 512], probs=[0.25, 0.25, 0.25, 0.25], decision=1)
sch.annotate(block_or_loop=b2, ann_key="meta_schedule.unroll_explicit", ann_val=v64)
2024-05-21 04:24:22 [INFO] [evolutionary_search.cc:713] Generating candidates......
2024-05-21 04:24:22 [INFO] [evolutionary_search.cc:715] Picked top 0 candidate(s) from database
2024-05-21 04:24:23 [INFO] [evolutionary_search.cc:533] Sample-Init-Population summary:
Postproc #0 [meta_schedule.DisallowDynamicLoop(0x17bcf4c8)]: 0 failure(s)
Postproc #1 [meta_schedule.RewriteParallelVectorizeUnroll(0x1507e248)]: 0 failure(s)
Postproc #2 [meta_schedule.RewriteReductionBlock(0x15369508)]: 0 failure(s)
Postproc #3 [meta_schedule.RewriteLayout(0x1d1c4228)]: 0 failure(s)
2024-05-21 04:24:23 [INFO] [evolutionary_search.cc:723] Sampled 512 candidate(s)
2024-05-21 04:24:24 [INFO] [evolutionary_search.cc:621] Evolve iter #0 done. Summary:
Postproc #0 [meta_schedule.DisallowDynamicLoop(0x17bcf4c8)]: 0 failure(s)
Postproc #1 [meta_schedule.RewriteParallelVectorizeUnroll(0x1507e248)]: 0 failure(s)
Postproc #2 [meta_schedule.RewriteReductionBlock(0x15369508)]: 0 failure(s)
Postproc #3 [meta_schedule.RewriteLayout(0x1d1c4228)]: 0 failure(s)
2024-05-21 04:24:25 [INFO] [evolutionary_search.cc:621] Evolve iter #1 done. Summary:
Postproc #0 [meta_schedule.DisallowDynamicLoop(0x17bcf4c8)]: 0 failure(s)
Postproc #1 [meta_schedule.RewriteParallelVectorizeUnroll(0x1507e248)]: 0 failure(s)
Postproc #2 [meta_schedule.RewriteReductionBlock(0x15369508)]: 0 failure(s)
Postproc #3 [meta_schedule.RewriteLayout(0x1d1c4228)]: 0 failure(s)
2024-05-21 04:24:26 [INFO] [evolutionary_search.cc:621] Evolve iter #2 done. Summary:
Postproc #0 [meta_schedule.DisallowDynamicLoop(0x17bcf4c8)]: 0 failure(s)
Postproc #1 [meta_schedule.RewriteParallelVectorizeUnroll(0x1507e248)]: 0 failure(s)
Postproc #2 [meta_schedule.RewriteReductionBlock(0x15369508)]: 0 failure(s)
Postproc #3 [meta_schedule.RewriteLayout(0x1d1c4228)]: 0 failure(s)
2024-05-21 04:24:27 [INFO] [evolutionary_search.cc:621] Evolve iter #3 done. Summary:
Postproc #0 [meta_schedule.DisallowDynamicLoop(0x17bcf4c8)]: 0 failure(s)
Postproc #1 [meta_schedule.RewriteParallelVectorizeUnroll(0x1507e248)]: 0 failure(s)
Postproc #2 [meta_schedule.RewriteReductionBlock(0x15369508)]: 0 failure(s)
Postproc #3 [meta_schedule.RewriteLayout(0x1d1c4228)]: 0 failure(s)
2024-05-21 04:24:27 [INFO] [evolutionary_search.cc:649] Scores of the best 64 candidates:
[1 : 16]:	0.9993  0.9989  0.9984  0.9981  0.9972  0.9970  0.9969  0.9967  0.9948  0.9947  0.9943  0.9942  0.9939  0.9924  0.9918  0.9916
[17 : 32]:	0.9915  0.9914  0.9910  0.9893  0.9893  0.9890  0.9890  0.9888  0.9887  0.9887  0.9885  0.9878  0.9872  0.9871  0.9867  0.9863
[33 : 48]:	0.9862  0.9858  0.9849  0.9845  0.9840  0.9838  0.9835  0.9823  0.9821  0.9820  0.9818  0.9809  0.9805  0.9798  0.9788  0.9785
[49 : 64]:	0.9785  0.9785  0.9781  0.9779  0.9770  0.9761  0.9747  0.9744  0.9728  0.9728  0.9726  0.9725  0.9724  0.9720  0.9716  0.9689
2024-05-21 04:24:27 [INFO] [evolutionary_search.cc:727] Got 64 candidate(s) with evolutionary search
2024-05-21 04:24:27 [INFO] [evolutionary_search.cc:730] Sending 64 candidates(s) for measurement
2024-05-21 04:46:45 [INFO] [task_scheduler.cc:131] [Task #59: fused_nn_contrib_conv2d_NCHWc_add_nn_relu_56] Trial #1: GFLOPs: 47.3525. Time: 1102.0134 us. Best GFLOPs: 47.3525
2024-05-21 04:46:45 [INFO] [task_scheduler.cc:131] [Task #59: fused_nn_contrib_conv2d_NCHWc_add_nn_relu_56] Trial #2: GFLOPs: 55.6399. Time: 937.8702 us. Best GFLOPs: 55.6399
2024-05-21 04:46:45 [INFO] [task_scheduler.cc:131] [Task #59: fused_nn_contrib_conv2d_NCHWc_add_nn_relu_56] Trial #3: GFLOPs: 24.3695. Time: 2141.3230 us. Best GFLOPs: 55.6399
2024-05-21 04:46:45 [INFO] [task_scheduler.cc:131] [Task #59: fused_nn_contrib_conv2d_NCHWc_add_nn_relu_56] Trial #4: GFLOPs: 23.5169. Time: 2218.9561 us. Best GFLOPs: 55.6399
2024-05-21 04:46:45 [INFO] [task_scheduler.cc:131] [Task #59: fused_nn_contrib_conv2d_NCHWc_add_nn_relu_56] Trial #5: GFLOPs: 13.2235. Time: 3946.2408 us. Best GFLOPs: 55.6399
2024-05-21 04:46:45 [INFO] [task_scheduler.cc:131] [Task #59: fused_nn_contrib_conv2d_NCHWc_add_nn_relu_56] Trial #6: GFLOPs: 19.4309. Time: 2685.5642 us. Best GFLOPs: 55.6399
2024-05-21 04:46:45 [INFO] [task_scheduler.cc:131] [Task #59: fused_nn_contrib_conv2d_NCHWc_add_nn_relu_56] Trial #7: GFLOPs: 11.1910. Time: 4662.9330 us. Best GFLOPs: 55.6399
2024-05-21 04:46:45 [INFO] [task_scheduler.cc:131] [Task #59: fused_nn_contrib_conv2d_NCHWc_add_nn_relu_56] Trial #8: GFLOPs: 30.2279. Time: 1726.3204 us. Best GFLOPs: 55.6399
2024-05-21 04:46:45 [INFO] [task_scheduler.cc:131] [Task #59: fused_nn_contrib_conv2d_NCHWc_add_nn_relu_56] Trial #9: GFLOPs: 15.2758. Time: 3416.0568 us. Best GFLOPs: 55.6399
2024-05-21 04:46:45 [INFO] [task_scheduler.cc:131] [Task #59: fused_nn_contrib_conv2d_NCHWc_add_nn_relu_56] Trial #10: GFLOPs: 7.0715. Time: 7379.3748 us. Best GFLOPs: 55.6399
2024-05-21 04:46:45 [INFO] [task_scheduler.cc:131] [Task #59: fused_nn_contrib_conv2d_NCHWc_add_nn_relu_56] Trial #11: GFLOPs: 41.7021. Time: 1251.3301 us. Best GFLOPs: 55.6399
2024-05-21 04:46:45 [INFO] [task_scheduler.cc:131] [Task #59: fused_nn_contrib_conv2d_NCHWc_add_nn_relu_56] Trial #12: GFLOPs: 49.9979. Time: 1043.7049 us. Best GFLOPs: 55.6399
2024-05-21 04:46:45 [INFO] [task_scheduler.cc:131] [Task #59: fused_nn_contrib_conv2d_NCHWc_add_nn_relu_56] Trial #13: GFLOPs: 9.0911. Time: 5740.0342 us. Best GFLOPs: 55.6399
2024-05-21 04:46:45 [INFO] [task_scheduler.cc:131] [Task #59: fused_nn_contrib_conv2d_NCHWc_add_nn_relu_56] Trial #14: GFLOPs: 8.3402. Time: 6256.7825 us. Best GFLOPs: 55.6399
2024-05-21 04:46:45 [INFO] [task_scheduler.cc:131] [Task #59: fused_nn_contrib_conv2d_NCHWc_add_nn_relu_56] Trial #15: GFLOPs: 59.3112. Time: 879.8181 us. Best GFLOPs: 59.3112
2024-05-21 04:46:45 [INFO] [task_scheduler.cc:131] [Task #59: fused_nn_contrib_conv2d_NCHWc_add_nn_relu_56] Trial #16: GFLOPs: 46.8098. Time: 1114.7883 us. Best GFLOPs: 59.3112
2024-05-21 04:46:45 [INFO] [task_scheduler.cc:131] [Task #59: fused_nn_contrib_conv2d_NCHWc_add_nn_relu_56] Trial #17: GFLOPs: 10.3139. Time: 5059.4653 us. Best GFLOPs: 59.3112
2024-05-21 04:46:45 [INFO] [task_scheduler.cc:131] [Task #59: fused_nn_contrib_conv2d_NCHWc_add_nn_relu_56] Trial #18: GFLOPs: 17.3667. Time: 3004.7830 us. Best GFLOPs: 59.3112
2024-05-21 04:46:45 [INFO] [task_scheduler.cc:131] [Task #59: fused_nn_contrib_conv2d_NCHWc_add_nn_relu_56] Trial #19: GFLOPs: 8.6977. Time: 5999.6321 us. Best GFLOPs: 59.3112
2024-05-21 04:46:45 [INFO] [task_scheduler.cc:131] [Task #59: fused_nn_contrib_conv2d_NCHWc_add_nn_relu_56] Trial #20: GFLOPs: 12.8705. Time: 4054.4776 us. Best GFLOPs: 59.3112
2024-05-21 04:46:45 [INFO] [task_scheduler.cc:131] [Task #59: fused_nn_contrib_conv2d_NCHWc_add_nn_relu_56] Trial #21: GFLOPs: 20.6085. Time: 2532.1090 us. Best GFLOPs: 59.3112
2024-05-21 04:46:45 [INFO] [task_scheduler.cc:131] [Task #59: fused_nn_contrib_conv2d_NCHWc_add_nn_relu_56] Trial #22: GFLOPs: 13.4228. Time: 3887.6367 us. Best GFLOPs: 59.3112
2024-05-21 04:46:45 [INFO] [task_scheduler.cc:131] [Task #59: fused_nn_contrib_conv2d_NCHWc_add_nn_relu_56] Trial #23: GFLOPs: 8.5761. Time: 6084.7314 us. Best GFLOPs: 59.3112
2024-05-21 04:46:45 [INFO] [task_scheduler.cc:131] [Task #59: fused_nn_contrib_conv2d_NCHWc_add_nn_relu_56] Trial #24: GFLOPs: 40.1383. Time: 1300.0805 us. Best GFLOPs: 59.3112
2024-05-21 04:46:45 [INFO] [task_scheduler.cc:131] [Task #59: fused_nn_contrib_conv2d_NCHWc_add_nn_relu_56] Trial #25: GFLOPs: 31.4037. Time: 1661.6824 us. Best GFLOPs: 59.3112
2024-05-21 04:46:45 [INFO] [task_scheduler.cc:131] [Task #59: fused_nn_contrib_conv2d_NCHWc_add_nn_relu_56] Trial #26: GFLOPs: 18.9248. Time: 2757.3949 us. Best GFLOPs: 59.3112
2024-05-21 04:46:45 [INFO] [task_scheduler.cc:131] [Task #59: fused_nn_contrib_conv2d_NCHWc_add_nn_relu_56] Trial #27: GFLOPs: 128.6843. Time: 405.5121 us. Best GFLOPs: 128.6843
2024-05-21 04:46:45 [INFO] [task_scheduler.cc:131] [Task #59: fused_nn_contrib_conv2d_NCHWc_add_nn_relu_56] Trial #28: GFLOPs: 139.0212. Time: 375.3604 us. Best GFLOPs: 139.0212
2024-05-21 04:46:45 [INFO] [task_scheduler.cc:131] [Task #59: fused_nn_contrib_conv2d_NCHWc_add_nn_relu_56] Trial #29: GFLOPs: 44.5486. Time: 1171.3746 us. Best GFLOPs: 139.0212
2024-05-21 04:46:45 [INFO] [task_scheduler.cc:131] [Task #59: fused_nn_contrib_conv2d_NCHWc_add_nn_relu_56] Trial #30: GFLOPs: 42.4831. Time: 1228.3260 us. Best GFLOPs: 139.0212
2024-05-21 04:46:45 [INFO] [task_scheduler.cc:131] [Task #59: fused_nn_contrib_conv2d_NCHWc_add_nn_relu_56] Trial #31: GFLOPs: 33.2036. Time: 1571.6061 us. Best GFLOPs: 139.0212
2024-05-21 04:46:45 [INFO] [task_scheduler.cc:131] [Task #59: fused_nn_contrib_conv2d_NCHWc_add_nn_relu_56] Trial #32: GFLOPs: 8.2449. Time: 6329.1097 us. Best GFLOPs: 139.0212
2024-05-21 04:46:45 [INFO] [task_scheduler.cc:131] [Task #59: fused_nn_contrib_conv2d_NCHWc_add_nn_relu_56] Trial #33: GFLOPs: 34.9388. Time: 1493.5556 us. Best GFLOPs: 139.0212
2024-05-21 04:46:45 [INFO] [task_scheduler.cc:131] [Task #59: fused_nn_contrib_conv2d_NCHWc_add_nn_relu_56] Trial #34: GFLOPs: 96.8774. Time: 538.6501 us. Best GFLOPs: 139.0212
2024-05-21 04:46:45 [INFO] [task_scheduler.cc:131] [Task #59: fused_nn_contrib_conv2d_NCHWc_add_nn_relu_56] Trial #35: GFLOPs: 142.1931. Time: 366.9870 us. Best GFLOPs: 142.1931
2024-05-21 04:46:45 [INFO] [task_scheduler.cc:131] [Task #59: fused_nn_contrib_conv2d_NCHWc_add_nn_relu_56] Trial #36: GFLOPs: 67.0885. Time: 777.8244 us. Best GFLOPs: 142.1931
2024-05-21 04:46:45 [INFO] [task_scheduler.cc:131] [Task #59: fused_nn_contrib_conv2d_NCHWc_add_nn_relu_56] Trial #37: GFLOPs: 13.2399. Time: 3941.3474 us. Best GFLOPs: 142.1931
2024-05-21 04:46:45 [INFO] [task_scheduler.cc:131] [Task #59: fused_nn_contrib_conv2d_NCHWc_add_nn_relu_56] Trial #38: GFLOPs: 29.9868. Time: 1740.2014 us. Best GFLOPs: 142.1931
2024-05-21 04:46:45 [INFO] [task_scheduler.cc:131] [Task #59: fused_nn_contrib_conv2d_NCHWc_add_nn_relu_56] Trial #39: GFLOPs: 22.5412. Time: 2315.0049 us. Best GFLOPs: 142.1931
2024-05-21 04:46:45 [INFO] [task_scheduler.cc:131] [Task #59: fused_nn_contrib_conv2d_NCHWc_add_nn_relu_56] Trial #40: GFLOPs: 29.4743. Time: 1770.4593 us. Best GFLOPs: 142.1931
2024-05-21 04:46:45 [INFO] [task_scheduler.cc:131] [Task #59: fused_nn_contrib_conv2d_NCHWc_add_nn_relu_56] Trial #41: GFLOPs: 11.6238. Time: 4489.3229 us. Best GFLOPs: 142.1931
2024-05-21 04:46:45 [INFO] [task_scheduler.cc:131] [Task #59: fused_nn_contrib_conv2d_NCHWc_add_nn_relu_56] Trial #42: GFLOPs: 68.1853. Time: 765.3117 us. Best GFLOPs: 142.1931
2024-05-21 04:46:45 [INFO] [task_scheduler.cc:131] [Task #59: fused_nn_contrib_conv2d_NCHWc_add_nn_relu_56] Trial #43: GFLOPs: 23.3898. Time: 2231.0123 us. Best GFLOPs: 142.1931
2024-05-21 04:46:45 [INFO] [task_scheduler.cc:131] [Task #59: fused_nn_contrib_conv2d_NCHWc_add_nn_relu_56] Trial #44: GFLOPs: 11.4733. Time: 4548.1960 us. Best GFLOPs: 142.1931
2024-05-21 04:46:45 [INFO] [task_scheduler.cc:131] [Task #59: fused_nn_contrib_conv2d_NCHWc_add_nn_relu_56] Trial #45: GFLOPs: 42.7642. Time: 1220.2501 us. Best GFLOPs: 142.1931
2024-05-21 04:46:45 [INFO] [task_scheduler.cc:131] [Task #59: fused_nn_contrib_conv2d_NCHWc_add_nn_relu_56] Trial #46: GFLOPs: 20.0714. Time: 2599.8646 us. Best GFLOPs: 142.1931
2024-05-21 04:46:45 [INFO] [task_scheduler.cc:131] [Task #59: fused_nn_contrib_conv2d_NCHWc_add_nn_relu_56] Trial #47: GFLOPs: 8.4794. Time: 6154.0995 us. Best GFLOPs: 142.1931
2024-05-21 04:46:45 [INFO] [task_scheduler.cc:131] [Task #59: fused_nn_contrib_conv2d_NCHWc_add_nn_relu_56] Trial #48: GFLOPs: 28.1031. Time: 1856.8397 us. Best GFLOPs: 142.1931
2024-05-21 04:46:45 [INFO] [task_scheduler.cc:131] [Task #59: fused_nn_contrib_conv2d_NCHWc_add_nn_relu_56] Trial #49: GFLOPs: 59.3336. Time: 879.4849 us. Best GFLOPs: 142.1931
2024-05-21 04:46:45 [INFO] [task_scheduler.cc:131] [Task #59: fused_nn_contrib_conv2d_NCHWc_add_nn_relu_56] Trial #50: GFLOPs: 25.4666. Time: 2049.0775 us. Best GFLOPs: 142.1931
2024-05-21 04:46:45 [INFO] [task_scheduler.cc:131] [Task #59: fused_nn_contrib_conv2d_NCHWc_add_nn_relu_56] Trial #51: GFLOPs: 14.1729. Time: 3681.8820 us. Best GFLOPs: 142.1931
2024-05-21 04:46:45 [INFO] [task_scheduler.cc:131] [Task #59: fused_nn_contrib_conv2d_NCHWc_add_nn_relu_56] Trial #52: GFLOPs: 40.4997. Time: 1288.4784 us. Best GFLOPs: 142.1931
2024-05-21 04:46:45 [INFO] [task_scheduler.cc:131] [Task #59: fused_nn_contrib_conv2d_NCHWc_add_nn_relu_56] Trial #53: GFLOPs: 7.8478. Time: 6649.3708 us. Best GFLOPs: 142.1931
2024-05-21 04:46:45 [INFO] [task_scheduler.cc:131] [Task #59: fused_nn_contrib_conv2d_NCHWc_add_nn_relu_56] Trial #54: GFLOPs: 102.3764. Time: 509.7176 us. Best GFLOPs: 142.1931
2024-05-21 04:46:45 [INFO] [task_scheduler.cc:131] [Task #59: fused_nn_contrib_conv2d_NCHWc_add_nn_relu_56] Trial #55: GFLOPs: 15.0653. Time: 3463.7788 us. Best GFLOPs: 142.1931
2024-05-21 04:46:45 [INFO] [task_scheduler.cc:131] [Task #59: fused_nn_contrib_conv2d_NCHWc_add_nn_relu_56] Trial #56: GFLOPs: 8.7603. Time: 5956.7622 us. Best GFLOPs: 142.1931
2024-05-21 04:46:45 [INFO] [task_scheduler.cc:131] [Task #59: fused_nn_contrib_conv2d_NCHWc_add_nn_relu_56] Trial #57: GFLOPs: 17.0742. Time: 3056.2590 us. Best GFLOPs: 142.1931
2024-05-21 04:46:45 [INFO] [task_scheduler.cc:131] [Task #59: fused_nn_contrib_conv2d_NCHWc_add_nn_relu_56] Trial #58: GFLOPs: 50.0503. Time: 1042.6111 us. Best GFLOPs: 142.1931
2024-05-21 04:46:45 [INFO] [task_scheduler.cc:131] [Task #59: fused_nn_contrib_conv2d_NCHWc_add_nn_relu_56] Trial #59: GFLOPs: 50.5258. Time: 1032.7993 us. Best GFLOPs: 142.1931
2024-05-21 04:46:45 [INFO] [task_scheduler.cc:131] [Task #59: fused_nn_contrib_conv2d_NCHWc_add_nn_relu_56] Trial #60: GFLOPs: 7.0579. Time: 7393.5916 us. Best GFLOPs: 142.1931
2024-05-21 04:46:45 [INFO] [task_scheduler.cc:131] [Task #59: fused_nn_contrib_conv2d_NCHWc_add_nn_relu_56] Trial #61: GFLOPs: 12.3898. Time: 4211.7793 us. Best GFLOPs: 142.1931
2024-05-21 04:46:45 [INFO] [task_scheduler.cc:131] [Task #59: fused_nn_contrib_conv2d_NCHWc_add_nn_relu_56] Trial #62: GFLOPs: 26.2358. Time: 1988.9975 us. Best GFLOPs: 142.1931
2024-05-21 04:46:45 [INFO] [task_scheduler.cc:131] [Task #59: fused_nn_contrib_conv2d_NCHWc_add_nn_relu_56] Trial #63: GFLOPs: 22.2125. Time: 2349.2645 us. Best GFLOPs: 142.1931
2024-05-21 04:46:45 [INFO] [task_scheduler.cc:131] [Task #59: fused_nn_contrib_conv2d_NCHWc_add_nn_relu_56] Trial #64: GFLOPs: 30.4984. Time: 1711.0117 us. Best GFLOPs: 142.1931
2024-05-21 05:36:20 [INFO] [evolutionary_search.cc:713] Generating candidates......
2024-05-21 05:36:20 [INFO] [evolutionary_search.cc:715] Picked top 64 candidate(s) from database
2024-05-21 05:36:21 [INFO] [evolutionary_search.cc:533] Sample-Init-Population summary:
Postproc #0 [meta_schedule.DisallowDynamicLoop(0x17bcf4c8)]: 0 failure(s)
Postproc #1 [meta_schedule.RewriteParallelVectorizeUnroll(0x1507e248)]: 0 failure(s)
Postproc #2 [meta_schedule.RewriteReductionBlock(0x15369508)]: 0 failure(s)
Postproc #3 [meta_schedule.RewriteLayout(0x1d1c4228)]: 0 failure(s)
2024-05-21 05:36:21 [INFO] [evolutionary_search.cc:723] Sampled 448 candidate(s)
2024-05-21 05:36:23 [INFO] [evolutionary_search.cc:621] Evolve iter #0 done. Summary:
Postproc #0 [meta_schedule.DisallowDynamicLoop(0x17bcf4c8)]: 0 failure(s)
Postproc #1 [meta_schedule.RewriteParallelVectorizeUnroll(0x1507e248)]: 0 failure(s)
Postproc #2 [meta_schedule.RewriteReductionBlock(0x15369508)]: 0 failure(s)
Postproc #3 [meta_schedule.RewriteLayout(0x1d1c4228)]: 0 failure(s)
2024-05-21 05:36:25 [INFO] [evolutionary_search.cc:621] Evolve iter #1 done. Summary:
Postproc #0 [meta_schedule.DisallowDynamicLoop(0x17bcf4c8)]: 0 failure(s)
Postproc #1 [meta_schedule.RewriteParallelVectorizeUnroll(0x1507e248)]: 0 failure(s)
Postproc #2 [meta_schedule.RewriteReductionBlock(0x15369508)]: 0 failure(s)
Postproc #3 [meta_schedule.RewriteLayout(0x1d1c4228)]: 0 failure(s)
2024-05-21 05:36:27 [INFO] [evolutionary_search.cc:621] Evolve iter #2 done. Summary:
Postproc #0 [meta_schedule.DisallowDynamicLoop(0x17bcf4c8)]: 0 failure(s)
Postproc #1 [meta_schedule.RewriteParallelVectorizeUnroll(0x1507e248)]: 0 failure(s)
Postproc #2 [meta_schedule.RewriteReductionBlock(0x15369508)]: 0 failure(s)
Postproc #3 [meta_schedule.RewriteLayout(0x1d1c4228)]: 0 failure(s)
2024-05-21 05:36:29 [INFO] [evolutionary_search.cc:621] Evolve iter #3 done. Summary:
Postproc #0 [meta_schedule.DisallowDynamicLoop(0x17bcf4c8)]: 0 failure(s)
Postproc #1 [meta_schedule.RewriteParallelVectorizeUnroll(0x1507e248)]: 0 failure(s)
Postproc #2 [meta_schedule.RewriteReductionBlock(0x15369508)]: 0 failure(s)
Postproc #3 [meta_schedule.RewriteLayout(0x1d1c4228)]: 0 failure(s)
2024-05-21 05:36:30 [INFO] [evolutionary_search.cc:649] Scores of the best 64 candidates:
[1 : 16]:	0.8884  0.8705  0.8580  0.8365  0.8257  0.8226  0.8189  0.8103  0.7997  0.7943  0.7939  0.7926  0.7888  0.7888  0.7818  0.7790
[17 : 32]:	0.7750  0.7718  0.7689  0.7656  0.7647  0.7634  0.7620  0.7549  0.7502  0.7432  0.7419  0.7411  0.7409  0.7354  0.7284  0.7221
[33 : 48]:	0.7175  0.7123  0.7113  0.7104  0.7084  0.7063  0.7045  0.7038  0.7013  0.7002  0.6987  0.6984  0.6979  0.6974  0.6969  0.6936
[49 : 64]:	0.6929  0.6926  0.6911  0.6909  0.6909  0.6902  0.6902  0.6884  0.6877  0.6858  0.6849  0.6837  0.6801  0.6778  0.6733  0.6721
2024-05-21 05:36:30 [INFO] [evolutionary_search.cc:727] Got 64 candidate(s) with evolutionary search
2024-05-21 05:36:30 [INFO] [evolutionary_search.cc:730] Sending 64 candidates(s) for measurement
2024-05-21 05:38:27 [INFO] [task_scheduler.cc:131] [Task #59: fused_nn_contrib_conv2d_NCHWc_add_nn_relu_56] Trial #65: GFLOPs: 222.1911. Time: 234.8566 us. Best GFLOPs: 222.1911
2024-05-21 05:38:27 [INFO] [task_scheduler.cc:131] [Task #59: fused_nn_contrib_conv2d_NCHWc_add_nn_relu_56] Trial #66: GFLOPs: 259.7263. Time: 200.9155 us. Best GFLOPs: 259.7263
2024-05-21 05:38:27 [INFO] [task_scheduler.cc:131] [Task #59: fused_nn_contrib_conv2d_NCHWc_add_nn_relu_56] Trial #67: GFLOPs: 141.8570. Time: 367.8567 us. Best GFLOPs: 259.7263
2024-05-21 05:38:27 [INFO] [task_scheduler.cc:131] [Task #59: fused_nn_contrib_conv2d_NCHWc_add_nn_relu_56] Trial #68: GFLOPs: 173.1061. Time: 301.4511 us. Best GFLOPs: 259.7263
2024-05-21 05:38:27 [INFO] [task_scheduler.cc:131] [Task #59: fused_nn_contrib_conv2d_NCHWc_add_nn_relu_56] Trial #69: GFLOPs: 138.8119. Time: 375.9263 us. Best GFLOPs: 259.7263
2024-05-21 05:38:27 [INFO] [task_scheduler.cc:131] [Task #59: fused_nn_contrib_conv2d_NCHWc_add_nn_relu_56] Trial #70: GFLOPs: 114.2297. Time: 456.8254 us. Best GFLOPs: 259.7263
2024-05-21 05:38:27 [INFO] [task_scheduler.cc:131] [Task #59: fused_nn_contrib_conv2d_NCHWc_add_nn_relu_56] Trial #71: GFLOPs: 179.6388. Time: 290.4887 us. Best GFLOPs: 259.7263
2024-05-21 05:38:27 [INFO] [task_scheduler.cc:131] [Task #59: fused_nn_contrib_conv2d_NCHWc_add_nn_relu_56] Trial #72: GFLOPs: 219.4876. Time: 237.7493 us. Best GFLOPs: 259.7263
2024-05-21 05:38:27 [INFO] [task_scheduler.cc:131] [Task #59: fused_nn_contrib_conv2d_NCHWc_add_nn_relu_56] Trial #73: GFLOPs: 293.6059. Time: 177.7316 us. Best GFLOPs: 293.6059
2024-05-21 05:38:27 [INFO] [task_scheduler.cc:131] [Task #59: fused_nn_contrib_conv2d_NCHWc_add_nn_relu_56] Trial #74: GFLOPs: 180.4655. Time: 289.1579 us. Best GFLOPs: 293.6059
2024-05-21 05:38:27 [INFO] [task_scheduler.cc:131] [Task #59: fused_nn_contrib_conv2d_NCHWc_add_nn_relu_56] Trial #75: GFLOPs: 178.2558. Time: 292.7425 us. Best GFLOPs: 293.6059
2024-05-21 05:38:27 [INFO] [task_scheduler.cc:131] [Task #59: fused_nn_contrib_conv2d_NCHWc_add_nn_relu_56] Trial #76: GFLOPs: 166.0651. Time: 314.2325 us. Best GFLOPs: 293.6059
2024-05-21 05:38:27 [INFO] [task_scheduler.cc:131] [Task #59: fused_nn_contrib_conv2d_NCHWc_add_nn_relu_56] Trial #77: GFLOPs: 157.0563. Time: 332.2569 us. Best GFLOPs: 293.6059
2024-05-21 05:38:27 [INFO] [task_scheduler.cc:131] [Task #59: fused_nn_contrib_conv2d_NCHWc_add_nn_relu_56] Trial #78: GFLOPs: 146.8615. Time: 355.3215 us. Best GFLOPs: 293.6059
2024-05-21 05:38:27 [INFO] [task_scheduler.cc:131] [Task #59: fused_nn_contrib_conv2d_NCHWc_add_nn_relu_56] Trial #79: GFLOPs: 270.1188. Time: 193.1855 us. Best GFLOPs: 293.6059
2024-05-21 05:38:27 [INFO] [task_scheduler.cc:131] [Task #59: fused_nn_contrib_conv2d_NCHWc_add_nn_relu_56] Trial #80: GFLOPs: 38.3121. Time: 1362.0496 us. Best GFLOPs: 293.6059
2024-05-21 05:38:27 [INFO] [task_scheduler.cc:131] [Task #59: fused_nn_contrib_conv2d_NCHWc_add_nn_relu_56] Trial #81: GFLOPs: 146.2846. Time: 356.7227 us. Best GFLOPs: 293.6059
2024-05-21 05:38:27 [INFO] [task_scheduler.cc:131] [Task #59: fused_nn_contrib_conv2d_NCHWc_add_nn_relu_56] Trial #82: GFLOPs: 139.7035. Time: 373.5271 us. Best GFLOPs: 293.6059
2024-05-21 05:38:27 [INFO] [task_scheduler.cc:131] [Task #59: fused_nn_contrib_conv2d_NCHWc_add_nn_relu_56] Trial #83: GFLOPs: 131.2045. Time: 397.7229 us. Best GFLOPs: 293.6059
2024-05-21 05:38:27 [INFO] [task_scheduler.cc:131] [Task #59: fused_nn_contrib_conv2d_NCHWc_add_nn_relu_56] Trial #84: GFLOPs: 152.4213. Time: 342.3606 us. Best GFLOPs: 293.6059
2024-05-21 05:38:27 [INFO] [task_scheduler.cc:131] [Task #59: fused_nn_contrib_conv2d_NCHWc_add_nn_relu_56] Trial #85: GFLOPs: 197.6206. Time: 264.0566 us. Best GFLOPs: 293.6059
2024-05-21 05:38:27 [INFO] [task_scheduler.cc:131] [Task #59: fused_nn_contrib_conv2d_NCHWc_add_nn_relu_56] Trial #86: GFLOPs: 41.0644. Time: 1270.7621 us. Best GFLOPs: 293.6059
2024-05-21 05:38:27 [INFO] [task_scheduler.cc:131] [Task #59: fused_nn_contrib_conv2d_NCHWc_add_nn_relu_56] Trial #87: GFLOPs: 168.4394. Time: 309.8030 us. Best GFLOPs: 293.6059
2024-05-21 05:38:27 [INFO] [task_scheduler.cc:131] [Task #59: fused_nn_contrib_conv2d_NCHWc_add_nn_relu_56] Trial #88: GFLOPs: 41.3901. Time: 1260.7600 us. Best GFLOPs: 293.6059
2024-05-21 05:38:27 [INFO] [task_scheduler.cc:131] [Task #59: fused_nn_contrib_conv2d_NCHWc_add_nn_relu_56] Trial #89: GFLOPs: 146.3745. Time: 356.5037 us. Best GFLOPs: 293.6059
2024-05-21 05:38:27 [INFO] [task_scheduler.cc:131] [Task #59: fused_nn_contrib_conv2d_NCHWc_add_nn_relu_56] Trial #90: GFLOPs: 77.8442. Time: 670.3526 us. Best GFLOPs: 293.6059
2024-05-21 05:38:27 [INFO] [task_scheduler.cc:131] [Task #59: fused_nn_contrib_conv2d_NCHWc_add_nn_relu_56] Trial #91: GFLOPs: 156.5139. Time: 333.4083 us. Best GFLOPs: 293.6059
2024-05-21 05:38:27 [INFO] [task_scheduler.cc:131] [Task #59: fused_nn_contrib_conv2d_NCHWc_add_nn_relu_56] Trial #92: GFLOPs: 61.1420. Time: 853.4733 us. Best GFLOPs: 293.6059
2024-05-21 05:38:27 [INFO] [task_scheduler.cc:131] [Task #59: fused_nn_contrib_conv2d_NCHWc_add_nn_relu_56] Trial #93: GFLOPs: 195.7245. Time: 266.6148 us. Best GFLOPs: 293.6059
2024-05-21 05:38:27 [INFO] [task_scheduler.cc:131] [Task #59: fused_nn_contrib_conv2d_NCHWc_add_nn_relu_56] Trial #94: GFLOPs: 120.4671. Time: 433.1726 us. Best GFLOPs: 293.6059
2024-05-21 05:38:27 [INFO] [task_scheduler.cc:131] [Task #59: fused_nn_contrib_conv2d_NCHWc_add_nn_relu_56] Trial #95: GFLOPs: 179.9919. Time: 289.9189 us. Best GFLOPs: 293.6059
2024-05-21 05:38:27 [INFO] [task_scheduler.cc:131] [Task #59: fused_nn_contrib_conv2d_NCHWc_add_nn_relu_56] Trial #96: GFLOPs: 119.1019. Time: 438.1378 us. Best GFLOPs: 293.6059
2024-05-21 05:38:27 [INFO] [task_scheduler.cc:131] [Task #59: fused_nn_contrib_conv2d_NCHWc_add_nn_relu_56] Trial #97: GFLOPs: 202.9021. Time: 257.1834 us. Best GFLOPs: 293.6059
2024-05-21 05:38:27 [INFO] [task_scheduler.cc:131] [Task #59: fused_nn_contrib_conv2d_NCHWc_add_nn_relu_56] Trial #98: GFLOPs: 214.1297. Time: 243.6983 us. Best GFLOPs: 293.6059
2024-05-21 05:38:27 [INFO] [task_scheduler.cc:131] [Task #59: fused_nn_contrib_conv2d_NCHWc_add_nn_relu_56] Trial #99: GFLOPs: 157.0741. Time: 332.2193 us. Best GFLOPs: 293.6059
2024-05-21 05:38:27 [INFO] [task_scheduler.cc:131] [Task #59: fused_nn_contrib_conv2d_NCHWc_add_nn_relu_56] Trial #100: GFLOPs: 154.6456. Time: 337.4362 us. Best GFLOPs: 293.6059
2024-05-21 05:38:27 [INFO] [task_scheduler.cc:131] [Task #59: fused_nn_contrib_conv2d_NCHWc_add_nn_relu_56] Trial #101: GFLOPs: 190.2883. Time: 274.2314 us. Best GFLOPs: 293.6059
2024-05-21 05:38:27 [INFO] [task_scheduler.cc:131] [Task #59: fused_nn_contrib_conv2d_NCHWc_add_nn_relu_56] Trial #102: GFLOPs: 247.1133. Time: 211.1705 us. Best GFLOPs: 293.6059
2024-05-21 05:38:27 [INFO] [task_scheduler.cc:131] [Task #59: fused_nn_contrib_conv2d_NCHWc_add_nn_relu_56] Trial #103: GFLOPs: 238.7221. Time: 218.5932 us. Best GFLOPs: 293.6059
2024-05-21 05:38:27 [INFO] [task_scheduler.cc:131] [Task #59: fused_nn_contrib_conv2d_NCHWc_add_nn_relu_56] Trial #104: GFLOPs: 170.6598. Time: 305.7723 us. Best GFLOPs: 293.6059
2024-05-21 05:38:27 [INFO] [task_scheduler.cc:131] [Task #59: fused_nn_contrib_conv2d_NCHWc_add_nn_relu_56] Trial #105: GFLOPs: 124.1492. Time: 420.3253 us. Best GFLOPs: 293.6059
2024-05-21 05:38:27 [INFO] [task_scheduler.cc:131] [Task #59: fused_nn_contrib_conv2d_NCHWc_add_nn_relu_56] Trial #106: GFLOPs: 164.4050. Time: 317.4055 us. Best GFLOPs: 293.6059
2024-05-21 05:38:27 [INFO] [task_scheduler.cc:131] [Task #59: fused_nn_contrib_conv2d_NCHWc_add_nn_relu_56] Trial #107: GFLOPs: 133.1188. Time: 392.0034 us. Best GFLOPs: 293.6059
2024-05-21 05:38:27 [INFO] [task_scheduler.cc:131] [Task #59: fused_nn_contrib_conv2d_NCHWc_add_nn_relu_56] Trial #108: GFLOPs: 150.9179. Time: 345.7711 us. Best GFLOPs: 293.6059
2024-05-21 05:38:27 [INFO] [task_scheduler.cc:131] [Task #59: fused_nn_contrib_conv2d_NCHWc_add_nn_relu_56] Trial #109: GFLOPs: 135.4908. Time: 385.1409 us. Best GFLOPs: 293.6059
2024-05-21 05:38:27 [INFO] [task_scheduler.cc:131] [Task #59: fused_nn_contrib_conv2d_NCHWc_add_nn_relu_56] Trial #110: GFLOPs: 124.1849. Time: 420.2043 us. Best GFLOPs: 293.6059
2024-05-21 05:38:27 [INFO] [task_scheduler.cc:131] [Task #59: fused_nn_contrib_conv2d_NCHWc_add_nn_relu_56] Trial #111: GFLOPs: 90.8970. Time: 574.0901 us. Best GFLOPs: 293.6059
2024-05-21 05:38:27 [INFO] [task_scheduler.cc:131] [Task #59: fused_nn_contrib_conv2d_NCHWc_add_nn_relu_56] Trial #112: GFLOPs: 106.9474. Time: 487.9320 us. Best GFLOPs: 293.6059
2024-05-21 05:38:27 [INFO] [task_scheduler.cc:131] [Task #59: fused_nn_contrib_conv2d_NCHWc_add_nn_relu_56] Trial #113: GFLOPs: 132.3383. Time: 394.3154 us. Best GFLOPs: 293.6059
2024-05-21 05:38:27 [INFO] [task_scheduler.cc:131] [Task #59: fused_nn_contrib_conv2d_NCHWc_add_nn_relu_56] Trial #114: GFLOPs: 144.8701. Time: 360.2058 us. Best GFLOPs: 293.6059
2024-05-21 05:38:27 [INFO] [task_scheduler.cc:131] [Task #59: fused_nn_contrib_conv2d_NCHWc_add_nn_relu_56] Trial #115: GFLOPs: 115.1956. Time: 452.9950 us. Best GFLOPs: 293.6059
2024-05-21 05:38:27 [INFO] [task_scheduler.cc:131] [Task #59: fused_nn_contrib_conv2d_NCHWc_add_nn_relu_56] Trial #116: GFLOPs: 176.6717. Time: 295.3672 us. Best GFLOPs: 293.6059
2024-05-21 05:38:27 [INFO] [task_scheduler.cc:131] [Task #59: fused_nn_contrib_conv2d_NCHWc_add_nn_relu_56] Trial #117: GFLOPs: 179.8840. Time: 290.0928 us. Best GFLOPs: 293.6059
2024-05-21 05:38:27 [INFO] [task_scheduler.cc:131] [Task #59: fused_nn_contrib_conv2d_NCHWc_add_nn_relu_56] Trial #118: GFLOPs: 275.0363. Time: 189.7315 us. Best GFLOPs: 293.6059
2024-05-21 05:38:27 [INFO] [task_scheduler.cc:131] [Task #59: fused_nn_contrib_conv2d_NCHWc_add_nn_relu_56] Trial #119: GFLOPs: 258.1863. Time: 202.1139 us. Best GFLOPs: 293.6059
2024-05-21 05:38:27 [INFO] [task_scheduler.cc:131] [Task #59: fused_nn_contrib_conv2d_NCHWc_add_nn_relu_56] Trial #120: GFLOPs: 194.8839. Time: 267.7648 us. Best GFLOPs: 293.6059
2024-05-21 05:38:27 [INFO] [task_scheduler.cc:131] [Task #59: fused_nn_contrib_conv2d_NCHWc_add_nn_relu_56] Trial #121: GFLOPs: 214.2766. Time: 243.5312 us. Best GFLOPs: 293.6059
2024-05-21 05:38:27 [INFO] [task_scheduler.cc:131] [Task #59: fused_nn_contrib_conv2d_NCHWc_add_nn_relu_56] Trial #122: GFLOPs: 290.1838. Time: 179.8275 us. Best GFLOPs: 293.6059
2024-05-21 05:38:27 [INFO] [task_scheduler.cc:131] [Task #59: fused_nn_contrib_conv2d_NCHWc_add_nn_relu_56] Trial #123: GFLOPs: 133.2111. Time: 391.7319 us. Best GFLOPs: 293.6059
2024-05-21 05:38:27 [INFO] [task_scheduler.cc:131] [Task #59: fused_nn_contrib_conv2d_NCHWc_add_nn_relu_56] Trial #124: GFLOPs: 130.5648. Time: 399.6717 us. Best GFLOPs: 293.6059
2024-05-21 05:38:27 [INFO] [task_scheduler.cc:131] [Task #59: fused_nn_contrib_conv2d_NCHWc_add_nn_relu_56] Trial #125: GFLOPs: 106.9481. Time: 487.9286 us. Best GFLOPs: 293.6059
2024-05-21 05:38:27 [INFO] [task_scheduler.cc:131] [Task #59: fused_nn_contrib_conv2d_NCHWc_add_nn_relu_56] Trial #126: GFLOPs: 41.3791. Time: 1261.0957 us. Best GFLOPs: 293.6059
2024-05-21 05:38:27 [INFO] [task_scheduler.cc:131] [Task #59: fused_nn_contrib_conv2d_NCHWc_add_nn_relu_56] Trial #127: GFLOPs: 9.6437. Time: 5411.0895 us. Best GFLOPs: 293.6059
2024-05-21 05:38:27 [INFO] [task_scheduler.cc:131] [Task #59: fused_nn_contrib_conv2d_NCHWc_add_nn_relu_56] Trial #128: GFLOPs: 61.3361. Time: 850.7715 us. Best GFLOPs: 293.6059
