2024-05-21 02:46:39 [INFO] [task_scheduler.cc:160] Initializing Task #36: "fused_nn_contrib_conv2d_NCHWc_add_nn_relu_35"
2024-05-21 02:46:39 [INFO] [task_scheduler.cc:35] 
# from tvm.script import ir as I
# from tvm.script import tir as T

@I.ir_module
class Module:
    @T.prim_func
    def main(p0: T.Buffer((T.int64(1), T.int64(48), T.int64(14), T.int64(14), T.int64(8)), "float32"), p1: T.Buffer((T.int64(16), T.int64(48), T.int64(1), T.int64(1), T.int64(8), T.int64(8)), "float32"), p2: T.Buffer((T.int64(1), T.int64(16), T.int64(1), T.int64(1), T.int64(8)), "float32"), T_relu: T.Buffer((T.int64(1), T.int64(16), T.int64(14), T.int64(14), T.int64(8)), "float32")):
        T.func_attr({"tir.noalias": T.bool(True)})
        # with T.block("root"):
        conv2d_NCHWc = T.alloc_buffer((T.int64(1), T.int64(16), T.int64(14), T.int64(14), T.int64(8)))
        T_add = T.alloc_buffer((T.int64(1), T.int64(16), T.int64(14), T.int64(14), T.int64(8)))
        for n, oc_chunk, oh, ow, oc_block, ic, kh, kw in T.grid(T.int64(1), T.int64(16), T.int64(14), T.int64(14), T.int64(8), T.int64(384), T.int64(1), T.int64(1)):
            with T.block("conv2d_NCHWc"):
                v_n, v_oc_chunk, v_oh, v_ow, v_oc_block, v_ic, v_kh, v_kw = T.axis.remap("SSSSSRRR", [n, oc_chunk, oh, ow, oc_block, ic, kh, kw])
                T.reads(p0[v_n, v_ic // T.int64(8), v_oh + v_kh, v_ow + v_kw, v_ic % T.int64(8)], p1[v_oc_chunk, v_ic // T.int64(8), v_kh, v_kw, v_ic % T.int64(8), v_oc_block])
                T.writes(conv2d_NCHWc[v_n, v_oc_chunk, v_oh, v_ow, v_oc_block])
                with T.init():
                    conv2d_NCHWc[v_n, v_oc_chunk, v_oh, v_ow, v_oc_block] = T.float32(0)
                conv2d_NCHWc[v_n, v_oc_chunk, v_oh, v_ow, v_oc_block] = conv2d_NCHWc[v_n, v_oc_chunk, v_oh, v_ow, v_oc_block] + p0[v_n, v_ic // T.int64(8), v_oh + v_kh, v_ow + v_kw, v_ic % T.int64(8)] * p1[v_oc_chunk, v_ic // T.int64(8), v_kh, v_kw, v_ic % T.int64(8), v_oc_block]
        for ax0, ax1, ax2, ax3, ax4 in T.grid(T.int64(1), T.int64(16), T.int64(14), T.int64(14), T.int64(8)):
            with T.block("T_add"):
                v_ax0, v_ax1, v_ax2, v_ax3, v_ax4 = T.axis.remap("SSSSS", [ax0, ax1, ax2, ax3, ax4])
                T.reads(conv2d_NCHWc[v_ax0, v_ax1, v_ax2, v_ax3, v_ax4], p2[v_ax0, v_ax1, T.int64(0), T.int64(0), v_ax4])
                T.writes(T_add[v_ax0, v_ax1, v_ax2, v_ax3, v_ax4])
                T_add[v_ax0, v_ax1, v_ax2, v_ax3, v_ax4] = conv2d_NCHWc[v_ax0, v_ax1, v_ax2, v_ax3, v_ax4] + p2[v_ax0, v_ax1, T.int64(0), T.int64(0), v_ax4]
        for ax0, ax1, ax2, ax3, ax4 in T.grid(T.int64(1), T.int64(16), T.int64(14), T.int64(14), T.int64(8)):
            with T.block("T_relu"):
                v_ax0, v_ax1, v_ax2, v_ax3, v_ax4 = T.axis.remap("SSSSS", [ax0, ax1, ax2, ax3, ax4])
                T.reads(T_add[v_ax0, v_ax1, v_ax2, v_ax3, v_ax4])
                T.writes(T_relu[v_ax0, v_ax1, v_ax2, v_ax3, v_ax4])
                T_relu[v_ax0, v_ax1, v_ax2, v_ax3, v_ax4] = T.max(T_add[v_ax0, v_ax1, v_ax2, v_ax3, v_ax4], T.float32(0))
2024-05-21 02:46:39 [INFO] [task_scheduler.cc:164] Total 3 design space(s) generated
2024-05-21 02:46:39 [INFO] [task_scheduler.cc:170] Design space #0:
# from tvm.script import ir as I
# from tvm.script import tir as T

@I.ir_module
class Module:
    @T.prim_func
    def main(p0: T.Buffer((T.int64(1), T.int64(48), T.int64(14), T.int64(14), T.int64(8)), "float32"), p1: T.Buffer((T.int64(16), T.int64(48), T.int64(1), T.int64(1), T.int64(8), T.int64(8)), "float32"), p2: T.Buffer((T.int64(1), T.int64(16), T.int64(1), T.int64(1), T.int64(8)), "float32"), T_relu: T.Buffer((T.int64(1), T.int64(16), T.int64(14), T.int64(14), T.int64(8)), "float32")):
        T.func_attr({"tir.noalias": T.bool(True)})
        with T.block("root"):
            T.reads()
            T.writes()
            T.block_attr({"meta_schedule.parallel": 96, "meta_schedule.unroll_explicit": 16, "meta_schedule.vectorize": 64})
            conv2d_NCHWc = T.alloc_buffer((T.int64(1), T.int64(16), T.int64(14), T.int64(14), T.int64(8)))
            for n_0, oc_chunk_0, oh_0, ow_0, oc_block_0, n_1, oc_chunk_1, oh_1, ow_1, oc_block_1, ic_0, kh_0, kw_0, n_2, oc_chunk_2, oh_2, ow_2, oc_block_2, ic_1, kh_1, kw_1, n_3, oc_chunk_3, oh_3, ow_3, oc_block_3 in T.grid(T.int64(1), T.int64(1), T.int64(14), T.int64(1), T.int64(1), T.int64(1), T.int64(2), T.int64(1), T.int64(7), T.int64(8), T.int64(96), T.int64(1), T.int64(1), T.int64(1), T.int64(1), T.int64(1), T.int64(2), T.int64(1), T.int64(4), T.int64(1), T.int64(1), T.int64(1), T.int64(8), T.int64(1), T.int64(1), T.int64(1)):
                with T.block("conv2d_NCHWc"):
                    v_n = T.axis.spatial(T.int64(1), n_0 + n_1 + n_2 + n_3)
                    v_oc_chunk = T.axis.spatial(T.int64(16), oc_chunk_0 * T.int64(16) + oc_chunk_1 * T.int64(8) + oc_chunk_2 * T.int64(8) + oc_chunk_3)
                    v_oh = T.axis.spatial(T.int64(14), oh_0 + oh_1 + oh_2 + oh_3)
                    v_ow = T.axis.spatial(T.int64(14), ow_0 * T.int64(14) + ow_1 * T.int64(2) + ow_2 + ow_3)
                    v_oc_block = T.axis.spatial(T.int64(8), oc_block_0 * T.int64(8) + oc_block_1 + oc_block_2 + oc_block_3)
                    v_ic = T.axis.reduce(T.int64(384), ic_0 * T.int64(4) + ic_1)
                    v_kh = T.axis.reduce(T.int64(1), kh_0 + kh_1)
                    v_kw = T.axis.reduce(T.int64(1), kw_0 + kw_1)
                    T.reads(p0[v_n, v_ic // T.int64(8), v_oh + v_kh, v_ow + v_kw, v_ic % T.int64(8)], p1[v_oc_chunk, v_ic // T.int64(8), v_kh, v_kw, v_ic % T.int64(8), v_oc_block])
                    T.writes(conv2d_NCHWc[v_n, v_oc_chunk, v_oh, v_ow, v_oc_block])
                    T.block_attr({"meta_schedule.tiling_structure": "SSRSRS"})
                    with T.init():
                        conv2d_NCHWc[v_n, v_oc_chunk, v_oh, v_ow, v_oc_block] = T.float32(0)
                    conv2d_NCHWc[v_n, v_oc_chunk, v_oh, v_ow, v_oc_block] = conv2d_NCHWc[v_n, v_oc_chunk, v_oh, v_ow, v_oc_block] + p0[v_n, v_ic // T.int64(8), v_oh + v_kh, v_ow + v_kw, v_ic % T.int64(8)] * p1[v_oc_chunk, v_ic // T.int64(8), v_kh, v_kw, v_ic % T.int64(8), v_oc_block]
            for ax0, ax1, ax2, ax3, ax4 in T.grid(T.int64(1), T.int64(16), T.int64(14), T.int64(14), T.int64(8)):
                with T.block("T_relu"):
                    v_ax0, v_ax1, v_ax2, v_ax3, v_ax4 = T.axis.remap("SSSSS", [ax0, ax1, ax2, ax3, ax4])
                    T.reads(conv2d_NCHWc[v_ax0, v_ax1, v_ax2, v_ax3, v_ax4], p2[v_ax0, v_ax1, T.int64(0), T.int64(0), v_ax4])
                    T.writes(T_relu[v_ax0, v_ax1, v_ax2, v_ax3, v_ax4])
                    T_relu[v_ax0, v_ax1, v_ax2, v_ax3, v_ax4] = T.max(conv2d_NCHWc[v_ax0, v_ax1, v_ax2, v_ax3, v_ax4] + p2[v_ax0, v_ax1, T.int64(0), T.int64(0), v_ax4], T.float32(0))
b0 = sch.get_block(name="conv2d_NCHWc", func_name="main")
b1 = sch.get_block(name="T_add", func_name="main")
b2 = sch.get_block(name="root", func_name="main")
sch.compute_inline(block=b1)
sch.annotate(block_or_loop=b0, ann_key="meta_schedule.tiling_structure", ann_val="SSRSRS")
l3, l4, l5, l6, l7, l8, l9, l10 = sch.get_loops(block=b0)
v11, v12, v13, v14 = sch.sample_perfect_tile(loop=l3, n=4, max_innermost_factor=64, decision=[1, 1, 1, 1])
l15, l16, l17, l18 = sch.split(loop=l3, factors=[v11, v12, v13, v14], preserve_unit_iters=True, disable_predication=False)
v19, v20, v21, v22 = sch.sample_perfect_tile(loop=l4, n=4, max_innermost_factor=64, decision=[1, 2, 1, 8])
l23, l24, l25, l26 = sch.split(loop=l4, factors=[v19, v20, v21, v22], preserve_unit_iters=True, disable_predication=False)
v27, v28, v29, v30 = sch.sample_perfect_tile(loop=l5, n=4, max_innermost_factor=64, decision=[14, 1, 1, 1])
l31, l32, l33, l34 = sch.split(loop=l5, factors=[v27, v28, v29, v30], preserve_unit_iters=True, disable_predication=False)
v35, v36, v37, v38 = sch.sample_perfect_tile(loop=l6, n=4, max_innermost_factor=64, decision=[1, 7, 2, 1])
l39, l40, l41, l42 = sch.split(loop=l6, factors=[v35, v36, v37, v38], preserve_unit_iters=True, disable_predication=False)
v43, v44, v45, v46 = sch.sample_perfect_tile(loop=l7, n=4, max_innermost_factor=64, decision=[1, 8, 1, 1])
l47, l48, l49, l50 = sch.split(loop=l7, factors=[v43, v44, v45, v46], preserve_unit_iters=True, disable_predication=False)
v51, v52 = sch.sample_perfect_tile(loop=l8, n=2, max_innermost_factor=64, decision=[96, 4])
l53, l54 = sch.split(loop=l8, factors=[v51, v52], preserve_unit_iters=True, disable_predication=False)
v55, v56 = sch.sample_perfect_tile(loop=l9, n=2, max_innermost_factor=64, decision=[1, 1])
l57, l58 = sch.split(loop=l9, factors=[v55, v56], preserve_unit_iters=True, disable_predication=False)
v59, v60 = sch.sample_perfect_tile(loop=l10, n=2, max_innermost_factor=64, decision=[1, 1])
l61, l62 = sch.split(loop=l10, factors=[v59, v60], preserve_unit_iters=True, disable_predication=False)
sch.reorder(l15, l23, l31, l39, l47, l16, l24, l32, l40, l48, l53, l57, l61, l17, l25, l33, l41, l49, l54, l58, l62, l18, l26, l34, l42, l50)
sch.annotate(block_or_loop=b2, ann_key="meta_schedule.parallel", ann_val=96)
sch.annotate(block_or_loop=b2, ann_key="meta_schedule.vectorize", ann_val=64)
v63 = sch.sample_categorical(candidates=[0, 16, 64, 512], probs=[0.25, 0.25, 0.25, 0.25], decision=1)
sch.annotate(block_or_loop=b2, ann_key="meta_schedule.unroll_explicit", ann_val=v63)
2024-05-21 02:46:39 [INFO] [task_scheduler.cc:170] Design space #1:
# from tvm.script import ir as I
# from tvm.script import tir as T

@I.ir_module
class Module:
    @T.prim_func
    def main(p0: T.Buffer((T.int64(1), T.int64(48), T.int64(14), T.int64(14), T.int64(8)), "float32"), p1: T.Buffer((T.int64(16), T.int64(48), T.int64(1), T.int64(1), T.int64(8), T.int64(8)), "float32"), p2: T.Buffer((T.int64(1), T.int64(16), T.int64(1), T.int64(1), T.int64(8)), "float32"), T_relu: T.Buffer((T.int64(1), T.int64(16), T.int64(14), T.int64(14), T.int64(8)), "float32")):
        T.func_attr({"tir.noalias": T.bool(True)})
        with T.block("root"):
            T.reads()
            T.writes()
            T.block_attr({"meta_schedule.parallel": 96, "meta_schedule.unroll_explicit": 64, "meta_schedule.vectorize": 64})
            conv2d_NCHWc = T.alloc_buffer((T.int64(1), T.int64(16), T.int64(14), T.int64(14), T.int64(8)))
            for n_0, oc_chunk_0, oh_0, ow_0, oc_block_0, n_1, oc_chunk_1, oh_1, ow_1, oc_block_1 in T.grid(T.int64(1), T.int64(1), T.int64(14), T.int64(1), T.int64(1), T.int64(1), T.int64(2), T.int64(1), T.int64(7), T.int64(8)):
                for ic_0, kh_0, kw_0, n_2, oc_chunk_2, oh_2, ow_2, oc_block_2, ic_1, kh_1, kw_1, n_3, oc_chunk_3, oh_3, ow_3, oc_block_3 in T.grid(T.int64(96), T.int64(1), T.int64(1), T.int64(1), T.int64(1), T.int64(1), T.int64(2), T.int64(1), T.int64(4), T.int64(1), T.int64(1), T.int64(1), T.int64(8), T.int64(1), T.int64(1), T.int64(1)):
                    with T.block("conv2d_NCHWc"):
                        v_n = T.axis.spatial(T.int64(1), n_0 + n_1 + n_2 + n_3)
                        v_oc_chunk = T.axis.spatial(T.int64(16), oc_chunk_0 * T.int64(16) + oc_chunk_1 * T.int64(8) + oc_chunk_2 * T.int64(8) + oc_chunk_3)
                        v_oh = T.axis.spatial(T.int64(14), oh_0 + oh_1 + oh_2 + oh_3)
                        v_ow = T.axis.spatial(T.int64(14), ow_0 * T.int64(14) + ow_1 * T.int64(2) + ow_2 + ow_3)
                        v_oc_block = T.axis.spatial(T.int64(8), oc_block_0 * T.int64(8) + oc_block_1 + oc_block_2 + oc_block_3)
                        v_ic = T.axis.reduce(T.int64(384), ic_0 * T.int64(4) + ic_1)
                        v_kh = T.axis.reduce(T.int64(1), kh_0 + kh_1)
                        v_kw = T.axis.reduce(T.int64(1), kw_0 + kw_1)
                        T.reads(p0[v_n, v_ic // T.int64(8), v_oh + v_kh, v_ow + v_kw, v_ic % T.int64(8)], p1[v_oc_chunk, v_ic // T.int64(8), v_kh, v_kw, v_ic % T.int64(8), v_oc_block])
                        T.writes(conv2d_NCHWc[v_n, v_oc_chunk, v_oh, v_ow, v_oc_block])
                        T.block_attr({"meta_schedule.tiling_structure": "SSRSRS"})
                        with T.init():
                            conv2d_NCHWc[v_n, v_oc_chunk, v_oh, v_ow, v_oc_block] = T.float32(0)
                        conv2d_NCHWc[v_n, v_oc_chunk, v_oh, v_ow, v_oc_block] = conv2d_NCHWc[v_n, v_oc_chunk, v_oh, v_ow, v_oc_block] + p0[v_n, v_ic // T.int64(8), v_oh + v_kh, v_ow + v_kw, v_ic % T.int64(8)] * p1[v_oc_chunk, v_ic // T.int64(8), v_kh, v_kw, v_ic % T.int64(8), v_oc_block]
                for ax0, ax1, ax2, ax3, ax4 in T.grid(T.int64(1), T.int64(8), T.int64(1), T.int64(2), T.int64(1)):
                    with T.block("T_relu"):
                        v_ax0 = T.axis.spatial(T.int64(1), ax0)
                        v_ax1 = T.axis.spatial(T.int64(16), oc_chunk_1 * T.int64(8) + ax1)
                        v_ax2 = T.axis.spatial(T.int64(14), oh_0 + ax2)
                        v_ax3 = T.axis.spatial(T.int64(14), ow_1 * T.int64(2) + ax3)
                        v_ax4 = T.axis.spatial(T.int64(8), oc_block_1 + ax4)
                        T.reads(conv2d_NCHWc[v_ax0, v_ax1, v_ax2, v_ax3, v_ax4], p2[v_ax0, v_ax1, T.int64(0), T.int64(0), v_ax4])
                        T.writes(T_relu[v_ax0, v_ax1, v_ax2, v_ax3, v_ax4])
                        T_relu[v_ax0, v_ax1, v_ax2, v_ax3, v_ax4] = T.max(conv2d_NCHWc[v_ax0, v_ax1, v_ax2, v_ax3, v_ax4] + p2[v_ax0, v_ax1, T.int64(0), T.int64(0), v_ax4], T.float32(0))
b0 = sch.get_block(name="conv2d_NCHWc", func_name="main")
b1 = sch.get_block(name="T_add", func_name="main")
b2 = sch.get_block(name="root", func_name="main")
sch.compute_inline(block=b1)
sch.annotate(block_or_loop=b0, ann_key="meta_schedule.tiling_structure", ann_val="SSRSRS")
l3, l4, l5, l6, l7, l8, l9, l10 = sch.get_loops(block=b0)
v11, v12, v13, v14 = sch.sample_perfect_tile(loop=l3, n=4, max_innermost_factor=64, decision=[1, 1, 1, 1])
l15, l16, l17, l18 = sch.split(loop=l3, factors=[v11, v12, v13, v14], preserve_unit_iters=True, disable_predication=False)
v19, v20, v21, v22 = sch.sample_perfect_tile(loop=l4, n=4, max_innermost_factor=64, decision=[1, 2, 1, 8])
l23, l24, l25, l26 = sch.split(loop=l4, factors=[v19, v20, v21, v22], preserve_unit_iters=True, disable_predication=False)
v27, v28, v29, v30 = sch.sample_perfect_tile(loop=l5, n=4, max_innermost_factor=64, decision=[14, 1, 1, 1])
l31, l32, l33, l34 = sch.split(loop=l5, factors=[v27, v28, v29, v30], preserve_unit_iters=True, disable_predication=False)
v35, v36, v37, v38 = sch.sample_perfect_tile(loop=l6, n=4, max_innermost_factor=64, decision=[1, 7, 2, 1])
l39, l40, l41, l42 = sch.split(loop=l6, factors=[v35, v36, v37, v38], preserve_unit_iters=True, disable_predication=False)
v43, v44, v45, v46 = sch.sample_perfect_tile(loop=l7, n=4, max_innermost_factor=64, decision=[1, 8, 1, 1])
l47, l48, l49, l50 = sch.split(loop=l7, factors=[v43, v44, v45, v46], preserve_unit_iters=True, disable_predication=False)
v51, v52 = sch.sample_perfect_tile(loop=l8, n=2, max_innermost_factor=64, decision=[96, 4])
l53, l54 = sch.split(loop=l8, factors=[v51, v52], preserve_unit_iters=True, disable_predication=False)
v55, v56 = sch.sample_perfect_tile(loop=l9, n=2, max_innermost_factor=64, decision=[1, 1])
l57, l58 = sch.split(loop=l9, factors=[v55, v56], preserve_unit_iters=True, disable_predication=False)
v59, v60 = sch.sample_perfect_tile(loop=l10, n=2, max_innermost_factor=64, decision=[1, 1])
l61, l62 = sch.split(loop=l10, factors=[v59, v60], preserve_unit_iters=True, disable_predication=False)
sch.reorder(l15, l23, l31, l39, l47, l16, l24, l32, l40, l48, l53, l57, l61, l17, l25, l33, l41, l49, l54, l58, l62, l18, l26, l34, l42, l50)
b63, = sch.get_consumers(block=b0)
sch.reverse_compute_at(block=b63, loop=l48, preserve_unit_loops=True, index=-1)
sch.annotate(block_or_loop=b2, ann_key="meta_schedule.parallel", ann_val=96)
sch.annotate(block_or_loop=b2, ann_key="meta_schedule.vectorize", ann_val=64)
v64 = sch.sample_categorical(candidates=[0, 16, 64, 512], probs=[0.25, 0.25, 0.25, 0.25], decision=2)
sch.annotate(block_or_loop=b2, ann_key="meta_schedule.unroll_explicit", ann_val=v64)
2024-05-21 02:46:39 [INFO] [task_scheduler.cc:170] Design space #2:
# from tvm.script import ir as I
# from tvm.script import tir as T

@I.ir_module
class Module:
    @T.prim_func
    def main(p0: T.Buffer((T.int64(1), T.int64(48), T.int64(14), T.int64(14), T.int64(8)), "float32"), p1: T.Buffer((T.int64(16), T.int64(48), T.int64(1), T.int64(1), T.int64(8), T.int64(8)), "float32"), p2: T.Buffer((T.int64(1), T.int64(16), T.int64(1), T.int64(1), T.int64(8)), "float32"), T_relu: T.Buffer((T.int64(1), T.int64(16), T.int64(14), T.int64(14), T.int64(8)), "float32")):
        T.func_attr({"tir.noalias": T.bool(True)})
        with T.block("root"):
            T.reads()
            T.writes()
            T.block_attr({"meta_schedule.parallel": 96, "meta_schedule.unroll_explicit": 16, "meta_schedule.vectorize": 64})
            conv2d_NCHWc = T.alloc_buffer((T.int64(1), T.int64(16), T.int64(14), T.int64(14), T.int64(8)))
            for n_0, oc_chunk_0, oh_0, ow_0, oc_block_0 in T.grid(T.int64(1), T.int64(1), T.int64(14), T.int64(1), T.int64(1)):
                for n_1, oc_chunk_1, oh_1, ow_1, oc_block_1, ic_0, kh_0, kw_0, n_2, oc_chunk_2, oh_2, ow_2, oc_block_2, ic_1, kh_1, kw_1, n_3, oc_chunk_3, oh_3, ow_3, oc_block_3 in T.grid(T.int64(1), T.int64(2), T.int64(1), T.int64(7), T.int64(8), T.int64(96), T.int64(1), T.int64(1), T.int64(1), T.int64(1), T.int64(1), T.int64(2), T.int64(1), T.int64(4), T.int64(1), T.int64(1), T.int64(1), T.int64(8), T.int64(1), T.int64(1), T.int64(1)):
                    with T.block("conv2d_NCHWc"):
                        v_n = T.axis.spatial(T.int64(1), n_0 + n_1 + n_2 + n_3)
                        v_oc_chunk = T.axis.spatial(T.int64(16), oc_chunk_0 * T.int64(16) + oc_chunk_1 * T.int64(8) + oc_chunk_2 * T.int64(8) + oc_chunk_3)
                        v_oh = T.axis.spatial(T.int64(14), oh_0 + oh_1 + oh_2 + oh_3)
                        v_ow = T.axis.spatial(T.int64(14), ow_0 * T.int64(14) + ow_1 * T.int64(2) + ow_2 + ow_3)
                        v_oc_block = T.axis.spatial(T.int64(8), oc_block_0 * T.int64(8) + oc_block_1 + oc_block_2 + oc_block_3)
                        v_ic = T.axis.reduce(T.int64(384), ic_0 * T.int64(4) + ic_1)
                        v_kh = T.axis.reduce(T.int64(1), kh_0 + kh_1)
                        v_kw = T.axis.reduce(T.int64(1), kw_0 + kw_1)
                        T.reads(p0[v_n, v_ic // T.int64(8), v_oh + v_kh, v_ow + v_kw, v_ic % T.int64(8)], p1[v_oc_chunk, v_ic // T.int64(8), v_kh, v_kw, v_ic % T.int64(8), v_oc_block])
                        T.writes(conv2d_NCHWc[v_n, v_oc_chunk, v_oh, v_ow, v_oc_block])
                        T.block_attr({"meta_schedule.tiling_structure": "SSRSRS"})
                        with T.init():
                            conv2d_NCHWc[v_n, v_oc_chunk, v_oh, v_ow, v_oc_block] = T.float32(0)
                        conv2d_NCHWc[v_n, v_oc_chunk, v_oh, v_ow, v_oc_block] = conv2d_NCHWc[v_n, v_oc_chunk, v_oh, v_ow, v_oc_block] + p0[v_n, v_ic // T.int64(8), v_oh + v_kh, v_ow + v_kw, v_ic % T.int64(8)] * p1[v_oc_chunk, v_ic // T.int64(8), v_kh, v_kw, v_ic % T.int64(8), v_oc_block]
                for ax0, ax1, ax2, ax3, ax4 in T.grid(T.int64(1), T.int64(16), T.int64(1), T.int64(14), T.int64(8)):
                    with T.block("T_relu"):
                        v_ax0, v_ax1 = T.axis.remap("SS", [ax0, ax1])
                        v_ax2 = T.axis.spatial(T.int64(14), oh_0 + ax2)
                        v_ax3, v_ax4 = T.axis.remap("SS", [ax3, ax4])
                        T.reads(conv2d_NCHWc[v_ax0, v_ax1, v_ax2, v_ax3, v_ax4], p2[v_ax0, v_ax1, T.int64(0), T.int64(0), v_ax4])
                        T.writes(T_relu[v_ax0, v_ax1, v_ax2, v_ax3, v_ax4])
                        T_relu[v_ax0, v_ax1, v_ax2, v_ax3, v_ax4] = T.max(conv2d_NCHWc[v_ax0, v_ax1, v_ax2, v_ax3, v_ax4] + p2[v_ax0, v_ax1, T.int64(0), T.int64(0), v_ax4], T.float32(0))
b0 = sch.get_block(name="conv2d_NCHWc", func_name="main")
b1 = sch.get_block(name="T_add", func_name="main")
b2 = sch.get_block(name="root", func_name="main")
sch.compute_inline(block=b1)
sch.annotate(block_or_loop=b0, ann_key="meta_schedule.tiling_structure", ann_val="SSRSRS")
l3, l4, l5, l6, l7, l8, l9, l10 = sch.get_loops(block=b0)
v11, v12, v13, v14 = sch.sample_perfect_tile(loop=l3, n=4, max_innermost_factor=64, decision=[1, 1, 1, 1])
l15, l16, l17, l18 = sch.split(loop=l3, factors=[v11, v12, v13, v14], preserve_unit_iters=True, disable_predication=False)
v19, v20, v21, v22 = sch.sample_perfect_tile(loop=l4, n=4, max_innermost_factor=64, decision=[1, 2, 1, 8])
l23, l24, l25, l26 = sch.split(loop=l4, factors=[v19, v20, v21, v22], preserve_unit_iters=True, disable_predication=False)
v27, v28, v29, v30 = sch.sample_perfect_tile(loop=l5, n=4, max_innermost_factor=64, decision=[14, 1, 1, 1])
l31, l32, l33, l34 = sch.split(loop=l5, factors=[v27, v28, v29, v30], preserve_unit_iters=True, disable_predication=False)
v35, v36, v37, v38 = sch.sample_perfect_tile(loop=l6, n=4, max_innermost_factor=64, decision=[1, 7, 2, 1])
l39, l40, l41, l42 = sch.split(loop=l6, factors=[v35, v36, v37, v38], preserve_unit_iters=True, disable_predication=False)
v43, v44, v45, v46 = sch.sample_perfect_tile(loop=l7, n=4, max_innermost_factor=64, decision=[1, 8, 1, 1])
l47, l48, l49, l50 = sch.split(loop=l7, factors=[v43, v44, v45, v46], preserve_unit_iters=True, disable_predication=False)
v51, v52 = sch.sample_perfect_tile(loop=l8, n=2, max_innermost_factor=64, decision=[96, 4])
l53, l54 = sch.split(loop=l8, factors=[v51, v52], preserve_unit_iters=True, disable_predication=False)
v55, v56 = sch.sample_perfect_tile(loop=l9, n=2, max_innermost_factor=64, decision=[1, 1])
l57, l58 = sch.split(loop=l9, factors=[v55, v56], preserve_unit_iters=True, disable_predication=False)
v59, v60 = sch.sample_perfect_tile(loop=l10, n=2, max_innermost_factor=64, decision=[1, 1])
l61, l62 = sch.split(loop=l10, factors=[v59, v60], preserve_unit_iters=True, disable_predication=False)
sch.reorder(l15, l23, l31, l39, l47, l16, l24, l32, l40, l48, l53, l57, l61, l17, l25, l33, l41, l49, l54, l58, l62, l18, l26, l34, l42, l50)
b63, = sch.get_consumers(block=b0)
sch.reverse_compute_at(block=b63, loop=l47, preserve_unit_loops=True, index=-1)
sch.annotate(block_or_loop=b2, ann_key="meta_schedule.parallel", ann_val=96)
sch.annotate(block_or_loop=b2, ann_key="meta_schedule.vectorize", ann_val=64)
v64 = sch.sample_categorical(candidates=[0, 16, 64, 512], probs=[0.25, 0.25, 0.25, 0.25], decision=1)
sch.annotate(block_or_loop=b2, ann_key="meta_schedule.unroll_explicit", ann_val=v64)
2024-05-21 03:46:20 [INFO] [evolutionary_search.cc:713] Generating candidates......
2024-05-21 03:46:20 [INFO] [evolutionary_search.cc:715] Picked top 0 candidate(s) from database
2024-05-21 03:46:21 [INFO] [evolutionary_search.cc:533] Sample-Init-Population summary:
Postproc #0 [meta_schedule.DisallowDynamicLoop(0x1aa23618)]: 0 failure(s)
Postproc #1 [meta_schedule.RewriteParallelVectorizeUnroll(0x163025d8)]: 0 failure(s)
Postproc #2 [meta_schedule.RewriteReductionBlock(0x228b9548)]: 0 failure(s)
Postproc #3 [meta_schedule.RewriteLayout(0x1934c198)]: 0 failure(s)
2024-05-21 03:46:21 [INFO] [evolutionary_search.cc:723] Sampled 512 candidate(s)
2024-05-21 03:46:22 [INFO] [evolutionary_search.cc:621] Evolve iter #0 done. Summary:
Postproc #0 [meta_schedule.DisallowDynamicLoop(0x1aa23618)]: 0 failure(s)
Postproc #1 [meta_schedule.RewriteParallelVectorizeUnroll(0x163025d8)]: 0 failure(s)
Postproc #2 [meta_schedule.RewriteReductionBlock(0x228b9548)]: 0 failure(s)
Postproc #3 [meta_schedule.RewriteLayout(0x1934c198)]: 0 failure(s)
2024-05-21 03:46:23 [INFO] [evolutionary_search.cc:621] Evolve iter #1 done. Summary:
Postproc #0 [meta_schedule.DisallowDynamicLoop(0x1aa23618)]: 0 failure(s)
Postproc #1 [meta_schedule.RewriteParallelVectorizeUnroll(0x163025d8)]: 0 failure(s)
Postproc #2 [meta_schedule.RewriteReductionBlock(0x228b9548)]: 0 failure(s)
Postproc #3 [meta_schedule.RewriteLayout(0x1934c198)]: 0 failure(s)
2024-05-21 03:46:24 [INFO] [evolutionary_search.cc:621] Evolve iter #2 done. Summary:
Postproc #0 [meta_schedule.DisallowDynamicLoop(0x1aa23618)]: 0 failure(s)
Postproc #1 [meta_schedule.RewriteParallelVectorizeUnroll(0x163025d8)]: 0 failure(s)
Postproc #2 [meta_schedule.RewriteReductionBlock(0x228b9548)]: 0 failure(s)
Postproc #3 [meta_schedule.RewriteLayout(0x1934c198)]: 0 failure(s)
2024-05-21 03:46:25 [INFO] [evolutionary_search.cc:621] Evolve iter #3 done. Summary:
Postproc #0 [meta_schedule.DisallowDynamicLoop(0x1aa23618)]: 0 failure(s)
Postproc #1 [meta_schedule.RewriteParallelVectorizeUnroll(0x163025d8)]: 0 failure(s)
Postproc #2 [meta_schedule.RewriteReductionBlock(0x228b9548)]: 0 failure(s)
Postproc #3 [meta_schedule.RewriteLayout(0x1934c198)]: 0 failure(s)
2024-05-21 03:46:25 [INFO] [evolutionary_search.cc:649] Scores of the best 64 candidates:
[1 : 16]:	0.9999  0.9998  0.9995  0.9990  0.9989  0.9988  0.9982  0.9973  0.9971  0.9956  0.9955  0.9955  0.9948  0.9947  0.9936  0.9933
[17 : 32]:	0.9927  0.9914  0.9912  0.9911  0.9901  0.9887  0.9886  0.9877  0.9876  0.9874  0.9872  0.9869  0.9863  0.9859  0.9857  0.9852
[33 : 48]:	0.9836  0.9824  0.9823  0.9821  0.9813  0.9808  0.9802  0.9799  0.9798  0.9791  0.9788  0.9783  0.9780  0.9774  0.9774  0.9772
[49 : 64]:	0.9771  0.9770  0.9769  0.9760  0.9752  0.9739  0.9733  0.9730  0.9725  0.9721  0.9711  0.9710  0.9710  0.9706  0.9706  0.9705
2024-05-21 03:46:25 [INFO] [evolutionary_search.cc:727] Got 64 candidate(s) with evolutionary search
2024-05-21 03:46:25 [INFO] [evolutionary_search.cc:730] Sending 64 candidates(s) for measurement
2024-05-21 04:46:39 [INFO] [task_scheduler.cc:131] [Task #36: fused_nn_contrib_conv2d_NCHWc_add_nn_relu_35] Trial #1: GFLOPs: 17.7007. Time: 1091.3576 us. Best GFLOPs: 17.7007
2024-05-21 04:46:39 [INFO] [task_scheduler.cc:131] [Task #36: fused_nn_contrib_conv2d_NCHWc_add_nn_relu_35] Trial #2: GFLOPs: 74.5232. Time: 259.2182 us. Best GFLOPs: 74.5232
2024-05-21 04:46:39 [INFO] [task_scheduler.cc:131] [Task #36: fused_nn_contrib_conv2d_NCHWc_add_nn_relu_35] Trial #3: GFLOPs: 19.5291. Time: 989.1765 us. Best GFLOPs: 74.5232
2024-05-21 04:46:39 [INFO] [task_scheduler.cc:131] [Task #36: fused_nn_contrib_conv2d_NCHWc_add_nn_relu_35] Trial #4: GFLOPs: 88.7096. Time: 217.7641 us. Best GFLOPs: 88.7096
2024-05-21 04:46:39 [INFO] [task_scheduler.cc:131] [Task #36: fused_nn_contrib_conv2d_NCHWc_add_nn_relu_35] Trial #5: GFLOPs: 18.0092. Time: 1072.6616 us. Best GFLOPs: 88.7096
2024-05-21 04:46:39 [INFO] [task_scheduler.cc:131] [Task #36: fused_nn_contrib_conv2d_NCHWc_add_nn_relu_35] Trial #6: GFLOPs: 41.5408. Time: 465.0307 us. Best GFLOPs: 88.7096
2024-05-21 04:46:39 [INFO] [task_scheduler.cc:131] [Task #36: fused_nn_contrib_conv2d_NCHWc_add_nn_relu_35] Trial #7: GFLOPs: 21.8893. Time: 882.5226 us. Best GFLOPs: 88.7096
2024-05-21 04:46:39 [INFO] [task_scheduler.cc:131] [Task #36: fused_nn_contrib_conv2d_NCHWc_add_nn_relu_35] Trial #8: GFLOPs: 41.7906. Time: 462.2510 us. Best GFLOPs: 88.7096
2024-05-21 04:46:39 [INFO] [task_scheduler.cc:131] [Task #36: fused_nn_contrib_conv2d_NCHWc_add_nn_relu_35] Trial #9: GFLOPs: 28.5206. Time: 677.3263 us. Best GFLOPs: 88.7096
2024-05-21 04:46:39 [INFO] [task_scheduler.cc:131] [Task #36: fused_nn_contrib_conv2d_NCHWc_add_nn_relu_35] Trial #10: GFLOPs: 30.2592. Time: 638.4092 us. Best GFLOPs: 88.7096
2024-05-21 04:46:39 [INFO] [task_scheduler.cc:131] [Task #36: fused_nn_contrib_conv2d_NCHWc_add_nn_relu_35] Trial #11: GFLOPs: 52.7393. Time: 366.2881 us. Best GFLOPs: 88.7096
2024-05-21 04:46:39 [INFO] [task_scheduler.cc:131] [Task #36: fused_nn_contrib_conv2d_NCHWc_add_nn_relu_35] Trial #12: GFLOPs: 52.3411. Time: 369.0743 us. Best GFLOPs: 88.7096
2024-05-21 04:46:39 [INFO] [task_scheduler.cc:131] [Task #36: fused_nn_contrib_conv2d_NCHWc_add_nn_relu_35] Trial #13: GFLOPs: 30.4162. Time: 635.1141 us. Best GFLOPs: 88.7096
2024-05-21 04:46:39 [INFO] [task_scheduler.cc:131] [Task #36: fused_nn_contrib_conv2d_NCHWc_add_nn_relu_35] Trial #14: GFLOPs: 65.1436. Time: 296.5412 us. Best GFLOPs: 88.7096
2024-05-21 04:46:39 [INFO] [task_scheduler.cc:131] [Task #36: fused_nn_contrib_conv2d_NCHWc_add_nn_relu_35] Trial #15: GFLOPs: 14.4269. Time: 1339.0103 us. Best GFLOPs: 88.7096
2024-05-21 04:46:39 [INFO] [task_scheduler.cc:131] [Task #36: fused_nn_contrib_conv2d_NCHWc_add_nn_relu_35] Trial #16: GFLOPs: 17.3187. Time: 1115.4289 us. Best GFLOPs: 88.7096
2024-05-21 04:46:39 [INFO] [task_scheduler.cc:131] [Task #36: fused_nn_contrib_conv2d_NCHWc_add_nn_relu_35] Trial #17: GFLOPs: 58.5318. Time: 330.0388 us. Best GFLOPs: 88.7096
2024-05-21 04:46:39 [INFO] [task_scheduler.cc:131] [Task #36: fused_nn_contrib_conv2d_NCHWc_add_nn_relu_35] Trial #18: GFLOPs: 16.7042. Time: 1156.4594 us. Best GFLOPs: 88.7096
2024-05-21 04:46:39 [INFO] [task_scheduler.cc:131] [Task #36: fused_nn_contrib_conv2d_NCHWc_add_nn_relu_35] Trial #19: GFLOPs: 13.0136. Time: 1484.4303 us. Best GFLOPs: 88.7096
2024-05-21 04:46:39 [INFO] [task_scheduler.cc:131] [Task #36: fused_nn_contrib_conv2d_NCHWc_add_nn_relu_35] Trial #20: GFLOPs: 32.3153. Time: 597.7903 us. Best GFLOPs: 88.7096
2024-05-21 04:46:39 [INFO] [task_scheduler.cc:131] [Task #36: fused_nn_contrib_conv2d_NCHWc_add_nn_relu_35] Trial #21: GFLOPs: 82.3722. Time: 234.5181 us. Best GFLOPs: 88.7096
2024-05-21 04:46:39 [INFO] [task_scheduler.cc:131] [Task #36: fused_nn_contrib_conv2d_NCHWc_add_nn_relu_35] Trial #22: GFLOPs: 14.7461. Time: 1310.0276 us. Best GFLOPs: 88.7096
2024-05-21 04:46:39 [INFO] [task_scheduler.cc:131] [Task #36: fused_nn_contrib_conv2d_NCHWc_add_nn_relu_35] Trial #23: GFLOPs: 15.0957. Time: 1279.6874 us. Best GFLOPs: 88.7096
2024-05-21 04:46:39 [INFO] [task_scheduler.cc:131] [Task #36: fused_nn_contrib_conv2d_NCHWc_add_nn_relu_35] Trial #24: GFLOPs: 11.5028. Time: 1679.3895 us. Best GFLOPs: 88.7096
2024-05-21 04:46:39 [INFO] [task_scheduler.cc:131] [Task #36: fused_nn_contrib_conv2d_NCHWc_add_nn_relu_35] Trial #25: GFLOPs: 50.9008. Time: 379.5177 us. Best GFLOPs: 88.7096
2024-05-21 04:46:39 [INFO] [task_scheduler.cc:131] [Task #36: fused_nn_contrib_conv2d_NCHWc_add_nn_relu_35] Trial #26: GFLOPs: 81.4004. Time: 237.3177 us. Best GFLOPs: 88.7096
2024-05-21 04:46:39 [INFO] [task_scheduler.cc:131] [Task #36: fused_nn_contrib_conv2d_NCHWc_add_nn_relu_35] Trial #27: GFLOPs: 9.8321. Time: 1964.7723 us. Best GFLOPs: 88.7096
2024-05-21 04:46:39 [INFO] [task_scheduler.cc:131] [Task #36: fused_nn_contrib_conv2d_NCHWc_add_nn_relu_35] Trial #28: GFLOPs: 9.5424. Time: 2024.4074 us. Best GFLOPs: 88.7096
2024-05-21 04:46:39 [INFO] [task_scheduler.cc:131] [Task #36: fused_nn_contrib_conv2d_NCHWc_add_nn_relu_35] Trial #29: GFLOPs: 74.9426. Time: 257.7676 us. Best GFLOPs: 88.7096
2024-05-21 04:46:39 [INFO] [task_scheduler.cc:131] [Task #36: fused_nn_contrib_conv2d_NCHWc_add_nn_relu_35] Trial #30: GFLOPs: 23.2754. Time: 829.9641 us. Best GFLOPs: 88.7096
2024-05-21 04:46:39 [INFO] [task_scheduler.cc:131] [Task #36: fused_nn_contrib_conv2d_NCHWc_add_nn_relu_35] Trial #31: GFLOPs: 29.1761. Time: 662.1094 us. Best GFLOPs: 88.7096
2024-05-21 04:46:39 [INFO] [task_scheduler.cc:131] [Task #36: fused_nn_contrib_conv2d_NCHWc_add_nn_relu_35] Trial #32: GFLOPs: 26.0073. Time: 742.7822 us. Best GFLOPs: 88.7096
2024-05-21 04:46:39 [INFO] [task_scheduler.cc:131] [Task #36: fused_nn_contrib_conv2d_NCHWc_add_nn_relu_35] Trial #33: GFLOPs: 19.1120. Time: 1010.7662 us. Best GFLOPs: 88.7096
2024-05-21 04:46:39 [INFO] [task_scheduler.cc:131] [Task #36: fused_nn_contrib_conv2d_NCHWc_add_nn_relu_35] Trial #34: GFLOPs: 34.5896. Time: 558.4842 us. Best GFLOPs: 88.7096
2024-05-21 04:46:39 [INFO] [task_scheduler.cc:131] [Task #36: fused_nn_contrib_conv2d_NCHWc_add_nn_relu_35] Trial #35: GFLOPs: 27.2857. Time: 707.9821 us. Best GFLOPs: 88.7096
2024-05-21 04:46:39 [INFO] [task_scheduler.cc:131] [Task #36: fused_nn_contrib_conv2d_NCHWc_add_nn_relu_35] Trial #36: GFLOPs: 22.8044. Time: 847.1082 us. Best GFLOPs: 88.7096
2024-05-21 04:46:39 [INFO] [task_scheduler.cc:131] [Task #36: fused_nn_contrib_conv2d_NCHWc_add_nn_relu_35] Trial #37: GFLOPs: 39.9927. Time: 483.0317 us. Best GFLOPs: 88.7096
2024-05-21 04:46:39 [INFO] [task_scheduler.cc:131] [Task #36: fused_nn_contrib_conv2d_NCHWc_add_nn_relu_35] Trial #38: GFLOPs: 15.5858. Time: 1239.4488 us. Best GFLOPs: 88.7096
2024-05-21 04:46:39 [INFO] [task_scheduler.cc:131] [Task #36: fused_nn_contrib_conv2d_NCHWc_add_nn_relu_35] Trial #39: GFLOPs: 31.1960. Time: 619.2378 us. Best GFLOPs: 88.7096
2024-05-21 04:46:39 [INFO] [task_scheduler.cc:131] [Task #36: fused_nn_contrib_conv2d_NCHWc_add_nn_relu_35] Trial #40: GFLOPs: 12.1513. Time: 1589.7741 us. Best GFLOPs: 88.7096
2024-05-21 04:46:39 [INFO] [task_scheduler.cc:131] [Task #36: fused_nn_contrib_conv2d_NCHWc_add_nn_relu_35] Trial #41: GFLOPs: 161.8419. Time: 119.3619 us. Best GFLOPs: 161.8419
2024-05-21 04:46:39 [INFO] [task_scheduler.cc:131] [Task #36: fused_nn_contrib_conv2d_NCHWc_add_nn_relu_35] Trial #42: GFLOPs: 21.0456. Time: 917.8985 us. Best GFLOPs: 161.8419
2024-05-21 04:46:39 [INFO] [task_scheduler.cc:131] [Task #36: fused_nn_contrib_conv2d_NCHWc_add_nn_relu_35] Trial #43: GFLOPs: 19.6338. Time: 983.9023 us. Best GFLOPs: 161.8419
2024-05-21 04:46:39 [INFO] [task_scheduler.cc:131] [Task #36: fused_nn_contrib_conv2d_NCHWc_add_nn_relu_35] Trial #44: GFLOPs: 12.9074. Time: 1496.6407 us. Best GFLOPs: 161.8419
2024-05-21 04:46:39 [INFO] [task_scheduler.cc:131] [Task #36: fused_nn_contrib_conv2d_NCHWc_add_nn_relu_35] Trial #45: GFLOPs: 49.8175. Time: 387.7703 us. Best GFLOPs: 161.8419
2024-05-21 04:46:39 [INFO] [task_scheduler.cc:131] [Task #36: fused_nn_contrib_conv2d_NCHWc_add_nn_relu_35] Trial #46: GFLOPs: 42.8454. Time: 450.8710 us. Best GFLOPs: 161.8419
2024-05-21 04:46:39 [INFO] [task_scheduler.cc:131] [Task #36: fused_nn_contrib_conv2d_NCHWc_add_nn_relu_35] Trial #47: GFLOPs: 24.0716. Time: 802.5136 us. Best GFLOPs: 161.8419
2024-05-21 04:46:39 [INFO] [task_scheduler.cc:131] [Task #36: fused_nn_contrib_conv2d_NCHWc_add_nn_relu_35] Trial #48: GFLOPs: 38.8667. Time: 497.0254 us. Best GFLOPs: 161.8419
2024-05-21 04:46:39 [INFO] [task_scheduler.cc:131] [Task #36: fused_nn_contrib_conv2d_NCHWc_add_nn_relu_35] Trial #49: GFLOPs: 19.1944. Time: 1006.4271 us. Best GFLOPs: 161.8419
2024-05-21 04:46:39 [INFO] [task_scheduler.cc:131] [Task #36: fused_nn_contrib_conv2d_NCHWc_add_nn_relu_35] Trial #50: GFLOPs: 63.2282. Time: 305.5245 us. Best GFLOPs: 161.8419
2024-05-21 04:46:39 [INFO] [task_scheduler.cc:131] [Task #36: fused_nn_contrib_conv2d_NCHWc_add_nn_relu_35] Trial #51: GFLOPs: 18.6069. Time: 1038.2061 us. Best GFLOPs: 161.8419
2024-05-21 04:46:39 [INFO] [task_scheduler.cc:131] [Task #36: fused_nn_contrib_conv2d_NCHWc_add_nn_relu_35] Trial #52: GFLOPs: 57.1942. Time: 337.7574 us. Best GFLOPs: 161.8419
2024-05-21 04:46:39 [INFO] [task_scheduler.cc:131] [Task #36: fused_nn_contrib_conv2d_NCHWc_add_nn_relu_35] Trial #53: GFLOPs: 26.4951. Time: 729.1082 us. Best GFLOPs: 161.8419
2024-05-21 04:46:39 [INFO] [task_scheduler.cc:131] [Task #36: fused_nn_contrib_conv2d_NCHWc_add_nn_relu_35] Trial #54: GFLOPs: 19.3808. Time: 996.7492 us. Best GFLOPs: 161.8419
2024-05-21 04:46:39 [INFO] [task_scheduler.cc:131] [Task #36: fused_nn_contrib_conv2d_NCHWc_add_nn_relu_35] Trial #55: GFLOPs: 17.2551. Time: 1119.5366 us. Best GFLOPs: 161.8419
2024-05-21 04:46:39 [INFO] [task_scheduler.cc:131] [Task #36: fused_nn_contrib_conv2d_NCHWc_add_nn_relu_35] Trial #56: GFLOPs: 44.6095. Time: 433.0417 us. Best GFLOPs: 161.8419
2024-05-21 04:46:39 [INFO] [task_scheduler.cc:131] [Task #36: fused_nn_contrib_conv2d_NCHWc_add_nn_relu_35] Trial #57: GFLOPs: 83.3785. Time: 231.6876 us. Best GFLOPs: 161.8419
2024-05-21 04:46:39 [INFO] [task_scheduler.cc:131] [Task #36: fused_nn_contrib_conv2d_NCHWc_add_nn_relu_35] Trial #58: GFLOPs: 47.9157. Time: 403.1617 us. Best GFLOPs: 161.8419
2024-05-21 04:46:39 [INFO] [task_scheduler.cc:131] [Task #36: fused_nn_contrib_conv2d_NCHWc_add_nn_relu_35] Trial #59: GFLOPs: 35.3398. Time: 546.6286 us. Best GFLOPs: 161.8419
2024-05-21 04:46:39 [INFO] [task_scheduler.cc:131] [Task #36: fused_nn_contrib_conv2d_NCHWc_add_nn_relu_35] Trial #60: GFLOPs: 19.8184. Time: 974.7406 us. Best GFLOPs: 161.8419
2024-05-21 04:46:39 [INFO] [task_scheduler.cc:131] [Task #36: fused_nn_contrib_conv2d_NCHWc_add_nn_relu_35] Trial #61: GFLOPs: 18.1017. Time: 1067.1781 us. Best GFLOPs: 161.8419
2024-05-21 04:46:39 [INFO] [task_scheduler.cc:131] [Task #36: fused_nn_contrib_conv2d_NCHWc_add_nn_relu_35] Trial #62: GFLOPs: 113.9916. Time: 169.4665 us. Best GFLOPs: 161.8419
2024-05-21 04:46:39 [INFO] [task_scheduler.cc:131] [Task #36: fused_nn_contrib_conv2d_NCHWc_add_nn_relu_35] Trial #63: GFLOPs: 8.1470. Time: 2371.1500 us. Best GFLOPs: 161.8419
2024-05-21 04:46:39 [INFO] [task_scheduler.cc:131] [Task #36: fused_nn_contrib_conv2d_NCHWc_add_nn_relu_35] Trial #64: GFLOPs: 22.1401. Time: 872.5255 us. Best GFLOPs: 161.8419
