2024-05-21 02:46:40 [INFO] [task_scheduler.cc:160] Initializing Task #63: "fused_nn_max_pool2d"
2024-05-21 02:46:40 [INFO] [task_scheduler.cc:35] 
# from tvm.script import ir as I
# from tvm.script import tir as T

@I.ir_module
class Module:
    @T.prim_func
    def main(p0: T.Buffer((T.int64(1), T.int64(2), T.int64(112), T.int64(112), T.int64(32)), "float32"), pool_max: T.Buffer((T.int64(1), T.int64(2), T.int64(56), T.int64(56), T.int64(32)), "float32")):
        T.func_attr({"tir.noalias": T.bool(True)})
        # with T.block("root"):
        pad_temp = T.alloc_buffer((T.int64(1), T.int64(2), T.int64(114), T.int64(114), T.int64(32)))
        for ax0, ax1, ax2, ax3, ax4 in T.grid(T.int64(1), T.int64(2), T.int64(114), T.int64(114), T.int64(32)):
            with T.block("pad_temp"):
                v_ax0, v_ax1, v_ax2, v_ax3, v_ax4 = T.axis.remap("SSSSS", [ax0, ax1, ax2, ax3, ax4])
                T.reads(p0[v_ax0, v_ax1, v_ax2 - T.int64(1), v_ax3 - T.int64(1), v_ax4])
                T.writes(pad_temp[v_ax0, v_ax1, v_ax2, v_ax3, v_ax4])
                pad_temp[v_ax0, v_ax1, v_ax2, v_ax3, v_ax4] = T.if_then_else(T.int64(1) <= v_ax2 and v_ax2 < T.int64(113) and T.int64(1) <= v_ax3 and v_ax3 < T.int64(113), p0[v_ax0, v_ax1, v_ax2 - T.int64(1), v_ax3 - T.int64(1), v_ax4], T.float32(-3.4028234663852886e+38))
        for ax0, ax1, ax2, ax3, ax4, rv0, rv1 in T.grid(T.int64(1), T.int64(2), T.int64(56), T.int64(56), T.int64(32), T.int64(3), T.int64(3)):
            with T.block("pool_max"):
                v_ax0, v_ax1, v_ax2, v_ax3, v_ax4, v_rv0, v_rv1 = T.axis.remap("SSSSSRR", [ax0, ax1, ax2, ax3, ax4, rv0, rv1])
                T.reads(pad_temp[v_ax0, v_ax1, v_ax2 * T.int64(2) + v_rv0, v_ax3 * T.int64(2) + v_rv1, v_ax4])
                T.writes(pool_max[v_ax0, v_ax1, v_ax2, v_ax3, v_ax4])
                T.block_attr({"schedule_rule": "meta_schedule.pool_max"})
                with T.init():
                    pool_max[v_ax0, v_ax1, v_ax2, v_ax3, v_ax4] = T.float32(-3.4028234663852886e+38)
                pool_max[v_ax0, v_ax1, v_ax2, v_ax3, v_ax4] = T.max(pool_max[v_ax0, v_ax1, v_ax2, v_ax3, v_ax4], pad_temp[v_ax0, v_ax1, v_ax2 * T.int64(2) + v_rv0, v_ax3 * T.int64(2) + v_rv1, v_ax4])
2024-05-21 02:46:40 [INFO] [task_scheduler.cc:164] Total 3 design space(s) generated
2024-05-21 02:46:40 [INFO] [task_scheduler.cc:170] Design space #0:
# from tvm.script import ir as I
# from tvm.script import tir as T

@I.ir_module
class Module:
    @T.prim_func
    def main(p0: T.Buffer((T.int64(1), T.int64(2), T.int64(112), T.int64(112), T.int64(32)), "float32"), pool_max: T.Buffer((T.int64(1), T.int64(2), T.int64(56), T.int64(56), T.int64(32)), "float32")):
        T.func_attr({"tir.noalias": T.bool(True)})
        with T.block("root"):
            T.reads()
            T.writes()
            T.block_attr({"meta_schedule.parallel": 96, "meta_schedule.unroll_explicit": 16, "meta_schedule.vectorize": 64})
            pad_temp = T.alloc_buffer((T.int64(1), T.int64(2), T.int64(114), T.int64(114), T.int64(32)))
            pool_max_rf = T.alloc_buffer((T.int64(1), T.int64(2), T.int64(56), T.int64(56), T.int64(32), T.int64(9)))
            for ax0, ax1, ax2, ax3, ax4 in T.grid(T.int64(1), T.int64(2), T.int64(56), T.int64(56), T.int64(32)):
                for ax0_1, ax1_1, ax2_1, ax3_1, ax4_1 in T.grid(T.int64(1), T.int64(1), T.int64(3), T.int64(3), T.int64(1)):
                    with T.block("pad_temp"):
                        v_ax0 = T.axis.spatial(T.int64(1), ax0_1)
                        v_ax1 = T.axis.spatial(T.int64(2), ax1 + ax1_1)
                        v_ax2 = T.axis.spatial(T.int64(114), ax2 * T.int64(2) + ax2_1)
                        v_ax3 = T.axis.spatial(T.int64(114), ax3 * T.int64(2) + ax3_1)
                        v_ax4 = T.axis.spatial(T.int64(32), ax4 + ax4_1)
                        T.reads(p0[v_ax0, v_ax1, v_ax2 - T.int64(1), v_ax3 - T.int64(1), v_ax4])
                        T.writes(pad_temp[v_ax0, v_ax1, v_ax2, v_ax3, v_ax4])
                        pad_temp[v_ax0, v_ax1, v_ax2, v_ax3, v_ax4] = T.if_then_else(T.int64(1) <= v_ax2 and v_ax2 < T.int64(113) and T.int64(1) <= v_ax3 and v_ax3 < T.int64(113), p0[v_ax0, v_ax1, v_ax2 - T.int64(1), v_ax3 - T.int64(1), v_ax4], T.float32(-3.4028234663852886e+38))
                for rv0_rv1_fused_0, rv0_rv1_fused_1 in T.grid(T.int64(9), T.int64(1)):
                    with T.block("pool_max_rf"):
                        vrv0_rv1_fused_0, v_ax0, v_ax1, v_ax2, v_ax3, v_ax4, vrv0_rv1_fused_1 = T.axis.remap("SSSSSSR", [rv0_rv1_fused_0, ax0, ax1, ax2, ax3, ax4, rv0_rv1_fused_1])
                        T.reads(pad_temp[v_ax0, v_ax1, v_ax2 * T.int64(2) + (vrv0_rv1_fused_0 + vrv0_rv1_fused_1) // T.int64(3), v_ax3 * T.int64(2) + (vrv0_rv1_fused_0 + vrv0_rv1_fused_1) % T.int64(3), v_ax4])
                        T.writes(pool_max_rf[v_ax0, v_ax1, v_ax2, v_ax3, v_ax4, vrv0_rv1_fused_0])
                        with T.init():
                            pool_max_rf[v_ax0, v_ax1, v_ax2, v_ax3, v_ax4, vrv0_rv1_fused_0] = T.float32(-3.4028234663852886e+38)
                        pool_max_rf[v_ax0, v_ax1, v_ax2, v_ax3, v_ax4, vrv0_rv1_fused_0] = T.max(pool_max_rf[v_ax0, v_ax1, v_ax2, v_ax3, v_ax4, vrv0_rv1_fused_0], pad_temp[v_ax0, v_ax1, v_ax2 * T.int64(2) + (vrv0_rv1_fused_0 + vrv0_rv1_fused_1) // T.int64(3), v_ax3 * T.int64(2) + (vrv0_rv1_fused_0 + vrv0_rv1_fused_1) % T.int64(3), v_ax4])
            for ax0, ax1, ax2, ax3, ax4, rv0_rv1_fused_0 in T.grid(T.int64(1), T.int64(2), T.int64(56), T.int64(56), T.int64(32), T.int64(9)):
                with T.block("pool_max"):
                    vrv0_rv1_fused_0, v_ax0, v_ax1, v_ax2, v_ax3, v_ax4 = T.axis.remap("RSSSSS", [rv0_rv1_fused_0, ax0, ax1, ax2, ax3, ax4])
                    T.reads(pool_max_rf[v_ax0, v_ax1, v_ax2, v_ax3, v_ax4, vrv0_rv1_fused_0])
                    T.writes(pool_max[v_ax0, v_ax1, v_ax2, v_ax3, v_ax4])
                    T.block_attr({"meta_schedule.random_compute_producer": 1})
                    with T.init():
                        pool_max[v_ax0, v_ax1, v_ax2, v_ax3, v_ax4] = T.float32(-3.4028234663852886e+38)
                    pool_max[v_ax0, v_ax1, v_ax2, v_ax3, v_ax4] = T.max(pool_max[v_ax0, v_ax1, v_ax2, v_ax3, v_ax4], pool_max_rf[v_ax0, v_ax1, v_ax2, v_ax3, v_ax4, vrv0_rv1_fused_0])
b0 = sch.get_block(name="pad_temp", func_name="main")
b1 = sch.get_block(name="pool_max", func_name="main")
b2 = sch.get_block(name="root", func_name="main")
sch.unannotate(block_or_loop=b1, ann_key="schedule_rule")
l3, l4, l5, l6, l7, l8, l9 = sch.get_loops(block=b1)
l10 = sch.fuse(l8, l9, preserve_unit_iters=True)
v11, v12 = sch.sample_perfect_tile(loop=l10, n=2, max_innermost_factor=64, decision=[9, 1])
l13, l14 = sch.split(loop=l10, factors=[v11, v12], preserve_unit_iters=True, disable_predication=False)
b15 = sch.rfactor(loop=l13, factor_axis=5)
sch.annotate(block_or_loop=b1, ann_key="meta_schedule.random_compute_producer", ann_val=1)
sch.annotate(block_or_loop=b2, ann_key="meta_schedule.parallel", ann_val=96)
sch.annotate(block_or_loop=b2, ann_key="meta_schedule.vectorize", ann_val=64)
v16 = sch.sample_categorical(candidates=[0, 16, 64, 512], probs=[0.25, 0.25, 0.25, 0.25], decision=1)
sch.annotate(block_or_loop=b2, ann_key="meta_schedule.unroll_explicit", ann_val=v16)
l17 = sch.sample_compute_location(block=b0, decision=4)
sch.compute_at(block=b0, loop=l17, preserve_unit_loops=True, index=-1)
2024-05-21 02:46:40 [INFO] [task_scheduler.cc:170] Design space #1:
# from tvm.script import ir as I
# from tvm.script import tir as T

@I.ir_module
class Module:
    @T.prim_func
    def main(p0: T.Buffer((T.int64(1), T.int64(2), T.int64(112), T.int64(112), T.int64(32)), "float32"), pool_max: T.Buffer((T.int64(1), T.int64(2), T.int64(56), T.int64(56), T.int64(32)), "float32")):
        T.func_attr({"tir.noalias": T.bool(True)})
        with T.block("root"):
            T.reads()
            T.writes()
            T.block_attr({"meta_schedule.parallel": 96, "meta_schedule.unroll_explicit": 64, "meta_schedule.vectorize": 64})
            pad_temp = T.alloc_buffer((T.int64(1), T.int64(2), T.int64(114), T.int64(114), T.int64(32)))
            pool_max_rf = T.alloc_buffer((T.int64(1), T.int64(2), T.int64(56), T.int64(56), T.int64(32), T.int64(1)))
            for ax0, ax1, ax2 in T.grid(T.int64(1), T.int64(2), T.int64(56)):
                for ax0_1, ax1_1, ax2_1, ax3, ax4 in T.grid(T.int64(1), T.int64(1), T.int64(3), T.int64(113), T.int64(32)):
                    with T.block("pad_temp"):
                        v_ax0 = T.axis.spatial(T.int64(1), ax0_1)
                        v_ax1 = T.axis.spatial(T.int64(2), ax1 + ax1_1)
                        v_ax2 = T.axis.spatial(T.int64(114), ax2 * T.int64(2) + ax2_1)
                        v_ax3 = T.axis.spatial(T.int64(114), ax3)
                        v_ax4 = T.axis.spatial(T.int64(32), ax4)
                        T.reads(p0[v_ax0, v_ax1, v_ax2 - T.int64(1), v_ax3 - T.int64(1), v_ax4])
                        T.writes(pad_temp[v_ax0, v_ax1, v_ax2, v_ax3, v_ax4])
                        pad_temp[v_ax0, v_ax1, v_ax2, v_ax3, v_ax4] = T.if_then_else(T.int64(1) <= v_ax2 and v_ax2 < T.int64(113) and T.int64(1) <= v_ax3 and v_ax3 < T.int64(113), p0[v_ax0, v_ax1, v_ax2 - T.int64(1), v_ax3 - T.int64(1), v_ax4], T.float32(-3.4028234663852886e+38))
                for ax3, ax4, rv0_rv1_fused_0, rv0_rv1_fused_1 in T.grid(T.int64(56), T.int64(32), T.int64(9), T.int64(1)):
                    with T.block("pool_max_rf"):
                        vrv0_rv1_fused_1, v_ax0, v_ax1, v_ax2, v_ax3, v_ax4, vrv0_rv1_fused_0 = T.axis.remap("SSSSSSR", [rv0_rv1_fused_1, ax0, ax1, ax2, ax3, ax4, rv0_rv1_fused_0])
                        T.reads(pad_temp[v_ax0, v_ax1, v_ax2 * T.int64(2) + (vrv0_rv1_fused_0 + vrv0_rv1_fused_1) // T.int64(3), v_ax3 * T.int64(2) + (vrv0_rv1_fused_0 + vrv0_rv1_fused_1) % T.int64(3), v_ax4])
                        T.writes(pool_max_rf[v_ax0, v_ax1, v_ax2, v_ax3, v_ax4, vrv0_rv1_fused_1])
                        with T.init():
                            pool_max_rf[v_ax0, v_ax1, v_ax2, v_ax3, v_ax4, vrv0_rv1_fused_1] = T.float32(-3.4028234663852886e+38)
                        pool_max_rf[v_ax0, v_ax1, v_ax2, v_ax3, v_ax4, vrv0_rv1_fused_1] = T.max(pool_max_rf[v_ax0, v_ax1, v_ax2, v_ax3, v_ax4, vrv0_rv1_fused_1], pad_temp[v_ax0, v_ax1, v_ax2 * T.int64(2) + (vrv0_rv1_fused_0 + vrv0_rv1_fused_1) // T.int64(3), v_ax3 * T.int64(2) + (vrv0_rv1_fused_0 + vrv0_rv1_fused_1) % T.int64(3), v_ax4])
            for ax0, ax1, ax2, ax3, ax4, rv0_rv1_fused_1 in T.grid(T.int64(1), T.int64(2), T.int64(56), T.int64(56), T.int64(32), T.int64(1)):
                with T.block("pool_max"):
                    vrv0_rv1_fused_1, v_ax0, v_ax1, v_ax2, v_ax3, v_ax4 = T.axis.remap("RSSSSS", [rv0_rv1_fused_1, ax0, ax1, ax2, ax3, ax4])
                    T.reads(pool_max_rf[v_ax0, v_ax1, v_ax2, v_ax3, v_ax4, vrv0_rv1_fused_1])
                    T.writes(pool_max[v_ax0, v_ax1, v_ax2, v_ax3, v_ax4])
                    T.block_attr({"meta_schedule.random_compute_producer": 1})
                    with T.init():
                        pool_max[v_ax0, v_ax1, v_ax2, v_ax3, v_ax4] = T.float32(-3.4028234663852886e+38)
                    pool_max[v_ax0, v_ax1, v_ax2, v_ax3, v_ax4] = T.max(pool_max[v_ax0, v_ax1, v_ax2, v_ax3, v_ax4], pool_max_rf[v_ax0, v_ax1, v_ax2, v_ax3, v_ax4, vrv0_rv1_fused_1])
b0 = sch.get_block(name="pad_temp", func_name="main")
b1 = sch.get_block(name="pool_max", func_name="main")
b2 = sch.get_block(name="root", func_name="main")
sch.unannotate(block_or_loop=b1, ann_key="schedule_rule")
l3, l4, l5, l6, l7, l8, l9 = sch.get_loops(block=b1)
l10 = sch.fuse(l8, l9, preserve_unit_iters=True)
v11, v12 = sch.sample_perfect_tile(loop=l10, n=2, max_innermost_factor=64, decision=[9, 1])
l13, l14 = sch.split(loop=l10, factors=[v11, v12], preserve_unit_iters=True, disable_predication=False)
b15 = sch.rfactor(loop=l14, factor_axis=5)
sch.annotate(block_or_loop=b1, ann_key="meta_schedule.random_compute_producer", ann_val=1)
sch.annotate(block_or_loop=b2, ann_key="meta_schedule.parallel", ann_val=96)
sch.annotate(block_or_loop=b2, ann_key="meta_schedule.vectorize", ann_val=64)
v16 = sch.sample_categorical(candidates=[0, 16, 64, 512], probs=[0.25, 0.25, 0.25, 0.25], decision=2)
sch.annotate(block_or_loop=b2, ann_key="meta_schedule.unroll_explicit", ann_val=v16)
l17 = sch.sample_compute_location(block=b0, decision=2)
sch.compute_at(block=b0, loop=l17, preserve_unit_loops=True, index=-1)
2024-05-21 02:46:40 [INFO] [task_scheduler.cc:170] Design space #2:
# from tvm.script import ir as I
# from tvm.script import tir as T

@I.ir_module
class Module:
    @T.prim_func
    def main(p0: T.Buffer((T.int64(1), T.int64(2), T.int64(112), T.int64(112), T.int64(32)), "float32"), pool_max: T.Buffer((T.int64(1), T.int64(2), T.int64(56), T.int64(56), T.int64(32)), "float32")):
        T.func_attr({"tir.noalias": T.bool(True)})
        with T.block("root"):
            T.reads()
            T.writes()
            T.block_attr({"meta_schedule.parallel": 96, "meta_schedule.unroll_explicit": 16, "meta_schedule.vectorize": 64})
            for ax0, ax1, ax2, ax3, ax4, rv0, rv1 in T.grid(T.int64(1), T.int64(2), T.int64(56), T.int64(56), T.int64(32), T.int64(3), T.int64(3)):
                with T.block("pool_max"):
                    v_ax0, v_ax1, v_ax2, v_ax3, v_ax4, v_rv0, v_rv1 = T.axis.remap("SSSSSRR", [ax0, ax1, ax2, ax3, ax4, rv0, rv1])
                    T.reads(p0[v_ax0, v_ax1, v_ax2 * T.int64(2) + v_rv0 - T.int64(1), v_ax3 * T.int64(2) + v_rv1 - T.int64(1), v_ax4])
                    T.writes(pool_max[v_ax0, v_ax1, v_ax2, v_ax3, v_ax4])
                    with T.init():
                        pool_max[v_ax0, v_ax1, v_ax2, v_ax3, v_ax4] = T.float32(-3.4028234663852886e+38)
                    pool_max[v_ax0, v_ax1, v_ax2, v_ax3, v_ax4] = T.max(pool_max[v_ax0, v_ax1, v_ax2, v_ax3, v_ax4], T.if_then_else(T.int64(1) <= v_ax2 * T.int64(2) + v_rv0 and v_ax2 * T.int64(2) + v_rv0 < T.int64(113) and T.int64(1) <= v_ax3 * T.int64(2) + v_rv1 and v_ax3 * T.int64(2) + v_rv1 < T.int64(113), p0[v_ax0, v_ax1, v_ax2 * T.int64(2) + v_rv0 - T.int64(1), v_ax3 * T.int64(2) + v_rv1 - T.int64(1), v_ax4], T.float32(-3.4028234663852886e+38)))
b0 = sch.get_block(name="pad_temp", func_name="main")
b1 = sch.get_block(name="pool_max", func_name="main")
b2 = sch.get_block(name="root", func_name="main")
sch.unannotate(block_or_loop=b1, ann_key="schedule_rule")
sch.annotate(block_or_loop=b2, ann_key="meta_schedule.parallel", ann_val=96)
sch.annotate(block_or_loop=b2, ann_key="meta_schedule.vectorize", ann_val=64)
v3 = sch.sample_categorical(candidates=[0, 16, 64, 512], probs=[0.25, 0.25, 0.25, 0.25], decision=1)
sch.annotate(block_or_loop=b2, ann_key="meta_schedule.unroll_explicit", ann_val=v3)
l4 = sch.sample_compute_location(block=b0, decision=-2)
sch.compute_at(block=b0, loop=l4, preserve_unit_loops=True, index=-1)
2024-05-21 04:28:07 [INFO] [evolutionary_search.cc:713] Generating candidates......
2024-05-21 04:28:07 [INFO] [evolutionary_search.cc:715] Picked top 0 candidate(s) from database
2024-05-21 04:28:08 [INFO] [evolutionary_search.cc:533] Sample-Init-Population summary:
Postproc #0 [meta_schedule.DisallowDynamicLoop(0x18fe5c08)]: 0 failure(s)
Postproc #1 [meta_schedule.RewriteParallelVectorizeUnroll(0x191cc3f8)]: 0 failure(s)
Postproc #2 [meta_schedule.RewriteReductionBlock(0x1940c638)]: 0 failure(s)
Postproc #3 [meta_schedule.RewriteLayout(0x20f64918)]: 0 failure(s)
2024-05-21 04:28:08 [INFO] [evolutionary_search.cc:723] Sampled 512 candidate(s)
2024-05-21 04:28:09 [INFO] [evolutionary_search.cc:621] Evolve iter #0 done. Summary:
Postproc #0 [meta_schedule.DisallowDynamicLoop(0x18fe5c08)]: 0 failure(s)
Postproc #1 [meta_schedule.RewriteParallelVectorizeUnroll(0x191cc3f8)]: 0 failure(s)
Postproc #2 [meta_schedule.RewriteReductionBlock(0x1940c638)]: 0 failure(s)
Postproc #3 [meta_schedule.RewriteLayout(0x20f64918)]: 0 failure(s)
2024-05-21 04:28:11 [INFO] [evolutionary_search.cc:621] Evolve iter #1 done. Summary:
Postproc #0 [meta_schedule.DisallowDynamicLoop(0x18fe5c08)]: 0 failure(s)
Postproc #1 [meta_schedule.RewriteParallelVectorizeUnroll(0x191cc3f8)]: 0 failure(s)
Postproc #2 [meta_schedule.RewriteReductionBlock(0x1940c638)]: 0 failure(s)
Postproc #3 [meta_schedule.RewriteLayout(0x20f64918)]: 0 failure(s)
2024-05-21 04:28:12 [INFO] [evolutionary_search.cc:621] Evolve iter #2 done. Summary:
Postproc #0 [meta_schedule.DisallowDynamicLoop(0x18fe5c08)]: 0 failure(s)
Postproc #1 [meta_schedule.RewriteParallelVectorizeUnroll(0x191cc3f8)]: 0 failure(s)
Postproc #2 [meta_schedule.RewriteReductionBlock(0x1940c638)]: 0 failure(s)
Postproc #3 [meta_schedule.RewriteLayout(0x20f64918)]: 0 failure(s)
2024-05-21 04:28:14 [INFO] [evolutionary_search.cc:621] Evolve iter #3 done. Summary:
Postproc #0 [meta_schedule.DisallowDynamicLoop(0x18fe5c08)]: 0 failure(s)
Postproc #1 [meta_schedule.RewriteParallelVectorizeUnroll(0x191cc3f8)]: 0 failure(s)
Postproc #2 [meta_schedule.RewriteReductionBlock(0x1940c638)]: 0 failure(s)
Postproc #3 [meta_schedule.RewriteLayout(0x20f64918)]: 0 failure(s)
2024-05-21 04:28:14 [INFO] [evolutionary_search.cc:649] Scores of the best 64 candidates:
[1 : 16]:	0.9968  0.9774  0.9773  0.9734  0.9692  0.9624  0.9595  0.9578  0.9540  0.9531  0.9490  0.9297  0.9266  0.9221  0.9163  0.9140
[17 : 32]:	0.9129  0.9065  0.8985  0.8980  0.8959  0.8955  0.8939  0.8936  0.8887  0.8857  0.8844  0.8823  0.8759  0.8728  0.8701  0.8632
[33 : 48]:	0.8614  0.8601  0.8590  0.8581  0.8494  0.8455  0.8330  0.8319  0.8244  0.8025  0.8019  0.8007  0.7879  0.7844  0.7813  0.7739
[49 : 64]:	0.7722  0.7643  0.7564  0.7560  0.7549  0.7523  0.7437  0.7265  0.7201  0.7176  0.7156  0.7155  0.7119  0.7109  0.7063  0.7057
2024-05-21 04:28:14 [INFO] [evolutionary_search.cc:727] Got 64 candidate(s) with evolutionary search
2024-05-21 04:28:14 [INFO] [evolutionary_search.cc:730] Sending 63 candidates(s) for measurement
2024-05-21 04:46:45 [INFO] [task_scheduler.cc:131] [Task #63: fused_nn_max_pool2d] Trial #1: GFLOPs: 36.6018. Time: 49.3510 us. Best GFLOPs: 36.6018
2024-05-21 04:46:45 [INFO] [task_scheduler.cc:131] [Task #63: fused_nn_max_pool2d] Trial #2: GFLOPs: 65.4808. Time: 27.5858 us. Best GFLOPs: 65.4808
2024-05-21 04:46:45 [INFO] [task_scheduler.cc:131] [Task #63: fused_nn_max_pool2d] Trial #3: GFLOPs: 11.8465. Time: 152.4783 us. Best GFLOPs: 65.4808
2024-05-21 04:46:45 [INFO] [task_scheduler.cc:131] [Task #63: fused_nn_max_pool2d] Trial #4: GFLOPs: 13.5042. Time: 133.7609 us. Best GFLOPs: 65.4808
2024-05-21 04:46:45 [INFO] [task_scheduler.cc:131] [Task #63: fused_nn_max_pool2d] Trial #5: GFLOPs: 4.0626. Time: 444.6218 us. Best GFLOPs: 65.4808
2024-05-21 04:46:45 [INFO] [task_scheduler.cc:131] [Task #63: fused_nn_max_pool2d] Trial #6: GFLOPs: 7.4625. Time: 242.0544 us. Best GFLOPs: 65.4808
2024-05-21 04:46:45 [INFO] [task_scheduler.cc:131] [Task #63: fused_nn_max_pool2d] Trial #7: GFLOPs: 3.6132. Time: 499.9233 us. Best GFLOPs: 65.4808
2024-05-21 04:46:45 [INFO] [task_scheduler.cc:131] [Task #63: fused_nn_max_pool2d] Trial #8: GFLOPs: 9.9603. Time: 181.3532 us. Best GFLOPs: 65.4808
2024-05-21 04:46:45 [INFO] [task_scheduler.cc:131] [Task #63: fused_nn_max_pool2d] Trial #9: GFLOPs: 12.2814. Time: 147.0792 us. Best GFLOPs: 65.4808
2024-05-21 04:46:45 [INFO] [task_scheduler.cc:131] [Task #63: fused_nn_max_pool2d] Trial #10: GFLOPs: 10.9568. Time: 164.8599 us. Best GFLOPs: 65.4808
2024-05-21 04:46:45 [INFO] [task_scheduler.cc:131] [Task #63: fused_nn_max_pool2d] Trial #11: GFLOPs: 5.8996. Time: 306.1796 us. Best GFLOPs: 65.4808
2024-05-21 04:46:45 [INFO] [task_scheduler.cc:131] [Task #63: fused_nn_max_pool2d] Trial #12: GFLOPs: 66.5027. Time: 27.1618 us. Best GFLOPs: 66.5027
2024-05-21 04:46:45 [INFO] [task_scheduler.cc:131] [Task #63: fused_nn_max_pool2d] Trial #13: GFLOPs: 1.3384. Time: 1349.5750 us. Best GFLOPs: 66.5027
2024-05-21 04:46:45 [INFO] [task_scheduler.cc:131] [Task #63: fused_nn_max_pool2d] Trial #14: GFLOPs: 10.9521. Time: 164.9308 us. Best GFLOPs: 66.5027
2024-05-21 04:46:45 [INFO] [task_scheduler.cc:131] [Task #63: fused_nn_max_pool2d] Trial #15: GFLOPs: 9.6693. Time: 186.8109 us. Best GFLOPs: 66.5027
2024-05-21 04:46:45 [INFO] [task_scheduler.cc:131] [Task #63: fused_nn_max_pool2d] Trial #16: GFLOPs: 25.7084. Time: 70.2626 us. Best GFLOPs: 66.5027
2024-05-21 04:46:45 [INFO] [task_scheduler.cc:131] [Task #63: fused_nn_max_pool2d] Trial #17: GFLOPs: 5.6722. Time: 318.4540 us. Best GFLOPs: 66.5027
2024-05-21 04:46:45 [INFO] [task_scheduler.cc:131] [Task #63: fused_nn_max_pool2d] Trial #18: GFLOPs: 1.9876. Time: 908.8022 us. Best GFLOPs: 66.5027
2024-05-21 04:46:45 [INFO] [task_scheduler.cc:131] [Task #63: fused_nn_max_pool2d] Trial #19: GFLOPs: 15.7866. Time: 114.4219 us. Best GFLOPs: 66.5027
2024-05-21 04:46:45 [INFO] [task_scheduler.cc:131] [Task #63: fused_nn_max_pool2d] Trial #20: GFLOPs: 65.0617. Time: 27.7634 us. Best GFLOPs: 66.5027
2024-05-21 04:46:45 [INFO] [task_scheduler.cc:131] [Task #63: fused_nn_max_pool2d] Trial #21: GFLOPs: 20.2497. Time: 89.2033 us. Best GFLOPs: 66.5027
2024-05-21 04:46:45 [INFO] [task_scheduler.cc:131] [Task #63: fused_nn_max_pool2d] Trial #22: GFLOPs: 2.3127. Time: 781.0620 us. Best GFLOPs: 66.5027
2024-05-21 04:46:45 [INFO] [task_scheduler.cc:131] [Task #63: fused_nn_max_pool2d] Trial #23: GFLOPs: 62.0417. Time: 29.1149 us. Best GFLOPs: 66.5027
2024-05-21 04:46:45 [INFO] [task_scheduler.cc:131] [Task #63: fused_nn_max_pool2d] Trial #24: GFLOPs: 1.3203. Time: 1368.1410 us. Best GFLOPs: 66.5027
2024-05-21 04:46:45 [INFO] [task_scheduler.cc:131] [Task #63: fused_nn_max_pool2d] Trial #25: GFLOPs: 1.1654. Time: 1549.9299 us. Best GFLOPs: 66.5027
2024-05-21 04:46:45 [INFO] [task_scheduler.cc:131] [Task #63: fused_nn_max_pool2d] Trial #26: GFLOPs: 11.9311. Time: 151.3976 us. Best GFLOPs: 66.5027
2024-05-21 04:46:45 [INFO] [task_scheduler.cc:131] [Task #63: fused_nn_max_pool2d] Trial #27: GFLOPs: 2.0781. Time: 869.2423 us. Best GFLOPs: 66.5027
2024-05-21 04:46:45 [INFO] [task_scheduler.cc:131] [Task #63: fused_nn_max_pool2d] Trial #28: GFLOPs: 9.9469. Time: 181.5988 us. Best GFLOPs: 66.5027
2024-05-21 04:46:45 [INFO] [task_scheduler.cc:131] [Task #63: fused_nn_max_pool2d] Trial #29: GFLOPs: 3.5643. Time: 506.7903 us. Best GFLOPs: 66.5027
2024-05-21 04:46:45 [INFO] [task_scheduler.cc:131] [Task #63: fused_nn_max_pool2d] Trial #30: GFLOPs: 19.1673. Time: 94.2407 us. Best GFLOPs: 66.5027
2024-05-21 04:46:45 [INFO] [task_scheduler.cc:131] [Task #63: fused_nn_max_pool2d] Trial #31: GFLOPs: 3.2188. Time: 561.1841 us. Best GFLOPs: 66.5027
2024-05-21 04:46:45 [INFO] [task_scheduler.cc:131] [Task #63: fused_nn_max_pool2d] Trial #32: GFLOPs: 6.7341. Time: 268.2384 us. Best GFLOPs: 66.5027
2024-05-21 04:46:45 [INFO] [task_scheduler.cc:131] [Task #63: fused_nn_max_pool2d] Trial #33: GFLOPs: 2.0162. Time: 895.8969 us. Best GFLOPs: 66.5027
2024-05-21 04:46:45 [INFO] [task_scheduler.cc:131] [Task #63: fused_nn_max_pool2d] Trial #34: GFLOPs: 15.8583. Time: 113.9050 us. Best GFLOPs: 66.5027
2024-05-21 04:46:45 [INFO] [task_scheduler.cc:131] [Task #63: fused_nn_max_pool2d] Trial #35: GFLOPs: 2.4201. Time: 746.3971 us. Best GFLOPs: 66.5027
2024-05-21 04:46:45 [INFO] [task_scheduler.cc:131] [Task #63: fused_nn_max_pool2d] Trial #36: GFLOPs: 2.7115. Time: 666.1866 us. Best GFLOPs: 66.5027
2024-05-21 04:46:45 [INFO] [task_scheduler.cc:131] [Task #63: fused_nn_max_pool2d] Trial #37: GFLOPs: 1.8206. Time: 992.1496 us. Best GFLOPs: 66.5027
2024-05-21 04:46:45 [INFO] [task_scheduler.cc:131] [Task #63: fused_nn_max_pool2d] Trial #38: GFLOPs: 2.7303. Time: 661.5859 us. Best GFLOPs: 66.5027
2024-05-21 04:46:45 [INFO] [task_scheduler.cc:131] [Task #63: fused_nn_max_pool2d] Trial #39: GFLOPs: 30.3287. Time: 59.5586 us. Best GFLOPs: 66.5027
2024-05-21 04:46:45 [INFO] [task_scheduler.cc:131] [Task #63: fused_nn_max_pool2d] Trial #40: GFLOPs: 9.0227. Time: 200.1986 us. Best GFLOPs: 66.5027
2024-05-21 04:46:45 [INFO] [task_scheduler.cc:131] [Task #63: fused_nn_max_pool2d] Trial #41: GFLOPs: 2.6805. Time: 673.8729 us. Best GFLOPs: 66.5027
2024-05-21 04:46:45 [INFO] [task_scheduler.cc:131] [Task #63: fused_nn_max_pool2d] Trial #42: GFLOPs: 31.6695. Time: 57.0371 us. Best GFLOPs: 66.5027
2024-05-21 04:46:45 [INFO] [task_scheduler.cc:131] [Task #63: fused_nn_max_pool2d] Trial #43: GFLOPs: 3.5745. Time: 505.3465 us. Best GFLOPs: 66.5027
2024-05-21 04:46:45 [INFO] [task_scheduler.cc:131] [Task #63: fused_nn_max_pool2d] Trial #44: GFLOPs: 9.8743. Time: 182.9328 us. Best GFLOPs: 66.5027
2024-05-21 04:46:45 [INFO] [task_scheduler.cc:131] [Task #63: fused_nn_max_pool2d] Trial #45: GFLOPs: 8.2279. Time: 219.5373 us. Best GFLOPs: 66.5027
2024-05-21 04:46:45 [INFO] [task_scheduler.cc:131] [Task #63: fused_nn_max_pool2d] Trial #46: GFLOPs: 7.7026. Time: 234.5095 us. Best GFLOPs: 66.5027
2024-05-21 04:46:45 [INFO] [task_scheduler.cc:131] [Task #63: fused_nn_max_pool2d] Trial #47: GFLOPs: 33.3590. Time: 54.1485 us. Best GFLOPs: 66.5027
2024-05-21 04:46:45 [INFO] [task_scheduler.cc:131] [Task #63: fused_nn_max_pool2d] Trial #48: GFLOPs: 5.6073. Time: 322.1426 us. Best GFLOPs: 66.5027
2024-05-21 04:46:45 [INFO] [task_scheduler.cc:131] [Task #63: fused_nn_max_pool2d] Trial #49: GFLOPs: 1.8859. Time: 957.8262 us. Best GFLOPs: 66.5027
2024-05-21 04:46:45 [INFO] [task_scheduler.cc:131] [Task #63: fused_nn_max_pool2d] Trial #50: GFLOPs: 1.4011. Time: 1289.2728 us. Best GFLOPs: 66.5027
2024-05-21 04:46:45 [INFO] [task_scheduler.cc:131] [Task #63: fused_nn_max_pool2d] Trial #51: GFLOPs: 2.7344. Time: 660.5876 us. Best GFLOPs: 66.5027
2024-05-21 04:46:45 [INFO] [task_scheduler.cc:131] [Task #63: fused_nn_max_pool2d] Trial #52: GFLOPs: 8.4351. Time: 214.1439 us. Best GFLOPs: 66.5027
2024-05-21 04:46:45 [INFO] [task_scheduler.cc:131] [Task #63: fused_nn_max_pool2d] Trial #53: GFLOPs: 3.1776. Time: 568.4640 us. Best GFLOPs: 66.5027
2024-05-21 04:46:45 [INFO] [task_scheduler.cc:131] [Task #63: fused_nn_max_pool2d] Trial #54: GFLOPs: 5.3751. Time: 336.0554 us. Best GFLOPs: 66.5027
2024-05-21 04:46:45 [INFO] [task_scheduler.cc:131] [Task #63: fused_nn_max_pool2d] Trial #55: GFLOPs: 1.1055. Time: 1633.9972 us. Best GFLOPs: 66.5027
2024-05-21 04:46:45 [INFO] [task_scheduler.cc:131] [Task #63: fused_nn_max_pool2d] Trial #56: GFLOPs: 10.9013. Time: 165.6999 us. Best GFLOPs: 66.5027
2024-05-21 04:46:45 [INFO] [task_scheduler.cc:131] [Task #63: fused_nn_max_pool2d] Trial #57: GFLOPs: 1.8188. Time: 993.1640 us. Best GFLOPs: 66.5027
2024-05-21 04:46:45 [INFO] [task_scheduler.cc:131] [Task #63: fused_nn_max_pool2d] Trial #58: GFLOPs: 35.9859. Time: 50.1956 us. Best GFLOPs: 66.5027
2024-05-21 04:46:45 [INFO] [task_scheduler.cc:131] [Task #63: fused_nn_max_pool2d] Trial #59: GFLOPs: 8.0442. Time: 224.5518 us. Best GFLOPs: 66.5027
2024-05-21 04:46:45 [INFO] [task_scheduler.cc:131] [Task #63: fused_nn_max_pool2d] Trial #60: GFLOPs: 2.4416. Time: 739.8142 us. Best GFLOPs: 66.5027
2024-05-21 04:46:45 [INFO] [task_scheduler.cc:131] [Task #63: fused_nn_max_pool2d] Trial #61: GFLOPs: 9.5651. Time: 188.8462 us. Best GFLOPs: 66.5027
2024-05-21 04:46:45 [INFO] [task_scheduler.cc:131] [Task #63: fused_nn_max_pool2d] Trial #62: GFLOPs: 11.7588. Time: 153.6160 us. Best GFLOPs: 66.5027
2024-05-21 04:46:45 [INFO] [task_scheduler.cc:131] [Task #63: fused_nn_max_pool2d] Trial #63: GFLOPs: 3.4112. Time: 529.5233 us. Best GFLOPs: 66.5027
