2024-05-21 02:46:40 [INFO] [task_scheduler.cc:160] Initializing Task #66: "fused_nn_contrib_conv2d_NCHWc_3"
2024-05-21 02:46:40 [INFO] [task_scheduler.cc:35] 
# from tvm.script import ir as I
# from tvm.script import tir as T

@I.ir_module
class Module:
    @T.prim_func
    def main(p0: T.Buffer((T.int64(1), T.int64(16), T.int64(56), T.int64(56), T.int64(8)), "float32"), p1: T.Buffer((T.int64(4), T.int64(16), T.int64(3), T.int64(3), T.int64(8), T.int64(8)), "float32"), conv2d_NCHWc: T.Buffer((T.int64(1), T.int64(4), T.int64(56), T.int64(56), T.int64(8)), "float32")):
        T.func_attr({"tir.noalias": T.bool(True)})
        # with T.block("root"):
        data_pad = T.alloc_buffer((T.int64(1), T.int64(16), T.int64(58), T.int64(58), T.int64(8)))
        for i0, i1, i2, i3, i4 in T.grid(T.int64(1), T.int64(16), T.int64(58), T.int64(58), T.int64(8)):
            with T.block("data_pad"):
                v_i0, v_i1, v_i2, v_i3, v_i4 = T.axis.remap("SSSSS", [i0, i1, i2, i3, i4])
                T.reads(p0[v_i0, v_i1, v_i2 - T.int64(1), v_i3 - T.int64(1), v_i4])
                T.writes(data_pad[v_i0, v_i1, v_i2, v_i3, v_i4])
                data_pad[v_i0, v_i1, v_i2, v_i3, v_i4] = T.if_then_else(T.int64(1) <= v_i2 and v_i2 < T.int64(57) and T.int64(1) <= v_i3 and v_i3 < T.int64(57), p0[v_i0, v_i1, v_i2 - T.int64(1), v_i3 - T.int64(1), v_i4], T.float32(0))
        for n, oc_chunk, oh, ow, oc_block, ic, kh, kw in T.grid(T.int64(1), T.int64(4), T.int64(56), T.int64(56), T.int64(8), T.int64(128), T.int64(3), T.int64(3)):
            with T.block("conv2d_NCHWc"):
                v_n, v_oc_chunk, v_oh, v_ow, v_oc_block, v_ic, v_kh, v_kw = T.axis.remap("SSSSSRRR", [n, oc_chunk, oh, ow, oc_block, ic, kh, kw])
                T.reads(data_pad[v_n, v_ic // T.int64(8), v_oh + v_kh, v_ow + v_kw, v_ic % T.int64(8)], p1[v_oc_chunk, v_ic // T.int64(8), v_kh, v_kw, v_ic % T.int64(8), v_oc_block])
                T.writes(conv2d_NCHWc[v_n, v_oc_chunk, v_oh, v_ow, v_oc_block])
                with T.init():
                    conv2d_NCHWc[v_n, v_oc_chunk, v_oh, v_ow, v_oc_block] = T.float32(0)
                conv2d_NCHWc[v_n, v_oc_chunk, v_oh, v_ow, v_oc_block] = conv2d_NCHWc[v_n, v_oc_chunk, v_oh, v_ow, v_oc_block] + data_pad[v_n, v_ic // T.int64(8), v_oh + v_kh, v_ow + v_kw, v_ic % T.int64(8)] * p1[v_oc_chunk, v_ic // T.int64(8), v_kh, v_kw, v_ic % T.int64(8), v_oc_block]
2024-05-21 02:46:40 [INFO] [task_scheduler.cc:164] Total 3 design space(s) generated
2024-05-21 02:46:40 [INFO] [task_scheduler.cc:170] Design space #0:
# from tvm.script import ir as I
# from tvm.script import tir as T

@I.ir_module
class Module:
    @T.prim_func
    def main(p0: T.Buffer((T.int64(1), T.int64(16), T.int64(56), T.int64(56), T.int64(8)), "float32"), p1: T.Buffer((T.int64(4), T.int64(16), T.int64(3), T.int64(3), T.int64(8), T.int64(8)), "float32"), conv2d_NCHWc: T.Buffer((T.int64(1), T.int64(4), T.int64(56), T.int64(56), T.int64(8)), "float32")):
        T.func_attr({"tir.noalias": T.bool(True)})
        with T.block("root"):
            T.reads()
            T.writes()
            T.block_attr({"meta_schedule.parallel": 96, "meta_schedule.unroll_explicit": 64, "meta_schedule.vectorize": 64})
            data_pad = T.alloc_buffer((T.int64(1), T.int64(16), T.int64(58), T.int64(58), T.int64(8)))
            conv2d_NCHWc_global = T.alloc_buffer((T.int64(1), T.int64(4), T.int64(56), T.int64(56), T.int64(8)))
            for n_0, oc_chunk_0, oh_0, ow_0, oc_block_0, n_1, oc_chunk_1, oh_1, ow_1, oc_block_1 in T.grid(T.int64(1), T.int64(1), T.int64(1), T.int64(1), T.int64(1), T.int64(1), T.int64(1), T.int64(4), T.int64(1), T.int64(1)):
                for ic_0 in range(T.int64(4)):
                    for ax0, ax1, ax2, ax3, ax4 in T.grid(T.int64(1), T.int64(4), T.int64(16), T.int64(58), T.int64(8)):
                        with T.block("data_pad"):
                            v_i0 = T.axis.spatial(T.int64(1), ax0)
                            v_i1 = T.axis.spatial(T.int64(16), ic_0 * T.int64(4) + ax1)
                            v_i2 = T.axis.spatial(T.int64(58), oh_1 * T.int64(14) + ax2)
                            v_i3, v_i4 = T.axis.remap("SS", [ax3, ax4])
                            T.reads(p0[v_i0, v_i1, v_i2 - T.int64(1), v_i3 - T.int64(1), v_i4])
                            T.writes(data_pad[v_i0, v_i1, v_i2, v_i3, v_i4])
                            data_pad[v_i0, v_i1, v_i2, v_i3, v_i4] = T.if_then_else(T.int64(1) <= v_i2 and v_i2 < T.int64(57) and T.int64(1) <= v_i3 and v_i3 < T.int64(57), p0[v_i0, v_i1, v_i2 - T.int64(1), v_i3 - T.int64(1), v_i4], T.float32(0))
                    for kh_0, kw_0, n_2, oc_chunk_2, oh_2, ow_2, oc_block_2, ic_1, kh_1, kw_1, n_3, oc_chunk_3, oh_3, ow_3, oc_block_3 in T.grid(T.int64(3), T.int64(1), T.int64(1), T.int64(4), T.int64(7), T.int64(28), T.int64(8), T.int64(32), T.int64(1), T.int64(3), T.int64(1), T.int64(1), T.int64(2), T.int64(2), T.int64(1)):
                        with T.block("conv2d_NCHWc"):
                            v_n = T.axis.spatial(T.int64(1), n_0 + n_1 + n_2 + n_3)
                            v_oc_chunk = T.axis.spatial(T.int64(4), oc_chunk_0 * T.int64(4) + oc_chunk_1 * T.int64(4) + oc_chunk_2 + oc_chunk_3)
                            v_oh = T.axis.spatial(T.int64(56), oh_0 * T.int64(56) + oh_1 * T.int64(14) + oh_2 * T.int64(2) + oh_3)
                            v_ow = T.axis.spatial(T.int64(56), ow_0 * T.int64(56) + ow_1 * T.int64(56) + ow_2 * T.int64(2) + ow_3)
                            v_oc_block = T.axis.spatial(T.int64(8), oc_block_0 * T.int64(8) + oc_block_1 * T.int64(8) + oc_block_2 + oc_block_3)
                            v_ic = T.axis.reduce(T.int64(128), ic_0 * T.int64(32) + ic_1)
                            v_kh = T.axis.reduce(T.int64(3), kh_0 + kh_1)
                            v_kw = T.axis.reduce(T.int64(3), kw_0 * T.int64(3) + kw_1)
                            T.reads(data_pad[v_n, v_ic // T.int64(8), v_oh + v_kh, v_ow + v_kw, v_ic % T.int64(8)], p1[v_oc_chunk, v_ic // T.int64(8), v_kh, v_kw, v_ic % T.int64(8), v_oc_block])
                            T.writes(conv2d_NCHWc_global[v_n, v_oc_chunk, v_oh, v_ow, v_oc_block])
                            T.block_attr({"meta_schedule.tiling_structure": "SSRSRS"})
                            with T.init():
                                conv2d_NCHWc_global[v_n, v_oc_chunk, v_oh, v_ow, v_oc_block] = T.float32(0)
                            conv2d_NCHWc_global[v_n, v_oc_chunk, v_oh, v_ow, v_oc_block] = conv2d_NCHWc_global[v_n, v_oc_chunk, v_oh, v_ow, v_oc_block] + data_pad[v_n, v_ic // T.int64(8), v_oh + v_kh, v_ow + v_kw, v_ic % T.int64(8)] * p1[v_oc_chunk, v_ic // T.int64(8), v_kh, v_kw, v_ic % T.int64(8), v_oc_block]
                for ax0, ax1, ax2, ax3, ax4 in T.grid(T.int64(1), T.int64(4), T.int64(14), T.int64(56), T.int64(8)):
                    with T.block("conv2d_NCHWc_global"):
                        v0, v1 = T.axis.remap("SS", [ax0, ax1])
                        v2 = T.axis.spatial(T.int64(56), oh_1 * T.int64(14) + ax2)
                        v3, v4 = T.axis.remap("SS", [ax3, ax4])
                        T.reads(conv2d_NCHWc_global[v0, v1, v2, v3, v4])
                        T.writes(conv2d_NCHWc[v0, v1, v2, v3, v4])
                        conv2d_NCHWc[v0, v1, v2, v3, v4] = conv2d_NCHWc_global[v0, v1, v2, v3, v4]
b0 = sch.get_block(name="data_pad", func_name="main")
b1 = sch.get_block(name="conv2d_NCHWc", func_name="main")
b2 = sch.get_block(name="root", func_name="main")
sch.annotate(block_or_loop=b1, ann_key="meta_schedule.tiling_structure", ann_val="SSRSRS")
l3, l4, l5, l6, l7, l8, l9, l10 = sch.get_loops(block=b1)
v11, v12, v13, v14 = sch.sample_perfect_tile(loop=l3, n=4, max_innermost_factor=64, decision=[1, 1, 1, 1])
l15, l16, l17, l18 = sch.split(loop=l3, factors=[v11, v12, v13, v14], preserve_unit_iters=True, disable_predication=False)
v19, v20, v21, v22 = sch.sample_perfect_tile(loop=l4, n=4, max_innermost_factor=64, decision=[1, 1, 4, 1])
l23, l24, l25, l26 = sch.split(loop=l4, factors=[v19, v20, v21, v22], preserve_unit_iters=True, disable_predication=False)
v27, v28, v29, v30 = sch.sample_perfect_tile(loop=l5, n=4, max_innermost_factor=64, decision=[1, 4, 7, 2])
l31, l32, l33, l34 = sch.split(loop=l5, factors=[v27, v28, v29, v30], preserve_unit_iters=True, disable_predication=False)
v35, v36, v37, v38 = sch.sample_perfect_tile(loop=l6, n=4, max_innermost_factor=64, decision=[1, 1, 28, 2])
l39, l40, l41, l42 = sch.split(loop=l6, factors=[v35, v36, v37, v38], preserve_unit_iters=True, disable_predication=False)
v43, v44, v45, v46 = sch.sample_perfect_tile(loop=l7, n=4, max_innermost_factor=64, decision=[1, 1, 8, 1])
l47, l48, l49, l50 = sch.split(loop=l7, factors=[v43, v44, v45, v46], preserve_unit_iters=True, disable_predication=False)
v51, v52 = sch.sample_perfect_tile(loop=l8, n=2, max_innermost_factor=64, decision=[4, 32])
l53, l54 = sch.split(loop=l8, factors=[v51, v52], preserve_unit_iters=True, disable_predication=False)
v55, v56 = sch.sample_perfect_tile(loop=l9, n=2, max_innermost_factor=64, decision=[3, 1])
l57, l58 = sch.split(loop=l9, factors=[v55, v56], preserve_unit_iters=True, disable_predication=False)
v59, v60 = sch.sample_perfect_tile(loop=l10, n=2, max_innermost_factor=64, decision=[1, 3])
l61, l62 = sch.split(loop=l10, factors=[v59, v60], preserve_unit_iters=True, disable_predication=False)
sch.reorder(l15, l23, l31, l39, l47, l16, l24, l32, l40, l48, l53, l57, l61, l17, l25, l33, l41, l49, l54, l58, l62, l18, l26, l34, l42, l50)
b63 = sch.cache_write(block=b1, write_buffer_index=0, storage_scope="global")
sch.reverse_compute_at(block=b63, loop=l48, preserve_unit_loops=True, index=-1)
sch.annotate(block_or_loop=b2, ann_key="meta_schedule.parallel", ann_val=96)
sch.annotate(block_or_loop=b2, ann_key="meta_schedule.vectorize", ann_val=64)
v64 = sch.sample_categorical(candidates=[0, 16, 64, 512], probs=[0.25, 0.25, 0.25, 0.25], decision=2)
sch.annotate(block_or_loop=b2, ann_key="meta_schedule.unroll_explicit", ann_val=v64)
l65 = sch.sample_compute_location(block=b0, decision=10)
sch.compute_at(block=b0, loop=l65, preserve_unit_loops=True, index=-1)
2024-05-21 02:46:40 [INFO] [task_scheduler.cc:170] Design space #1:
# from tvm.script import ir as I
# from tvm.script import tir as T

@I.ir_module
class Module:
    @T.prim_func
    def main(p0: T.Buffer((T.int64(1), T.int64(16), T.int64(56), T.int64(56), T.int64(8)), "float32"), p1: T.Buffer((T.int64(4), T.int64(16), T.int64(3), T.int64(3), T.int64(8), T.int64(8)), "float32"), conv2d_NCHWc: T.Buffer((T.int64(1), T.int64(4), T.int64(56), T.int64(56), T.int64(8)), "float32")):
        T.func_attr({"tir.noalias": T.bool(True)})
        with T.block("root"):
            T.reads()
            T.writes()
            T.block_attr({"meta_schedule.parallel": 96, "meta_schedule.unroll_explicit": 64, "meta_schedule.vectorize": 64})
            conv2d_NCHWc_global = T.alloc_buffer((T.int64(1), T.int64(4), T.int64(56), T.int64(56), T.int64(8)))
            for n_0, oc_chunk_0, oh_0, ow_0, oc_block_0 in T.grid(T.int64(1), T.int64(1), T.int64(1), T.int64(1), T.int64(1)):
                for n_1, oc_chunk_1, oh_1, ow_1, oc_block_1, ic_0, kh_0, kw_0, n_2, oc_chunk_2, oh_2, ow_2, oc_block_2, ic_1, kh_1, kw_1, n_3, oc_chunk_3, oh_3, ow_3, oc_block_3 in T.grid(T.int64(1), T.int64(1), T.int64(4), T.int64(1), T.int64(1), T.int64(4), T.int64(3), T.int64(1), T.int64(1), T.int64(4), T.int64(7), T.int64(28), T.int64(8), T.int64(32), T.int64(1), T.int64(3), T.int64(1), T.int64(1), T.int64(2), T.int64(2), T.int64(1)):
                    with T.block("conv2d_NCHWc"):
                        v_n = T.axis.spatial(T.int64(1), n_0 + n_1 + n_2 + n_3)
                        v_oc_chunk = T.axis.spatial(T.int64(4), oc_chunk_0 * T.int64(4) + oc_chunk_1 * T.int64(4) + oc_chunk_2 + oc_chunk_3)
                        v_oh = T.axis.spatial(T.int64(56), oh_0 * T.int64(56) + oh_1 * T.int64(14) + oh_2 * T.int64(2) + oh_3)
                        v_ow = T.axis.spatial(T.int64(56), ow_0 * T.int64(56) + ow_1 * T.int64(56) + ow_2 * T.int64(2) + ow_3)
                        v_oc_block = T.axis.spatial(T.int64(8), oc_block_0 * T.int64(8) + oc_block_1 * T.int64(8) + oc_block_2 + oc_block_3)
                        v_ic = T.axis.reduce(T.int64(128), ic_0 * T.int64(32) + ic_1)
                        v_kh = T.axis.reduce(T.int64(3), kh_0 + kh_1)
                        v_kw = T.axis.reduce(T.int64(3), kw_0 * T.int64(3) + kw_1)
                        T.reads(p0[v_n, v_ic // T.int64(8), v_oh + v_kh - T.int64(1), v_ow + v_kw - T.int64(1), v_ic % T.int64(8)], p1[v_oc_chunk, v_ic // T.int64(8), v_kh, v_kw, v_ic % T.int64(8), v_oc_block])
                        T.writes(conv2d_NCHWc_global[v_n, v_oc_chunk, v_oh, v_ow, v_oc_block])
                        T.block_attr({"meta_schedule.tiling_structure": "SSRSRS"})
                        with T.init():
                            conv2d_NCHWc_global[v_n, v_oc_chunk, v_oh, v_ow, v_oc_block] = T.float32(0)
                        conv2d_NCHWc_global[v_n, v_oc_chunk, v_oh, v_ow, v_oc_block] = conv2d_NCHWc_global[v_n, v_oc_chunk, v_oh, v_ow, v_oc_block] + T.if_then_else(T.int64(1) <= v_oh + v_kh and v_oh + v_kh < T.int64(57) and T.int64(1) <= v_ow + v_kw and v_ow + v_kw < T.int64(57), p0[v_n, v_ic // T.int64(8), v_oh + v_kh - T.int64(1), v_ow + v_kw - T.int64(1), v_ic % T.int64(8)], T.float32(0)) * p1[v_oc_chunk, v_ic // T.int64(8), v_kh, v_kw, v_ic % T.int64(8), v_oc_block]
                for ax0, ax1, ax2, ax3, ax4 in T.grid(T.int64(1), T.int64(4), T.int64(56), T.int64(56), T.int64(8)):
                    with T.block("conv2d_NCHWc_global"):
                        v0, v1, v2, v3, v4 = T.axis.remap("SSSSS", [ax0, ax1, ax2, ax3, ax4])
                        T.reads(conv2d_NCHWc_global[v0, v1, v2, v3, v4])
                        T.writes(conv2d_NCHWc[v0, v1, v2, v3, v4])
                        conv2d_NCHWc[v0, v1, v2, v3, v4] = conv2d_NCHWc_global[v0, v1, v2, v3, v4]
b0 = sch.get_block(name="data_pad", func_name="main")
b1 = sch.get_block(name="conv2d_NCHWc", func_name="main")
b2 = sch.get_block(name="root", func_name="main")
sch.annotate(block_or_loop=b1, ann_key="meta_schedule.tiling_structure", ann_val="SSRSRS")
l3, l4, l5, l6, l7, l8, l9, l10 = sch.get_loops(block=b1)
v11, v12, v13, v14 = sch.sample_perfect_tile(loop=l3, n=4, max_innermost_factor=64, decision=[1, 1, 1, 1])
l15, l16, l17, l18 = sch.split(loop=l3, factors=[v11, v12, v13, v14], preserve_unit_iters=True, disable_predication=False)
v19, v20, v21, v22 = sch.sample_perfect_tile(loop=l4, n=4, max_innermost_factor=64, decision=[1, 1, 4, 1])
l23, l24, l25, l26 = sch.split(loop=l4, factors=[v19, v20, v21, v22], preserve_unit_iters=True, disable_predication=False)
v27, v28, v29, v30 = sch.sample_perfect_tile(loop=l5, n=4, max_innermost_factor=64, decision=[1, 4, 7, 2])
l31, l32, l33, l34 = sch.split(loop=l5, factors=[v27, v28, v29, v30], preserve_unit_iters=True, disable_predication=False)
v35, v36, v37, v38 = sch.sample_perfect_tile(loop=l6, n=4, max_innermost_factor=64, decision=[1, 1, 28, 2])
l39, l40, l41, l42 = sch.split(loop=l6, factors=[v35, v36, v37, v38], preserve_unit_iters=True, disable_predication=False)
v43, v44, v45, v46 = sch.sample_perfect_tile(loop=l7, n=4, max_innermost_factor=64, decision=[1, 1, 8, 1])
l47, l48, l49, l50 = sch.split(loop=l7, factors=[v43, v44, v45, v46], preserve_unit_iters=True, disable_predication=False)
v51, v52 = sch.sample_perfect_tile(loop=l8, n=2, max_innermost_factor=64, decision=[4, 32])
l53, l54 = sch.split(loop=l8, factors=[v51, v52], preserve_unit_iters=True, disable_predication=False)
v55, v56 = sch.sample_perfect_tile(loop=l9, n=2, max_innermost_factor=64, decision=[3, 1])
l57, l58 = sch.split(loop=l9, factors=[v55, v56], preserve_unit_iters=True, disable_predication=False)
v59, v60 = sch.sample_perfect_tile(loop=l10, n=2, max_innermost_factor=64, decision=[1, 3])
l61, l62 = sch.split(loop=l10, factors=[v59, v60], preserve_unit_iters=True, disable_predication=False)
sch.reorder(l15, l23, l31, l39, l47, l16, l24, l32, l40, l48, l53, l57, l61, l17, l25, l33, l41, l49, l54, l58, l62, l18, l26, l34, l42, l50)
b63 = sch.cache_write(block=b1, write_buffer_index=0, storage_scope="global")
sch.reverse_compute_at(block=b63, loop=l47, preserve_unit_loops=True, index=-1)
sch.annotate(block_or_loop=b2, ann_key="meta_schedule.parallel", ann_val=96)
sch.annotate(block_or_loop=b2, ann_key="meta_schedule.vectorize", ann_val=64)
v64 = sch.sample_categorical(candidates=[0, 16, 64, 512], probs=[0.25, 0.25, 0.25, 0.25], decision=2)
sch.annotate(block_or_loop=b2, ann_key="meta_schedule.unroll_explicit", ann_val=v64)
l65 = sch.sample_compute_location(block=b0, decision=-2)
sch.compute_at(block=b0, loop=l65, preserve_unit_loops=True, index=-1)
2024-05-21 02:46:40 [INFO] [task_scheduler.cc:170] Design space #2:
# from tvm.script import ir as I
# from tvm.script import tir as T

@I.ir_module
class Module:
    @T.prim_func
    def main(p0: T.Buffer((T.int64(1), T.int64(16), T.int64(56), T.int64(56), T.int64(8)), "float32"), p1: T.Buffer((T.int64(4), T.int64(16), T.int64(3), T.int64(3), T.int64(8), T.int64(8)), "float32"), conv2d_NCHWc: T.Buffer((T.int64(1), T.int64(4), T.int64(56), T.int64(56), T.int64(8)), "float32")):
        T.func_attr({"tir.noalias": T.bool(True)})
        with T.block("root"):
            T.reads()
            T.writes()
            T.block_attr({"meta_schedule.parallel": 96, "meta_schedule.unroll_explicit": 16, "meta_schedule.vectorize": 64})
            data_pad = T.alloc_buffer((T.int64(1), T.int64(16), T.int64(58), T.int64(58), T.int64(8)))
            for n_0, oc_chunk_0, oh_0, ow_0, oc_block_0, n_1, oc_chunk_1, oh_1, ow_1, oc_block_1, ic_0, kh_0 in T.grid(T.int64(1), T.int64(1), T.int64(1), T.int64(1), T.int64(1), T.int64(1), T.int64(1), T.int64(4), T.int64(1), T.int64(1), T.int64(4), T.int64(3)):
                for ax0, ax1, ax2, ax3, ax4 in T.grid(T.int64(1), T.int64(4), T.int64(14), T.int64(58), T.int64(8)):
                    with T.block("data_pad"):
                        v_i0 = T.axis.spatial(T.int64(1), ax0)
                        v_i1 = T.axis.spatial(T.int64(16), ic_0 * T.int64(4) + ax1)
                        v_i2 = T.axis.spatial(T.int64(58), oh_1 * T.int64(14) + kh_0 + ax2)
                        v_i3, v_i4 = T.axis.remap("SS", [ax3, ax4])
                        T.reads(p0[v_i0, v_i1, v_i2 - T.int64(1), v_i3 - T.int64(1), v_i4])
                        T.writes(data_pad[v_i0, v_i1, v_i2, v_i3, v_i4])
                        data_pad[v_i0, v_i1, v_i2, v_i3, v_i4] = T.if_then_else(T.int64(1) <= v_i2 and v_i2 < T.int64(57) and T.int64(1) <= v_i3 and v_i3 < T.int64(57), p0[v_i0, v_i1, v_i2 - T.int64(1), v_i3 - T.int64(1), v_i4], T.float32(0))
                for kw_0, n_2, oc_chunk_2, oh_2, ow_2, oc_block_2, ic_1, kh_1, kw_1, n_3, oc_chunk_3, oh_3, ow_3, oc_block_3 in T.grid(T.int64(1), T.int64(1), T.int64(4), T.int64(7), T.int64(28), T.int64(8), T.int64(32), T.int64(1), T.int64(3), T.int64(1), T.int64(1), T.int64(2), T.int64(2), T.int64(1)):
                    with T.block("conv2d_NCHWc"):
                        v_n = T.axis.spatial(T.int64(1), n_0 + n_1 + n_2 + n_3)
                        v_oc_chunk = T.axis.spatial(T.int64(4), oc_chunk_0 * T.int64(4) + oc_chunk_1 * T.int64(4) + oc_chunk_2 + oc_chunk_3)
                        v_oh = T.axis.spatial(T.int64(56), oh_0 * T.int64(56) + oh_1 * T.int64(14) + oh_2 * T.int64(2) + oh_3)
                        v_ow = T.axis.spatial(T.int64(56), ow_0 * T.int64(56) + ow_1 * T.int64(56) + ow_2 * T.int64(2) + ow_3)
                        v_oc_block = T.axis.spatial(T.int64(8), oc_block_0 * T.int64(8) + oc_block_1 * T.int64(8) + oc_block_2 + oc_block_3)
                        v_ic = T.axis.reduce(T.int64(128), ic_0 * T.int64(32) + ic_1)
                        v_kh = T.axis.reduce(T.int64(3), kh_0 + kh_1)
                        v_kw = T.axis.reduce(T.int64(3), kw_0 * T.int64(3) + kw_1)
                        T.reads(data_pad[v_n, v_ic // T.int64(8), v_oh + v_kh, v_ow + v_kw, v_ic % T.int64(8)], p1[v_oc_chunk, v_ic // T.int64(8), v_kh, v_kw, v_ic % T.int64(8), v_oc_block])
                        T.writes(conv2d_NCHWc[v_n, v_oc_chunk, v_oh, v_ow, v_oc_block])
                        T.block_attr({"meta_schedule.tiling_structure": "SSRSRS"})
                        with T.init():
                            conv2d_NCHWc[v_n, v_oc_chunk, v_oh, v_ow, v_oc_block] = T.float32(0)
                        conv2d_NCHWc[v_n, v_oc_chunk, v_oh, v_ow, v_oc_block] = conv2d_NCHWc[v_n, v_oc_chunk, v_oh, v_ow, v_oc_block] + data_pad[v_n, v_ic // T.int64(8), v_oh + v_kh, v_ow + v_kw, v_ic % T.int64(8)] * p1[v_oc_chunk, v_ic // T.int64(8), v_kh, v_kw, v_ic % T.int64(8), v_oc_block]
b0 = sch.get_block(name="data_pad", func_name="main")
b1 = sch.get_block(name="conv2d_NCHWc", func_name="main")
b2 = sch.get_block(name="root", func_name="main")
sch.annotate(block_or_loop=b1, ann_key="meta_schedule.tiling_structure", ann_val="SSRSRS")
l3, l4, l5, l6, l7, l8, l9, l10 = sch.get_loops(block=b1)
v11, v12, v13, v14 = sch.sample_perfect_tile(loop=l3, n=4, max_innermost_factor=64, decision=[1, 1, 1, 1])
l15, l16, l17, l18 = sch.split(loop=l3, factors=[v11, v12, v13, v14], preserve_unit_iters=True, disable_predication=False)
v19, v20, v21, v22 = sch.sample_perfect_tile(loop=l4, n=4, max_innermost_factor=64, decision=[1, 1, 4, 1])
l23, l24, l25, l26 = sch.split(loop=l4, factors=[v19, v20, v21, v22], preserve_unit_iters=True, disable_predication=False)
v27, v28, v29, v30 = sch.sample_perfect_tile(loop=l5, n=4, max_innermost_factor=64, decision=[1, 4, 7, 2])
l31, l32, l33, l34 = sch.split(loop=l5, factors=[v27, v28, v29, v30], preserve_unit_iters=True, disable_predication=False)
v35, v36, v37, v38 = sch.sample_perfect_tile(loop=l6, n=4, max_innermost_factor=64, decision=[1, 1, 28, 2])
l39, l40, l41, l42 = sch.split(loop=l6, factors=[v35, v36, v37, v38], preserve_unit_iters=True, disable_predication=False)
v43, v44, v45, v46 = sch.sample_perfect_tile(loop=l7, n=4, max_innermost_factor=64, decision=[1, 1, 8, 1])
l47, l48, l49, l50 = sch.split(loop=l7, factors=[v43, v44, v45, v46], preserve_unit_iters=True, disable_predication=False)
v51, v52 = sch.sample_perfect_tile(loop=l8, n=2, max_innermost_factor=64, decision=[4, 32])
l53, l54 = sch.split(loop=l8, factors=[v51, v52], preserve_unit_iters=True, disable_predication=False)
v55, v56 = sch.sample_perfect_tile(loop=l9, n=2, max_innermost_factor=64, decision=[3, 1])
l57, l58 = sch.split(loop=l9, factors=[v55, v56], preserve_unit_iters=True, disable_predication=False)
v59, v60 = sch.sample_perfect_tile(loop=l10, n=2, max_innermost_factor=64, decision=[1, 3])
l61, l62 = sch.split(loop=l10, factors=[v59, v60], preserve_unit_iters=True, disable_predication=False)
sch.reorder(l15, l23, l31, l39, l47, l16, l24, l32, l40, l48, l53, l57, l61, l17, l25, l33, l41, l49, l54, l58, l62, l18, l26, l34, l42, l50)
sch.annotate(block_or_loop=b2, ann_key="meta_schedule.parallel", ann_val=96)
sch.annotate(block_or_loop=b2, ann_key="meta_schedule.vectorize", ann_val=64)
v63 = sch.sample_categorical(candidates=[0, 16, 64, 512], probs=[0.25, 0.25, 0.25, 0.25], decision=1)
sch.annotate(block_or_loop=b2, ann_key="meta_schedule.unroll_explicit", ann_val=v63)
l64 = sch.sample_compute_location(block=b0, decision=11)
sch.compute_at(block=b0, loop=l64, preserve_unit_loops=True, index=-1)
2024-05-21 04:31:41 [INFO] [evolutionary_search.cc:713] Generating candidates......
2024-05-21 04:31:41 [INFO] [evolutionary_search.cc:715] Picked top 0 candidate(s) from database
2024-05-21 04:31:43 [INFO] [evolutionary_search.cc:533] Sample-Init-Population summary:
Postproc #0 [meta_schedule.DisallowDynamicLoop(0x16d2efe8)]: 0 failure(s)
Postproc #1 [meta_schedule.RewriteParallelVectorizeUnroll(0xf9174b8)]: 0 failure(s)
Postproc #2 [meta_schedule.RewriteReductionBlock(0x18f9e358)]: 0 failure(s)
Postproc #3 [meta_schedule.RewriteLayout(0x1b8a9218)]: 0 failure(s)
2024-05-21 04:31:43 [INFO] [evolutionary_search.cc:723] Sampled 512 candidate(s)
2024-05-21 04:31:45 [INFO] [evolutionary_search.cc:621] Evolve iter #0 done. Summary:
Postproc #0 [meta_schedule.DisallowDynamicLoop(0x16d2efe8)]: 0 failure(s)
Postproc #1 [meta_schedule.RewriteParallelVectorizeUnroll(0xf9174b8)]: 0 failure(s)
Postproc #2 [meta_schedule.RewriteReductionBlock(0x18f9e358)]: 0 failure(s)
Postproc #3 [meta_schedule.RewriteLayout(0x1b8a9218)]: 0 failure(s)
2024-05-21 04:31:47 [INFO] [evolutionary_search.cc:621] Evolve iter #1 done. Summary:
Postproc #0 [meta_schedule.DisallowDynamicLoop(0x16d2efe8)]: 0 failure(s)
Postproc #1 [meta_schedule.RewriteParallelVectorizeUnroll(0xf9174b8)]: 0 failure(s)
Postproc #2 [meta_schedule.RewriteReductionBlock(0x18f9e358)]: 0 failure(s)
Postproc #3 [meta_schedule.RewriteLayout(0x1b8a9218)]: 0 failure(s)
2024-05-21 04:31:49 [INFO] [evolutionary_search.cc:621] Evolve iter #2 done. Summary:
Postproc #0 [meta_schedule.DisallowDynamicLoop(0x16d2efe8)]: 0 failure(s)
Postproc #1 [meta_schedule.RewriteParallelVectorizeUnroll(0xf9174b8)]: 0 failure(s)
Postproc #2 [meta_schedule.RewriteReductionBlock(0x18f9e358)]: 0 failure(s)
Postproc #3 [meta_schedule.RewriteLayout(0x1b8a9218)]: 0 failure(s)
2024-05-21 04:31:50 [INFO] [evolutionary_search.cc:621] Evolve iter #3 done. Summary:
Postproc #0 [meta_schedule.DisallowDynamicLoop(0x16d2efe8)]: 0 failure(s)
Postproc #1 [meta_schedule.RewriteParallelVectorizeUnroll(0xf9174b8)]: 0 failure(s)
Postproc #2 [meta_schedule.RewriteReductionBlock(0x18f9e358)]: 0 failure(s)
Postproc #3 [meta_schedule.RewriteLayout(0x1b8a9218)]: 0 failure(s)
2024-05-21 04:31:51 [INFO] [evolutionary_search.cc:649] Scores of the best 64 candidates:
[1 : 16]:	0.9981  0.9980  0.9976  0.9972  0.9971  0.9971  0.9961  0.9954  0.9939  0.9932  0.9929  0.9929  0.9928  0.9926  0.9914  0.9913
[17 : 32]:	0.9911  0.9911  0.9909  0.9909  0.9902  0.9899  0.9898  0.9881  0.9880  0.9877  0.9871  0.9864  0.9859  0.9852  0.9850  0.9845
[33 : 48]:	0.9845  0.9844  0.9837  0.9836  0.9830  0.9823  0.9822  0.9821  0.9820  0.9816  0.9816  0.9807  0.9806  0.9804  0.9782  0.9782
[49 : 64]:	0.9780  0.9780  0.9777  0.9774  0.9772  0.9769  0.9768  0.9766  0.9762  0.9754  0.9750  0.9750  0.9750  0.9744  0.9740  0.9739
2024-05-21 04:31:51 [INFO] [evolutionary_search.cc:727] Got 64 candidate(s) with evolutionary search
2024-05-21 04:31:51 [INFO] [evolutionary_search.cc:730] Sending 64 candidates(s) for measurement
2024-05-21 04:46:46 [INFO] [task_scheduler.cc:131] [Task #66: fused_nn_contrib_conv2d_NCHWc_3] Trial #1: GFLOPs: 49.7465. Time: 4647.7838 us. Best GFLOPs: 49.7465
2024-05-21 04:46:46 [INFO] [task_scheduler.cc:131] [Task #66: fused_nn_contrib_conv2d_NCHWc_3] Trial #2: GFLOPs: 80.0748. Time: 2887.4380 us. Best GFLOPs: 80.0748
2024-05-21 04:46:46 [INFO] [task_scheduler.cc:131] [Task #66: fused_nn_contrib_conv2d_NCHWc_3] Trial #3: GFLOPs: 85.4998. Time: 2704.2300 us. Best GFLOPs: 85.4998
2024-05-21 04:46:46 [INFO] [task_scheduler.cc:131] [Task #66: fused_nn_contrib_conv2d_NCHWc_3] Trial #4: GFLOPs: 168.6415. Time: 1371.0205 us. Best GFLOPs: 168.6415
2024-05-21 04:46:46 [INFO] [task_scheduler.cc:131] [Task #66: fused_nn_contrib_conv2d_NCHWc_3] Trial #5: GFLOPs: 33.8623. Time: 6827.9854 us. Best GFLOPs: 168.6415
2024-05-21 04:46:46 [INFO] [task_scheduler.cc:131] [Task #66: fused_nn_contrib_conv2d_NCHWc_3] Trial #6: GFLOPs: 20.1930. Time: 11450.0779 us. Best GFLOPs: 168.6415
2024-05-21 04:46:46 [INFO] [task_scheduler.cc:131] [Task #66: fused_nn_contrib_conv2d_NCHWc_3] Trial #7: GFLOPs: 35.0600. Time: 6594.7264 us. Best GFLOPs: 168.6415
2024-05-21 04:46:46 [INFO] [task_scheduler.cc:131] [Task #66: fused_nn_contrib_conv2d_NCHWc_3] Trial #8: GFLOPs: 11.4611. Time: 20173.4984 us. Best GFLOPs: 168.6415
2024-05-21 04:46:46 [INFO] [task_scheduler.cc:131] [Task #66: fused_nn_contrib_conv2d_NCHWc_3] Trial #9: GFLOPs: 49.4453. Time: 4676.0927 us. Best GFLOPs: 168.6415
2024-05-21 04:46:46 [INFO] [task_scheduler.cc:131] [Task #66: fused_nn_contrib_conv2d_NCHWc_3] Trial #10: GFLOPs: 40.4728. Time: 5712.7480 us. Best GFLOPs: 168.6415
2024-05-21 04:46:46 [INFO] [task_scheduler.cc:131] [Task #66: fused_nn_contrib_conv2d_NCHWc_3] Trial #11: GFLOPs: 7.0195. Time: 32938.5399 us. Best GFLOPs: 168.6415
2024-05-21 04:46:46 [INFO] [task_scheduler.cc:131] [Task #66: fused_nn_contrib_conv2d_NCHWc_3] Trial #12: GFLOPs: 49.4831. Time: 4672.5290 us. Best GFLOPs: 168.6415
2024-05-21 04:46:46 [INFO] [task_scheduler.cc:131] [Task #66: fused_nn_contrib_conv2d_NCHWc_3] Trial #13: GFLOPs: 25.4621. Time: 9080.5810 us. Best GFLOPs: 168.6415
2024-05-21 04:46:46 [INFO] [task_scheduler.cc:131] [Task #66: fused_nn_contrib_conv2d_NCHWc_3] Trial #14: GFLOPs: 26.3269. Time: 8782.2985 us. Best GFLOPs: 168.6415
2024-05-21 04:46:46 [INFO] [task_scheduler.cc:131] [Task #66: fused_nn_contrib_conv2d_NCHWc_3] Trial #15: GFLOPs: 6.1344. Time: 37690.6815 us. Best GFLOPs: 168.6415
2024-05-21 04:46:46 [INFO] [task_scheduler.cc:131] [Task #66: fused_nn_contrib_conv2d_NCHWc_3] Trial #16: GFLOPs: 25.1992. Time: 9175.3451 us. Best GFLOPs: 168.6415
2024-05-21 04:46:46 [INFO] [task_scheduler.cc:131] [Task #66: fused_nn_contrib_conv2d_NCHWc_3] Trial #17: GFLOPs: 30.0911. Time: 7683.7091 us. Best GFLOPs: 168.6415
2024-05-21 04:46:46 [INFO] [task_scheduler.cc:131] [Task #66: fused_nn_contrib_conv2d_NCHWc_3] Trial #18: GFLOPs: 96.4641. Time: 2396.8608 us. Best GFLOPs: 168.6415
2024-05-21 04:46:46 [INFO] [task_scheduler.cc:131] [Task #66: fused_nn_contrib_conv2d_NCHWc_3] Trial #19: GFLOPs: 18.1839. Time: 12715.1459 us. Best GFLOPs: 168.6415
2024-05-21 04:46:46 [INFO] [task_scheduler.cc:131] [Task #66: fused_nn_contrib_conv2d_NCHWc_3] Trial #20: GFLOPs: 49.1456. Time: 4704.6123 us. Best GFLOPs: 168.6415
2024-05-21 04:46:46 [INFO] [task_scheduler.cc:131] [Task #66: fused_nn_contrib_conv2d_NCHWc_3] Trial #21: GFLOPs: 67.7893. Time: 3410.7321 us. Best GFLOPs: 168.6415
2024-05-21 04:46:46 [INFO] [task_scheduler.cc:131] [Task #66: fused_nn_contrib_conv2d_NCHWc_3] Trial #22: GFLOPs: 53.9562. Time: 4285.1630 us. Best GFLOPs: 168.6415
2024-05-21 04:46:46 [INFO] [task_scheduler.cc:131] [Task #66: fused_nn_contrib_conv2d_NCHWc_3] Trial #23: GFLOPs: 16.4531. Time: 14052.7416 us. Best GFLOPs: 168.6415
2024-05-21 04:46:46 [INFO] [task_scheduler.cc:131] [Task #66: fused_nn_contrib_conv2d_NCHWc_3] Trial #24: GFLOPs: 7.2173. Time: 32035.7224 us. Best GFLOPs: 168.6415
2024-05-21 04:46:46 [INFO] [task_scheduler.cc:131] [Task #66: fused_nn_contrib_conv2d_NCHWc_3] Trial #25: GFLOPs: 15.0428. Time: 15370.2209 us. Best GFLOPs: 168.6415
2024-05-21 04:46:46 [INFO] [task_scheduler.cc:131] [Task #66: fused_nn_contrib_conv2d_NCHWc_3] Trial #26: GFLOPs: 19.7856. Time: 11685.8503 us. Best GFLOPs: 168.6415
2024-05-21 04:46:46 [INFO] [task_scheduler.cc:131] [Task #66: fused_nn_contrib_conv2d_NCHWc_3] Trial #27: GFLOPs: 60.3896. Time: 3828.6535 us. Best GFLOPs: 168.6415
2024-05-21 04:46:46 [INFO] [task_scheduler.cc:131] [Task #66: fused_nn_contrib_conv2d_NCHWc_3] Trial #28: GFLOPs: 14.8165. Time: 15604.9360 us. Best GFLOPs: 168.6415
2024-05-21 04:46:46 [INFO] [task_scheduler.cc:131] [Task #66: fused_nn_contrib_conv2d_NCHWc_3] Trial #29: GFLOPs: 13.2037. Time: 17511.1341 us. Best GFLOPs: 168.6415
2024-05-21 04:46:46 [INFO] [task_scheduler.cc:131] [Task #66: fused_nn_contrib_conv2d_NCHWc_3] Trial #30: GFLOPs: 37.2304. Time: 6210.2679 us. Best GFLOPs: 168.6415
2024-05-21 04:46:46 [INFO] [task_scheduler.cc:131] [Task #66: fused_nn_contrib_conv2d_NCHWc_3] Trial #31: GFLOPs: 14.5415. Time: 15900.1069 us. Best GFLOPs: 168.6415
2024-05-21 04:46:46 [INFO] [task_scheduler.cc:131] [Task #66: fused_nn_contrib_conv2d_NCHWc_3] Trial #32: GFLOPs: 20.3885. Time: 11340.2503 us. Best GFLOPs: 168.6415
2024-05-21 04:46:46 [INFO] [task_scheduler.cc:131] [Task #66: fused_nn_contrib_conv2d_NCHWc_3] Trial #33: GFLOPs: 5.4864. Time: 42142.5632 us. Best GFLOPs: 168.6415
2024-05-21 04:46:46 [INFO] [task_scheduler.cc:131] [Task #66: fused_nn_contrib_conv2d_NCHWc_3] Trial #34: GFLOPs: 34.3157. Time: 6737.7613 us. Best GFLOPs: 168.6415
2024-05-21 04:46:46 [INFO] [task_scheduler.cc:131] [Task #66: fused_nn_contrib_conv2d_NCHWc_3] Trial #35: GFLOPs: 42.3653. Time: 5457.5564 us. Best GFLOPs: 168.6415
2024-05-21 04:46:46 [INFO] [task_scheduler.cc:131] [Task #66: fused_nn_contrib_conv2d_NCHWc_3] Trial #36: GFLOPs: 18.4604. Time: 12524.7241 us. Best GFLOPs: 168.6415
2024-05-21 04:46:46 [INFO] [task_scheduler.cc:131] [Task #66: fused_nn_contrib_conv2d_NCHWc_3] Trial #37: GFLOPs: 17.7421. Time: 13031.7579 us. Best GFLOPs: 168.6415
2024-05-21 04:46:46 [INFO] [task_scheduler.cc:131] [Task #66: fused_nn_contrib_conv2d_NCHWc_3] Trial #38: GFLOPs: 124.1885. Time: 1861.7740 us. Best GFLOPs: 168.6415
2024-05-21 04:46:46 [INFO] [task_scheduler.cc:131] [Task #66: fused_nn_contrib_conv2d_NCHWc_3] Trial #39: GFLOPs: 26.4623. Time: 8737.3786 us. Best GFLOPs: 168.6415
2024-05-21 04:46:46 [INFO] [task_scheduler.cc:131] [Task #66: fused_nn_contrib_conv2d_NCHWc_3] Trial #40: GFLOPs: 10.3082. Time: 22429.8426 us. Best GFLOPs: 168.6415
2024-05-21 04:46:46 [INFO] [task_scheduler.cc:131] [Task #66: fused_nn_contrib_conv2d_NCHWc_3] Trial #41: GFLOPs: 13.5836. Time: 17021.3942 us. Best GFLOPs: 168.6415
2024-05-21 04:46:46 [INFO] [task_scheduler.cc:131] [Task #66: fused_nn_contrib_conv2d_NCHWc_3] Trial #42: GFLOPs: 84.3314. Time: 2741.6945 us. Best GFLOPs: 168.6415
2024-05-21 04:46:46 [INFO] [task_scheduler.cc:131] [Task #66: fused_nn_contrib_conv2d_NCHWc_3] Trial #43: GFLOPs: 98.4461. Time: 2348.6051 us. Best GFLOPs: 168.6415
2024-05-21 04:46:46 [INFO] [task_scheduler.cc:131] [Task #66: fused_nn_contrib_conv2d_NCHWc_3] Trial #44: GFLOPs: 31.7833. Time: 7274.5955 us. Best GFLOPs: 168.6415
2024-05-21 04:46:46 [INFO] [task_scheduler.cc:131] [Task #66: fused_nn_contrib_conv2d_NCHWc_3] Trial #45: GFLOPs: 95.4840. Time: 2421.4634 us. Best GFLOPs: 168.6415
2024-05-21 04:46:46 [INFO] [task_scheduler.cc:131] [Task #66: fused_nn_contrib_conv2d_NCHWc_3] Trial #46: GFLOPs: 6.1427. Time: 37640.1333 us. Best GFLOPs: 168.6415
2024-05-21 04:46:46 [INFO] [task_scheduler.cc:131] [Task #66: fused_nn_contrib_conv2d_NCHWc_3] Trial #47: GFLOPs: 35.5383. Time: 6505.9648 us. Best GFLOPs: 168.6415
2024-05-21 04:46:46 [INFO] [task_scheduler.cc:131] [Task #66: fused_nn_contrib_conv2d_NCHWc_3] Trial #48: GFLOPs: 6.7272. Time: 34369.6990 us. Best GFLOPs: 168.6415
2024-05-21 04:46:46 [INFO] [task_scheduler.cc:131] [Task #66: fused_nn_contrib_conv2d_NCHWc_3] Trial #49: GFLOPs: 35.1012. Time: 6586.9895 us. Best GFLOPs: 168.6415
2024-05-21 04:46:46 [INFO] [task_scheduler.cc:131] [Task #66: fused_nn_contrib_conv2d_NCHWc_3] Trial #50: GFLOPs: 56.5757. Time: 4086.7564 us. Best GFLOPs: 168.6415
2024-05-21 04:46:46 [INFO] [task_scheduler.cc:131] [Task #66: fused_nn_contrib_conv2d_NCHWc_3] Trial #51: GFLOPs: 3.5323. Time: 65455.9790 us. Best GFLOPs: 168.6415
2024-05-21 04:46:46 [INFO] [task_scheduler.cc:131] [Task #66: fused_nn_contrib_conv2d_NCHWc_3] Trial #52: GFLOPs: 66.2657. Time: 3489.1483 us. Best GFLOPs: 168.6415
2024-05-21 04:46:46 [INFO] [task_scheduler.cc:131] [Task #66: fused_nn_contrib_conv2d_NCHWc_3] Trial #53: GFLOPs: 11.7635. Time: 19654.8754 us. Best GFLOPs: 168.6415
2024-05-21 04:46:46 [INFO] [task_scheduler.cc:131] [Task #66: fused_nn_contrib_conv2d_NCHWc_3] Trial #54: GFLOPs: 28.8310. Time: 8019.5199 us. Best GFLOPs: 168.6415
2024-05-21 04:46:46 [INFO] [task_scheduler.cc:131] [Task #66: fused_nn_contrib_conv2d_NCHWc_3] Trial #55: GFLOPs: 16.4396. Time: 14064.3114 us. Best GFLOPs: 168.6415
2024-05-21 04:46:46 [INFO] [task_scheduler.cc:131] [Task #66: fused_nn_contrib_conv2d_NCHWc_3] Trial #56: GFLOPs: 28.6333. Time: 8074.9046 us. Best GFLOPs: 168.6415
2024-05-21 04:46:46 [INFO] [task_scheduler.cc:131] [Task #66: fused_nn_contrib_conv2d_NCHWc_3] Trial #57: GFLOPs: 27.5501. Time: 8392.3863 us. Best GFLOPs: 168.6415
2024-05-21 04:46:46 [INFO] [task_scheduler.cc:131] [Task #66: fused_nn_contrib_conv2d_NCHWc_3] Trial #58: GFLOPs: 7.6219. Time: 30335.0490 us. Best GFLOPs: 168.6415
2024-05-21 04:46:46 [INFO] [task_scheduler.cc:131] [Task #66: fused_nn_contrib_conv2d_NCHWc_3] Trial #59: GFLOPs: 10.0041. Time: 23111.6041 us. Best GFLOPs: 168.6415
2024-05-21 04:46:46 [INFO] [task_scheduler.cc:131] [Task #66: fused_nn_contrib_conv2d_NCHWc_3] Trial #60: GFLOPs: 14.9899. Time: 15424.4821 us. Best GFLOPs: 168.6415
2024-05-21 04:46:46 [INFO] [task_scheduler.cc:131] [Task #66: fused_nn_contrib_conv2d_NCHWc_3] Trial #61: GFLOPs: 16.0391. Time: 14415.4564 us. Best GFLOPs: 168.6415
2024-05-21 04:46:46 [INFO] [task_scheduler.cc:131] [Task #66: fused_nn_contrib_conv2d_NCHWc_3] Trial #62: GFLOPs: 17.0097. Time: 13592.9287 us. Best GFLOPs: 168.6415
2024-05-21 04:46:46 [INFO] [task_scheduler.cc:131] [Task #66: fused_nn_contrib_conv2d_NCHWc_3] Trial #63: GFLOPs: 13.3682. Time: 17295.5509 us. Best GFLOPs: 168.6415
2024-05-21 04:46:46 [INFO] [task_scheduler.cc:131] [Task #66: fused_nn_contrib_conv2d_NCHWc_3] Trial #64: GFLOPs: 105.4133. Time: 2193.3768 us. Best GFLOPs: 168.6415
2024-05-21 04:46:48 [INFO] [evolutionary_search.cc:713] Generating candidates......
2024-05-21 04:46:48 [INFO] [evolutionary_search.cc:715] Picked top 64 candidate(s) from database
2024-05-21 04:46:50 [INFO] [evolutionary_search.cc:533] Sample-Init-Population summary:
Postproc #0 [meta_schedule.DisallowDynamicLoop(0x16d2efe8)]: 0 failure(s)
Postproc #1 [meta_schedule.RewriteParallelVectorizeUnroll(0xf9174b8)]: 0 failure(s)
Postproc #2 [meta_schedule.RewriteReductionBlock(0x18f9e358)]: 0 failure(s)
Postproc #3 [meta_schedule.RewriteLayout(0x1b8a9218)]: 0 failure(s)
2024-05-21 04:46:50 [INFO] [evolutionary_search.cc:723] Sampled 448 candidate(s)
2024-05-21 04:46:54 [INFO] [evolutionary_search.cc:621] Evolve iter #0 done. Summary:
Postproc #0 [meta_schedule.DisallowDynamicLoop(0x16d2efe8)]: 0 failure(s)
Postproc #1 [meta_schedule.RewriteParallelVectorizeUnroll(0xf9174b8)]: 0 failure(s)
Postproc #2 [meta_schedule.RewriteReductionBlock(0x18f9e358)]: 0 failure(s)
Postproc #3 [meta_schedule.RewriteLayout(0x1b8a9218)]: 0 failure(s)
2024-05-21 04:46:57 [INFO] [evolutionary_search.cc:621] Evolve iter #1 done. Summary:
Postproc #0 [meta_schedule.DisallowDynamicLoop(0x16d2efe8)]: 0 failure(s)
Postproc #1 [meta_schedule.RewriteParallelVectorizeUnroll(0xf9174b8)]: 0 failure(s)
Postproc #2 [meta_schedule.RewriteReductionBlock(0x18f9e358)]: 0 failure(s)
Postproc #3 [meta_schedule.RewriteLayout(0x1b8a9218)]: 0 failure(s)
2024-05-21 04:47:01 [INFO] [evolutionary_search.cc:621] Evolve iter #2 done. Summary:
Postproc #0 [meta_schedule.DisallowDynamicLoop(0x16d2efe8)]: 0 failure(s)
Postproc #1 [meta_schedule.RewriteParallelVectorizeUnroll(0xf9174b8)]: 0 failure(s)
Postproc #2 [meta_schedule.RewriteReductionBlock(0x18f9e358)]: 0 failure(s)
Postproc #3 [meta_schedule.RewriteLayout(0x1b8a9218)]: 0 failure(s)
2024-05-21 04:47:05 [INFO] [evolutionary_search.cc:621] Evolve iter #3 done. Summary:
Postproc #0 [meta_schedule.DisallowDynamicLoop(0x16d2efe8)]: 0 failure(s)
Postproc #1 [meta_schedule.RewriteParallelVectorizeUnroll(0xf9174b8)]: 0 failure(s)
Postproc #2 [meta_schedule.RewriteReductionBlock(0x18f9e358)]: 0 failure(s)
Postproc #3 [meta_schedule.RewriteLayout(0x1b8a9218)]: 0 failure(s)
2024-05-21 04:47:08 [INFO] [evolutionary_search.cc:649] Scores of the best 64 candidates:
[1 : 16]:	1.0985  1.0544  1.0535  1.0535  1.0426  1.0221  1.0221  1.0207  1.0157  1.0142  1.0081  1.0050  1.0050  1.0050  1.0049  1.0049
[17 : 32]:	0.9999  0.9961  0.9931  0.9931  0.9910  0.9874  0.9874  0.9874  0.9818  0.9786  0.9769  0.9730  0.9730  0.9724  0.9715  0.9685
[33 : 48]:	0.9623  0.9620  0.9598  0.9598  0.9598  0.9598  0.9567  0.9476  0.9157  0.9072  0.9072  0.9072  0.9072  0.9072  0.9072  0.9072
[49 : 64]:	0.9072  0.9072  0.9061  0.9052  0.9041  0.9034  0.8968  0.8945  0.8899  0.8867  0.8849  0.8832  0.8831  0.8831  0.8831  0.8831
2024-05-21 04:47:08 [INFO] [evolutionary_search.cc:727] Got 64 candidate(s) with evolutionary search
2024-05-21 04:47:08 [INFO] [evolutionary_search.cc:730] Sending 64 candidates(s) for measurement
2024-05-21 04:48:37 [INFO] [task_scheduler.cc:131] [Task #66: fused_nn_contrib_conv2d_NCHWc_3] Trial #65: GFLOPs: 139.2617. Time: 1660.2630 us. Best GFLOPs: 168.6415
2024-05-21 04:48:37 [INFO] [task_scheduler.cc:131] [Task #66: fused_nn_contrib_conv2d_NCHWc_3] Trial #66: GFLOPs: 77.6597. Time: 2977.2312 us. Best GFLOPs: 168.6415
2024-05-21 04:48:37 [INFO] [task_scheduler.cc:131] [Task #66: fused_nn_contrib_conv2d_NCHWc_3] Trial #67: GFLOPs: 80.9088. Time: 2857.6752 us. Best GFLOPs: 168.6415
2024-05-21 04:48:37 [INFO] [task_scheduler.cc:131] [Task #66: fused_nn_contrib_conv2d_NCHWc_3] Trial #68: GFLOPs: 79.3413. Time: 2914.1307 us. Best GFLOPs: 168.6415
2024-05-21 04:48:37 [INFO] [task_scheduler.cc:131] [Task #66: fused_nn_contrib_conv2d_NCHWc_3] Trial #69: GFLOPs: 120.9869. Time: 1911.0417 us. Best GFLOPs: 168.6415
2024-05-21 04:48:37 [INFO] [task_scheduler.cc:131] [Task #66: fused_nn_contrib_conv2d_NCHWc_3] Trial #70: GFLOPs: 105.0556. Time: 2200.8439 us. Best GFLOPs: 168.6415
2024-05-21 04:48:37 [INFO] [task_scheduler.cc:131] [Task #66: fused_nn_contrib_conv2d_NCHWc_3] Trial #71: GFLOPs: 105.3687. Time: 2194.3040 us. Best GFLOPs: 168.6415
2024-05-21 04:48:37 [INFO] [task_scheduler.cc:131] [Task #66: fused_nn_contrib_conv2d_NCHWc_3] Trial #72: GFLOPs: 171.3922. Time: 1349.0174 us. Best GFLOPs: 171.3922
2024-05-21 04:48:37 [INFO] [task_scheduler.cc:131] [Task #66: fused_nn_contrib_conv2d_NCHWc_3] Trial #73: GFLOPs: 165.4551. Time: 1397.4249 us. Best GFLOPs: 171.3922
2024-05-21 04:48:37 [INFO] [task_scheduler.cc:131] [Task #66: fused_nn_contrib_conv2d_NCHWc_3] Trial #74: GFLOPs: 69.5610. Time: 3323.8576 us. Best GFLOPs: 171.3922
2024-05-21 04:48:37 [INFO] [task_scheduler.cc:131] [Task #66: fused_nn_contrib_conv2d_NCHWc_3] Trial #75: GFLOPs: 122.1775. Time: 1892.4181 us. Best GFLOPs: 171.3922
2024-05-21 04:48:37 [INFO] [task_scheduler.cc:131] [Task #66: fused_nn_contrib_conv2d_NCHWc_3] Trial #76: GFLOPs: 161.0022. Time: 1436.0737 us. Best GFLOPs: 171.3922
2024-05-21 04:48:37 [INFO] [task_scheduler.cc:131] [Task #66: fused_nn_contrib_conv2d_NCHWc_3] Trial #77: GFLOPs: 76.0735. Time: 3039.3121 us. Best GFLOPs: 171.3922
2024-05-21 04:48:37 [INFO] [task_scheduler.cc:131] [Task #66: fused_nn_contrib_conv2d_NCHWc_3] Trial #78: GFLOPs: 75.1421. Time: 3076.9855 us. Best GFLOPs: 171.3922
2024-05-21 04:48:37 [INFO] [task_scheduler.cc:131] [Task #66: fused_nn_contrib_conv2d_NCHWc_3] Trial #79: GFLOPs: 112.2467. Time: 2059.8474 us. Best GFLOPs: 171.3922
2024-05-21 04:48:37 [INFO] [task_scheduler.cc:131] [Task #66: fused_nn_contrib_conv2d_NCHWc_3] Trial #80: GFLOPs: 97.9114. Time: 2361.4306 us. Best GFLOPs: 171.3922
2024-05-21 04:48:37 [INFO] [task_scheduler.cc:131] [Task #66: fused_nn_contrib_conv2d_NCHWc_3] Trial #81: GFLOPs: 78.4471. Time: 2947.3483 us. Best GFLOPs: 171.3922
2024-05-21 04:48:37 [INFO] [task_scheduler.cc:131] [Task #66: fused_nn_contrib_conv2d_NCHWc_3] Trial #82: GFLOPs: 169.0362. Time: 1367.8198 us. Best GFLOPs: 171.3922
2024-05-21 04:48:37 [INFO] [task_scheduler.cc:131] [Task #66: fused_nn_contrib_conv2d_NCHWc_3] Trial #83: GFLOPs: 146.5100. Time: 1578.1239 us. Best GFLOPs: 171.3922
2024-05-21 04:48:37 [INFO] [task_scheduler.cc:131] [Task #66: fused_nn_contrib_conv2d_NCHWc_3] Trial #84: GFLOPs: 166.5698. Time: 1388.0725 us. Best GFLOPs: 171.3922
2024-05-21 04:48:37 [INFO] [task_scheduler.cc:131] [Task #66: fused_nn_contrib_conv2d_NCHWc_3] Trial #85: GFLOPs: 110.3373. Time: 2095.4928 us. Best GFLOPs: 171.3922
2024-05-21 04:48:37 [INFO] [task_scheduler.cc:131] [Task #66: fused_nn_contrib_conv2d_NCHWc_3] Trial #86: GFLOPs: 118.1915. Time: 1956.2402 us. Best GFLOPs: 171.3922
2024-05-21 04:48:37 [INFO] [task_scheduler.cc:131] [Task #66: fused_nn_contrib_conv2d_NCHWc_3] Trial #87: GFLOPs: 79.9832. Time: 2890.7455 us. Best GFLOPs: 171.3922
2024-05-21 04:48:37 [INFO] [task_scheduler.cc:131] [Task #66: fused_nn_contrib_conv2d_NCHWc_3] Trial #88: GFLOPs: 78.6522. Time: 2939.6634 us. Best GFLOPs: 171.3922
2024-05-21 04:48:37 [INFO] [task_scheduler.cc:131] [Task #66: fused_nn_contrib_conv2d_NCHWc_3] Trial #89: GFLOPs: 180.5170. Time: 1280.8270 us. Best GFLOPs: 180.5170
2024-05-21 04:48:37 [INFO] [task_scheduler.cc:131] [Task #66: fused_nn_contrib_conv2d_NCHWc_3] Trial #90: GFLOPs: 156.2888. Time: 1479.3835 us. Best GFLOPs: 180.5170
2024-05-21 04:48:37 [INFO] [task_scheduler.cc:131] [Task #66: fused_nn_contrib_conv2d_NCHWc_3] Trial #91: GFLOPs: 193.6066. Time: 1194.2313 us. Best GFLOPs: 193.6066
2024-05-21 04:48:37 [INFO] [task_scheduler.cc:131] [Task #66: fused_nn_contrib_conv2d_NCHWc_3] Trial #92: GFLOPs: 205.3459. Time: 1125.9587 us. Best GFLOPs: 205.3459
2024-05-21 04:48:37 [INFO] [task_scheduler.cc:131] [Task #66: fused_nn_contrib_conv2d_NCHWc_3] Trial #93: GFLOPs: 159.4586. Time: 1449.9754 us. Best GFLOPs: 205.3459
2024-05-21 04:48:37 [INFO] [task_scheduler.cc:131] [Task #66: fused_nn_contrib_conv2d_NCHWc_3] Trial #94: GFLOPs: 116.3729. Time: 1986.8120 us. Best GFLOPs: 205.3459
2024-05-21 04:48:37 [INFO] [task_scheduler.cc:131] [Task #66: fused_nn_contrib_conv2d_NCHWc_3] Trial #95: GFLOPs: 193.9832. Time: 1191.9123 us. Best GFLOPs: 205.3459
2024-05-21 04:48:37 [INFO] [task_scheduler.cc:131] [Task #66: fused_nn_contrib_conv2d_NCHWc_3] Trial #96: GFLOPs: 110.6975. Time: 2088.6745 us. Best GFLOPs: 205.3459
2024-05-21 04:48:37 [INFO] [task_scheduler.cc:131] [Task #66: fused_nn_contrib_conv2d_NCHWc_3] Trial #97: GFLOPs: 185.6470. Time: 1245.4338 us. Best GFLOPs: 205.3459
2024-05-21 04:48:37 [INFO] [task_scheduler.cc:131] [Task #66: fused_nn_contrib_conv2d_NCHWc_3] Trial #98: GFLOPs: 112.7388. Time: 2050.8562 us. Best GFLOPs: 205.3459
2024-05-21 04:48:37 [INFO] [task_scheduler.cc:131] [Task #66: fused_nn_contrib_conv2d_NCHWc_3] Trial #99: GFLOPs: 136.7732. Time: 1690.4704 us. Best GFLOPs: 205.3459
2024-05-21 04:48:37 [INFO] [task_scheduler.cc:131] [Task #66: fused_nn_contrib_conv2d_NCHWc_3] Trial #100: GFLOPs: 179.3793. Time: 1288.9505 us. Best GFLOPs: 205.3459
2024-05-21 04:48:37 [INFO] [task_scheduler.cc:131] [Task #66: fused_nn_contrib_conv2d_NCHWc_3] Trial #101: GFLOPs: 190.0401. Time: 1216.6433 us. Best GFLOPs: 205.3459
2024-05-21 04:48:37 [INFO] [task_scheduler.cc:131] [Task #66: fused_nn_contrib_conv2d_NCHWc_3] Trial #102: GFLOPs: 169.4284. Time: 1364.6533 us. Best GFLOPs: 205.3459
2024-05-21 04:48:37 [INFO] [task_scheduler.cc:131] [Task #66: fused_nn_contrib_conv2d_NCHWc_3] Trial #103: GFLOPs: 198.3897. Time: 1165.4385 us. Best GFLOPs: 205.3459
2024-05-21 04:48:37 [INFO] [task_scheduler.cc:131] [Task #66: fused_nn_contrib_conv2d_NCHWc_3] Trial #104: GFLOPs: 117.8815. Time: 1961.3854 us. Best GFLOPs: 205.3459
2024-05-21 04:48:37 [INFO] [task_scheduler.cc:131] [Task #66: fused_nn_contrib_conv2d_NCHWc_3] Trial #105: GFLOPs: 182.4102. Time: 1267.5337 us. Best GFLOPs: 205.3459
2024-05-21 04:48:37 [INFO] [task_scheduler.cc:131] [Task #66: fused_nn_contrib_conv2d_NCHWc_3] Trial #106: GFLOPs: 141.5013. Time: 1633.9845 us. Best GFLOPs: 205.3459
2024-05-21 04:48:37 [INFO] [task_scheduler.cc:131] [Task #66: fused_nn_contrib_conv2d_NCHWc_3] Trial #107: GFLOPs: 138.7108. Time: 1666.8566 us. Best GFLOPs: 205.3459
2024-05-21 04:48:37 [INFO] [task_scheduler.cc:131] [Task #66: fused_nn_contrib_conv2d_NCHWc_3] Trial #108: GFLOPs: 125.6929. Time: 1839.4910 us. Best GFLOPs: 205.3459
2024-05-21 04:48:37 [INFO] [task_scheduler.cc:131] [Task #66: fused_nn_contrib_conv2d_NCHWc_3] Trial #109: GFLOPs: 136.1426. Time: 1698.3001 us. Best GFLOPs: 205.3459
2024-05-21 04:48:37 [INFO] [task_scheduler.cc:131] [Task #66: fused_nn_contrib_conv2d_NCHWc_3] Trial #110: GFLOPs: 213.6791. Time: 1082.0481 us. Best GFLOPs: 213.6791
2024-05-21 04:48:37 [INFO] [task_scheduler.cc:131] [Task #66: fused_nn_contrib_conv2d_NCHWc_3] Trial #111: GFLOPs: 165.8580. Time: 1394.0302 us. Best GFLOPs: 213.6791
2024-05-21 04:48:37 [INFO] [task_scheduler.cc:131] [Task #66: fused_nn_contrib_conv2d_NCHWc_3] Trial #112: GFLOPs: 156.9925. Time: 1472.7515 us. Best GFLOPs: 213.6791
2024-05-21 04:48:37 [INFO] [task_scheduler.cc:131] [Task #66: fused_nn_contrib_conv2d_NCHWc_3] Trial #113: GFLOPs: 114.8749. Time: 2012.7208 us. Best GFLOPs: 213.6791
2024-05-21 04:48:37 [INFO] [task_scheduler.cc:131] [Task #66: fused_nn_contrib_conv2d_NCHWc_3] Trial #114: GFLOPs: 131.5385. Time: 1757.7433 us. Best GFLOPs: 213.6791
2024-05-21 04:48:37 [INFO] [task_scheduler.cc:131] [Task #66: fused_nn_contrib_conv2d_NCHWc_3] Trial #115: GFLOPs: 161.3125. Time: 1433.3113 us. Best GFLOPs: 213.6791
2024-05-21 04:48:37 [INFO] [task_scheduler.cc:131] [Task #66: fused_nn_contrib_conv2d_NCHWc_3] Trial #116: GFLOPs: 102.4764. Time: 2256.2377 us. Best GFLOPs: 213.6791
2024-05-21 04:48:37 [INFO] [task_scheduler.cc:131] [Task #66: fused_nn_contrib_conv2d_NCHWc_3] Trial #117: GFLOPs: 105.9248. Time: 2182.7841 us. Best GFLOPs: 213.6791
2024-05-21 04:48:37 [INFO] [task_scheduler.cc:131] [Task #66: fused_nn_contrib_conv2d_NCHWc_3] Trial #118: GFLOPs: 159.3635. Time: 1450.8406 us. Best GFLOPs: 213.6791
2024-05-21 04:48:37 [INFO] [task_scheduler.cc:131] [Task #66: fused_nn_contrib_conv2d_NCHWc_3] Trial #119: GFLOPs: 119.9587. Time: 1927.4225 us. Best GFLOPs: 213.6791
2024-05-21 04:48:37 [INFO] [task_scheduler.cc:131] [Task #66: fused_nn_contrib_conv2d_NCHWc_3] Trial #120: GFLOPs: 173.7601. Time: 1330.6336 us. Best GFLOPs: 213.6791
2024-05-21 04:48:37 [INFO] [task_scheduler.cc:131] [Task #66: fused_nn_contrib_conv2d_NCHWc_3] Trial #121: GFLOPs: 80.4467. Time: 2874.0894 us. Best GFLOPs: 213.6791
2024-05-21 04:48:37 [INFO] [task_scheduler.cc:131] [Task #66: fused_nn_contrib_conv2d_NCHWc_3] Trial #122: GFLOPs: 121.0189. Time: 1910.5359 us. Best GFLOPs: 213.6791
2024-05-21 04:48:37 [INFO] [task_scheduler.cc:131] [Task #66: fused_nn_contrib_conv2d_NCHWc_3] Trial #123: GFLOPs: 88.7435. Time: 2605.3843 us. Best GFLOPs: 213.6791
2024-05-21 04:48:37 [INFO] [task_scheduler.cc:131] [Task #66: fused_nn_contrib_conv2d_NCHWc_3] Trial #124: GFLOPs: 89.8825. Time: 2572.3687 us. Best GFLOPs: 213.6791
2024-05-21 04:48:37 [INFO] [task_scheduler.cc:131] [Task #66: fused_nn_contrib_conv2d_NCHWc_3] Trial #125: GFLOPs: 171.0398. Time: 1351.7969 us. Best GFLOPs: 213.6791
2024-05-21 04:48:37 [INFO] [task_scheduler.cc:131] [Task #66: fused_nn_contrib_conv2d_NCHWc_3] Trial #126: GFLOPs: 7.3503. Time: 31455.8121 us. Best GFLOPs: 213.6791
2024-05-21 04:48:37 [INFO] [task_scheduler.cc:131] [Task #66: fused_nn_contrib_conv2d_NCHWc_3] Trial #127: GFLOPs: 25.2486. Time: 9157.3807 us. Best GFLOPs: 213.6791
2024-05-21 04:48:37 [INFO] [task_scheduler.cc:131] [Task #66: fused_nn_contrib_conv2d_NCHWc_3] Trial #128: GFLOPs: 20.7196. Time: 11159.0255 us. Best GFLOPs: 213.6791
2024-05-21 04:50:22 [INFO] [evolutionary_search.cc:713] Generating candidates......
2024-05-21 04:50:22 [INFO] [evolutionary_search.cc:715] Picked top 102 candidate(s) from database
2024-05-21 04:50:24 [INFO] [evolutionary_search.cc:533] Sample-Init-Population summary:
Postproc #0 [meta_schedule.DisallowDynamicLoop(0x16d2efe8)]: 0 failure(s)
Postproc #1 [meta_schedule.RewriteParallelVectorizeUnroll(0xf9174b8)]: 0 failure(s)
Postproc #2 [meta_schedule.RewriteReductionBlock(0x18f9e358)]: 0 failure(s)
Postproc #3 [meta_schedule.RewriteLayout(0x1b8a9218)]: 0 failure(s)
2024-05-21 04:50:24 [INFO] [evolutionary_search.cc:723] Sampled 410 candidate(s)
2024-05-21 04:50:27 [INFO] [evolutionary_search.cc:621] Evolve iter #0 done. Summary:
Postproc #0 [meta_schedule.DisallowDynamicLoop(0x16d2efe8)]: 0 failure(s)
Postproc #1 [meta_schedule.RewriteParallelVectorizeUnroll(0xf9174b8)]: 0 failure(s)
Postproc #2 [meta_schedule.RewriteReductionBlock(0x18f9e358)]: 0 failure(s)
Postproc #3 [meta_schedule.RewriteLayout(0x1b8a9218)]: 0 failure(s)
2024-05-21 04:50:31 [INFO] [evolutionary_search.cc:621] Evolve iter #1 done. Summary:
Postproc #0 [meta_schedule.DisallowDynamicLoop(0x16d2efe8)]: 0 failure(s)
Postproc #1 [meta_schedule.RewriteParallelVectorizeUnroll(0xf9174b8)]: 0 failure(s)
Postproc #2 [meta_schedule.RewriteReductionBlock(0x18f9e358)]: 0 failure(s)
Postproc #3 [meta_schedule.RewriteLayout(0x1b8a9218)]: 0 failure(s)
2024-05-21 04:50:35 [INFO] [evolutionary_search.cc:621] Evolve iter #2 done. Summary:
Postproc #0 [meta_schedule.DisallowDynamicLoop(0x16d2efe8)]: 0 failure(s)
Postproc #1 [meta_schedule.RewriteParallelVectorizeUnroll(0xf9174b8)]: 0 failure(s)
Postproc #2 [meta_schedule.RewriteReductionBlock(0x18f9e358)]: 0 failure(s)
Postproc #3 [meta_schedule.RewriteLayout(0x1b8a9218)]: 0 failure(s)
2024-05-21 04:50:39 [INFO] [evolutionary_search.cc:621] Evolve iter #3 done. Summary:
Postproc #0 [meta_schedule.DisallowDynamicLoop(0x16d2efe8)]: 0 failure(s)
Postproc #1 [meta_schedule.RewriteParallelVectorizeUnroll(0xf9174b8)]: 0 failure(s)
Postproc #2 [meta_schedule.RewriteReductionBlock(0x18f9e358)]: 0 failure(s)
Postproc #3 [meta_schedule.RewriteLayout(0x1b8a9218)]: 0 failure(s)
2024-05-21 04:50:41 [INFO] [evolutionary_search.cc:649] Scores of the best 64 candidates:
[1 : 16]:	1.1627  1.1150  1.0985  1.0888  1.0888  1.0888  1.0858  1.0816  1.0816  1.0816  1.0757  1.0716  1.0550  1.0544  1.0535  1.0535
[17 : 32]:	1.0510  1.0499  1.0499  1.0448  1.0447  1.0426  1.0426  1.0412  1.0378  1.0370  1.0370  1.0310  1.0294  1.0267  1.0230  1.0221
[33 : 48]:	1.0221  1.0214  1.0214  1.0214  1.0214  1.0214  1.0207  1.0207  1.0207  1.0207  1.0199  1.0197  1.0185  1.0157  1.0157  1.0157
[49 : 64]:	1.0123  1.0123  1.0115  1.0115  1.0081  1.0081  1.0081  1.0078  1.0050  1.0050  1.0050  1.0050  1.0049  0.9999  0.9999  0.9982
2024-05-21 04:50:41 [INFO] [evolutionary_search.cc:727] Got 64 candidate(s) with evolutionary search
2024-05-21 04:50:41 [INFO] [evolutionary_search.cc:730] Sending 64 candidates(s) for measurement
2024-05-21 04:52:12 [INFO] [task_scheduler.cc:131] [Task #66: fused_nn_contrib_conv2d_NCHWc_3] Trial #129: GFLOPs: 115.3692. Time: 2004.0957 us. Best GFLOPs: 213.6791
2024-05-21 04:52:12 [INFO] [task_scheduler.cc:131] [Task #66: fused_nn_contrib_conv2d_NCHWc_3] Trial #130: GFLOPs: 88.8808. Time: 2601.3604 us. Best GFLOPs: 213.6791
2024-05-21 04:52:12 [INFO] [task_scheduler.cc:131] [Task #66: fused_nn_contrib_conv2d_NCHWc_3] Trial #131: GFLOPs: 106.6114. Time: 2168.7263 us. Best GFLOPs: 213.6791
2024-05-21 04:52:12 [INFO] [task_scheduler.cc:131] [Task #66: fused_nn_contrib_conv2d_NCHWc_3] Trial #132: GFLOPs: 92.7017. Time: 2494.1386 us. Best GFLOPs: 213.6791
2024-05-21 04:52:12 [INFO] [task_scheduler.cc:131] [Task #66: fused_nn_contrib_conv2d_NCHWc_3] Trial #133: GFLOPs: 102.6700. Time: 2251.9830 us. Best GFLOPs: 213.6791
2024-05-21 04:52:12 [INFO] [task_scheduler.cc:131] [Task #66: fused_nn_contrib_conv2d_NCHWc_3] Trial #134: GFLOPs: 94.8116. Time: 2438.6371 us. Best GFLOPs: 213.6791
2024-05-21 04:52:12 [INFO] [task_scheduler.cc:131] [Task #66: fused_nn_contrib_conv2d_NCHWc_3] Trial #135: GFLOPs: 132.5854. Time: 1743.8652 us. Best GFLOPs: 213.6791
2024-05-21 04:52:12 [INFO] [task_scheduler.cc:131] [Task #66: fused_nn_contrib_conv2d_NCHWc_3] Trial #136: GFLOPs: 147.4596. Time: 1567.9619 us. Best GFLOPs: 213.6791
2024-05-21 04:52:12 [INFO] [task_scheduler.cc:131] [Task #66: fused_nn_contrib_conv2d_NCHWc_3] Trial #137: GFLOPs: 123.8350. Time: 1867.0887 us. Best GFLOPs: 213.6791
2024-05-21 04:52:12 [INFO] [task_scheduler.cc:131] [Task #66: fused_nn_contrib_conv2d_NCHWc_3] Trial #138: GFLOPs: 123.8615. Time: 1866.6898 us. Best GFLOPs: 213.6791
2024-05-21 04:52:12 [INFO] [task_scheduler.cc:131] [Task #66: fused_nn_contrib_conv2d_NCHWc_3] Trial #139: GFLOPs: 126.9671. Time: 1821.0312 us. Best GFLOPs: 213.6791
2024-05-21 04:52:12 [INFO] [task_scheduler.cc:131] [Task #66: fused_nn_contrib_conv2d_NCHWc_3] Trial #140: GFLOPs: 99.0818. Time: 2333.5358 us. Best GFLOPs: 213.6791
2024-05-21 04:52:12 [INFO] [task_scheduler.cc:131] [Task #66: fused_nn_contrib_conv2d_NCHWc_3] Trial #141: GFLOPs: 200.6138. Time: 1152.5178 us. Best GFLOPs: 213.6791
2024-05-21 04:52:12 [INFO] [task_scheduler.cc:131] [Task #66: fused_nn_contrib_conv2d_NCHWc_3] Trial #142: GFLOPs: 77.6497. Time: 2977.6160 us. Best GFLOPs: 213.6791
2024-05-21 04:52:12 [INFO] [task_scheduler.cc:131] [Task #66: fused_nn_contrib_conv2d_NCHWc_3] Trial #143: GFLOPs: 79.1322. Time: 2921.8339 us. Best GFLOPs: 213.6791
2024-05-21 04:52:12 [INFO] [task_scheduler.cc:131] [Task #66: fused_nn_contrib_conv2d_NCHWc_3] Trial #144: GFLOPs: 84.7238. Time: 2728.9980 us. Best GFLOPs: 213.6791
2024-05-21 04:52:12 [INFO] [task_scheduler.cc:131] [Task #66: fused_nn_contrib_conv2d_NCHWc_3] Trial #145: GFLOPs: 114.2764. Time: 2023.2615 us. Best GFLOPs: 213.6791
2024-05-21 04:52:12 [INFO] [task_scheduler.cc:131] [Task #66: fused_nn_contrib_conv2d_NCHWc_3] Trial #146: GFLOPs: 211.3065. Time: 1094.1975 us. Best GFLOPs: 213.6791
2024-05-21 04:52:12 [INFO] [task_scheduler.cc:131] [Task #66: fused_nn_contrib_conv2d_NCHWc_3] Trial #147: GFLOPs: 215.1239. Time: 1074.7806 us. Best GFLOPs: 215.1239
2024-05-21 04:52:12 [INFO] [task_scheduler.cc:131] [Task #66: fused_nn_contrib_conv2d_NCHWc_3] Trial #148: GFLOPs: 163.4617. Time: 1414.4656 us. Best GFLOPs: 215.1239
2024-05-21 04:52:12 [INFO] [task_scheduler.cc:131] [Task #66: fused_nn_contrib_conv2d_NCHWc_3] Trial #149: GFLOPs: 83.8272. Time: 2758.1850 us. Best GFLOPs: 215.1239
2024-05-21 04:52:12 [INFO] [task_scheduler.cc:131] [Task #66: fused_nn_contrib_conv2d_NCHWc_3] Trial #150: GFLOPs: 100.9847. Time: 2289.5655 us. Best GFLOPs: 215.1239
2024-05-21 04:52:12 [INFO] [task_scheduler.cc:131] [Task #66: fused_nn_contrib_conv2d_NCHWc_3] Trial #151: GFLOPs: 97.0571. Time: 2382.2152 us. Best GFLOPs: 215.1239
2024-05-21 04:52:12 [INFO] [task_scheduler.cc:131] [Task #66: fused_nn_contrib_conv2d_NCHWc_3] Trial #152: GFLOPs: 177.5354. Time: 1302.3375 us. Best GFLOPs: 215.1239
2024-05-21 04:52:12 [INFO] [task_scheduler.cc:131] [Task #66: fused_nn_contrib_conv2d_NCHWc_3] Trial #153: GFLOPs: 191.1459. Time: 1209.6050 us. Best GFLOPs: 215.1239
2024-05-21 04:52:12 [INFO] [task_scheduler.cc:131] [Task #66: fused_nn_contrib_conv2d_NCHWc_3] Trial #154: GFLOPs: 108.7527. Time: 2126.0245 us. Best GFLOPs: 215.1239
2024-05-21 04:52:12 [INFO] [task_scheduler.cc:131] [Task #66: fused_nn_contrib_conv2d_NCHWc_3] Trial #155: GFLOPs: 151.8330. Time: 1522.7981 us. Best GFLOPs: 215.1239
2024-05-21 04:52:12 [INFO] [task_scheduler.cc:131] [Task #66: fused_nn_contrib_conv2d_NCHWc_3] Trial #156: GFLOPs: 113.9353. Time: 2029.3192 us. Best GFLOPs: 215.1239
2024-05-21 04:52:12 [INFO] [task_scheduler.cc:131] [Task #66: fused_nn_contrib_conv2d_NCHWc_3] Trial #157: GFLOPs: 77.6229. Time: 2978.6434 us. Best GFLOPs: 215.1239
2024-05-21 04:52:12 [INFO] [task_scheduler.cc:131] [Task #66: fused_nn_contrib_conv2d_NCHWc_3] Trial #158: GFLOPs: 83.0044. Time: 2785.5274 us. Best GFLOPs: 215.1239
2024-05-21 04:52:12 [INFO] [task_scheduler.cc:131] [Task #66: fused_nn_contrib_conv2d_NCHWc_3] Trial #159: GFLOPs: 78.4370. Time: 2947.7300 us. Best GFLOPs: 215.1239
2024-05-21 04:52:12 [INFO] [task_scheduler.cc:131] [Task #66: fused_nn_contrib_conv2d_NCHWc_3] Trial #160: GFLOPs: 121.4844. Time: 1903.2159 us. Best GFLOPs: 215.1239
2024-05-21 04:52:12 [INFO] [task_scheduler.cc:131] [Task #66: fused_nn_contrib_conv2d_NCHWc_3] Trial #161: GFLOPs: 88.0971. Time: 2624.5015 us. Best GFLOPs: 215.1239
2024-05-21 04:52:12 [INFO] [task_scheduler.cc:131] [Task #66: fused_nn_contrib_conv2d_NCHWc_3] Trial #162: GFLOPs: 80.2290. Time: 2881.8879 us. Best GFLOPs: 215.1239
2024-05-21 04:52:12 [INFO] [task_scheduler.cc:131] [Task #66: fused_nn_contrib_conv2d_NCHWc_3] Trial #163: GFLOPs: 86.5122. Time: 2672.5812 us. Best GFLOPs: 215.1239
2024-05-21 04:52:12 [INFO] [task_scheduler.cc:131] [Task #66: fused_nn_contrib_conv2d_NCHWc_3] Trial #164: GFLOPs: 74.0051. Time: 3124.2570 us. Best GFLOPs: 215.1239
2024-05-21 04:52:12 [INFO] [task_scheduler.cc:131] [Task #66: fused_nn_contrib_conv2d_NCHWc_3] Trial #165: GFLOPs: 64.0879. Time: 3607.7174 us. Best GFLOPs: 215.1239
2024-05-21 04:52:12 [INFO] [task_scheduler.cc:131] [Task #66: fused_nn_contrib_conv2d_NCHWc_3] Trial #166: GFLOPs: 82.6898. Time: 2796.1243 us. Best GFLOPs: 215.1239
2024-05-21 04:52:12 [INFO] [task_scheduler.cc:131] [Task #66: fused_nn_contrib_conv2d_NCHWc_3] Trial #167: GFLOPs: 127.5227. Time: 1813.0975 us. Best GFLOPs: 215.1239
2024-05-21 04:52:12 [INFO] [task_scheduler.cc:131] [Task #66: fused_nn_contrib_conv2d_NCHWc_3] Trial #168: GFLOPs: 182.6442. Time: 1265.9092 us. Best GFLOPs: 215.1239
2024-05-21 04:52:12 [INFO] [task_scheduler.cc:131] [Task #66: fused_nn_contrib_conv2d_NCHWc_3] Trial #169: GFLOPs: 172.8614. Time: 1337.5512 us. Best GFLOPs: 215.1239
2024-05-21 04:52:12 [INFO] [task_scheduler.cc:131] [Task #66: fused_nn_contrib_conv2d_NCHWc_3] Trial #170: GFLOPs: 175.7311. Time: 1315.7090 us. Best GFLOPs: 215.1239
2024-05-21 04:52:12 [INFO] [task_scheduler.cc:131] [Task #66: fused_nn_contrib_conv2d_NCHWc_3] Trial #171: GFLOPs: 161.4685. Time: 1431.9267 us. Best GFLOPs: 215.1239
2024-05-21 04:52:12 [INFO] [task_scheduler.cc:131] [Task #66: fused_nn_contrib_conv2d_NCHWc_3] Trial #172: GFLOPs: 153.9191. Time: 1502.1593 us. Best GFLOPs: 215.1239
2024-05-21 04:52:12 [INFO] [task_scheduler.cc:131] [Task #66: fused_nn_contrib_conv2d_NCHWc_3] Trial #173: GFLOPs: 116.1872. Time: 1989.9867 us. Best GFLOPs: 215.1239
2024-05-21 04:52:12 [INFO] [task_scheduler.cc:131] [Task #66: fused_nn_contrib_conv2d_NCHWc_3] Trial #174: GFLOPs: 178.9895. Time: 1291.7573 us. Best GFLOPs: 215.1239
2024-05-21 04:52:12 [INFO] [task_scheduler.cc:131] [Task #66: fused_nn_contrib_conv2d_NCHWc_3] Trial #175: GFLOPs: 139.2529. Time: 1660.3675 us. Best GFLOPs: 215.1239
2024-05-21 04:52:12 [INFO] [task_scheduler.cc:131] [Task #66: fused_nn_contrib_conv2d_NCHWc_3] Trial #176: GFLOPs: 197.1937. Time: 1172.5069 us. Best GFLOPs: 215.1239
2024-05-21 04:52:12 [INFO] [task_scheduler.cc:131] [Task #66: fused_nn_contrib_conv2d_NCHWc_3] Trial #177: GFLOPs: 76.9997. Time: 3002.7506 us. Best GFLOPs: 215.1239
2024-05-21 04:52:12 [INFO] [task_scheduler.cc:131] [Task #66: fused_nn_contrib_conv2d_NCHWc_3] Trial #178: GFLOPs: 70.9297. Time: 3259.7192 us. Best GFLOPs: 215.1239
2024-05-21 04:52:12 [INFO] [task_scheduler.cc:131] [Task #66: fused_nn_contrib_conv2d_NCHWc_3] Trial #179: GFLOPs: 132.2339. Time: 1748.5009 us. Best GFLOPs: 215.1239
2024-05-21 04:52:12 [INFO] [task_scheduler.cc:131] [Task #66: fused_nn_contrib_conv2d_NCHWc_3] Trial #180: GFLOPs: 129.1756. Time: 1789.8974 us. Best GFLOPs: 215.1239
2024-05-21 04:52:12 [INFO] [task_scheduler.cc:131] [Task #66: fused_nn_contrib_conv2d_NCHWc_3] Trial #181: GFLOPs: 134.9020. Time: 1713.9184 us. Best GFLOPs: 215.1239
2024-05-21 04:52:12 [INFO] [task_scheduler.cc:131] [Task #66: fused_nn_contrib_conv2d_NCHWc_3] Trial #182: GFLOPs: 119.7678. Time: 1930.4932 us. Best GFLOPs: 215.1239
2024-05-21 04:52:12 [INFO] [task_scheduler.cc:131] [Task #66: fused_nn_contrib_conv2d_NCHWc_3] Trial #183: GFLOPs: 139.1793. Time: 1661.2462 us. Best GFLOPs: 215.1239
2024-05-21 04:52:12 [INFO] [task_scheduler.cc:131] [Task #66: fused_nn_contrib_conv2d_NCHWc_3] Trial #184: GFLOPs: 129.4302. Time: 1786.3764 us. Best GFLOPs: 215.1239
2024-05-21 04:52:12 [INFO] [task_scheduler.cc:131] [Task #66: fused_nn_contrib_conv2d_NCHWc_3] Trial #185: GFLOPs: 65.2545. Time: 3543.2204 us. Best GFLOPs: 215.1239
2024-05-21 04:52:12 [INFO] [task_scheduler.cc:131] [Task #66: fused_nn_contrib_conv2d_NCHWc_3] Trial #186: GFLOPs: 77.9874. Time: 2964.7238 us. Best GFLOPs: 215.1239
2024-05-21 04:52:12 [INFO] [task_scheduler.cc:131] [Task #66: fused_nn_contrib_conv2d_NCHWc_3] Trial #187: GFLOPs: 73.5823. Time: 3142.2109 us. Best GFLOPs: 215.1239
2024-05-21 04:52:12 [INFO] [task_scheduler.cc:131] [Task #66: fused_nn_contrib_conv2d_NCHWc_3] Trial #188: GFLOPs: 132.7723. Time: 1741.4096 us. Best GFLOPs: 215.1239
2024-05-21 04:52:12 [INFO] [task_scheduler.cc:131] [Task #66: fused_nn_contrib_conv2d_NCHWc_3] Trial #189: GFLOPs: 144.5971. Time: 1599.0014 us. Best GFLOPs: 215.1239
2024-05-21 04:52:12 [INFO] [task_scheduler.cc:131] [Task #66: fused_nn_contrib_conv2d_NCHWc_3] Trial #190: GFLOPs: 7.7061. Time: 30003.7501 us. Best GFLOPs: 215.1239
2024-05-21 04:52:12 [INFO] [task_scheduler.cc:131] [Task #66: fused_nn_contrib_conv2d_NCHWc_3] Trial #191: GFLOPs: 15.3065. Time: 15105.4609 us. Best GFLOPs: 215.1239
2024-05-21 04:52:12 [INFO] [task_scheduler.cc:131] [Task #66: fused_nn_contrib_conv2d_NCHWc_3] Trial #192: GFLOPs: 33.1972. Time: 6964.7763 us. Best GFLOPs: 215.1239
2024-05-21 04:54:11 [INFO] [evolutionary_search.cc:713] Generating candidates......
2024-05-21 04:54:11 [INFO] [evolutionary_search.cc:715] Picked top 102 candidate(s) from database
2024-05-21 04:54:13 [INFO] [evolutionary_search.cc:533] Sample-Init-Population summary:
Postproc #0 [meta_schedule.DisallowDynamicLoop(0x16d2efe8)]: 0 failure(s)
Postproc #1 [meta_schedule.RewriteParallelVectorizeUnroll(0xf9174b8)]: 0 failure(s)
Postproc #2 [meta_schedule.RewriteReductionBlock(0x18f9e358)]: 0 failure(s)
Postproc #3 [meta_schedule.RewriteLayout(0x1b8a9218)]: 0 failure(s)
2024-05-21 04:54:13 [INFO] [evolutionary_search.cc:723] Sampled 410 candidate(s)
2024-05-21 04:54:16 [INFO] [evolutionary_search.cc:621] Evolve iter #0 done. Summary:
Postproc #0 [meta_schedule.DisallowDynamicLoop(0x16d2efe8)]: 0 failure(s)
Postproc #1 [meta_schedule.RewriteParallelVectorizeUnroll(0xf9174b8)]: 0 failure(s)
Postproc #2 [meta_schedule.RewriteReductionBlock(0x18f9e358)]: 0 failure(s)
Postproc #3 [meta_schedule.RewriteLayout(0x1b8a9218)]: 0 failure(s)
2024-05-21 04:54:20 [INFO] [evolutionary_search.cc:621] Evolve iter #1 done. Summary:
Postproc #0 [meta_schedule.DisallowDynamicLoop(0x16d2efe8)]: 0 failure(s)
Postproc #1 [meta_schedule.RewriteParallelVectorizeUnroll(0xf9174b8)]: 0 failure(s)
Postproc #2 [meta_schedule.RewriteReductionBlock(0x18f9e358)]: 0 failure(s)
Postproc #3 [meta_schedule.RewriteLayout(0x1b8a9218)]: 0 failure(s)
2024-05-21 04:54:24 [INFO] [evolutionary_search.cc:621] Evolve iter #2 done. Summary:
Postproc #0 [meta_schedule.DisallowDynamicLoop(0x16d2efe8)]: 0 failure(s)
Postproc #1 [meta_schedule.RewriteParallelVectorizeUnroll(0xf9174b8)]: 0 failure(s)
Postproc #2 [meta_schedule.RewriteReductionBlock(0x18f9e358)]: 0 failure(s)
Postproc #3 [meta_schedule.RewriteLayout(0x1b8a9218)]: 0 failure(s)
2024-05-21 04:54:28 [INFO] [evolutionary_search.cc:621] Evolve iter #3 done. Summary:
Postproc #0 [meta_schedule.DisallowDynamicLoop(0x16d2efe8)]: 0 failure(s)
Postproc #1 [meta_schedule.RewriteParallelVectorizeUnroll(0xf9174b8)]: 0 failure(s)
Postproc #2 [meta_schedule.RewriteReductionBlock(0x18f9e358)]: 0 failure(s)
Postproc #3 [meta_schedule.RewriteLayout(0x1b8a9218)]: 0 failure(s)
2024-05-21 04:54:30 [INFO] [evolutionary_search.cc:649] Scores of the best 64 candidates:
[1 : 16]:	1.1834  1.1826  1.1571  1.1409  1.1295  1.1287  1.1206  1.1155  1.1127  1.1116  1.1070  1.0986  1.0974  1.0949  1.0935  1.0888
[17 : 32]:	1.0888  1.0888  1.0886  1.0857  1.0816  1.0816  1.0776  1.0773  1.0773  1.0757  1.0746  1.0735  1.0715  1.0682  1.0661  1.0661
[33 : 48]:	1.0623  1.0604  1.0589  1.0568  1.0545  1.0529  1.0448  1.0447  1.0438  1.0426  1.0388  1.0343  1.0285  1.0283  1.0240  1.0221
[49 : 64]:	1.0221  1.0214  1.0214  1.0214  1.0214  1.0214  1.0214  1.0207  1.0207  1.0207  1.0207  1.0202  1.0197  1.0196  1.0183  1.0183
2024-05-21 04:54:30 [INFO] [evolutionary_search.cc:727] Got 64 candidate(s) with evolutionary search
2024-05-21 04:54:31 [INFO] [evolutionary_search.cc:730] Sending 64 candidates(s) for measurement
2024-05-21 04:56:02 [INFO] [task_scheduler.cc:131] [Task #66: fused_nn_contrib_conv2d_NCHWc_3] Trial #193: GFLOPs: 315.9457. Time: 731.8062 us. Best GFLOPs: 315.9457
2024-05-21 04:56:02 [INFO] [task_scheduler.cc:131] [Task #66: fused_nn_contrib_conv2d_NCHWc_3] Trial #194: GFLOPs: 322.4681. Time: 717.0042 us. Best GFLOPs: 322.4681
2024-05-21 04:56:02 [INFO] [task_scheduler.cc:131] [Task #66: fused_nn_contrib_conv2d_NCHWc_3] Trial #195: GFLOPs: 290.0273. Time: 797.2044 us. Best GFLOPs: 322.4681
2024-05-21 04:56:02 [INFO] [task_scheduler.cc:131] [Task #66: fused_nn_contrib_conv2d_NCHWc_3] Trial #196: GFLOPs: 236.0986. Time: 979.2983 us. Best GFLOPs: 322.4681
2024-05-21 04:56:02 [INFO] [task_scheduler.cc:131] [Task #66: fused_nn_contrib_conv2d_NCHWc_3] Trial #197: GFLOPs: 192.6599. Time: 1200.0990 us. Best GFLOPs: 322.4681
2024-05-21 04:56:02 [INFO] [task_scheduler.cc:131] [Task #66: fused_nn_contrib_conv2d_NCHWc_3] Trial #198: GFLOPs: 158.4854. Time: 1458.8792 us. Best GFLOPs: 322.4681
2024-05-21 04:56:02 [INFO] [task_scheduler.cc:131] [Task #66: fused_nn_contrib_conv2d_NCHWc_3] Trial #199: GFLOPs: 242.4009. Time: 953.8374 us. Best GFLOPs: 322.4681
2024-05-21 04:56:02 [INFO] [task_scheduler.cc:131] [Task #66: fused_nn_contrib_conv2d_NCHWc_3] Trial #200: GFLOPs: 140.5792. Time: 1644.7023 us. Best GFLOPs: 322.4681
2024-05-21 04:56:02 [INFO] [task_scheduler.cc:131] [Task #66: fused_nn_contrib_conv2d_NCHWc_3] Trial #201: GFLOPs: 123.0270. Time: 1879.3522 us. Best GFLOPs: 322.4681
2024-05-21 04:56:02 [INFO] [task_scheduler.cc:131] [Task #66: fused_nn_contrib_conv2d_NCHWc_3] Trial #202: GFLOPs: 112.0624. Time: 2063.2345 us. Best GFLOPs: 322.4681
2024-05-21 04:56:02 [INFO] [task_scheduler.cc:131] [Task #66: fused_nn_contrib_conv2d_NCHWc_3] Trial #203: GFLOPs: 170.0283. Time: 1359.8386 us. Best GFLOPs: 322.4681
2024-05-21 04:56:02 [INFO] [task_scheduler.cc:131] [Task #66: fused_nn_contrib_conv2d_NCHWc_3] Trial #204: GFLOPs: 74.6255. Time: 3098.2855 us. Best GFLOPs: 322.4681
2024-05-21 04:56:02 [INFO] [task_scheduler.cc:131] [Task #66: fused_nn_contrib_conv2d_NCHWc_3] Trial #205: GFLOPs: 119.9858. Time: 1926.9861 us. Best GFLOPs: 322.4681
2024-05-21 04:56:02 [INFO] [task_scheduler.cc:131] [Task #66: fused_nn_contrib_conv2d_NCHWc_3] Trial #206: GFLOPs: 95.6343. Time: 2417.6586 us. Best GFLOPs: 322.4681
2024-05-21 04:56:02 [INFO] [task_scheduler.cc:131] [Task #66: fused_nn_contrib_conv2d_NCHWc_3] Trial #207: GFLOPs: 106.8630. Time: 2163.6204 us. Best GFLOPs: 322.4681
2024-05-21 04:56:02 [INFO] [task_scheduler.cc:131] [Task #66: fused_nn_contrib_conv2d_NCHWc_3] Trial #208: GFLOPs: 101.0043. Time: 2289.1204 us. Best GFLOPs: 322.4681
2024-05-21 04:56:02 [INFO] [task_scheduler.cc:131] [Task #66: fused_nn_contrib_conv2d_NCHWc_3] Trial #209: GFLOPs: 107.2430. Time: 2155.9543 us. Best GFLOPs: 322.4681
2024-05-21 04:56:02 [INFO] [task_scheduler.cc:131] [Task #66: fused_nn_contrib_conv2d_NCHWc_3] Trial #210: GFLOPs: 105.2289. Time: 2197.2190 us. Best GFLOPs: 322.4681
2024-05-21 04:56:02 [INFO] [task_scheduler.cc:131] [Task #66: fused_nn_contrib_conv2d_NCHWc_3] Trial #211: GFLOPs: 92.8204. Time: 2490.9513 us. Best GFLOPs: 322.4681
2024-05-21 04:56:02 [INFO] [task_scheduler.cc:131] [Task #66: fused_nn_contrib_conv2d_NCHWc_3] Trial #212: GFLOPs: 96.4877. Time: 2396.2744 us. Best GFLOPs: 322.4681
2024-05-21 04:56:02 [INFO] [task_scheduler.cc:131] [Task #66: fused_nn_contrib_conv2d_NCHWc_3] Trial #213: GFLOPs: 72.9394. Time: 3169.9048 us. Best GFLOPs: 322.4681
2024-05-21 04:56:02 [INFO] [task_scheduler.cc:131] [Task #66: fused_nn_contrib_conv2d_NCHWc_3] Trial #214: GFLOPs: 135.7209. Time: 1703.5777 us. Best GFLOPs: 322.4681
2024-05-21 04:56:02 [INFO] [task_scheduler.cc:131] [Task #66: fused_nn_contrib_conv2d_NCHWc_3] Trial #215: GFLOPs: 77.3248. Time: 2990.1283 us. Best GFLOPs: 322.4681
2024-05-21 04:56:02 [INFO] [task_scheduler.cc:131] [Task #66: fused_nn_contrib_conv2d_NCHWc_3] Trial #216: GFLOPs: 83.1925. Time: 2779.2306 us. Best GFLOPs: 322.4681
2024-05-21 04:56:02 [INFO] [task_scheduler.cc:131] [Task #66: fused_nn_contrib_conv2d_NCHWc_3] Trial #217: GFLOPs: 54.6581. Time: 4230.1331 us. Best GFLOPs: 322.4681
2024-05-21 04:56:02 [INFO] [task_scheduler.cc:131] [Task #66: fused_nn_contrib_conv2d_NCHWc_3] Trial #218: GFLOPs: 125.9244. Time: 1836.1092 us. Best GFLOPs: 322.4681
2024-05-21 04:56:02 [INFO] [task_scheduler.cc:131] [Task #66: fused_nn_contrib_conv2d_NCHWc_3] Trial #219: GFLOPs: 54.4530. Time: 4246.0682 us. Best GFLOPs: 322.4681
2024-05-21 04:56:02 [INFO] [task_scheduler.cc:131] [Task #66: fused_nn_contrib_conv2d_NCHWc_3] Trial #220: GFLOPs: 58.9495. Time: 3922.1863 us. Best GFLOPs: 322.4681
2024-05-21 04:56:02 [INFO] [task_scheduler.cc:131] [Task #66: fused_nn_contrib_conv2d_NCHWc_3] Trial #221: GFLOPs: 78.2179. Time: 2955.9849 us. Best GFLOPs: 322.4681
2024-05-21 04:56:02 [INFO] [task_scheduler.cc:131] [Task #66: fused_nn_contrib_conv2d_NCHWc_3] Trial #222: GFLOPs: 207.0136. Time: 1116.8878 us. Best GFLOPs: 322.4681
2024-05-21 04:56:02 [INFO] [task_scheduler.cc:131] [Task #66: fused_nn_contrib_conv2d_NCHWc_3] Trial #223: GFLOPs: 126.5469. Time: 1827.0773 us. Best GFLOPs: 322.4681
2024-05-21 04:56:02 [INFO] [task_scheduler.cc:131] [Task #66: fused_nn_contrib_conv2d_NCHWc_3] Trial #224: GFLOPs: 78.1076. Time: 2960.1600 us. Best GFLOPs: 322.4681
2024-05-21 04:56:02 [INFO] [task_scheduler.cc:131] [Task #66: fused_nn_contrib_conv2d_NCHWc_3] Trial #225: GFLOPs: 88.3452. Time: 2617.1325 us. Best GFLOPs: 322.4681
2024-05-21 04:56:02 [INFO] [task_scheduler.cc:131] [Task #66: fused_nn_contrib_conv2d_NCHWc_3] Trial #226: GFLOPs: 179.2750. Time: 1289.6999 us. Best GFLOPs: 322.4681
2024-05-21 04:56:02 [INFO] [task_scheduler.cc:131] [Task #66: fused_nn_contrib_conv2d_NCHWc_3] Trial #227: GFLOPs: 170.7494. Time: 1354.0954 us. Best GFLOPs: 322.4681
2024-05-21 04:56:02 [INFO] [task_scheduler.cc:131] [Task #66: fused_nn_contrib_conv2d_NCHWc_3] Trial #228: GFLOPs: 191.5902. Time: 1206.7995 us. Best GFLOPs: 322.4681
2024-05-21 04:56:02 [INFO] [task_scheduler.cc:131] [Task #66: fused_nn_contrib_conv2d_NCHWc_3] Trial #229: GFLOPs: 164.9960. Time: 1401.3128 us. Best GFLOPs: 322.4681
2024-05-21 04:56:02 [INFO] [task_scheduler.cc:131] [Task #66: fused_nn_contrib_conv2d_NCHWc_3] Trial #230: GFLOPs: 162.9652. Time: 1418.7754 us. Best GFLOPs: 322.4681
2024-05-21 04:56:02 [INFO] [task_scheduler.cc:131] [Task #66: fused_nn_contrib_conv2d_NCHWc_3] Trial #231: GFLOPs: 118.5674. Time: 1950.0389 us. Best GFLOPs: 322.4681
2024-05-21 04:56:02 [INFO] [task_scheduler.cc:131] [Task #66: fused_nn_contrib_conv2d_NCHWc_3] Trial #232: GFLOPs: 59.6248. Time: 3877.7667 us. Best GFLOPs: 322.4681
2024-05-21 04:56:02 [INFO] [task_scheduler.cc:131] [Task #66: fused_nn_contrib_conv2d_NCHWc_3] Trial #233: GFLOPs: 194.6674. Time: 1187.7235 us. Best GFLOPs: 322.4681
2024-05-21 04:56:02 [INFO] [task_scheduler.cc:131] [Task #66: fused_nn_contrib_conv2d_NCHWc_3] Trial #234: GFLOPs: 144.3334. Time: 1601.9229 us. Best GFLOPs: 322.4681
2024-05-21 04:56:02 [INFO] [task_scheduler.cc:131] [Task #66: fused_nn_contrib_conv2d_NCHWc_3] Trial #235: GFLOPs: 103.0344. Time: 2244.0185 us. Best GFLOPs: 322.4681
2024-05-21 04:56:02 [INFO] [task_scheduler.cc:131] [Task #66: fused_nn_contrib_conv2d_NCHWc_3] Trial #236: GFLOPs: 136.5734. Time: 1692.9436 us. Best GFLOPs: 322.4681
2024-05-21 04:56:02 [INFO] [task_scheduler.cc:131] [Task #66: fused_nn_contrib_conv2d_NCHWc_3] Trial #237: GFLOPs: 81.0910. Time: 2851.2536 us. Best GFLOPs: 322.4681
2024-05-21 04:56:02 [INFO] [task_scheduler.cc:131] [Task #66: fused_nn_contrib_conv2d_NCHWc_3] Trial #238: GFLOPs: 159.7522. Time: 1447.3105 us. Best GFLOPs: 322.4681
2024-05-21 04:56:02 [INFO] [task_scheduler.cc:131] [Task #66: fused_nn_contrib_conv2d_NCHWc_3] Trial #239: GFLOPs: 241.9068. Time: 955.7856 us. Best GFLOPs: 322.4681
2024-05-21 04:56:02 [INFO] [task_scheduler.cc:131] [Task #66: fused_nn_contrib_conv2d_NCHWc_3] Trial #240: GFLOPs: 196.6748. Time: 1175.6003 us. Best GFLOPs: 322.4681
2024-05-21 04:56:02 [INFO] [task_scheduler.cc:131] [Task #66: fused_nn_contrib_conv2d_NCHWc_3] Trial #241: GFLOPs: 105.2506. Time: 2196.7659 us. Best GFLOPs: 322.4681
2024-05-21 04:56:02 [INFO] [task_scheduler.cc:131] [Task #66: fused_nn_contrib_conv2d_NCHWc_3] Trial #242: GFLOPs: 92.8297. Time: 2490.7015 us. Best GFLOPs: 322.4681
2024-05-21 04:56:02 [INFO] [task_scheduler.cc:131] [Task #66: fused_nn_contrib_conv2d_NCHWc_3] Trial #243: GFLOPs: 87.1136. Time: 2654.1310 us. Best GFLOPs: 322.4681
2024-05-21 04:56:02 [INFO] [task_scheduler.cc:131] [Task #66: fused_nn_contrib_conv2d_NCHWc_3] Trial #244: GFLOPs: 65.9944. Time: 3503.4931 us. Best GFLOPs: 322.4681
2024-05-21 04:56:02 [INFO] [task_scheduler.cc:131] [Task #66: fused_nn_contrib_conv2d_NCHWc_3] Trial #245: GFLOPs: 78.5939. Time: 2941.8425 us. Best GFLOPs: 322.4681
2024-05-21 04:56:02 [INFO] [task_scheduler.cc:131] [Task #66: fused_nn_contrib_conv2d_NCHWc_3] Trial #246: GFLOPs: 71.8033. Time: 3220.0609 us. Best GFLOPs: 322.4681
2024-05-21 04:56:02 [INFO] [task_scheduler.cc:131] [Task #66: fused_nn_contrib_conv2d_NCHWc_3] Trial #247: GFLOPs: 92.1110. Time: 2510.1350 us. Best GFLOPs: 322.4681
2024-05-21 04:56:02 [INFO] [task_scheduler.cc:131] [Task #66: fused_nn_contrib_conv2d_NCHWc_3] Trial #248: GFLOPs: 110.7483. Time: 2087.7154 us. Best GFLOPs: 322.4681
2024-05-21 04:56:02 [INFO] [task_scheduler.cc:131] [Task #66: fused_nn_contrib_conv2d_NCHWc_3] Trial #249: GFLOPs: 147.8618. Time: 1563.6969 us. Best GFLOPs: 322.4681
2024-05-21 04:56:02 [INFO] [task_scheduler.cc:131] [Task #66: fused_nn_contrib_conv2d_NCHWc_3] Trial #250: GFLOPs: 148.0499. Time: 1561.7100 us. Best GFLOPs: 322.4681
2024-05-21 04:56:02 [INFO] [task_scheduler.cc:131] [Task #66: fused_nn_contrib_conv2d_NCHWc_3] Trial #251: GFLOPs: 188.0310. Time: 1229.6430 us. Best GFLOPs: 322.4681
2024-05-21 04:56:02 [INFO] [task_scheduler.cc:131] [Task #66: fused_nn_contrib_conv2d_NCHWc_3] Trial #252: GFLOPs: 88.4509. Time: 2614.0025 us. Best GFLOPs: 322.4681
2024-05-21 04:56:02 [INFO] [task_scheduler.cc:131] [Task #66: fused_nn_contrib_conv2d_NCHWc_3] Trial #253: GFLOPs: 157.3993. Time: 1468.9460 us. Best GFLOPs: 322.4681
2024-05-21 04:56:02 [INFO] [task_scheduler.cc:131] [Task #66: fused_nn_contrib_conv2d_NCHWc_3] Trial #254: GFLOPs: 47.1597. Time: 4902.7256 us. Best GFLOPs: 322.4681
2024-05-21 04:56:02 [INFO] [task_scheduler.cc:131] [Task #66: fused_nn_contrib_conv2d_NCHWc_3] Trial #255: GFLOPs: 21.5273. Time: 10740.3792 us. Best GFLOPs: 322.4681
2024-05-21 04:56:02 [INFO] [task_scheduler.cc:131] [Task #66: fused_nn_contrib_conv2d_NCHWc_3] Trial #256: GFLOPs: 19.6223. Time: 11783.0508 us. Best GFLOPs: 322.4681
