2024-05-21 02:46:39 [INFO] [task_scheduler.cc:160] Initializing Task #31: "fused_nn_contrib_conv2d_NCHWc_add_nn_relu_30"
2024-05-21 02:46:39 [INFO] [task_scheduler.cc:35] 
# from tvm.script import ir as I
# from tvm.script import tir as T

@I.ir_module
class Module:
    @T.prim_func
    def main(p0: T.Buffer((T.int64(1), T.int64(68), T.int64(14), T.int64(14), T.int64(8)), "float32"), p1: T.Buffer((T.int64(16), T.int64(68), T.int64(1), T.int64(1), T.int64(8), T.int64(8)), "float32"), p2: T.Buffer((T.int64(1), T.int64(16), T.int64(1), T.int64(1), T.int64(8)), "float32"), T_relu: T.Buffer((T.int64(1), T.int64(16), T.int64(14), T.int64(14), T.int64(8)), "float32")):
        T.func_attr({"tir.noalias": T.bool(True)})
        # with T.block("root"):
        conv2d_NCHWc = T.alloc_buffer((T.int64(1), T.int64(16), T.int64(14), T.int64(14), T.int64(8)))
        T_add = T.alloc_buffer((T.int64(1), T.int64(16), T.int64(14), T.int64(14), T.int64(8)))
        for n, oc_chunk, oh, ow, oc_block, ic, kh, kw in T.grid(T.int64(1), T.int64(16), T.int64(14), T.int64(14), T.int64(8), T.int64(544), T.int64(1), T.int64(1)):
            with T.block("conv2d_NCHWc"):
                v_n, v_oc_chunk, v_oh, v_ow, v_oc_block, v_ic, v_kh, v_kw = T.axis.remap("SSSSSRRR", [n, oc_chunk, oh, ow, oc_block, ic, kh, kw])
                T.reads(p0[v_n, v_ic // T.int64(8), v_oh + v_kh, v_ow + v_kw, v_ic % T.int64(8)], p1[v_oc_chunk, v_ic // T.int64(8), v_kh, v_kw, v_ic % T.int64(8), v_oc_block])
                T.writes(conv2d_NCHWc[v_n, v_oc_chunk, v_oh, v_ow, v_oc_block])
                with T.init():
                    conv2d_NCHWc[v_n, v_oc_chunk, v_oh, v_ow, v_oc_block] = T.float32(0)
                conv2d_NCHWc[v_n, v_oc_chunk, v_oh, v_ow, v_oc_block] = conv2d_NCHWc[v_n, v_oc_chunk, v_oh, v_ow, v_oc_block] + p0[v_n, v_ic // T.int64(8), v_oh + v_kh, v_ow + v_kw, v_ic % T.int64(8)] * p1[v_oc_chunk, v_ic // T.int64(8), v_kh, v_kw, v_ic % T.int64(8), v_oc_block]
        for ax0, ax1, ax2, ax3, ax4 in T.grid(T.int64(1), T.int64(16), T.int64(14), T.int64(14), T.int64(8)):
            with T.block("T_add"):
                v_ax0, v_ax1, v_ax2, v_ax3, v_ax4 = T.axis.remap("SSSSS", [ax0, ax1, ax2, ax3, ax4])
                T.reads(conv2d_NCHWc[v_ax0, v_ax1, v_ax2, v_ax3, v_ax4], p2[v_ax0, v_ax1, T.int64(0), T.int64(0), v_ax4])
                T.writes(T_add[v_ax0, v_ax1, v_ax2, v_ax3, v_ax4])
                T_add[v_ax0, v_ax1, v_ax2, v_ax3, v_ax4] = conv2d_NCHWc[v_ax0, v_ax1, v_ax2, v_ax3, v_ax4] + p2[v_ax0, v_ax1, T.int64(0), T.int64(0), v_ax4]
        for ax0, ax1, ax2, ax3, ax4 in T.grid(T.int64(1), T.int64(16), T.int64(14), T.int64(14), T.int64(8)):
            with T.block("T_relu"):
                v_ax0, v_ax1, v_ax2, v_ax3, v_ax4 = T.axis.remap("SSSSS", [ax0, ax1, ax2, ax3, ax4])
                T.reads(T_add[v_ax0, v_ax1, v_ax2, v_ax3, v_ax4])
                T.writes(T_relu[v_ax0, v_ax1, v_ax2, v_ax3, v_ax4])
                T_relu[v_ax0, v_ax1, v_ax2, v_ax3, v_ax4] = T.max(T_add[v_ax0, v_ax1, v_ax2, v_ax3, v_ax4], T.float32(0))
2024-05-21 02:46:39 [INFO] [task_scheduler.cc:164] Total 3 design space(s) generated
2024-05-21 02:46:39 [INFO] [task_scheduler.cc:170] Design space #0:
# from tvm.script import ir as I
# from tvm.script import tir as T

@I.ir_module
class Module:
    @T.prim_func
    def main(p0: T.Buffer((T.int64(1), T.int64(68), T.int64(14), T.int64(14), T.int64(8)), "float32"), p1: T.Buffer((T.int64(16), T.int64(68), T.int64(1), T.int64(1), T.int64(8), T.int64(8)), "float32"), p2: T.Buffer((T.int64(1), T.int64(16), T.int64(1), T.int64(1), T.int64(8)), "float32"), T_relu: T.Buffer((T.int64(1), T.int64(16), T.int64(14), T.int64(14), T.int64(8)), "float32")):
        T.func_attr({"tir.noalias": T.bool(True)})
        with T.block("root"):
            T.reads()
            T.writes()
            T.block_attr({"meta_schedule.parallel": 96, "meta_schedule.unroll_explicit": 0, "meta_schedule.vectorize": 64})
            conv2d_NCHWc = T.alloc_buffer((T.int64(1), T.int64(16), T.int64(14), T.int64(14), T.int64(8)))
            for n_0, oc_chunk_0, oh_0, ow_0, oc_block_0, n_1, oc_chunk_1, oh_1, ow_1, oc_block_1, ic_0, kh_0, kw_0, n_2, oc_chunk_2, oh_2, ow_2, oc_block_2, ic_1, kh_1, kw_1, n_3, oc_chunk_3, oh_3, ow_3, oc_block_3 in T.grid(T.int64(1), T.int64(2), T.int64(2), T.int64(1), T.int64(1), T.int64(1), T.int64(4), T.int64(1), T.int64(7), T.int64(2), T.int64(34), T.int64(1), T.int64(1), T.int64(1), T.int64(1), T.int64(7), T.int64(1), T.int64(1), T.int64(16), T.int64(1), T.int64(1), T.int64(1), T.int64(2), T.int64(1), T.int64(2), T.int64(4)):
                with T.block("conv2d_NCHWc"):
                    v_n = T.axis.spatial(T.int64(1), n_0 + n_1 + n_2 + n_3)
                    v_oc_chunk = T.axis.spatial(T.int64(16), oc_chunk_0 * T.int64(8) + oc_chunk_1 * T.int64(2) + oc_chunk_2 * T.int64(2) + oc_chunk_3)
                    v_oh = T.axis.spatial(T.int64(14), oh_0 * T.int64(7) + oh_1 * T.int64(7) + oh_2 + oh_3)
                    v_ow = T.axis.spatial(T.int64(14), ow_0 * T.int64(14) + ow_1 * T.int64(2) + ow_2 * T.int64(2) + ow_3)
                    v_oc_block = T.axis.spatial(T.int64(8), oc_block_0 * T.int64(8) + oc_block_1 * T.int64(4) + oc_block_2 * T.int64(4) + oc_block_3)
                    v_ic = T.axis.reduce(T.int64(544), ic_0 * T.int64(16) + ic_1)
                    v_kh = T.axis.reduce(T.int64(1), kh_0 + kh_1)
                    v_kw = T.axis.reduce(T.int64(1), kw_0 + kw_1)
                    T.reads(p0[v_n, v_ic // T.int64(8), v_oh + v_kh, v_ow + v_kw, v_ic % T.int64(8)], p1[v_oc_chunk, v_ic // T.int64(8), v_kh, v_kw, v_ic % T.int64(8), v_oc_block])
                    T.writes(conv2d_NCHWc[v_n, v_oc_chunk, v_oh, v_ow, v_oc_block])
                    T.block_attr({"meta_schedule.tiling_structure": "SSRSRS"})
                    with T.init():
                        conv2d_NCHWc[v_n, v_oc_chunk, v_oh, v_ow, v_oc_block] = T.float32(0)
                    conv2d_NCHWc[v_n, v_oc_chunk, v_oh, v_ow, v_oc_block] = conv2d_NCHWc[v_n, v_oc_chunk, v_oh, v_ow, v_oc_block] + p0[v_n, v_ic // T.int64(8), v_oh + v_kh, v_ow + v_kw, v_ic % T.int64(8)] * p1[v_oc_chunk, v_ic // T.int64(8), v_kh, v_kw, v_ic % T.int64(8), v_oc_block]
            for ax0, ax1, ax2, ax3, ax4 in T.grid(T.int64(1), T.int64(16), T.int64(14), T.int64(14), T.int64(8)):
                with T.block("T_relu"):
                    v_ax0, v_ax1, v_ax2, v_ax3, v_ax4 = T.axis.remap("SSSSS", [ax0, ax1, ax2, ax3, ax4])
                    T.reads(conv2d_NCHWc[v_ax0, v_ax1, v_ax2, v_ax3, v_ax4], p2[v_ax0, v_ax1, T.int64(0), T.int64(0), v_ax4])
                    T.writes(T_relu[v_ax0, v_ax1, v_ax2, v_ax3, v_ax4])
                    T_relu[v_ax0, v_ax1, v_ax2, v_ax3, v_ax4] = T.max(conv2d_NCHWc[v_ax0, v_ax1, v_ax2, v_ax3, v_ax4] + p2[v_ax0, v_ax1, T.int64(0), T.int64(0), v_ax4], T.float32(0))
b0 = sch.get_block(name="conv2d_NCHWc", func_name="main")
b1 = sch.get_block(name="T_add", func_name="main")
b2 = sch.get_block(name="root", func_name="main")
sch.compute_inline(block=b1)
sch.annotate(block_or_loop=b0, ann_key="meta_schedule.tiling_structure", ann_val="SSRSRS")
l3, l4, l5, l6, l7, l8, l9, l10 = sch.get_loops(block=b0)
v11, v12, v13, v14 = sch.sample_perfect_tile(loop=l3, n=4, max_innermost_factor=64, decision=[1, 1, 1, 1])
l15, l16, l17, l18 = sch.split(loop=l3, factors=[v11, v12, v13, v14], preserve_unit_iters=True, disable_predication=False)
v19, v20, v21, v22 = sch.sample_perfect_tile(loop=l4, n=4, max_innermost_factor=64, decision=[2, 4, 1, 2])
l23, l24, l25, l26 = sch.split(loop=l4, factors=[v19, v20, v21, v22], preserve_unit_iters=True, disable_predication=False)
v27, v28, v29, v30 = sch.sample_perfect_tile(loop=l5, n=4, max_innermost_factor=64, decision=[2, 1, 7, 1])
l31, l32, l33, l34 = sch.split(loop=l5, factors=[v27, v28, v29, v30], preserve_unit_iters=True, disable_predication=False)
v35, v36, v37, v38 = sch.sample_perfect_tile(loop=l6, n=4, max_innermost_factor=64, decision=[1, 7, 1, 2])
l39, l40, l41, l42 = sch.split(loop=l6, factors=[v35, v36, v37, v38], preserve_unit_iters=True, disable_predication=False)
v43, v44, v45, v46 = sch.sample_perfect_tile(loop=l7, n=4, max_innermost_factor=64, decision=[1, 2, 1, 4])
l47, l48, l49, l50 = sch.split(loop=l7, factors=[v43, v44, v45, v46], preserve_unit_iters=True, disable_predication=False)
v51, v52 = sch.sample_perfect_tile(loop=l8, n=2, max_innermost_factor=64, decision=[34, 16])
l53, l54 = sch.split(loop=l8, factors=[v51, v52], preserve_unit_iters=True, disable_predication=False)
v55, v56 = sch.sample_perfect_tile(loop=l9, n=2, max_innermost_factor=64, decision=[1, 1])
l57, l58 = sch.split(loop=l9, factors=[v55, v56], preserve_unit_iters=True, disable_predication=False)
v59, v60 = sch.sample_perfect_tile(loop=l10, n=2, max_innermost_factor=64, decision=[1, 1])
l61, l62 = sch.split(loop=l10, factors=[v59, v60], preserve_unit_iters=True, disable_predication=False)
sch.reorder(l15, l23, l31, l39, l47, l16, l24, l32, l40, l48, l53, l57, l61, l17, l25, l33, l41, l49, l54, l58, l62, l18, l26, l34, l42, l50)
sch.annotate(block_or_loop=b2, ann_key="meta_schedule.parallel", ann_val=96)
sch.annotate(block_or_loop=b2, ann_key="meta_schedule.vectorize", ann_val=64)
v63 = sch.sample_categorical(candidates=[0, 16, 64, 512], probs=[0.25, 0.25, 0.25, 0.25], decision=0)
sch.annotate(block_or_loop=b2, ann_key="meta_schedule.unroll_explicit", ann_val=v63)
2024-05-21 02:46:39 [INFO] [task_scheduler.cc:170] Design space #1:
# from tvm.script import ir as I
# from tvm.script import tir as T

@I.ir_module
class Module:
    @T.prim_func
    def main(p0: T.Buffer((T.int64(1), T.int64(68), T.int64(14), T.int64(14), T.int64(8)), "float32"), p1: T.Buffer((T.int64(16), T.int64(68), T.int64(1), T.int64(1), T.int64(8), T.int64(8)), "float32"), p2: T.Buffer((T.int64(1), T.int64(16), T.int64(1), T.int64(1), T.int64(8)), "float32"), T_relu: T.Buffer((T.int64(1), T.int64(16), T.int64(14), T.int64(14), T.int64(8)), "float32")):
        T.func_attr({"tir.noalias": T.bool(True)})
        with T.block("root"):
            T.reads()
            T.writes()
            T.block_attr({"meta_schedule.parallel": 96, "meta_schedule.unroll_explicit": 64, "meta_schedule.vectorize": 64})
            conv2d_NCHWc = T.alloc_buffer((T.int64(1), T.int64(16), T.int64(14), T.int64(14), T.int64(8)))
            for n_0, oc_chunk_0, oh_0, ow_0, oc_block_0, n_1, oc_chunk_1, oh_1, ow_1, oc_block_1 in T.grid(T.int64(1), T.int64(2), T.int64(2), T.int64(1), T.int64(1), T.int64(1), T.int64(4), T.int64(1), T.int64(7), T.int64(2)):
                for ic_0, kh_0, kw_0, n_2, oc_chunk_2, oh_2, ow_2, oc_block_2, ic_1, kh_1, kw_1, n_3, oc_chunk_3, oh_3, ow_3, oc_block_3 in T.grid(T.int64(34), T.int64(1), T.int64(1), T.int64(1), T.int64(1), T.int64(7), T.int64(1), T.int64(1), T.int64(16), T.int64(1), T.int64(1), T.int64(1), T.int64(2), T.int64(1), T.int64(2), T.int64(4)):
                    with T.block("conv2d_NCHWc"):
                        v_n = T.axis.spatial(T.int64(1), n_0 + n_1 + n_2 + n_3)
                        v_oc_chunk = T.axis.spatial(T.int64(16), oc_chunk_0 * T.int64(8) + oc_chunk_1 * T.int64(2) + oc_chunk_2 * T.int64(2) + oc_chunk_3)
                        v_oh = T.axis.spatial(T.int64(14), oh_0 * T.int64(7) + oh_1 * T.int64(7) + oh_2 + oh_3)
                        v_ow = T.axis.spatial(T.int64(14), ow_0 * T.int64(14) + ow_1 * T.int64(2) + ow_2 * T.int64(2) + ow_3)
                        v_oc_block = T.axis.spatial(T.int64(8), oc_block_0 * T.int64(8) + oc_block_1 * T.int64(4) + oc_block_2 * T.int64(4) + oc_block_3)
                        v_ic = T.axis.reduce(T.int64(544), ic_0 * T.int64(16) + ic_1)
                        v_kh = T.axis.reduce(T.int64(1), kh_0 + kh_1)
                        v_kw = T.axis.reduce(T.int64(1), kw_0 + kw_1)
                        T.reads(p0[v_n, v_ic // T.int64(8), v_oh + v_kh, v_ow + v_kw, v_ic % T.int64(8)], p1[v_oc_chunk, v_ic // T.int64(8), v_kh, v_kw, v_ic % T.int64(8), v_oc_block])
                        T.writes(conv2d_NCHWc[v_n, v_oc_chunk, v_oh, v_ow, v_oc_block])
                        T.block_attr({"meta_schedule.tiling_structure": "SSRSRS"})
                        with T.init():
                            conv2d_NCHWc[v_n, v_oc_chunk, v_oh, v_ow, v_oc_block] = T.float32(0)
                        conv2d_NCHWc[v_n, v_oc_chunk, v_oh, v_ow, v_oc_block] = conv2d_NCHWc[v_n, v_oc_chunk, v_oh, v_ow, v_oc_block] + p0[v_n, v_ic // T.int64(8), v_oh + v_kh, v_ow + v_kw, v_ic % T.int64(8)] * p1[v_oc_chunk, v_ic // T.int64(8), v_kh, v_kw, v_ic % T.int64(8), v_oc_block]
                for ax0, ax1, ax2, ax3, ax4 in T.grid(T.int64(1), T.int64(2), T.int64(7), T.int64(2), T.int64(4)):
                    with T.block("T_relu"):
                        v_ax0 = T.axis.spatial(T.int64(1), ax0)
                        v_ax1 = T.axis.spatial(T.int64(16), oc_chunk_0 * T.int64(8) + oc_chunk_1 * T.int64(2) + ax1)
                        v_ax2 = T.axis.spatial(T.int64(14), oh_0 * T.int64(7) + ax2)
                        v_ax3 = T.axis.spatial(T.int64(14), ow_1 * T.int64(2) + ax3)
                        v_ax4 = T.axis.spatial(T.int64(8), oc_block_1 * T.int64(4) + ax4)
                        T.reads(conv2d_NCHWc[v_ax0, v_ax1, v_ax2, v_ax3, v_ax4], p2[v_ax0, v_ax1, T.int64(0), T.int64(0), v_ax4])
                        T.writes(T_relu[v_ax0, v_ax1, v_ax2, v_ax3, v_ax4])
                        T_relu[v_ax0, v_ax1, v_ax2, v_ax3, v_ax4] = T.max(conv2d_NCHWc[v_ax0, v_ax1, v_ax2, v_ax3, v_ax4] + p2[v_ax0, v_ax1, T.int64(0), T.int64(0), v_ax4], T.float32(0))
b0 = sch.get_block(name="conv2d_NCHWc", func_name="main")
b1 = sch.get_block(name="T_add", func_name="main")
b2 = sch.get_block(name="root", func_name="main")
sch.compute_inline(block=b1)
sch.annotate(block_or_loop=b0, ann_key="meta_schedule.tiling_structure", ann_val="SSRSRS")
l3, l4, l5, l6, l7, l8, l9, l10 = sch.get_loops(block=b0)
v11, v12, v13, v14 = sch.sample_perfect_tile(loop=l3, n=4, max_innermost_factor=64, decision=[1, 1, 1, 1])
l15, l16, l17, l18 = sch.split(loop=l3, factors=[v11, v12, v13, v14], preserve_unit_iters=True, disable_predication=False)
v19, v20, v21, v22 = sch.sample_perfect_tile(loop=l4, n=4, max_innermost_factor=64, decision=[2, 4, 1, 2])
l23, l24, l25, l26 = sch.split(loop=l4, factors=[v19, v20, v21, v22], preserve_unit_iters=True, disable_predication=False)
v27, v28, v29, v30 = sch.sample_perfect_tile(loop=l5, n=4, max_innermost_factor=64, decision=[2, 1, 7, 1])
l31, l32, l33, l34 = sch.split(loop=l5, factors=[v27, v28, v29, v30], preserve_unit_iters=True, disable_predication=False)
v35, v36, v37, v38 = sch.sample_perfect_tile(loop=l6, n=4, max_innermost_factor=64, decision=[1, 7, 1, 2])
l39, l40, l41, l42 = sch.split(loop=l6, factors=[v35, v36, v37, v38], preserve_unit_iters=True, disable_predication=False)
v43, v44, v45, v46 = sch.sample_perfect_tile(loop=l7, n=4, max_innermost_factor=64, decision=[1, 2, 1, 4])
l47, l48, l49, l50 = sch.split(loop=l7, factors=[v43, v44, v45, v46], preserve_unit_iters=True, disable_predication=False)
v51, v52 = sch.sample_perfect_tile(loop=l8, n=2, max_innermost_factor=64, decision=[34, 16])
l53, l54 = sch.split(loop=l8, factors=[v51, v52], preserve_unit_iters=True, disable_predication=False)
v55, v56 = sch.sample_perfect_tile(loop=l9, n=2, max_innermost_factor=64, decision=[1, 1])
l57, l58 = sch.split(loop=l9, factors=[v55, v56], preserve_unit_iters=True, disable_predication=False)
v59, v60 = sch.sample_perfect_tile(loop=l10, n=2, max_innermost_factor=64, decision=[1, 1])
l61, l62 = sch.split(loop=l10, factors=[v59, v60], preserve_unit_iters=True, disable_predication=False)
sch.reorder(l15, l23, l31, l39, l47, l16, l24, l32, l40, l48, l53, l57, l61, l17, l25, l33, l41, l49, l54, l58, l62, l18, l26, l34, l42, l50)
b63, = sch.get_consumers(block=b0)
sch.reverse_compute_at(block=b63, loop=l48, preserve_unit_loops=True, index=-1)
sch.annotate(block_or_loop=b2, ann_key="meta_schedule.parallel", ann_val=96)
sch.annotate(block_or_loop=b2, ann_key="meta_schedule.vectorize", ann_val=64)
v64 = sch.sample_categorical(candidates=[0, 16, 64, 512], probs=[0.25, 0.25, 0.25, 0.25], decision=2)
sch.annotate(block_or_loop=b2, ann_key="meta_schedule.unroll_explicit", ann_val=v64)
2024-05-21 02:46:39 [INFO] [task_scheduler.cc:170] Design space #2:
# from tvm.script import ir as I
# from tvm.script import tir as T

@I.ir_module
class Module:
    @T.prim_func
    def main(p0: T.Buffer((T.int64(1), T.int64(68), T.int64(14), T.int64(14), T.int64(8)), "float32"), p1: T.Buffer((T.int64(16), T.int64(68), T.int64(1), T.int64(1), T.int64(8), T.int64(8)), "float32"), p2: T.Buffer((T.int64(1), T.int64(16), T.int64(1), T.int64(1), T.int64(8)), "float32"), T_relu: T.Buffer((T.int64(1), T.int64(16), T.int64(14), T.int64(14), T.int64(8)), "float32")):
        T.func_attr({"tir.noalias": T.bool(True)})
        with T.block("root"):
            T.reads()
            T.writes()
            T.block_attr({"meta_schedule.parallel": 96, "meta_schedule.unroll_explicit": 16, "meta_schedule.vectorize": 64})
            conv2d_NCHWc = T.alloc_buffer((T.int64(1), T.int64(16), T.int64(14), T.int64(14), T.int64(8)))
            for n_0, oc_chunk_0, oh_0, ow_0, oc_block_0 in T.grid(T.int64(1), T.int64(2), T.int64(2), T.int64(1), T.int64(1)):
                for n_1, oc_chunk_1, oh_1, ow_1, oc_block_1, ic_0, kh_0, kw_0, n_2, oc_chunk_2, oh_2, ow_2, oc_block_2, ic_1, kh_1, kw_1, n_3, oc_chunk_3, oh_3, ow_3, oc_block_3 in T.grid(T.int64(1), T.int64(4), T.int64(1), T.int64(7), T.int64(2), T.int64(34), T.int64(1), T.int64(1), T.int64(1), T.int64(1), T.int64(7), T.int64(1), T.int64(1), T.int64(16), T.int64(1), T.int64(1), T.int64(1), T.int64(2), T.int64(1), T.int64(2), T.int64(4)):
                    with T.block("conv2d_NCHWc"):
                        v_n = T.axis.spatial(T.int64(1), n_0 + n_1 + n_2 + n_3)
                        v_oc_chunk = T.axis.spatial(T.int64(16), oc_chunk_0 * T.int64(8) + oc_chunk_1 * T.int64(2) + oc_chunk_2 * T.int64(2) + oc_chunk_3)
                        v_oh = T.axis.spatial(T.int64(14), oh_0 * T.int64(7) + oh_1 * T.int64(7) + oh_2 + oh_3)
                        v_ow = T.axis.spatial(T.int64(14), ow_0 * T.int64(14) + ow_1 * T.int64(2) + ow_2 * T.int64(2) + ow_3)
                        v_oc_block = T.axis.spatial(T.int64(8), oc_block_0 * T.int64(8) + oc_block_1 * T.int64(4) + oc_block_2 * T.int64(4) + oc_block_3)
                        v_ic = T.axis.reduce(T.int64(544), ic_0 * T.int64(16) + ic_1)
                        v_kh = T.axis.reduce(T.int64(1), kh_0 + kh_1)
                        v_kw = T.axis.reduce(T.int64(1), kw_0 + kw_1)
                        T.reads(p0[v_n, v_ic // T.int64(8), v_oh + v_kh, v_ow + v_kw, v_ic % T.int64(8)], p1[v_oc_chunk, v_ic // T.int64(8), v_kh, v_kw, v_ic % T.int64(8), v_oc_block])
                        T.writes(conv2d_NCHWc[v_n, v_oc_chunk, v_oh, v_ow, v_oc_block])
                        T.block_attr({"meta_schedule.tiling_structure": "SSRSRS"})
                        with T.init():
                            conv2d_NCHWc[v_n, v_oc_chunk, v_oh, v_ow, v_oc_block] = T.float32(0)
                        conv2d_NCHWc[v_n, v_oc_chunk, v_oh, v_ow, v_oc_block] = conv2d_NCHWc[v_n, v_oc_chunk, v_oh, v_ow, v_oc_block] + p0[v_n, v_ic // T.int64(8), v_oh + v_kh, v_ow + v_kw, v_ic % T.int64(8)] * p1[v_oc_chunk, v_ic // T.int64(8), v_kh, v_kw, v_ic % T.int64(8), v_oc_block]
                for ax0, ax1, ax2, ax3, ax4 in T.grid(T.int64(1), T.int64(8), T.int64(7), T.int64(14), T.int64(8)):
                    with T.block("T_relu"):
                        v_ax0 = T.axis.spatial(T.int64(1), ax0)
                        v_ax1 = T.axis.spatial(T.int64(16), oc_chunk_0 * T.int64(8) + ax1)
                        v_ax2 = T.axis.spatial(T.int64(14), oh_0 * T.int64(7) + ax2)
                        v_ax3, v_ax4 = T.axis.remap("SS", [ax3, ax4])
                        T.reads(conv2d_NCHWc[v_ax0, v_ax1, v_ax2, v_ax3, v_ax4], p2[v_ax0, v_ax1, T.int64(0), T.int64(0), v_ax4])
                        T.writes(T_relu[v_ax0, v_ax1, v_ax2, v_ax3, v_ax4])
                        T_relu[v_ax0, v_ax1, v_ax2, v_ax3, v_ax4] = T.max(conv2d_NCHWc[v_ax0, v_ax1, v_ax2, v_ax3, v_ax4] + p2[v_ax0, v_ax1, T.int64(0), T.int64(0), v_ax4], T.float32(0))
b0 = sch.get_block(name="conv2d_NCHWc", func_name="main")
b1 = sch.get_block(name="T_add", func_name="main")
b2 = sch.get_block(name="root", func_name="main")
sch.compute_inline(block=b1)
sch.annotate(block_or_loop=b0, ann_key="meta_schedule.tiling_structure", ann_val="SSRSRS")
l3, l4, l5, l6, l7, l8, l9, l10 = sch.get_loops(block=b0)
v11, v12, v13, v14 = sch.sample_perfect_tile(loop=l3, n=4, max_innermost_factor=64, decision=[1, 1, 1, 1])
l15, l16, l17, l18 = sch.split(loop=l3, factors=[v11, v12, v13, v14], preserve_unit_iters=True, disable_predication=False)
v19, v20, v21, v22 = sch.sample_perfect_tile(loop=l4, n=4, max_innermost_factor=64, decision=[2, 4, 1, 2])
l23, l24, l25, l26 = sch.split(loop=l4, factors=[v19, v20, v21, v22], preserve_unit_iters=True, disable_predication=False)
v27, v28, v29, v30 = sch.sample_perfect_tile(loop=l5, n=4, max_innermost_factor=64, decision=[2, 1, 7, 1])
l31, l32, l33, l34 = sch.split(loop=l5, factors=[v27, v28, v29, v30], preserve_unit_iters=True, disable_predication=False)
v35, v36, v37, v38 = sch.sample_perfect_tile(loop=l6, n=4, max_innermost_factor=64, decision=[1, 7, 1, 2])
l39, l40, l41, l42 = sch.split(loop=l6, factors=[v35, v36, v37, v38], preserve_unit_iters=True, disable_predication=False)
v43, v44, v45, v46 = sch.sample_perfect_tile(loop=l7, n=4, max_innermost_factor=64, decision=[1, 2, 1, 4])
l47, l48, l49, l50 = sch.split(loop=l7, factors=[v43, v44, v45, v46], preserve_unit_iters=True, disable_predication=False)
v51, v52 = sch.sample_perfect_tile(loop=l8, n=2, max_innermost_factor=64, decision=[34, 16])
l53, l54 = sch.split(loop=l8, factors=[v51, v52], preserve_unit_iters=True, disable_predication=False)
v55, v56 = sch.sample_perfect_tile(loop=l9, n=2, max_innermost_factor=64, decision=[1, 1])
l57, l58 = sch.split(loop=l9, factors=[v55, v56], preserve_unit_iters=True, disable_predication=False)
v59, v60 = sch.sample_perfect_tile(loop=l10, n=2, max_innermost_factor=64, decision=[1, 1])
l61, l62 = sch.split(loop=l10, factors=[v59, v60], preserve_unit_iters=True, disable_predication=False)
sch.reorder(l15, l23, l31, l39, l47, l16, l24, l32, l40, l48, l53, l57, l61, l17, l25, l33, l41, l49, l54, l58, l62, l18, l26, l34, l42, l50)
b63, = sch.get_consumers(block=b0)
sch.reverse_compute_at(block=b63, loop=l47, preserve_unit_loops=True, index=-1)
sch.annotate(block_or_loop=b2, ann_key="meta_schedule.parallel", ann_val=96)
sch.annotate(block_or_loop=b2, ann_key="meta_schedule.vectorize", ann_val=64)
v64 = sch.sample_categorical(candidates=[0, 16, 64, 512], probs=[0.25, 0.25, 0.25, 0.25], decision=1)
sch.annotate(block_or_loop=b2, ann_key="meta_schedule.unroll_explicit", ann_val=v64)
2024-05-21 03:38:09 [INFO] [evolutionary_search.cc:713] Generating candidates......
2024-05-21 03:38:09 [INFO] [evolutionary_search.cc:715] Picked top 0 candidate(s) from database
2024-05-21 03:38:10 [INFO] [evolutionary_search.cc:533] Sample-Init-Population summary:
Postproc #0 [meta_schedule.DisallowDynamicLoop(0xdd45b38)]: 0 failure(s)
Postproc #1 [meta_schedule.RewriteParallelVectorizeUnroll(0x18bf0eb8)]: 0 failure(s)
Postproc #2 [meta_schedule.RewriteReductionBlock(0x183d17b8)]: 0 failure(s)
Postproc #3 [meta_schedule.RewriteLayout(0x20fe1948)]: 0 failure(s)
2024-05-21 03:38:10 [INFO] [evolutionary_search.cc:723] Sampled 512 candidate(s)
2024-05-21 03:38:11 [INFO] [evolutionary_search.cc:621] Evolve iter #0 done. Summary:
Postproc #0 [meta_schedule.DisallowDynamicLoop(0xdd45b38)]: 0 failure(s)
Postproc #1 [meta_schedule.RewriteParallelVectorizeUnroll(0x18bf0eb8)]: 0 failure(s)
Postproc #2 [meta_schedule.RewriteReductionBlock(0x183d17b8)]: 0 failure(s)
Postproc #3 [meta_schedule.RewriteLayout(0x20fe1948)]: 0 failure(s)
2024-05-21 03:38:11 [INFO] [evolutionary_search.cc:621] Evolve iter #1 done. Summary:
Postproc #0 [meta_schedule.DisallowDynamicLoop(0xdd45b38)]: 0 failure(s)
Postproc #1 [meta_schedule.RewriteParallelVectorizeUnroll(0x18bf0eb8)]: 0 failure(s)
Postproc #2 [meta_schedule.RewriteReductionBlock(0x183d17b8)]: 0 failure(s)
Postproc #3 [meta_schedule.RewriteLayout(0x20fe1948)]: 0 failure(s)
2024-05-21 03:38:12 [INFO] [evolutionary_search.cc:621] Evolve iter #2 done. Summary:
Postproc #0 [meta_schedule.DisallowDynamicLoop(0xdd45b38)]: 0 failure(s)
Postproc #1 [meta_schedule.RewriteParallelVectorizeUnroll(0x18bf0eb8)]: 0 failure(s)
Postproc #2 [meta_schedule.RewriteReductionBlock(0x183d17b8)]: 0 failure(s)
Postproc #3 [meta_schedule.RewriteLayout(0x20fe1948)]: 0 failure(s)
2024-05-21 03:38:13 [INFO] [evolutionary_search.cc:621] Evolve iter #3 done. Summary:
Postproc #0 [meta_schedule.DisallowDynamicLoop(0xdd45b38)]: 0 failure(s)
Postproc #1 [meta_schedule.RewriteParallelVectorizeUnroll(0x18bf0eb8)]: 0 failure(s)
Postproc #2 [meta_schedule.RewriteReductionBlock(0x183d17b8)]: 0 failure(s)
Postproc #3 [meta_schedule.RewriteLayout(0x20fe1948)]: 0 failure(s)
2024-05-21 03:38:14 [INFO] [evolutionary_search.cc:649] Scores of the best 64 candidates:
[1 : 16]:	0.9994  0.9986  0.9975  0.9965  0.9963  0.9954  0.9949  0.9946  0.9943  0.9937  0.9935  0.9928  0.9919  0.9903  0.9903  0.9896
[17 : 32]:	0.9896  0.9893  0.9890  0.9887  0.9881  0.9880  0.9879  0.9875  0.9873  0.9872  0.9868  0.9859  0.9855  0.9846  0.9845  0.9844
[33 : 48]:	0.9840  0.9836  0.9831  0.9829  0.9821  0.9813  0.9812  0.9808  0.9808  0.9802  0.9801  0.9800  0.9799  0.9787  0.9787  0.9784
[49 : 64]:	0.9783  0.9782  0.9773  0.9771  0.9764  0.9759  0.9757  0.9752  0.9749  0.9747  0.9733  0.9733  0.9731  0.9729  0.9722  0.9721
2024-05-21 03:38:14 [INFO] [evolutionary_search.cc:727] Got 64 candidate(s) with evolutionary search
2024-05-21 03:38:14 [INFO] [evolutionary_search.cc:730] Sending 64 candidates(s) for measurement
2024-05-21 04:46:38 [INFO] [task_scheduler.cc:131] [Task #31: fused_nn_contrib_conv2d_NCHWc_add_nn_relu_30] Trial #1: GFLOPs: 9.3146. Time: 2935.8148 us. Best GFLOPs: 9.3146
2024-05-21 04:46:38 [INFO] [task_scheduler.cc:131] [Task #31: fused_nn_contrib_conv2d_NCHWc_add_nn_relu_30] Trial #2: GFLOPs: 11.1233. Time: 2458.4423 us. Best GFLOPs: 11.1233
2024-05-21 04:46:38 [INFO] [task_scheduler.cc:131] [Task #31: fused_nn_contrib_conv2d_NCHWc_add_nn_relu_30] Trial #3: GFLOPs: 13.0045. Time: 2102.8125 us. Best GFLOPs: 13.0045
2024-05-21 04:46:38 [INFO] [task_scheduler.cc:131] [Task #31: fused_nn_contrib_conv2d_NCHWc_add_nn_relu_30] Trial #4: GFLOPs: 115.3215. Time: 237.1277 us. Best GFLOPs: 115.3215
2024-05-21 04:46:38 [INFO] [task_scheduler.cc:131] [Task #31: fused_nn_contrib_conv2d_NCHWc_add_nn_relu_30] Trial #5: GFLOPs: 72.9302. Time: 374.9599 us. Best GFLOPs: 115.3215
2024-05-21 04:46:38 [INFO] [task_scheduler.cc:131] [Task #31: fused_nn_contrib_conv2d_NCHWc_add_nn_relu_30] Trial #6: GFLOPs: 92.3026. Time: 296.2639 us. Best GFLOPs: 115.3215
2024-05-21 04:46:38 [INFO] [task_scheduler.cc:131] [Task #31: fused_nn_contrib_conv2d_NCHWc_add_nn_relu_30] Trial #7: GFLOPs: 24.8891. Time: 1098.7102 us. Best GFLOPs: 115.3215
2024-05-21 04:46:38 [INFO] [task_scheduler.cc:131] [Task #31: fused_nn_contrib_conv2d_NCHWc_add_nn_relu_30] Trial #8: GFLOPs: 25.1219. Time: 1088.5286 us. Best GFLOPs: 115.3215
2024-05-21 04:46:38 [INFO] [task_scheduler.cc:131] [Task #31: fused_nn_contrib_conv2d_NCHWc_add_nn_relu_30] Trial #9: GFLOPs: 17.5213. Time: 1560.7272 us. Best GFLOPs: 115.3215
2024-05-21 04:46:38 [INFO] [task_scheduler.cc:131] [Task #31: fused_nn_contrib_conv2d_NCHWc_add_nn_relu_30] Trial #10: GFLOPs: 72.7341. Time: 375.9713 us. Best GFLOPs: 115.3215
2024-05-21 04:46:38 [INFO] [task_scheduler.cc:131] [Task #31: fused_nn_contrib_conv2d_NCHWc_add_nn_relu_30] Trial #11: GFLOPs: 117.7239. Time: 232.2886 us. Best GFLOPs: 117.7239
2024-05-21 04:46:38 [INFO] [task_scheduler.cc:131] [Task #31: fused_nn_contrib_conv2d_NCHWc_add_nn_relu_30] Trial #12: GFLOPs: 13.7141. Time: 1994.0072 us. Best GFLOPs: 117.7239
2024-05-21 04:46:38 [INFO] [task_scheduler.cc:131] [Task #31: fused_nn_contrib_conv2d_NCHWc_add_nn_relu_30] Trial #13: GFLOPs: 30.2319. Time: 904.5395 us. Best GFLOPs: 117.7239
2024-05-21 04:46:38 [INFO] [task_scheduler.cc:131] [Task #31: fused_nn_contrib_conv2d_NCHWc_add_nn_relu_30] Trial #14: GFLOPs: 64.7648. Time: 422.2346 us. Best GFLOPs: 117.7239
2024-05-21 04:46:38 [INFO] [task_scheduler.cc:131] [Task #31: fused_nn_contrib_conv2d_NCHWc_add_nn_relu_30] Trial #15: GFLOPs: 70.4787. Time: 388.0026 us. Best GFLOPs: 117.7239
2024-05-21 04:46:38 [INFO] [task_scheduler.cc:131] [Task #31: fused_nn_contrib_conv2d_NCHWc_add_nn_relu_30] Trial #16: GFLOPs: 29.6759. Time: 921.4858 us. Best GFLOPs: 117.7239
2024-05-21 04:46:38 [INFO] [task_scheduler.cc:131] [Task #31: fused_nn_contrib_conv2d_NCHWc_add_nn_relu_30] Trial #17: GFLOPs: 63.6122. Time: 429.8847 us. Best GFLOPs: 117.7239
2024-05-21 04:46:38 [INFO] [task_scheduler.cc:131] [Task #31: fused_nn_contrib_conv2d_NCHWc_add_nn_relu_30] Trial #18: GFLOPs: 16.9380. Time: 1614.4758 us. Best GFLOPs: 117.7239
2024-05-21 04:46:38 [INFO] [task_scheduler.cc:131] [Task #31: fused_nn_contrib_conv2d_NCHWc_add_nn_relu_30] Trial #19: GFLOPs: 23.5375. Time: 1161.8035 us. Best GFLOPs: 117.7239
2024-05-21 04:46:38 [INFO] [task_scheduler.cc:131] [Task #31: fused_nn_contrib_conv2d_NCHWc_add_nn_relu_30] Trial #20: GFLOPs: 8.4321. Time: 3243.0553 us. Best GFLOPs: 117.7239
2024-05-21 04:46:38 [INFO] [task_scheduler.cc:131] [Task #31: fused_nn_contrib_conv2d_NCHWc_add_nn_relu_30] Trial #21: GFLOPs: 22.8741. Time: 1195.4957 us. Best GFLOPs: 117.7239
2024-05-21 04:46:38 [INFO] [task_scheduler.cc:131] [Task #31: fused_nn_contrib_conv2d_NCHWc_add_nn_relu_30] Trial #22: GFLOPs: 51.8678. Time: 527.2231 us. Best GFLOPs: 117.7239
2024-05-21 04:46:38 [INFO] [task_scheduler.cc:131] [Task #31: fused_nn_contrib_conv2d_NCHWc_add_nn_relu_30] Trial #23: GFLOPs: 31.9863. Time: 854.9252 us. Best GFLOPs: 117.7239
2024-05-21 04:46:38 [INFO] [task_scheduler.cc:131] [Task #31: fused_nn_contrib_conv2d_NCHWc_add_nn_relu_30] Trial #24: GFLOPs: 24.0352. Time: 1137.7468 us. Best GFLOPs: 117.7239
2024-05-21 04:46:38 [INFO] [task_scheduler.cc:131] [Task #31: fused_nn_contrib_conv2d_NCHWc_add_nn_relu_30] Trial #25: GFLOPs: 24.9369. Time: 1096.6042 us. Best GFLOPs: 117.7239
2024-05-21 04:46:38 [INFO] [task_scheduler.cc:131] [Task #31: fused_nn_contrib_conv2d_NCHWc_add_nn_relu_30] Trial #26: GFLOPs: 99.8595. Time: 273.8439 us. Best GFLOPs: 117.7239
2024-05-21 04:46:38 [INFO] [task_scheduler.cc:131] [Task #31: fused_nn_contrib_conv2d_NCHWc_add_nn_relu_30] Trial #27: GFLOPs: 91.4831. Time: 298.9177 us. Best GFLOPs: 117.7239
2024-05-21 04:46:38 [INFO] [task_scheduler.cc:131] [Task #31: fused_nn_contrib_conv2d_NCHWc_add_nn_relu_30] Trial #28: GFLOPs: 7.0787. Time: 3863.1514 us. Best GFLOPs: 117.7239
2024-05-21 04:46:38 [INFO] [task_scheduler.cc:131] [Task #31: fused_nn_contrib_conv2d_NCHWc_add_nn_relu_30] Trial #29: GFLOPs: 24.5893. Time: 1112.1079 us. Best GFLOPs: 117.7239
2024-05-21 04:46:38 [INFO] [task_scheduler.cc:131] [Task #31: fused_nn_contrib_conv2d_NCHWc_add_nn_relu_30] Trial #30: GFLOPs: 39.6507. Time: 689.6709 us. Best GFLOPs: 117.7239
2024-05-21 04:46:38 [INFO] [task_scheduler.cc:131] [Task #31: fused_nn_contrib_conv2d_NCHWc_add_nn_relu_30] Trial #31: GFLOPs: 47.0604. Time: 581.0814 us. Best GFLOPs: 117.7239
2024-05-21 04:46:38 [INFO] [task_scheduler.cc:131] [Task #31: fused_nn_contrib_conv2d_NCHWc_add_nn_relu_30] Trial #32: GFLOPs: 96.5841. Time: 283.1307 us. Best GFLOPs: 117.7239
2024-05-21 04:46:38 [INFO] [task_scheduler.cc:131] [Task #31: fused_nn_contrib_conv2d_NCHWc_add_nn_relu_30] Trial #33: GFLOPs: 25.4986. Time: 1072.4475 us. Best GFLOPs: 117.7239
2024-05-21 04:46:38 [INFO] [task_scheduler.cc:131] [Task #31: fused_nn_contrib_conv2d_NCHWc_add_nn_relu_30] Trial #34: GFLOPs: 114.8282. Time: 238.1463 us. Best GFLOPs: 117.7239
2024-05-21 04:46:38 [INFO] [task_scheduler.cc:131] [Task #31: fused_nn_contrib_conv2d_NCHWc_add_nn_relu_30] Trial #35: GFLOPs: 61.4187. Time: 445.2375 us. Best GFLOPs: 117.7239
2024-05-21 04:46:38 [INFO] [task_scheduler.cc:131] [Task #31: fused_nn_contrib_conv2d_NCHWc_add_nn_relu_30] Trial #36: GFLOPs: 218.5606. Time: 125.1183 us. Best GFLOPs: 218.5606
2024-05-21 04:46:38 [INFO] [task_scheduler.cc:131] [Task #31: fused_nn_contrib_conv2d_NCHWc_add_nn_relu_30] Trial #37: GFLOPs: 14.8750. Time: 1838.3863 us. Best GFLOPs: 218.5606
2024-05-21 04:46:38 [INFO] [task_scheduler.cc:131] [Task #31: fused_nn_contrib_conv2d_NCHWc_add_nn_relu_30] Trial #38: GFLOPs: 19.1514. Time: 1427.8817 us. Best GFLOPs: 218.5606
2024-05-21 04:46:38 [INFO] [task_scheduler.cc:131] [Task #31: fused_nn_contrib_conv2d_NCHWc_add_nn_relu_30] Trial #39: GFLOPs: 38.7930. Time: 704.9183 us. Best GFLOPs: 218.5606
2024-05-21 04:46:38 [INFO] [task_scheduler.cc:131] [Task #31: fused_nn_contrib_conv2d_NCHWc_add_nn_relu_30] Trial #40: GFLOPs: 44.0858. Time: 620.2887 us. Best GFLOPs: 218.5606
2024-05-21 04:46:38 [INFO] [task_scheduler.cc:131] [Task #31: fused_nn_contrib_conv2d_NCHWc_add_nn_relu_30] Trial #41: GFLOPs: 13.9032. Time: 1966.8805 us. Best GFLOPs: 218.5606
2024-05-21 04:46:38 [INFO] [task_scheduler.cc:131] [Task #31: fused_nn_contrib_conv2d_NCHWc_add_nn_relu_30] Trial #42: GFLOPs: 12.5419. Time: 2180.3645 us. Best GFLOPs: 218.5606
2024-05-21 04:46:38 [INFO] [task_scheduler.cc:131] [Task #31: fused_nn_contrib_conv2d_NCHWc_add_nn_relu_30] Trial #43: GFLOPs: 26.0614. Time: 1049.2875 us. Best GFLOPs: 218.5606
2024-05-21 04:46:38 [INFO] [task_scheduler.cc:131] [Task #31: fused_nn_contrib_conv2d_NCHWc_add_nn_relu_30] Trial #44: GFLOPs: 25.5665. Time: 1069.5979 us. Best GFLOPs: 218.5606
2024-05-21 04:46:38 [INFO] [task_scheduler.cc:131] [Task #31: fused_nn_contrib_conv2d_NCHWc_add_nn_relu_30] Trial #45: GFLOPs: 39.3742. Time: 694.5142 us. Best GFLOPs: 218.5606
2024-05-21 04:46:38 [INFO] [task_scheduler.cc:131] [Task #31: fused_nn_contrib_conv2d_NCHWc_add_nn_relu_30] Trial #46: GFLOPs: 88.1679. Time: 310.1574 us. Best GFLOPs: 218.5606
2024-05-21 04:46:38 [INFO] [task_scheduler.cc:131] [Task #31: fused_nn_contrib_conv2d_NCHWc_add_nn_relu_30] Trial #47: GFLOPs: 25.9474. Time: 1053.8998 us. Best GFLOPs: 218.5606
2024-05-21 04:46:38 [INFO] [task_scheduler.cc:131] [Task #31: fused_nn_contrib_conv2d_NCHWc_add_nn_relu_30] Trial #48: GFLOPs: 38.8281. Time: 704.2817 us. Best GFLOPs: 218.5606
2024-05-21 04:46:38 [INFO] [task_scheduler.cc:131] [Task #31: fused_nn_contrib_conv2d_NCHWc_add_nn_relu_30] Trial #49: GFLOPs: 26.8298. Time: 1019.2363 us. Best GFLOPs: 218.5606
2024-05-21 04:46:38 [INFO] [task_scheduler.cc:131] [Task #31: fused_nn_contrib_conv2d_NCHWc_add_nn_relu_30] Trial #50: GFLOPs: 6.6878. Time: 4088.9561 us. Best GFLOPs: 218.5606
2024-05-21 04:46:38 [INFO] [task_scheduler.cc:131] [Task #31: fused_nn_contrib_conv2d_NCHWc_add_nn_relu_30] Trial #51: GFLOPs: 52.0880. Time: 524.9946 us. Best GFLOPs: 218.5606
2024-05-21 04:46:38 [INFO] [task_scheduler.cc:131] [Task #31: fused_nn_contrib_conv2d_NCHWc_add_nn_relu_30] Trial #52: GFLOPs: 53.7497. Time: 508.7640 us. Best GFLOPs: 218.5606
2024-05-21 04:46:38 [INFO] [task_scheduler.cc:131] [Task #31: fused_nn_contrib_conv2d_NCHWc_add_nn_relu_30] Trial #53: GFLOPs: 16.8079. Time: 1626.9722 us. Best GFLOPs: 218.5606
2024-05-21 04:46:38 [INFO] [task_scheduler.cc:131] [Task #31: fused_nn_contrib_conv2d_NCHWc_add_nn_relu_30] Trial #54: GFLOPs: 29.6705. Time: 921.6541 us. Best GFLOPs: 218.5606
2024-05-21 04:46:38 [INFO] [task_scheduler.cc:131] [Task #31: fused_nn_contrib_conv2d_NCHWc_add_nn_relu_30] Trial #55: GFLOPs: 36.0783. Time: 757.9600 us. Best GFLOPs: 218.5606
2024-05-21 04:46:38 [INFO] [task_scheduler.cc:131] [Task #31: fused_nn_contrib_conv2d_NCHWc_add_nn_relu_30] Trial #56: GFLOPs: 41.1637. Time: 664.3213 us. Best GFLOPs: 218.5606
2024-05-21 04:46:38 [INFO] [task_scheduler.cc:131] [Task #31: fused_nn_contrib_conv2d_NCHWc_add_nn_relu_30] Trial #57: GFLOPs: 100.4137. Time: 272.3326 us. Best GFLOPs: 218.5606
2024-05-21 04:46:38 [INFO] [task_scheduler.cc:131] [Task #31: fused_nn_contrib_conv2d_NCHWc_add_nn_relu_30] Trial #58: GFLOPs: 70.8306. Time: 386.0750 us. Best GFLOPs: 218.5606
2024-05-21 04:46:38 [INFO] [task_scheduler.cc:131] [Task #31: fused_nn_contrib_conv2d_NCHWc_add_nn_relu_30] Trial #59: GFLOPs: 49.7770. Time: 549.3682 us. Best GFLOPs: 218.5606
2024-05-21 04:46:38 [INFO] [task_scheduler.cc:131] [Task #31: fused_nn_contrib_conv2d_NCHWc_add_nn_relu_30] Trial #60: GFLOPs: 29.4584. Time: 928.2902 us. Best GFLOPs: 218.5606
2024-05-21 04:46:38 [INFO] [task_scheduler.cc:131] [Task #31: fused_nn_contrib_conv2d_NCHWc_add_nn_relu_30] Trial #61: GFLOPs: 86.3649. Time: 316.6322 us. Best GFLOPs: 218.5606
2024-05-21 04:46:38 [INFO] [task_scheduler.cc:131] [Task #31: fused_nn_contrib_conv2d_NCHWc_add_nn_relu_30] Trial #62: GFLOPs: 26.4078. Time: 1035.5259 us. Best GFLOPs: 218.5606
2024-05-21 04:46:38 [INFO] [task_scheduler.cc:131] [Task #31: fused_nn_contrib_conv2d_NCHWc_add_nn_relu_30] Trial #63: GFLOPs: 32.9115. Time: 830.8917 us. Best GFLOPs: 218.5606
2024-05-21 04:46:38 [INFO] [task_scheduler.cc:131] [Task #31: fused_nn_contrib_conv2d_NCHWc_add_nn_relu_30] Trial #64: GFLOPs: 22.2500. Time: 1229.0300 us. Best GFLOPs: 218.5606
