2024-05-21 09:36:56 [INFO] [task_scheduler.cc:160] Initializing Task #1: "fused_nn_contrib_conv2d_NCHWc_add_clip"
2024-05-21 09:36:56 [INFO] [task_scheduler.cc:35] 
# from tvm.script import ir as I
# from tvm.script import tir as T

@I.ir_module
class Module:
    @T.prim_func
    def main(p0: T.Buffer((T.int64(1), T.int64(1), T.int64(32), T.int64(32), T.int64(3)), "float32"), p1: T.Buffer((T.int64(4), T.int64(1), T.int64(3), T.int64(3), T.int64(3), T.int64(8)), "float32"), p2: T.Buffer((T.int64(1), T.int64(4), T.int64(1), T.int64(1), T.int64(8)), "float32"), compute: T.Buffer((T.int64(1), T.int64(4), T.int64(16), T.int64(16), T.int64(8)), "float32")):
        T.func_attr({"tir.noalias": T.bool(True)})
        # with T.block("root"):
        data_pad = T.alloc_buffer((T.int64(1), T.int64(1), T.int64(34), T.int64(34), T.int64(3)))
        conv2d_NCHWc = T.alloc_buffer((T.int64(1), T.int64(4), T.int64(16), T.int64(16), T.int64(8)))
        T_add = T.alloc_buffer((T.int64(1), T.int64(4), T.int64(16), T.int64(16), T.int64(8)))
        for i0, i1, i2, i3, i4 in T.grid(T.int64(1), T.int64(1), T.int64(34), T.int64(34), T.int64(3)):
            with T.block("data_pad"):
                v_i0, v_i1, v_i2, v_i3, v_i4 = T.axis.remap("SSSSS", [i0, i1, i2, i3, i4])
                T.reads(p0[v_i0, v_i1, v_i2 - T.int64(1), v_i3 - T.int64(1), v_i4])
                T.writes(data_pad[v_i0, v_i1, v_i2, v_i3, v_i4])
                data_pad[v_i0, v_i1, v_i2, v_i3, v_i4] = T.if_then_else(T.int64(1) <= v_i2 and v_i2 < T.int64(33) and T.int64(1) <= v_i3 and v_i3 < T.int64(33), p0[v_i0, v_i1, v_i2 - T.int64(1), v_i3 - T.int64(1), v_i4], T.float32(0))
        for n, oc_chunk, oh, ow, oc_block, ic, kh, kw in T.grid(T.int64(1), T.int64(4), T.int64(16), T.int64(16), T.int64(8), T.int64(3), T.int64(3), T.int64(3)):
            with T.block("conv2d_NCHWc"):
                v_n, v_oc_chunk, v_oh, v_ow, v_oc_block, v_ic, v_kh, v_kw = T.axis.remap("SSSSSRRR", [n, oc_chunk, oh, ow, oc_block, ic, kh, kw])
                T.reads(data_pad[v_n, v_ic // T.int64(3), v_oh * T.int64(2) + v_kh, v_ow * T.int64(2) + v_kw, v_ic % T.int64(3)], p1[v_oc_chunk, v_ic // T.int64(3), v_kh, v_kw, v_ic % T.int64(3), v_oc_block])
                T.writes(conv2d_NCHWc[v_n, v_oc_chunk, v_oh, v_ow, v_oc_block])
                with T.init():
                    conv2d_NCHWc[v_n, v_oc_chunk, v_oh, v_ow, v_oc_block] = T.float32(0)
                conv2d_NCHWc[v_n, v_oc_chunk, v_oh, v_ow, v_oc_block] = conv2d_NCHWc[v_n, v_oc_chunk, v_oh, v_ow, v_oc_block] + data_pad[v_n, v_ic // T.int64(3), v_oh * T.int64(2) + v_kh, v_ow * T.int64(2) + v_kw, v_ic % T.int64(3)] * p1[v_oc_chunk, v_ic // T.int64(3), v_kh, v_kw, v_ic % T.int64(3), v_oc_block]
        for ax0, ax1, ax2, ax3, ax4 in T.grid(T.int64(1), T.int64(4), T.int64(16), T.int64(16), T.int64(8)):
            with T.block("T_add"):
                v_ax0, v_ax1, v_ax2, v_ax3, v_ax4 = T.axis.remap("SSSSS", [ax0, ax1, ax2, ax3, ax4])
                T.reads(conv2d_NCHWc[v_ax0, v_ax1, v_ax2, v_ax3, v_ax4], p2[v_ax0, v_ax1, T.int64(0), T.int64(0), v_ax4])
                T.writes(T_add[v_ax0, v_ax1, v_ax2, v_ax3, v_ax4])
                T_add[v_ax0, v_ax1, v_ax2, v_ax3, v_ax4] = conv2d_NCHWc[v_ax0, v_ax1, v_ax2, v_ax3, v_ax4] + p2[v_ax0, v_ax1, T.int64(0), T.int64(0), v_ax4]
        for i0, i1, i2, i3, i4 in T.grid(T.int64(1), T.int64(4), T.int64(16), T.int64(16), T.int64(8)):
            with T.block("compute"):
                v_i0, v_i1, v_i2, v_i3, v_i4 = T.axis.remap("SSSSS", [i0, i1, i2, i3, i4])
                T.reads(T_add[v_i0, v_i1, v_i2, v_i3, v_i4])
                T.writes(compute[v_i0, v_i1, v_i2, v_i3, v_i4])
                compute[v_i0, v_i1, v_i2, v_i3, v_i4] = T.max(T.min(T_add[v_i0, v_i1, v_i2, v_i3, v_i4], T.float32(6)), T.float32(0))
2024-05-21 09:36:56 [INFO] [task_scheduler.cc:164] Total 3 design space(s) generated
2024-05-21 09:36:56 [INFO] [task_scheduler.cc:170] Design space #0:
# from tvm.script import ir as I
# from tvm.script import tir as T

@I.ir_module
class Module:
    @T.prim_func
    def main(p0: T.Buffer((T.int64(1), T.int64(1), T.int64(32), T.int64(32), T.int64(3)), "float32"), p1: T.Buffer((T.int64(4), T.int64(1), T.int64(3), T.int64(3), T.int64(3), T.int64(8)), "float32"), p2: T.Buffer((T.int64(1), T.int64(4), T.int64(1), T.int64(1), T.int64(8)), "float32"), compute: T.Buffer((T.int64(1), T.int64(4), T.int64(16), T.int64(16), T.int64(8)), "float32")):
        T.func_attr({"tir.noalias": T.bool(True)})
        with T.block("root"):
            T.reads()
            T.writes()
            T.block_attr({"meta_schedule.parallel": 96, "meta_schedule.unroll_explicit": 512, "meta_schedule.vectorize": 64})
            data_pad = T.alloc_buffer((T.int64(1), T.int64(1), T.int64(34), T.int64(34), T.int64(3)))
            conv2d_NCHWc = T.alloc_buffer((T.int64(1), T.int64(4), T.int64(16), T.int64(16), T.int64(8)))
            for n_0, oc_chunk_0, oh_0 in T.grid(T.int64(1), T.int64(1), T.int64(2)):
                for ax0, ax1, ax2, ax3, ax4 in T.grid(T.int64(1), T.int64(1), T.int64(17), T.int64(33), T.int64(3)):
                    with T.block("data_pad"):
                        v_i0, v_i1 = T.axis.remap("SS", [ax0, ax1])
                        v_i2 = T.axis.spatial(T.int64(34), oh_0 * T.int64(16) + ax2)
                        v_i3 = T.axis.spatial(T.int64(34), ax3)
                        v_i4 = T.axis.spatial(T.int64(3), ax4)
                        T.reads(p0[v_i0, v_i1, v_i2 - T.int64(1), v_i3 - T.int64(1), v_i4])
                        T.writes(data_pad[v_i0, v_i1, v_i2, v_i3, v_i4])
                        data_pad[v_i0, v_i1, v_i2, v_i3, v_i4] = T.if_then_else(T.int64(1) <= v_i2 and v_i2 < T.int64(33) and T.int64(1) <= v_i3 and v_i3 < T.int64(33), p0[v_i0, v_i1, v_i2 - T.int64(1), v_i3 - T.int64(1), v_i4], T.float32(0))
                for ow_0, oc_block_0, n_1, oc_chunk_1, oh_1, ow_1, oc_block_1, ic_0, kh_0, kw_0, n_2, oc_chunk_2, oh_2, ow_2, oc_block_2, ic_1, kh_1, kw_1, n_3, oc_chunk_3, oh_3, ow_3, oc_block_3 in T.grid(T.int64(2), T.int64(1), T.int64(1), T.int64(1), T.int64(2), T.int64(1), T.int64(8), T.int64(3), T.int64(1), T.int64(1), T.int64(1), T.int64(2), T.int64(4), T.int64(2), T.int64(1), T.int64(1), T.int64(3), T.int64(3), T.int64(1), T.int64(2), T.int64(1), T.int64(4), T.int64(1)):
                    with T.block("conv2d_NCHWc"):
                        v_n = T.axis.spatial(T.int64(1), n_0 + n_1 + n_2 + n_3)
                        v_oc_chunk = T.axis.spatial(T.int64(4), oc_chunk_0 * T.int64(4) + oc_chunk_1 * T.int64(4) + oc_chunk_2 * T.int64(2) + oc_chunk_3)
                        v_oh = T.axis.spatial(T.int64(16), oh_0 * T.int64(8) + oh_1 * T.int64(4) + oh_2 + oh_3)
                        v_ow = T.axis.spatial(T.int64(16), ow_0 * T.int64(8) + ow_1 * T.int64(8) + ow_2 * T.int64(4) + ow_3)
                        v_oc_block = T.axis.spatial(T.int64(8), oc_block_0 * T.int64(8) + oc_block_1 + oc_block_2 + oc_block_3)
                        v_ic = T.axis.reduce(T.int64(3), ic_0 + ic_1)
                        v_kh = T.axis.reduce(T.int64(3), kh_0 * T.int64(3) + kh_1)
                        v_kw = T.axis.reduce(T.int64(3), kw_0 * T.int64(3) + kw_1)
                        T.reads(data_pad[v_n, v_ic // T.int64(3), v_oh * T.int64(2) + v_kh, v_ow * T.int64(2) + v_kw, v_ic % T.int64(3)], p1[v_oc_chunk, v_ic // T.int64(3), v_kh, v_kw, v_ic % T.int64(3), v_oc_block])
                        T.writes(conv2d_NCHWc[v_n, v_oc_chunk, v_oh, v_ow, v_oc_block])
                        T.block_attr({"meta_schedule.tiling_structure": "SSRSRS"})
                        with T.init():
                            conv2d_NCHWc[v_n, v_oc_chunk, v_oh, v_ow, v_oc_block] = T.float32(0)
                        conv2d_NCHWc[v_n, v_oc_chunk, v_oh, v_ow, v_oc_block] = conv2d_NCHWc[v_n, v_oc_chunk, v_oh, v_ow, v_oc_block] + data_pad[v_n, v_ic // T.int64(3), v_oh * T.int64(2) + v_kh, v_ow * T.int64(2) + v_kw, v_ic % T.int64(3)] * p1[v_oc_chunk, v_ic // T.int64(3), v_kh, v_kw, v_ic % T.int64(3), v_oc_block]
            for i0, i1, i2, i3, i4 in T.grid(T.int64(1), T.int64(4), T.int64(16), T.int64(16), T.int64(8)):
                with T.block("compute"):
                    v_i0, v_i1, v_i2, v_i3, v_i4 = T.axis.remap("SSSSS", [i0, i1, i2, i3, i4])
                    T.reads(conv2d_NCHWc[v_i0, v_i1, v_i2, v_i3, v_i4], p2[v_i0, v_i1, T.int64(0), T.int64(0), v_i4])
                    T.writes(compute[v_i0, v_i1, v_i2, v_i3, v_i4])
                    compute[v_i0, v_i1, v_i2, v_i3, v_i4] = T.max(T.min(conv2d_NCHWc[v_i0, v_i1, v_i2, v_i3, v_i4] + p2[v_i0, v_i1, T.int64(0), T.int64(0), v_i4], T.float32(6)), T.float32(0))
b0 = sch.get_block(name="data_pad", func_name="main")
b1 = sch.get_block(name="conv2d_NCHWc", func_name="main")
b2 = sch.get_block(name="T_add", func_name="main")
b3 = sch.get_block(name="root", func_name="main")
sch.compute_inline(block=b2)
sch.annotate(block_or_loop=b1, ann_key="meta_schedule.tiling_structure", ann_val="SSRSRS")
l4, l5, l6, l7, l8, l9, l10, l11 = sch.get_loops(block=b1)
v12, v13, v14, v15 = sch.sample_perfect_tile(loop=l4, n=4, max_innermost_factor=64, decision=[1, 1, 1, 1])
l16, l17, l18, l19 = sch.split(loop=l4, factors=[v12, v13, v14, v15], preserve_unit_iters=True, disable_predication=False)
v20, v21, v22, v23 = sch.sample_perfect_tile(loop=l5, n=4, max_innermost_factor=64, decision=[1, 1, 2, 2])
l24, l25, l26, l27 = sch.split(loop=l5, factors=[v20, v21, v22, v23], preserve_unit_iters=True, disable_predication=False)
v28, v29, v30, v31 = sch.sample_perfect_tile(loop=l6, n=4, max_innermost_factor=64, decision=[2, 2, 4, 1])
l32, l33, l34, l35 = sch.split(loop=l6, factors=[v28, v29, v30, v31], preserve_unit_iters=True, disable_predication=False)
v36, v37, v38, v39 = sch.sample_perfect_tile(loop=l7, n=4, max_innermost_factor=64, decision=[2, 1, 2, 4])
l40, l41, l42, l43 = sch.split(loop=l7, factors=[v36, v37, v38, v39], preserve_unit_iters=True, disable_predication=False)
v44, v45, v46, v47 = sch.sample_perfect_tile(loop=l8, n=4, max_innermost_factor=64, decision=[1, 8, 1, 1])
l48, l49, l50, l51 = sch.split(loop=l8, factors=[v44, v45, v46, v47], preserve_unit_iters=True, disable_predication=False)
v52, v53 = sch.sample_perfect_tile(loop=l9, n=2, max_innermost_factor=64, decision=[3, 1])
l54, l55 = sch.split(loop=l9, factors=[v52, v53], preserve_unit_iters=True, disable_predication=False)
v56, v57 = sch.sample_perfect_tile(loop=l10, n=2, max_innermost_factor=64, decision=[1, 3])
l58, l59 = sch.split(loop=l10, factors=[v56, v57], preserve_unit_iters=True, disable_predication=False)
v60, v61 = sch.sample_perfect_tile(loop=l11, n=2, max_innermost_factor=64, decision=[1, 3])
l62, l63 = sch.split(loop=l11, factors=[v60, v61], preserve_unit_iters=True, disable_predication=False)
sch.reorder(l16, l24, l32, l40, l48, l17, l25, l33, l41, l49, l54, l58, l62, l18, l26, l34, l42, l50, l55, l59, l63, l19, l27, l35, l43, l51)
sch.annotate(block_or_loop=b3, ann_key="meta_schedule.parallel", ann_val=96)
sch.annotate(block_or_loop=b3, ann_key="meta_schedule.vectorize", ann_val=64)
v64 = sch.sample_categorical(candidates=[0, 16, 64, 512], probs=[0.25, 0.25, 0.25, 0.25], decision=3)
sch.annotate(block_or_loop=b3, ann_key="meta_schedule.unroll_explicit", ann_val=v64)
l65 = sch.sample_compute_location(block=b0, decision=2)
sch.compute_at(block=b0, loop=l65, preserve_unit_loops=True, index=-1)
2024-05-21 09:36:56 [INFO] [task_scheduler.cc:170] Design space #1:
# from tvm.script import ir as I
# from tvm.script import tir as T

@I.ir_module
class Module:
    @T.prim_func
    def main(p0: T.Buffer((T.int64(1), T.int64(1), T.int64(32), T.int64(32), T.int64(3)), "float32"), p1: T.Buffer((T.int64(4), T.int64(1), T.int64(3), T.int64(3), T.int64(3), T.int64(8)), "float32"), p2: T.Buffer((T.int64(1), T.int64(4), T.int64(1), T.int64(1), T.int64(8)), "float32"), compute: T.Buffer((T.int64(1), T.int64(4), T.int64(16), T.int64(16), T.int64(8)), "float32")):
        T.func_attr({"tir.noalias": T.bool(True)})
        with T.block("root"):
            T.reads()
            T.writes()
            T.block_attr({"meta_schedule.parallel": 96, "meta_schedule.unroll_explicit": 0, "meta_schedule.vectorize": 64})
            data_pad = T.alloc_buffer((T.int64(1), T.int64(1), T.int64(34), T.int64(34), T.int64(3)))
            conv2d_NCHWc = T.alloc_buffer((T.int64(1), T.int64(4), T.int64(16), T.int64(16), T.int64(8)))
            for n_0, oc_chunk_0, oh_0, ow_0, oc_block_0, n_1, oc_chunk_1, oh_1, ow_1, oc_block_1 in T.grid(T.int64(1), T.int64(1), T.int64(2), T.int64(2), T.int64(1), T.int64(1), T.int64(1), T.int64(2), T.int64(1), T.int64(8)):
                for ic_0 in range(T.int64(3)):
                    for ax0, ax1, ax2, ax3, ax4 in T.grid(T.int64(1), T.int64(1), T.int64(9), T.int64(17), T.int64(1)):
                        with T.block("data_pad"):
                            v_i0, v_i1 = T.axis.remap("SS", [ax0, ax1])
                            v_i2 = T.axis.spatial(T.int64(34), oh_0 * T.int64(16) + oh_1 * T.int64(8) + ax2)
                            v_i3 = T.axis.spatial(T.int64(34), ow_0 * T.int64(16) + ax3)
                            v_i4 = T.axis.spatial(T.int64(3), ic_0 + ax4)
                            T.reads(p0[v_i0, v_i1, v_i2 - T.int64(1), v_i3 - T.int64(1), v_i4])
                            T.writes(data_pad[v_i0, v_i1, v_i2, v_i3, v_i4])
                            data_pad[v_i0, v_i1, v_i2, v_i3, v_i4] = T.if_then_else(T.int64(1) <= v_i2 and v_i2 < T.int64(33) and T.int64(1) <= v_i3 and v_i3 < T.int64(33), p0[v_i0, v_i1, v_i2 - T.int64(1), v_i3 - T.int64(1), v_i4], T.float32(0))
                    for kh_0, kw_0, n_2, oc_chunk_2, oh_2, ow_2, oc_block_2, ic_1, kh_1, kw_1, n_3, oc_chunk_3, oh_3, ow_3, oc_block_3 in T.grid(T.int64(1), T.int64(1), T.int64(1), T.int64(2), T.int64(4), T.int64(2), T.int64(1), T.int64(1), T.int64(3), T.int64(3), T.int64(1), T.int64(2), T.int64(1), T.int64(4), T.int64(1)):
                        with T.block("conv2d_NCHWc"):
                            v_n = T.axis.spatial(T.int64(1), n_0 + n_1 + n_2 + n_3)
                            v_oc_chunk = T.axis.spatial(T.int64(4), oc_chunk_0 * T.int64(4) + oc_chunk_1 * T.int64(4) + oc_chunk_2 * T.int64(2) + oc_chunk_3)
                            v_oh = T.axis.spatial(T.int64(16), oh_0 * T.int64(8) + oh_1 * T.int64(4) + oh_2 + oh_3)
                            v_ow = T.axis.spatial(T.int64(16), ow_0 * T.int64(8) + ow_1 * T.int64(8) + ow_2 * T.int64(4) + ow_3)
                            v_oc_block = T.axis.spatial(T.int64(8), oc_block_0 * T.int64(8) + oc_block_1 + oc_block_2 + oc_block_3)
                            v_ic = T.axis.reduce(T.int64(3), ic_0 + ic_1)
                            v_kh = T.axis.reduce(T.int64(3), kh_0 * T.int64(3) + kh_1)
                            v_kw = T.axis.reduce(T.int64(3), kw_0 * T.int64(3) + kw_1)
                            T.reads(data_pad[v_n, v_ic // T.int64(3), v_oh * T.int64(2) + v_kh, v_ow * T.int64(2) + v_kw, v_ic % T.int64(3)], p1[v_oc_chunk, v_ic // T.int64(3), v_kh, v_kw, v_ic % T.int64(3), v_oc_block])
                            T.writes(conv2d_NCHWc[v_n, v_oc_chunk, v_oh, v_ow, v_oc_block])
                            T.block_attr({"meta_schedule.tiling_structure": "SSRSRS"})
                            with T.init():
                                conv2d_NCHWc[v_n, v_oc_chunk, v_oh, v_ow, v_oc_block] = T.float32(0)
                            conv2d_NCHWc[v_n, v_oc_chunk, v_oh, v_ow, v_oc_block] = conv2d_NCHWc[v_n, v_oc_chunk, v_oh, v_ow, v_oc_block] + data_pad[v_n, v_ic // T.int64(3), v_oh * T.int64(2) + v_kh, v_ow * T.int64(2) + v_kw, v_ic % T.int64(3)] * p1[v_oc_chunk, v_ic // T.int64(3), v_kh, v_kw, v_ic % T.int64(3), v_oc_block]
                for ax0, ax1, ax2, ax3, ax4 in T.grid(T.int64(1), T.int64(4), T.int64(4), T.int64(8), T.int64(1)):
                    with T.block("compute"):
                        v_i0, v_i1 = T.axis.remap("SS", [ax0, ax1])
                        v_i2 = T.axis.spatial(T.int64(16), oh_0 * T.int64(8) + oh_1 * T.int64(4) + ax2)
                        v_i3 = T.axis.spatial(T.int64(16), ow_0 * T.int64(8) + ax3)
                        v_i4 = T.axis.spatial(T.int64(8), oc_block_1 + ax4)
                        T.reads(conv2d_NCHWc[v_i0, v_i1, v_i2, v_i3, v_i4], p2[v_i0, v_i1, T.int64(0), T.int64(0), v_i4])
                        T.writes(compute[v_i0, v_i1, v_i2, v_i3, v_i4])
                        compute[v_i0, v_i1, v_i2, v_i3, v_i4] = T.max(T.min(conv2d_NCHWc[v_i0, v_i1, v_i2, v_i3, v_i4] + p2[v_i0, v_i1, T.int64(0), T.int64(0), v_i4], T.float32(6)), T.float32(0))
b0 = sch.get_block(name="data_pad", func_name="main")
b1 = sch.get_block(name="conv2d_NCHWc", func_name="main")
b2 = sch.get_block(name="T_add", func_name="main")
b3 = sch.get_block(name="root", func_name="main")
sch.compute_inline(block=b2)
sch.annotate(block_or_loop=b1, ann_key="meta_schedule.tiling_structure", ann_val="SSRSRS")
l4, l5, l6, l7, l8, l9, l10, l11 = sch.get_loops(block=b1)
v12, v13, v14, v15 = sch.sample_perfect_tile(loop=l4, n=4, max_innermost_factor=64, decision=[1, 1, 1, 1])
l16, l17, l18, l19 = sch.split(loop=l4, factors=[v12, v13, v14, v15], preserve_unit_iters=True, disable_predication=False)
v20, v21, v22, v23 = sch.sample_perfect_tile(loop=l5, n=4, max_innermost_factor=64, decision=[1, 1, 2, 2])
l24, l25, l26, l27 = sch.split(loop=l5, factors=[v20, v21, v22, v23], preserve_unit_iters=True, disable_predication=False)
v28, v29, v30, v31 = sch.sample_perfect_tile(loop=l6, n=4, max_innermost_factor=64, decision=[2, 2, 4, 1])
l32, l33, l34, l35 = sch.split(loop=l6, factors=[v28, v29, v30, v31], preserve_unit_iters=True, disable_predication=False)
v36, v37, v38, v39 = sch.sample_perfect_tile(loop=l7, n=4, max_innermost_factor=64, decision=[2, 1, 2, 4])
l40, l41, l42, l43 = sch.split(loop=l7, factors=[v36, v37, v38, v39], preserve_unit_iters=True, disable_predication=False)
v44, v45, v46, v47 = sch.sample_perfect_tile(loop=l8, n=4, max_innermost_factor=64, decision=[1, 8, 1, 1])
l48, l49, l50, l51 = sch.split(loop=l8, factors=[v44, v45, v46, v47], preserve_unit_iters=True, disable_predication=False)
v52, v53 = sch.sample_perfect_tile(loop=l9, n=2, max_innermost_factor=64, decision=[3, 1])
l54, l55 = sch.split(loop=l9, factors=[v52, v53], preserve_unit_iters=True, disable_predication=False)
v56, v57 = sch.sample_perfect_tile(loop=l10, n=2, max_innermost_factor=64, decision=[1, 3])
l58, l59 = sch.split(loop=l10, factors=[v56, v57], preserve_unit_iters=True, disable_predication=False)
v60, v61 = sch.sample_perfect_tile(loop=l11, n=2, max_innermost_factor=64, decision=[1, 3])
l62, l63 = sch.split(loop=l11, factors=[v60, v61], preserve_unit_iters=True, disable_predication=False)
sch.reorder(l16, l24, l32, l40, l48, l17, l25, l33, l41, l49, l54, l58, l62, l18, l26, l34, l42, l50, l55, l59, l63, l19, l27, l35, l43, l51)
b64, = sch.get_consumers(block=b1)
sch.reverse_compute_at(block=b64, loop=l49, preserve_unit_loops=True, index=-1)
sch.annotate(block_or_loop=b3, ann_key="meta_schedule.parallel", ann_val=96)
sch.annotate(block_or_loop=b3, ann_key="meta_schedule.vectorize", ann_val=64)
v65 = sch.sample_categorical(candidates=[0, 16, 64, 512], probs=[0.25, 0.25, 0.25, 0.25], decision=0)
sch.annotate(block_or_loop=b3, ann_key="meta_schedule.unroll_explicit", ann_val=v65)
l66 = sch.sample_compute_location(block=b0, decision=10)
sch.compute_at(block=b0, loop=l66, preserve_unit_loops=True, index=-1)
2024-05-21 09:36:56 [INFO] [task_scheduler.cc:170] Design space #2:
# from tvm.script import ir as I
# from tvm.script import tir as T

@I.ir_module
class Module:
    @T.prim_func
    def main(p0: T.Buffer((T.int64(1), T.int64(1), T.int64(32), T.int64(32), T.int64(3)), "float32"), p1: T.Buffer((T.int64(4), T.int64(1), T.int64(3), T.int64(3), T.int64(3), T.int64(8)), "float32"), p2: T.Buffer((T.int64(1), T.int64(4), T.int64(1), T.int64(1), T.int64(8)), "float32"), compute: T.Buffer((T.int64(1), T.int64(4), T.int64(16), T.int64(16), T.int64(8)), "float32")):
        T.func_attr({"tir.noalias": T.bool(True)})
        with T.block("root"):
            T.reads()
            T.writes()
            T.block_attr({"meta_schedule.parallel": 96, "meta_schedule.unroll_explicit": 512, "meta_schedule.vectorize": 64})
            data_pad = T.alloc_buffer((T.int64(1), T.int64(1), T.int64(34), T.int64(34), T.int64(3)))
            conv2d_NCHWc = T.alloc_buffer((T.int64(1), T.int64(4), T.int64(16), T.int64(16), T.int64(8)))
            for n_0, oc_chunk_0, oh_0, ow_0, oc_block_0 in T.grid(T.int64(1), T.int64(1), T.int64(2), T.int64(2), T.int64(1)):
                for n_1, oc_chunk_1, oh_1 in T.grid(T.int64(1), T.int64(1), T.int64(2)):
                    for ax0, ax1, ax2, ax3, ax4 in T.grid(T.int64(1), T.int64(1), T.int64(9), T.int64(17), T.int64(3)):
                        with T.block("data_pad"):
                            v_i0, v_i1 = T.axis.remap("SS", [ax0, ax1])
                            v_i2 = T.axis.spatial(T.int64(34), oh_0 * T.int64(16) + oh_1 * T.int64(8) + ax2)
                            v_i3 = T.axis.spatial(T.int64(34), ow_0 * T.int64(16) + ax3)
                            v_i4 = T.axis.spatial(T.int64(3), ax4)
                            T.reads(p0[v_i0, v_i1, v_i2 - T.int64(1), v_i3 - T.int64(1), v_i4])
                            T.writes(data_pad[v_i0, v_i1, v_i2, v_i3, v_i4])
                            data_pad[v_i0, v_i1, v_i2, v_i3, v_i4] = T.if_then_else(T.int64(1) <= v_i2 and v_i2 < T.int64(33) and T.int64(1) <= v_i3 and v_i3 < T.int64(33), p0[v_i0, v_i1, v_i2 - T.int64(1), v_i3 - T.int64(1), v_i4], T.float32(0))
                    for ow_1, oc_block_1, ic_0, kh_0, kw_0, n_2, oc_chunk_2, oh_2, ow_2, oc_block_2, ic_1, kh_1, kw_1, n_3, oc_chunk_3, oh_3, ow_3, oc_block_3 in T.grid(T.int64(1), T.int64(8), T.int64(3), T.int64(1), T.int64(1), T.int64(1), T.int64(2), T.int64(4), T.int64(2), T.int64(1), T.int64(1), T.int64(3), T.int64(3), T.int64(1), T.int64(2), T.int64(1), T.int64(4), T.int64(1)):
                        with T.block("conv2d_NCHWc"):
                            v_n = T.axis.spatial(T.int64(1), n_0 + n_1 + n_2 + n_3)
                            v_oc_chunk = T.axis.spatial(T.int64(4), oc_chunk_0 * T.int64(4) + oc_chunk_1 * T.int64(4) + oc_chunk_2 * T.int64(2) + oc_chunk_3)
                            v_oh = T.axis.spatial(T.int64(16), oh_0 * T.int64(8) + oh_1 * T.int64(4) + oh_2 + oh_3)
                            v_ow = T.axis.spatial(T.int64(16), ow_0 * T.int64(8) + ow_1 * T.int64(8) + ow_2 * T.int64(4) + ow_3)
                            v_oc_block = T.axis.spatial(T.int64(8), oc_block_0 * T.int64(8) + oc_block_1 + oc_block_2 + oc_block_3)
                            v_ic = T.axis.reduce(T.int64(3), ic_0 + ic_1)
                            v_kh = T.axis.reduce(T.int64(3), kh_0 * T.int64(3) + kh_1)
                            v_kw = T.axis.reduce(T.int64(3), kw_0 * T.int64(3) + kw_1)
                            T.reads(data_pad[v_n, v_ic // T.int64(3), v_oh * T.int64(2) + v_kh, v_ow * T.int64(2) + v_kw, v_ic % T.int64(3)], p1[v_oc_chunk, v_ic // T.int64(3), v_kh, v_kw, v_ic % T.int64(3), v_oc_block])
                            T.writes(conv2d_NCHWc[v_n, v_oc_chunk, v_oh, v_ow, v_oc_block])
                            T.block_attr({"meta_schedule.tiling_structure": "SSRSRS"})
                            with T.init():
                                conv2d_NCHWc[v_n, v_oc_chunk, v_oh, v_ow, v_oc_block] = T.float32(0)
                            conv2d_NCHWc[v_n, v_oc_chunk, v_oh, v_ow, v_oc_block] = conv2d_NCHWc[v_n, v_oc_chunk, v_oh, v_ow, v_oc_block] + data_pad[v_n, v_ic // T.int64(3), v_oh * T.int64(2) + v_kh, v_ow * T.int64(2) + v_kw, v_ic % T.int64(3)] * p1[v_oc_chunk, v_ic // T.int64(3), v_kh, v_kw, v_ic % T.int64(3), v_oc_block]
                for ax0, ax1, ax2, ax3, ax4 in T.grid(T.int64(1), T.int64(4), T.int64(8), T.int64(8), T.int64(8)):
                    with T.block("compute"):
                        v_i0, v_i1 = T.axis.remap("SS", [ax0, ax1])
                        v_i2 = T.axis.spatial(T.int64(16), oh_0 * T.int64(8) + ax2)
                        v_i3 = T.axis.spatial(T.int64(16), ow_0 * T.int64(8) + ax3)
                        v_i4 = T.axis.spatial(T.int64(8), ax4)
                        T.reads(conv2d_NCHWc[v_i0, v_i1, v_i2, v_i3, v_i4], p2[v_i0, v_i1, T.int64(0), T.int64(0), v_i4])
                        T.writes(compute[v_i0, v_i1, v_i2, v_i3, v_i4])
                        compute[v_i0, v_i1, v_i2, v_i3, v_i4] = T.max(T.min(conv2d_NCHWc[v_i0, v_i1, v_i2, v_i3, v_i4] + p2[v_i0, v_i1, T.int64(0), T.int64(0), v_i4], T.float32(6)), T.float32(0))
b0 = sch.get_block(name="data_pad", func_name="main")
b1 = sch.get_block(name="conv2d_NCHWc", func_name="main")
b2 = sch.get_block(name="T_add", func_name="main")
b3 = sch.get_block(name="root", func_name="main")
sch.compute_inline(block=b2)
sch.annotate(block_or_loop=b1, ann_key="meta_schedule.tiling_structure", ann_val="SSRSRS")
l4, l5, l6, l7, l8, l9, l10, l11 = sch.get_loops(block=b1)
v12, v13, v14, v15 = sch.sample_perfect_tile(loop=l4, n=4, max_innermost_factor=64, decision=[1, 1, 1, 1])
l16, l17, l18, l19 = sch.split(loop=l4, factors=[v12, v13, v14, v15], preserve_unit_iters=True, disable_predication=False)
v20, v21, v22, v23 = sch.sample_perfect_tile(loop=l5, n=4, max_innermost_factor=64, decision=[1, 1, 2, 2])
l24, l25, l26, l27 = sch.split(loop=l5, factors=[v20, v21, v22, v23], preserve_unit_iters=True, disable_predication=False)
v28, v29, v30, v31 = sch.sample_perfect_tile(loop=l6, n=4, max_innermost_factor=64, decision=[2, 2, 4, 1])
l32, l33, l34, l35 = sch.split(loop=l6, factors=[v28, v29, v30, v31], preserve_unit_iters=True, disable_predication=False)
v36, v37, v38, v39 = sch.sample_perfect_tile(loop=l7, n=4, max_innermost_factor=64, decision=[2, 1, 2, 4])
l40, l41, l42, l43 = sch.split(loop=l7, factors=[v36, v37, v38, v39], preserve_unit_iters=True, disable_predication=False)
v44, v45, v46, v47 = sch.sample_perfect_tile(loop=l8, n=4, max_innermost_factor=64, decision=[1, 8, 1, 1])
l48, l49, l50, l51 = sch.split(loop=l8, factors=[v44, v45, v46, v47], preserve_unit_iters=True, disable_predication=False)
v52, v53 = sch.sample_perfect_tile(loop=l9, n=2, max_innermost_factor=64, decision=[3, 1])
l54, l55 = sch.split(loop=l9, factors=[v52, v53], preserve_unit_iters=True, disable_predication=False)
v56, v57 = sch.sample_perfect_tile(loop=l10, n=2, max_innermost_factor=64, decision=[1, 3])
l58, l59 = sch.split(loop=l10, factors=[v56, v57], preserve_unit_iters=True, disable_predication=False)
v60, v61 = sch.sample_perfect_tile(loop=l11, n=2, max_innermost_factor=64, decision=[1, 3])
l62, l63 = sch.split(loop=l11, factors=[v60, v61], preserve_unit_iters=True, disable_predication=False)
sch.reorder(l16, l24, l32, l40, l48, l17, l25, l33, l41, l49, l54, l58, l62, l18, l26, l34, l42, l50, l55, l59, l63, l19, l27, l35, l43, l51)
b64, = sch.get_consumers(block=b1)
sch.reverse_compute_at(block=b64, loop=l48, preserve_unit_loops=True, index=-1)
sch.annotate(block_or_loop=b3, ann_key="meta_schedule.parallel", ann_val=96)
sch.annotate(block_or_loop=b3, ann_key="meta_schedule.vectorize", ann_val=64)
v65 = sch.sample_categorical(candidates=[0, 16, 64, 512], probs=[0.25, 0.25, 0.25, 0.25], decision=3)
sch.annotate(block_or_loop=b3, ann_key="meta_schedule.unroll_explicit", ann_val=v65)
l66 = sch.sample_compute_location(block=b0, decision=7)
sch.compute_at(block=b0, loop=l66, preserve_unit_loops=True, index=-1)
2024-05-21 09:37:02 [INFO] [evolutionary_search.cc:713] Generating candidates......
2024-05-21 09:37:02 [INFO] [evolutionary_search.cc:715] Picked top 0 candidate(s) from database
2024-05-21 09:37:04 [INFO] [evolutionary_search.cc:533] Sample-Init-Population summary:
Postproc #0 [meta_schedule.DisallowDynamicLoop(0x1039fd78)]: 0 failure(s)
Postproc #1 [meta_schedule.RewriteParallelVectorizeUnroll(0xe743858)]: 0 failure(s)
Postproc #2 [meta_schedule.RewriteReductionBlock(0x10e2b0e8)]: 0 failure(s)
Postproc #3 [meta_schedule.RewriteLayout(0xe158b38)]: 0 failure(s)
2024-05-21 09:37:04 [INFO] [evolutionary_search.cc:723] Sampled 512 candidate(s)
2024-05-21 09:37:06 [INFO] [evolutionary_search.cc:621] Evolve iter #0 done. Summary:
Postproc #0 [meta_schedule.DisallowDynamicLoop(0x1039fd78)]: 0 failure(s)
Postproc #1 [meta_schedule.RewriteParallelVectorizeUnroll(0xe743858)]: 0 failure(s)
Postproc #2 [meta_schedule.RewriteReductionBlock(0x10e2b0e8)]: 0 failure(s)
Postproc #3 [meta_schedule.RewriteLayout(0xe158b38)]: 0 failure(s)
2024-05-21 09:37:08 [INFO] [evolutionary_search.cc:621] Evolve iter #1 done. Summary:
Postproc #0 [meta_schedule.DisallowDynamicLoop(0x1039fd78)]: 0 failure(s)
Postproc #1 [meta_schedule.RewriteParallelVectorizeUnroll(0xe743858)]: 0 failure(s)
Postproc #2 [meta_schedule.RewriteReductionBlock(0x10e2b0e8)]: 0 failure(s)
Postproc #3 [meta_schedule.RewriteLayout(0xe158b38)]: 0 failure(s)
2024-05-21 09:37:09 [INFO] [evolutionary_search.cc:621] Evolve iter #2 done. Summary:
Postproc #0 [meta_schedule.DisallowDynamicLoop(0x1039fd78)]: 0 failure(s)
Postproc #1 [meta_schedule.RewriteParallelVectorizeUnroll(0xe743858)]: 0 failure(s)
Postproc #2 [meta_schedule.RewriteReductionBlock(0x10e2b0e8)]: 0 failure(s)
Postproc #3 [meta_schedule.RewriteLayout(0xe158b38)]: 0 failure(s)
2024-05-21 09:37:11 [INFO] [evolutionary_search.cc:621] Evolve iter #3 done. Summary:
Postproc #0 [meta_schedule.DisallowDynamicLoop(0x1039fd78)]: 0 failure(s)
Postproc #1 [meta_schedule.RewriteParallelVectorizeUnroll(0xe743858)]: 0 failure(s)
Postproc #2 [meta_schedule.RewriteReductionBlock(0x10e2b0e8)]: 0 failure(s)
Postproc #3 [meta_schedule.RewriteLayout(0xe158b38)]: 0 failure(s)
2024-05-21 09:37:12 [INFO] [evolutionary_search.cc:649] Scores of the best 64 candidates:
[1 : 16]:	0.9988  0.9985  0.9978  0.9977  0.9966  0.9966  0.9960  0.9959  0.9954  0.9953  0.9952  0.9948  0.9944  0.9942  0.9935  0.9912
[17 : 32]:	0.9904  0.9897  0.9886  0.9876  0.9872  0.9867  0.9864  0.9862  0.9860  0.9860  0.9857  0.9856  0.9850  0.9830  0.9829  0.9813
[33 : 48]:	0.9812  0.9811  0.9811  0.9810  0.9807  0.9789  0.9788  0.9769  0.9763  0.9761  0.9761  0.9757  0.9755  0.9752  0.9745  0.9740
[49 : 64]:	0.9732  0.9728  0.9724  0.9712  0.9708  0.9708  0.9706  0.9703  0.9697  0.9696  0.9687  0.9684  0.9683  0.9675  0.9666  0.9664
2024-05-21 09:37:12 [INFO] [evolutionary_search.cc:727] Got 64 candidate(s) with evolutionary search
2024-05-21 09:37:12 [INFO] [evolutionary_search.cc:730] Sending 64 candidates(s) for measurement
2024-05-21 10:34:50 [INFO] [task_scheduler.cc:131] [Task #1: fused_nn_contrib_conv2d_NCHWc_add_clip] Trial #1: GFLOPs: 46.7766. Time: 9.9824 us. Best GFLOPs: 46.7766
2024-05-21 10:34:50 [INFO] [task_scheduler.cc:131] [Task #1: fused_nn_contrib_conv2d_NCHWc_add_clip] Trial #2: GFLOPs: 51.4319. Time: 9.0789 us. Best GFLOPs: 51.4319
2024-05-21 10:34:50 [INFO] [task_scheduler.cc:131] [Task #1: fused_nn_contrib_conv2d_NCHWc_add_clip] Trial #3: GFLOPs: 46.9338. Time: 9.9490 us. Best GFLOPs: 51.4319
2024-05-21 10:34:50 [INFO] [task_scheduler.cc:131] [Task #1: fused_nn_contrib_conv2d_NCHWc_add_clip] Trial #4: GFLOPs: 18.5832. Time: 25.1272 us. Best GFLOPs: 51.4319
2024-05-21 10:34:50 [INFO] [task_scheduler.cc:131] [Task #1: fused_nn_contrib_conv2d_NCHWc_add_clip] Trial #5: GFLOPs: 19.3068. Time: 24.1855 us. Best GFLOPs: 51.4319
2024-05-21 10:34:50 [INFO] [task_scheduler.cc:131] [Task #1: fused_nn_contrib_conv2d_NCHWc_add_clip] Trial #6: GFLOPs: 34.3409. Time: 13.5973 us. Best GFLOPs: 51.4319
2024-05-21 10:34:50 [INFO] [task_scheduler.cc:131] [Task #1: fused_nn_contrib_conv2d_NCHWc_add_clip] Trial #7: GFLOPs: 18.2616. Time: 25.5698 us. Best GFLOPs: 51.4319
2024-05-21 10:34:50 [INFO] [task_scheduler.cc:131] [Task #1: fused_nn_contrib_conv2d_NCHWc_add_clip] Trial #8: GFLOPs: 22.0628. Time: 21.1643 us. Best GFLOPs: 51.4319
2024-05-21 10:34:50 [INFO] [task_scheduler.cc:131] [Task #1: fused_nn_contrib_conv2d_NCHWc_add_clip] Trial #9: GFLOPs: 13.4162. Time: 34.8044 us. Best GFLOPs: 51.4319
2024-05-21 10:34:50 [INFO] [task_scheduler.cc:131] [Task #1: fused_nn_contrib_conv2d_NCHWc_add_clip] Trial #10: GFLOPs: 18.6661. Time: 25.0156 us. Best GFLOPs: 51.4319
2024-05-21 10:34:50 [INFO] [task_scheduler.cc:131] [Task #1: fused_nn_contrib_conv2d_NCHWc_add_clip] Trial #11: GFLOPs: 14.5695. Time: 32.0494 us. Best GFLOPs: 51.4319
2024-05-21 10:34:50 [INFO] [task_scheduler.cc:131] [Task #1: fused_nn_contrib_conv2d_NCHWc_add_clip] Trial #12: GFLOPs: 29.7106. Time: 15.7164 us. Best GFLOPs: 51.4319
2024-05-21 10:34:50 [INFO] [task_scheduler.cc:131] [Task #1: fused_nn_contrib_conv2d_NCHWc_add_clip] Trial #13: GFLOPs: 56.0471. Time: 8.3313 us. Best GFLOPs: 56.0471
2024-05-21 10:34:50 [INFO] [task_scheduler.cc:131] [Task #1: fused_nn_contrib_conv2d_NCHWc_add_clip] Trial #14: GFLOPs: 17.3287. Time: 26.9463 us. Best GFLOPs: 56.0471
2024-05-21 10:34:50 [INFO] [task_scheduler.cc:131] [Task #1: fused_nn_contrib_conv2d_NCHWc_add_clip] Trial #15: GFLOPs: 8.8821. Time: 52.5713 us. Best GFLOPs: 56.0471
2024-05-21 10:34:50 [INFO] [task_scheduler.cc:131] [Task #1: fused_nn_contrib_conv2d_NCHWc_add_clip] Trial #16: GFLOPs: 16.6067. Time: 28.1177 us. Best GFLOPs: 56.0471
2024-05-21 10:34:50 [INFO] [task_scheduler.cc:131] [Task #1: fused_nn_contrib_conv2d_NCHWc_add_clip] Trial #17: GFLOPs: 8.5833. Time: 54.4017 us. Best GFLOPs: 56.0471
2024-05-21 10:34:50 [INFO] [task_scheduler.cc:131] [Task #1: fused_nn_contrib_conv2d_NCHWc_add_clip] Trial #18: GFLOPs: 18.7926. Time: 24.8472 us. Best GFLOPs: 56.0471
2024-05-21 10:34:50 [INFO] [task_scheduler.cc:131] [Task #1: fused_nn_contrib_conv2d_NCHWc_add_clip] Trial #19: GFLOPs: 41.7691. Time: 11.1792 us. Best GFLOPs: 56.0471
2024-05-21 10:34:50 [INFO] [task_scheduler.cc:131] [Task #1: fused_nn_contrib_conv2d_NCHWc_add_clip] Trial #20: GFLOPs: 12.8637. Time: 36.2995 us. Best GFLOPs: 56.0471
2024-05-21 10:34:50 [INFO] [task_scheduler.cc:131] [Task #1: fused_nn_contrib_conv2d_NCHWc_add_clip] Trial #21: GFLOPs: 13.2042. Time: 35.3632 us. Best GFLOPs: 56.0471
2024-05-21 10:34:50 [INFO] [task_scheduler.cc:131] [Task #1: fused_nn_contrib_conv2d_NCHWc_add_clip] Trial #22: GFLOPs: 16.7882. Time: 27.8138 us. Best GFLOPs: 56.0471
2024-05-21 10:34:50 [INFO] [task_scheduler.cc:131] [Task #1: fused_nn_contrib_conv2d_NCHWc_add_clip] Trial #23: GFLOPs: 41.2207. Time: 11.3279 us. Best GFLOPs: 56.0471
2024-05-21 10:34:50 [INFO] [task_scheduler.cc:131] [Task #1: fused_nn_contrib_conv2d_NCHWc_add_clip] Trial #24: GFLOPs: 32.3757. Time: 14.4227 us. Best GFLOPs: 56.0471
2024-05-21 10:34:50 [INFO] [task_scheduler.cc:131] [Task #1: fused_nn_contrib_conv2d_NCHWc_add_clip] Trial #25: GFLOPs: 9.7919. Time: 47.6867 us. Best GFLOPs: 56.0471
2024-05-21 10:34:50 [INFO] [task_scheduler.cc:131] [Task #1: fused_nn_contrib_conv2d_NCHWc_add_clip] Trial #26: GFLOPs: 32.1062. Time: 14.5437 us. Best GFLOPs: 56.0471
2024-05-21 10:34:50 [INFO] [task_scheduler.cc:131] [Task #1: fused_nn_contrib_conv2d_NCHWc_add_clip] Trial #27: GFLOPs: 35.1423. Time: 13.2872 us. Best GFLOPs: 56.0471
2024-05-21 10:34:50 [INFO] [task_scheduler.cc:131] [Task #1: fused_nn_contrib_conv2d_NCHWc_add_clip] Trial #28: GFLOPs: 7.6831. Time: 60.7752 us. Best GFLOPs: 56.0471
2024-05-21 10:34:50 [INFO] [task_scheduler.cc:131] [Task #1: fused_nn_contrib_conv2d_NCHWc_add_clip] Trial #29: GFLOPs: 18.3023. Time: 25.5129 us. Best GFLOPs: 56.0471
2024-05-21 10:34:50 [INFO] [task_scheduler.cc:131] [Task #1: fused_nn_contrib_conv2d_NCHWc_add_clip] Trial #30: GFLOPs: 33.0463. Time: 14.1300 us. Best GFLOPs: 56.0471
2024-05-21 10:34:50 [INFO] [task_scheduler.cc:131] [Task #1: fused_nn_contrib_conv2d_NCHWc_add_clip] Trial #31: GFLOPs: 28.4700. Time: 16.4012 us. Best GFLOPs: 56.0471
2024-05-21 10:34:50 [INFO] [task_scheduler.cc:131] [Task #1: fused_nn_contrib_conv2d_NCHWc_add_clip] Trial #32: GFLOPs: 28.6057. Time: 16.3234 us. Best GFLOPs: 56.0471
2024-05-21 10:34:50 [INFO] [task_scheduler.cc:131] [Task #1: fused_nn_contrib_conv2d_NCHWc_add_clip] Trial #33: GFLOPs: 17.0447. Time: 27.3952 us. Best GFLOPs: 56.0471
2024-05-21 10:34:50 [INFO] [task_scheduler.cc:131] [Task #1: fused_nn_contrib_conv2d_NCHWc_add_clip] Trial #34: GFLOPs: 21.3153. Time: 21.9065 us. Best GFLOPs: 56.0471
2024-05-21 10:34:50 [INFO] [task_scheduler.cc:131] [Task #1: fused_nn_contrib_conv2d_NCHWc_add_clip] Trial #35: GFLOPs: 13.2982. Time: 35.1133 us. Best GFLOPs: 56.0471
2024-05-21 10:34:50 [INFO] [task_scheduler.cc:131] [Task #1: fused_nn_contrib_conv2d_NCHWc_add_clip] Trial #36: GFLOPs: 33.4498. Time: 13.9595 us. Best GFLOPs: 56.0471
2024-05-21 10:34:50 [INFO] [task_scheduler.cc:131] [Task #1: fused_nn_contrib_conv2d_NCHWc_add_clip] Trial #37: GFLOPs: 15.8740. Time: 29.4157 us. Best GFLOPs: 56.0471
2024-05-21 10:34:50 [INFO] [task_scheduler.cc:131] [Task #1: fused_nn_contrib_conv2d_NCHWc_add_clip] Trial #38: GFLOPs: 8.5912. Time: 54.3514 us. Best GFLOPs: 56.0471
2024-05-21 10:34:50 [INFO] [task_scheduler.cc:131] [Task #1: fused_nn_contrib_conv2d_NCHWc_add_clip] Trial #39: GFLOPs: 15.4762. Time: 30.1718 us. Best GFLOPs: 56.0471
2024-05-21 10:34:50 [INFO] [task_scheduler.cc:131] [Task #1: fused_nn_contrib_conv2d_NCHWc_add_clip] Trial #40: GFLOPs: 5.1950. Time: 89.8840 us. Best GFLOPs: 56.0471
2024-05-21 10:34:50 [INFO] [task_scheduler.cc:131] [Task #1: fused_nn_contrib_conv2d_NCHWc_add_clip] Trial #41: GFLOPs: 11.9662. Time: 39.0218 us. Best GFLOPs: 56.0471
2024-05-21 10:34:50 [INFO] [task_scheduler.cc:131] [Task #1: fused_nn_contrib_conv2d_NCHWc_add_clip] Trial #42: GFLOPs: 54.0929. Time: 8.6323 us. Best GFLOPs: 56.0471
2024-05-21 10:34:50 [INFO] [task_scheduler.cc:131] [Task #1: fused_nn_contrib_conv2d_NCHWc_add_clip] Trial #43: GFLOPs: 27.6451. Time: 16.8907 us. Best GFLOPs: 56.0471
2024-05-21 10:34:50 [INFO] [task_scheduler.cc:131] [Task #1: fused_nn_contrib_conv2d_NCHWc_add_clip] Trial #44: GFLOPs: 21.2991. Time: 21.9232 us. Best GFLOPs: 56.0471
2024-05-21 10:34:50 [INFO] [task_scheduler.cc:131] [Task #1: fused_nn_contrib_conv2d_NCHWc_add_clip] Trial #45: GFLOPs: 26.0886. Time: 17.8984 us. Best GFLOPs: 56.0471
2024-05-21 10:34:50 [INFO] [task_scheduler.cc:131] [Task #1: fused_nn_contrib_conv2d_NCHWc_add_clip] Trial #46: GFLOPs: 26.5884. Time: 17.5619 us. Best GFLOPs: 56.0471
2024-05-21 10:34:50 [INFO] [task_scheduler.cc:131] [Task #1: fused_nn_contrib_conv2d_NCHWc_add_clip] Trial #47: GFLOPs: 16.3073. Time: 28.6340 us. Best GFLOPs: 56.0471
2024-05-21 10:34:50 [INFO] [task_scheduler.cc:131] [Task #1: fused_nn_contrib_conv2d_NCHWc_add_clip] Trial #48: GFLOPs: 10.2355. Time: 45.6201 us. Best GFLOPs: 56.0471
2024-05-21 10:34:50 [INFO] [task_scheduler.cc:131] [Task #1: fused_nn_contrib_conv2d_NCHWc_add_clip] Trial #49: GFLOPs: 22.0213. Time: 21.2042 us. Best GFLOPs: 56.0471
2024-05-21 10:34:50 [INFO] [task_scheduler.cc:131] [Task #1: fused_nn_contrib_conv2d_NCHWc_add_clip] Trial #50: GFLOPs: 34.8540. Time: 13.3971 us. Best GFLOPs: 56.0471
2024-05-21 10:34:50 [INFO] [task_scheduler.cc:131] [Task #1: fused_nn_contrib_conv2d_NCHWc_add_clip] Trial #51: GFLOPs: 38.9009. Time: 12.0034 us. Best GFLOPs: 56.0471
2024-05-21 10:34:50 [INFO] [task_scheduler.cc:131] [Task #1: fused_nn_contrib_conv2d_NCHWc_add_clip] Trial #52: GFLOPs: 24.3542. Time: 19.1730 us. Best GFLOPs: 56.0471
2024-05-21 10:34:50 [INFO] [task_scheduler.cc:131] [Task #1: fused_nn_contrib_conv2d_NCHWc_add_clip] Trial #53: GFLOPs: 6.3764. Time: 73.2300 us. Best GFLOPs: 56.0471
2024-05-21 10:34:50 [INFO] [task_scheduler.cc:131] [Task #1: fused_nn_contrib_conv2d_NCHWc_add_clip] Trial #54: GFLOPs: 20.3141. Time: 22.9862 us. Best GFLOPs: 56.0471
2024-05-21 10:34:50 [INFO] [task_scheduler.cc:131] [Task #1: fused_nn_contrib_conv2d_NCHWc_add_clip] Trial #55: GFLOPs: 9.7942. Time: 47.6756 us. Best GFLOPs: 56.0471
2024-05-21 10:34:50 [INFO] [task_scheduler.cc:131] [Task #1: fused_nn_contrib_conv2d_NCHWc_add_clip] Trial #56: GFLOPs: 7.4458. Time: 62.7123 us. Best GFLOPs: 56.0471
2024-05-21 10:34:50 [INFO] [task_scheduler.cc:131] [Task #1: fused_nn_contrib_conv2d_NCHWc_add_clip] Trial #57: GFLOPs: 6.6557. Time: 70.1570 us. Best GFLOPs: 56.0471
2024-05-21 10:34:50 [INFO] [task_scheduler.cc:131] [Task #1: fused_nn_contrib_conv2d_NCHWc_add_clip] Trial #58: GFLOPs: 10.9037. Time: 42.8245 us. Best GFLOPs: 56.0471
2024-05-21 10:34:50 [INFO] [task_scheduler.cc:131] [Task #1: fused_nn_contrib_conv2d_NCHWc_add_clip] Trial #59: GFLOPs: 6.7776. Time: 68.8949 us. Best GFLOPs: 56.0471
2024-05-21 10:34:50 [INFO] [task_scheduler.cc:131] [Task #1: fused_nn_contrib_conv2d_NCHWc_add_clip] Trial #60: GFLOPs: 7.7882. Time: 59.9549 us. Best GFLOPs: 56.0471
2024-05-21 10:34:50 [INFO] [task_scheduler.cc:131] [Task #1: fused_nn_contrib_conv2d_NCHWc_add_clip] Trial #61: GFLOPs: 13.9636. Time: 33.4400 us. Best GFLOPs: 56.0471
2024-05-21 10:34:50 [INFO] [task_scheduler.cc:131] [Task #1: fused_nn_contrib_conv2d_NCHWc_add_clip] Trial #62: GFLOPs: 14.6890. Time: 31.7887 us. Best GFLOPs: 56.0471
2024-05-21 10:34:50 [INFO] [task_scheduler.cc:131] [Task #1: fused_nn_contrib_conv2d_NCHWc_add_clip] Trial #63: GFLOPs: 16.7135. Time: 27.9381 us. Best GFLOPs: 56.0471
2024-05-21 10:34:50 [INFO] [task_scheduler.cc:131] [Task #1: fused_nn_contrib_conv2d_NCHWc_add_clip] Trial #64: GFLOPs: 54.3681. Time: 8.5886 us. Best GFLOPs: 56.0471
2024-05-21 11:04:19 [INFO] [evolutionary_search.cc:713] Generating candidates......
2024-05-21 11:04:19 [INFO] [evolutionary_search.cc:715] Picked top 64 candidate(s) from database
2024-05-21 11:04:21 [INFO] [evolutionary_search.cc:533] Sample-Init-Population summary:
Postproc #0 [meta_schedule.DisallowDynamicLoop(0x1039fd78)]: 0 failure(s)
Postproc #1 [meta_schedule.RewriteParallelVectorizeUnroll(0xe743858)]: 0 failure(s)
Postproc #2 [meta_schedule.RewriteReductionBlock(0x10e2b0e8)]: 0 failure(s)
Postproc #3 [meta_schedule.RewriteLayout(0xe158b38)]: 0 failure(s)
2024-05-21 11:04:21 [INFO] [evolutionary_search.cc:723] Sampled 448 candidate(s)
2024-05-21 11:04:25 [INFO] [evolutionary_search.cc:621] Evolve iter #0 done. Summary:
Postproc #0 [meta_schedule.DisallowDynamicLoop(0x1039fd78)]: 0 failure(s)
Postproc #1 [meta_schedule.RewriteParallelVectorizeUnroll(0xe743858)]: 0 failure(s)
Postproc #2 [meta_schedule.RewriteReductionBlock(0x10e2b0e8)]: 0 failure(s)
Postproc #3 [meta_schedule.RewriteLayout(0xe158b38)]: 0 failure(s)
2024-05-21 11:04:29 [INFO] [evolutionary_search.cc:621] Evolve iter #1 done. Summary:
Postproc #0 [meta_schedule.DisallowDynamicLoop(0x1039fd78)]: 0 failure(s)
Postproc #1 [meta_schedule.RewriteParallelVectorizeUnroll(0xe743858)]: 0 failure(s)
Postproc #2 [meta_schedule.RewriteReductionBlock(0x10e2b0e8)]: 0 failure(s)
Postproc #3 [meta_schedule.RewriteLayout(0xe158b38)]: 0 failure(s)
2024-05-21 11:04:33 [INFO] [evolutionary_search.cc:621] Evolve iter #2 done. Summary:
Postproc #0 [meta_schedule.DisallowDynamicLoop(0x1039fd78)]: 0 failure(s)
Postproc #1 [meta_schedule.RewriteParallelVectorizeUnroll(0xe743858)]: 0 failure(s)
Postproc #2 [meta_schedule.RewriteReductionBlock(0x10e2b0e8)]: 0 failure(s)
Postproc #3 [meta_schedule.RewriteLayout(0xe158b38)]: 0 failure(s)
2024-05-21 11:04:37 [INFO] [evolutionary_search.cc:621] Evolve iter #3 done. Summary:
Postproc #0 [meta_schedule.DisallowDynamicLoop(0x1039fd78)]: 0 failure(s)
Postproc #1 [meta_schedule.RewriteParallelVectorizeUnroll(0xe743858)]: 0 failure(s)
Postproc #2 [meta_schedule.RewriteReductionBlock(0x10e2b0e8)]: 0 failure(s)
Postproc #3 [meta_schedule.RewriteLayout(0xe158b38)]: 0 failure(s)
2024-05-21 11:04:39 [INFO] [evolutionary_search.cc:649] Scores of the best 64 candidates:
[1 : 16]:	0.9735  0.9664  0.9661  0.9642  0.9587  0.9566  0.9437  0.9408  0.9408  0.9408  0.9310  0.9282  0.9249  0.9116  0.9063  0.8988
[17 : 32]:	0.8929  0.8912  0.8896  0.8875  0.8869  0.8827  0.8827  0.8794  0.8673  0.8661  0.8621  0.8597  0.8575  0.8550  0.8523  0.8484
[33 : 48]:	0.8472  0.8386  0.8379  0.8364  0.8341  0.8331  0.8312  0.8296  0.8277  0.8270  0.8240  0.8240  0.8240  0.8231  0.8215  0.8174
[49 : 64]:	0.8165  0.8140  0.8129  0.8129  0.8124  0.8117  0.8117  0.8094  0.8093  0.8067  0.8065  0.8061  0.8041  0.8028  0.8010  0.8009
2024-05-21 11:04:39 [INFO] [evolutionary_search.cc:727] Got 64 candidate(s) with evolutionary search
2024-05-21 11:04:39 [INFO] [evolutionary_search.cc:730] Sending 64 candidates(s) for measurement
2024-05-21 11:06:31 [INFO] [task_scheduler.cc:131] [Task #1: fused_nn_contrib_conv2d_NCHWc_add_clip] Trial #65: GFLOPs: 56.3338. Time: 8.2889 us. Best GFLOPs: 56.3338
2024-05-21 11:06:31 [INFO] [task_scheduler.cc:131] [Task #1: fused_nn_contrib_conv2d_NCHWc_add_clip] Trial #66: GFLOPs: 54.7207. Time: 8.5332 us. Best GFLOPs: 56.3338
2024-05-21 11:06:31 [INFO] [task_scheduler.cc:131] [Task #1: fused_nn_contrib_conv2d_NCHWc_add_clip] Trial #67: GFLOPs: 55.7924. Time: 8.3693 us. Best GFLOPs: 56.3338
2024-05-21 11:06:31 [INFO] [task_scheduler.cc:131] [Task #1: fused_nn_contrib_conv2d_NCHWc_add_clip] Trial #68: GFLOPs: 55.9312. Time: 8.3485 us. Best GFLOPs: 56.3338
2024-05-21 11:06:31 [INFO] [task_scheduler.cc:131] [Task #1: fused_nn_contrib_conv2d_NCHWc_add_clip] Trial #69: GFLOPs: 44.8036. Time: 10.4220 us. Best GFLOPs: 56.3338
2024-05-21 11:06:31 [INFO] [task_scheduler.cc:131] [Task #1: fused_nn_contrib_conv2d_NCHWc_add_clip] Trial #70: GFLOPs: 54.6960. Time: 8.5371 us. Best GFLOPs: 56.3338
2024-05-21 11:06:31 [INFO] [task_scheduler.cc:131] [Task #1: fused_nn_contrib_conv2d_NCHWc_add_clip] Trial #71: GFLOPs: 60.7822. Time: 7.6822 us. Best GFLOPs: 60.7822
2024-05-21 11:06:31 [INFO] [task_scheduler.cc:131] [Task #1: fused_nn_contrib_conv2d_NCHWc_add_clip] Trial #72: GFLOPs: 51.1663. Time: 9.1260 us. Best GFLOPs: 60.7822
2024-05-21 11:06:31 [INFO] [task_scheduler.cc:131] [Task #1: fused_nn_contrib_conv2d_NCHWc_add_clip] Trial #73: GFLOPs: 16.8539. Time: 27.7054 us. Best GFLOPs: 60.7822
2024-05-21 11:06:31 [INFO] [task_scheduler.cc:131] [Task #1: fused_nn_contrib_conv2d_NCHWc_add_clip] Trial #74: GFLOPs: 50.6589. Time: 9.2174 us. Best GFLOPs: 60.7822
2024-05-21 11:06:31 [INFO] [task_scheduler.cc:131] [Task #1: fused_nn_contrib_conv2d_NCHWc_add_clip] Trial #75: GFLOPs: 17.2441. Time: 27.0785 us. Best GFLOPs: 60.7822
2024-05-21 11:06:31 [INFO] [task_scheduler.cc:131] [Task #1: fused_nn_contrib_conv2d_NCHWc_add_clip] Trial #76: GFLOPs: 43.5639. Time: 10.7186 us. Best GFLOPs: 60.7822
2024-05-21 11:06:31 [INFO] [task_scheduler.cc:131] [Task #1: fused_nn_contrib_conv2d_NCHWc_add_clip] Trial #77: GFLOPs: 40.0348. Time: 11.6634 us. Best GFLOPs: 60.7822
2024-05-21 11:06:31 [INFO] [task_scheduler.cc:131] [Task #1: fused_nn_contrib_conv2d_NCHWc_add_clip] Trial #78: GFLOPs: 38.0435. Time: 12.2740 us. Best GFLOPs: 60.7822
2024-05-21 11:06:31 [INFO] [task_scheduler.cc:131] [Task #1: fused_nn_contrib_conv2d_NCHWc_add_clip] Trial #79: GFLOPs: 51.4711. Time: 9.0720 us. Best GFLOPs: 60.7822
2024-05-21 11:06:31 [INFO] [task_scheduler.cc:131] [Task #1: fused_nn_contrib_conv2d_NCHWc_add_clip] Trial #80: GFLOPs: 68.1160. Time: 6.8551 us. Best GFLOPs: 68.1160
2024-05-21 11:06:31 [INFO] [task_scheduler.cc:131] [Task #1: fused_nn_contrib_conv2d_NCHWc_add_clip] Trial #81: GFLOPs: 65.7249. Time: 7.1045 us. Best GFLOPs: 68.1160
2024-05-21 11:06:31 [INFO] [task_scheduler.cc:131] [Task #1: fused_nn_contrib_conv2d_NCHWc_add_clip] Trial #82: GFLOPs: 59.4748. Time: 7.8511 us. Best GFLOPs: 68.1160
2024-05-21 11:06:31 [INFO] [task_scheduler.cc:131] [Task #1: fused_nn_contrib_conv2d_NCHWc_add_clip] Trial #83: GFLOPs: 34.3971. Time: 13.5751 us. Best GFLOPs: 68.1160
2024-05-21 11:06:31 [INFO] [task_scheduler.cc:131] [Task #1: fused_nn_contrib_conv2d_NCHWc_add_clip] Trial #84: GFLOPs: 55.4878. Time: 8.4153 us. Best GFLOPs: 68.1160
2024-05-21 11:06:31 [INFO] [task_scheduler.cc:131] [Task #1: fused_nn_contrib_conv2d_NCHWc_add_clip] Trial #85: GFLOPs: 58.8293. Time: 7.9373 us. Best GFLOPs: 68.1160
2024-05-21 11:06:31 [INFO] [task_scheduler.cc:131] [Task #1: fused_nn_contrib_conv2d_NCHWc_add_clip] Trial #86: GFLOPs: 40.8082. Time: 11.4424 us. Best GFLOPs: 68.1160
2024-05-21 11:06:31 [INFO] [task_scheduler.cc:131] [Task #1: fused_nn_contrib_conv2d_NCHWc_add_clip] Trial #87: GFLOPs: 41.5838. Time: 11.2290 us. Best GFLOPs: 68.1160
2024-05-21 11:06:31 [INFO] [task_scheduler.cc:131] [Task #1: fused_nn_contrib_conv2d_NCHWc_add_clip] Trial #88: GFLOPs: 48.0298. Time: 9.7220 us. Best GFLOPs: 68.1160
2024-05-21 11:06:31 [INFO] [task_scheduler.cc:131] [Task #1: fused_nn_contrib_conv2d_NCHWc_add_clip] Trial #89: GFLOPs: 49.7537. Time: 9.3851 us. Best GFLOPs: 68.1160
2024-05-21 11:06:31 [INFO] [task_scheduler.cc:131] [Task #1: fused_nn_contrib_conv2d_NCHWc_add_clip] Trial #90: GFLOPs: 56.1171. Time: 8.3209 us. Best GFLOPs: 68.1160
2024-05-21 11:06:31 [INFO] [task_scheduler.cc:131] [Task #1: fused_nn_contrib_conv2d_NCHWc_add_clip] Trial #91: GFLOPs: 68.2621. Time: 6.8405 us. Best GFLOPs: 68.2621
2024-05-21 11:06:31 [INFO] [task_scheduler.cc:131] [Task #1: fused_nn_contrib_conv2d_NCHWc_add_clip] Trial #92: GFLOPs: 38.5918. Time: 12.0996 us. Best GFLOPs: 68.2621
2024-05-21 11:06:31 [INFO] [task_scheduler.cc:131] [Task #1: fused_nn_contrib_conv2d_NCHWc_add_clip] Trial #93: GFLOPs: 64.6997. Time: 7.2171 us. Best GFLOPs: 68.2621
2024-05-21 11:06:31 [INFO] [task_scheduler.cc:131] [Task #1: fused_nn_contrib_conv2d_NCHWc_add_clip] Trial #94: GFLOPs: 36.0349. Time: 12.9581 us. Best GFLOPs: 68.2621
2024-05-21 11:06:31 [INFO] [task_scheduler.cc:131] [Task #1: fused_nn_contrib_conv2d_NCHWc_add_clip] Trial #95: GFLOPs: 52.2187. Time: 8.9421 us. Best GFLOPs: 68.2621
2024-05-21 11:06:31 [INFO] [task_scheduler.cc:131] [Task #1: fused_nn_contrib_conv2d_NCHWc_add_clip] Trial #96: GFLOPs: 27.2873. Time: 17.1121 us. Best GFLOPs: 68.2621
2024-05-21 11:06:31 [INFO] [task_scheduler.cc:131] [Task #1: fused_nn_contrib_conv2d_NCHWc_add_clip] Trial #97: GFLOPs: 38.5863. Time: 12.1013 us. Best GFLOPs: 68.2621
2024-05-21 11:06:31 [INFO] [task_scheduler.cc:131] [Task #1: fused_nn_contrib_conv2d_NCHWc_add_clip] Trial #98: GFLOPs: 42.5501. Time: 10.9740 us. Best GFLOPs: 68.2621
2024-05-21 11:06:31 [INFO] [task_scheduler.cc:131] [Task #1: fused_nn_contrib_conv2d_NCHWc_add_clip] Trial #99: GFLOPs: 53.1012. Time: 8.7935 us. Best GFLOPs: 68.2621
2024-05-21 11:06:31 [INFO] [task_scheduler.cc:131] [Task #1: fused_nn_contrib_conv2d_NCHWc_add_clip] Trial #100: GFLOPs: 61.1082. Time: 7.6413 us. Best GFLOPs: 68.2621
2024-05-21 11:06:31 [INFO] [task_scheduler.cc:131] [Task #1: fused_nn_contrib_conv2d_NCHWc_add_clip] Trial #101: GFLOPs: 35.1297. Time: 13.2920 us. Best GFLOPs: 68.2621
2024-05-21 11:06:31 [INFO] [task_scheduler.cc:131] [Task #1: fused_nn_contrib_conv2d_NCHWc_add_clip] Trial #102: GFLOPs: 46.0392. Time: 10.1423 us. Best GFLOPs: 68.2621
2024-05-21 11:06:31 [INFO] [task_scheduler.cc:131] [Task #1: fused_nn_contrib_conv2d_NCHWc_add_clip] Trial #103: GFLOPs: 54.6241. Time: 8.5483 us. Best GFLOPs: 68.2621
2024-05-21 11:06:31 [INFO] [task_scheduler.cc:131] [Task #1: fused_nn_contrib_conv2d_NCHWc_add_clip] Trial #104: GFLOPs: 66.0343. Time: 7.0712 us. Best GFLOPs: 68.2621
2024-05-21 11:06:31 [INFO] [task_scheduler.cc:131] [Task #1: fused_nn_contrib_conv2d_NCHWc_add_clip] Trial #105: GFLOPs: 63.5250. Time: 7.3506 us. Best GFLOPs: 68.2621
2024-05-21 11:06:31 [INFO] [task_scheduler.cc:131] [Task #1: fused_nn_contrib_conv2d_NCHWc_add_clip] Trial #106: GFLOPs: 26.4879. Time: 17.6286 us. Best GFLOPs: 68.2621
2024-05-21 11:06:31 [INFO] [task_scheduler.cc:131] [Task #1: fused_nn_contrib_conv2d_NCHWc_add_clip] Trial #107: GFLOPs: 48.8601. Time: 9.5568 us. Best GFLOPs: 68.2621
2024-05-21 11:06:31 [INFO] [task_scheduler.cc:131] [Task #1: fused_nn_contrib_conv2d_NCHWc_add_clip] Trial #108: GFLOPs: 52.1965. Time: 8.9459 us. Best GFLOPs: 68.2621
2024-05-21 11:06:31 [INFO] [task_scheduler.cc:131] [Task #1: fused_nn_contrib_conv2d_NCHWc_add_clip] Trial #109: GFLOPs: 37.7375. Time: 12.3735 us. Best GFLOPs: 68.2621
2024-05-21 11:06:31 [INFO] [task_scheduler.cc:131] [Task #1: fused_nn_contrib_conv2d_NCHWc_add_clip] Trial #110: GFLOPs: 42.6739. Time: 10.9422 us. Best GFLOPs: 68.2621
2024-05-21 11:06:31 [INFO] [task_scheduler.cc:131] [Task #1: fused_nn_contrib_conv2d_NCHWc_add_clip] Trial #111: GFLOPs: 47.0759. Time: 9.9190 us. Best GFLOPs: 68.2621
2024-05-21 11:06:31 [INFO] [task_scheduler.cc:131] [Task #1: fused_nn_contrib_conv2d_NCHWc_add_clip] Trial #112: GFLOPs: 47.6113. Time: 9.8074 us. Best GFLOPs: 68.2621
2024-05-21 11:06:31 [INFO] [task_scheduler.cc:131] [Task #1: fused_nn_contrib_conv2d_NCHWc_add_clip] Trial #113: GFLOPs: 15.7193. Time: 29.7051 us. Best GFLOPs: 68.2621
2024-05-21 11:06:31 [INFO] [task_scheduler.cc:131] [Task #1: fused_nn_contrib_conv2d_NCHWc_add_clip] Trial #114: GFLOPs: 57.0237. Time: 8.1886 us. Best GFLOPs: 68.2621
2024-05-21 11:06:31 [INFO] [task_scheduler.cc:131] [Task #1: fused_nn_contrib_conv2d_NCHWc_add_clip] Trial #115: GFLOPs: 51.4044. Time: 9.0837 us. Best GFLOPs: 68.2621
2024-05-21 11:06:31 [INFO] [task_scheduler.cc:131] [Task #1: fused_nn_contrib_conv2d_NCHWc_add_clip] Trial #116: GFLOPs: 53.3661. Time: 8.7498 us. Best GFLOPs: 68.2621
2024-05-21 11:06:31 [INFO] [task_scheduler.cc:131] [Task #1: fused_nn_contrib_conv2d_NCHWc_add_clip] Trial #117: GFLOPs: 62.5436. Time: 7.4659 us. Best GFLOPs: 68.2621
2024-05-21 11:06:31 [INFO] [task_scheduler.cc:131] [Task #1: fused_nn_contrib_conv2d_NCHWc_add_clip] Trial #118: GFLOPs: 32.7258. Time: 14.2684 us. Best GFLOPs: 68.2621
2024-05-21 11:06:31 [INFO] [task_scheduler.cc:131] [Task #1: fused_nn_contrib_conv2d_NCHWc_add_clip] Trial #119: GFLOPs: 32.7013. Time: 14.2791 us. Best GFLOPs: 68.2621
2024-05-21 11:06:31 [INFO] [task_scheduler.cc:131] [Task #1: fused_nn_contrib_conv2d_NCHWc_add_clip] Trial #120: GFLOPs: 23.6013. Time: 19.7847 us. Best GFLOPs: 68.2621
2024-05-21 11:06:31 [INFO] [task_scheduler.cc:131] [Task #1: fused_nn_contrib_conv2d_NCHWc_add_clip] Trial #121: GFLOPs: 51.0127. Time: 9.1535 us. Best GFLOPs: 68.2621
2024-05-21 11:06:31 [INFO] [task_scheduler.cc:131] [Task #1: fused_nn_contrib_conv2d_NCHWc_add_clip] Trial #122: GFLOPs: 33.6314. Time: 13.8841 us. Best GFLOPs: 68.2621
2024-05-21 11:06:31 [INFO] [task_scheduler.cc:131] [Task #1: fused_nn_contrib_conv2d_NCHWc_add_clip] Trial #123: GFLOPs: 14.5867. Time: 32.0115 us. Best GFLOPs: 68.2621
2024-05-21 11:06:31 [INFO] [task_scheduler.cc:131] [Task #1: fused_nn_contrib_conv2d_NCHWc_add_clip] Trial #124: GFLOPs: 61.0064. Time: 7.6540 us. Best GFLOPs: 68.2621
2024-05-21 11:06:31 [INFO] [task_scheduler.cc:131] [Task #1: fused_nn_contrib_conv2d_NCHWc_add_clip] Trial #125: GFLOPs: 45.7425. Time: 10.2081 us. Best GFLOPs: 68.2621
2024-05-21 11:06:31 [INFO] [task_scheduler.cc:131] [Task #1: fused_nn_contrib_conv2d_NCHWc_add_clip] Trial #126: GFLOPs: 42.0407. Time: 11.1069 us. Best GFLOPs: 68.2621
2024-05-21 11:06:31 [INFO] [task_scheduler.cc:131] [Task #1: fused_nn_contrib_conv2d_NCHWc_add_clip] Trial #127: GFLOPs: 30.9302. Time: 15.0967 us. Best GFLOPs: 68.2621
2024-05-21 11:06:31 [INFO] [task_scheduler.cc:131] [Task #1: fused_nn_contrib_conv2d_NCHWc_add_clip] Trial #128: GFLOPs: 22.2001. Time: 21.0334 us. Best GFLOPs: 68.2621
