2024-05-21 09:36:57 [INFO] [task_scheduler.cc:160] Initializing Task #20: "fused_nn_contrib_conv2d_NCHWc_add_4"
2024-05-21 09:36:57 [INFO] [task_scheduler.cc:35] 
# from tvm.script import ir as I
# from tvm.script import tir as T

@I.ir_module
class Module:
    @T.prim_func
    def main(p0: T.Buffer((T.int64(1), T.int64(48), T.int64(2), T.int64(2), T.int64(8)), "float32"), p1: T.Buffer((T.int64(12), T.int64(48), T.int64(1), T.int64(1), T.int64(8), T.int64(8)), "float32"), p2: T.Buffer((T.int64(1), T.int64(12), T.int64(1), T.int64(1), T.int64(8)), "float32"), T_add: T.Buffer((T.int64(1), T.int64(12), T.int64(2), T.int64(2), T.int64(8)), "float32")):
        T.func_attr({"tir.noalias": T.bool(True)})
        # with T.block("root"):
        conv2d_NCHWc = T.alloc_buffer((T.int64(1), T.int64(12), T.int64(2), T.int64(2), T.int64(8)))
        for n, oc_chunk, oh, ow, oc_block, ic, kh, kw in T.grid(T.int64(1), T.int64(12), T.int64(2), T.int64(2), T.int64(8), T.int64(384), T.int64(1), T.int64(1)):
            with T.block("conv2d_NCHWc"):
                v_n, v_oc_chunk, v_oh, v_ow, v_oc_block, v_ic, v_kh, v_kw = T.axis.remap("SSSSSRRR", [n, oc_chunk, oh, ow, oc_block, ic, kh, kw])
                T.reads(p0[v_n, v_ic // T.int64(8), v_oh + v_kh, v_ow + v_kw, v_ic % T.int64(8)], p1[v_oc_chunk, v_ic // T.int64(8), v_kh, v_kw, v_ic % T.int64(8), v_oc_block])
                T.writes(conv2d_NCHWc[v_n, v_oc_chunk, v_oh, v_ow, v_oc_block])
                with T.init():
                    conv2d_NCHWc[v_n, v_oc_chunk, v_oh, v_ow, v_oc_block] = T.float32(0)
                conv2d_NCHWc[v_n, v_oc_chunk, v_oh, v_ow, v_oc_block] = conv2d_NCHWc[v_n, v_oc_chunk, v_oh, v_ow, v_oc_block] + p0[v_n, v_ic // T.int64(8), v_oh + v_kh, v_ow + v_kw, v_ic % T.int64(8)] * p1[v_oc_chunk, v_ic // T.int64(8), v_kh, v_kw, v_ic % T.int64(8), v_oc_block]
        for ax0, ax1, ax2, ax3, ax4 in T.grid(T.int64(1), T.int64(12), T.int64(2), T.int64(2), T.int64(8)):
            with T.block("T_add"):
                v_ax0, v_ax1, v_ax2, v_ax3, v_ax4 = T.axis.remap("SSSSS", [ax0, ax1, ax2, ax3, ax4])
                T.reads(conv2d_NCHWc[v_ax0, v_ax1, v_ax2, v_ax3, v_ax4], p2[v_ax0, v_ax1, T.int64(0), T.int64(0), v_ax4])
                T.writes(T_add[v_ax0, v_ax1, v_ax2, v_ax3, v_ax4])
                T_add[v_ax0, v_ax1, v_ax2, v_ax3, v_ax4] = conv2d_NCHWc[v_ax0, v_ax1, v_ax2, v_ax3, v_ax4] + p2[v_ax0, v_ax1, T.int64(0), T.int64(0), v_ax4]
2024-05-21 09:36:57 [INFO] [task_scheduler.cc:164] Total 3 design space(s) generated
2024-05-21 09:36:57 [INFO] [task_scheduler.cc:170] Design space #0:
# from tvm.script import ir as I
# from tvm.script import tir as T

@I.ir_module
class Module:
    @T.prim_func
    def main(p0: T.Buffer((T.int64(1), T.int64(48), T.int64(2), T.int64(2), T.int64(8)), "float32"), p1: T.Buffer((T.int64(12), T.int64(48), T.int64(1), T.int64(1), T.int64(8), T.int64(8)), "float32"), p2: T.Buffer((T.int64(1), T.int64(12), T.int64(1), T.int64(1), T.int64(8)), "float32"), T_add: T.Buffer((T.int64(1), T.int64(12), T.int64(2), T.int64(2), T.int64(8)), "float32")):
        T.func_attr({"tir.noalias": T.bool(True)})
        with T.block("root"):
            T.reads()
            T.writes()
            T.block_attr({"meta_schedule.parallel": 96, "meta_schedule.unroll_explicit": 16, "meta_schedule.vectorize": 64})
            conv2d_NCHWc = T.alloc_buffer((T.int64(1), T.int64(12), T.int64(2), T.int64(2), T.int64(8)))
            for n_0, oc_chunk_0, oh_0, ow_0, oc_block_0, n_1, oc_chunk_1, oh_1, ow_1, oc_block_1, ic_0, kh_0, kw_0, n_2, oc_chunk_2, oh_2, ow_2, oc_block_2, ic_1, kh_1, kw_1, n_3, oc_chunk_3, oh_3, ow_3, oc_block_3 in T.grid(T.int64(1), T.int64(3), T.int64(2), T.int64(1), T.int64(2), T.int64(1), T.int64(1), T.int64(1), T.int64(1), T.int64(4), T.int64(48), T.int64(1), T.int64(1), T.int64(1), T.int64(4), T.int64(1), T.int64(1), T.int64(1), T.int64(8), T.int64(1), T.int64(1), T.int64(1), T.int64(1), T.int64(1), T.int64(2), T.int64(1)):
                with T.block("conv2d_NCHWc"):
                    v_n = T.axis.spatial(T.int64(1), n_0 + n_1 + n_2 + n_3)
                    v_oc_chunk = T.axis.spatial(T.int64(12), oc_chunk_0 * T.int64(4) + oc_chunk_1 * T.int64(4) + oc_chunk_2 + oc_chunk_3)
                    v_oh = T.axis.spatial(T.int64(2), oh_0 + oh_1 + oh_2 + oh_3)
                    v_ow = T.axis.spatial(T.int64(2), ow_0 * T.int64(2) + ow_1 * T.int64(2) + ow_2 * T.int64(2) + ow_3)
                    v_oc_block = T.axis.spatial(T.int64(8), oc_block_0 * T.int64(4) + oc_block_1 + oc_block_2 + oc_block_3)
                    v_ic = T.axis.reduce(T.int64(384), ic_0 * T.int64(8) + ic_1)
                    v_kh = T.axis.reduce(T.int64(1), kh_0 + kh_1)
                    v_kw = T.axis.reduce(T.int64(1), kw_0 + kw_1)
                    T.reads(p0[v_n, v_ic // T.int64(8), v_oh + v_kh, v_ow + v_kw, v_ic % T.int64(8)], p1[v_oc_chunk, v_ic // T.int64(8), v_kh, v_kw, v_ic % T.int64(8), v_oc_block])
                    T.writes(conv2d_NCHWc[v_n, v_oc_chunk, v_oh, v_ow, v_oc_block])
                    T.block_attr({"meta_schedule.tiling_structure": "SSRSRS"})
                    with T.init():
                        conv2d_NCHWc[v_n, v_oc_chunk, v_oh, v_ow, v_oc_block] = T.float32(0)
                    conv2d_NCHWc[v_n, v_oc_chunk, v_oh, v_ow, v_oc_block] = conv2d_NCHWc[v_n, v_oc_chunk, v_oh, v_ow, v_oc_block] + p0[v_n, v_ic // T.int64(8), v_oh + v_kh, v_ow + v_kw, v_ic % T.int64(8)] * p1[v_oc_chunk, v_ic // T.int64(8), v_kh, v_kw, v_ic % T.int64(8), v_oc_block]
            for ax0, ax1, ax2, ax3, ax4 in T.grid(T.int64(1), T.int64(12), T.int64(2), T.int64(2), T.int64(8)):
                with T.block("T_add"):
                    v_ax0, v_ax1, v_ax2, v_ax3, v_ax4 = T.axis.remap("SSSSS", [ax0, ax1, ax2, ax3, ax4])
                    T.reads(conv2d_NCHWc[v_ax0, v_ax1, v_ax2, v_ax3, v_ax4], p2[v_ax0, v_ax1, T.int64(0), T.int64(0), v_ax4])
                    T.writes(T_add[v_ax0, v_ax1, v_ax2, v_ax3, v_ax4])
                    T_add[v_ax0, v_ax1, v_ax2, v_ax3, v_ax4] = conv2d_NCHWc[v_ax0, v_ax1, v_ax2, v_ax3, v_ax4] + p2[v_ax0, v_ax1, T.int64(0), T.int64(0), v_ax4]
b0 = sch.get_block(name="conv2d_NCHWc", func_name="main")
b1 = sch.get_block(name="root", func_name="main")
sch.annotate(block_or_loop=b0, ann_key="meta_schedule.tiling_structure", ann_val="SSRSRS")
l2, l3, l4, l5, l6, l7, l8, l9 = sch.get_loops(block=b0)
v10, v11, v12, v13 = sch.sample_perfect_tile(loop=l2, n=4, max_innermost_factor=64, decision=[1, 1, 1, 1])
l14, l15, l16, l17 = sch.split(loop=l2, factors=[v10, v11, v12, v13], preserve_unit_iters=True, disable_predication=False)
v18, v19, v20, v21 = sch.sample_perfect_tile(loop=l3, n=4, max_innermost_factor=64, decision=[3, 1, 4, 1])
l22, l23, l24, l25 = sch.split(loop=l3, factors=[v18, v19, v20, v21], preserve_unit_iters=True, disable_predication=False)
v26, v27, v28, v29 = sch.sample_perfect_tile(loop=l4, n=4, max_innermost_factor=64, decision=[2, 1, 1, 1])
l30, l31, l32, l33 = sch.split(loop=l4, factors=[v26, v27, v28, v29], preserve_unit_iters=True, disable_predication=False)
v34, v35, v36, v37 = sch.sample_perfect_tile(loop=l5, n=4, max_innermost_factor=64, decision=[1, 1, 1, 2])
l38, l39, l40, l41 = sch.split(loop=l5, factors=[v34, v35, v36, v37], preserve_unit_iters=True, disable_predication=False)
v42, v43, v44, v45 = sch.sample_perfect_tile(loop=l6, n=4, max_innermost_factor=64, decision=[2, 4, 1, 1])
l46, l47, l48, l49 = sch.split(loop=l6, factors=[v42, v43, v44, v45], preserve_unit_iters=True, disable_predication=False)
v50, v51 = sch.sample_perfect_tile(loop=l7, n=2, max_innermost_factor=64, decision=[48, 8])
l52, l53 = sch.split(loop=l7, factors=[v50, v51], preserve_unit_iters=True, disable_predication=False)
v54, v55 = sch.sample_perfect_tile(loop=l8, n=2, max_innermost_factor=64, decision=[1, 1])
l56, l57 = sch.split(loop=l8, factors=[v54, v55], preserve_unit_iters=True, disable_predication=False)
v58, v59 = sch.sample_perfect_tile(loop=l9, n=2, max_innermost_factor=64, decision=[1, 1])
l60, l61 = sch.split(loop=l9, factors=[v58, v59], preserve_unit_iters=True, disable_predication=False)
sch.reorder(l14, l22, l30, l38, l46, l15, l23, l31, l39, l47, l52, l56, l60, l16, l24, l32, l40, l48, l53, l57, l61, l17, l25, l33, l41, l49)
sch.annotate(block_or_loop=b1, ann_key="meta_schedule.parallel", ann_val=96)
sch.annotate(block_or_loop=b1, ann_key="meta_schedule.vectorize", ann_val=64)
v62 = sch.sample_categorical(candidates=[0, 16, 64, 512], probs=[0.25, 0.25, 0.25, 0.25], decision=1)
sch.annotate(block_or_loop=b1, ann_key="meta_schedule.unroll_explicit", ann_val=v62)
2024-05-21 09:36:57 [INFO] [task_scheduler.cc:170] Design space #1:
# from tvm.script import ir as I
# from tvm.script import tir as T

@I.ir_module
class Module:
    @T.prim_func
    def main(p0: T.Buffer((T.int64(1), T.int64(48), T.int64(2), T.int64(2), T.int64(8)), "float32"), p1: T.Buffer((T.int64(12), T.int64(48), T.int64(1), T.int64(1), T.int64(8), T.int64(8)), "float32"), p2: T.Buffer((T.int64(1), T.int64(12), T.int64(1), T.int64(1), T.int64(8)), "float32"), T_add: T.Buffer((T.int64(1), T.int64(12), T.int64(2), T.int64(2), T.int64(8)), "float32")):
        T.func_attr({"tir.noalias": T.bool(True)})
        with T.block("root"):
            T.reads()
            T.writes()
            T.block_attr({"meta_schedule.parallel": 96, "meta_schedule.unroll_explicit": 0, "meta_schedule.vectorize": 64})
            conv2d_NCHWc = T.alloc_buffer((T.int64(1), T.int64(12), T.int64(2), T.int64(2), T.int64(8)))
            for n_0, oc_chunk_0, oh_0, ow_0, oc_block_0, n_1, oc_chunk_1, oh_1, ow_1, oc_block_1 in T.grid(T.int64(1), T.int64(3), T.int64(2), T.int64(1), T.int64(2), T.int64(1), T.int64(1), T.int64(1), T.int64(1), T.int64(4)):
                for ic_0, kh_0, kw_0, n_2, oc_chunk_2, oh_2, ow_2, oc_block_2, ic_1, kh_1, kw_1, n_3, oc_chunk_3, oh_3, ow_3, oc_block_3 in T.grid(T.int64(48), T.int64(1), T.int64(1), T.int64(1), T.int64(4), T.int64(1), T.int64(1), T.int64(1), T.int64(8), T.int64(1), T.int64(1), T.int64(1), T.int64(1), T.int64(1), T.int64(2), T.int64(1)):
                    with T.block("conv2d_NCHWc"):
                        v_n = T.axis.spatial(T.int64(1), n_0 + n_1 + n_2 + n_3)
                        v_oc_chunk = T.axis.spatial(T.int64(12), oc_chunk_0 * T.int64(4) + oc_chunk_1 * T.int64(4) + oc_chunk_2 + oc_chunk_3)
                        v_oh = T.axis.spatial(T.int64(2), oh_0 + oh_1 + oh_2 + oh_3)
                        v_ow = T.axis.spatial(T.int64(2), ow_0 * T.int64(2) + ow_1 * T.int64(2) + ow_2 * T.int64(2) + ow_3)
                        v_oc_block = T.axis.spatial(T.int64(8), oc_block_0 * T.int64(4) + oc_block_1 + oc_block_2 + oc_block_3)
                        v_ic = T.axis.reduce(T.int64(384), ic_0 * T.int64(8) + ic_1)
                        v_kh = T.axis.reduce(T.int64(1), kh_0 + kh_1)
                        v_kw = T.axis.reduce(T.int64(1), kw_0 + kw_1)
                        T.reads(p0[v_n, v_ic // T.int64(8), v_oh + v_kh, v_ow + v_kw, v_ic % T.int64(8)], p1[v_oc_chunk, v_ic // T.int64(8), v_kh, v_kw, v_ic % T.int64(8), v_oc_block])
                        T.writes(conv2d_NCHWc[v_n, v_oc_chunk, v_oh, v_ow, v_oc_block])
                        T.block_attr({"meta_schedule.tiling_structure": "SSRSRS"})
                        with T.init():
                            conv2d_NCHWc[v_n, v_oc_chunk, v_oh, v_ow, v_oc_block] = T.float32(0)
                        conv2d_NCHWc[v_n, v_oc_chunk, v_oh, v_ow, v_oc_block] = conv2d_NCHWc[v_n, v_oc_chunk, v_oh, v_ow, v_oc_block] + p0[v_n, v_ic // T.int64(8), v_oh + v_kh, v_ow + v_kw, v_ic % T.int64(8)] * p1[v_oc_chunk, v_ic // T.int64(8), v_kh, v_kw, v_ic % T.int64(8), v_oc_block]
                for ax0, ax1, ax2, ax3, ax4 in T.grid(T.int64(1), T.int64(4), T.int64(1), T.int64(2), T.int64(1)):
                    with T.block("T_add"):
                        v_ax0 = T.axis.spatial(T.int64(1), ax0)
                        v_ax1 = T.axis.spatial(T.int64(12), oc_chunk_0 * T.int64(4) + ax1)
                        v_ax2 = T.axis.spatial(T.int64(2), oh_0 + ax2)
                        v_ax3 = T.axis.spatial(T.int64(2), ax3)
                        v_ax4 = T.axis.spatial(T.int64(8), oc_block_0 * T.int64(4) + oc_block_1 + ax4)
                        T.reads(conv2d_NCHWc[v_ax0, v_ax1, v_ax2, v_ax3, v_ax4], p2[v_ax0, v_ax1, T.int64(0), T.int64(0), v_ax4])
                        T.writes(T_add[v_ax0, v_ax1, v_ax2, v_ax3, v_ax4])
                        T_add[v_ax0, v_ax1, v_ax2, v_ax3, v_ax4] = conv2d_NCHWc[v_ax0, v_ax1, v_ax2, v_ax3, v_ax4] + p2[v_ax0, v_ax1, T.int64(0), T.int64(0), v_ax4]
b0 = sch.get_block(name="conv2d_NCHWc", func_name="main")
b1 = sch.get_block(name="root", func_name="main")
sch.annotate(block_or_loop=b0, ann_key="meta_schedule.tiling_structure", ann_val="SSRSRS")
l2, l3, l4, l5, l6, l7, l8, l9 = sch.get_loops(block=b0)
v10, v11, v12, v13 = sch.sample_perfect_tile(loop=l2, n=4, max_innermost_factor=64, decision=[1, 1, 1, 1])
l14, l15, l16, l17 = sch.split(loop=l2, factors=[v10, v11, v12, v13], preserve_unit_iters=True, disable_predication=False)
v18, v19, v20, v21 = sch.sample_perfect_tile(loop=l3, n=4, max_innermost_factor=64, decision=[3, 1, 4, 1])
l22, l23, l24, l25 = sch.split(loop=l3, factors=[v18, v19, v20, v21], preserve_unit_iters=True, disable_predication=False)
v26, v27, v28, v29 = sch.sample_perfect_tile(loop=l4, n=4, max_innermost_factor=64, decision=[2, 1, 1, 1])
l30, l31, l32, l33 = sch.split(loop=l4, factors=[v26, v27, v28, v29], preserve_unit_iters=True, disable_predication=False)
v34, v35, v36, v37 = sch.sample_perfect_tile(loop=l5, n=4, max_innermost_factor=64, decision=[1, 1, 1, 2])
l38, l39, l40, l41 = sch.split(loop=l5, factors=[v34, v35, v36, v37], preserve_unit_iters=True, disable_predication=False)
v42, v43, v44, v45 = sch.sample_perfect_tile(loop=l6, n=4, max_innermost_factor=64, decision=[2, 4, 1, 1])
l46, l47, l48, l49 = sch.split(loop=l6, factors=[v42, v43, v44, v45], preserve_unit_iters=True, disable_predication=False)
v50, v51 = sch.sample_perfect_tile(loop=l7, n=2, max_innermost_factor=64, decision=[48, 8])
l52, l53 = sch.split(loop=l7, factors=[v50, v51], preserve_unit_iters=True, disable_predication=False)
v54, v55 = sch.sample_perfect_tile(loop=l8, n=2, max_innermost_factor=64, decision=[1, 1])
l56, l57 = sch.split(loop=l8, factors=[v54, v55], preserve_unit_iters=True, disable_predication=False)
v58, v59 = sch.sample_perfect_tile(loop=l9, n=2, max_innermost_factor=64, decision=[1, 1])
l60, l61 = sch.split(loop=l9, factors=[v58, v59], preserve_unit_iters=True, disable_predication=False)
sch.reorder(l14, l22, l30, l38, l46, l15, l23, l31, l39, l47, l52, l56, l60, l16, l24, l32, l40, l48, l53, l57, l61, l17, l25, l33, l41, l49)
b62, = sch.get_consumers(block=b0)
sch.reverse_compute_at(block=b62, loop=l47, preserve_unit_loops=True, index=-1)
sch.annotate(block_or_loop=b1, ann_key="meta_schedule.parallel", ann_val=96)
sch.annotate(block_or_loop=b1, ann_key="meta_schedule.vectorize", ann_val=64)
v63 = sch.sample_categorical(candidates=[0, 16, 64, 512], probs=[0.25, 0.25, 0.25, 0.25], decision=0)
sch.annotate(block_or_loop=b1, ann_key="meta_schedule.unroll_explicit", ann_val=v63)
2024-05-21 09:36:57 [INFO] [task_scheduler.cc:170] Design space #2:
# from tvm.script import ir as I
# from tvm.script import tir as T

@I.ir_module
class Module:
    @T.prim_func
    def main(p0: T.Buffer((T.int64(1), T.int64(48), T.int64(2), T.int64(2), T.int64(8)), "float32"), p1: T.Buffer((T.int64(12), T.int64(48), T.int64(1), T.int64(1), T.int64(8), T.int64(8)), "float32"), p2: T.Buffer((T.int64(1), T.int64(12), T.int64(1), T.int64(1), T.int64(8)), "float32"), T_add: T.Buffer((T.int64(1), T.int64(12), T.int64(2), T.int64(2), T.int64(8)), "float32")):
        T.func_attr({"tir.noalias": T.bool(True)})
        with T.block("root"):
            T.reads()
            T.writes()
            T.block_attr({"meta_schedule.parallel": 96, "meta_schedule.unroll_explicit": 64, "meta_schedule.vectorize": 64})
            conv2d_NCHWc = T.alloc_buffer((T.int64(1), T.int64(12), T.int64(2), T.int64(2), T.int64(8)))
            for n_0, oc_chunk_0, oh_0, ow_0, oc_block_0 in T.grid(T.int64(1), T.int64(3), T.int64(2), T.int64(1), T.int64(2)):
                for n_1, oc_chunk_1, oh_1, ow_1, oc_block_1, ic_0, kh_0, kw_0, n_2, oc_chunk_2, oh_2, ow_2, oc_block_2, ic_1, kh_1, kw_1, n_3, oc_chunk_3, oh_3, ow_3, oc_block_3 in T.grid(T.int64(1), T.int64(1), T.int64(1), T.int64(1), T.int64(4), T.int64(48), T.int64(1), T.int64(1), T.int64(1), T.int64(4), T.int64(1), T.int64(1), T.int64(1), T.int64(8), T.int64(1), T.int64(1), T.int64(1), T.int64(1), T.int64(1), T.int64(2), T.int64(1)):
                    with T.block("conv2d_NCHWc"):
                        v_n = T.axis.spatial(T.int64(1), n_0 + n_1 + n_2 + n_3)
                        v_oc_chunk = T.axis.spatial(T.int64(12), oc_chunk_0 * T.int64(4) + oc_chunk_1 * T.int64(4) + oc_chunk_2 + oc_chunk_3)
                        v_oh = T.axis.spatial(T.int64(2), oh_0 + oh_1 + oh_2 + oh_3)
                        v_ow = T.axis.spatial(T.int64(2), ow_0 * T.int64(2) + ow_1 * T.int64(2) + ow_2 * T.int64(2) + ow_3)
                        v_oc_block = T.axis.spatial(T.int64(8), oc_block_0 * T.int64(4) + oc_block_1 + oc_block_2 + oc_block_3)
                        v_ic = T.axis.reduce(T.int64(384), ic_0 * T.int64(8) + ic_1)
                        v_kh = T.axis.reduce(T.int64(1), kh_0 + kh_1)
                        v_kw = T.axis.reduce(T.int64(1), kw_0 + kw_1)
                        T.reads(p0[v_n, v_ic // T.int64(8), v_oh + v_kh, v_ow + v_kw, v_ic % T.int64(8)], p1[v_oc_chunk, v_ic // T.int64(8), v_kh, v_kw, v_ic % T.int64(8), v_oc_block])
                        T.writes(conv2d_NCHWc[v_n, v_oc_chunk, v_oh, v_ow, v_oc_block])
                        T.block_attr({"meta_schedule.tiling_structure": "SSRSRS"})
                        with T.init():
                            conv2d_NCHWc[v_n, v_oc_chunk, v_oh, v_ow, v_oc_block] = T.float32(0)
                        conv2d_NCHWc[v_n, v_oc_chunk, v_oh, v_ow, v_oc_block] = conv2d_NCHWc[v_n, v_oc_chunk, v_oh, v_ow, v_oc_block] + p0[v_n, v_ic // T.int64(8), v_oh + v_kh, v_ow + v_kw, v_ic % T.int64(8)] * p1[v_oc_chunk, v_ic // T.int64(8), v_kh, v_kw, v_ic % T.int64(8), v_oc_block]
                for ax0, ax1, ax2, ax3, ax4 in T.grid(T.int64(1), T.int64(4), T.int64(1), T.int64(2), T.int64(4)):
                    with T.block("T_add"):
                        v_ax0 = T.axis.spatial(T.int64(1), ax0)
                        v_ax1 = T.axis.spatial(T.int64(12), oc_chunk_0 * T.int64(4) + ax1)
                        v_ax2 = T.axis.spatial(T.int64(2), oh_0 + ax2)
                        v_ax3 = T.axis.spatial(T.int64(2), ax3)
                        v_ax4 = T.axis.spatial(T.int64(8), oc_block_0 * T.int64(4) + ax4)
                        T.reads(conv2d_NCHWc[v_ax0, v_ax1, v_ax2, v_ax3, v_ax4], p2[v_ax0, v_ax1, T.int64(0), T.int64(0), v_ax4])
                        T.writes(T_add[v_ax0, v_ax1, v_ax2, v_ax3, v_ax4])
                        T_add[v_ax0, v_ax1, v_ax2, v_ax3, v_ax4] = conv2d_NCHWc[v_ax0, v_ax1, v_ax2, v_ax3, v_ax4] + p2[v_ax0, v_ax1, T.int64(0), T.int64(0), v_ax4]
b0 = sch.get_block(name="conv2d_NCHWc", func_name="main")
b1 = sch.get_block(name="root", func_name="main")
sch.annotate(block_or_loop=b0, ann_key="meta_schedule.tiling_structure", ann_val="SSRSRS")
l2, l3, l4, l5, l6, l7, l8, l9 = sch.get_loops(block=b0)
v10, v11, v12, v13 = sch.sample_perfect_tile(loop=l2, n=4, max_innermost_factor=64, decision=[1, 1, 1, 1])
l14, l15, l16, l17 = sch.split(loop=l2, factors=[v10, v11, v12, v13], preserve_unit_iters=True, disable_predication=False)
v18, v19, v20, v21 = sch.sample_perfect_tile(loop=l3, n=4, max_innermost_factor=64, decision=[3, 1, 4, 1])
l22, l23, l24, l25 = sch.split(loop=l3, factors=[v18, v19, v20, v21], preserve_unit_iters=True, disable_predication=False)
v26, v27, v28, v29 = sch.sample_perfect_tile(loop=l4, n=4, max_innermost_factor=64, decision=[2, 1, 1, 1])
l30, l31, l32, l33 = sch.split(loop=l4, factors=[v26, v27, v28, v29], preserve_unit_iters=True, disable_predication=False)
v34, v35, v36, v37 = sch.sample_perfect_tile(loop=l5, n=4, max_innermost_factor=64, decision=[1, 1, 1, 2])
l38, l39, l40, l41 = sch.split(loop=l5, factors=[v34, v35, v36, v37], preserve_unit_iters=True, disable_predication=False)
v42, v43, v44, v45 = sch.sample_perfect_tile(loop=l6, n=4, max_innermost_factor=64, decision=[2, 4, 1, 1])
l46, l47, l48, l49 = sch.split(loop=l6, factors=[v42, v43, v44, v45], preserve_unit_iters=True, disable_predication=False)
v50, v51 = sch.sample_perfect_tile(loop=l7, n=2, max_innermost_factor=64, decision=[48, 8])
l52, l53 = sch.split(loop=l7, factors=[v50, v51], preserve_unit_iters=True, disable_predication=False)
v54, v55 = sch.sample_perfect_tile(loop=l8, n=2, max_innermost_factor=64, decision=[1, 1])
l56, l57 = sch.split(loop=l8, factors=[v54, v55], preserve_unit_iters=True, disable_predication=False)
v58, v59 = sch.sample_perfect_tile(loop=l9, n=2, max_innermost_factor=64, decision=[1, 1])
l60, l61 = sch.split(loop=l9, factors=[v58, v59], preserve_unit_iters=True, disable_predication=False)
sch.reorder(l14, l22, l30, l38, l46, l15, l23, l31, l39, l47, l52, l56, l60, l16, l24, l32, l40, l48, l53, l57, l61, l17, l25, l33, l41, l49)
b62, = sch.get_consumers(block=b0)
sch.reverse_compute_at(block=b62, loop=l46, preserve_unit_loops=True, index=-1)
sch.annotate(block_or_loop=b1, ann_key="meta_schedule.parallel", ann_val=96)
sch.annotate(block_or_loop=b1, ann_key="meta_schedule.vectorize", ann_val=64)
v63 = sch.sample_categorical(candidates=[0, 16, 64, 512], probs=[0.25, 0.25, 0.25, 0.25], decision=2)
sch.annotate(block_or_loop=b1, ann_key="meta_schedule.unroll_explicit", ann_val=v63)
2024-05-21 10:13:13 [INFO] [evolutionary_search.cc:713] Generating candidates......
2024-05-21 10:13:13 [INFO] [evolutionary_search.cc:715] Picked top 0 candidate(s) from database
2024-05-21 10:13:14 [INFO] [evolutionary_search.cc:533] Sample-Init-Population summary:
Postproc #0 [meta_schedule.DisallowDynamicLoop(0xe82cbb8)]: 0 failure(s)
Postproc #1 [meta_schedule.RewriteParallelVectorizeUnroll(0xfa2ab08)]: 0 failure(s)
Postproc #2 [meta_schedule.RewriteReductionBlock(0xfb2a6d8)]: 0 failure(s)
Postproc #3 [meta_schedule.RewriteLayout(0xf6abfc8)]: 0 failure(s)
2024-05-21 10:13:14 [INFO] [evolutionary_search.cc:723] Sampled 512 candidate(s)
2024-05-21 10:13:14 [INFO] [evolutionary_search.cc:621] Evolve iter #0 done. Summary:
Postproc #0 [meta_schedule.DisallowDynamicLoop(0xe82cbb8)]: 0 failure(s)
Postproc #1 [meta_schedule.RewriteParallelVectorizeUnroll(0xfa2ab08)]: 0 failure(s)
Postproc #2 [meta_schedule.RewriteReductionBlock(0xfb2a6d8)]: 0 failure(s)
Postproc #3 [meta_schedule.RewriteLayout(0xf6abfc8)]: 0 failure(s)
2024-05-21 10:13:15 [INFO] [evolutionary_search.cc:621] Evolve iter #1 done. Summary:
Postproc #0 [meta_schedule.DisallowDynamicLoop(0xe82cbb8)]: 0 failure(s)
Postproc #1 [meta_schedule.RewriteParallelVectorizeUnroll(0xfa2ab08)]: 0 failure(s)
Postproc #2 [meta_schedule.RewriteReductionBlock(0xfb2a6d8)]: 0 failure(s)
Postproc #3 [meta_schedule.RewriteLayout(0xf6abfc8)]: 0 failure(s)
2024-05-21 10:13:16 [INFO] [evolutionary_search.cc:621] Evolve iter #2 done. Summary:
Postproc #0 [meta_schedule.DisallowDynamicLoop(0xe82cbb8)]: 0 failure(s)
Postproc #1 [meta_schedule.RewriteParallelVectorizeUnroll(0xfa2ab08)]: 0 failure(s)
Postproc #2 [meta_schedule.RewriteReductionBlock(0xfb2a6d8)]: 0 failure(s)
Postproc #3 [meta_schedule.RewriteLayout(0xf6abfc8)]: 0 failure(s)
2024-05-21 10:13:17 [INFO] [evolutionary_search.cc:621] Evolve iter #3 done. Summary:
Postproc #0 [meta_schedule.DisallowDynamicLoop(0xe82cbb8)]: 0 failure(s)
Postproc #1 [meta_schedule.RewriteParallelVectorizeUnroll(0xfa2ab08)]: 0 failure(s)
Postproc #2 [meta_schedule.RewriteReductionBlock(0xfb2a6d8)]: 0 failure(s)
Postproc #3 [meta_schedule.RewriteLayout(0xf6abfc8)]: 0 failure(s)
2024-05-21 10:13:17 [INFO] [evolutionary_search.cc:649] Scores of the best 64 candidates:
[1 : 16]:	0.9999  0.9998  0.9998  0.9992  0.9992  0.9989  0.9982  0.9979  0.9979  0.9970  0.9965  0.9958  0.9954  0.9952  0.9949  0.9947
[17 : 32]:	0.9944  0.9940  0.9938  0.9933  0.9928  0.9916  0.9913  0.9909  0.9895  0.9888  0.9887  0.9866  0.9864  0.9864  0.9862  0.9861
[33 : 48]:	0.9847  0.9846  0.9838  0.9838  0.9835  0.9834  0.9826  0.9821  0.9820  0.9819  0.9818  0.9818  0.9815  0.9815  0.9814  0.9810
[49 : 64]:	0.9807  0.9802  0.9801  0.9799  0.9799  0.9789  0.9787  0.9783  0.9781  0.9780  0.9776  0.9776  0.9764  0.9758  0.9757  0.9749
2024-05-21 10:13:17 [INFO] [evolutionary_search.cc:727] Got 64 candidate(s) with evolutionary search
2024-05-21 10:13:17 [INFO] [evolutionary_search.cc:730] Sending 64 candidates(s) for measurement
2024-05-21 10:34:56 [INFO] [task_scheduler.cc:131] [Task #20: fused_nn_contrib_conv2d_NCHWc_add_4] Trial #1: GFLOPs: 7.2444. Time: 40.7618 us. Best GFLOPs: 7.2444
2024-05-21 10:34:56 [INFO] [task_scheduler.cc:131] [Task #20: fused_nn_contrib_conv2d_NCHWc_add_4] Trial #2: GFLOPs: 19.4657. Time: 15.1700 us. Best GFLOPs: 19.4657
2024-05-21 10:34:56 [INFO] [task_scheduler.cc:131] [Task #20: fused_nn_contrib_conv2d_NCHWc_add_4] Trial #3: GFLOPs: 7.8402. Time: 37.6644 us. Best GFLOPs: 19.4657
2024-05-21 10:34:56 [INFO] [task_scheduler.cc:131] [Task #20: fused_nn_contrib_conv2d_NCHWc_add_4] Trial #4: GFLOPs: 15.8037. Time: 18.6852 us. Best GFLOPs: 19.4657
2024-05-21 10:34:56 [INFO] [task_scheduler.cc:131] [Task #20: fused_nn_contrib_conv2d_NCHWc_add_4] Trial #5: GFLOPs: 45.4988. Time: 6.4902 us. Best GFLOPs: 45.4988
2024-05-21 10:34:56 [INFO] [task_scheduler.cc:131] [Task #20: fused_nn_contrib_conv2d_NCHWc_add_4] Trial #6: GFLOPs: 16.9340. Time: 17.4380 us. Best GFLOPs: 45.4988
2024-05-21 10:34:56 [INFO] [task_scheduler.cc:131] [Task #20: fused_nn_contrib_conv2d_NCHWc_add_4] Trial #7: GFLOPs: 8.1573. Time: 36.2000 us. Best GFLOPs: 45.4988
2024-05-21 10:34:56 [INFO] [task_scheduler.cc:131] [Task #20: fused_nn_contrib_conv2d_NCHWc_add_4] Trial #8: GFLOPs: 9.8196. Time: 30.0722 us. Best GFLOPs: 45.4988
2024-05-21 10:34:56 [INFO] [task_scheduler.cc:131] [Task #20: fused_nn_contrib_conv2d_NCHWc_add_4] Trial #9: GFLOPs: 12.4566. Time: 23.7061 us. Best GFLOPs: 45.4988
2024-05-21 10:34:56 [INFO] [task_scheduler.cc:131] [Task #20: fused_nn_contrib_conv2d_NCHWc_add_4] Trial #10: GFLOPs: 1.5415. Time: 191.5587 us. Best GFLOPs: 45.4988
2024-05-21 10:34:56 [INFO] [task_scheduler.cc:131] [Task #20: fused_nn_contrib_conv2d_NCHWc_add_4] Trial #11: GFLOPs: 24.5088. Time: 12.0486 us. Best GFLOPs: 45.4988
2024-05-21 10:34:56 [INFO] [task_scheduler.cc:131] [Task #20: fused_nn_contrib_conv2d_NCHWc_add_4] Trial #12: GFLOPs: 11.9918. Time: 24.6249 us. Best GFLOPs: 45.4988
2024-05-21 10:34:56 [INFO] [task_scheduler.cc:131] [Task #20: fused_nn_contrib_conv2d_NCHWc_add_4] Trial #13: GFLOPs: 8.6443. Time: 34.1607 us. Best GFLOPs: 45.4988
2024-05-21 10:34:56 [INFO] [task_scheduler.cc:131] [Task #20: fused_nn_contrib_conv2d_NCHWc_add_4] Trial #14: GFLOPs: 16.4668. Time: 17.9329 us. Best GFLOPs: 45.4988
2024-05-21 10:34:56 [INFO] [task_scheduler.cc:131] [Task #20: fused_nn_contrib_conv2d_NCHWc_add_4] Trial #15: GFLOPs: 11.0001. Time: 26.8449 us. Best GFLOPs: 45.4988
2024-05-21 10:34:56 [INFO] [task_scheduler.cc:131] [Task #20: fused_nn_contrib_conv2d_NCHWc_add_4] Trial #16: GFLOPs: 10.3547. Time: 28.5182 us. Best GFLOPs: 45.4988
2024-05-21 10:34:56 [INFO] [task_scheduler.cc:131] [Task #20: fused_nn_contrib_conv2d_NCHWc_add_4] Trial #17: GFLOPs: 18.5481. Time: 15.9206 us. Best GFLOPs: 45.4988
2024-05-21 10:34:56 [INFO] [task_scheduler.cc:131] [Task #20: fused_nn_contrib_conv2d_NCHWc_add_4] Trial #18: GFLOPs: 13.2866. Time: 22.2251 us. Best GFLOPs: 45.4988
2024-05-21 10:34:56 [INFO] [task_scheduler.cc:131] [Task #20: fused_nn_contrib_conv2d_NCHWc_add_4] Trial #19: GFLOPs: 43.7213. Time: 6.7541 us. Best GFLOPs: 45.4988
2024-05-21 10:34:56 [INFO] [task_scheduler.cc:131] [Task #20: fused_nn_contrib_conv2d_NCHWc_add_4] Trial #20: GFLOPs: 8.9011. Time: 33.1752 us. Best GFLOPs: 45.4988
2024-05-21 10:34:56 [INFO] [task_scheduler.cc:131] [Task #20: fused_nn_contrib_conv2d_NCHWc_add_4] Trial #21: GFLOPs: 22.1111. Time: 13.3551 us. Best GFLOPs: 45.4988
2024-05-21 10:34:56 [INFO] [task_scheduler.cc:131] [Task #20: fused_nn_contrib_conv2d_NCHWc_add_4] Trial #22: GFLOPs: 17.8252. Time: 16.5662 us. Best GFLOPs: 45.4988
2024-05-21 10:34:56 [INFO] [task_scheduler.cc:131] [Task #20: fused_nn_contrib_conv2d_NCHWc_add_4] Trial #23: GFLOPs: 18.3220. Time: 16.1171 us. Best GFLOPs: 45.4988
2024-05-21 10:34:56 [INFO] [task_scheduler.cc:131] [Task #20: fused_nn_contrib_conv2d_NCHWc_add_4] Trial #24: GFLOPs: 20.5686. Time: 14.3566 us. Best GFLOPs: 45.4988
2024-05-21 10:34:56 [INFO] [task_scheduler.cc:131] [Task #20: fused_nn_contrib_conv2d_NCHWc_add_4] Trial #25: GFLOPs: 28.2987. Time: 10.4350 us. Best GFLOPs: 45.4988
2024-05-21 10:34:56 [INFO] [task_scheduler.cc:131] [Task #20: fused_nn_contrib_conv2d_NCHWc_add_4] Trial #26: GFLOPs: 25.5821. Time: 11.5431 us. Best GFLOPs: 45.4988
2024-05-21 10:34:56 [INFO] [task_scheduler.cc:131] [Task #20: fused_nn_contrib_conv2d_NCHWc_add_4] Trial #27: GFLOPs: 8.9661. Time: 32.9348 us. Best GFLOPs: 45.4988
2024-05-21 10:34:56 [INFO] [task_scheduler.cc:131] [Task #20: fused_nn_contrib_conv2d_NCHWc_add_4] Trial #28: GFLOPs: 25.3032. Time: 11.6703 us. Best GFLOPs: 45.4988
2024-05-21 10:34:56 [INFO] [task_scheduler.cc:131] [Task #20: fused_nn_contrib_conv2d_NCHWc_add_4] Trial #29: GFLOPs: 11.0791. Time: 26.6534 us. Best GFLOPs: 45.4988
2024-05-21 10:34:56 [INFO] [task_scheduler.cc:131] [Task #20: fused_nn_contrib_conv2d_NCHWc_add_4] Trial #30: GFLOPs: 14.2152. Time: 20.7732 us. Best GFLOPs: 45.4988
2024-05-21 10:34:56 [INFO] [task_scheduler.cc:131] [Task #20: fused_nn_contrib_conv2d_NCHWc_add_4] Trial #31: GFLOPs: 54.3776. Time: 5.4305 us. Best GFLOPs: 54.3776
2024-05-21 10:34:56 [INFO] [task_scheduler.cc:131] [Task #20: fused_nn_contrib_conv2d_NCHWc_add_4] Trial #32: GFLOPs: 10.3536. Time: 28.5212 us. Best GFLOPs: 54.3776
2024-05-21 10:34:56 [INFO] [task_scheduler.cc:131] [Task #20: fused_nn_contrib_conv2d_NCHWc_add_4] Trial #33: GFLOPs: 19.9374. Time: 14.8111 us. Best GFLOPs: 54.3776
2024-05-21 10:34:56 [INFO] [task_scheduler.cc:131] [Task #20: fused_nn_contrib_conv2d_NCHWc_add_4] Trial #34: GFLOPs: 16.1550. Time: 18.2789 us. Best GFLOPs: 54.3776
2024-05-21 10:34:56 [INFO] [task_scheduler.cc:131] [Task #20: fused_nn_contrib_conv2d_NCHWc_add_4] Trial #35: GFLOPs: 9.3058. Time: 31.7325 us. Best GFLOPs: 54.3776
2024-05-21 10:34:56 [INFO] [task_scheduler.cc:131] [Task #20: fused_nn_contrib_conv2d_NCHWc_add_4] Trial #36: GFLOPs: 24.7742. Time: 11.9195 us. Best GFLOPs: 54.3776
2024-05-21 10:34:56 [INFO] [task_scheduler.cc:131] [Task #20: fused_nn_contrib_conv2d_NCHWc_add_4] Trial #37: GFLOPs: 33.7239. Time: 8.7563 us. Best GFLOPs: 54.3776
2024-05-21 10:34:56 [INFO] [task_scheduler.cc:131] [Task #20: fused_nn_contrib_conv2d_NCHWc_add_4] Trial #38: GFLOPs: 46.6065. Time: 6.3359 us. Best GFLOPs: 54.3776
2024-05-21 10:34:56 [INFO] [task_scheduler.cc:131] [Task #20: fused_nn_contrib_conv2d_NCHWc_add_4] Trial #39: GFLOPs: 18.0036. Time: 16.4021 us. Best GFLOPs: 54.3776
2024-05-21 10:34:56 [INFO] [task_scheduler.cc:131] [Task #20: fused_nn_contrib_conv2d_NCHWc_add_4] Trial #40: GFLOPs: 20.2406. Time: 14.5893 us. Best GFLOPs: 54.3776
2024-05-21 10:34:56 [INFO] [task_scheduler.cc:131] [Task #20: fused_nn_contrib_conv2d_NCHWc_add_4] Trial #41: GFLOPs: 9.8900. Time: 29.8582 us. Best GFLOPs: 54.3776
2024-05-21 10:34:56 [INFO] [task_scheduler.cc:131] [Task #20: fused_nn_contrib_conv2d_NCHWc_add_4] Trial #42: GFLOPs: 25.3181. Time: 11.6634 us. Best GFLOPs: 54.3776
2024-05-21 10:34:56 [INFO] [task_scheduler.cc:131] [Task #20: fused_nn_contrib_conv2d_NCHWc_add_4] Trial #43: GFLOPs: 35.1747. Time: 8.3951 us. Best GFLOPs: 54.3776
2024-05-21 10:34:56 [INFO] [task_scheduler.cc:131] [Task #20: fused_nn_contrib_conv2d_NCHWc_add_4] Trial #44: GFLOPs: 18.2956. Time: 16.1402 us. Best GFLOPs: 54.3776
2024-05-21 10:34:56 [INFO] [task_scheduler.cc:131] [Task #20: fused_nn_contrib_conv2d_NCHWc_add_4] Trial #45: GFLOPs: 18.0770. Time: 16.3355 us. Best GFLOPs: 54.3776
2024-05-21 10:34:56 [INFO] [task_scheduler.cc:131] [Task #20: fused_nn_contrib_conv2d_NCHWc_add_4] Trial #46: GFLOPs: 25.7184. Time: 11.4819 us. Best GFLOPs: 54.3776
2024-05-21 10:34:56 [INFO] [task_scheduler.cc:131] [Task #20: fused_nn_contrib_conv2d_NCHWc_add_4] Trial #47: GFLOPs: 34.5591. Time: 8.5447 us. Best GFLOPs: 54.3776
2024-05-21 10:34:56 [INFO] [task_scheduler.cc:131] [Task #20: fused_nn_contrib_conv2d_NCHWc_add_4] Trial #48: GFLOPs: 24.7400. Time: 11.9360 us. Best GFLOPs: 54.3776
2024-05-21 10:34:56 [INFO] [task_scheduler.cc:131] [Task #20: fused_nn_contrib_conv2d_NCHWc_add_4] Trial #49: GFLOPs: 16.5372. Time: 17.8565 us. Best GFLOPs: 54.3776
2024-05-21 10:34:56 [INFO] [task_scheduler.cc:131] [Task #20: fused_nn_contrib_conv2d_NCHWc_add_4] Trial #50: GFLOPs: 12.7800. Time: 23.1062 us. Best GFLOPs: 54.3776
2024-05-21 10:34:56 [INFO] [task_scheduler.cc:131] [Task #20: fused_nn_contrib_conv2d_NCHWc_add_4] Trial #51: GFLOPs: 8.8097. Time: 33.5196 us. Best GFLOPs: 54.3776
2024-05-21 10:34:56 [INFO] [task_scheduler.cc:131] [Task #20: fused_nn_contrib_conv2d_NCHWc_add_4] Trial #52: GFLOPs: 4.4715. Time: 66.0394 us. Best GFLOPs: 54.3776
2024-05-21 10:34:56 [INFO] [task_scheduler.cc:131] [Task #20: fused_nn_contrib_conv2d_NCHWc_add_4] Trial #53: GFLOPs: 8.2998. Time: 35.5788 us. Best GFLOPs: 54.3776
2024-05-21 10:34:56 [INFO] [task_scheduler.cc:131] [Task #20: fused_nn_contrib_conv2d_NCHWc_add_4] Trial #54: GFLOPs: 9.0257. Time: 32.7174 us. Best GFLOPs: 54.3776
2024-05-21 10:34:56 [INFO] [task_scheduler.cc:131] [Task #20: fused_nn_contrib_conv2d_NCHWc_add_4] Trial #55: GFLOPs: 7.4033. Time: 39.8870 us. Best GFLOPs: 54.3776
2024-05-21 10:34:56 [INFO] [task_scheduler.cc:131] [Task #20: fused_nn_contrib_conv2d_NCHWc_add_4] Trial #56: GFLOPs: 23.3472. Time: 12.6480 us. Best GFLOPs: 54.3776
2024-05-21 10:34:56 [INFO] [task_scheduler.cc:131] [Task #20: fused_nn_contrib_conv2d_NCHWc_add_4] Trial #57: GFLOPs: 17.5911. Time: 16.7866 us. Best GFLOPs: 54.3776
2024-05-21 10:34:56 [INFO] [task_scheduler.cc:131] [Task #20: fused_nn_contrib_conv2d_NCHWc_add_4] Trial #58: GFLOPs: 20.9269. Time: 14.1108 us. Best GFLOPs: 54.3776
2024-05-21 10:34:56 [INFO] [task_scheduler.cc:131] [Task #20: fused_nn_contrib_conv2d_NCHWc_add_4] Trial #59: GFLOPs: 0.9937. Time: 297.1812 us. Best GFLOPs: 54.3776
2024-05-21 10:34:56 [INFO] [task_scheduler.cc:131] [Task #20: fused_nn_contrib_conv2d_NCHWc_add_4] Trial #60: GFLOPs: 8.9467. Time: 33.0062 us. Best GFLOPs: 54.3776
2024-05-21 10:34:56 [INFO] [task_scheduler.cc:131] [Task #20: fused_nn_contrib_conv2d_NCHWc_add_4] Trial #61: GFLOPs: 19.5953. Time: 15.0697 us. Best GFLOPs: 54.3776
2024-05-21 10:34:56 [INFO] [task_scheduler.cc:131] [Task #20: fused_nn_contrib_conv2d_NCHWc_add_4] Trial #62: GFLOPs: 22.8010. Time: 12.9510 us. Best GFLOPs: 54.3776
2024-05-21 10:34:56 [INFO] [task_scheduler.cc:131] [Task #20: fused_nn_contrib_conv2d_NCHWc_add_4] Trial #63: GFLOPs: 20.4527. Time: 14.4380 us. Best GFLOPs: 54.3776
2024-05-21 10:34:56 [INFO] [task_scheduler.cc:131] [Task #20: fused_nn_contrib_conv2d_NCHWc_add_4] Trial #64: GFLOPs: 19.4104. Time: 15.2133 us. Best GFLOPs: 54.3776
2024-05-21 11:30:33 [INFO] [evolutionary_search.cc:713] Generating candidates......
2024-05-21 11:30:33 [INFO] [evolutionary_search.cc:715] Picked top 64 candidate(s) from database
2024-05-21 11:30:33 [INFO] [evolutionary_search.cc:533] Sample-Init-Population summary:
Postproc #0 [meta_schedule.DisallowDynamicLoop(0xe82cbb8)]: 0 failure(s)
Postproc #1 [meta_schedule.RewriteParallelVectorizeUnroll(0xfa2ab08)]: 0 failure(s)
Postproc #2 [meta_schedule.RewriteReductionBlock(0xfb2a6d8)]: 0 failure(s)
Postproc #3 [meta_schedule.RewriteLayout(0xf6abfc8)]: 0 failure(s)
2024-05-21 11:30:33 [INFO] [evolutionary_search.cc:723] Sampled 448 candidate(s)
2024-05-21 11:30:35 [INFO] [evolutionary_search.cc:621] Evolve iter #0 done. Summary:
Postproc #0 [meta_schedule.DisallowDynamicLoop(0xe82cbb8)]: 0 failure(s)
Postproc #1 [meta_schedule.RewriteParallelVectorizeUnroll(0xfa2ab08)]: 0 failure(s)
Postproc #2 [meta_schedule.RewriteReductionBlock(0xfb2a6d8)]: 0 failure(s)
Postproc #3 [meta_schedule.RewriteLayout(0xf6abfc8)]: 0 failure(s)
2024-05-21 11:30:37 [INFO] [evolutionary_search.cc:621] Evolve iter #1 done. Summary:
Postproc #0 [meta_schedule.DisallowDynamicLoop(0xe82cbb8)]: 0 failure(s)
Postproc #1 [meta_schedule.RewriteParallelVectorizeUnroll(0xfa2ab08)]: 0 failure(s)
Postproc #2 [meta_schedule.RewriteReductionBlock(0xfb2a6d8)]: 0 failure(s)
Postproc #3 [meta_schedule.RewriteLayout(0xf6abfc8)]: 0 failure(s)
2024-05-21 11:30:39 [INFO] [evolutionary_search.cc:621] Evolve iter #2 done. Summary:
Postproc #0 [meta_schedule.DisallowDynamicLoop(0xe82cbb8)]: 0 failure(s)
Postproc #1 [meta_schedule.RewriteParallelVectorizeUnroll(0xfa2ab08)]: 0 failure(s)
Postproc #2 [meta_schedule.RewriteReductionBlock(0xfb2a6d8)]: 0 failure(s)
Postproc #3 [meta_schedule.RewriteLayout(0xf6abfc8)]: 0 failure(s)
2024-05-21 11:30:41 [INFO] [evolutionary_search.cc:621] Evolve iter #3 done. Summary:
Postproc #0 [meta_schedule.DisallowDynamicLoop(0xe82cbb8)]: 0 failure(s)
Postproc #1 [meta_schedule.RewriteParallelVectorizeUnroll(0xfa2ab08)]: 0 failure(s)
Postproc #2 [meta_schedule.RewriteReductionBlock(0xfb2a6d8)]: 0 failure(s)
Postproc #3 [meta_schedule.RewriteLayout(0xf6abfc8)]: 0 failure(s)
2024-05-21 11:30:42 [INFO] [evolutionary_search.cc:649] Scores of the best 64 candidates:
[1 : 16]:	0.9408  0.9328  0.9262  0.8656  0.8621  0.8615  0.8538  0.8493  0.8489  0.8472  0.8407  0.8394  0.8376  0.8367  0.8360  0.8277
[17 : 32]:	0.8229  0.8198  0.8172  0.8171  0.8167  0.8116  0.8110  0.8100  0.8094  0.8092  0.8074  0.8064  0.8052  0.8032  0.8013  0.8006
[33 : 48]:	0.7992  0.7977  0.7935  0.7913  0.7906  0.7862  0.7859  0.7851  0.7843  0.7837  0.7833  0.7821  0.7816  0.7784  0.7784  0.7781
[49 : 64]:	0.7740  0.7722  0.7681  0.7669  0.7669  0.7661  0.7636  0.7635  0.7627  0.7589  0.7559  0.7479  0.7453  0.7422  0.7390  0.7368
2024-05-21 11:30:42 [INFO] [evolutionary_search.cc:727] Got 64 candidate(s) with evolutionary search
2024-05-21 11:30:42 [INFO] [evolutionary_search.cc:730] Sending 64 candidates(s) for measurement
2024-05-21 11:32:13 [INFO] [task_scheduler.cc:131] [Task #20: fused_nn_contrib_conv2d_NCHWc_add_4] Trial #65: GFLOPs: 48.2412. Time: 6.1212 us. Best GFLOPs: 54.3776
2024-05-21 11:32:13 [INFO] [task_scheduler.cc:131] [Task #20: fused_nn_contrib_conv2d_NCHWc_add_4] Trial #66: GFLOPs: 51.3446. Time: 5.7513 us. Best GFLOPs: 54.3776
2024-05-21 11:32:13 [INFO] [task_scheduler.cc:131] [Task #20: fused_nn_contrib_conv2d_NCHWc_add_4] Trial #67: GFLOPs: 55.3984. Time: 5.3304 us. Best GFLOPs: 55.3984
2024-05-21 11:32:13 [INFO] [task_scheduler.cc:131] [Task #20: fused_nn_contrib_conv2d_NCHWc_add_4] Trial #68: GFLOPs: 89.3795. Time: 3.3038 us. Best GFLOPs: 89.3795
2024-05-21 11:32:13 [INFO] [task_scheduler.cc:131] [Task #20: fused_nn_contrib_conv2d_NCHWc_add_4] Trial #69: GFLOPs: 57.0002. Time: 5.1806 us. Best GFLOPs: 89.3795
2024-05-21 11:32:13 [INFO] [task_scheduler.cc:131] [Task #20: fused_nn_contrib_conv2d_NCHWc_add_4] Trial #70: GFLOPs: 38.4082. Time: 7.6884 us. Best GFLOPs: 89.3795
2024-05-21 11:32:13 [INFO] [task_scheduler.cc:131] [Task #20: fused_nn_contrib_conv2d_NCHWc_add_4] Trial #71: GFLOPs: 56.3405. Time: 5.2413 us. Best GFLOPs: 89.3795
2024-05-21 11:32:13 [INFO] [task_scheduler.cc:131] [Task #20: fused_nn_contrib_conv2d_NCHWc_add_4] Trial #72: GFLOPs: 65.6134. Time: 4.5005 us. Best GFLOPs: 89.3795
2024-05-21 11:32:13 [INFO] [task_scheduler.cc:131] [Task #20: fused_nn_contrib_conv2d_NCHWc_add_4] Trial #73: GFLOPs: 56.1404. Time: 5.2600 us. Best GFLOPs: 89.3795
2024-05-21 11:32:13 [INFO] [task_scheduler.cc:131] [Task #20: fused_nn_contrib_conv2d_NCHWc_add_4] Trial #74: GFLOPs: 40.8734. Time: 7.2247 us. Best GFLOPs: 89.3795
2024-05-21 11:32:13 [INFO] [task_scheduler.cc:131] [Task #20: fused_nn_contrib_conv2d_NCHWc_add_4] Trial #75: GFLOPs: 12.2725. Time: 24.0616 us. Best GFLOPs: 89.3795
2024-05-21 11:32:13 [INFO] [task_scheduler.cc:131] [Task #20: fused_nn_contrib_conv2d_NCHWc_add_4] Trial #76: GFLOPs: 42.9873. Time: 6.8694 us. Best GFLOPs: 89.3795
2024-05-21 11:32:13 [INFO] [task_scheduler.cc:131] [Task #20: fused_nn_contrib_conv2d_NCHWc_add_4] Trial #77: GFLOPs: 53.7103. Time: 5.4979 us. Best GFLOPs: 89.3795
2024-05-21 11:32:13 [INFO] [task_scheduler.cc:131] [Task #20: fused_nn_contrib_conv2d_NCHWc_add_4] Trial #78: GFLOPs: 52.9843. Time: 5.5733 us. Best GFLOPs: 89.3795
2024-05-21 11:32:13 [INFO] [task_scheduler.cc:131] [Task #20: fused_nn_contrib_conv2d_NCHWc_add_4] Trial #79: GFLOPs: 51.6965. Time: 5.7121 us. Best GFLOPs: 89.3795
2024-05-21 11:32:13 [INFO] [task_scheduler.cc:131] [Task #20: fused_nn_contrib_conv2d_NCHWc_add_4] Trial #80: GFLOPs: 77.9583. Time: 3.7879 us. Best GFLOPs: 89.3795
2024-05-21 11:32:13 [INFO] [task_scheduler.cc:131] [Task #20: fused_nn_contrib_conv2d_NCHWc_add_4] Trial #81: GFLOPs: 48.6376. Time: 6.0713 us. Best GFLOPs: 89.3795
2024-05-21 11:32:13 [INFO] [task_scheduler.cc:131] [Task #20: fused_nn_contrib_conv2d_NCHWc_add_4] Trial #82: GFLOPs: 46.3802. Time: 6.3669 us. Best GFLOPs: 89.3795
2024-05-21 11:32:13 [INFO] [task_scheduler.cc:131] [Task #20: fused_nn_contrib_conv2d_NCHWc_add_4] Trial #83: GFLOPs: 42.8361. Time: 6.8936 us. Best GFLOPs: 89.3795
2024-05-21 11:32:13 [INFO] [task_scheduler.cc:131] [Task #20: fused_nn_contrib_conv2d_NCHWc_add_4] Trial #84: GFLOPs: 46.7081. Time: 6.3222 us. Best GFLOPs: 89.3795
2024-05-21 11:32:13 [INFO] [task_scheduler.cc:131] [Task #20: fused_nn_contrib_conv2d_NCHWc_add_4] Trial #85: GFLOPs: 53.7067. Time: 5.4983 us. Best GFLOPs: 89.3795
2024-05-21 11:32:13 [INFO] [task_scheduler.cc:131] [Task #20: fused_nn_contrib_conv2d_NCHWc_add_4] Trial #86: GFLOPs: 46.3804. Time: 6.3668 us. Best GFLOPs: 89.3795
2024-05-21 11:32:13 [INFO] [task_scheduler.cc:131] [Task #20: fused_nn_contrib_conv2d_NCHWc_add_4] Trial #87: GFLOPs: 10.3205. Time: 28.6126 us. Best GFLOPs: 89.3795
2024-05-21 11:32:13 [INFO] [task_scheduler.cc:131] [Task #20: fused_nn_contrib_conv2d_NCHWc_add_4] Trial #88: GFLOPs: 59.9116. Time: 4.9289 us. Best GFLOPs: 89.3795
2024-05-21 11:32:13 [INFO] [task_scheduler.cc:131] [Task #20: fused_nn_contrib_conv2d_NCHWc_add_4] Trial #89: GFLOPs: 48.5754. Time: 6.0791 us. Best GFLOPs: 89.3795
2024-05-21 11:32:13 [INFO] [task_scheduler.cc:131] [Task #20: fused_nn_contrib_conv2d_NCHWc_add_4] Trial #90: GFLOPs: 53.3696. Time: 5.5330 us. Best GFLOPs: 89.3795
2024-05-21 11:32:13 [INFO] [task_scheduler.cc:131] [Task #20: fused_nn_contrib_conv2d_NCHWc_add_4] Trial #91: GFLOPs: 45.6117. Time: 6.4741 us. Best GFLOPs: 89.3795
2024-05-21 11:32:13 [INFO] [task_scheduler.cc:131] [Task #20: fused_nn_contrib_conv2d_NCHWc_add_4] Trial #92: GFLOPs: 48.1633. Time: 6.1311 us. Best GFLOPs: 89.3795
2024-05-21 11:32:13 [INFO] [task_scheduler.cc:131] [Task #20: fused_nn_contrib_conv2d_NCHWc_add_4] Trial #93: GFLOPs: 44.6667. Time: 6.6111 us. Best GFLOPs: 89.3795
2024-05-21 11:32:13 [INFO] [task_scheduler.cc:131] [Task #20: fused_nn_contrib_conv2d_NCHWc_add_4] Trial #94: GFLOPs: 43.7675. Time: 6.7469 us. Best GFLOPs: 89.3795
2024-05-21 11:32:13 [INFO] [task_scheduler.cc:131] [Task #20: fused_nn_contrib_conv2d_NCHWc_add_4] Trial #95: GFLOPs: 12.3088. Time: 23.9906 us. Best GFLOPs: 89.3795
2024-05-21 11:32:13 [INFO] [task_scheduler.cc:131] [Task #20: fused_nn_contrib_conv2d_NCHWc_add_4] Trial #96: GFLOPs: 55.2995. Time: 5.3399 us. Best GFLOPs: 89.3795
2024-05-21 11:32:13 [INFO] [task_scheduler.cc:131] [Task #20: fused_nn_contrib_conv2d_NCHWc_add_4] Trial #97: GFLOPs: 55.0667. Time: 5.3625 us. Best GFLOPs: 89.3795
2024-05-21 11:32:13 [INFO] [task_scheduler.cc:131] [Task #20: fused_nn_contrib_conv2d_NCHWc_add_4] Trial #98: GFLOPs: 9.0573. Time: 32.6030 us. Best GFLOPs: 89.3795
2024-05-21 11:32:13 [INFO] [task_scheduler.cc:131] [Task #20: fused_nn_contrib_conv2d_NCHWc_add_4] Trial #99: GFLOPs: 39.4088. Time: 7.4932 us. Best GFLOPs: 89.3795
2024-05-21 11:32:13 [INFO] [task_scheduler.cc:131] [Task #20: fused_nn_contrib_conv2d_NCHWc_add_4] Trial #100: GFLOPs: 53.1787. Time: 5.5529 us. Best GFLOPs: 89.3795
2024-05-21 11:32:13 [INFO] [task_scheduler.cc:131] [Task #20: fused_nn_contrib_conv2d_NCHWc_add_4] Trial #101: GFLOPs: 53.3648. Time: 5.5335 us. Best GFLOPs: 89.3795
2024-05-21 11:32:13 [INFO] [task_scheduler.cc:131] [Task #20: fused_nn_contrib_conv2d_NCHWc_add_4] Trial #102: GFLOPs: 48.7247. Time: 6.0605 us. Best GFLOPs: 89.3795
2024-05-21 11:32:13 [INFO] [task_scheduler.cc:131] [Task #20: fused_nn_contrib_conv2d_NCHWc_add_4] Trial #103: GFLOPs: 52.0152. Time: 5.6771 us. Best GFLOPs: 89.3795
2024-05-21 11:32:13 [INFO] [task_scheduler.cc:131] [Task #20: fused_nn_contrib_conv2d_NCHWc_add_4] Trial #104: GFLOPs: 47.9055. Time: 6.1641 us. Best GFLOPs: 89.3795
2024-05-21 11:32:13 [INFO] [task_scheduler.cc:131] [Task #20: fused_nn_contrib_conv2d_NCHWc_add_4] Trial #105: GFLOPs: 44.5777. Time: 6.6243 us. Best GFLOPs: 89.3795
2024-05-21 11:32:13 [INFO] [task_scheduler.cc:131] [Task #20: fused_nn_contrib_conv2d_NCHWc_add_4] Trial #106: GFLOPs: 44.6015. Time: 6.6208 us. Best GFLOPs: 89.3795
2024-05-21 11:32:13 [INFO] [task_scheduler.cc:131] [Task #20: fused_nn_contrib_conv2d_NCHWc_add_4] Trial #107: GFLOPs: 37.2833. Time: 7.9203 us. Best GFLOPs: 89.3795
2024-05-21 11:32:13 [INFO] [task_scheduler.cc:131] [Task #20: fused_nn_contrib_conv2d_NCHWc_add_4] Trial #108: GFLOPs: 10.1079. Time: 29.2145 us. Best GFLOPs: 89.3795
2024-05-21 11:32:13 [INFO] [task_scheduler.cc:131] [Task #20: fused_nn_contrib_conv2d_NCHWc_add_4] Trial #109: GFLOPs: 62.5682. Time: 4.7196 us. Best GFLOPs: 89.3795
2024-05-21 11:32:13 [INFO] [task_scheduler.cc:131] [Task #20: fused_nn_contrib_conv2d_NCHWc_add_4] Trial #110: GFLOPs: 46.2121. Time: 6.3900 us. Best GFLOPs: 89.3795
2024-05-21 11:32:13 [INFO] [task_scheduler.cc:131] [Task #20: fused_nn_contrib_conv2d_NCHWc_add_4] Trial #111: GFLOPs: 43.9745. Time: 6.7152 us. Best GFLOPs: 89.3795
2024-05-21 11:32:13 [INFO] [task_scheduler.cc:131] [Task #20: fused_nn_contrib_conv2d_NCHWc_add_4] Trial #112: GFLOPs: 55.7104. Time: 5.3006 us. Best GFLOPs: 89.3795
2024-05-21 11:32:13 [INFO] [task_scheduler.cc:131] [Task #20: fused_nn_contrib_conv2d_NCHWc_add_4] Trial #113: GFLOPs: 33.0973. Time: 8.9221 us. Best GFLOPs: 89.3795
2024-05-21 11:32:13 [INFO] [task_scheduler.cc:131] [Task #20: fused_nn_contrib_conv2d_NCHWc_add_4] Trial #114: GFLOPs: 42.1837. Time: 7.0002 us. Best GFLOPs: 89.3795
2024-05-21 11:32:13 [INFO] [task_scheduler.cc:131] [Task #20: fused_nn_contrib_conv2d_NCHWc_add_4] Trial #115: GFLOPs: 52.5078. Time: 5.6239 us. Best GFLOPs: 89.3795
2024-05-21 11:32:13 [INFO] [task_scheduler.cc:131] [Task #20: fused_nn_contrib_conv2d_NCHWc_add_4] Trial #116: GFLOPs: 50.0145. Time: 5.9042 us. Best GFLOPs: 89.3795
2024-05-21 11:32:13 [INFO] [task_scheduler.cc:131] [Task #20: fused_nn_contrib_conv2d_NCHWc_add_4] Trial #117: GFLOPs: 48.4095. Time: 6.1000 us. Best GFLOPs: 89.3795
2024-05-21 11:32:13 [INFO] [task_scheduler.cc:131] [Task #20: fused_nn_contrib_conv2d_NCHWc_add_4] Trial #118: GFLOPs: 35.8064. Time: 8.2470 us. Best GFLOPs: 89.3795
2024-05-21 11:32:13 [INFO] [task_scheduler.cc:131] [Task #20: fused_nn_contrib_conv2d_NCHWc_add_4] Trial #119: GFLOPs: 47.5043. Time: 6.2162 us. Best GFLOPs: 89.3795
2024-05-21 11:32:13 [INFO] [task_scheduler.cc:131] [Task #20: fused_nn_contrib_conv2d_NCHWc_add_4] Trial #120: GFLOPs: 54.3892. Time: 5.4293 us. Best GFLOPs: 89.3795
2024-05-21 11:32:13 [INFO] [task_scheduler.cc:131] [Task #20: fused_nn_contrib_conv2d_NCHWc_add_4] Trial #121: GFLOPs: 41.3194. Time: 7.1467 us. Best GFLOPs: 89.3795
2024-05-21 11:32:13 [INFO] [task_scheduler.cc:131] [Task #20: fused_nn_contrib_conv2d_NCHWc_add_4] Trial #122: GFLOPs: 45.7953. Time: 6.4482 us. Best GFLOPs: 89.3795
2024-05-21 11:32:13 [INFO] [task_scheduler.cc:131] [Task #20: fused_nn_contrib_conv2d_NCHWc_add_4] Trial #123: GFLOPs: 42.7992. Time: 6.8996 us. Best GFLOPs: 89.3795
2024-05-21 11:32:13 [INFO] [task_scheduler.cc:131] [Task #20: fused_nn_contrib_conv2d_NCHWc_add_4] Trial #124: GFLOPs: 44.0243. Time: 6.7076 us. Best GFLOPs: 89.3795
2024-05-21 11:32:13 [INFO] [task_scheduler.cc:131] [Task #20: fused_nn_contrib_conv2d_NCHWc_add_4] Trial #125: GFLOPs: 66.0767. Time: 4.4690 us. Best GFLOPs: 89.3795
2024-05-21 11:32:13 [INFO] [task_scheduler.cc:131] [Task #20: fused_nn_contrib_conv2d_NCHWc_add_4] Trial #126: GFLOPs: 11.6802. Time: 25.2817 us. Best GFLOPs: 89.3795
2024-05-21 11:32:13 [INFO] [task_scheduler.cc:131] [Task #20: fused_nn_contrib_conv2d_NCHWc_add_4] Trial #127: GFLOPs: 25.0539. Time: 11.7864 us. Best GFLOPs: 89.3795
2024-05-21 11:32:13 [INFO] [task_scheduler.cc:131] [Task #20: fused_nn_contrib_conv2d_NCHWc_add_4] Trial #128: GFLOPs: 14.1414. Time: 20.8816 us. Best GFLOPs: 89.3795
