2024-05-21 09:36:57 [INFO] [task_scheduler.cc:160] Initializing Task #12: "fused_nn_contrib_depthwise_conv2d_NCHWc_add_clip_4"
2024-05-21 09:36:57 [INFO] [task_scheduler.cc:35] 
# from tvm.script import ir as I
# from tvm.script import tir as T

@I.ir_module
class Module:
    @T.prim_func
    def main(p0: T.Buffer((T.int64(1), T.int64(24), T.int64(4), T.int64(4), T.int64(8)), "float32"), p1: T.Buffer((T.int64(24), T.int64(1), T.int64(3), T.int64(3), T.int64(1), T.int64(8)), "float32"), p2: T.Buffer((T.int64(1), T.int64(24), T.int64(1), T.int64(1), T.int64(8)), "float32"), compute: T.Buffer((T.int64(1), T.int64(24), T.int64(4), T.int64(4), T.int64(8)), "float32")):
        T.func_attr({"tir.noalias": T.bool(True)})
        # with T.block("root"):
        PaddedInput = T.alloc_buffer((T.int64(1), T.int64(24), T.int64(6), T.int64(6), T.int64(8)))
        DepthwiseConv2d = T.alloc_buffer((T.int64(1), T.int64(24), T.int64(4), T.int64(4), T.int64(8)))
        T_add = T.alloc_buffer((T.int64(1), T.int64(24), T.int64(4), T.int64(4), T.int64(8)))
        for i0, i1, i2, i3, i4 in T.grid(T.int64(1), T.int64(24), T.int64(6), T.int64(6), T.int64(8)):
            with T.block("PaddedInput"):
                v_i0, v_i1, v_i2, v_i3, v_i4 = T.axis.remap("SSSSS", [i0, i1, i2, i3, i4])
                T.reads(p0[v_i0, v_i1, v_i2 - T.int64(1), v_i3 - T.int64(1), v_i4])
                T.writes(PaddedInput[v_i0, v_i1, v_i2, v_i3, v_i4])
                PaddedInput[v_i0, v_i1, v_i2, v_i3, v_i4] = T.if_then_else(T.int64(1) <= v_i2 and v_i2 < T.int64(5) and T.int64(1) <= v_i3 and v_i3 < T.int64(5), p0[v_i0, v_i1, v_i2 - T.int64(1), v_i3 - T.int64(1), v_i4], T.float32(0))
        for b, oco, oh, ow, oci, kh, kw in T.grid(T.int64(1), T.int64(24), T.int64(4), T.int64(4), T.int64(8), T.int64(3), T.int64(3)):
            with T.block("DepthwiseConv2d"):
                v_b, v_oco, v_oh, v_ow, v_oci, v_kh, v_kw = T.axis.remap("SSSSSRR", [b, oco, oh, ow, oci, kh, kw])
                T.reads(PaddedInput[v_b, v_oci // T.int64(8) + v_oco, v_oh + v_kh, v_ow + v_kw, v_oci % T.int64(8)], p1[v_oco, T.int64(0), v_kh, v_kw, T.int64(0), v_oci])
                T.writes(DepthwiseConv2d[v_b, v_oco, v_oh, v_ow, v_oci])
                with T.init():
                    DepthwiseConv2d[v_b, v_oco, v_oh, v_ow, v_oci] = T.float32(0)
                DepthwiseConv2d[v_b, v_oco, v_oh, v_ow, v_oci] = DepthwiseConv2d[v_b, v_oco, v_oh, v_ow, v_oci] + PaddedInput[v_b, v_oci // T.int64(8) + v_oco, v_oh + v_kh, v_ow + v_kw, v_oci % T.int64(8)] * p1[v_oco, T.int64(0), v_kh, v_kw, T.int64(0), v_oci]
        for ax0, ax1, ax2, ax3, ax4 in T.grid(T.int64(1), T.int64(24), T.int64(4), T.int64(4), T.int64(8)):
            with T.block("T_add"):
                v_ax0, v_ax1, v_ax2, v_ax3, v_ax4 = T.axis.remap("SSSSS", [ax0, ax1, ax2, ax3, ax4])
                T.reads(DepthwiseConv2d[v_ax0, v_ax1, v_ax2, v_ax3, v_ax4], p2[v_ax0, v_ax1, T.int64(0), T.int64(0), v_ax4])
                T.writes(T_add[v_ax0, v_ax1, v_ax2, v_ax3, v_ax4])
                T_add[v_ax0, v_ax1, v_ax2, v_ax3, v_ax4] = DepthwiseConv2d[v_ax0, v_ax1, v_ax2, v_ax3, v_ax4] + p2[v_ax0, v_ax1, T.int64(0), T.int64(0), v_ax4]
        for i0, i1, i2, i3, i4 in T.grid(T.int64(1), T.int64(24), T.int64(4), T.int64(4), T.int64(8)):
            with T.block("compute"):
                v_i0, v_i1, v_i2, v_i3, v_i4 = T.axis.remap("SSSSS", [i0, i1, i2, i3, i4])
                T.reads(T_add[v_i0, v_i1, v_i2, v_i3, v_i4])
                T.writes(compute[v_i0, v_i1, v_i2, v_i3, v_i4])
                compute[v_i0, v_i1, v_i2, v_i3, v_i4] = T.max(T.min(T_add[v_i0, v_i1, v_i2, v_i3, v_i4], T.float32(6)), T.float32(0))
2024-05-21 09:36:57 [INFO] [task_scheduler.cc:164] Total 3 design space(s) generated
2024-05-21 09:36:57 [INFO] [task_scheduler.cc:170] Design space #0:
# from tvm.script import ir as I
# from tvm.script import tir as T

@I.ir_module
class Module:
    @T.prim_func
    def main(p0: T.Buffer((T.int64(1), T.int64(24), T.int64(4), T.int64(4), T.int64(8)), "float32"), p1: T.Buffer((T.int64(24), T.int64(1), T.int64(3), T.int64(3), T.int64(1), T.int64(8)), "float32"), p2: T.Buffer((T.int64(1), T.int64(24), T.int64(1), T.int64(1), T.int64(8)), "float32"), compute: T.Buffer((T.int64(1), T.int64(24), T.int64(4), T.int64(4), T.int64(8)), "float32")):
        T.func_attr({"tir.noalias": T.bool(True)})
        with T.block("root"):
            T.reads()
            T.writes()
            T.block_attr({"meta_schedule.parallel": 96, "meta_schedule.unroll_explicit": 0, "meta_schedule.vectorize": 64})
            PaddedInput = T.alloc_buffer((T.int64(1), T.int64(24), T.int64(6), T.int64(6), T.int64(8)))
            DepthwiseConv2d = T.alloc_buffer((T.int64(1), T.int64(24), T.int64(4), T.int64(4), T.int64(8)))
            for b_0, oco_0 in T.grid(T.int64(1), T.int64(3)):
                for ax0, ax1, ax2, ax3, ax4 in T.grid(T.int64(1), T.int64(8), T.int64(6), T.int64(6), T.int64(8)):
                    with T.block("PaddedInput"):
                        v_i0 = T.axis.spatial(T.int64(1), ax0)
                        v_i1 = T.axis.spatial(T.int64(24), oco_0 * T.int64(8) + ax1)
                        v_i2, v_i3, v_i4 = T.axis.remap("SSS", [ax2, ax3, ax4])
                        T.reads(p0[v_i0, v_i1, v_i2 - T.int64(1), v_i3 - T.int64(1), v_i4])
                        T.writes(PaddedInput[v_i0, v_i1, v_i2, v_i3, v_i4])
                        PaddedInput[v_i0, v_i1, v_i2, v_i3, v_i4] = T.if_then_else(T.int64(1) <= v_i2 and v_i2 < T.int64(5) and T.int64(1) <= v_i3 and v_i3 < T.int64(5), p0[v_i0, v_i1, v_i2 - T.int64(1), v_i3 - T.int64(1), v_i4], T.float32(0))
                for oh_0, ow_0, oci_0, b_1, oco_1, oh_1, ow_1, oci_1, kh_0, kw_0, b_2, oco_2, oh_2, ow_2, oci_2, kh_1, kw_1, b_3, oco_3, oh_3, ow_3, oci_3 in T.grid(T.int64(1), T.int64(1), T.int64(8), T.int64(1), T.int64(8), T.int64(1), T.int64(4), T.int64(1), T.int64(1), T.int64(1), T.int64(1), T.int64(1), T.int64(2), T.int64(1), T.int64(1), T.int64(3), T.int64(3), T.int64(1), T.int64(1), T.int64(2), T.int64(1), T.int64(1)):
                    with T.block("DepthwiseConv2d"):
                        v_b = T.axis.spatial(T.int64(1), b_0 + b_1 + b_2 + b_3)
                        v_oco = T.axis.spatial(T.int64(24), oco_0 * T.int64(8) + oco_1 + oco_2 + oco_3)
                        v_oh = T.axis.spatial(T.int64(4), oh_0 * T.int64(4) + oh_1 * T.int64(4) + oh_2 * T.int64(2) + oh_3)
                        v_ow = T.axis.spatial(T.int64(4), ow_0 * T.int64(4) + ow_1 + ow_2 + ow_3)
                        v_oci = T.axis.spatial(T.int64(8), oci_0 + oci_1 + oci_2 + oci_3)
                        v_kh = T.axis.reduce(T.int64(3), kh_0 * T.int64(3) + kh_1)
                        v_kw = T.axis.reduce(T.int64(3), kw_0 * T.int64(3) + kw_1)
                        T.reads(PaddedInput[v_b, v_oci // T.int64(8) + v_oco, v_oh + v_kh, v_ow + v_kw, v_oci % T.int64(8)], p1[v_oco, T.int64(0), v_kh, v_kw, T.int64(0), v_oci])
                        T.writes(DepthwiseConv2d[v_b, v_oco, v_oh, v_ow, v_oci])
                        T.block_attr({"meta_schedule.tiling_structure": "SSRSRS"})
                        with T.init():
                            DepthwiseConv2d[v_b, v_oco, v_oh, v_ow, v_oci] = T.float32(0)
                        DepthwiseConv2d[v_b, v_oco, v_oh, v_ow, v_oci] = DepthwiseConv2d[v_b, v_oco, v_oh, v_ow, v_oci] + PaddedInput[v_b, v_oci // T.int64(8) + v_oco, v_oh + v_kh, v_ow + v_kw, v_oci % T.int64(8)] * p1[v_oco, T.int64(0), v_kh, v_kw, T.int64(0), v_oci]
            for i0, i1, i2, i3, i4 in T.grid(T.int64(1), T.int64(24), T.int64(4), T.int64(4), T.int64(8)):
                with T.block("compute"):
                    v_i0, v_i1, v_i2, v_i3, v_i4 = T.axis.remap("SSSSS", [i0, i1, i2, i3, i4])
                    T.reads(DepthwiseConv2d[v_i0, v_i1, v_i2, v_i3, v_i4], p2[v_i0, v_i1, T.int64(0), T.int64(0), v_i4])
                    T.writes(compute[v_i0, v_i1, v_i2, v_i3, v_i4])
                    compute[v_i0, v_i1, v_i2, v_i3, v_i4] = T.max(T.min(DepthwiseConv2d[v_i0, v_i1, v_i2, v_i3, v_i4] + p2[v_i0, v_i1, T.int64(0), T.int64(0), v_i4], T.float32(6)), T.float32(0))
b0 = sch.get_block(name="PaddedInput", func_name="main")
b1 = sch.get_block(name="DepthwiseConv2d", func_name="main")
b2 = sch.get_block(name="T_add", func_name="main")
b3 = sch.get_block(name="root", func_name="main")
sch.compute_inline(block=b2)
sch.annotate(block_or_loop=b1, ann_key="meta_schedule.tiling_structure", ann_val="SSRSRS")
l4, l5, l6, l7, l8, l9, l10 = sch.get_loops(block=b1)
v11, v12, v13, v14 = sch.sample_perfect_tile(loop=l4, n=4, max_innermost_factor=64, decision=[1, 1, 1, 1])
l15, l16, l17, l18 = sch.split(loop=l4, factors=[v11, v12, v13, v14], preserve_unit_iters=True, disable_predication=False)
v19, v20, v21, v22 = sch.sample_perfect_tile(loop=l5, n=4, max_innermost_factor=64, decision=[3, 8, 1, 1])
l23, l24, l25, l26 = sch.split(loop=l5, factors=[v19, v20, v21, v22], preserve_unit_iters=True, disable_predication=False)
v27, v28, v29, v30 = sch.sample_perfect_tile(loop=l6, n=4, max_innermost_factor=64, decision=[1, 1, 2, 2])
l31, l32, l33, l34 = sch.split(loop=l6, factors=[v27, v28, v29, v30], preserve_unit_iters=True, disable_predication=False)
v35, v36, v37, v38 = sch.sample_perfect_tile(loop=l7, n=4, max_innermost_factor=64, decision=[1, 4, 1, 1])
l39, l40, l41, l42 = sch.split(loop=l7, factors=[v35, v36, v37, v38], preserve_unit_iters=True, disable_predication=False)
v43, v44, v45, v46 = sch.sample_perfect_tile(loop=l8, n=4, max_innermost_factor=64, decision=[8, 1, 1, 1])
l47, l48, l49, l50 = sch.split(loop=l8, factors=[v43, v44, v45, v46], preserve_unit_iters=True, disable_predication=False)
v51, v52 = sch.sample_perfect_tile(loop=l9, n=2, max_innermost_factor=64, decision=[1, 3])
l53, l54 = sch.split(loop=l9, factors=[v51, v52], preserve_unit_iters=True, disable_predication=False)
v55, v56 = sch.sample_perfect_tile(loop=l10, n=2, max_innermost_factor=64, decision=[1, 3])
l57, l58 = sch.split(loop=l10, factors=[v55, v56], preserve_unit_iters=True, disable_predication=False)
sch.reorder(l15, l23, l31, l39, l47, l16, l24, l32, l40, l48, l53, l57, l17, l25, l33, l41, l49, l54, l58, l18, l26, l34, l42, l50)
sch.annotate(block_or_loop=b3, ann_key="meta_schedule.parallel", ann_val=96)
sch.annotate(block_or_loop=b3, ann_key="meta_schedule.vectorize", ann_val=64)
v59 = sch.sample_categorical(candidates=[0, 16, 64, 512], probs=[0.25, 0.25, 0.25, 0.25], decision=0)
sch.annotate(block_or_loop=b3, ann_key="meta_schedule.unroll_explicit", ann_val=v59)
l60 = sch.sample_compute_location(block=b0, decision=1)
sch.compute_at(block=b0, loop=l60, preserve_unit_loops=True, index=-1)
2024-05-21 09:36:57 [INFO] [task_scheduler.cc:170] Design space #1:
# from tvm.script import ir as I
# from tvm.script import tir as T

@I.ir_module
class Module:
    @T.prim_func
    def main(p0: T.Buffer((T.int64(1), T.int64(24), T.int64(4), T.int64(4), T.int64(8)), "float32"), p1: T.Buffer((T.int64(24), T.int64(1), T.int64(3), T.int64(3), T.int64(1), T.int64(8)), "float32"), p2: T.Buffer((T.int64(1), T.int64(24), T.int64(1), T.int64(1), T.int64(8)), "float32"), compute: T.Buffer((T.int64(1), T.int64(24), T.int64(4), T.int64(4), T.int64(8)), "float32")):
        T.func_attr({"tir.noalias": T.bool(True)})
        with T.block("root"):
            T.reads()
            T.writes()
            T.block_attr({"meta_schedule.parallel": 96, "meta_schedule.unroll_explicit": 512, "meta_schedule.vectorize": 64})
            PaddedInput = T.alloc_buffer((T.int64(1), T.int64(24), T.int64(6), T.int64(6), T.int64(8)))
            DepthwiseConv2d = T.alloc_buffer((T.int64(1), T.int64(24), T.int64(4), T.int64(4), T.int64(8)))
            for b_0, oco_0, oh_0, ow_0, oci_0, b_1, oco_1, oh_1, ow_1, oci_1 in T.grid(T.int64(1), T.int64(3), T.int64(1), T.int64(1), T.int64(8), T.int64(1), T.int64(8), T.int64(1), T.int64(4), T.int64(1)):
                for kh_0, kw_0, b_2, oco_2, oh_2 in T.grid(T.int64(1), T.int64(1), T.int64(1), T.int64(1), T.int64(2)):
                    for ax0, ax1, ax2, ax3, ax4 in T.grid(T.int64(1), T.int64(1), T.int64(4), T.int64(3), T.int64(1)):
                        with T.block("PaddedInput"):
                            v_i0 = T.axis.spatial(T.int64(1), ax0)
                            v_i1 = T.axis.spatial(T.int64(24), oco_0 * T.int64(8) + oco_1 + ax1)
                            v_i2 = T.axis.spatial(T.int64(6), oh_2 * T.int64(2) + ax2)
                            v_i3 = T.axis.spatial(T.int64(6), ow_1 + ax3)
                            v_i4 = T.axis.spatial(T.int64(8), oci_0 + ax4)
                            T.reads(p0[v_i0, v_i1, v_i2 - T.int64(1), v_i3 - T.int64(1), v_i4])
                            T.writes(PaddedInput[v_i0, v_i1, v_i2, v_i3, v_i4])
                            PaddedInput[v_i0, v_i1, v_i2, v_i3, v_i4] = T.if_then_else(T.int64(1) <= v_i2 and v_i2 < T.int64(5) and T.int64(1) <= v_i3 and v_i3 < T.int64(5), p0[v_i0, v_i1, v_i2 - T.int64(1), v_i3 - T.int64(1), v_i4], T.float32(0))
                    for ow_2, oci_2, kh_1, kw_1, b_3, oco_3, oh_3, ow_3, oci_3 in T.grid(T.int64(1), T.int64(1), T.int64(3), T.int64(3), T.int64(1), T.int64(1), T.int64(2), T.int64(1), T.int64(1)):
                        with T.block("DepthwiseConv2d"):
                            v_b = T.axis.spatial(T.int64(1), b_0 + b_1 + b_2 + b_3)
                            v_oco = T.axis.spatial(T.int64(24), oco_0 * T.int64(8) + oco_1 + oco_2 + oco_3)
                            v_oh = T.axis.spatial(T.int64(4), oh_0 * T.int64(4) + oh_1 * T.int64(4) + oh_2 * T.int64(2) + oh_3)
                            v_ow = T.axis.spatial(T.int64(4), ow_0 * T.int64(4) + ow_1 + ow_2 + ow_3)
                            v_oci = T.axis.spatial(T.int64(8), oci_0 + oci_1 + oci_2 + oci_3)
                            v_kh = T.axis.reduce(T.int64(3), kh_0 * T.int64(3) + kh_1)
                            v_kw = T.axis.reduce(T.int64(3), kw_0 * T.int64(3) + kw_1)
                            T.reads(PaddedInput[v_b, v_oci // T.int64(8) + v_oco, v_oh + v_kh, v_ow + v_kw, v_oci % T.int64(8)], p1[v_oco, T.int64(0), v_kh, v_kw, T.int64(0), v_oci])
                            T.writes(DepthwiseConv2d[v_b, v_oco, v_oh, v_ow, v_oci])
                            T.block_attr({"meta_schedule.tiling_structure": "SSRSRS"})
                            with T.init():
                                DepthwiseConv2d[v_b, v_oco, v_oh, v_ow, v_oci] = T.float32(0)
                            DepthwiseConv2d[v_b, v_oco, v_oh, v_ow, v_oci] = DepthwiseConv2d[v_b, v_oco, v_oh, v_ow, v_oci] + PaddedInput[v_b, v_oci // T.int64(8) + v_oco, v_oh + v_kh, v_ow + v_kw, v_oci % T.int64(8)] * p1[v_oco, T.int64(0), v_kh, v_kw, T.int64(0), v_oci]
                for ax0, ax1, ax2, ax3, ax4 in T.grid(T.int64(1), T.int64(1), T.int64(4), T.int64(1), T.int64(1)):
                    with T.block("compute"):
                        v_i0 = T.axis.spatial(T.int64(1), ax0)
                        v_i1 = T.axis.spatial(T.int64(24), oco_0 * T.int64(8) + oco_1 + ax1)
                        v_i2 = T.axis.spatial(T.int64(4), ax2)
                        v_i3 = T.axis.spatial(T.int64(4), ow_1 + ax3)
                        v_i4 = T.axis.spatial(T.int64(8), oci_0 + ax4)
                        T.reads(DepthwiseConv2d[v_i0, v_i1, v_i2, v_i3, v_i4], p2[v_i0, v_i1, T.int64(0), T.int64(0), v_i4])
                        T.writes(compute[v_i0, v_i1, v_i2, v_i3, v_i4])
                        compute[v_i0, v_i1, v_i2, v_i3, v_i4] = T.max(T.min(DepthwiseConv2d[v_i0, v_i1, v_i2, v_i3, v_i4] + p2[v_i0, v_i1, T.int64(0), T.int64(0), v_i4], T.float32(6)), T.float32(0))
b0 = sch.get_block(name="PaddedInput", func_name="main")
b1 = sch.get_block(name="DepthwiseConv2d", func_name="main")
b2 = sch.get_block(name="T_add", func_name="main")
b3 = sch.get_block(name="root", func_name="main")
sch.compute_inline(block=b2)
sch.annotate(block_or_loop=b1, ann_key="meta_schedule.tiling_structure", ann_val="SSRSRS")
l4, l5, l6, l7, l8, l9, l10 = sch.get_loops(block=b1)
v11, v12, v13, v14 = sch.sample_perfect_tile(loop=l4, n=4, max_innermost_factor=64, decision=[1, 1, 1, 1])
l15, l16, l17, l18 = sch.split(loop=l4, factors=[v11, v12, v13, v14], preserve_unit_iters=True, disable_predication=False)
v19, v20, v21, v22 = sch.sample_perfect_tile(loop=l5, n=4, max_innermost_factor=64, decision=[3, 8, 1, 1])
l23, l24, l25, l26 = sch.split(loop=l5, factors=[v19, v20, v21, v22], preserve_unit_iters=True, disable_predication=False)
v27, v28, v29, v30 = sch.sample_perfect_tile(loop=l6, n=4, max_innermost_factor=64, decision=[1, 1, 2, 2])
l31, l32, l33, l34 = sch.split(loop=l6, factors=[v27, v28, v29, v30], preserve_unit_iters=True, disable_predication=False)
v35, v36, v37, v38 = sch.sample_perfect_tile(loop=l7, n=4, max_innermost_factor=64, decision=[1, 4, 1, 1])
l39, l40, l41, l42 = sch.split(loop=l7, factors=[v35, v36, v37, v38], preserve_unit_iters=True, disable_predication=False)
v43, v44, v45, v46 = sch.sample_perfect_tile(loop=l8, n=4, max_innermost_factor=64, decision=[8, 1, 1, 1])
l47, l48, l49, l50 = sch.split(loop=l8, factors=[v43, v44, v45, v46], preserve_unit_iters=True, disable_predication=False)
v51, v52 = sch.sample_perfect_tile(loop=l9, n=2, max_innermost_factor=64, decision=[1, 3])
l53, l54 = sch.split(loop=l9, factors=[v51, v52], preserve_unit_iters=True, disable_predication=False)
v55, v56 = sch.sample_perfect_tile(loop=l10, n=2, max_innermost_factor=64, decision=[1, 3])
l57, l58 = sch.split(loop=l10, factors=[v55, v56], preserve_unit_iters=True, disable_predication=False)
sch.reorder(l15, l23, l31, l39, l47, l16, l24, l32, l40, l48, l53, l57, l17, l25, l33, l41, l49, l54, l58, l18, l26, l34, l42, l50)
b59, = sch.get_consumers(block=b1)
sch.reverse_compute_at(block=b59, loop=l48, preserve_unit_loops=True, index=-1)
sch.annotate(block_or_loop=b3, ann_key="meta_schedule.parallel", ann_val=96)
sch.annotate(block_or_loop=b3, ann_key="meta_schedule.vectorize", ann_val=64)
v60 = sch.sample_categorical(candidates=[0, 16, 64, 512], probs=[0.25, 0.25, 0.25, 0.25], decision=3)
sch.annotate(block_or_loop=b3, ann_key="meta_schedule.unroll_explicit", ann_val=v60)
l61 = sch.sample_compute_location(block=b0, decision=14)
sch.compute_at(block=b0, loop=l61, preserve_unit_loops=True, index=-1)
2024-05-21 09:36:57 [INFO] [task_scheduler.cc:170] Design space #2:
# from tvm.script import ir as I
# from tvm.script import tir as T

@I.ir_module
class Module:
    @T.prim_func
    def main(p0: T.Buffer((T.int64(1), T.int64(24), T.int64(4), T.int64(4), T.int64(8)), "float32"), p1: T.Buffer((T.int64(24), T.int64(1), T.int64(3), T.int64(3), T.int64(1), T.int64(8)), "float32"), p2: T.Buffer((T.int64(1), T.int64(24), T.int64(1), T.int64(1), T.int64(8)), "float32"), compute: T.Buffer((T.int64(1), T.int64(24), T.int64(4), T.int64(4), T.int64(8)), "float32")):
        T.func_attr({"tir.noalias": T.bool(True)})
        with T.block("root"):
            T.reads()
            T.writes()
            T.block_attr({"meta_schedule.parallel": 96, "meta_schedule.unroll_explicit": 0, "meta_schedule.vectorize": 64})
            PaddedInput = T.alloc_buffer((T.int64(1), T.int64(24), T.int64(6), T.int64(6), T.int64(8)))
            DepthwiseConv2d = T.alloc_buffer((T.int64(1), T.int64(24), T.int64(4), T.int64(4), T.int64(8)))
            for b_0, oco_0, oh_0, ow_0, oci_0 in T.grid(T.int64(1), T.int64(3), T.int64(1), T.int64(1), T.int64(8)):
                for b_1, oco_1, oh_1, ow_1 in T.grid(T.int64(1), T.int64(8), T.int64(1), T.int64(4)):
                    for ax0, ax1, ax2, ax3, ax4 in T.grid(T.int64(1), T.int64(1), T.int64(6), T.int64(3), T.int64(1)):
                        with T.block("PaddedInput"):
                            v_i0 = T.axis.spatial(T.int64(1), ax0)
                            v_i1 = T.axis.spatial(T.int64(24), oco_0 * T.int64(8) + oco_1 + ax1)
                            v_i2 = T.axis.spatial(T.int64(6), ax2)
                            v_i3 = T.axis.spatial(T.int64(6), ow_1 + ax3)
                            v_i4 = T.axis.spatial(T.int64(8), oci_0 + ax4)
                            T.reads(p0[v_i0, v_i1, v_i2 - T.int64(1), v_i3 - T.int64(1), v_i4])
                            T.writes(PaddedInput[v_i0, v_i1, v_i2, v_i3, v_i4])
                            PaddedInput[v_i0, v_i1, v_i2, v_i3, v_i4] = T.if_then_else(T.int64(1) <= v_i2 and v_i2 < T.int64(5) and T.int64(1) <= v_i3 and v_i3 < T.int64(5), p0[v_i0, v_i1, v_i2 - T.int64(1), v_i3 - T.int64(1), v_i4], T.float32(0))
                    for oci_1, kh_0, kw_0, b_2, oco_2, oh_2, ow_2, oci_2, kh_1, kw_1, b_3, oco_3, oh_3, ow_3, oci_3 in T.grid(T.int64(1), T.int64(1), T.int64(1), T.int64(1), T.int64(1), T.int64(2), T.int64(1), T.int64(1), T.int64(3), T.int64(3), T.int64(1), T.int64(1), T.int64(2), T.int64(1), T.int64(1)):
                        with T.block("DepthwiseConv2d"):
                            v_b = T.axis.spatial(T.int64(1), b_0 + b_1 + b_2 + b_3)
                            v_oco = T.axis.spatial(T.int64(24), oco_0 * T.int64(8) + oco_1 + oco_2 + oco_3)
                            v_oh = T.axis.spatial(T.int64(4), oh_0 * T.int64(4) + oh_1 * T.int64(4) + oh_2 * T.int64(2) + oh_3)
                            v_ow = T.axis.spatial(T.int64(4), ow_0 * T.int64(4) + ow_1 + ow_2 + ow_3)
                            v_oci = T.axis.spatial(T.int64(8), oci_0 + oci_1 + oci_2 + oci_3)
                            v_kh = T.axis.reduce(T.int64(3), kh_0 * T.int64(3) + kh_1)
                            v_kw = T.axis.reduce(T.int64(3), kw_0 * T.int64(3) + kw_1)
                            T.reads(PaddedInput[v_b, v_oci // T.int64(8) + v_oco, v_oh + v_kh, v_ow + v_kw, v_oci % T.int64(8)], p1[v_oco, T.int64(0), v_kh, v_kw, T.int64(0), v_oci])
                            T.writes(DepthwiseConv2d[v_b, v_oco, v_oh, v_ow, v_oci])
                            T.block_attr({"meta_schedule.tiling_structure": "SSRSRS"})
                            with T.init():
                                DepthwiseConv2d[v_b, v_oco, v_oh, v_ow, v_oci] = T.float32(0)
                            DepthwiseConv2d[v_b, v_oco, v_oh, v_ow, v_oci] = DepthwiseConv2d[v_b, v_oco, v_oh, v_ow, v_oci] + PaddedInput[v_b, v_oci // T.int64(8) + v_oco, v_oh + v_kh, v_ow + v_kw, v_oci % T.int64(8)] * p1[v_oco, T.int64(0), v_kh, v_kw, T.int64(0), v_oci]
                for ax0, ax1, ax2, ax3, ax4 in T.grid(T.int64(1), T.int64(8), T.int64(4), T.int64(4), T.int64(1)):
                    with T.block("compute"):
                        v_i0 = T.axis.spatial(T.int64(1), ax0)
                        v_i1 = T.axis.spatial(T.int64(24), oco_0 * T.int64(8) + ax1)
                        v_i2, v_i3 = T.axis.remap("SS", [ax2, ax3])
                        v_i4 = T.axis.spatial(T.int64(8), oci_0 + ax4)
                        T.reads(DepthwiseConv2d[v_i0, v_i1, v_i2, v_i3, v_i4], p2[v_i0, v_i1, T.int64(0), T.int64(0), v_i4])
                        T.writes(compute[v_i0, v_i1, v_i2, v_i3, v_i4])
                        compute[v_i0, v_i1, v_i2, v_i3, v_i4] = T.max(T.min(DepthwiseConv2d[v_i0, v_i1, v_i2, v_i3, v_i4] + p2[v_i0, v_i1, T.int64(0), T.int64(0), v_i4], T.float32(6)), T.float32(0))
b0 = sch.get_block(name="PaddedInput", func_name="main")
b1 = sch.get_block(name="DepthwiseConv2d", func_name="main")
b2 = sch.get_block(name="T_add", func_name="main")
b3 = sch.get_block(name="root", func_name="main")
sch.compute_inline(block=b2)
sch.annotate(block_or_loop=b1, ann_key="meta_schedule.tiling_structure", ann_val="SSRSRS")
l4, l5, l6, l7, l8, l9, l10 = sch.get_loops(block=b1)
v11, v12, v13, v14 = sch.sample_perfect_tile(loop=l4, n=4, max_innermost_factor=64, decision=[1, 1, 1, 1])
l15, l16, l17, l18 = sch.split(loop=l4, factors=[v11, v12, v13, v14], preserve_unit_iters=True, disable_predication=False)
v19, v20, v21, v22 = sch.sample_perfect_tile(loop=l5, n=4, max_innermost_factor=64, decision=[3, 8, 1, 1])
l23, l24, l25, l26 = sch.split(loop=l5, factors=[v19, v20, v21, v22], preserve_unit_iters=True, disable_predication=False)
v27, v28, v29, v30 = sch.sample_perfect_tile(loop=l6, n=4, max_innermost_factor=64, decision=[1, 1, 2, 2])
l31, l32, l33, l34 = sch.split(loop=l6, factors=[v27, v28, v29, v30], preserve_unit_iters=True, disable_predication=False)
v35, v36, v37, v38 = sch.sample_perfect_tile(loop=l7, n=4, max_innermost_factor=64, decision=[1, 4, 1, 1])
l39, l40, l41, l42 = sch.split(loop=l7, factors=[v35, v36, v37, v38], preserve_unit_iters=True, disable_predication=False)
v43, v44, v45, v46 = sch.sample_perfect_tile(loop=l8, n=4, max_innermost_factor=64, decision=[8, 1, 1, 1])
l47, l48, l49, l50 = sch.split(loop=l8, factors=[v43, v44, v45, v46], preserve_unit_iters=True, disable_predication=False)
v51, v52 = sch.sample_perfect_tile(loop=l9, n=2, max_innermost_factor=64, decision=[1, 3])
l53, l54 = sch.split(loop=l9, factors=[v51, v52], preserve_unit_iters=True, disable_predication=False)
v55, v56 = sch.sample_perfect_tile(loop=l10, n=2, max_innermost_factor=64, decision=[1, 3])
l57, l58 = sch.split(loop=l10, factors=[v55, v56], preserve_unit_iters=True, disable_predication=False)
sch.reorder(l15, l23, l31, l39, l47, l16, l24, l32, l40, l48, l53, l57, l17, l25, l33, l41, l49, l54, l58, l18, l26, l34, l42, l50)
b59, = sch.get_consumers(block=b1)
sch.reverse_compute_at(block=b59, loop=l47, preserve_unit_loops=True, index=-1)
sch.annotate(block_or_loop=b3, ann_key="meta_schedule.parallel", ann_val=96)
sch.annotate(block_or_loop=b3, ann_key="meta_schedule.vectorize", ann_val=64)
v60 = sch.sample_categorical(candidates=[0, 16, 64, 512], probs=[0.25, 0.25, 0.25, 0.25], decision=0)
sch.annotate(block_or_loop=b3, ann_key="meta_schedule.unroll_explicit", ann_val=v60)
l61 = sch.sample_compute_location(block=b0, decision=8)
sch.compute_at(block=b0, loop=l61, preserve_unit_loops=True, index=-1)
2024-05-21 09:57:54 [INFO] [evolutionary_search.cc:713] Generating candidates......
2024-05-21 09:57:54 [INFO] [evolutionary_search.cc:715] Picked top 0 candidate(s) from database
2024-05-21 09:57:57 [INFO] [evolutionary_search.cc:533] Sample-Init-Population summary:
Postproc #0 [meta_schedule.DisallowDynamicLoop(0xe765048)]: 0 failure(s)
Postproc #1 [meta_schedule.RewriteParallelVectorizeUnroll(0xeb346a8)]: 0 failure(s)
Postproc #2 [meta_schedule.RewriteReductionBlock(0xfdf95f8)]: 0 failure(s)
Postproc #3 [meta_schedule.RewriteLayout(0xe36c488)]: 0 failure(s)
2024-05-21 09:57:57 [INFO] [evolutionary_search.cc:723] Sampled 512 candidate(s)
2024-05-21 09:57:58 [INFO] [evolutionary_search.cc:621] Evolve iter #0 done. Summary:
Postproc #0 [meta_schedule.DisallowDynamicLoop(0xe765048)]: 0 failure(s)
Postproc #1 [meta_schedule.RewriteParallelVectorizeUnroll(0xeb346a8)]: 0 failure(s)
Postproc #2 [meta_schedule.RewriteReductionBlock(0xfdf95f8)]: 0 failure(s)
Postproc #3 [meta_schedule.RewriteLayout(0xe36c488)]: 0 failure(s)
2024-05-21 09:58:01 [INFO] [evolutionary_search.cc:621] Evolve iter #1 done. Summary:
Postproc #0 [meta_schedule.DisallowDynamicLoop(0xe765048)]: 0 failure(s)
Postproc #1 [meta_schedule.RewriteParallelVectorizeUnroll(0xeb346a8)]: 0 failure(s)
Postproc #2 [meta_schedule.RewriteReductionBlock(0xfdf95f8)]: 0 failure(s)
Postproc #3 [meta_schedule.RewriteLayout(0xe36c488)]: 0 failure(s)
2024-05-21 09:58:03 [INFO] [evolutionary_search.cc:621] Evolve iter #2 done. Summary:
Postproc #0 [meta_schedule.DisallowDynamicLoop(0xe765048)]: 0 failure(s)
Postproc #1 [meta_schedule.RewriteParallelVectorizeUnroll(0xeb346a8)]: 0 failure(s)
Postproc #2 [meta_schedule.RewriteReductionBlock(0xfdf95f8)]: 0 failure(s)
Postproc #3 [meta_schedule.RewriteLayout(0xe36c488)]: 0 failure(s)
2024-05-21 09:58:05 [INFO] [evolutionary_search.cc:621] Evolve iter #3 done. Summary:
Postproc #0 [meta_schedule.DisallowDynamicLoop(0xe765048)]: 0 failure(s)
Postproc #1 [meta_schedule.RewriteParallelVectorizeUnroll(0xeb346a8)]: 0 failure(s)
Postproc #2 [meta_schedule.RewriteReductionBlock(0xfdf95f8)]: 0 failure(s)
Postproc #3 [meta_schedule.RewriteLayout(0xe36c488)]: 0 failure(s)
2024-05-21 09:58:05 [INFO] [evolutionary_search.cc:649] Scores of the best 64 candidates:
[1 : 16]:	0.9994  0.9978  0.9967  0.9957  0.9951  0.9947  0.9940  0.9933  0.9927  0.9920  0.9920  0.9917  0.9908  0.9897  0.9896  0.9895
[17 : 32]:	0.9893  0.9891  0.9890  0.9888  0.9881  0.9872  0.9870  0.9866  0.9862  0.9858  0.9848  0.9845  0.9833  0.9831  0.9823  0.9814
[33 : 48]:	0.9813  0.9802  0.9798  0.9787  0.9783  0.9782  0.9782  0.9780  0.9769  0.9766  0.9764  0.9748  0.9748  0.9748  0.9746  0.9744
[49 : 64]:	0.9742  0.9740  0.9725  0.9723  0.9719  0.9718  0.9715  0.9710  0.9708  0.9705  0.9696  0.9686  0.9685  0.9680  0.9680  0.9677
2024-05-21 09:58:05 [INFO] [evolutionary_search.cc:727] Got 64 candidate(s) with evolutionary search
2024-05-21 09:58:05 [INFO] [evolutionary_search.cc:730] Sending 64 candidates(s) for measurement
2024-05-21 10:34:54 [INFO] [task_scheduler.cc:131] [Task #12: fused_nn_contrib_depthwise_conv2d_NCHWc_add_clip_4] Trial #1: GFLOPs: 11.9380. Time: 5.4039 us. Best GFLOPs: 11.9380
2024-05-21 10:34:54 [INFO] [task_scheduler.cc:131] [Task #12: fused_nn_contrib_depthwise_conv2d_NCHWc_add_clip_4] Trial #2: GFLOPs: 3.8118. Time: 16.9243 us. Best GFLOPs: 11.9380
2024-05-21 10:34:54 [INFO] [task_scheduler.cc:131] [Task #12: fused_nn_contrib_depthwise_conv2d_NCHWc_add_clip_4] Trial #3: GFLOPs: 5.6140. Time: 11.4913 us. Best GFLOPs: 11.9380
2024-05-21 10:34:54 [INFO] [task_scheduler.cc:131] [Task #12: fused_nn_contrib_depthwise_conv2d_NCHWc_add_clip_4] Trial #4: GFLOPs: 3.5224. Time: 18.3150 us. Best GFLOPs: 11.9380
2024-05-21 10:34:54 [INFO] [task_scheduler.cc:131] [Task #12: fused_nn_contrib_depthwise_conv2d_NCHWc_add_clip_4] Trial #5: GFLOPs: 4.9718. Time: 12.9756 us. Best GFLOPs: 11.9380
2024-05-21 10:34:54 [INFO] [task_scheduler.cc:131] [Task #12: fused_nn_contrib_depthwise_conv2d_NCHWc_add_clip_4] Trial #6: GFLOPs: 5.6711. Time: 11.3756 us. Best GFLOPs: 11.9380
2024-05-21 10:34:54 [INFO] [task_scheduler.cc:131] [Task #12: fused_nn_contrib_depthwise_conv2d_NCHWc_add_clip_4] Trial #7: GFLOPs: 3.3261. Time: 19.3958 us. Best GFLOPs: 11.9380
2024-05-21 10:34:54 [INFO] [task_scheduler.cc:131] [Task #12: fused_nn_contrib_depthwise_conv2d_NCHWc_add_clip_4] Trial #8: GFLOPs: 10.3856. Time: 6.2117 us. Best GFLOPs: 11.9380
2024-05-21 10:34:54 [INFO] [task_scheduler.cc:131] [Task #12: fused_nn_contrib_depthwise_conv2d_NCHWc_add_clip_4] Trial #9: GFLOPs: 6.9824. Time: 9.2392 us. Best GFLOPs: 11.9380
2024-05-21 10:34:54 [INFO] [task_scheduler.cc:131] [Task #12: fused_nn_contrib_depthwise_conv2d_NCHWc_add_clip_4] Trial #10: GFLOPs: 9.6037. Time: 6.7174 us. Best GFLOPs: 11.9380
2024-05-21 10:34:54 [INFO] [task_scheduler.cc:131] [Task #12: fused_nn_contrib_depthwise_conv2d_NCHWc_add_clip_4] Trial #11: GFLOPs: 3.0077. Time: 21.4490 us. Best GFLOPs: 11.9380
2024-05-21 10:34:54 [INFO] [task_scheduler.cc:131] [Task #12: fused_nn_contrib_depthwise_conv2d_NCHWc_add_clip_4] Trial #12: GFLOPs: 5.2804. Time: 12.2172 us. Best GFLOPs: 11.9380
2024-05-21 10:34:54 [INFO] [task_scheduler.cc:131] [Task #12: fused_nn_contrib_depthwise_conv2d_NCHWc_add_clip_4] Trial #13: GFLOPs: 4.6125. Time: 13.9864 us. Best GFLOPs: 11.9380
2024-05-21 10:34:54 [INFO] [task_scheduler.cc:131] [Task #12: fused_nn_contrib_depthwise_conv2d_NCHWc_add_clip_4] Trial #14: GFLOPs: 5.7729. Time: 11.1750 us. Best GFLOPs: 11.9380
2024-05-21 10:34:54 [INFO] [task_scheduler.cc:131] [Task #12: fused_nn_contrib_depthwise_conv2d_NCHWc_add_clip_4] Trial #15: GFLOPs: 9.1726. Time: 7.0331 us. Best GFLOPs: 11.9380
2024-05-21 10:34:54 [INFO] [task_scheduler.cc:131] [Task #12: fused_nn_contrib_depthwise_conv2d_NCHWc_add_clip_4] Trial #16: GFLOPs: 5.8168. Time: 11.0907 us. Best GFLOPs: 11.9380
2024-05-21 10:34:54 [INFO] [task_scheduler.cc:131] [Task #12: fused_nn_contrib_depthwise_conv2d_NCHWc_add_clip_4] Trial #17: GFLOPs: 4.0068. Time: 16.1005 us. Best GFLOPs: 11.9380
2024-05-21 10:34:54 [INFO] [task_scheduler.cc:131] [Task #12: fused_nn_contrib_depthwise_conv2d_NCHWc_add_clip_4] Trial #18: GFLOPs: 5.2879. Time: 12.2000 us. Best GFLOPs: 11.9380
2024-05-21 10:34:54 [INFO] [task_scheduler.cc:131] [Task #12: fused_nn_contrib_depthwise_conv2d_NCHWc_add_clip_4] Trial #19: GFLOPs: 5.4424. Time: 11.8536 us. Best GFLOPs: 11.9380
2024-05-21 10:34:54 [INFO] [task_scheduler.cc:131] [Task #12: fused_nn_contrib_depthwise_conv2d_NCHWc_add_clip_4] Trial #20: GFLOPs: 6.3443. Time: 10.1686 us. Best GFLOPs: 11.9380
2024-05-21 10:34:54 [INFO] [task_scheduler.cc:131] [Task #12: fused_nn_contrib_depthwise_conv2d_NCHWc_add_clip_4] Trial #21: GFLOPs: 3.6420. Time: 17.7135 us. Best GFLOPs: 11.9380
2024-05-21 10:34:54 [INFO] [task_scheduler.cc:131] [Task #12: fused_nn_contrib_depthwise_conv2d_NCHWc_add_clip_4] Trial #22: GFLOPs: 2.7987. Time: 23.0505 us. Best GFLOPs: 11.9380
2024-05-21 10:34:54 [INFO] [task_scheduler.cc:131] [Task #12: fused_nn_contrib_depthwise_conv2d_NCHWc_add_clip_4] Trial #23: GFLOPs: 4.7360. Time: 13.6216 us. Best GFLOPs: 11.9380
2024-05-21 10:34:54 [INFO] [task_scheduler.cc:131] [Task #12: fused_nn_contrib_depthwise_conv2d_NCHWc_add_clip_4] Trial #24: GFLOPs: 4.8660. Time: 13.2578 us. Best GFLOPs: 11.9380
2024-05-21 10:34:54 [INFO] [task_scheduler.cc:131] [Task #12: fused_nn_contrib_depthwise_conv2d_NCHWc_add_clip_4] Trial #25: GFLOPs: 3.6722. Time: 17.5674 us. Best GFLOPs: 11.9380
2024-05-21 10:34:54 [INFO] [task_scheduler.cc:131] [Task #12: fused_nn_contrib_depthwise_conv2d_NCHWc_add_clip_4] Trial #26: GFLOPs: 7.9445. Time: 8.1203 us. Best GFLOPs: 11.9380
2024-05-21 10:34:54 [INFO] [task_scheduler.cc:131] [Task #12: fused_nn_contrib_depthwise_conv2d_NCHWc_add_clip_4] Trial #27: GFLOPs: 6.0974. Time: 10.5802 us. Best GFLOPs: 11.9380
2024-05-21 10:34:54 [INFO] [task_scheduler.cc:131] [Task #12: fused_nn_contrib_depthwise_conv2d_NCHWc_add_clip_4] Trial #28: GFLOPs: 4.9777. Time: 12.9603 us. Best GFLOPs: 11.9380
2024-05-21 10:34:54 [INFO] [task_scheduler.cc:131] [Task #12: fused_nn_contrib_depthwise_conv2d_NCHWc_add_clip_4] Trial #29: GFLOPs: 9.4100. Time: 6.8557 us. Best GFLOPs: 11.9380
2024-05-21 10:34:54 [INFO] [task_scheduler.cc:131] [Task #12: fused_nn_contrib_depthwise_conv2d_NCHWc_add_clip_4] Trial #30: GFLOPs: 6.9566. Time: 9.2735 us. Best GFLOPs: 11.9380
2024-05-21 10:34:54 [INFO] [task_scheduler.cc:131] [Task #12: fused_nn_contrib_depthwise_conv2d_NCHWc_add_clip_4] Trial #31: GFLOPs: 4.7632. Time: 13.5439 us. Best GFLOPs: 11.9380
2024-05-21 10:34:54 [INFO] [task_scheduler.cc:131] [Task #12: fused_nn_contrib_depthwise_conv2d_NCHWc_add_clip_4] Trial #32: GFLOPs: 4.8049. Time: 13.4263 us. Best GFLOPs: 11.9380
2024-05-21 10:34:54 [INFO] [task_scheduler.cc:131] [Task #12: fused_nn_contrib_depthwise_conv2d_NCHWc_add_clip_4] Trial #33: GFLOPs: 5.8513. Time: 11.0253 us. Best GFLOPs: 11.9380
2024-05-21 10:34:54 [INFO] [task_scheduler.cc:131] [Task #12: fused_nn_contrib_depthwise_conv2d_NCHWc_add_clip_4] Trial #34: GFLOPs: 9.7110. Time: 6.6432 us. Best GFLOPs: 11.9380
2024-05-21 10:34:54 [INFO] [task_scheduler.cc:131] [Task #12: fused_nn_contrib_depthwise_conv2d_NCHWc_add_clip_4] Trial #35: GFLOPs: 12.1873. Time: 5.2934 us. Best GFLOPs: 12.1873
2024-05-21 10:34:54 [INFO] [task_scheduler.cc:131] [Task #12: fused_nn_contrib_depthwise_conv2d_NCHWc_add_clip_4] Trial #36: GFLOPs: 5.9229. Time: 10.8919 us. Best GFLOPs: 12.1873
2024-05-21 10:34:54 [INFO] [task_scheduler.cc:131] [Task #12: fused_nn_contrib_depthwise_conv2d_NCHWc_add_clip_4] Trial #37: GFLOPs: 9.2390. Time: 6.9826 us. Best GFLOPs: 12.1873
2024-05-21 10:34:54 [INFO] [task_scheduler.cc:131] [Task #12: fused_nn_contrib_depthwise_conv2d_NCHWc_add_clip_4] Trial #38: GFLOPs: 5.9036. Time: 10.9275 us. Best GFLOPs: 12.1873
2024-05-21 10:34:54 [INFO] [task_scheduler.cc:131] [Task #12: fused_nn_contrib_depthwise_conv2d_NCHWc_add_clip_4] Trial #39: GFLOPs: 5.6812. Time: 11.3553 us. Best GFLOPs: 12.1873
2024-05-21 10:34:54 [INFO] [task_scheduler.cc:131] [Task #12: fused_nn_contrib_depthwise_conv2d_NCHWc_add_clip_4] Trial #40: GFLOPs: 6.7772. Time: 9.5190 us. Best GFLOPs: 12.1873
2024-05-21 10:34:54 [INFO] [task_scheduler.cc:131] [Task #12: fused_nn_contrib_depthwise_conv2d_NCHWc_add_clip_4] Trial #41: GFLOPs: 11.5985. Time: 5.5621 us. Best GFLOPs: 12.1873
2024-05-21 10:34:54 [INFO] [task_scheduler.cc:131] [Task #12: fused_nn_contrib_depthwise_conv2d_NCHWc_add_clip_4] Trial #42: GFLOPs: 9.1254. Time: 7.0695 us. Best GFLOPs: 12.1873
2024-05-21 10:34:54 [INFO] [task_scheduler.cc:131] [Task #12: fused_nn_contrib_depthwise_conv2d_NCHWc_add_clip_4] Trial #43: GFLOPs: 4.8527. Time: 13.2940 us. Best GFLOPs: 12.1873
2024-05-21 10:34:54 [INFO] [task_scheduler.cc:131] [Task #12: fused_nn_contrib_depthwise_conv2d_NCHWc_add_clip_4] Trial #44: GFLOPs: 5.0372. Time: 12.8072 us. Best GFLOPs: 12.1873
2024-05-21 10:34:54 [INFO] [task_scheduler.cc:131] [Task #12: fused_nn_contrib_depthwise_conv2d_NCHWc_add_clip_4] Trial #45: GFLOPs: 5.8120. Time: 11.0998 us. Best GFLOPs: 12.1873
2024-05-21 10:34:54 [INFO] [task_scheduler.cc:131] [Task #12: fused_nn_contrib_depthwise_conv2d_NCHWc_add_clip_4] Trial #46: GFLOPs: 4.6927. Time: 13.7473 us. Best GFLOPs: 12.1873
2024-05-21 10:34:54 [INFO] [task_scheduler.cc:131] [Task #12: fused_nn_contrib_depthwise_conv2d_NCHWc_add_clip_4] Trial #47: GFLOPs: 4.9783. Time: 12.9587 us. Best GFLOPs: 12.1873
2024-05-21 10:34:54 [INFO] [task_scheduler.cc:131] [Task #12: fused_nn_contrib_depthwise_conv2d_NCHWc_add_clip_4] Trial #48: GFLOPs: 5.4865. Time: 11.7584 us. Best GFLOPs: 12.1873
2024-05-21 10:34:54 [INFO] [task_scheduler.cc:131] [Task #12: fused_nn_contrib_depthwise_conv2d_NCHWc_add_clip_4] Trial #49: GFLOPs: 9.5052. Time: 6.7870 us. Best GFLOPs: 12.1873
2024-05-21 10:34:54 [INFO] [task_scheduler.cc:131] [Task #12: fused_nn_contrib_depthwise_conv2d_NCHWc_add_clip_4] Trial #50: GFLOPs: 9.5300. Time: 6.7694 us. Best GFLOPs: 12.1873
2024-05-21 10:34:54 [INFO] [task_scheduler.cc:131] [Task #12: fused_nn_contrib_depthwise_conv2d_NCHWc_add_clip_4] Trial #51: GFLOPs: 12.6636. Time: 5.0943 us. Best GFLOPs: 12.6636
2024-05-21 10:34:54 [INFO] [task_scheduler.cc:131] [Task #12: fused_nn_contrib_depthwise_conv2d_NCHWc_add_clip_4] Trial #52: GFLOPs: 6.1281. Time: 10.5272 us. Best GFLOPs: 12.6636
2024-05-21 10:34:54 [INFO] [task_scheduler.cc:131] [Task #12: fused_nn_contrib_depthwise_conv2d_NCHWc_add_clip_4] Trial #53: GFLOPs: 5.9169. Time: 10.9030 us. Best GFLOPs: 12.6636
2024-05-21 10:34:54 [INFO] [task_scheduler.cc:131] [Task #12: fused_nn_contrib_depthwise_conv2d_NCHWc_add_clip_4] Trial #54: GFLOPs: 9.3029. Time: 6.9346 us. Best GFLOPs: 12.6636
2024-05-21 10:34:54 [INFO] [task_scheduler.cc:131] [Task #12: fused_nn_contrib_depthwise_conv2d_NCHWc_add_clip_4] Trial #55: GFLOPs: 5.5152. Time: 11.6972 us. Best GFLOPs: 12.6636
2024-05-21 10:34:54 [INFO] [task_scheduler.cc:131] [Task #12: fused_nn_contrib_depthwise_conv2d_NCHWc_add_clip_4] Trial #56: GFLOPs: 8.9125. Time: 7.2384 us. Best GFLOPs: 12.6636
2024-05-21 10:34:54 [INFO] [task_scheduler.cc:131] [Task #12: fused_nn_contrib_depthwise_conv2d_NCHWc_add_clip_4] Trial #57: GFLOPs: 8.2006. Time: 7.8667 us. Best GFLOPs: 12.6636
2024-05-21 10:34:54 [INFO] [task_scheduler.cc:131] [Task #12: fused_nn_contrib_depthwise_conv2d_NCHWc_add_clip_4] Trial #58: GFLOPs: 2.7023. Time: 23.8727 us. Best GFLOPs: 12.6636
2024-05-21 10:34:54 [INFO] [task_scheduler.cc:131] [Task #12: fused_nn_contrib_depthwise_conv2d_NCHWc_add_clip_4] Trial #59: GFLOPs: 4.7631. Time: 13.5440 us. Best GFLOPs: 12.6636
2024-05-21 10:34:54 [INFO] [task_scheduler.cc:131] [Task #12: fused_nn_contrib_depthwise_conv2d_NCHWc_add_clip_4] Trial #60: GFLOPs: 5.0228. Time: 12.8437 us. Best GFLOPs: 12.6636
2024-05-21 10:34:54 [INFO] [task_scheduler.cc:131] [Task #12: fused_nn_contrib_depthwise_conv2d_NCHWc_add_clip_4] Trial #61: GFLOPs: 10.7006. Time: 6.0288 us. Best GFLOPs: 12.6636
2024-05-21 10:34:54 [INFO] [task_scheduler.cc:131] [Task #12: fused_nn_contrib_depthwise_conv2d_NCHWc_add_clip_4] Trial #62: GFLOPs: 12.6973. Time: 5.0808 us. Best GFLOPs: 12.6973
2024-05-21 10:34:54 [INFO] [task_scheduler.cc:131] [Task #12: fused_nn_contrib_depthwise_conv2d_NCHWc_add_clip_4] Trial #63: GFLOPs: 8.3175. Time: 7.7562 us. Best GFLOPs: 12.6973
2024-05-21 10:34:54 [INFO] [task_scheduler.cc:131] [Task #12: fused_nn_contrib_depthwise_conv2d_NCHWc_add_clip_4] Trial #64: GFLOPs: 5.7090. Time: 11.3000 us. Best GFLOPs: 12.6973
2024-05-21 10:58:44 [INFO] [evolutionary_search.cc:713] Generating candidates......
2024-05-21 10:58:45 [INFO] [evolutionary_search.cc:715] Picked top 64 candidate(s) from database
2024-05-21 10:58:47 [INFO] [evolutionary_search.cc:533] Sample-Init-Population summary:
Postproc #0 [meta_schedule.DisallowDynamicLoop(0xe765048)]: 0 failure(s)
Postproc #1 [meta_schedule.RewriteParallelVectorizeUnroll(0xeb346a8)]: 0 failure(s)
Postproc #2 [meta_schedule.RewriteReductionBlock(0xfdf95f8)]: 0 failure(s)
Postproc #3 [meta_schedule.RewriteLayout(0xe36c488)]: 0 failure(s)
2024-05-21 10:58:47 [INFO] [evolutionary_search.cc:723] Sampled 448 candidate(s)
2024-05-21 10:58:51 [INFO] [evolutionary_search.cc:621] Evolve iter #0 done. Summary:
Postproc #0 [meta_schedule.DisallowDynamicLoop(0xe765048)]: 0 failure(s)
Postproc #1 [meta_schedule.RewriteParallelVectorizeUnroll(0xeb346a8)]: 0 failure(s)
Postproc #2 [meta_schedule.RewriteReductionBlock(0xfdf95f8)]: 0 failure(s)
Postproc #3 [meta_schedule.RewriteLayout(0xe36c488)]: 0 failure(s)
2024-05-21 10:58:55 [INFO] [evolutionary_search.cc:621] Evolve iter #1 done. Summary:
Postproc #0 [meta_schedule.DisallowDynamicLoop(0xe765048)]: 0 failure(s)
Postproc #1 [meta_schedule.RewriteParallelVectorizeUnroll(0xeb346a8)]: 0 failure(s)
Postproc #2 [meta_schedule.RewriteReductionBlock(0xfdf95f8)]: 0 failure(s)
Postproc #3 [meta_schedule.RewriteLayout(0xe36c488)]: 0 failure(s)
2024-05-21 10:59:00 [INFO] [evolutionary_search.cc:621] Evolve iter #2 done. Summary:
Postproc #0 [meta_schedule.DisallowDynamicLoop(0xe765048)]: 0 failure(s)
Postproc #1 [meta_schedule.RewriteParallelVectorizeUnroll(0xeb346a8)]: 0 failure(s)
Postproc #2 [meta_schedule.RewriteReductionBlock(0xfdf95f8)]: 0 failure(s)
Postproc #3 [meta_schedule.RewriteLayout(0xe36c488)]: 0 failure(s)
2024-05-21 10:59:04 [INFO] [evolutionary_search.cc:621] Evolve iter #3 done. Summary:
Postproc #0 [meta_schedule.DisallowDynamicLoop(0xe765048)]: 0 failure(s)
Postproc #1 [meta_schedule.RewriteParallelVectorizeUnroll(0xeb346a8)]: 0 failure(s)
Postproc #2 [meta_schedule.RewriteReductionBlock(0xfdf95f8)]: 0 failure(s)
Postproc #3 [meta_schedule.RewriteLayout(0xe36c488)]: 0 failure(s)
2024-05-21 10:59:06 [INFO] [evolutionary_search.cc:649] Scores of the best 64 candidates:
[1 : 16]:	1.0440  1.0440  1.0026  0.9926  0.9833  0.9790  0.9790  0.9670  0.9606  0.9599  0.9553  0.9488  0.9473  0.9442  0.9442  0.9435
[17 : 32]:	0.9400  0.9399  0.9399  0.9345  0.9345  0.9345  0.9329  0.9285  0.9265  0.9256  0.9228  0.9218  0.9209  0.9197  0.9176  0.9176
[33 : 48]:	0.9176  0.9154  0.9145  0.9127  0.9124  0.9124  0.9095  0.9057  0.9019  0.8994  0.8962  0.8938  0.8895  0.8860  0.8828  0.8766
[49 : 64]:	0.8766  0.8761  0.8752  0.8734  0.8699  0.8699  0.8693  0.8680  0.8659  0.8656  0.8651  0.8604  0.8599  0.8597  0.8593  0.8593
2024-05-21 10:59:07 [INFO] [evolutionary_search.cc:727] Got 64 candidate(s) with evolutionary search
2024-05-21 10:59:07 [INFO] [evolutionary_search.cc:730] Sending 64 candidates(s) for measurement
2024-05-21 11:00:52 [INFO] [task_scheduler.cc:131] [Task #12: fused_nn_contrib_depthwise_conv2d_NCHWc_add_clip_4] Trial #65: GFLOPs: 19.4954. Time: 3.3091 us. Best GFLOPs: 19.4954
2024-05-21 11:00:52 [INFO] [task_scheduler.cc:131] [Task #12: fused_nn_contrib_depthwise_conv2d_NCHWc_add_clip_4] Trial #66: GFLOPs: 17.4631. Time: 3.6942 us. Best GFLOPs: 19.4954
2024-05-21 11:00:52 [INFO] [task_scheduler.cc:131] [Task #12: fused_nn_contrib_depthwise_conv2d_NCHWc_add_clip_4] Trial #67: GFLOPs: 31.0734. Time: 2.0761 us. Best GFLOPs: 31.0734
2024-05-21 11:00:52 [INFO] [task_scheduler.cc:131] [Task #12: fused_nn_contrib_depthwise_conv2d_NCHWc_add_clip_4] Trial #68: GFLOPs: 13.1050. Time: 4.9227 us. Best GFLOPs: 31.0734
2024-05-21 11:00:52 [INFO] [task_scheduler.cc:131] [Task #12: fused_nn_contrib_depthwise_conv2d_NCHWc_add_clip_4] Trial #69: GFLOPs: 12.2783. Time: 5.2541 us. Best GFLOPs: 31.0734
2024-05-21 11:00:52 [INFO] [task_scheduler.cc:131] [Task #12: fused_nn_contrib_depthwise_conv2d_NCHWc_add_clip_4] Trial #70: GFLOPs: 11.7756. Time: 5.4784 us. Best GFLOPs: 31.0734
2024-05-21 11:00:52 [INFO] [task_scheduler.cc:131] [Task #12: fused_nn_contrib_depthwise_conv2d_NCHWc_add_clip_4] Trial #71: GFLOPs: 11.6519. Time: 5.5366 us. Best GFLOPs: 31.0734
2024-05-21 11:00:52 [INFO] [task_scheduler.cc:131] [Task #12: fused_nn_contrib_depthwise_conv2d_NCHWc_add_clip_4] Trial #72: GFLOPs: 14.8652. Time: 4.3398 us. Best GFLOPs: 31.0734
2024-05-21 11:00:52 [INFO] [task_scheduler.cc:131] [Task #12: fused_nn_contrib_depthwise_conv2d_NCHWc_add_clip_4] Trial #73: GFLOPs: 10.7873. Time: 5.9803 us. Best GFLOPs: 31.0734
2024-05-21 11:00:52 [INFO] [task_scheduler.cc:131] [Task #12: fused_nn_contrib_depthwise_conv2d_NCHWc_add_clip_4] Trial #74: GFLOPs: 14.0141. Time: 4.6034 us. Best GFLOPs: 31.0734
2024-05-21 11:00:52 [INFO] [task_scheduler.cc:131] [Task #12: fused_nn_contrib_depthwise_conv2d_NCHWc_add_clip_4] Trial #75: GFLOPs: 12.1644. Time: 5.3034 us. Best GFLOPs: 31.0734
2024-05-21 11:00:52 [INFO] [task_scheduler.cc:131] [Task #12: fused_nn_contrib_depthwise_conv2d_NCHWc_add_clip_4] Trial #76: GFLOPs: 13.3292. Time: 4.8399 us. Best GFLOPs: 31.0734
2024-05-21 11:00:52 [INFO] [task_scheduler.cc:131] [Task #12: fused_nn_contrib_depthwise_conv2d_NCHWc_add_clip_4] Trial #77: GFLOPs: 10.7265. Time: 6.0143 us. Best GFLOPs: 31.0734
2024-05-21 11:00:52 [INFO] [task_scheduler.cc:131] [Task #12: fused_nn_contrib_depthwise_conv2d_NCHWc_add_clip_4] Trial #78: GFLOPs: 9.6034. Time: 6.7176 us. Best GFLOPs: 31.0734
2024-05-21 11:00:52 [INFO] [task_scheduler.cc:131] [Task #12: fused_nn_contrib_depthwise_conv2d_NCHWc_add_clip_4] Trial #79: GFLOPs: 10.1421. Time: 6.3608 us. Best GFLOPs: 31.0734
2024-05-21 11:00:52 [INFO] [task_scheduler.cc:131] [Task #12: fused_nn_contrib_depthwise_conv2d_NCHWc_add_clip_4] Trial #80: GFLOPs: 13.5438. Time: 4.7632 us. Best GFLOPs: 31.0734
2024-05-21 11:00:52 [INFO] [task_scheduler.cc:131] [Task #12: fused_nn_contrib_depthwise_conv2d_NCHWc_add_clip_4] Trial #81: GFLOPs: 11.0756. Time: 5.8247 us. Best GFLOPs: 31.0734
2024-05-21 11:00:52 [INFO] [task_scheduler.cc:131] [Task #12: fused_nn_contrib_depthwise_conv2d_NCHWc_add_clip_4] Trial #82: GFLOPs: 11.9560. Time: 5.3958 us. Best GFLOPs: 31.0734
2024-05-21 11:00:52 [INFO] [task_scheduler.cc:131] [Task #12: fused_nn_contrib_depthwise_conv2d_NCHWc_add_clip_4] Trial #83: GFLOPs: 12.2158. Time: 5.2810 us. Best GFLOPs: 31.0734
2024-05-21 11:00:52 [INFO] [task_scheduler.cc:131] [Task #12: fused_nn_contrib_depthwise_conv2d_NCHWc_add_clip_4] Trial #84: GFLOPs: 9.7081. Time: 6.6452 us. Best GFLOPs: 31.0734
2024-05-21 11:00:52 [INFO] [task_scheduler.cc:131] [Task #12: fused_nn_contrib_depthwise_conv2d_NCHWc_add_clip_4] Trial #85: GFLOPs: 12.2240. Time: 5.2775 us. Best GFLOPs: 31.0734
2024-05-21 11:00:52 [INFO] [task_scheduler.cc:131] [Task #12: fused_nn_contrib_depthwise_conv2d_NCHWc_add_clip_4] Trial #86: GFLOPs: 11.9345. Time: 5.4055 us. Best GFLOPs: 31.0734
2024-05-21 11:00:52 [INFO] [task_scheduler.cc:131] [Task #12: fused_nn_contrib_depthwise_conv2d_NCHWc_add_clip_4] Trial #87: GFLOPs: 9.4634. Time: 6.8170 us. Best GFLOPs: 31.0734
2024-05-21 11:00:52 [INFO] [task_scheduler.cc:131] [Task #12: fused_nn_contrib_depthwise_conv2d_NCHWc_add_clip_4] Trial #88: GFLOPs: 8.4453. Time: 7.6388 us. Best GFLOPs: 31.0734
2024-05-21 11:00:52 [INFO] [task_scheduler.cc:131] [Task #12: fused_nn_contrib_depthwise_conv2d_NCHWc_add_clip_4] Trial #89: GFLOPs: 9.6141. Time: 6.7101 us. Best GFLOPs: 31.0734
2024-05-21 11:00:52 [INFO] [task_scheduler.cc:131] [Task #12: fused_nn_contrib_depthwise_conv2d_NCHWc_add_clip_4] Trial #90: GFLOPs: 11.7333. Time: 5.4982 us. Best GFLOPs: 31.0734
2024-05-21 11:00:52 [INFO] [task_scheduler.cc:131] [Task #12: fused_nn_contrib_depthwise_conv2d_NCHWc_add_clip_4] Trial #91: GFLOPs: 9.5548. Time: 6.7518 us. Best GFLOPs: 31.0734
2024-05-21 11:00:52 [INFO] [task_scheduler.cc:131] [Task #12: fused_nn_contrib_depthwise_conv2d_NCHWc_add_clip_4] Trial #92: GFLOPs: 9.9383. Time: 6.4913 us. Best GFLOPs: 31.0734
2024-05-21 11:00:52 [INFO] [task_scheduler.cc:131] [Task #12: fused_nn_contrib_depthwise_conv2d_NCHWc_add_clip_4] Trial #93: GFLOPs: 11.3972. Time: 5.6604 us. Best GFLOPs: 31.0734
2024-05-21 11:00:52 [INFO] [task_scheduler.cc:131] [Task #12: fused_nn_contrib_depthwise_conv2d_NCHWc_add_clip_4] Trial #94: GFLOPs: 10.2491. Time: 6.2944 us. Best GFLOPs: 31.0734
2024-05-21 11:00:52 [INFO] [task_scheduler.cc:131] [Task #12: fused_nn_contrib_depthwise_conv2d_NCHWc_add_clip_4] Trial #95: GFLOPs: 10.1501. Time: 6.3558 us. Best GFLOPs: 31.0734
2024-05-21 11:00:52 [INFO] [task_scheduler.cc:131] [Task #12: fused_nn_contrib_depthwise_conv2d_NCHWc_add_clip_4] Trial #96: GFLOPs: 10.1812. Time: 6.3364 us. Best GFLOPs: 31.0734
2024-05-21 11:00:52 [INFO] [task_scheduler.cc:131] [Task #12: fused_nn_contrib_depthwise_conv2d_NCHWc_add_clip_4] Trial #97: GFLOPs: 10.2067. Time: 6.3206 us. Best GFLOPs: 31.0734
2024-05-21 11:00:52 [INFO] [task_scheduler.cc:131] [Task #12: fused_nn_contrib_depthwise_conv2d_NCHWc_add_clip_4] Trial #98: GFLOPs: 10.1651. Time: 6.3464 us. Best GFLOPs: 31.0734
2024-05-21 11:00:52 [INFO] [task_scheduler.cc:131] [Task #12: fused_nn_contrib_depthwise_conv2d_NCHWc_add_clip_4] Trial #99: GFLOPs: 9.4467. Time: 6.8290 us. Best GFLOPs: 31.0734
2024-05-21 11:00:52 [INFO] [task_scheduler.cc:131] [Task #12: fused_nn_contrib_depthwise_conv2d_NCHWc_add_clip_4] Trial #100: GFLOPs: 10.8998. Time: 5.9186 us. Best GFLOPs: 31.0734
2024-05-21 11:00:52 [INFO] [task_scheduler.cc:131] [Task #12: fused_nn_contrib_depthwise_conv2d_NCHWc_add_clip_4] Trial #101: GFLOPs: 9.4005. Time: 6.8626 us. Best GFLOPs: 31.0734
2024-05-21 11:00:52 [INFO] [task_scheduler.cc:131] [Task #12: fused_nn_contrib_depthwise_conv2d_NCHWc_add_clip_4] Trial #102: GFLOPs: 9.0729. Time: 7.1104 us. Best GFLOPs: 31.0734
2024-05-21 11:00:52 [INFO] [task_scheduler.cc:131] [Task #12: fused_nn_contrib_depthwise_conv2d_NCHWc_add_clip_4] Trial #103: GFLOPs: 9.8137. Time: 6.5737 us. Best GFLOPs: 31.0734
2024-05-21 11:00:52 [INFO] [task_scheduler.cc:131] [Task #12: fused_nn_contrib_depthwise_conv2d_NCHWc_add_clip_4] Trial #104: GFLOPs: 7.5171. Time: 8.5820 us. Best GFLOPs: 31.0734
2024-05-21 11:00:52 [INFO] [task_scheduler.cc:131] [Task #12: fused_nn_contrib_depthwise_conv2d_NCHWc_add_clip_4] Trial #105: GFLOPs: 9.2025. Time: 7.0103 us. Best GFLOPs: 31.0734
2024-05-21 11:00:52 [INFO] [task_scheduler.cc:131] [Task #12: fused_nn_contrib_depthwise_conv2d_NCHWc_add_clip_4] Trial #106: GFLOPs: 10.3436. Time: 6.2369 us. Best GFLOPs: 31.0734
2024-05-21 11:00:52 [INFO] [task_scheduler.cc:131] [Task #12: fused_nn_contrib_depthwise_conv2d_NCHWc_add_clip_4] Trial #107: GFLOPs: 9.2704. Time: 6.9589 us. Best GFLOPs: 31.0734
2024-05-21 11:00:52 [INFO] [task_scheduler.cc:131] [Task #12: fused_nn_contrib_depthwise_conv2d_NCHWc_add_clip_4] Trial #108: GFLOPs: 9.6528. Time: 6.6833 us. Best GFLOPs: 31.0734
2024-05-21 11:00:52 [INFO] [task_scheduler.cc:131] [Task #12: fused_nn_contrib_depthwise_conv2d_NCHWc_add_clip_4] Trial #109: GFLOPs: 9.5037. Time: 6.7881 us. Best GFLOPs: 31.0734
2024-05-21 11:00:52 [INFO] [task_scheduler.cc:131] [Task #12: fused_nn_contrib_depthwise_conv2d_NCHWc_add_clip_4] Trial #110: GFLOPs: 7.9002. Time: 8.1658 us. Best GFLOPs: 31.0734
2024-05-21 11:00:52 [INFO] [task_scheduler.cc:131] [Task #12: fused_nn_contrib_depthwise_conv2d_NCHWc_add_clip_4] Trial #111: GFLOPs: 8.7583. Time: 7.3659 us. Best GFLOPs: 31.0734
2024-05-21 11:00:52 [INFO] [task_scheduler.cc:131] [Task #12: fused_nn_contrib_depthwise_conv2d_NCHWc_add_clip_4] Trial #112: GFLOPs: 9.6910. Time: 6.6569 us. Best GFLOPs: 31.0734
2024-05-21 11:00:52 [INFO] [task_scheduler.cc:131] [Task #12: fused_nn_contrib_depthwise_conv2d_NCHWc_add_clip_4] Trial #113: GFLOPs: 10.0002. Time: 6.4511 us. Best GFLOPs: 31.0734
2024-05-21 11:00:52 [INFO] [task_scheduler.cc:131] [Task #12: fused_nn_contrib_depthwise_conv2d_NCHWc_add_clip_4] Trial #114: GFLOPs: 7.6698. Time: 8.4112 us. Best GFLOPs: 31.0734
2024-05-21 11:00:52 [INFO] [task_scheduler.cc:131] [Task #12: fused_nn_contrib_depthwise_conv2d_NCHWc_add_clip_4] Trial #115: GFLOPs: 10.3468. Time: 6.2350 us. Best GFLOPs: 31.0734
2024-05-21 11:00:52 [INFO] [task_scheduler.cc:131] [Task #12: fused_nn_contrib_depthwise_conv2d_NCHWc_add_clip_4] Trial #116: GFLOPs: 11.4761. Time: 5.6214 us. Best GFLOPs: 31.0734
2024-05-21 11:00:52 [INFO] [task_scheduler.cc:131] [Task #12: fused_nn_contrib_depthwise_conv2d_NCHWc_add_clip_4] Trial #117: GFLOPs: 11.4617. Time: 5.6285 us. Best GFLOPs: 31.0734
2024-05-21 11:00:52 [INFO] [task_scheduler.cc:131] [Task #12: fused_nn_contrib_depthwise_conv2d_NCHWc_add_clip_4] Trial #118: GFLOPs: 11.5316. Time: 5.5944 us. Best GFLOPs: 31.0734
2024-05-21 11:00:52 [INFO] [task_scheduler.cc:131] [Task #12: fused_nn_contrib_depthwise_conv2d_NCHWc_add_clip_4] Trial #119: GFLOPs: 10.3206. Time: 6.2508 us. Best GFLOPs: 31.0734
2024-05-21 11:00:52 [INFO] [task_scheduler.cc:131] [Task #12: fused_nn_contrib_depthwise_conv2d_NCHWc_add_clip_4] Trial #120: GFLOPs: 11.3876. Time: 5.6651 us. Best GFLOPs: 31.0734
2024-05-21 11:00:52 [INFO] [task_scheduler.cc:131] [Task #12: fused_nn_contrib_depthwise_conv2d_NCHWc_add_clip_4] Trial #121: GFLOPs: 8.2778. Time: 7.7934 us. Best GFLOPs: 31.0734
2024-05-21 11:00:52 [INFO] [task_scheduler.cc:131] [Task #12: fused_nn_contrib_depthwise_conv2d_NCHWc_add_clip_4] Trial #122: GFLOPs: 7.5830. Time: 8.5074 us. Best GFLOPs: 31.0734
2024-05-21 11:00:52 [INFO] [task_scheduler.cc:131] [Task #12: fused_nn_contrib_depthwise_conv2d_NCHWc_add_clip_4] Trial #123: GFLOPs: 9.8232. Time: 6.5673 us. Best GFLOPs: 31.0734
2024-05-21 11:00:52 [INFO] [task_scheduler.cc:131] [Task #12: fused_nn_contrib_depthwise_conv2d_NCHWc_add_clip_4] Trial #124: GFLOPs: 10.9967. Time: 5.8665 us. Best GFLOPs: 31.0734
2024-05-21 11:00:52 [INFO] [task_scheduler.cc:131] [Task #12: fused_nn_contrib_depthwise_conv2d_NCHWc_add_clip_4] Trial #125: GFLOPs: 12.0396. Time: 5.3583 us. Best GFLOPs: 31.0734
2024-05-21 11:00:52 [INFO] [task_scheduler.cc:131] [Task #12: fused_nn_contrib_depthwise_conv2d_NCHWc_add_clip_4] Trial #126: GFLOPs: 4.0138. Time: 16.0726 us. Best GFLOPs: 31.0734
2024-05-21 11:00:52 [INFO] [task_scheduler.cc:131] [Task #12: fused_nn_contrib_depthwise_conv2d_NCHWc_add_clip_4] Trial #127: GFLOPs: 3.2455. Time: 19.8773 us. Best GFLOPs: 31.0734
2024-05-21 11:00:52 [INFO] [task_scheduler.cc:131] [Task #12: fused_nn_contrib_depthwise_conv2d_NCHWc_add_clip_4] Trial #128: GFLOPs: 7.1414. Time: 9.0336 us. Best GFLOPs: 31.0734
