2024-05-19 18:48:37 [INFO] [task_scheduler.cc:160] Initializing Task #13: "fused_nn_contrib_conv2d_NCHWc_add_nn_relu_2"
2024-05-19 18:48:37 [INFO] [task_scheduler.cc:35] 
# from tvm.script import ir as I
# from tvm.script import tir as T

@I.ir_module
class Module:
    @T.prim_func
    def main(p0: T.Buffer((T.int64(1), T.int64(1), T.int64(56), T.int64(56), T.int64(256)), "float32"), p1: T.Buffer((T.int64(2), T.int64(1), T.int64(1), T.int64(1), T.int64(256), T.int64(32)), "float32"), p2: T.Buffer((T.int64(1), T.int64(2), T.int64(1), T.int64(1), T.int64(32)), "float32"), T_relu: T.Buffer((T.int64(1), T.int64(2), T.int64(56), T.int64(56), T.int64(32)), "float32")):
        T.func_attr({"tir.noalias": T.bool(True)})
        # with T.block("root"):
        conv2d_NCHWc = T.alloc_buffer((T.int64(1), T.int64(2), T.int64(56), T.int64(56), T.int64(32)))
        T_add = T.alloc_buffer((T.int64(1), T.int64(2), T.int64(56), T.int64(56), T.int64(32)))
        for n, oc_chunk, oh, ow, oc_block, ic, kh, kw in T.grid(T.int64(1), T.int64(2), T.int64(56), T.int64(56), T.int64(32), T.int64(256), T.int64(1), T.int64(1)):
            with T.block("conv2d_NCHWc"):
                v_n, v_oc_chunk, v_oh, v_ow, v_oc_block, v_ic, v_kh, v_kw = T.axis.remap("SSSSSRRR", [n, oc_chunk, oh, ow, oc_block, ic, kh, kw])
                T.reads(p0[v_n, v_ic // T.int64(256), v_oh + v_kh, v_ow + v_kw, v_ic % T.int64(256)], p1[v_oc_chunk, v_ic // T.int64(256), v_kh, v_kw, v_ic % T.int64(256), v_oc_block])
                T.writes(conv2d_NCHWc[v_n, v_oc_chunk, v_oh, v_ow, v_oc_block])
                with T.init():
                    conv2d_NCHWc[v_n, v_oc_chunk, v_oh, v_ow, v_oc_block] = T.float32(0)
                conv2d_NCHWc[v_n, v_oc_chunk, v_oh, v_ow, v_oc_block] = conv2d_NCHWc[v_n, v_oc_chunk, v_oh, v_ow, v_oc_block] + p0[v_n, v_ic // T.int64(256), v_oh + v_kh, v_ow + v_kw, v_ic % T.int64(256)] * p1[v_oc_chunk, v_ic // T.int64(256), v_kh, v_kw, v_ic % T.int64(256), v_oc_block]
        for ax0, ax1, ax2, ax3, ax4 in T.grid(T.int64(1), T.int64(2), T.int64(56), T.int64(56), T.int64(32)):
            with T.block("T_add"):
                v_ax0, v_ax1, v_ax2, v_ax3, v_ax4 = T.axis.remap("SSSSS", [ax0, ax1, ax2, ax3, ax4])
                T.reads(conv2d_NCHWc[v_ax0, v_ax1, v_ax2, v_ax3, v_ax4], p2[v_ax0, v_ax1, T.int64(0), T.int64(0), v_ax4])
                T.writes(T_add[v_ax0, v_ax1, v_ax2, v_ax3, v_ax4])
                T_add[v_ax0, v_ax1, v_ax2, v_ax3, v_ax4] = conv2d_NCHWc[v_ax0, v_ax1, v_ax2, v_ax3, v_ax4] + p2[v_ax0, v_ax1, T.int64(0), T.int64(0), v_ax4]
        for ax0, ax1, ax2, ax3, ax4 in T.grid(T.int64(1), T.int64(2), T.int64(56), T.int64(56), T.int64(32)):
            with T.block("T_relu"):
                v_ax0, v_ax1, v_ax2, v_ax3, v_ax4 = T.axis.remap("SSSSS", [ax0, ax1, ax2, ax3, ax4])
                T.reads(T_add[v_ax0, v_ax1, v_ax2, v_ax3, v_ax4])
                T.writes(T_relu[v_ax0, v_ax1, v_ax2, v_ax3, v_ax4])
                T_relu[v_ax0, v_ax1, v_ax2, v_ax3, v_ax4] = T.max(T_add[v_ax0, v_ax1, v_ax2, v_ax3, v_ax4], T.float32(0))
2024-05-19 18:48:37 [INFO] [task_scheduler.cc:164] Total 3 design space(s) generated
2024-05-19 18:48:37 [INFO] [task_scheduler.cc:170] Design space #0:
# from tvm.script import ir as I
# from tvm.script import tir as T

@I.ir_module
class Module:
    @T.prim_func
    def main(p0: T.Buffer((T.int64(1), T.int64(1), T.int64(56), T.int64(56), T.int64(256)), "float32"), p1: T.Buffer((T.int64(2), T.int64(1), T.int64(1), T.int64(1), T.int64(256), T.int64(32)), "float32"), p2: T.Buffer((T.int64(1), T.int64(2), T.int64(1), T.int64(1), T.int64(32)), "float32"), T_relu: T.Buffer((T.int64(1), T.int64(2), T.int64(56), T.int64(56), T.int64(32)), "float32")):
        T.func_attr({"tir.noalias": T.bool(True)})
        with T.block("root"):
            T.reads()
            T.writes()
            T.block_attr({"meta_schedule.parallel": 96, "meta_schedule.unroll_explicit": 16, "meta_schedule.vectorize": 64})
            conv2d_NCHWc = T.alloc_buffer((T.int64(1), T.int64(2), T.int64(56), T.int64(56), T.int64(32)))
            for n_0, oc_chunk_0, oh_0, ow_0, oc_block_0, n_1, oc_chunk_1, oh_1, ow_1, oc_block_1, ic_0, kh_0, kw_0, n_2, oc_chunk_2, oh_2, ow_2, oc_block_2, ic_1, kh_1, kw_1, n_3, oc_chunk_3, oh_3, ow_3, oc_block_3 in T.grid(T.int64(1), T.int64(2), T.int64(2), T.int64(1), T.int64(2), T.int64(1), T.int64(1), T.int64(4), T.int64(7), T.int64(8), T.int64(16), T.int64(1), T.int64(1), T.int64(1), T.int64(1), T.int64(1), T.int64(4), T.int64(1), T.int64(16), T.int64(1), T.int64(1), T.int64(1), T.int64(1), T.int64(7), T.int64(2), T.int64(2)):
                with T.block("conv2d_NCHWc"):
                    v_n = T.axis.spatial(T.int64(1), n_0 + n_1 + n_2 + n_3)
                    v_oc_chunk = T.axis.spatial(T.int64(2), oc_chunk_0 + oc_chunk_1 + oc_chunk_2 + oc_chunk_3)
                    v_oh = T.axis.spatial(T.int64(56), oh_0 * T.int64(28) + oh_1 * T.int64(7) + oh_2 * T.int64(7) + oh_3)
                    v_ow = T.axis.spatial(T.int64(56), ow_0 * T.int64(56) + ow_1 * T.int64(8) + ow_2 * T.int64(2) + ow_3)
                    v_oc_block = T.axis.spatial(T.int64(32), oc_block_0 * T.int64(16) + oc_block_1 * T.int64(2) + oc_block_2 * T.int64(2) + oc_block_3)
                    v_ic = T.axis.reduce(T.int64(256), ic_0 * T.int64(16) + ic_1)
                    v_kh = T.axis.reduce(T.int64(1), kh_0 + kh_1)
                    v_kw = T.axis.reduce(T.int64(1), kw_0 + kw_1)
                    T.reads(p0[v_n, v_ic // T.int64(256), v_oh + v_kh, v_ow + v_kw, v_ic % T.int64(256)], p1[v_oc_chunk, v_ic // T.int64(256), v_kh, v_kw, v_ic % T.int64(256), v_oc_block])
                    T.writes(conv2d_NCHWc[v_n, v_oc_chunk, v_oh, v_ow, v_oc_block])
                    T.block_attr({"meta_schedule.tiling_structure": "SSRSRS"})
                    with T.init():
                        conv2d_NCHWc[v_n, v_oc_chunk, v_oh, v_ow, v_oc_block] = T.float32(0)
                    conv2d_NCHWc[v_n, v_oc_chunk, v_oh, v_ow, v_oc_block] = conv2d_NCHWc[v_n, v_oc_chunk, v_oh, v_ow, v_oc_block] + p0[v_n, v_ic // T.int64(256), v_oh + v_kh, v_ow + v_kw, v_ic % T.int64(256)] * p1[v_oc_chunk, v_ic // T.int64(256), v_kh, v_kw, v_ic % T.int64(256), v_oc_block]
            for ax0, ax1, ax2, ax3, ax4 in T.grid(T.int64(1), T.int64(2), T.int64(56), T.int64(56), T.int64(32)):
                with T.block("T_relu"):
                    v_ax0, v_ax1, v_ax2, v_ax3, v_ax4 = T.axis.remap("SSSSS", [ax0, ax1, ax2, ax3, ax4])
                    T.reads(conv2d_NCHWc[v_ax0, v_ax1, v_ax2, v_ax3, v_ax4], p2[v_ax0, v_ax1, T.int64(0), T.int64(0), v_ax4])
                    T.writes(T_relu[v_ax0, v_ax1, v_ax2, v_ax3, v_ax4])
                    T_relu[v_ax0, v_ax1, v_ax2, v_ax3, v_ax4] = T.max(conv2d_NCHWc[v_ax0, v_ax1, v_ax2, v_ax3, v_ax4] + p2[v_ax0, v_ax1, T.int64(0), T.int64(0), v_ax4], T.float32(0))
b0 = sch.get_block(name="conv2d_NCHWc", func_name="main")
b1 = sch.get_block(name="T_add", func_name="main")
b2 = sch.get_block(name="root", func_name="main")
sch.compute_inline(block=b1)
sch.annotate(block_or_loop=b0, ann_key="meta_schedule.tiling_structure", ann_val="SSRSRS")
l3, l4, l5, l6, l7, l8, l9, l10 = sch.get_loops(block=b0)
v11, v12, v13, v14 = sch.sample_perfect_tile(loop=l3, n=4, max_innermost_factor=64, decision=[1, 1, 1, 1])
l15, l16, l17, l18 = sch.split(loop=l3, factors=[v11, v12, v13, v14], preserve_unit_iters=True, disable_predication=False)
v19, v20, v21, v22 = sch.sample_perfect_tile(loop=l4, n=4, max_innermost_factor=64, decision=[2, 1, 1, 1])
l23, l24, l25, l26 = sch.split(loop=l4, factors=[v19, v20, v21, v22], preserve_unit_iters=True, disable_predication=False)
v27, v28, v29, v30 = sch.sample_perfect_tile(loop=l5, n=4, max_innermost_factor=64, decision=[2, 4, 1, 7])
l31, l32, l33, l34 = sch.split(loop=l5, factors=[v27, v28, v29, v30], preserve_unit_iters=True, disable_predication=False)
v35, v36, v37, v38 = sch.sample_perfect_tile(loop=l6, n=4, max_innermost_factor=64, decision=[1, 7, 4, 2])
l39, l40, l41, l42 = sch.split(loop=l6, factors=[v35, v36, v37, v38], preserve_unit_iters=True, disable_predication=False)
v43, v44, v45, v46 = sch.sample_perfect_tile(loop=l7, n=4, max_innermost_factor=64, decision=[2, 8, 1, 2])
l47, l48, l49, l50 = sch.split(loop=l7, factors=[v43, v44, v45, v46], preserve_unit_iters=True, disable_predication=False)
v51, v52 = sch.sample_perfect_tile(loop=l8, n=2, max_innermost_factor=64, decision=[16, 16])
l53, l54 = sch.split(loop=l8, factors=[v51, v52], preserve_unit_iters=True, disable_predication=False)
v55, v56 = sch.sample_perfect_tile(loop=l9, n=2, max_innermost_factor=64, decision=[1, 1])
l57, l58 = sch.split(loop=l9, factors=[v55, v56], preserve_unit_iters=True, disable_predication=False)
v59, v60 = sch.sample_perfect_tile(loop=l10, n=2, max_innermost_factor=64, decision=[1, 1])
l61, l62 = sch.split(loop=l10, factors=[v59, v60], preserve_unit_iters=True, disable_predication=False)
sch.reorder(l15, l23, l31, l39, l47, l16, l24, l32, l40, l48, l53, l57, l61, l17, l25, l33, l41, l49, l54, l58, l62, l18, l26, l34, l42, l50)
sch.annotate(block_or_loop=b2, ann_key="meta_schedule.parallel", ann_val=96)
sch.annotate(block_or_loop=b2, ann_key="meta_schedule.vectorize", ann_val=64)
v63 = sch.sample_categorical(candidates=[0, 16, 64, 512], probs=[0.25, 0.25, 0.25, 0.25], decision=1)
sch.annotate(block_or_loop=b2, ann_key="meta_schedule.unroll_explicit", ann_val=v63)
2024-05-19 18:48:37 [INFO] [task_scheduler.cc:170] Design space #1:
# from tvm.script import ir as I
# from tvm.script import tir as T

@I.ir_module
class Module:
    @T.prim_func
    def main(p0: T.Buffer((T.int64(1), T.int64(1), T.int64(56), T.int64(56), T.int64(256)), "float32"), p1: T.Buffer((T.int64(2), T.int64(1), T.int64(1), T.int64(1), T.int64(256), T.int64(32)), "float32"), p2: T.Buffer((T.int64(1), T.int64(2), T.int64(1), T.int64(1), T.int64(32)), "float32"), T_relu: T.Buffer((T.int64(1), T.int64(2), T.int64(56), T.int64(56), T.int64(32)), "float32")):
        T.func_attr({"tir.noalias": T.bool(True)})
        with T.block("root"):
            T.reads()
            T.writes()
            T.block_attr({"meta_schedule.parallel": 96, "meta_schedule.unroll_explicit": 16, "meta_schedule.vectorize": 64})
            conv2d_NCHWc = T.alloc_buffer((T.int64(1), T.int64(2), T.int64(56), T.int64(56), T.int64(32)))
            for n_0, oc_chunk_0, oh_0, ow_0, oc_block_0, n_1, oc_chunk_1, oh_1, ow_1, oc_block_1 in T.grid(T.int64(1), T.int64(2), T.int64(2), T.int64(1), T.int64(2), T.int64(1), T.int64(1), T.int64(4), T.int64(7), T.int64(8)):
                for ic_0, kh_0, kw_0, n_2, oc_chunk_2, oh_2, ow_2, oc_block_2, ic_1, kh_1, kw_1, n_3, oc_chunk_3, oh_3, ow_3, oc_block_3 in T.grid(T.int64(16), T.int64(1), T.int64(1), T.int64(1), T.int64(1), T.int64(1), T.int64(4), T.int64(1), T.int64(16), T.int64(1), T.int64(1), T.int64(1), T.int64(1), T.int64(7), T.int64(2), T.int64(2)):
                    with T.block("conv2d_NCHWc"):
                        v_n = T.axis.spatial(T.int64(1), n_0 + n_1 + n_2 + n_3)
                        v_oc_chunk = T.axis.spatial(T.int64(2), oc_chunk_0 + oc_chunk_1 + oc_chunk_2 + oc_chunk_3)
                        v_oh = T.axis.spatial(T.int64(56), oh_0 * T.int64(28) + oh_1 * T.int64(7) + oh_2 * T.int64(7) + oh_3)
                        v_ow = T.axis.spatial(T.int64(56), ow_0 * T.int64(56) + ow_1 * T.int64(8) + ow_2 * T.int64(2) + ow_3)
                        v_oc_block = T.axis.spatial(T.int64(32), oc_block_0 * T.int64(16) + oc_block_1 * T.int64(2) + oc_block_2 * T.int64(2) + oc_block_3)
                        v_ic = T.axis.reduce(T.int64(256), ic_0 * T.int64(16) + ic_1)
                        v_kh = T.axis.reduce(T.int64(1), kh_0 + kh_1)
                        v_kw = T.axis.reduce(T.int64(1), kw_0 + kw_1)
                        T.reads(p0[v_n, v_ic // T.int64(256), v_oh + v_kh, v_ow + v_kw, v_ic % T.int64(256)], p1[v_oc_chunk, v_ic // T.int64(256), v_kh, v_kw, v_ic % T.int64(256), v_oc_block])
                        T.writes(conv2d_NCHWc[v_n, v_oc_chunk, v_oh, v_ow, v_oc_block])
                        T.block_attr({"meta_schedule.tiling_structure": "SSRSRS"})
                        with T.init():
                            conv2d_NCHWc[v_n, v_oc_chunk, v_oh, v_ow, v_oc_block] = T.float32(0)
                        conv2d_NCHWc[v_n, v_oc_chunk, v_oh, v_ow, v_oc_block] = conv2d_NCHWc[v_n, v_oc_chunk, v_oh, v_ow, v_oc_block] + p0[v_n, v_ic // T.int64(256), v_oh + v_kh, v_ow + v_kw, v_ic % T.int64(256)] * p1[v_oc_chunk, v_ic // T.int64(256), v_kh, v_kw, v_ic % T.int64(256), v_oc_block]
                for ax0, ax1, ax2, ax3, ax4 in T.grid(T.int64(1), T.int64(1), T.int64(7), T.int64(8), T.int64(2)):
                    with T.block("T_relu"):
                        v_ax0 = T.axis.spatial(T.int64(1), ax0)
                        v_ax1 = T.axis.spatial(T.int64(2), oc_chunk_0 + ax1)
                        v_ax2 = T.axis.spatial(T.int64(56), oh_0 * T.int64(28) + oh_1 * T.int64(7) + ax2)
                        v_ax3 = T.axis.spatial(T.int64(56), ow_1 * T.int64(8) + ax3)
                        v_ax4 = T.axis.spatial(T.int64(32), oc_block_0 * T.int64(16) + oc_block_1 * T.int64(2) + ax4)
                        T.reads(conv2d_NCHWc[v_ax0, v_ax1, v_ax2, v_ax3, v_ax4], p2[v_ax0, v_ax1, T.int64(0), T.int64(0), v_ax4])
                        T.writes(T_relu[v_ax0, v_ax1, v_ax2, v_ax3, v_ax4])
                        T_relu[v_ax0, v_ax1, v_ax2, v_ax3, v_ax4] = T.max(conv2d_NCHWc[v_ax0, v_ax1, v_ax2, v_ax3, v_ax4] + p2[v_ax0, v_ax1, T.int64(0), T.int64(0), v_ax4], T.float32(0))
b0 = sch.get_block(name="conv2d_NCHWc", func_name="main")
b1 = sch.get_block(name="T_add", func_name="main")
b2 = sch.get_block(name="root", func_name="main")
sch.compute_inline(block=b1)
sch.annotate(block_or_loop=b0, ann_key="meta_schedule.tiling_structure", ann_val="SSRSRS")
l3, l4, l5, l6, l7, l8, l9, l10 = sch.get_loops(block=b0)
v11, v12, v13, v14 = sch.sample_perfect_tile(loop=l3, n=4, max_innermost_factor=64, decision=[1, 1, 1, 1])
l15, l16, l17, l18 = sch.split(loop=l3, factors=[v11, v12, v13, v14], preserve_unit_iters=True, disable_predication=False)
v19, v20, v21, v22 = sch.sample_perfect_tile(loop=l4, n=4, max_innermost_factor=64, decision=[2, 1, 1, 1])
l23, l24, l25, l26 = sch.split(loop=l4, factors=[v19, v20, v21, v22], preserve_unit_iters=True, disable_predication=False)
v27, v28, v29, v30 = sch.sample_perfect_tile(loop=l5, n=4, max_innermost_factor=64, decision=[2, 4, 1, 7])
l31, l32, l33, l34 = sch.split(loop=l5, factors=[v27, v28, v29, v30], preserve_unit_iters=True, disable_predication=False)
v35, v36, v37, v38 = sch.sample_perfect_tile(loop=l6, n=4, max_innermost_factor=64, decision=[1, 7, 4, 2])
l39, l40, l41, l42 = sch.split(loop=l6, factors=[v35, v36, v37, v38], preserve_unit_iters=True, disable_predication=False)
v43, v44, v45, v46 = sch.sample_perfect_tile(loop=l7, n=4, max_innermost_factor=64, decision=[2, 8, 1, 2])
l47, l48, l49, l50 = sch.split(loop=l7, factors=[v43, v44, v45, v46], preserve_unit_iters=True, disable_predication=False)
v51, v52 = sch.sample_perfect_tile(loop=l8, n=2, max_innermost_factor=64, decision=[16, 16])
l53, l54 = sch.split(loop=l8, factors=[v51, v52], preserve_unit_iters=True, disable_predication=False)
v55, v56 = sch.sample_perfect_tile(loop=l9, n=2, max_innermost_factor=64, decision=[1, 1])
l57, l58 = sch.split(loop=l9, factors=[v55, v56], preserve_unit_iters=True, disable_predication=False)
v59, v60 = sch.sample_perfect_tile(loop=l10, n=2, max_innermost_factor=64, decision=[1, 1])
l61, l62 = sch.split(loop=l10, factors=[v59, v60], preserve_unit_iters=True, disable_predication=False)
sch.reorder(l15, l23, l31, l39, l47, l16, l24, l32, l40, l48, l53, l57, l61, l17, l25, l33, l41, l49, l54, l58, l62, l18, l26, l34, l42, l50)
b63, = sch.get_consumers(block=b0)
sch.reverse_compute_at(block=b63, loop=l48, preserve_unit_loops=True, index=-1)
sch.annotate(block_or_loop=b2, ann_key="meta_schedule.parallel", ann_val=96)
sch.annotate(block_or_loop=b2, ann_key="meta_schedule.vectorize", ann_val=64)
v64 = sch.sample_categorical(candidates=[0, 16, 64, 512], probs=[0.25, 0.25, 0.25, 0.25], decision=1)
sch.annotate(block_or_loop=b2, ann_key="meta_schedule.unroll_explicit", ann_val=v64)
2024-05-19 18:48:37 [INFO] [task_scheduler.cc:170] Design space #2:
# from tvm.script import ir as I
# from tvm.script import tir as T

@I.ir_module
class Module:
    @T.prim_func
    def main(p0: T.Buffer((T.int64(1), T.int64(1), T.int64(56), T.int64(56), T.int64(256)), "float32"), p1: T.Buffer((T.int64(2), T.int64(1), T.int64(1), T.int64(1), T.int64(256), T.int64(32)), "float32"), p2: T.Buffer((T.int64(1), T.int64(2), T.int64(1), T.int64(1), T.int64(32)), "float32"), T_relu: T.Buffer((T.int64(1), T.int64(2), T.int64(56), T.int64(56), T.int64(32)), "float32")):
        T.func_attr({"tir.noalias": T.bool(True)})
        with T.block("root"):
            T.reads()
            T.writes()
            T.block_attr({"meta_schedule.parallel": 96, "meta_schedule.unroll_explicit": 64, "meta_schedule.vectorize": 64})
            conv2d_NCHWc = T.alloc_buffer((T.int64(1), T.int64(2), T.int64(56), T.int64(56), T.int64(32)))
            for n_0, oc_chunk_0, oh_0, ow_0, oc_block_0 in T.grid(T.int64(1), T.int64(2), T.int64(2), T.int64(1), T.int64(2)):
                for n_1, oc_chunk_1, oh_1, ow_1, oc_block_1, ic_0, kh_0, kw_0, n_2, oc_chunk_2, oh_2, ow_2, oc_block_2, ic_1, kh_1, kw_1, n_3, oc_chunk_3, oh_3, ow_3, oc_block_3 in T.grid(T.int64(1), T.int64(1), T.int64(4), T.int64(7), T.int64(8), T.int64(16), T.int64(1), T.int64(1), T.int64(1), T.int64(1), T.int64(1), T.int64(4), T.int64(1), T.int64(16), T.int64(1), T.int64(1), T.int64(1), T.int64(1), T.int64(7), T.int64(2), T.int64(2)):
                    with T.block("conv2d_NCHWc"):
                        v_n = T.axis.spatial(T.int64(1), n_0 + n_1 + n_2 + n_3)
                        v_oc_chunk = T.axis.spatial(T.int64(2), oc_chunk_0 + oc_chunk_1 + oc_chunk_2 + oc_chunk_3)
                        v_oh = T.axis.spatial(T.int64(56), oh_0 * T.int64(28) + oh_1 * T.int64(7) + oh_2 * T.int64(7) + oh_3)
                        v_ow = T.axis.spatial(T.int64(56), ow_0 * T.int64(56) + ow_1 * T.int64(8) + ow_2 * T.int64(2) + ow_3)
                        v_oc_block = T.axis.spatial(T.int64(32), oc_block_0 * T.int64(16) + oc_block_1 * T.int64(2) + oc_block_2 * T.int64(2) + oc_block_3)
                        v_ic = T.axis.reduce(T.int64(256), ic_0 * T.int64(16) + ic_1)
                        v_kh = T.axis.reduce(T.int64(1), kh_0 + kh_1)
                        v_kw = T.axis.reduce(T.int64(1), kw_0 + kw_1)
                        T.reads(p0[v_n, v_ic // T.int64(256), v_oh + v_kh, v_ow + v_kw, v_ic % T.int64(256)], p1[v_oc_chunk, v_ic // T.int64(256), v_kh, v_kw, v_ic % T.int64(256), v_oc_block])
                        T.writes(conv2d_NCHWc[v_n, v_oc_chunk, v_oh, v_ow, v_oc_block])
                        T.block_attr({"meta_schedule.tiling_structure": "SSRSRS"})
                        with T.init():
                            conv2d_NCHWc[v_n, v_oc_chunk, v_oh, v_ow, v_oc_block] = T.float32(0)
                        conv2d_NCHWc[v_n, v_oc_chunk, v_oh, v_ow, v_oc_block] = conv2d_NCHWc[v_n, v_oc_chunk, v_oh, v_ow, v_oc_block] + p0[v_n, v_ic // T.int64(256), v_oh + v_kh, v_ow + v_kw, v_ic % T.int64(256)] * p1[v_oc_chunk, v_ic // T.int64(256), v_kh, v_kw, v_ic % T.int64(256), v_oc_block]
                for ax0, ax1, ax2, ax3, ax4 in T.grid(T.int64(1), T.int64(1), T.int64(28), T.int64(56), T.int64(16)):
                    with T.block("T_relu"):
                        v_ax0 = T.axis.spatial(T.int64(1), ax0)
                        v_ax1 = T.axis.spatial(T.int64(2), oc_chunk_0 + ax1)
                        v_ax2 = T.axis.spatial(T.int64(56), oh_0 * T.int64(28) + ax2)
                        v_ax3 = T.axis.spatial(T.int64(56), ax3)
                        v_ax4 = T.axis.spatial(T.int64(32), oc_block_0 * T.int64(16) + ax4)
                        T.reads(conv2d_NCHWc[v_ax0, v_ax1, v_ax2, v_ax3, v_ax4], p2[v_ax0, v_ax1, T.int64(0), T.int64(0), v_ax4])
                        T.writes(T_relu[v_ax0, v_ax1, v_ax2, v_ax3, v_ax4])
                        T_relu[v_ax0, v_ax1, v_ax2, v_ax3, v_ax4] = T.max(conv2d_NCHWc[v_ax0, v_ax1, v_ax2, v_ax3, v_ax4] + p2[v_ax0, v_ax1, T.int64(0), T.int64(0), v_ax4], T.float32(0))
b0 = sch.get_block(name="conv2d_NCHWc", func_name="main")
b1 = sch.get_block(name="T_add", func_name="main")
b2 = sch.get_block(name="root", func_name="main")
sch.compute_inline(block=b1)
sch.annotate(block_or_loop=b0, ann_key="meta_schedule.tiling_structure", ann_val="SSRSRS")
l3, l4, l5, l6, l7, l8, l9, l10 = sch.get_loops(block=b0)
v11, v12, v13, v14 = sch.sample_perfect_tile(loop=l3, n=4, max_innermost_factor=64, decision=[1, 1, 1, 1])
l15, l16, l17, l18 = sch.split(loop=l3, factors=[v11, v12, v13, v14], preserve_unit_iters=True, disable_predication=False)
v19, v20, v21, v22 = sch.sample_perfect_tile(loop=l4, n=4, max_innermost_factor=64, decision=[2, 1, 1, 1])
l23, l24, l25, l26 = sch.split(loop=l4, factors=[v19, v20, v21, v22], preserve_unit_iters=True, disable_predication=False)
v27, v28, v29, v30 = sch.sample_perfect_tile(loop=l5, n=4, max_innermost_factor=64, decision=[2, 4, 1, 7])
l31, l32, l33, l34 = sch.split(loop=l5, factors=[v27, v28, v29, v30], preserve_unit_iters=True, disable_predication=False)
v35, v36, v37, v38 = sch.sample_perfect_tile(loop=l6, n=4, max_innermost_factor=64, decision=[1, 7, 4, 2])
l39, l40, l41, l42 = sch.split(loop=l6, factors=[v35, v36, v37, v38], preserve_unit_iters=True, disable_predication=False)
v43, v44, v45, v46 = sch.sample_perfect_tile(loop=l7, n=4, max_innermost_factor=64, decision=[2, 8, 1, 2])
l47, l48, l49, l50 = sch.split(loop=l7, factors=[v43, v44, v45, v46], preserve_unit_iters=True, disable_predication=False)
v51, v52 = sch.sample_perfect_tile(loop=l8, n=2, max_innermost_factor=64, decision=[16, 16])
l53, l54 = sch.split(loop=l8, factors=[v51, v52], preserve_unit_iters=True, disable_predication=False)
v55, v56 = sch.sample_perfect_tile(loop=l9, n=2, max_innermost_factor=64, decision=[1, 1])
l57, l58 = sch.split(loop=l9, factors=[v55, v56], preserve_unit_iters=True, disable_predication=False)
v59, v60 = sch.sample_perfect_tile(loop=l10, n=2, max_innermost_factor=64, decision=[1, 1])
l61, l62 = sch.split(loop=l10, factors=[v59, v60], preserve_unit_iters=True, disable_predication=False)
sch.reorder(l15, l23, l31, l39, l47, l16, l24, l32, l40, l48, l53, l57, l61, l17, l25, l33, l41, l49, l54, l58, l62, l18, l26, l34, l42, l50)
b63, = sch.get_consumers(block=b0)
sch.reverse_compute_at(block=b63, loop=l47, preserve_unit_loops=True, index=-1)
sch.annotate(block_or_loop=b2, ann_key="meta_schedule.parallel", ann_val=96)
sch.annotate(block_or_loop=b2, ann_key="meta_schedule.vectorize", ann_val=64)
v64 = sch.sample_categorical(candidates=[0, 16, 64, 512], probs=[0.25, 0.25, 0.25, 0.25], decision=2)
sch.annotate(block_or_loop=b2, ann_key="meta_schedule.unroll_explicit", ann_val=v64)
2024-05-19 19:02:25 [INFO] [evolutionary_search.cc:713] Generating candidates......
2024-05-19 19:02:25 [INFO] [evolutionary_search.cc:715] Picked top 0 candidate(s) from database
2024-05-19 19:02:26 [INFO] [evolutionary_search.cc:533] Sample-Init-Population summary:
Postproc #0 [meta_schedule.DisallowDynamicLoop(0xd66fe68)]: 0 failure(s)
Postproc #1 [meta_schedule.RewriteParallelVectorizeUnroll(0xc1a7ab8)]: 0 failure(s)
Postproc #2 [meta_schedule.RewriteReductionBlock(0xeb8a818)]: 0 failure(s)
Postproc #3 [meta_schedule.RewriteLayout(0xdb85e38)]: 0 failure(s)
2024-05-19 19:02:26 [INFO] [evolutionary_search.cc:723] Sampled 512 candidate(s)
2024-05-19 19:02:27 [INFO] [evolutionary_search.cc:621] Evolve iter #0 done. Summary:
Postproc #0 [meta_schedule.DisallowDynamicLoop(0xd66fe68)]: 0 failure(s)
Postproc #1 [meta_schedule.RewriteParallelVectorizeUnroll(0xc1a7ab8)]: 0 failure(s)
Postproc #2 [meta_schedule.RewriteReductionBlock(0xeb8a818)]: 0 failure(s)
Postproc #3 [meta_schedule.RewriteLayout(0xdb85e38)]: 0 failure(s)
2024-05-19 19:02:28 [INFO] [evolutionary_search.cc:621] Evolve iter #1 done. Summary:
Postproc #0 [meta_schedule.DisallowDynamicLoop(0xd66fe68)]: 0 failure(s)
Postproc #1 [meta_schedule.RewriteParallelVectorizeUnroll(0xc1a7ab8)]: 0 failure(s)
Postproc #2 [meta_schedule.RewriteReductionBlock(0xeb8a818)]: 0 failure(s)
Postproc #3 [meta_schedule.RewriteLayout(0xdb85e38)]: 0 failure(s)
2024-05-19 19:02:30 [INFO] [evolutionary_search.cc:621] Evolve iter #2 done. Summary:
Postproc #0 [meta_schedule.DisallowDynamicLoop(0xd66fe68)]: 0 failure(s)
Postproc #1 [meta_schedule.RewriteParallelVectorizeUnroll(0xc1a7ab8)]: 0 failure(s)
Postproc #2 [meta_schedule.RewriteReductionBlock(0xeb8a818)]: 0 failure(s)
Postproc #3 [meta_schedule.RewriteLayout(0xdb85e38)]: 0 failure(s)
2024-05-19 19:02:31 [INFO] [evolutionary_search.cc:621] Evolve iter #3 done. Summary:
Postproc #0 [meta_schedule.DisallowDynamicLoop(0xd66fe68)]: 0 failure(s)
Postproc #1 [meta_schedule.RewriteParallelVectorizeUnroll(0xc1a7ab8)]: 0 failure(s)
Postproc #2 [meta_schedule.RewriteReductionBlock(0xeb8a818)]: 0 failure(s)
Postproc #3 [meta_schedule.RewriteLayout(0xdb85e38)]: 0 failure(s)
2024-05-19 19:02:31 [INFO] [evolutionary_search.cc:649] Scores of the best 64 candidates:
[1 : 16]:	0.9999  0.9990  0.9989  0.9986  0.9980  0.9979  0.9968  0.9959  0.9950  0.9937  0.9928  0.9920  0.9917  0.9914  0.9909  0.9904
[17 : 32]:	0.9903  0.9901  0.9898  0.9876  0.9874  0.9874  0.9873  0.9873  0.9857  0.9852  0.9852  0.9848  0.9848  0.9846  0.9846  0.9845
[33 : 48]:	0.9839  0.9832  0.9814  0.9814  0.9811  0.9805  0.9797  0.9792  0.9792  0.9786  0.9785  0.9784  0.9777  0.9776  0.9774  0.9764
[49 : 64]:	0.9761  0.9756  0.9753  0.9735  0.9722  0.9720  0.9708  0.9692  0.9690  0.9682  0.9668  0.9663  0.9659  0.9658  0.9656  0.9655
2024-05-19 19:02:31 [INFO] [evolutionary_search.cc:727] Got 64 candidate(s) with evolutionary search
2024-05-19 19:02:31 [INFO] [evolutionary_search.cc:730] Sending 64 candidates(s) for measurement
2024-05-19 19:42:17 [INFO] [task_scheduler.cc:131] [Task #13: fused_nn_contrib_conv2d_NCHWc_add_nn_relu_2] Trial #1: GFLOPs: 26.6055. Time: 3877.4608 us. Best GFLOPs: 26.6055
2024-05-19 19:42:17 [INFO] [task_scheduler.cc:131] [Task #13: fused_nn_contrib_conv2d_NCHWc_add_nn_relu_2] Trial #2: GFLOPs: 23.0257. Time: 4480.2977 us. Best GFLOPs: 26.6055
2024-05-19 19:42:17 [INFO] [task_scheduler.cc:131] [Task #13: fused_nn_contrib_conv2d_NCHWc_add_nn_relu_2] Trial #3: GFLOPs: 16.5202. Time: 6244.5985 us. Best GFLOPs: 26.6055
2024-05-19 19:42:17 [INFO] [task_scheduler.cc:131] [Task #13: fused_nn_contrib_conv2d_NCHWc_add_nn_relu_2] Trial #4: GFLOPs: 171.6137. Time: 601.1284 us. Best GFLOPs: 171.6137
2024-05-19 19:42:17 [INFO] [task_scheduler.cc:131] [Task #13: fused_nn_contrib_conv2d_NCHWc_add_nn_relu_2] Trial #5: GFLOPs: 12.4223. Time: 8304.5995 us. Best GFLOPs: 171.6137
2024-05-19 19:42:17 [INFO] [task_scheduler.cc:131] [Task #13: fused_nn_contrib_conv2d_NCHWc_add_nn_relu_2] Trial #6: GFLOPs: 19.4778. Time: 5296.3820 us. Best GFLOPs: 171.6137
2024-05-19 19:42:17 [INFO] [task_scheduler.cc:131] [Task #13: fused_nn_contrib_conv2d_NCHWc_add_nn_relu_2] Trial #7: GFLOPs: 40.7864. Time: 2529.3197 us. Best GFLOPs: 171.6137
2024-05-19 19:42:17 [INFO] [task_scheduler.cc:131] [Task #13: fused_nn_contrib_conv2d_NCHWc_add_nn_relu_2] Trial #8: GFLOPs: 67.8278. Time: 1520.9377 us. Best GFLOPs: 171.6137
2024-05-19 19:42:17 [INFO] [task_scheduler.cc:131] [Task #13: fused_nn_contrib_conv2d_NCHWc_add_nn_relu_2] Trial #9: GFLOPs: 16.5957. Time: 6216.1759 us. Best GFLOPs: 171.6137
2024-05-19 19:42:17 [INFO] [task_scheduler.cc:131] [Task #13: fused_nn_contrib_conv2d_NCHWc_add_nn_relu_2] Trial #10: GFLOPs: 17.7029. Time: 5827.3961 us. Best GFLOPs: 171.6137
2024-05-19 19:42:17 [INFO] [task_scheduler.cc:131] [Task #13: fused_nn_contrib_conv2d_NCHWc_add_nn_relu_2] Trial #11: GFLOPs: 28.6640. Time: 3599.0000 us. Best GFLOPs: 171.6137
2024-05-19 19:42:17 [INFO] [task_scheduler.cc:131] [Task #13: fused_nn_contrib_conv2d_NCHWc_add_nn_relu_2] Trial #12: GFLOPs: 30.9444. Time: 3333.7782 us. Best GFLOPs: 171.6137
2024-05-19 19:42:17 [INFO] [task_scheduler.cc:131] [Task #13: fused_nn_contrib_conv2d_NCHWc_add_nn_relu_2] Trial #13: GFLOPs: 17.8043. Time: 5794.1943 us. Best GFLOPs: 171.6137
2024-05-19 19:42:17 [INFO] [task_scheduler.cc:131] [Task #13: fused_nn_contrib_conv2d_NCHWc_add_nn_relu_2] Trial #14: GFLOPs: 35.4802. Time: 2907.5923 us. Best GFLOPs: 171.6137
2024-05-19 19:42:17 [INFO] [task_scheduler.cc:131] [Task #13: fused_nn_contrib_conv2d_NCHWc_add_nn_relu_2] Trial #15: GFLOPs: 13.6149. Time: 7577.1327 us. Best GFLOPs: 171.6137
2024-05-19 19:42:17 [INFO] [task_scheduler.cc:131] [Task #13: fused_nn_contrib_conv2d_NCHWc_add_nn_relu_2] Trial #16: GFLOPs: 20.4622. Time: 5041.5881 us. Best GFLOPs: 171.6137
2024-05-19 19:42:17 [INFO] [task_scheduler.cc:131] [Task #13: fused_nn_contrib_conv2d_NCHWc_add_nn_relu_2] Trial #17: GFLOPs: 107.0898. Time: 963.3213 us. Best GFLOPs: 171.6137
2024-05-19 19:42:17 [INFO] [task_scheduler.cc:131] [Task #13: fused_nn_contrib_conv2d_NCHWc_add_nn_relu_2] Trial #18: GFLOPs: 23.4675. Time: 4395.9413 us. Best GFLOPs: 171.6137
2024-05-19 19:42:17 [INFO] [task_scheduler.cc:131] [Task #13: fused_nn_contrib_conv2d_NCHWc_add_nn_relu_2] Trial #19: GFLOPs: 49.9589. Time: 2064.9327 us. Best GFLOPs: 171.6137
2024-05-19 19:42:17 [INFO] [task_scheduler.cc:131] [Task #13: fused_nn_contrib_conv2d_NCHWc_add_nn_relu_2] Trial #20: GFLOPs: 41.9783. Time: 2457.5032 us. Best GFLOPs: 171.6137
2024-05-19 19:42:17 [INFO] [task_scheduler.cc:131] [Task #13: fused_nn_contrib_conv2d_NCHWc_add_nn_relu_2] Trial #21: GFLOPs: 47.8136. Time: 2157.5862 us. Best GFLOPs: 171.6137
2024-05-19 19:42:17 [INFO] [task_scheduler.cc:131] [Task #13: fused_nn_contrib_conv2d_NCHWc_add_nn_relu_2] Trial #22: GFLOPs: 39.5354. Time: 2609.3555 us. Best GFLOPs: 171.6137
2024-05-19 19:42:17 [INFO] [task_scheduler.cc:131] [Task #13: fused_nn_contrib_conv2d_NCHWc_add_nn_relu_2] Trial #23: GFLOPs: 89.0196. Time: 1158.8663 us. Best GFLOPs: 171.6137
2024-05-19 19:42:17 [INFO] [task_scheduler.cc:131] [Task #13: fused_nn_contrib_conv2d_NCHWc_add_nn_relu_2] Trial #24: GFLOPs: 32.0960. Time: 3214.1666 us. Best GFLOPs: 171.6137
2024-05-19 19:42:17 [INFO] [task_scheduler.cc:131] [Task #13: fused_nn_contrib_conv2d_NCHWc_add_nn_relu_2] Trial #25: GFLOPs: 6.2433. Time: 16523.6335 us. Best GFLOPs: 171.6137
2024-05-19 19:42:17 [INFO] [task_scheduler.cc:131] [Task #13: fused_nn_contrib_conv2d_NCHWc_add_nn_relu_2] Trial #26: GFLOPs: 6.5157. Time: 15832.8875 us. Best GFLOPs: 171.6137
2024-05-19 19:42:17 [INFO] [task_scheduler.cc:131] [Task #13: fused_nn_contrib_conv2d_NCHWc_add_nn_relu_2] Trial #27: GFLOPs: 12.6298. Time: 8168.1255 us. Best GFLOPs: 171.6137
2024-05-19 19:42:17 [INFO] [task_scheduler.cc:131] [Task #13: fused_nn_contrib_conv2d_NCHWc_add_nn_relu_2] Trial #28: GFLOPs: 8.3636. Time: 12334.5960 us. Best GFLOPs: 171.6137
2024-05-19 19:42:17 [INFO] [task_scheduler.cc:131] [Task #13: fused_nn_contrib_conv2d_NCHWc_add_nn_relu_2] Trial #29: GFLOPs: 7.7016. Time: 13394.8237 us. Best GFLOPs: 171.6137
2024-05-19 19:42:17 [INFO] [task_scheduler.cc:131] [Task #13: fused_nn_contrib_conv2d_NCHWc_add_nn_relu_2] Trial #30: GFLOPs: 16.2728. Time: 6339.5362 us. Best GFLOPs: 171.6137
2024-05-19 19:42:17 [INFO] [task_scheduler.cc:131] [Task #13: fused_nn_contrib_conv2d_NCHWc_add_nn_relu_2] Trial #31: GFLOPs: 27.7015. Time: 3724.0534 us. Best GFLOPs: 171.6137
2024-05-19 19:42:17 [INFO] [task_scheduler.cc:131] [Task #13: fused_nn_contrib_conv2d_NCHWc_add_nn_relu_2] Trial #32: GFLOPs: 17.0766. Time: 6041.1407 us. Best GFLOPs: 171.6137
2024-05-19 19:42:17 [INFO] [task_scheduler.cc:131] [Task #13: fused_nn_contrib_conv2d_NCHWc_add_nn_relu_2] Trial #33: GFLOPs: 14.9662. Time: 6893.0072 us. Best GFLOPs: 171.6137
2024-05-19 19:42:17 [INFO] [task_scheduler.cc:131] [Task #13: fused_nn_contrib_conv2d_NCHWc_add_nn_relu_2] Trial #34: GFLOPs: 14.2180. Time: 7255.7173 us. Best GFLOPs: 171.6137
2024-05-19 19:42:17 [INFO] [task_scheduler.cc:131] [Task #13: fused_nn_contrib_conv2d_NCHWc_add_nn_relu_2] Trial #35: GFLOPs: 9.1401. Time: 11286.7835 us. Best GFLOPs: 171.6137
2024-05-19 19:42:17 [INFO] [task_scheduler.cc:131] [Task #13: fused_nn_contrib_conv2d_NCHWc_add_nn_relu_2] Trial #36: GFLOPs: 118.2331. Time: 872.5290 us. Best GFLOPs: 171.6137
2024-05-19 19:42:17 [INFO] [task_scheduler.cc:131] [Task #13: fused_nn_contrib_conv2d_NCHWc_add_nn_relu_2] Trial #37: GFLOPs: 69.6997. Time: 1480.0900 us. Best GFLOPs: 171.6137
2024-05-19 19:42:17 [INFO] [task_scheduler.cc:131] [Task #13: fused_nn_contrib_conv2d_NCHWc_add_nn_relu_2] Trial #38: GFLOPs: 33.0024. Time: 3125.8900 us. Best GFLOPs: 171.6137
2024-05-19 19:42:17 [INFO] [task_scheduler.cc:131] [Task #13: fused_nn_contrib_conv2d_NCHWc_add_nn_relu_2] Trial #39: GFLOPs: 1.8257. Time: 56504.3872 us. Best GFLOPs: 171.6137
2024-05-19 19:42:17 [INFO] [task_scheduler.cc:131] [Task #13: fused_nn_contrib_conv2d_NCHWc_add_nn_relu_2] Trial #40: GFLOPs: 37.5288. Time: 2748.8696 us. Best GFLOPs: 171.6137
2024-05-19 19:42:17 [INFO] [task_scheduler.cc:131] [Task #13: fused_nn_contrib_conv2d_NCHWc_add_nn_relu_2] Trial #41: GFLOPs: 59.6039. Time: 1730.7909 us. Best GFLOPs: 171.6137
2024-05-19 19:42:17 [INFO] [task_scheduler.cc:131] [Task #13: fused_nn_contrib_conv2d_NCHWc_add_nn_relu_2] Trial #42: GFLOPs: 27.7737. Time: 3714.3743 us. Best GFLOPs: 171.6137
2024-05-19 19:42:17 [INFO] [task_scheduler.cc:131] [Task #13: fused_nn_contrib_conv2d_NCHWc_add_nn_relu_2] Trial #43: GFLOPs: 34.1720. Time: 3018.9007 us. Best GFLOPs: 171.6137
2024-05-19 19:42:17 [INFO] [task_scheduler.cc:131] [Task #13: fused_nn_contrib_conv2d_NCHWc_add_nn_relu_2] Trial #44: GFLOPs: 9.1133. Time: 11319.9319 us. Best GFLOPs: 171.6137
2024-05-19 19:42:17 [INFO] [task_scheduler.cc:131] [Task #13: fused_nn_contrib_conv2d_NCHWc_add_nn_relu_2] Trial #45: GFLOPs: 13.9040. Time: 7419.5744 us. Best GFLOPs: 171.6137
2024-05-19 19:42:17 [INFO] [task_scheduler.cc:131] [Task #13: fused_nn_contrib_conv2d_NCHWc_add_nn_relu_2] Trial #46: GFLOPs: 12.8101. Time: 8053.1672 us. Best GFLOPs: 171.6137
2024-05-19 19:42:17 [INFO] [task_scheduler.cc:131] [Task #13: fused_nn_contrib_conv2d_NCHWc_add_nn_relu_2] Trial #47: GFLOPs: 7.8707. Time: 13107.0494 us. Best GFLOPs: 171.6137
2024-05-19 19:42:17 [INFO] [task_scheduler.cc:131] [Task #13: fused_nn_contrib_conv2d_NCHWc_add_nn_relu_2] Trial #48: GFLOPs: 21.6962. Time: 4754.8267 us. Best GFLOPs: 171.6137
2024-05-19 19:42:17 [INFO] [task_scheduler.cc:131] [Task #13: fused_nn_contrib_conv2d_NCHWc_add_nn_relu_2] Trial #49: GFLOPs: 29.3894. Time: 3510.1726 us. Best GFLOPs: 171.6137
2024-05-19 19:42:17 [INFO] [task_scheduler.cc:131] [Task #13: fused_nn_contrib_conv2d_NCHWc_add_nn_relu_2] Trial #50: GFLOPs: 16.6791. Time: 6185.1136 us. Best GFLOPs: 171.6137
2024-05-19 19:42:17 [INFO] [task_scheduler.cc:131] [Task #13: fused_nn_contrib_conv2d_NCHWc_add_nn_relu_2] Trial #51: GFLOPs: 32.8374. Time: 3141.5921 us. Best GFLOPs: 171.6137
2024-05-19 19:42:17 [INFO] [task_scheduler.cc:131] [Task #13: fused_nn_contrib_conv2d_NCHWc_add_nn_relu_2] Trial #52: GFLOPs: 21.2264. Time: 4860.0688 us. Best GFLOPs: 171.6137
2024-05-19 19:42:17 [INFO] [task_scheduler.cc:131] [Task #13: fused_nn_contrib_conv2d_NCHWc_add_nn_relu_2] Trial #53: GFLOPs: 14.7029. Time: 7016.4357 us. Best GFLOPs: 171.6137
2024-05-19 19:42:17 [INFO] [task_scheduler.cc:131] [Task #13: fused_nn_contrib_conv2d_NCHWc_add_nn_relu_2] Trial #54: GFLOPs: 88.9930. Time: 1159.2136 us. Best GFLOPs: 171.6137
2024-05-19 19:42:17 [INFO] [task_scheduler.cc:131] [Task #13: fused_nn_contrib_conv2d_NCHWc_add_nn_relu_2] Trial #55: GFLOPs: 62.8691. Time: 1640.9001 us. Best GFLOPs: 171.6137
2024-05-19 19:42:17 [INFO] [task_scheduler.cc:131] [Task #13: fused_nn_contrib_conv2d_NCHWc_add_nn_relu_2] Trial #56: GFLOPs: 40.8438. Time: 2525.7674 us. Best GFLOPs: 171.6137
2024-05-19 19:42:17 [INFO] [task_scheduler.cc:131] [Task #13: fused_nn_contrib_conv2d_NCHWc_add_nn_relu_2] Trial #57: GFLOPs: 77.7391. Time: 1327.0270 us. Best GFLOPs: 171.6137
2024-05-19 19:42:17 [INFO] [task_scheduler.cc:131] [Task #13: fused_nn_contrib_conv2d_NCHWc_add_nn_relu_2] Trial #58: GFLOPs: 169.9536. Time: 607.0000 us. Best GFLOPs: 171.6137
2024-05-19 19:42:17 [INFO] [task_scheduler.cc:131] [Task #13: fused_nn_contrib_conv2d_NCHWc_add_nn_relu_2] Trial #59: GFLOPs: 55.2677. Time: 1866.5855 us. Best GFLOPs: 171.6137
2024-05-19 19:42:17 [INFO] [task_scheduler.cc:131] [Task #13: fused_nn_contrib_conv2d_NCHWc_add_nn_relu_2] Trial #60: GFLOPs: 7.8745. Time: 13100.6978 us. Best GFLOPs: 171.6137
2024-05-19 19:42:17 [INFO] [task_scheduler.cc:131] [Task #13: fused_nn_contrib_conv2d_NCHWc_add_nn_relu_2] Trial #61: GFLOPs: 224.5607. Time: 459.3941 us. Best GFLOPs: 224.5607
2024-05-19 19:42:17 [INFO] [task_scheduler.cc:131] [Task #13: fused_nn_contrib_conv2d_NCHWc_add_nn_relu_2] Trial #62: GFLOPs: 2.8940. Time: 35647.4032 us. Best GFLOPs: 224.5607
2024-05-19 19:42:17 [INFO] [task_scheduler.cc:131] [Task #13: fused_nn_contrib_conv2d_NCHWc_add_nn_relu_2] Trial #63: GFLOPs: 45.2208. Time: 2281.2915 us. Best GFLOPs: 224.5607
2024-05-19 19:42:17 [INFO] [task_scheduler.cc:131] [Task #13: fused_nn_contrib_conv2d_NCHWc_add_nn_relu_2] Trial #64: GFLOPs: 16.1061. Time: 6405.1517 us. Best GFLOPs: 224.5607
2024-05-19 20:41:45 [INFO] [evolutionary_search.cc:713] Generating candidates......
2024-05-19 20:41:45 [INFO] [evolutionary_search.cc:715] Picked top 64 candidate(s) from database
2024-05-19 20:41:46 [INFO] [evolutionary_search.cc:533] Sample-Init-Population summary:
Postproc #0 [meta_schedule.DisallowDynamicLoop(0xd66fe68)]: 0 failure(s)
Postproc #1 [meta_schedule.RewriteParallelVectorizeUnroll(0xc1a7ab8)]: 0 failure(s)
Postproc #2 [meta_schedule.RewriteReductionBlock(0xeb8a818)]: 0 failure(s)
Postproc #3 [meta_schedule.RewriteLayout(0xdb85e38)]: 0 failure(s)
2024-05-19 20:41:46 [INFO] [evolutionary_search.cc:723] Sampled 448 candidate(s)
2024-05-19 20:41:49 [INFO] [evolutionary_search.cc:621] Evolve iter #0 done. Summary:
Postproc #0 [meta_schedule.DisallowDynamicLoop(0xd66fe68)]: 0 failure(s)
Postproc #1 [meta_schedule.RewriteParallelVectorizeUnroll(0xc1a7ab8)]: 0 failure(s)
Postproc #2 [meta_schedule.RewriteReductionBlock(0xeb8a818)]: 0 failure(s)
Postproc #3 [meta_schedule.RewriteLayout(0xdb85e38)]: 0 failure(s)
2024-05-19 20:41:51 [INFO] [evolutionary_search.cc:621] Evolve iter #1 done. Summary:
Postproc #0 [meta_schedule.DisallowDynamicLoop(0xd66fe68)]: 0 failure(s)
Postproc #1 [meta_schedule.RewriteParallelVectorizeUnroll(0xc1a7ab8)]: 0 failure(s)
Postproc #2 [meta_schedule.RewriteReductionBlock(0xeb8a818)]: 0 failure(s)
Postproc #3 [meta_schedule.RewriteLayout(0xdb85e38)]: 0 failure(s)
2024-05-19 20:41:54 [INFO] [evolutionary_search.cc:621] Evolve iter #2 done. Summary:
Postproc #0 [meta_schedule.DisallowDynamicLoop(0xd66fe68)]: 0 failure(s)
Postproc #1 [meta_schedule.RewriteParallelVectorizeUnroll(0xc1a7ab8)]: 0 failure(s)
Postproc #2 [meta_schedule.RewriteReductionBlock(0xeb8a818)]: 0 failure(s)
Postproc #3 [meta_schedule.RewriteLayout(0xdb85e38)]: 0 failure(s)
2024-05-19 20:41:57 [INFO] [evolutionary_search.cc:621] Evolve iter #3 done. Summary:
Postproc #0 [meta_schedule.DisallowDynamicLoop(0xd66fe68)]: 0 failure(s)
Postproc #1 [meta_schedule.RewriteParallelVectorizeUnroll(0xc1a7ab8)]: 0 failure(s)
Postproc #2 [meta_schedule.RewriteReductionBlock(0xeb8a818)]: 0 failure(s)
Postproc #3 [meta_schedule.RewriteLayout(0xdb85e38)]: 0 failure(s)
2024-05-19 20:41:58 [INFO] [evolutionary_search.cc:649] Scores of the best 64 candidates:
[1 : 16]:	0.8997  0.8742  0.8404  0.8226  0.8150  0.8035  0.8005  0.7830  0.7649  0.7649  0.7610  0.7515  0.7455  0.7406  0.7389  0.7334
[17 : 32]:	0.7286  0.7238  0.7238  0.7153  0.7147  0.7129  0.7110  0.7107  0.7053  0.7029  0.7029  0.7028  0.6997  0.6994  0.6993  0.6988
[33 : 48]:	0.6973  0.6973  0.6967  0.6952  0.6952  0.6914  0.6914  0.6911  0.6911  0.6898  0.6891  0.6880  0.6859  0.6849  0.6840  0.6836
[49 : 64]:	0.6836  0.6831  0.6821  0.6818  0.6813  0.6808  0.6806  0.6803  0.6798  0.6798  0.6792  0.6783  0.6772  0.6769  0.6745  0.6745
2024-05-19 20:41:58 [INFO] [evolutionary_search.cc:727] Got 64 candidate(s) with evolutionary search
2024-05-19 20:41:58 [INFO] [evolutionary_search.cc:730] Sending 64 candidates(s) for measurement
2024-05-19 20:43:33 [INFO] [task_scheduler.cc:131] [Task #13: fused_nn_contrib_conv2d_NCHWc_add_nn_relu_2] Trial #65: GFLOPs: 209.2541. Time: 492.9981 us. Best GFLOPs: 224.5607
2024-05-19 20:43:33 [INFO] [task_scheduler.cc:131] [Task #13: fused_nn_contrib_conv2d_NCHWc_add_nn_relu_2] Trial #66: GFLOPs: 219.6679. Time: 469.6264 us. Best GFLOPs: 224.5607
2024-05-19 20:43:33 [INFO] [task_scheduler.cc:131] [Task #13: fused_nn_contrib_conv2d_NCHWc_add_nn_relu_2] Trial #67: GFLOPs: 207.4470. Time: 497.2925 us. Best GFLOPs: 224.5607
2024-05-19 20:43:33 [INFO] [task_scheduler.cc:131] [Task #13: fused_nn_contrib_conv2d_NCHWc_add_nn_relu_2] Trial #68: GFLOPs: 168.7664. Time: 611.2700 us. Best GFLOPs: 224.5607
2024-05-19 20:43:33 [INFO] [task_scheduler.cc:131] [Task #13: fused_nn_contrib_conv2d_NCHWc_add_nn_relu_2] Trial #69: GFLOPs: 194.9709. Time: 529.1140 us. Best GFLOPs: 224.5607
2024-05-19 20:43:33 [INFO] [task_scheduler.cc:131] [Task #13: fused_nn_contrib_conv2d_NCHWc_add_nn_relu_2] Trial #70: GFLOPs: 174.0696. Time: 592.6473 us. Best GFLOPs: 224.5607
2024-05-19 20:43:33 [INFO] [task_scheduler.cc:131] [Task #13: fused_nn_contrib_conv2d_NCHWc_add_nn_relu_2] Trial #71: GFLOPs: 189.8701. Time: 543.3285 us. Best GFLOPs: 224.5607
2024-05-19 20:43:33 [INFO] [task_scheduler.cc:131] [Task #13: fused_nn_contrib_conv2d_NCHWc_add_nn_relu_2] Trial #72: GFLOPs: 175.5759. Time: 587.5626 us. Best GFLOPs: 224.5607
2024-05-19 20:43:33 [INFO] [task_scheduler.cc:131] [Task #13: fused_nn_contrib_conv2d_NCHWc_add_nn_relu_2] Trial #73: GFLOPs: 194.8986. Time: 529.3105 us. Best GFLOPs: 224.5607
2024-05-19 20:43:33 [INFO] [task_scheduler.cc:131] [Task #13: fused_nn_contrib_conv2d_NCHWc_add_nn_relu_2] Trial #74: GFLOPs: 190.0951. Time: 542.6856 us. Best GFLOPs: 224.5607
2024-05-19 20:43:33 [INFO] [task_scheduler.cc:131] [Task #13: fused_nn_contrib_conv2d_NCHWc_add_nn_relu_2] Trial #75: GFLOPs: 197.5373. Time: 522.2399 us. Best GFLOPs: 224.5607
2024-05-19 20:43:33 [INFO] [task_scheduler.cc:131] [Task #13: fused_nn_contrib_conv2d_NCHWc_add_nn_relu_2] Trial #76: GFLOPs: 167.8828. Time: 614.4874 us. Best GFLOPs: 224.5607
2024-05-19 20:43:33 [INFO] [task_scheduler.cc:131] [Task #13: fused_nn_contrib_conv2d_NCHWc_add_nn_relu_2] Trial #77: GFLOPs: 72.2370. Time: 1428.1026 us. Best GFLOPs: 224.5607
2024-05-19 20:43:33 [INFO] [task_scheduler.cc:131] [Task #13: fused_nn_contrib_conv2d_NCHWc_add_nn_relu_2] Trial #78: GFLOPs: 188.7421. Time: 546.5756 us. Best GFLOPs: 224.5607
2024-05-19 20:43:33 [INFO] [task_scheduler.cc:131] [Task #13: fused_nn_contrib_conv2d_NCHWc_add_nn_relu_2] Trial #79: GFLOPs: 194.8106. Time: 529.5494 us. Best GFLOPs: 224.5607
2024-05-19 20:43:33 [INFO] [task_scheduler.cc:131] [Task #13: fused_nn_contrib_conv2d_NCHWc_add_nn_relu_2] Trial #80: GFLOPs: 107.9968. Time: 955.2304 us. Best GFLOPs: 224.5607
2024-05-19 20:43:33 [INFO] [task_scheduler.cc:131] [Task #13: fused_nn_contrib_conv2d_NCHWc_add_nn_relu_2] Trial #81: GFLOPs: 181.9859. Time: 566.8673 us. Best GFLOPs: 224.5607
2024-05-19 20:43:33 [INFO] [task_scheduler.cc:131] [Task #13: fused_nn_contrib_conv2d_NCHWc_add_nn_relu_2] Trial #82: GFLOPs: 216.8097. Time: 475.8174 us. Best GFLOPs: 224.5607
2024-05-19 20:43:33 [INFO] [task_scheduler.cc:131] [Task #13: fused_nn_contrib_conv2d_NCHWc_add_nn_relu_2] Trial #83: GFLOPs: 149.6196. Time: 689.4940 us. Best GFLOPs: 224.5607
2024-05-19 20:43:33 [INFO] [task_scheduler.cc:131] [Task #13: fused_nn_contrib_conv2d_NCHWc_add_nn_relu_2] Trial #84: GFLOPs: 183.1835. Time: 563.1612 us. Best GFLOPs: 224.5607
2024-05-19 20:43:33 [INFO] [task_scheduler.cc:131] [Task #13: fused_nn_contrib_conv2d_NCHWc_add_nn_relu_2] Trial #85: GFLOPs: 88.4711. Time: 1166.0516 us. Best GFLOPs: 224.5607
2024-05-19 20:43:33 [INFO] [task_scheduler.cc:131] [Task #13: fused_nn_contrib_conv2d_NCHWc_add_nn_relu_2] Trial #86: GFLOPs: 142.5815. Time: 723.5290 us. Best GFLOPs: 224.5607
2024-05-19 20:43:33 [INFO] [task_scheduler.cc:131] [Task #13: fused_nn_contrib_conv2d_NCHWc_add_nn_relu_2] Trial #87: GFLOPs: 131.7337. Time: 783.1091 us. Best GFLOPs: 224.5607
2024-05-19 20:43:33 [INFO] [task_scheduler.cc:131] [Task #13: fused_nn_contrib_conv2d_NCHWc_add_nn_relu_2] Trial #88: GFLOPs: 161.8440. Time: 637.4153 us. Best GFLOPs: 224.5607
2024-05-19 20:43:33 [INFO] [task_scheduler.cc:131] [Task #13: fused_nn_contrib_conv2d_NCHWc_add_nn_relu_2] Trial #89: GFLOPs: 114.7305. Time: 899.1669 us. Best GFLOPs: 224.5607
2024-05-19 20:43:33 [INFO] [task_scheduler.cc:131] [Task #13: fused_nn_contrib_conv2d_NCHWc_add_nn_relu_2] Trial #90: GFLOPs: 125.1475. Time: 824.3219 us. Best GFLOPs: 224.5607
2024-05-19 20:43:33 [INFO] [task_scheduler.cc:131] [Task #13: fused_nn_contrib_conv2d_NCHWc_add_nn_relu_2] Trial #91: GFLOPs: 165.8961. Time: 621.8462 us. Best GFLOPs: 224.5607
2024-05-19 20:43:33 [INFO] [task_scheduler.cc:131] [Task #13: fused_nn_contrib_conv2d_NCHWc_add_nn_relu_2] Trial #92: GFLOPs: 165.3697. Time: 623.8256 us. Best GFLOPs: 224.5607
2024-05-19 20:43:33 [INFO] [task_scheduler.cc:131] [Task #13: fused_nn_contrib_conv2d_NCHWc_add_nn_relu_2] Trial #93: GFLOPs: 172.6074. Time: 597.6675 us. Best GFLOPs: 224.5607
2024-05-19 20:43:33 [INFO] [task_scheduler.cc:131] [Task #13: fused_nn_contrib_conv2d_NCHWc_add_nn_relu_2] Trial #94: GFLOPs: 196.4713. Time: 525.0735 us. Best GFLOPs: 224.5607
2024-05-19 20:43:33 [INFO] [task_scheduler.cc:131] [Task #13: fused_nn_contrib_conv2d_NCHWc_add_nn_relu_2] Trial #95: GFLOPs: 126.2441. Time: 817.1617 us. Best GFLOPs: 224.5607
2024-05-19 20:43:33 [INFO] [task_scheduler.cc:131] [Task #13: fused_nn_contrib_conv2d_NCHWc_add_nn_relu_2] Trial #96: GFLOPs: 163.1867. Time: 632.1706 us. Best GFLOPs: 224.5607
2024-05-19 20:43:33 [INFO] [task_scheduler.cc:131] [Task #13: fused_nn_contrib_conv2d_NCHWc_add_nn_relu_2] Trial #97: GFLOPs: 171.3644. Time: 602.0027 us. Best GFLOPs: 224.5607
2024-05-19 20:43:33 [INFO] [task_scheduler.cc:131] [Task #13: fused_nn_contrib_conv2d_NCHWc_add_nn_relu_2] Trial #98: GFLOPs: 214.0436. Time: 481.9666 us. Best GFLOPs: 224.5607
2024-05-19 20:43:33 [INFO] [task_scheduler.cc:131] [Task #13: fused_nn_contrib_conv2d_NCHWc_add_nn_relu_2] Trial #99: GFLOPs: 67.9734. Time: 1517.6791 us. Best GFLOPs: 224.5607
2024-05-19 20:43:33 [INFO] [task_scheduler.cc:131] [Task #13: fused_nn_contrib_conv2d_NCHWc_add_nn_relu_2] Trial #100: GFLOPs: 88.2018. Time: 1169.6113 us. Best GFLOPs: 224.5607
2024-05-19 20:43:33 [INFO] [task_scheduler.cc:131] [Task #13: fused_nn_contrib_conv2d_NCHWc_add_nn_relu_2] Trial #101: GFLOPs: 93.1629. Time: 1107.3278 us. Best GFLOPs: 224.5607
2024-05-19 20:43:33 [INFO] [task_scheduler.cc:131] [Task #13: fused_nn_contrib_conv2d_NCHWc_add_nn_relu_2] Trial #102: GFLOPs: 150.8043. Time: 684.0776 us. Best GFLOPs: 224.5607
2024-05-19 20:43:33 [INFO] [task_scheduler.cc:131] [Task #13: fused_nn_contrib_conv2d_NCHWc_add_nn_relu_2] Trial #103: GFLOPs: 148.5114. Time: 694.6393 us. Best GFLOPs: 224.5607
2024-05-19 20:43:33 [INFO] [task_scheduler.cc:131] [Task #13: fused_nn_contrib_conv2d_NCHWc_add_nn_relu_2] Trial #104: GFLOPs: 163.4008. Time: 631.3423 us. Best GFLOPs: 224.5607
2024-05-19 20:43:33 [INFO] [task_scheduler.cc:131] [Task #13: fused_nn_contrib_conv2d_NCHWc_add_nn_relu_2] Trial #105: GFLOPs: 163.9844. Time: 629.0957 us. Best GFLOPs: 224.5607
2024-05-19 20:43:33 [INFO] [task_scheduler.cc:131] [Task #13: fused_nn_contrib_conv2d_NCHWc_add_nn_relu_2] Trial #106: GFLOPs: 110.7601. Time: 931.3990 us. Best GFLOPs: 224.5607
2024-05-19 20:43:33 [INFO] [task_scheduler.cc:131] [Task #13: fused_nn_contrib_conv2d_NCHWc_add_nn_relu_2] Trial #107: GFLOPs: 129.6324. Time: 795.8033 us. Best GFLOPs: 224.5607
2024-05-19 20:43:33 [INFO] [task_scheduler.cc:131] [Task #13: fused_nn_contrib_conv2d_NCHWc_add_nn_relu_2] Trial #108: GFLOPs: 148.7899. Time: 693.3393 us. Best GFLOPs: 224.5607
2024-05-19 20:43:33 [INFO] [task_scheduler.cc:131] [Task #13: fused_nn_contrib_conv2d_NCHWc_add_nn_relu_2] Trial #109: GFLOPs: 112.2543. Time: 919.0015 us. Best GFLOPs: 224.5607
2024-05-19 20:43:33 [INFO] [task_scheduler.cc:131] [Task #13: fused_nn_contrib_conv2d_NCHWc_add_nn_relu_2] Trial #110: GFLOPs: 105.3573. Time: 979.1616 us. Best GFLOPs: 224.5607
2024-05-19 20:43:33 [INFO] [task_scheduler.cc:131] [Task #13: fused_nn_contrib_conv2d_NCHWc_add_nn_relu_2] Trial #111: GFLOPs: 130.4673. Time: 790.7102 us. Best GFLOPs: 224.5607
2024-05-19 20:43:33 [INFO] [task_scheduler.cc:131] [Task #13: fused_nn_contrib_conv2d_NCHWc_add_nn_relu_2] Trial #112: GFLOPs: 162.3631. Time: 635.3776 us. Best GFLOPs: 224.5607
2024-05-19 20:43:33 [INFO] [task_scheduler.cc:131] [Task #13: fused_nn_contrib_conv2d_NCHWc_add_nn_relu_2] Trial #113: GFLOPs: 108.2849. Time: 952.6891 us. Best GFLOPs: 224.5607
2024-05-19 20:43:33 [INFO] [task_scheduler.cc:131] [Task #13: fused_nn_contrib_conv2d_NCHWc_add_nn_relu_2] Trial #114: GFLOPs: 154.7259. Time: 666.7395 us. Best GFLOPs: 224.5607
2024-05-19 20:43:33 [INFO] [task_scheduler.cc:131] [Task #13: fused_nn_contrib_conv2d_NCHWc_add_nn_relu_2] Trial #115: GFLOPs: 149.7169. Time: 689.0460 us. Best GFLOPs: 224.5607
2024-05-19 20:43:33 [INFO] [task_scheduler.cc:131] [Task #13: fused_nn_contrib_conv2d_NCHWc_add_nn_relu_2] Trial #116: GFLOPs: 173.2640. Time: 595.4027 us. Best GFLOPs: 224.5607
2024-05-19 20:43:33 [INFO] [task_scheduler.cc:131] [Task #13: fused_nn_contrib_conv2d_NCHWc_add_nn_relu_2] Trial #117: GFLOPs: 153.0442. Time: 674.0660 us. Best GFLOPs: 224.5607
2024-05-19 20:43:33 [INFO] [task_scheduler.cc:131] [Task #13: fused_nn_contrib_conv2d_NCHWc_add_nn_relu_2] Trial #118: GFLOPs: 116.5610. Time: 885.0458 us. Best GFLOPs: 224.5607
2024-05-19 20:43:33 [INFO] [task_scheduler.cc:131] [Task #13: fused_nn_contrib_conv2d_NCHWc_add_nn_relu_2] Trial #119: GFLOPs: 114.1483. Time: 903.7532 us. Best GFLOPs: 224.5607
2024-05-19 20:43:33 [INFO] [task_scheduler.cc:131] [Task #13: fused_nn_contrib_conv2d_NCHWc_add_nn_relu_2] Trial #120: GFLOPs: 179.5226. Time: 574.6454 us. Best GFLOPs: 224.5607
2024-05-19 20:43:33 [INFO] [task_scheduler.cc:131] [Task #13: fused_nn_contrib_conv2d_NCHWc_add_nn_relu_2] Trial #121: GFLOPs: 112.1277. Time: 920.0390 us. Best GFLOPs: 224.5607
2024-05-19 20:43:33 [INFO] [task_scheduler.cc:131] [Task #13: fused_nn_contrib_conv2d_NCHWc_add_nn_relu_2] Trial #122: GFLOPs: 144.1662. Time: 715.5760 us. Best GFLOPs: 224.5607
2024-05-19 20:43:33 [INFO] [task_scheduler.cc:131] [Task #13: fused_nn_contrib_conv2d_NCHWc_add_nn_relu_2] Trial #123: GFLOPs: 153.3157. Time: 672.8722 us. Best GFLOPs: 224.5607
2024-05-19 20:43:33 [INFO] [task_scheduler.cc:131] [Task #13: fused_nn_contrib_conv2d_NCHWc_add_nn_relu_2] Trial #124: GFLOPs: 202.6623. Time: 509.0332 us. Best GFLOPs: 224.5607
2024-05-19 20:43:33 [INFO] [task_scheduler.cc:131] [Task #13: fused_nn_contrib_conv2d_NCHWc_add_nn_relu_2] Trial #125: GFLOPs: 190.8734. Time: 540.4726 us. Best GFLOPs: 224.5607
2024-05-19 20:43:33 [INFO] [task_scheduler.cc:131] [Task #13: fused_nn_contrib_conv2d_NCHWc_add_nn_relu_2] Trial #126: GFLOPs: 19.1745. Time: 5380.1505 us. Best GFLOPs: 224.5607
2024-05-19 20:43:33 [INFO] [task_scheduler.cc:131] [Task #13: fused_nn_contrib_conv2d_NCHWc_add_nn_relu_2] Trial #127: GFLOPs: 14.0471. Time: 7344.0214 us. Best GFLOPs: 224.5607
2024-05-19 20:43:33 [INFO] [task_scheduler.cc:131] [Task #13: fused_nn_contrib_conv2d_NCHWc_add_nn_relu_2] Trial #128: GFLOPs: 29.2786. Time: 3523.4556 us. Best GFLOPs: 224.5607
2024-05-19 21:22:57 [INFO] [evolutionary_search.cc:713] Generating candidates......
2024-05-19 21:22:57 [INFO] [evolutionary_search.cc:715] Picked top 102 candidate(s) from database
2024-05-19 21:22:58 [INFO] [evolutionary_search.cc:533] Sample-Init-Population summary:
Postproc #0 [meta_schedule.DisallowDynamicLoop(0xd66fe68)]: 0 failure(s)
Postproc #1 [meta_schedule.RewriteParallelVectorizeUnroll(0xc1a7ab8)]: 0 failure(s)
Postproc #2 [meta_schedule.RewriteReductionBlock(0xeb8a818)]: 0 failure(s)
Postproc #3 [meta_schedule.RewriteLayout(0xdb85e38)]: 0 failure(s)
2024-05-19 21:22:58 [INFO] [evolutionary_search.cc:723] Sampled 410 candidate(s)
2024-05-19 21:23:01 [INFO] [evolutionary_search.cc:621] Evolve iter #0 done. Summary:
Postproc #0 [meta_schedule.DisallowDynamicLoop(0xd66fe68)]: 0 failure(s)
Postproc #1 [meta_schedule.RewriteParallelVectorizeUnroll(0xc1a7ab8)]: 0 failure(s)
Postproc #2 [meta_schedule.RewriteReductionBlock(0xeb8a818)]: 0 failure(s)
Postproc #3 [meta_schedule.RewriteLayout(0xdb85e38)]: 0 failure(s)
2024-05-19 21:23:04 [INFO] [evolutionary_search.cc:621] Evolve iter #1 done. Summary:
Postproc #0 [meta_schedule.DisallowDynamicLoop(0xd66fe68)]: 0 failure(s)
Postproc #1 [meta_schedule.RewriteParallelVectorizeUnroll(0xc1a7ab8)]: 0 failure(s)
Postproc #2 [meta_schedule.RewriteReductionBlock(0xeb8a818)]: 0 failure(s)
Postproc #3 [meta_schedule.RewriteLayout(0xdb85e38)]: 0 failure(s)
2024-05-19 21:23:06 [INFO] [evolutionary_search.cc:621] Evolve iter #2 done. Summary:
Postproc #0 [meta_schedule.DisallowDynamicLoop(0xd66fe68)]: 0 failure(s)
Postproc #1 [meta_schedule.RewriteParallelVectorizeUnroll(0xc1a7ab8)]: 0 failure(s)
Postproc #2 [meta_schedule.RewriteReductionBlock(0xeb8a818)]: 0 failure(s)
Postproc #3 [meta_schedule.RewriteLayout(0xdb85e38)]: 0 failure(s)
2024-05-19 21:23:09 [INFO] [evolutionary_search.cc:621] Evolve iter #3 done. Summary:
Postproc #0 [meta_schedule.DisallowDynamicLoop(0xd66fe68)]: 0 failure(s)
Postproc #1 [meta_schedule.RewriteParallelVectorizeUnroll(0xc1a7ab8)]: 0 failure(s)
Postproc #2 [meta_schedule.RewriteReductionBlock(0xeb8a818)]: 0 failure(s)
Postproc #3 [meta_schedule.RewriteLayout(0xdb85e38)]: 0 failure(s)
2024-05-19 21:23:11 [INFO] [evolutionary_search.cc:649] Scores of the best 64 candidates:
[1 : 16]:	0.9338  0.9272  0.9084  0.9068  0.9021  0.9012  0.9004  0.8936  0.8933  0.8909  0.8908  0.8875  0.8751  0.8685  0.8682  0.8658
[17 : 32]:	0.8655  0.8641  0.8628  0.8607  0.8593  0.8592  0.8568  0.8568  0.8564  0.8543  0.8526  0.8514  0.8500  0.8500  0.8485  0.8465
[33 : 48]:	0.8438  0.8425  0.8409  0.8409  0.8403  0.8401  0.8401  0.8364  0.8348  0.8340  0.8327  0.8296  0.8291  0.8253  0.8212  0.8171
[49 : 64]:	0.8165  0.8152  0.8147  0.8123  0.8123  0.8114  0.8105  0.8070  0.8036  0.8036  0.8025  0.7999  0.7996  0.7994  0.7986  0.7966
2024-05-19 21:23:11 [INFO] [evolutionary_search.cc:727] Got 64 candidate(s) with evolutionary search
2024-05-19 21:23:11 [INFO] [evolutionary_search.cc:730] Sending 64 candidates(s) for measurement
2024-05-19 21:24:44 [INFO] [task_scheduler.cc:131] [Task #13: fused_nn_contrib_conv2d_NCHWc_add_nn_relu_2] Trial #129: GFLOPs: 194.0218. Time: 531.7024 us. Best GFLOPs: 224.5607
2024-05-19 21:24:44 [INFO] [task_scheduler.cc:131] [Task #13: fused_nn_contrib_conv2d_NCHWc_add_nn_relu_2] Trial #130: GFLOPs: 206.7327. Time: 499.0107 us. Best GFLOPs: 224.5607
2024-05-19 21:24:44 [INFO] [task_scheduler.cc:131] [Task #13: fused_nn_contrib_conv2d_NCHWc_add_nn_relu_2] Trial #131: GFLOPs: 212.4742. Time: 485.5265 us. Best GFLOPs: 224.5607
2024-05-19 21:24:44 [INFO] [task_scheduler.cc:131] [Task #13: fused_nn_contrib_conv2d_NCHWc_add_nn_relu_2] Trial #132: GFLOPs: 203.9760. Time: 505.7549 us. Best GFLOPs: 224.5607
2024-05-19 21:24:44 [INFO] [task_scheduler.cc:131] [Task #13: fused_nn_contrib_conv2d_NCHWc_add_nn_relu_2] Trial #133: GFLOPs: 209.0656. Time: 493.4426 us. Best GFLOPs: 224.5607
2024-05-19 21:24:44 [INFO] [task_scheduler.cc:131] [Task #13: fused_nn_contrib_conv2d_NCHWc_add_nn_relu_2] Trial #134: GFLOPs: 162.6643. Time: 634.2009 us. Best GFLOPs: 224.5607
2024-05-19 21:24:44 [INFO] [task_scheduler.cc:131] [Task #13: fused_nn_contrib_conv2d_NCHWc_add_nn_relu_2] Trial #135: GFLOPs: 179.0981. Time: 576.0075 us. Best GFLOPs: 224.5607
2024-05-19 21:24:44 [INFO] [task_scheduler.cc:131] [Task #13: fused_nn_contrib_conv2d_NCHWc_add_nn_relu_2] Trial #136: GFLOPs: 195.4641. Time: 527.7789 us. Best GFLOPs: 224.5607
2024-05-19 21:24:44 [INFO] [task_scheduler.cc:131] [Task #13: fused_nn_contrib_conv2d_NCHWc_add_nn_relu_2] Trial #137: GFLOPs: 199.7442. Time: 516.4697 us. Best GFLOPs: 224.5607
2024-05-19 21:24:44 [INFO] [task_scheduler.cc:131] [Task #13: fused_nn_contrib_conv2d_NCHWc_add_nn_relu_2] Trial #138: GFLOPs: 185.0012. Time: 557.6280 us. Best GFLOPs: 224.5607
2024-05-19 21:24:44 [INFO] [task_scheduler.cc:131] [Task #13: fused_nn_contrib_conv2d_NCHWc_add_nn_relu_2] Trial #139: GFLOPs: 181.0763. Time: 569.7148 us. Best GFLOPs: 224.5607
2024-05-19 21:24:44 [INFO] [task_scheduler.cc:131] [Task #13: fused_nn_contrib_conv2d_NCHWc_add_nn_relu_2] Trial #140: GFLOPs: 214.0324. Time: 481.9918 us. Best GFLOPs: 224.5607
2024-05-19 21:24:44 [INFO] [task_scheduler.cc:131] [Task #13: fused_nn_contrib_conv2d_NCHWc_add_nn_relu_2] Trial #141: GFLOPs: 203.8978. Time: 505.9488 us. Best GFLOPs: 224.5607
2024-05-19 21:24:44 [INFO] [task_scheduler.cc:131] [Task #13: fused_nn_contrib_conv2d_NCHWc_add_nn_relu_2] Trial #142: GFLOPs: 158.1627. Time: 652.2514 us. Best GFLOPs: 224.5607
2024-05-19 21:24:44 [INFO] [task_scheduler.cc:131] [Task #13: fused_nn_contrib_conv2d_NCHWc_add_nn_relu_2] Trial #143: GFLOPs: 179.1245. Time: 575.9228 us. Best GFLOPs: 224.5607
2024-05-19 21:24:44 [INFO] [task_scheduler.cc:131] [Task #13: fused_nn_contrib_conv2d_NCHWc_add_nn_relu_2] Trial #144: GFLOPs: 199.7610. Time: 516.4264 us. Best GFLOPs: 224.5607
2024-05-19 21:24:44 [INFO] [task_scheduler.cc:131] [Task #13: fused_nn_contrib_conv2d_NCHWc_add_nn_relu_2] Trial #145: GFLOPs: 230.0345. Time: 448.4626 us. Best GFLOPs: 230.0345
2024-05-19 21:24:44 [INFO] [task_scheduler.cc:131] [Task #13: fused_nn_contrib_conv2d_NCHWc_add_nn_relu_2] Trial #146: GFLOPs: 193.3932. Time: 533.4306 us. Best GFLOPs: 230.0345
2024-05-19 21:24:44 [INFO] [task_scheduler.cc:131] [Task #13: fused_nn_contrib_conv2d_NCHWc_add_nn_relu_2] Trial #147: GFLOPs: 199.2883. Time: 517.6513 us. Best GFLOPs: 230.0345
2024-05-19 21:24:44 [INFO] [task_scheduler.cc:131] [Task #13: fused_nn_contrib_conv2d_NCHWc_add_nn_relu_2] Trial #148: GFLOPs: 202.9792. Time: 508.2385 us. Best GFLOPs: 230.0345
2024-05-19 21:24:44 [INFO] [task_scheduler.cc:131] [Task #13: fused_nn_contrib_conv2d_NCHWc_add_nn_relu_2] Trial #149: GFLOPs: 194.6887. Time: 529.8812 us. Best GFLOPs: 230.0345
2024-05-19 21:24:44 [INFO] [task_scheduler.cc:131] [Task #13: fused_nn_contrib_conv2d_NCHWc_add_nn_relu_2] Trial #150: GFLOPs: 170.9515. Time: 603.4568 us. Best GFLOPs: 230.0345
2024-05-19 21:24:44 [INFO] [task_scheduler.cc:131] [Task #13: fused_nn_contrib_conv2d_NCHWc_add_nn_relu_2] Trial #151: GFLOPs: 187.0624. Time: 551.4836 us. Best GFLOPs: 230.0345
2024-05-19 21:24:44 [INFO] [task_scheduler.cc:131] [Task #13: fused_nn_contrib_conv2d_NCHWc_add_nn_relu_2] Trial #152: GFLOPs: 191.2013. Time: 539.5458 us. Best GFLOPs: 230.0345
2024-05-19 21:24:44 [INFO] [task_scheduler.cc:131] [Task #13: fused_nn_contrib_conv2d_NCHWc_add_nn_relu_2] Trial #153: GFLOPs: 206.6571. Time: 499.1933 us. Best GFLOPs: 230.0345
2024-05-19 21:24:44 [INFO] [task_scheduler.cc:131] [Task #13: fused_nn_contrib_conv2d_NCHWc_add_nn_relu_2] Trial #154: GFLOPs: 210.4005. Time: 490.3120 us. Best GFLOPs: 230.0345
2024-05-19 21:24:44 [INFO] [task_scheduler.cc:131] [Task #13: fused_nn_contrib_conv2d_NCHWc_add_nn_relu_2] Trial #155: GFLOPs: 208.2686. Time: 495.3309 us. Best GFLOPs: 230.0345
2024-05-19 21:24:44 [INFO] [task_scheduler.cc:131] [Task #13: fused_nn_contrib_conv2d_NCHWc_add_nn_relu_2] Trial #156: GFLOPs: 181.8813. Time: 567.1933 us. Best GFLOPs: 230.0345
2024-05-19 21:24:44 [INFO] [task_scheduler.cc:131] [Task #13: fused_nn_contrib_conv2d_NCHWc_add_nn_relu_2] Trial #157: GFLOPs: 164.7752. Time: 626.0763 us. Best GFLOPs: 230.0345
2024-05-19 21:24:44 [INFO] [task_scheduler.cc:131] [Task #13: fused_nn_contrib_conv2d_NCHWc_add_nn_relu_2] Trial #158: GFLOPs: 172.7170. Time: 597.2884 us. Best GFLOPs: 230.0345
2024-05-19 21:24:44 [INFO] [task_scheduler.cc:131] [Task #13: fused_nn_contrib_conv2d_NCHWc_add_nn_relu_2] Trial #159: GFLOPs: 187.0876. Time: 551.4095 us. Best GFLOPs: 230.0345
2024-05-19 21:24:44 [INFO] [task_scheduler.cc:131] [Task #13: fused_nn_contrib_conv2d_NCHWc_add_nn_relu_2] Trial #160: GFLOPs: 177.4917. Time: 581.2207 us. Best GFLOPs: 230.0345
2024-05-19 21:24:44 [INFO] [task_scheduler.cc:131] [Task #13: fused_nn_contrib_conv2d_NCHWc_add_nn_relu_2] Trial #161: GFLOPs: 135.8272. Time: 759.5081 us. Best GFLOPs: 230.0345
2024-05-19 21:24:44 [INFO] [task_scheduler.cc:131] [Task #13: fused_nn_contrib_conv2d_NCHWc_add_nn_relu_2] Trial #162: GFLOPs: 172.1265. Time: 599.3373 us. Best GFLOPs: 230.0345
2024-05-19 21:24:44 [INFO] [task_scheduler.cc:131] [Task #13: fused_nn_contrib_conv2d_NCHWc_add_nn_relu_2] Trial #163: GFLOPs: 178.8999. Time: 576.6458 us. Best GFLOPs: 230.0345
2024-05-19 21:24:44 [INFO] [task_scheduler.cc:131] [Task #13: fused_nn_contrib_conv2d_NCHWc_add_nn_relu_2] Trial #164: GFLOPs: 163.3038. Time: 631.7174 us. Best GFLOPs: 230.0345
2024-05-19 21:24:44 [INFO] [task_scheduler.cc:131] [Task #13: fused_nn_contrib_conv2d_NCHWc_add_nn_relu_2] Trial #165: GFLOPs: 197.4392. Time: 522.4994 us. Best GFLOPs: 230.0345
2024-05-19 21:24:44 [INFO] [task_scheduler.cc:131] [Task #13: fused_nn_contrib_conv2d_NCHWc_add_nn_relu_2] Trial #166: GFLOPs: 211.4685. Time: 487.8355 us. Best GFLOPs: 230.0345
2024-05-19 21:24:44 [INFO] [task_scheduler.cc:131] [Task #13: fused_nn_contrib_conv2d_NCHWc_add_nn_relu_2] Trial #167: GFLOPs: 203.4555. Time: 507.0487 us. Best GFLOPs: 230.0345
2024-05-19 21:24:44 [INFO] [task_scheduler.cc:131] [Task #13: fused_nn_contrib_conv2d_NCHWc_add_nn_relu_2] Trial #168: GFLOPs: 154.8926. Time: 666.0218 us. Best GFLOPs: 230.0345
2024-05-19 21:24:44 [INFO] [task_scheduler.cc:131] [Task #13: fused_nn_contrib_conv2d_NCHWc_add_nn_relu_2] Trial #169: GFLOPs: 158.1389. Time: 652.3496 us. Best GFLOPs: 230.0345
2024-05-19 21:24:44 [INFO] [task_scheduler.cc:131] [Task #13: fused_nn_contrib_conv2d_NCHWc_add_nn_relu_2] Trial #170: GFLOPs: 208.6593. Time: 494.4033 us. Best GFLOPs: 230.0345
2024-05-19 21:24:44 [INFO] [task_scheduler.cc:131] [Task #13: fused_nn_contrib_conv2d_NCHWc_add_nn_relu_2] Trial #171: GFLOPs: 228.5074. Time: 451.4595 us. Best GFLOPs: 230.0345
2024-05-19 21:24:44 [INFO] [task_scheduler.cc:131] [Task #13: fused_nn_contrib_conv2d_NCHWc_add_nn_relu_2] Trial #172: GFLOPs: 108.7470. Time: 948.6409 us. Best GFLOPs: 230.0345
2024-05-19 21:24:44 [INFO] [task_scheduler.cc:131] [Task #13: fused_nn_contrib_conv2d_NCHWc_add_nn_relu_2] Trial #173: GFLOPs: 180.7467. Time: 570.7539 us. Best GFLOPs: 230.0345
2024-05-19 21:24:44 [INFO] [task_scheduler.cc:131] [Task #13: fused_nn_contrib_conv2d_NCHWc_add_nn_relu_2] Trial #174: GFLOPs: 151.0247. Time: 683.0792 us. Best GFLOPs: 230.0345
2024-05-19 21:24:44 [INFO] [task_scheduler.cc:131] [Task #13: fused_nn_contrib_conv2d_NCHWc_add_nn_relu_2] Trial #175: GFLOPs: 171.6166. Time: 601.1180 us. Best GFLOPs: 230.0345
2024-05-19 21:24:44 [INFO] [task_scheduler.cc:131] [Task #13: fused_nn_contrib_conv2d_NCHWc_add_nn_relu_2] Trial #176: GFLOPs: 113.9998. Time: 904.9303 us. Best GFLOPs: 230.0345
2024-05-19 21:24:44 [INFO] [task_scheduler.cc:131] [Task #13: fused_nn_contrib_conv2d_NCHWc_add_nn_relu_2] Trial #177: GFLOPs: 78.8640. Time: 1308.0975 us. Best GFLOPs: 230.0345
2024-05-19 21:24:44 [INFO] [task_scheduler.cc:131] [Task #13: fused_nn_contrib_conv2d_NCHWc_add_nn_relu_2] Trial #178: GFLOPs: 166.1136. Time: 621.0318 us. Best GFLOPs: 230.0345
2024-05-19 21:24:44 [INFO] [task_scheduler.cc:131] [Task #13: fused_nn_contrib_conv2d_NCHWc_add_nn_relu_2] Trial #179: GFLOPs: 169.8883. Time: 607.2335 us. Best GFLOPs: 230.0345
2024-05-19 21:24:44 [INFO] [task_scheduler.cc:131] [Task #13: fused_nn_contrib_conv2d_NCHWc_add_nn_relu_2] Trial #180: GFLOPs: 177.0332. Time: 582.7260 us. Best GFLOPs: 230.0345
2024-05-19 21:24:44 [INFO] [task_scheduler.cc:131] [Task #13: fused_nn_contrib_conv2d_NCHWc_add_nn_relu_2] Trial #181: GFLOPs: 117.0603. Time: 881.2708 us. Best GFLOPs: 230.0345
2024-05-19 21:24:44 [INFO] [task_scheduler.cc:131] [Task #13: fused_nn_contrib_conv2d_NCHWc_add_nn_relu_2] Trial #182: GFLOPs: 204.9050. Time: 503.4618 us. Best GFLOPs: 230.0345
2024-05-19 21:24:44 [INFO] [task_scheduler.cc:131] [Task #13: fused_nn_contrib_conv2d_NCHWc_add_nn_relu_2] Trial #183: GFLOPs: 152.3321. Time: 677.2170 us. Best GFLOPs: 230.0345
2024-05-19 21:24:44 [INFO] [task_scheduler.cc:131] [Task #13: fused_nn_contrib_conv2d_NCHWc_add_nn_relu_2] Trial #184: GFLOPs: 175.4962. Time: 587.8295 us. Best GFLOPs: 230.0345
2024-05-19 21:24:44 [INFO] [task_scheduler.cc:131] [Task #13: fused_nn_contrib_conv2d_NCHWc_add_nn_relu_2] Trial #185: GFLOPs: 168.4589. Time: 612.3860 us. Best GFLOPs: 230.0345
2024-05-19 21:24:44 [INFO] [task_scheduler.cc:131] [Task #13: fused_nn_contrib_conv2d_NCHWc_add_nn_relu_2] Trial #186: GFLOPs: 162.3358. Time: 635.4841 us. Best GFLOPs: 230.0345
2024-05-19 21:24:44 [INFO] [task_scheduler.cc:131] [Task #13: fused_nn_contrib_conv2d_NCHWc_add_nn_relu_2] Trial #187: GFLOPs: 150.4729. Time: 685.5842 us. Best GFLOPs: 230.0345
2024-05-19 21:24:44 [INFO] [task_scheduler.cc:131] [Task #13: fused_nn_contrib_conv2d_NCHWc_add_nn_relu_2] Trial #188: GFLOPs: 94.6007. Time: 1090.4977 us. Best GFLOPs: 230.0345
2024-05-19 21:24:44 [INFO] [task_scheduler.cc:131] [Task #13: fused_nn_contrib_conv2d_NCHWc_add_nn_relu_2] Trial #189: GFLOPs: 185.7387. Time: 555.4140 us. Best GFLOPs: 230.0345
2024-05-19 21:24:44 [INFO] [task_scheduler.cc:131] [Task #13: fused_nn_contrib_conv2d_NCHWc_add_nn_relu_2] Trial #190: GFLOPs: 26.5125. Time: 3891.0642 us. Best GFLOPs: 230.0345
2024-05-19 21:24:44 [INFO] [task_scheduler.cc:131] [Task #13: fused_nn_contrib_conv2d_NCHWc_add_nn_relu_2] Trial #191: GFLOPs: 10.3854. Time: 9933.3999 us. Best GFLOPs: 230.0345
2024-05-19 21:24:44 [INFO] [task_scheduler.cc:131] [Task #13: fused_nn_contrib_conv2d_NCHWc_add_nn_relu_2] Trial #192: GFLOPs: 34.5178. Time: 2988.6525 us. Best GFLOPs: 230.0345
2024-05-19 21:48:02 [INFO] [evolutionary_search.cc:713] Generating candidates......
2024-05-19 21:48:03 [INFO] [evolutionary_search.cc:715] Picked top 102 candidate(s) from database
2024-05-19 21:48:04 [INFO] [evolutionary_search.cc:533] Sample-Init-Population summary:
Postproc #0 [meta_schedule.DisallowDynamicLoop(0xd66fe68)]: 0 failure(s)
Postproc #1 [meta_schedule.RewriteParallelVectorizeUnroll(0xc1a7ab8)]: 0 failure(s)
Postproc #2 [meta_schedule.RewriteReductionBlock(0xeb8a818)]: 0 failure(s)
Postproc #3 [meta_schedule.RewriteLayout(0xdb85e38)]: 0 failure(s)
2024-05-19 21:48:04 [INFO] [evolutionary_search.cc:723] Sampled 410 candidate(s)
2024-05-19 21:48:07 [INFO] [evolutionary_search.cc:621] Evolve iter #0 done. Summary:
Postproc #0 [meta_schedule.DisallowDynamicLoop(0xd66fe68)]: 0 failure(s)
Postproc #1 [meta_schedule.RewriteParallelVectorizeUnroll(0xc1a7ab8)]: 0 failure(s)
Postproc #2 [meta_schedule.RewriteReductionBlock(0xeb8a818)]: 0 failure(s)
Postproc #3 [meta_schedule.RewriteLayout(0xdb85e38)]: 0 failure(s)
2024-05-19 21:48:09 [INFO] [evolutionary_search.cc:621] Evolve iter #1 done. Summary:
Postproc #0 [meta_schedule.DisallowDynamicLoop(0xd66fe68)]: 0 failure(s)
Postproc #1 [meta_schedule.RewriteParallelVectorizeUnroll(0xc1a7ab8)]: 0 failure(s)
Postproc #2 [meta_schedule.RewriteReductionBlock(0xeb8a818)]: 0 failure(s)
Postproc #3 [meta_schedule.RewriteLayout(0xdb85e38)]: 0 failure(s)
2024-05-19 21:48:12 [INFO] [evolutionary_search.cc:621] Evolve iter #2 done. Summary:
Postproc #0 [meta_schedule.DisallowDynamicLoop(0xd66fe68)]: 0 failure(s)
Postproc #1 [meta_schedule.RewriteParallelVectorizeUnroll(0xc1a7ab8)]: 0 failure(s)
Postproc #2 [meta_schedule.RewriteReductionBlock(0xeb8a818)]: 0 failure(s)
Postproc #3 [meta_schedule.RewriteLayout(0xdb85e38)]: 0 failure(s)
2024-05-19 21:48:15 [INFO] [evolutionary_search.cc:621] Evolve iter #3 done. Summary:
Postproc #0 [meta_schedule.DisallowDynamicLoop(0xd66fe68)]: 0 failure(s)
Postproc #1 [meta_schedule.RewriteParallelVectorizeUnroll(0xc1a7ab8)]: 0 failure(s)
Postproc #2 [meta_schedule.RewriteReductionBlock(0xeb8a818)]: 0 failure(s)
Postproc #3 [meta_schedule.RewriteLayout(0xdb85e38)]: 0 failure(s)
2024-05-19 21:48:17 [INFO] [evolutionary_search.cc:649] Scores of the best 64 candidates:
[1 : 16]:	0.9889  0.9835  0.9646  0.9549  0.9500  0.9283  0.9227  0.9201  0.9056  0.9042  0.9042  0.9037  0.9022  0.9014  0.9000  0.8984
[17 : 32]:	0.8984  0.8963  0.8955  0.8937  0.8937  0.8937  0.8924  0.8903  0.8866  0.8845  0.8742  0.8731  0.8715  0.8708  0.8704  0.8690
[33 : 48]:	0.8690  0.8689  0.8651  0.8630  0.8623  0.8605  0.8605  0.8605  0.8605  0.8601  0.8586  0.8581  0.8569  0.8566  0.8554  0.8554
[49 : 64]:	0.8544  0.8507  0.8483  0.8482  0.8467  0.8458  0.8457  0.8434  0.8400  0.8383  0.8362  0.8362  0.8353  0.8352  0.8343  0.8343
2024-05-19 21:48:17 [INFO] [evolutionary_search.cc:727] Got 64 candidate(s) with evolutionary search
2024-05-19 21:48:17 [INFO] [evolutionary_search.cc:730] Sending 64 candidates(s) for measurement
2024-05-19 21:49:53 [INFO] [task_scheduler.cc:131] [Task #13: fused_nn_contrib_conv2d_NCHWc_add_nn_relu_2] Trial #193: GFLOPs: 200.4524. Time: 514.6451 us. Best GFLOPs: 230.0345
2024-05-19 21:49:53 [INFO] [task_scheduler.cc:131] [Task #13: fused_nn_contrib_conv2d_NCHWc_add_nn_relu_2] Trial #194: GFLOPs: 203.6060. Time: 506.6740 us. Best GFLOPs: 230.0345
2024-05-19 21:49:53 [INFO] [task_scheduler.cc:131] [Task #13: fused_nn_contrib_conv2d_NCHWc_add_nn_relu_2] Trial #195: GFLOPs: 223.6804. Time: 461.2020 us. Best GFLOPs: 230.0345
2024-05-19 21:49:53 [INFO] [task_scheduler.cc:131] [Task #13: fused_nn_contrib_conv2d_NCHWc_add_nn_relu_2] Trial #196: GFLOPs: 207.3048. Time: 497.6338 us. Best GFLOPs: 230.0345
2024-05-19 21:49:53 [INFO] [task_scheduler.cc:131] [Task #13: fused_nn_contrib_conv2d_NCHWc_add_nn_relu_2] Trial #197: GFLOPs: 205.0179. Time: 503.1846 us. Best GFLOPs: 230.0345
2024-05-19 21:49:53 [INFO] [task_scheduler.cc:131] [Task #13: fused_nn_contrib_conv2d_NCHWc_add_nn_relu_2] Trial #198: GFLOPs: 203.4275. Time: 507.1185 us. Best GFLOPs: 230.0345
2024-05-19 21:49:53 [INFO] [task_scheduler.cc:131] [Task #13: fused_nn_contrib_conv2d_NCHWc_add_nn_relu_2] Trial #199: GFLOPs: 207.7179. Time: 496.6440 us. Best GFLOPs: 230.0345
2024-05-19 21:49:53 [INFO] [task_scheduler.cc:131] [Task #13: fused_nn_contrib_conv2d_NCHWc_add_nn_relu_2] Trial #200: GFLOPs: 179.9051. Time: 573.4236 us. Best GFLOPs: 230.0345
2024-05-19 21:49:53 [INFO] [task_scheduler.cc:131] [Task #13: fused_nn_contrib_conv2d_NCHWc_add_nn_relu_2] Trial #201: GFLOPs: 187.0428. Time: 551.5413 us. Best GFLOPs: 230.0345
2024-05-19 21:49:53 [INFO] [task_scheduler.cc:131] [Task #13: fused_nn_contrib_conv2d_NCHWc_add_nn_relu_2] Trial #202: GFLOPs: 201.5716. Time: 511.7876 us. Best GFLOPs: 230.0345
2024-05-19 21:49:53 [INFO] [task_scheduler.cc:131] [Task #13: fused_nn_contrib_conv2d_NCHWc_add_nn_relu_2] Trial #203: GFLOPs: 183.9163. Time: 560.9174 us. Best GFLOPs: 230.0345
2024-05-19 21:49:53 [INFO] [task_scheduler.cc:131] [Task #13: fused_nn_contrib_conv2d_NCHWc_add_nn_relu_2] Trial #204: GFLOPs: 206.0671. Time: 500.6227 us. Best GFLOPs: 230.0345
2024-05-19 21:49:53 [INFO] [task_scheduler.cc:131] [Task #13: fused_nn_contrib_conv2d_NCHWc_add_nn_relu_2] Trial #205: GFLOPs: 214.8802. Time: 480.0900 us. Best GFLOPs: 230.0345
2024-05-19 21:49:53 [INFO] [task_scheduler.cc:131] [Task #13: fused_nn_contrib_conv2d_NCHWc_add_nn_relu_2] Trial #206: GFLOPs: 192.4656. Time: 536.0014 us. Best GFLOPs: 230.0345
2024-05-19 21:49:53 [INFO] [task_scheduler.cc:131] [Task #13: fused_nn_contrib_conv2d_NCHWc_add_nn_relu_2] Trial #207: GFLOPs: 196.2566. Time: 525.6478 us. Best GFLOPs: 230.0345
2024-05-19 21:49:53 [INFO] [task_scheduler.cc:131] [Task #13: fused_nn_contrib_conv2d_NCHWc_add_nn_relu_2] Trial #208: GFLOPs: 197.8791. Time: 521.3379 us. Best GFLOPs: 230.0345
2024-05-19 21:49:53 [INFO] [task_scheduler.cc:131] [Task #13: fused_nn_contrib_conv2d_NCHWc_add_nn_relu_2] Trial #209: GFLOPs: 174.9757. Time: 589.5782 us. Best GFLOPs: 230.0345
2024-05-19 21:49:53 [INFO] [task_scheduler.cc:131] [Task #13: fused_nn_contrib_conv2d_NCHWc_add_nn_relu_2] Trial #210: GFLOPs: 179.4293. Time: 574.9442 us. Best GFLOPs: 230.0345
2024-05-19 21:49:53 [INFO] [task_scheduler.cc:131] [Task #13: fused_nn_contrib_conv2d_NCHWc_add_nn_relu_2] Trial #211: GFLOPs: 195.5574. Time: 527.5273 us. Best GFLOPs: 230.0345
2024-05-19 21:49:53 [INFO] [task_scheduler.cc:131] [Task #13: fused_nn_contrib_conv2d_NCHWc_add_nn_relu_2] Trial #212: GFLOPs: 203.1363. Time: 507.8456 us. Best GFLOPs: 230.0345
2024-05-19 21:49:53 [INFO] [task_scheduler.cc:131] [Task #13: fused_nn_contrib_conv2d_NCHWc_add_nn_relu_2] Trial #213: GFLOPs: 195.3164. Time: 528.1783 us. Best GFLOPs: 230.0345
2024-05-19 21:49:53 [INFO] [task_scheduler.cc:131] [Task #13: fused_nn_contrib_conv2d_NCHWc_add_nn_relu_2] Trial #214: GFLOPs: 210.9008. Time: 489.1488 us. Best GFLOPs: 230.0345
2024-05-19 21:49:53 [INFO] [task_scheduler.cc:131] [Task #13: fused_nn_contrib_conv2d_NCHWc_add_nn_relu_2] Trial #215: GFLOPs: 174.5516. Time: 591.0107 us. Best GFLOPs: 230.0345
2024-05-19 21:49:53 [INFO] [task_scheduler.cc:131] [Task #13: fused_nn_contrib_conv2d_NCHWc_add_nn_relu_2] Trial #216: GFLOPs: 194.3496. Time: 530.8055 us. Best GFLOPs: 230.0345
2024-05-19 21:49:53 [INFO] [task_scheduler.cc:131] [Task #13: fused_nn_contrib_conv2d_NCHWc_add_nn_relu_2] Trial #217: GFLOPs: 190.6184. Time: 541.1956 us. Best GFLOPs: 230.0345
2024-05-19 21:49:53 [INFO] [task_scheduler.cc:131] [Task #13: fused_nn_contrib_conv2d_NCHWc_add_nn_relu_2] Trial #218: GFLOPs: 194.9382. Time: 529.2028 us. Best GFLOPs: 230.0345
2024-05-19 21:49:53 [INFO] [task_scheduler.cc:131] [Task #13: fused_nn_contrib_conv2d_NCHWc_add_nn_relu_2] Trial #219: GFLOPs: 198.5232. Time: 519.6463 us. Best GFLOPs: 230.0345
2024-05-19 21:49:53 [INFO] [task_scheduler.cc:131] [Task #13: fused_nn_contrib_conv2d_NCHWc_add_nn_relu_2] Trial #220: GFLOPs: 181.3330. Time: 568.9083 us. Best GFLOPs: 230.0345
2024-05-19 21:49:53 [INFO] [task_scheduler.cc:131] [Task #13: fused_nn_contrib_conv2d_NCHWc_add_nn_relu_2] Trial #221: GFLOPs: 200.5250. Time: 514.4589 us. Best GFLOPs: 230.0345
2024-05-19 21:49:53 [INFO] [task_scheduler.cc:131] [Task #13: fused_nn_contrib_conv2d_NCHWc_add_nn_relu_2] Trial #222: GFLOPs: 196.5153. Time: 524.9558 us. Best GFLOPs: 230.0345
2024-05-19 21:49:53 [INFO] [task_scheduler.cc:131] [Task #13: fused_nn_contrib_conv2d_NCHWc_add_nn_relu_2] Trial #223: GFLOPs: 196.3989. Time: 525.2669 us. Best GFLOPs: 230.0345
2024-05-19 21:49:53 [INFO] [task_scheduler.cc:131] [Task #13: fused_nn_contrib_conv2d_NCHWc_add_nn_relu_2] Trial #224: GFLOPs: 177.8984. Time: 579.8919 us. Best GFLOPs: 230.0345
2024-05-19 21:49:53 [INFO] [task_scheduler.cc:131] [Task #13: fused_nn_contrib_conv2d_NCHWc_add_nn_relu_2] Trial #225: GFLOPs: 177.7441. Time: 580.3953 us. Best GFLOPs: 230.0345
2024-05-19 21:49:53 [INFO] [task_scheduler.cc:131] [Task #13: fused_nn_contrib_conv2d_NCHWc_add_nn_relu_2] Trial #226: GFLOPs: 207.9484. Time: 496.0935 us. Best GFLOPs: 230.0345
2024-05-19 21:49:53 [INFO] [task_scheduler.cc:131] [Task #13: fused_nn_contrib_conv2d_NCHWc_add_nn_relu_2] Trial #227: GFLOPs: 201.6142. Time: 511.6795 us. Best GFLOPs: 230.0345
2024-05-19 21:49:53 [INFO] [task_scheduler.cc:131] [Task #13: fused_nn_contrib_conv2d_NCHWc_add_nn_relu_2] Trial #228: GFLOPs: 176.4029. Time: 584.8082 us. Best GFLOPs: 230.0345
2024-05-19 21:49:53 [INFO] [task_scheduler.cc:131] [Task #13: fused_nn_contrib_conv2d_NCHWc_add_nn_relu_2] Trial #229: GFLOPs: 192.6772. Time: 535.4130 us. Best GFLOPs: 230.0345
2024-05-19 21:49:53 [INFO] [task_scheduler.cc:131] [Task #13: fused_nn_contrib_conv2d_NCHWc_add_nn_relu_2] Trial #230: GFLOPs: 174.3077. Time: 591.8377 us. Best GFLOPs: 230.0345
2024-05-19 21:49:53 [INFO] [task_scheduler.cc:131] [Task #13: fused_nn_contrib_conv2d_NCHWc_add_nn_relu_2] Trial #231: GFLOPs: 188.5455. Time: 547.1456 us. Best GFLOPs: 230.0345
2024-05-19 21:49:53 [INFO] [task_scheduler.cc:131] [Task #13: fused_nn_contrib_conv2d_NCHWc_add_nn_relu_2] Trial #232: GFLOPs: 180.0171. Time: 573.0671 us. Best GFLOPs: 230.0345
2024-05-19 21:49:53 [INFO] [task_scheduler.cc:131] [Task #13: fused_nn_contrib_conv2d_NCHWc_add_nn_relu_2] Trial #233: GFLOPs: 173.1105. Time: 595.9305 us. Best GFLOPs: 230.0345
2024-05-19 21:49:53 [INFO] [task_scheduler.cc:131] [Task #13: fused_nn_contrib_conv2d_NCHWc_add_nn_relu_2] Trial #234: GFLOPs: 214.6924. Time: 480.5101 us. Best GFLOPs: 230.0345
2024-05-19 21:49:53 [INFO] [task_scheduler.cc:131] [Task #13: fused_nn_contrib_conv2d_NCHWc_add_nn_relu_2] Trial #235: GFLOPs: 166.4167. Time: 619.9008 us. Best GFLOPs: 230.0345
2024-05-19 21:49:53 [INFO] [task_scheduler.cc:131] [Task #13: fused_nn_contrib_conv2d_NCHWc_add_nn_relu_2] Trial #236: GFLOPs: 149.5566. Time: 689.7847 us. Best GFLOPs: 230.0345
2024-05-19 21:49:53 [INFO] [task_scheduler.cc:131] [Task #13: fused_nn_contrib_conv2d_NCHWc_add_nn_relu_2] Trial #237: GFLOPs: 197.9283. Time: 521.2082 us. Best GFLOPs: 230.0345
2024-05-19 21:49:53 [INFO] [task_scheduler.cc:131] [Task #13: fused_nn_contrib_conv2d_NCHWc_add_nn_relu_2] Trial #238: GFLOPs: 114.3839. Time: 901.8916 us. Best GFLOPs: 230.0345
2024-05-19 21:49:53 [INFO] [task_scheduler.cc:131] [Task #13: fused_nn_contrib_conv2d_NCHWc_add_nn_relu_2] Trial #239: GFLOPs: 203.2629. Time: 507.5291 us. Best GFLOPs: 230.0345
2024-05-19 21:49:53 [INFO] [task_scheduler.cc:131] [Task #13: fused_nn_contrib_conv2d_NCHWc_add_nn_relu_2] Trial #240: GFLOPs: 181.6772. Time: 567.8306 us. Best GFLOPs: 230.0345
2024-05-19 21:49:53 [INFO] [task_scheduler.cc:131] [Task #13: fused_nn_contrib_conv2d_NCHWc_add_nn_relu_2] Trial #241: GFLOPs: 206.5265. Time: 499.5090 us. Best GFLOPs: 230.0345
2024-05-19 21:49:53 [INFO] [task_scheduler.cc:131] [Task #13: fused_nn_contrib_conv2d_NCHWc_add_nn_relu_2] Trial #242: GFLOPs: 186.9301. Time: 551.8738 us. Best GFLOPs: 230.0345
2024-05-19 21:49:53 [INFO] [task_scheduler.cc:131] [Task #13: fused_nn_contrib_conv2d_NCHWc_add_nn_relu_2] Trial #243: GFLOPs: 191.6728. Time: 538.2185 us. Best GFLOPs: 230.0345
2024-05-19 21:49:53 [INFO] [task_scheduler.cc:131] [Task #13: fused_nn_contrib_conv2d_NCHWc_add_nn_relu_2] Trial #244: GFLOPs: 193.3596. Time: 533.5233 us. Best GFLOPs: 230.0345
2024-05-19 21:49:53 [INFO] [task_scheduler.cc:131] [Task #13: fused_nn_contrib_conv2d_NCHWc_add_nn_relu_2] Trial #245: GFLOPs: 189.5865. Time: 544.1415 us. Best GFLOPs: 230.0345
2024-05-19 21:49:53 [INFO] [task_scheduler.cc:131] [Task #13: fused_nn_contrib_conv2d_NCHWc_add_nn_relu_2] Trial #246: GFLOPs: 176.3513. Time: 584.9792 us. Best GFLOPs: 230.0345
2024-05-19 21:49:53 [INFO] [task_scheduler.cc:131] [Task #13: fused_nn_contrib_conv2d_NCHWc_add_nn_relu_2] Trial #247: GFLOPs: 202.4559. Time: 509.5523 us. Best GFLOPs: 230.0345
2024-05-19 21:49:53 [INFO] [task_scheduler.cc:131] [Task #13: fused_nn_contrib_conv2d_NCHWc_add_nn_relu_2] Trial #248: GFLOPs: 202.3243. Time: 509.8837 us. Best GFLOPs: 230.0345
2024-05-19 21:49:53 [INFO] [task_scheduler.cc:131] [Task #13: fused_nn_contrib_conv2d_NCHWc_add_nn_relu_2] Trial #249: GFLOPs: 184.6218. Time: 558.7739 us. Best GFLOPs: 230.0345
2024-05-19 21:49:53 [INFO] [task_scheduler.cc:131] [Task #13: fused_nn_contrib_conv2d_NCHWc_add_nn_relu_2] Trial #250: GFLOPs: 189.1022. Time: 545.5351 us. Best GFLOPs: 230.0345
2024-05-19 21:49:53 [INFO] [task_scheduler.cc:131] [Task #13: fused_nn_contrib_conv2d_NCHWc_add_nn_relu_2] Trial #251: GFLOPs: 177.2171. Time: 582.1213 us. Best GFLOPs: 230.0345
2024-05-19 21:49:53 [INFO] [task_scheduler.cc:131] [Task #13: fused_nn_contrib_conv2d_NCHWc_add_nn_relu_2] Trial #252: GFLOPs: 188.1191. Time: 548.3858 us. Best GFLOPs: 230.0345
2024-05-19 21:49:53 [INFO] [task_scheduler.cc:131] [Task #13: fused_nn_contrib_conv2d_NCHWc_add_nn_relu_2] Trial #253: GFLOPs: 159.7124. Time: 645.9225 us. Best GFLOPs: 230.0345
2024-05-19 21:49:53 [INFO] [task_scheduler.cc:131] [Task #13: fused_nn_contrib_conv2d_NCHWc_add_nn_relu_2] Trial #254: GFLOPs: 21.0282. Time: 4905.8850 us. Best GFLOPs: 230.0345
2024-05-19 21:49:53 [INFO] [task_scheduler.cc:131] [Task #13: fused_nn_contrib_conv2d_NCHWc_add_nn_relu_2] Trial #255: GFLOPs: 59.5900. Time: 1731.1926 us. Best GFLOPs: 230.0345
2024-05-19 21:49:53 [INFO] [task_scheduler.cc:131] [Task #13: fused_nn_contrib_conv2d_NCHWc_add_nn_relu_2] Trial #256: GFLOPs: 16.9634. Time: 6081.4461 us. Best GFLOPs: 230.0345
