2024-05-19 18:48:37 [INFO] [task_scheduler.cc:160] Initializing Task #29: "fused_nn_contrib_conv2d_NCHWc_add_nn_relu_8"
2024-05-19 18:48:37 [INFO] [task_scheduler.cc:35] 
# from tvm.script import ir as I
# from tvm.script import tir as T

@I.ir_module
class Module:
    @T.prim_func
    def main(p0: T.Buffer((T.int64(1), T.int64(64), T.int64(28), T.int64(28), T.int64(8)), "float32"), p1: T.Buffer((T.int64(32), T.int64(64), T.int64(1), T.int64(1), T.int64(8), T.int64(8)), "float32"), p2: T.Buffer((T.int64(1), T.int64(32), T.int64(1), T.int64(1), T.int64(8)), "float32"), T_relu: T.Buffer((T.int64(1), T.int64(32), T.int64(28), T.int64(28), T.int64(8)), "float32")):
        T.func_attr({"tir.noalias": T.bool(True)})
        # with T.block("root"):
        conv2d_NCHWc = T.alloc_buffer((T.int64(1), T.int64(32), T.int64(28), T.int64(28), T.int64(8)))
        T_add = T.alloc_buffer((T.int64(1), T.int64(32), T.int64(28), T.int64(28), T.int64(8)))
        for n, oc_chunk, oh, ow, oc_block, ic, kh, kw in T.grid(T.int64(1), T.int64(32), T.int64(28), T.int64(28), T.int64(8), T.int64(512), T.int64(1), T.int64(1)):
            with T.block("conv2d_NCHWc"):
                v_n, v_oc_chunk, v_oh, v_ow, v_oc_block, v_ic, v_kh, v_kw = T.axis.remap("SSSSSRRR", [n, oc_chunk, oh, ow, oc_block, ic, kh, kw])
                T.reads(p0[v_n, v_ic // T.int64(8), v_oh + v_kh, v_ow + v_kw, v_ic % T.int64(8)], p1[v_oc_chunk, v_ic // T.int64(8), v_kh, v_kw, v_ic % T.int64(8), v_oc_block])
                T.writes(conv2d_NCHWc[v_n, v_oc_chunk, v_oh, v_ow, v_oc_block])
                with T.init():
                    conv2d_NCHWc[v_n, v_oc_chunk, v_oh, v_ow, v_oc_block] = T.float32(0)
                conv2d_NCHWc[v_n, v_oc_chunk, v_oh, v_ow, v_oc_block] = conv2d_NCHWc[v_n, v_oc_chunk, v_oh, v_ow, v_oc_block] + p0[v_n, v_ic // T.int64(8), v_oh + v_kh, v_ow + v_kw, v_ic % T.int64(8)] * p1[v_oc_chunk, v_ic // T.int64(8), v_kh, v_kw, v_ic % T.int64(8), v_oc_block]
        for ax0, ax1, ax2, ax3, ax4 in T.grid(T.int64(1), T.int64(32), T.int64(28), T.int64(28), T.int64(8)):
            with T.block("T_add"):
                v_ax0, v_ax1, v_ax2, v_ax3, v_ax4 = T.axis.remap("SSSSS", [ax0, ax1, ax2, ax3, ax4])
                T.reads(conv2d_NCHWc[v_ax0, v_ax1, v_ax2, v_ax3, v_ax4], p2[v_ax0, v_ax1, T.int64(0), T.int64(0), v_ax4])
                T.writes(T_add[v_ax0, v_ax1, v_ax2, v_ax3, v_ax4])
                T_add[v_ax0, v_ax1, v_ax2, v_ax3, v_ax4] = conv2d_NCHWc[v_ax0, v_ax1, v_ax2, v_ax3, v_ax4] + p2[v_ax0, v_ax1, T.int64(0), T.int64(0), v_ax4]
        for ax0, ax1, ax2, ax3, ax4 in T.grid(T.int64(1), T.int64(32), T.int64(28), T.int64(28), T.int64(8)):
            with T.block("T_relu"):
                v_ax0, v_ax1, v_ax2, v_ax3, v_ax4 = T.axis.remap("SSSSS", [ax0, ax1, ax2, ax3, ax4])
                T.reads(T_add[v_ax0, v_ax1, v_ax2, v_ax3, v_ax4])
                T.writes(T_relu[v_ax0, v_ax1, v_ax2, v_ax3, v_ax4])
                T_relu[v_ax0, v_ax1, v_ax2, v_ax3, v_ax4] = T.max(T_add[v_ax0, v_ax1, v_ax2, v_ax3, v_ax4], T.float32(0))
2024-05-19 18:48:37 [INFO] [task_scheduler.cc:164] Total 3 design space(s) generated
2024-05-19 18:48:37 [INFO] [task_scheduler.cc:170] Design space #0:
# from tvm.script import ir as I
# from tvm.script import tir as T

@I.ir_module
class Module:
    @T.prim_func
    def main(p0: T.Buffer((T.int64(1), T.int64(64), T.int64(28), T.int64(28), T.int64(8)), "float32"), p1: T.Buffer((T.int64(32), T.int64(64), T.int64(1), T.int64(1), T.int64(8), T.int64(8)), "float32"), p2: T.Buffer((T.int64(1), T.int64(32), T.int64(1), T.int64(1), T.int64(8)), "float32"), T_relu: T.Buffer((T.int64(1), T.int64(32), T.int64(28), T.int64(28), T.int64(8)), "float32")):
        T.func_attr({"tir.noalias": T.bool(True)})
        with T.block("root"):
            T.reads()
            T.writes()
            T.block_attr({"meta_schedule.parallel": 96, "meta_schedule.unroll_explicit": 512, "meta_schedule.vectorize": 64})
            conv2d_NCHWc = T.alloc_buffer((T.int64(1), T.int64(32), T.int64(28), T.int64(28), T.int64(8)))
            for n_0, oc_chunk_0, oh_0, ow_0, oc_block_0, n_1, oc_chunk_1, oh_1, ow_1, oc_block_1, ic_0, kh_0, kw_0, n_2, oc_chunk_2, oh_2, ow_2, oc_block_2, ic_1, kh_1, kw_1, n_3, oc_chunk_3, oh_3, ow_3, oc_block_3 in T.grid(T.int64(1), T.int64(1), T.int64(1), T.int64(1), T.int64(2), T.int64(1), T.int64(2), T.int64(7), T.int64(4), T.int64(1), T.int64(8), T.int64(1), T.int64(1), T.int64(1), T.int64(1), T.int64(2), T.int64(7), T.int64(1), T.int64(64), T.int64(1), T.int64(1), T.int64(1), T.int64(16), T.int64(2), T.int64(1), T.int64(4)):
                with T.block("conv2d_NCHWc"):
                    v_n = T.axis.spatial(T.int64(1), n_0 + n_1 + n_2 + n_3)
                    v_oc_chunk = T.axis.spatial(T.int64(32), oc_chunk_0 * T.int64(32) + oc_chunk_1 * T.int64(16) + oc_chunk_2 * T.int64(16) + oc_chunk_3)
                    v_oh = T.axis.spatial(T.int64(28), oh_0 * T.int64(28) + oh_1 * T.int64(4) + oh_2 * T.int64(2) + oh_3)
                    v_ow = T.axis.spatial(T.int64(28), ow_0 * T.int64(28) + ow_1 * T.int64(7) + ow_2 + ow_3)
                    v_oc_block = T.axis.spatial(T.int64(8), oc_block_0 * T.int64(4) + oc_block_1 * T.int64(4) + oc_block_2 * T.int64(4) + oc_block_3)
                    v_ic = T.axis.reduce(T.int64(512), ic_0 * T.int64(64) + ic_1)
                    v_kh = T.axis.reduce(T.int64(1), kh_0 + kh_1)
                    v_kw = T.axis.reduce(T.int64(1), kw_0 + kw_1)
                    T.reads(p0[v_n, v_ic // T.int64(8), v_oh + v_kh, v_ow + v_kw, v_ic % T.int64(8)], p1[v_oc_chunk, v_ic // T.int64(8), v_kh, v_kw, v_ic % T.int64(8), v_oc_block])
                    T.writes(conv2d_NCHWc[v_n, v_oc_chunk, v_oh, v_ow, v_oc_block])
                    T.block_attr({"meta_schedule.tiling_structure": "SSRSRS"})
                    with T.init():
                        conv2d_NCHWc[v_n, v_oc_chunk, v_oh, v_ow, v_oc_block] = T.float32(0)
                    conv2d_NCHWc[v_n, v_oc_chunk, v_oh, v_ow, v_oc_block] = conv2d_NCHWc[v_n, v_oc_chunk, v_oh, v_ow, v_oc_block] + p0[v_n, v_ic // T.int64(8), v_oh + v_kh, v_ow + v_kw, v_ic % T.int64(8)] * p1[v_oc_chunk, v_ic // T.int64(8), v_kh, v_kw, v_ic % T.int64(8), v_oc_block]
            for ax0, ax1, ax2, ax3, ax4 in T.grid(T.int64(1), T.int64(32), T.int64(28), T.int64(28), T.int64(8)):
                with T.block("T_relu"):
                    v_ax0, v_ax1, v_ax2, v_ax3, v_ax4 = T.axis.remap("SSSSS", [ax0, ax1, ax2, ax3, ax4])
                    T.reads(conv2d_NCHWc[v_ax0, v_ax1, v_ax2, v_ax3, v_ax4], p2[v_ax0, v_ax1, T.int64(0), T.int64(0), v_ax4])
                    T.writes(T_relu[v_ax0, v_ax1, v_ax2, v_ax3, v_ax4])
                    T_relu[v_ax0, v_ax1, v_ax2, v_ax3, v_ax4] = T.max(conv2d_NCHWc[v_ax0, v_ax1, v_ax2, v_ax3, v_ax4] + p2[v_ax0, v_ax1, T.int64(0), T.int64(0), v_ax4], T.float32(0))
b0 = sch.get_block(name="conv2d_NCHWc", func_name="main")
b1 = sch.get_block(name="T_add", func_name="main")
b2 = sch.get_block(name="root", func_name="main")
sch.compute_inline(block=b1)
sch.annotate(block_or_loop=b0, ann_key="meta_schedule.tiling_structure", ann_val="SSRSRS")
l3, l4, l5, l6, l7, l8, l9, l10 = sch.get_loops(block=b0)
v11, v12, v13, v14 = sch.sample_perfect_tile(loop=l3, n=4, max_innermost_factor=64, decision=[1, 1, 1, 1])
l15, l16, l17, l18 = sch.split(loop=l3, factors=[v11, v12, v13, v14], preserve_unit_iters=True, disable_predication=False)
v19, v20, v21, v22 = sch.sample_perfect_tile(loop=l4, n=4, max_innermost_factor=64, decision=[1, 2, 1, 16])
l23, l24, l25, l26 = sch.split(loop=l4, factors=[v19, v20, v21, v22], preserve_unit_iters=True, disable_predication=False)
v27, v28, v29, v30 = sch.sample_perfect_tile(loop=l5, n=4, max_innermost_factor=64, decision=[1, 7, 2, 2])
l31, l32, l33, l34 = sch.split(loop=l5, factors=[v27, v28, v29, v30], preserve_unit_iters=True, disable_predication=False)
v35, v36, v37, v38 = sch.sample_perfect_tile(loop=l6, n=4, max_innermost_factor=64, decision=[1, 4, 7, 1])
l39, l40, l41, l42 = sch.split(loop=l6, factors=[v35, v36, v37, v38], preserve_unit_iters=True, disable_predication=False)
v43, v44, v45, v46 = sch.sample_perfect_tile(loop=l7, n=4, max_innermost_factor=64, decision=[2, 1, 1, 4])
l47, l48, l49, l50 = sch.split(loop=l7, factors=[v43, v44, v45, v46], preserve_unit_iters=True, disable_predication=False)
v51, v52 = sch.sample_perfect_tile(loop=l8, n=2, max_innermost_factor=64, decision=[8, 64])
l53, l54 = sch.split(loop=l8, factors=[v51, v52], preserve_unit_iters=True, disable_predication=False)
v55, v56 = sch.sample_perfect_tile(loop=l9, n=2, max_innermost_factor=64, decision=[1, 1])
l57, l58 = sch.split(loop=l9, factors=[v55, v56], preserve_unit_iters=True, disable_predication=False)
v59, v60 = sch.sample_perfect_tile(loop=l10, n=2, max_innermost_factor=64, decision=[1, 1])
l61, l62 = sch.split(loop=l10, factors=[v59, v60], preserve_unit_iters=True, disable_predication=False)
sch.reorder(l15, l23, l31, l39, l47, l16, l24, l32, l40, l48, l53, l57, l61, l17, l25, l33, l41, l49, l54, l58, l62, l18, l26, l34, l42, l50)
sch.annotate(block_or_loop=b2, ann_key="meta_schedule.parallel", ann_val=96)
sch.annotate(block_or_loop=b2, ann_key="meta_schedule.vectorize", ann_val=64)
v63 = sch.sample_categorical(candidates=[0, 16, 64, 512], probs=[0.25, 0.25, 0.25, 0.25], decision=3)
sch.annotate(block_or_loop=b2, ann_key="meta_schedule.unroll_explicit", ann_val=v63)
2024-05-19 18:48:37 [INFO] [task_scheduler.cc:170] Design space #1:
# from tvm.script import ir as I
# from tvm.script import tir as T

@I.ir_module
class Module:
    @T.prim_func
    def main(p0: T.Buffer((T.int64(1), T.int64(64), T.int64(28), T.int64(28), T.int64(8)), "float32"), p1: T.Buffer((T.int64(32), T.int64(64), T.int64(1), T.int64(1), T.int64(8), T.int64(8)), "float32"), p2: T.Buffer((T.int64(1), T.int64(32), T.int64(1), T.int64(1), T.int64(8)), "float32"), T_relu: T.Buffer((T.int64(1), T.int64(32), T.int64(28), T.int64(28), T.int64(8)), "float32")):
        T.func_attr({"tir.noalias": T.bool(True)})
        with T.block("root"):
            T.reads()
            T.writes()
            T.block_attr({"meta_schedule.parallel": 96, "meta_schedule.unroll_explicit": 64, "meta_schedule.vectorize": 64})
            conv2d_NCHWc = T.alloc_buffer((T.int64(1), T.int64(32), T.int64(28), T.int64(28), T.int64(8)))
            for n_0, oc_chunk_0, oh_0, ow_0, oc_block_0, n_1, oc_chunk_1, oh_1, ow_1, oc_block_1 in T.grid(T.int64(1), T.int64(1), T.int64(1), T.int64(1), T.int64(2), T.int64(1), T.int64(2), T.int64(7), T.int64(4), T.int64(1)):
                for ic_0, kh_0, kw_0, n_2, oc_chunk_2, oh_2, ow_2, oc_block_2, ic_1, kh_1, kw_1, n_3, oc_chunk_3, oh_3, ow_3, oc_block_3 in T.grid(T.int64(8), T.int64(1), T.int64(1), T.int64(1), T.int64(1), T.int64(2), T.int64(7), T.int64(1), T.int64(64), T.int64(1), T.int64(1), T.int64(1), T.int64(16), T.int64(2), T.int64(1), T.int64(4)):
                    with T.block("conv2d_NCHWc"):
                        v_n = T.axis.spatial(T.int64(1), n_0 + n_1 + n_2 + n_3)
                        v_oc_chunk = T.axis.spatial(T.int64(32), oc_chunk_0 * T.int64(32) + oc_chunk_1 * T.int64(16) + oc_chunk_2 * T.int64(16) + oc_chunk_3)
                        v_oh = T.axis.spatial(T.int64(28), oh_0 * T.int64(28) + oh_1 * T.int64(4) + oh_2 * T.int64(2) + oh_3)
                        v_ow = T.axis.spatial(T.int64(28), ow_0 * T.int64(28) + ow_1 * T.int64(7) + ow_2 + ow_3)
                        v_oc_block = T.axis.spatial(T.int64(8), oc_block_0 * T.int64(4) + oc_block_1 * T.int64(4) + oc_block_2 * T.int64(4) + oc_block_3)
                        v_ic = T.axis.reduce(T.int64(512), ic_0 * T.int64(64) + ic_1)
                        v_kh = T.axis.reduce(T.int64(1), kh_0 + kh_1)
                        v_kw = T.axis.reduce(T.int64(1), kw_0 + kw_1)
                        T.reads(p0[v_n, v_ic // T.int64(8), v_oh + v_kh, v_ow + v_kw, v_ic % T.int64(8)], p1[v_oc_chunk, v_ic // T.int64(8), v_kh, v_kw, v_ic % T.int64(8), v_oc_block])
                        T.writes(conv2d_NCHWc[v_n, v_oc_chunk, v_oh, v_ow, v_oc_block])
                        T.block_attr({"meta_schedule.tiling_structure": "SSRSRS"})
                        with T.init():
                            conv2d_NCHWc[v_n, v_oc_chunk, v_oh, v_ow, v_oc_block] = T.float32(0)
                        conv2d_NCHWc[v_n, v_oc_chunk, v_oh, v_ow, v_oc_block] = conv2d_NCHWc[v_n, v_oc_chunk, v_oh, v_ow, v_oc_block] + p0[v_n, v_ic // T.int64(8), v_oh + v_kh, v_ow + v_kw, v_ic % T.int64(8)] * p1[v_oc_chunk, v_ic // T.int64(8), v_kh, v_kw, v_ic % T.int64(8), v_oc_block]
                for ax0, ax1, ax2, ax3, ax4 in T.grid(T.int64(1), T.int64(16), T.int64(4), T.int64(7), T.int64(4)):
                    with T.block("T_relu"):
                        v_ax0 = T.axis.spatial(T.int64(1), ax0)
                        v_ax1 = T.axis.spatial(T.int64(32), oc_chunk_1 * T.int64(16) + ax1)
                        v_ax2 = T.axis.spatial(T.int64(28), oh_1 * T.int64(4) + ax2)
                        v_ax3 = T.axis.spatial(T.int64(28), ow_1 * T.int64(7) + ax3)
                        v_ax4 = T.axis.spatial(T.int64(8), oc_block_0 * T.int64(4) + ax4)
                        T.reads(conv2d_NCHWc[v_ax0, v_ax1, v_ax2, v_ax3, v_ax4], p2[v_ax0, v_ax1, T.int64(0), T.int64(0), v_ax4])
                        T.writes(T_relu[v_ax0, v_ax1, v_ax2, v_ax3, v_ax4])
                        T_relu[v_ax0, v_ax1, v_ax2, v_ax3, v_ax4] = T.max(conv2d_NCHWc[v_ax0, v_ax1, v_ax2, v_ax3, v_ax4] + p2[v_ax0, v_ax1, T.int64(0), T.int64(0), v_ax4], T.float32(0))
b0 = sch.get_block(name="conv2d_NCHWc", func_name="main")
b1 = sch.get_block(name="T_add", func_name="main")
b2 = sch.get_block(name="root", func_name="main")
sch.compute_inline(block=b1)
sch.annotate(block_or_loop=b0, ann_key="meta_schedule.tiling_structure", ann_val="SSRSRS")
l3, l4, l5, l6, l7, l8, l9, l10 = sch.get_loops(block=b0)
v11, v12, v13, v14 = sch.sample_perfect_tile(loop=l3, n=4, max_innermost_factor=64, decision=[1, 1, 1, 1])
l15, l16, l17, l18 = sch.split(loop=l3, factors=[v11, v12, v13, v14], preserve_unit_iters=True, disable_predication=False)
v19, v20, v21, v22 = sch.sample_perfect_tile(loop=l4, n=4, max_innermost_factor=64, decision=[1, 2, 1, 16])
l23, l24, l25, l26 = sch.split(loop=l4, factors=[v19, v20, v21, v22], preserve_unit_iters=True, disable_predication=False)
v27, v28, v29, v30 = sch.sample_perfect_tile(loop=l5, n=4, max_innermost_factor=64, decision=[1, 7, 2, 2])
l31, l32, l33, l34 = sch.split(loop=l5, factors=[v27, v28, v29, v30], preserve_unit_iters=True, disable_predication=False)
v35, v36, v37, v38 = sch.sample_perfect_tile(loop=l6, n=4, max_innermost_factor=64, decision=[1, 4, 7, 1])
l39, l40, l41, l42 = sch.split(loop=l6, factors=[v35, v36, v37, v38], preserve_unit_iters=True, disable_predication=False)
v43, v44, v45, v46 = sch.sample_perfect_tile(loop=l7, n=4, max_innermost_factor=64, decision=[2, 1, 1, 4])
l47, l48, l49, l50 = sch.split(loop=l7, factors=[v43, v44, v45, v46], preserve_unit_iters=True, disable_predication=False)
v51, v52 = sch.sample_perfect_tile(loop=l8, n=2, max_innermost_factor=64, decision=[8, 64])
l53, l54 = sch.split(loop=l8, factors=[v51, v52], preserve_unit_iters=True, disable_predication=False)
v55, v56 = sch.sample_perfect_tile(loop=l9, n=2, max_innermost_factor=64, decision=[1, 1])
l57, l58 = sch.split(loop=l9, factors=[v55, v56], preserve_unit_iters=True, disable_predication=False)
v59, v60 = sch.sample_perfect_tile(loop=l10, n=2, max_innermost_factor=64, decision=[1, 1])
l61, l62 = sch.split(loop=l10, factors=[v59, v60], preserve_unit_iters=True, disable_predication=False)
sch.reorder(l15, l23, l31, l39, l47, l16, l24, l32, l40, l48, l53, l57, l61, l17, l25, l33, l41, l49, l54, l58, l62, l18, l26, l34, l42, l50)
b63, = sch.get_consumers(block=b0)
sch.reverse_compute_at(block=b63, loop=l48, preserve_unit_loops=True, index=-1)
sch.annotate(block_or_loop=b2, ann_key="meta_schedule.parallel", ann_val=96)
sch.annotate(block_or_loop=b2, ann_key="meta_schedule.vectorize", ann_val=64)
v64 = sch.sample_categorical(candidates=[0, 16, 64, 512], probs=[0.25, 0.25, 0.25, 0.25], decision=2)
sch.annotate(block_or_loop=b2, ann_key="meta_schedule.unroll_explicit", ann_val=v64)
2024-05-19 18:48:37 [INFO] [task_scheduler.cc:170] Design space #2:
# from tvm.script import ir as I
# from tvm.script import tir as T

@I.ir_module
class Module:
    @T.prim_func
    def main(p0: T.Buffer((T.int64(1), T.int64(64), T.int64(28), T.int64(28), T.int64(8)), "float32"), p1: T.Buffer((T.int64(32), T.int64(64), T.int64(1), T.int64(1), T.int64(8), T.int64(8)), "float32"), p2: T.Buffer((T.int64(1), T.int64(32), T.int64(1), T.int64(1), T.int64(8)), "float32"), T_relu: T.Buffer((T.int64(1), T.int64(32), T.int64(28), T.int64(28), T.int64(8)), "float32")):
        T.func_attr({"tir.noalias": T.bool(True)})
        with T.block("root"):
            T.reads()
            T.writes()
            T.block_attr({"meta_schedule.parallel": 96, "meta_schedule.unroll_explicit": 512, "meta_schedule.vectorize": 64})
            conv2d_NCHWc = T.alloc_buffer((T.int64(1), T.int64(32), T.int64(28), T.int64(28), T.int64(8)))
            for n_0, oc_chunk_0, oh_0, ow_0, oc_block_0 in T.grid(T.int64(1), T.int64(1), T.int64(1), T.int64(1), T.int64(2)):
                for n_1, oc_chunk_1, oh_1, ow_1, oc_block_1, ic_0, kh_0, kw_0, n_2, oc_chunk_2, oh_2, ow_2, oc_block_2, ic_1, kh_1, kw_1, n_3, oc_chunk_3, oh_3, ow_3, oc_block_3 in T.grid(T.int64(1), T.int64(2), T.int64(7), T.int64(4), T.int64(1), T.int64(8), T.int64(1), T.int64(1), T.int64(1), T.int64(1), T.int64(2), T.int64(7), T.int64(1), T.int64(64), T.int64(1), T.int64(1), T.int64(1), T.int64(16), T.int64(2), T.int64(1), T.int64(4)):
                    with T.block("conv2d_NCHWc"):
                        v_n = T.axis.spatial(T.int64(1), n_0 + n_1 + n_2 + n_3)
                        v_oc_chunk = T.axis.spatial(T.int64(32), oc_chunk_0 * T.int64(32) + oc_chunk_1 * T.int64(16) + oc_chunk_2 * T.int64(16) + oc_chunk_3)
                        v_oh = T.axis.spatial(T.int64(28), oh_0 * T.int64(28) + oh_1 * T.int64(4) + oh_2 * T.int64(2) + oh_3)
                        v_ow = T.axis.spatial(T.int64(28), ow_0 * T.int64(28) + ow_1 * T.int64(7) + ow_2 + ow_3)
                        v_oc_block = T.axis.spatial(T.int64(8), oc_block_0 * T.int64(4) + oc_block_1 * T.int64(4) + oc_block_2 * T.int64(4) + oc_block_3)
                        v_ic = T.axis.reduce(T.int64(512), ic_0 * T.int64(64) + ic_1)
                        v_kh = T.axis.reduce(T.int64(1), kh_0 + kh_1)
                        v_kw = T.axis.reduce(T.int64(1), kw_0 + kw_1)
                        T.reads(p0[v_n, v_ic // T.int64(8), v_oh + v_kh, v_ow + v_kw, v_ic % T.int64(8)], p1[v_oc_chunk, v_ic // T.int64(8), v_kh, v_kw, v_ic % T.int64(8), v_oc_block])
                        T.writes(conv2d_NCHWc[v_n, v_oc_chunk, v_oh, v_ow, v_oc_block])
                        T.block_attr({"meta_schedule.tiling_structure": "SSRSRS"})
                        with T.init():
                            conv2d_NCHWc[v_n, v_oc_chunk, v_oh, v_ow, v_oc_block] = T.float32(0)
                        conv2d_NCHWc[v_n, v_oc_chunk, v_oh, v_ow, v_oc_block] = conv2d_NCHWc[v_n, v_oc_chunk, v_oh, v_ow, v_oc_block] + p0[v_n, v_ic // T.int64(8), v_oh + v_kh, v_ow + v_kw, v_ic % T.int64(8)] * p1[v_oc_chunk, v_ic // T.int64(8), v_kh, v_kw, v_ic % T.int64(8), v_oc_block]
                for ax0, ax1, ax2, ax3, ax4 in T.grid(T.int64(1), T.int64(32), T.int64(28), T.int64(28), T.int64(4)):
                    with T.block("T_relu"):
                        v_ax0, v_ax1, v_ax2, v_ax3 = T.axis.remap("SSSS", [ax0, ax1, ax2, ax3])
                        v_ax4 = T.axis.spatial(T.int64(8), oc_block_0 * T.int64(4) + ax4)
                        T.reads(conv2d_NCHWc[v_ax0, v_ax1, v_ax2, v_ax3, v_ax4], p2[v_ax0, v_ax1, T.int64(0), T.int64(0), v_ax4])
                        T.writes(T_relu[v_ax0, v_ax1, v_ax2, v_ax3, v_ax4])
                        T_relu[v_ax0, v_ax1, v_ax2, v_ax3, v_ax4] = T.max(conv2d_NCHWc[v_ax0, v_ax1, v_ax2, v_ax3, v_ax4] + p2[v_ax0, v_ax1, T.int64(0), T.int64(0), v_ax4], T.float32(0))
b0 = sch.get_block(name="conv2d_NCHWc", func_name="main")
b1 = sch.get_block(name="T_add", func_name="main")
b2 = sch.get_block(name="root", func_name="main")
sch.compute_inline(block=b1)
sch.annotate(block_or_loop=b0, ann_key="meta_schedule.tiling_structure", ann_val="SSRSRS")
l3, l4, l5, l6, l7, l8, l9, l10 = sch.get_loops(block=b0)
v11, v12, v13, v14 = sch.sample_perfect_tile(loop=l3, n=4, max_innermost_factor=64, decision=[1, 1, 1, 1])
l15, l16, l17, l18 = sch.split(loop=l3, factors=[v11, v12, v13, v14], preserve_unit_iters=True, disable_predication=False)
v19, v20, v21, v22 = sch.sample_perfect_tile(loop=l4, n=4, max_innermost_factor=64, decision=[1, 2, 1, 16])
l23, l24, l25, l26 = sch.split(loop=l4, factors=[v19, v20, v21, v22], preserve_unit_iters=True, disable_predication=False)
v27, v28, v29, v30 = sch.sample_perfect_tile(loop=l5, n=4, max_innermost_factor=64, decision=[1, 7, 2, 2])
l31, l32, l33, l34 = sch.split(loop=l5, factors=[v27, v28, v29, v30], preserve_unit_iters=True, disable_predication=False)
v35, v36, v37, v38 = sch.sample_perfect_tile(loop=l6, n=4, max_innermost_factor=64, decision=[1, 4, 7, 1])
l39, l40, l41, l42 = sch.split(loop=l6, factors=[v35, v36, v37, v38], preserve_unit_iters=True, disable_predication=False)
v43, v44, v45, v46 = sch.sample_perfect_tile(loop=l7, n=4, max_innermost_factor=64, decision=[2, 1, 1, 4])
l47, l48, l49, l50 = sch.split(loop=l7, factors=[v43, v44, v45, v46], preserve_unit_iters=True, disable_predication=False)
v51, v52 = sch.sample_perfect_tile(loop=l8, n=2, max_innermost_factor=64, decision=[8, 64])
l53, l54 = sch.split(loop=l8, factors=[v51, v52], preserve_unit_iters=True, disable_predication=False)
v55, v56 = sch.sample_perfect_tile(loop=l9, n=2, max_innermost_factor=64, decision=[1, 1])
l57, l58 = sch.split(loop=l9, factors=[v55, v56], preserve_unit_iters=True, disable_predication=False)
v59, v60 = sch.sample_perfect_tile(loop=l10, n=2, max_innermost_factor=64, decision=[1, 1])
l61, l62 = sch.split(loop=l10, factors=[v59, v60], preserve_unit_iters=True, disable_predication=False)
sch.reorder(l15, l23, l31, l39, l47, l16, l24, l32, l40, l48, l53, l57, l61, l17, l25, l33, l41, l49, l54, l58, l62, l18, l26, l34, l42, l50)
b63, = sch.get_consumers(block=b0)
sch.reverse_compute_at(block=b63, loop=l47, preserve_unit_loops=True, index=-1)
sch.annotate(block_or_loop=b2, ann_key="meta_schedule.parallel", ann_val=96)
sch.annotate(block_or_loop=b2, ann_key="meta_schedule.vectorize", ann_val=64)
v64 = sch.sample_categorical(candidates=[0, 16, 64, 512], probs=[0.25, 0.25, 0.25, 0.25], decision=3)
sch.annotate(block_or_loop=b2, ann_key="meta_schedule.unroll_explicit", ann_val=v64)
2024-05-19 19:18:20 [INFO] [evolutionary_search.cc:713] Generating candidates......
2024-05-19 19:18:20 [INFO] [evolutionary_search.cc:715] Picked top 0 candidate(s) from database
2024-05-19 19:18:21 [INFO] [evolutionary_search.cc:533] Sample-Init-Population summary:
Postproc #0 [meta_schedule.DisallowDynamicLoop(0xf2206d8)]: 0 failure(s)
Postproc #1 [meta_schedule.RewriteParallelVectorizeUnroll(0xf432ac8)]: 0 failure(s)
Postproc #2 [meta_schedule.RewriteReductionBlock(0xbd4c9f8)]: 0 failure(s)
Postproc #3 [meta_schedule.RewriteLayout(0x160f6238)]: 0 failure(s)
2024-05-19 19:18:21 [INFO] [evolutionary_search.cc:723] Sampled 512 candidate(s)
2024-05-19 19:18:22 [INFO] [evolutionary_search.cc:621] Evolve iter #0 done. Summary:
Postproc #0 [meta_schedule.DisallowDynamicLoop(0xf2206d8)]: 0 failure(s)
Postproc #1 [meta_schedule.RewriteParallelVectorizeUnroll(0xf432ac8)]: 0 failure(s)
Postproc #2 [meta_schedule.RewriteReductionBlock(0xbd4c9f8)]: 0 failure(s)
Postproc #3 [meta_schedule.RewriteLayout(0x160f6238)]: 0 failure(s)
2024-05-19 19:18:23 [INFO] [evolutionary_search.cc:621] Evolve iter #1 done. Summary:
Postproc #0 [meta_schedule.DisallowDynamicLoop(0xf2206d8)]: 0 failure(s)
Postproc #1 [meta_schedule.RewriteParallelVectorizeUnroll(0xf432ac8)]: 0 failure(s)
Postproc #2 [meta_schedule.RewriteReductionBlock(0xbd4c9f8)]: 0 failure(s)
Postproc #3 [meta_schedule.RewriteLayout(0x160f6238)]: 0 failure(s)
2024-05-19 19:18:24 [INFO] [evolutionary_search.cc:621] Evolve iter #2 done. Summary:
Postproc #0 [meta_schedule.DisallowDynamicLoop(0xf2206d8)]: 0 failure(s)
Postproc #1 [meta_schedule.RewriteParallelVectorizeUnroll(0xf432ac8)]: 0 failure(s)
Postproc #2 [meta_schedule.RewriteReductionBlock(0xbd4c9f8)]: 0 failure(s)
Postproc #3 [meta_schedule.RewriteLayout(0x160f6238)]: 0 failure(s)
2024-05-19 19:18:26 [INFO] [evolutionary_search.cc:621] Evolve iter #3 done. Summary:
Postproc #0 [meta_schedule.DisallowDynamicLoop(0xf2206d8)]: 0 failure(s)
Postproc #1 [meta_schedule.RewriteParallelVectorizeUnroll(0xf432ac8)]: 0 failure(s)
Postproc #2 [meta_schedule.RewriteReductionBlock(0xbd4c9f8)]: 0 failure(s)
Postproc #3 [meta_schedule.RewriteLayout(0x160f6238)]: 0 failure(s)
2024-05-19 19:18:26 [INFO] [evolutionary_search.cc:649] Scores of the best 64 candidates:
[1 : 16]:	1.0000  0.9980  0.9979  0.9967  0.9945  0.9940  0.9939  0.9936  0.9936  0.9935  0.9930  0.9929  0.9925  0.9925  0.9919  0.9908
[17 : 32]:	0.9902  0.9899  0.9891  0.9888  0.9887  0.9875  0.9873  0.9872  0.9871  0.9867  0.9866  0.9857  0.9854  0.9848  0.9844  0.9844
[33 : 48]:	0.9825  0.9824  0.9820  0.9817  0.9817  0.9816  0.9810  0.9808  0.9800  0.9789  0.9789  0.9778  0.9760  0.9758  0.9758  0.9754
[49 : 64]:	0.9749  0.9736  0.9733  0.9733  0.9727  0.9726  0.9726  0.9725  0.9725  0.9717  0.9714  0.9706  0.9696  0.9695  0.9685  0.9681
2024-05-19 19:18:26 [INFO] [evolutionary_search.cc:727] Got 64 candidate(s) with evolutionary search
2024-05-19 19:18:26 [INFO] [evolutionary_search.cc:730] Sending 64 candidates(s) for measurement
2024-05-19 19:42:21 [INFO] [task_scheduler.cc:131] [Task #29: fused_nn_contrib_conv2d_NCHWc_add_nn_relu_8] Trial #1: GFLOPs: 31.6350. Time: 6509.3237 us. Best GFLOPs: 31.6350
2024-05-19 19:42:21 [INFO] [task_scheduler.cc:131] [Task #29: fused_nn_contrib_conv2d_NCHWc_add_nn_relu_8] Trial #2: GFLOPs: 18.8602. Time: 10918.3758 us. Best GFLOPs: 31.6350
2024-05-19 19:42:21 [INFO] [task_scheduler.cc:131] [Task #29: fused_nn_contrib_conv2d_NCHWc_add_nn_relu_8] Trial #3: GFLOPs: 36.5881. Time: 5628.1253 us. Best GFLOPs: 36.5881
2024-05-19 19:42:21 [INFO] [task_scheduler.cc:131] [Task #29: fused_nn_contrib_conv2d_NCHWc_add_nn_relu_8] Trial #4: GFLOPs: 23.0289. Time: 8941.9121 us. Best GFLOPs: 36.5881
2024-05-19 19:42:21 [INFO] [task_scheduler.cc:131] [Task #29: fused_nn_contrib_conv2d_NCHWc_add_nn_relu_8] Trial #5: GFLOPs: 110.2800. Time: 1867.2679 us. Best GFLOPs: 110.2800
2024-05-19 19:42:21 [INFO] [task_scheduler.cc:131] [Task #29: fused_nn_contrib_conv2d_NCHWc_add_nn_relu_8] Trial #6: GFLOPs: 35.5456. Time: 5793.1847 us. Best GFLOPs: 110.2800
2024-05-19 19:42:21 [INFO] [task_scheduler.cc:131] [Task #29: fused_nn_contrib_conv2d_NCHWc_add_nn_relu_8] Trial #7: GFLOPs: 25.0916. Time: 8206.8130 us. Best GFLOPs: 110.2800
2024-05-19 19:42:21 [INFO] [task_scheduler.cc:131] [Task #29: fused_nn_contrib_conv2d_NCHWc_add_nn_relu_8] Trial #8: GFLOPs: 37.4682. Time: 5495.9256 us. Best GFLOPs: 110.2800
2024-05-19 19:42:21 [INFO] [task_scheduler.cc:131] [Task #29: fused_nn_contrib_conv2d_NCHWc_add_nn_relu_8] Trial #9: GFLOPs: 8.2037. Time: 25101.1362 us. Best GFLOPs: 110.2800
2024-05-19 19:42:21 [INFO] [task_scheduler.cc:131] [Task #29: fused_nn_contrib_conv2d_NCHWc_add_nn_relu_8] Trial #10: GFLOPs: 19.2553. Time: 10694.3110 us. Best GFLOPs: 110.2800
2024-05-19 19:42:21 [INFO] [task_scheduler.cc:131] [Task #29: fused_nn_contrib_conv2d_NCHWc_add_nn_relu_8] Trial #11: GFLOPs: 32.9149. Time: 6256.2118 us. Best GFLOPs: 110.2800
2024-05-19 19:42:21 [INFO] [task_scheduler.cc:131] [Task #29: fused_nn_contrib_conv2d_NCHWc_add_nn_relu_8] Trial #12: GFLOPs: 47.2699. Time: 4356.3130 us. Best GFLOPs: 110.2800
2024-05-19 19:42:21 [INFO] [task_scheduler.cc:131] [Task #29: fused_nn_contrib_conv2d_NCHWc_add_nn_relu_8] Trial #13: GFLOPs: 129.2711. Time: 1592.9489 us. Best GFLOPs: 129.2711
2024-05-19 19:42:21 [INFO] [task_scheduler.cc:131] [Task #29: fused_nn_contrib_conv2d_NCHWc_add_nn_relu_8] Trial #14: GFLOPs: 11.8574. Time: 17366.5201 us. Best GFLOPs: 129.2711
2024-05-19 19:42:21 [INFO] [task_scheduler.cc:131] [Task #29: fused_nn_contrib_conv2d_NCHWc_add_nn_relu_8] Trial #15: GFLOPs: 16.7147. Time: 12319.8541 us. Best GFLOPs: 129.2711
2024-05-19 19:42:21 [INFO] [task_scheduler.cc:131] [Task #29: fused_nn_contrib_conv2d_NCHWc_add_nn_relu_8] Trial #16: GFLOPs: 11.1425. Time: 18480.7696 us. Best GFLOPs: 129.2711
2024-05-19 19:42:21 [INFO] [task_scheduler.cc:131] [Task #29: fused_nn_contrib_conv2d_NCHWc_add_nn_relu_8] Trial #17: GFLOPs: 27.7730. Time: 7414.4702 us. Best GFLOPs: 129.2711
2024-05-19 19:42:21 [INFO] [task_scheduler.cc:131] [Task #29: fused_nn_contrib_conv2d_NCHWc_add_nn_relu_8] Trial #18: GFLOPs: 125.7275. Time: 1637.8465 us. Best GFLOPs: 129.2711
2024-05-19 19:42:21 [INFO] [task_scheduler.cc:131] [Task #29: fused_nn_contrib_conv2d_NCHWc_add_nn_relu_8] Trial #19: GFLOPs: 34.2648. Time: 6009.7409 us. Best GFLOPs: 129.2711
2024-05-19 19:42:21 [INFO] [task_scheduler.cc:131] [Task #29: fused_nn_contrib_conv2d_NCHWc_add_nn_relu_8] Trial #20: GFLOPs: 77.2106. Time: 2667.0207 us. Best GFLOPs: 129.2711
2024-05-19 19:42:21 [INFO] [task_scheduler.cc:131] [Task #29: fused_nn_contrib_conv2d_NCHWc_add_nn_relu_8] Trial #21: GFLOPs: 27.5225. Time: 7481.9618 us. Best GFLOPs: 129.2711
2024-05-19 19:42:21 [INFO] [task_scheduler.cc:131] [Task #29: fused_nn_contrib_conv2d_NCHWc_add_nn_relu_8] Trial #22: GFLOPs: 2.8013. Time: 73509.7935 us. Best GFLOPs: 129.2711
2024-05-19 19:42:21 [INFO] [task_scheduler.cc:131] [Task #29: fused_nn_contrib_conv2d_NCHWc_add_nn_relu_8] Trial #23: GFLOPs: 15.7644. Time: 13062.4901 us. Best GFLOPs: 129.2711
2024-05-19 19:42:21 [INFO] [task_scheduler.cc:131] [Task #29: fused_nn_contrib_conv2d_NCHWc_add_nn_relu_8] Trial #24: GFLOPs: 40.5128. Time: 5082.8930 us. Best GFLOPs: 129.2711
2024-05-19 19:42:21 [INFO] [task_scheduler.cc:131] [Task #29: fused_nn_contrib_conv2d_NCHWc_add_nn_relu_8] Trial #25: GFLOPs: 55.1256. Time: 3735.5104 us. Best GFLOPs: 129.2711
2024-05-19 19:42:21 [INFO] [task_scheduler.cc:131] [Task #29: fused_nn_contrib_conv2d_NCHWc_add_nn_relu_8] Trial #26: GFLOPs: 38.8456. Time: 5301.0423 us. Best GFLOPs: 129.2711
2024-05-19 19:42:21 [INFO] [task_scheduler.cc:131] [Task #29: fused_nn_contrib_conv2d_NCHWc_add_nn_relu_8] Trial #27: GFLOPs: 52.8970. Time: 3892.8922 us. Best GFLOPs: 129.2711
2024-05-19 19:42:21 [INFO] [task_scheduler.cc:131] [Task #29: fused_nn_contrib_conv2d_NCHWc_add_nn_relu_8] Trial #28: GFLOPs: 32.6379. Time: 6309.2992 us. Best GFLOPs: 129.2711
2024-05-19 19:42:21 [INFO] [task_scheduler.cc:131] [Task #29: fused_nn_contrib_conv2d_NCHWc_add_nn_relu_8] Trial #29: GFLOPs: 9.4620. Time: 21763.1339 us. Best GFLOPs: 129.2711
2024-05-19 19:42:21 [INFO] [task_scheduler.cc:131] [Task #29: fused_nn_contrib_conv2d_NCHWc_add_nn_relu_8] Trial #30: GFLOPs: 30.5798. Time: 6733.9376 us. Best GFLOPs: 129.2711
2024-05-19 19:42:21 [INFO] [task_scheduler.cc:131] [Task #29: fused_nn_contrib_conv2d_NCHWc_add_nn_relu_8] Trial #31: GFLOPs: 28.1653. Time: 7311.1936 us. Best GFLOPs: 129.2711
2024-05-19 19:42:21 [INFO] [task_scheduler.cc:131] [Task #29: fused_nn_contrib_conv2d_NCHWc_add_nn_relu_8] Trial #32: GFLOPs: 13.0750. Time: 15749.2996 us. Best GFLOPs: 129.2711
2024-05-19 19:42:21 [INFO] [task_scheduler.cc:131] [Task #29: fused_nn_contrib_conv2d_NCHWc_add_nn_relu_8] Trial #33: GFLOPs: 16.9812. Time: 12126.5029 us. Best GFLOPs: 129.2711
2024-05-19 19:42:21 [INFO] [task_scheduler.cc:131] [Task #29: fused_nn_contrib_conv2d_NCHWc_add_nn_relu_8] Trial #34: GFLOPs: 18.7154. Time: 11002.8471 us. Best GFLOPs: 129.2711
2024-05-19 19:42:21 [INFO] [task_scheduler.cc:131] [Task #29: fused_nn_contrib_conv2d_NCHWc_add_nn_relu_8] Trial #35: GFLOPs: 34.5960. Time: 5952.1918 us. Best GFLOPs: 129.2711
2024-05-19 19:42:21 [INFO] [task_scheduler.cc:131] [Task #29: fused_nn_contrib_conv2d_NCHWc_add_nn_relu_8] Trial #36: GFLOPs: 13.8854. Time: 14830.1785 us. Best GFLOPs: 129.2711
2024-05-19 19:42:21 [INFO] [task_scheduler.cc:131] [Task #29: fused_nn_contrib_conv2d_NCHWc_add_nn_relu_8] Trial #37: GFLOPs: 24.1173. Time: 8538.3786 us. Best GFLOPs: 129.2711
2024-05-19 19:42:21 [INFO] [task_scheduler.cc:131] [Task #29: fused_nn_contrib_conv2d_NCHWc_add_nn_relu_8] Trial #38: GFLOPs: 30.6410. Time: 6720.4877 us. Best GFLOPs: 129.2711
2024-05-19 19:42:21 [INFO] [task_scheduler.cc:131] [Task #29: fused_nn_contrib_conv2d_NCHWc_add_nn_relu_8] Trial #39: GFLOPs: 6.6913. Time: 30774.5224 us. Best GFLOPs: 129.2711
2024-05-19 19:42:21 [INFO] [task_scheduler.cc:131] [Task #29: fused_nn_contrib_conv2d_NCHWc_add_nn_relu_8] Trial #40: GFLOPs: 13.6302. Time: 15107.7818 us. Best GFLOPs: 129.2711
2024-05-19 19:42:21 [INFO] [task_scheduler.cc:131] [Task #29: fused_nn_contrib_conv2d_NCHWc_add_nn_relu_8] Trial #41: GFLOPs: 28.0055. Time: 7352.9316 us. Best GFLOPs: 129.2711
2024-05-19 19:42:21 [INFO] [task_scheduler.cc:131] [Task #29: fused_nn_contrib_conv2d_NCHWc_add_nn_relu_8] Trial #42: GFLOPs: 105.3801. Time: 1954.0918 us. Best GFLOPs: 129.2711
2024-05-19 19:42:21 [INFO] [task_scheduler.cc:131] [Task #29: fused_nn_contrib_conv2d_NCHWc_add_nn_relu_8] Trial #43: GFLOPs: 15.2816. Time: 13475.1490 us. Best GFLOPs: 129.2711
2024-05-19 19:42:21 [INFO] [task_scheduler.cc:131] [Task #29: fused_nn_contrib_conv2d_NCHWc_add_nn_relu_8] Trial #44: GFLOPs: 113.7088. Time: 1810.9623 us. Best GFLOPs: 129.2711
2024-05-19 19:42:21 [INFO] [task_scheduler.cc:131] [Task #29: fused_nn_contrib_conv2d_NCHWc_add_nn_relu_8] Trial #45: GFLOPs: 41.1720. Time: 5001.5180 us. Best GFLOPs: 129.2711
2024-05-19 19:42:21 [INFO] [task_scheduler.cc:131] [Task #29: fused_nn_contrib_conv2d_NCHWc_add_nn_relu_8] Trial #46: GFLOPs: 23.3835. Time: 8806.3163 us. Best GFLOPs: 129.2711
2024-05-19 19:42:21 [INFO] [task_scheduler.cc:131] [Task #29: fused_nn_contrib_conv2d_NCHWc_add_nn_relu_8] Trial #47: GFLOPs: 20.3431. Time: 10122.4399 us. Best GFLOPs: 129.2711
2024-05-19 19:42:21 [INFO] [task_scheduler.cc:131] [Task #29: fused_nn_contrib_conv2d_NCHWc_add_nn_relu_8] Trial #48: GFLOPs: 10.6411. Time: 19351.5646 us. Best GFLOPs: 129.2711
2024-05-19 19:42:21 [INFO] [task_scheduler.cc:131] [Task #29: fused_nn_contrib_conv2d_NCHWc_add_nn_relu_8] Trial #49: GFLOPs: 10.9633. Time: 18782.7986 us. Best GFLOPs: 129.2711
2024-05-19 19:42:21 [INFO] [task_scheduler.cc:131] [Task #29: fused_nn_contrib_conv2d_NCHWc_add_nn_relu_8] Trial #50: GFLOPs: 28.8615. Time: 7134.8457 us. Best GFLOPs: 129.2711
2024-05-19 19:42:21 [INFO] [task_scheduler.cc:131] [Task #29: fused_nn_contrib_conv2d_NCHWc_add_nn_relu_8] Trial #51: GFLOPs: 18.5329. Time: 11111.1494 us. Best GFLOPs: 129.2711
2024-05-19 19:42:21 [INFO] [task_scheduler.cc:131] [Task #29: fused_nn_contrib_conv2d_NCHWc_add_nn_relu_8] Trial #52: GFLOPs: 8.9574. Time: 22988.9965 us. Best GFLOPs: 129.2711
2024-05-19 19:42:21 [INFO] [task_scheduler.cc:131] [Task #29: fused_nn_contrib_conv2d_NCHWc_add_nn_relu_8] Trial #53: GFLOPs: 11.9361. Time: 17252.0334 us. Best GFLOPs: 129.2711
2024-05-19 19:42:21 [INFO] [task_scheduler.cc:131] [Task #29: fused_nn_contrib_conv2d_NCHWc_add_nn_relu_8] Trial #54: GFLOPs: 49.2197. Time: 4183.7338 us. Best GFLOPs: 129.2711
2024-05-19 19:42:21 [INFO] [task_scheduler.cc:131] [Task #29: fused_nn_contrib_conv2d_NCHWc_add_nn_relu_8] Trial #55: GFLOPs: 88.0577. Time: 2338.4921 us. Best GFLOPs: 129.2711
2024-05-19 19:42:21 [INFO] [task_scheduler.cc:131] [Task #29: fused_nn_contrib_conv2d_NCHWc_add_nn_relu_8] Trial #56: GFLOPs: 16.8259. Time: 12238.3803 us. Best GFLOPs: 129.2711
2024-05-19 19:42:21 [INFO] [task_scheduler.cc:131] [Task #29: fused_nn_contrib_conv2d_NCHWc_add_nn_relu_8] Trial #57: GFLOPs: 12.9373. Time: 15916.9986 us. Best GFLOPs: 129.2711
2024-05-19 19:42:21 [INFO] [task_scheduler.cc:131] [Task #29: fused_nn_contrib_conv2d_NCHWc_add_nn_relu_8] Trial #58: GFLOPs: 9.0323. Time: 22798.3560 us. Best GFLOPs: 129.2711
2024-05-19 19:42:21 [INFO] [task_scheduler.cc:131] [Task #29: fused_nn_contrib_conv2d_NCHWc_add_nn_relu_8] Trial #59: GFLOPs: 19.6504. Time: 10479.3156 us. Best GFLOPs: 129.2711
2024-05-19 19:42:21 [INFO] [task_scheduler.cc:131] [Task #29: fused_nn_contrib_conv2d_NCHWc_add_nn_relu_8] Trial #60: GFLOPs: 26.9803. Time: 7632.3070 us. Best GFLOPs: 129.2711
2024-05-19 19:42:21 [INFO] [task_scheduler.cc:131] [Task #29: fused_nn_contrib_conv2d_NCHWc_add_nn_relu_8] Trial #61: GFLOPs: 19.7193. Time: 10442.6528 us. Best GFLOPs: 129.2711
2024-05-19 19:42:21 [INFO] [task_scheduler.cc:131] [Task #29: fused_nn_contrib_conv2d_NCHWc_add_nn_relu_8] Trial #62: GFLOPs: 25.9127. Time: 7946.7785 us. Best GFLOPs: 129.2711
2024-05-19 19:42:21 [INFO] [task_scheduler.cc:131] [Task #29: fused_nn_contrib_conv2d_NCHWc_add_nn_relu_8] Trial #63: GFLOPs: 158.6979. Time: 1297.5745 us. Best GFLOPs: 158.6979
2024-05-19 19:42:21 [INFO] [task_scheduler.cc:131] [Task #29: fused_nn_contrib_conv2d_NCHWc_add_nn_relu_8] Trial #64: GFLOPs: 13.5584. Time: 15187.7770 us. Best GFLOPs: 158.6979
2024-05-19 20:28:56 [INFO] [evolutionary_search.cc:713] Generating candidates......
2024-05-19 20:28:56 [INFO] [evolutionary_search.cc:715] Picked top 64 candidate(s) from database
2024-05-19 20:28:58 [INFO] [evolutionary_search.cc:533] Sample-Init-Population summary:
Postproc #0 [meta_schedule.DisallowDynamicLoop(0xf2206d8)]: 0 failure(s)
Postproc #1 [meta_schedule.RewriteParallelVectorizeUnroll(0xf432ac8)]: 0 failure(s)
Postproc #2 [meta_schedule.RewriteReductionBlock(0xbd4c9f8)]: 0 failure(s)
Postproc #3 [meta_schedule.RewriteLayout(0x160f6238)]: 0 failure(s)
2024-05-19 20:28:58 [INFO] [evolutionary_search.cc:723] Sampled 448 candidate(s)
2024-05-19 20:29:00 [INFO] [evolutionary_search.cc:621] Evolve iter #0 done. Summary:
Postproc #0 [meta_schedule.DisallowDynamicLoop(0xf2206d8)]: 0 failure(s)
Postproc #1 [meta_schedule.RewriteParallelVectorizeUnroll(0xf432ac8)]: 0 failure(s)
Postproc #2 [meta_schedule.RewriteReductionBlock(0xbd4c9f8)]: 0 failure(s)
Postproc #3 [meta_schedule.RewriteLayout(0x160f6238)]: 0 failure(s)
2024-05-19 20:29:02 [INFO] [evolutionary_search.cc:621] Evolve iter #1 done. Summary:
Postproc #0 [meta_schedule.DisallowDynamicLoop(0xf2206d8)]: 0 failure(s)
Postproc #1 [meta_schedule.RewriteParallelVectorizeUnroll(0xf432ac8)]: 0 failure(s)
Postproc #2 [meta_schedule.RewriteReductionBlock(0xbd4c9f8)]: 0 failure(s)
Postproc #3 [meta_schedule.RewriteLayout(0x160f6238)]: 0 failure(s)
2024-05-19 20:29:05 [INFO] [evolutionary_search.cc:621] Evolve iter #2 done. Summary:
Postproc #0 [meta_schedule.DisallowDynamicLoop(0xf2206d8)]: 0 failure(s)
Postproc #1 [meta_schedule.RewriteParallelVectorizeUnroll(0xf432ac8)]: 0 failure(s)
Postproc #2 [meta_schedule.RewriteReductionBlock(0xbd4c9f8)]: 0 failure(s)
Postproc #3 [meta_schedule.RewriteLayout(0x160f6238)]: 0 failure(s)
2024-05-19 20:29:08 [INFO] [evolutionary_search.cc:621] Evolve iter #3 done. Summary:
Postproc #0 [meta_schedule.DisallowDynamicLoop(0xf2206d8)]: 0 failure(s)
Postproc #1 [meta_schedule.RewriteParallelVectorizeUnroll(0xf432ac8)]: 0 failure(s)
Postproc #2 [meta_schedule.RewriteReductionBlock(0xbd4c9f8)]: 0 failure(s)
Postproc #3 [meta_schedule.RewriteLayout(0x160f6238)]: 0 failure(s)
2024-05-19 20:29:09 [INFO] [evolutionary_search.cc:649] Scores of the best 64 candidates:
[1 : 16]:	0.9053  0.9053  0.8672  0.8520  0.8514  0.8479  0.8473  0.8473  0.8445  0.8407  0.8353  0.8283  0.8275  0.8251  0.8157  0.8081
[17 : 32]:	0.8061  0.8018  0.8013  0.8011  0.8005  0.8005  0.8000  0.7985  0.7984  0.7984  0.7984  0.7983  0.7960  0.7923  0.7917  0.7900
[33 : 48]:	0.7899  0.7870  0.7830  0.7828  0.7811  0.7800  0.7798  0.7794  0.7781  0.7752  0.7749  0.7684  0.7679  0.7671  0.7669  0.7663
[49 : 64]:	0.7638  0.7627  0.7623  0.7616  0.7590  0.7584  0.7580  0.7575  0.7563  0.7562  0.7556  0.7543  0.7541  0.7541  0.7539  0.7538
2024-05-19 20:29:09 [INFO] [evolutionary_search.cc:727] Got 64 candidate(s) with evolutionary search
2024-05-19 20:29:09 [INFO] [evolutionary_search.cc:730] Sending 64 candidates(s) for measurement
2024-05-19 20:30:37 [INFO] [task_scheduler.cc:131] [Task #29: fused_nn_contrib_conv2d_NCHWc_add_nn_relu_8] Trial #65: GFLOPs: 124.9544. Time: 1647.9796 us. Best GFLOPs: 158.6979
2024-05-19 20:30:37 [INFO] [task_scheduler.cc:131] [Task #29: fused_nn_contrib_conv2d_NCHWc_add_nn_relu_8] Trial #66: GFLOPs: 157.3905. Time: 1308.3531 us. Best GFLOPs: 158.6979
2024-05-19 20:30:37 [INFO] [task_scheduler.cc:131] [Task #29: fused_nn_contrib_conv2d_NCHWc_add_nn_relu_8] Trial #67: GFLOPs: 144.7463. Time: 1422.6430 us. Best GFLOPs: 158.6979
2024-05-19 20:30:37 [INFO] [task_scheduler.cc:131] [Task #29: fused_nn_contrib_conv2d_NCHWc_add_nn_relu_8] Trial #68: GFLOPs: 180.9095. Time: 1138.2613 us. Best GFLOPs: 180.9095
2024-05-19 20:30:37 [INFO] [task_scheduler.cc:131] [Task #29: fused_nn_contrib_conv2d_NCHWc_add_nn_relu_8] Trial #69: GFLOPs: 116.1190. Time: 1773.3732 us. Best GFLOPs: 180.9095
2024-05-19 20:30:37 [INFO] [task_scheduler.cc:131] [Task #29: fused_nn_contrib_conv2d_NCHWc_add_nn_relu_8] Trial #70: GFLOPs: 141.6222. Time: 1454.0255 us. Best GFLOPs: 180.9095
2024-05-19 20:30:37 [INFO] [task_scheduler.cc:131] [Task #29: fused_nn_contrib_conv2d_NCHWc_add_nn_relu_8] Trial #71: GFLOPs: 151.8357. Time: 1356.2176 us. Best GFLOPs: 180.9095
2024-05-19 20:30:37 [INFO] [task_scheduler.cc:131] [Task #29: fused_nn_contrib_conv2d_NCHWc_add_nn_relu_8] Trial #72: GFLOPs: 149.7063. Time: 1375.5087 us. Best GFLOPs: 180.9095
2024-05-19 20:30:37 [INFO] [task_scheduler.cc:131] [Task #29: fused_nn_contrib_conv2d_NCHWc_add_nn_relu_8] Trial #73: GFLOPs: 131.7095. Time: 1563.4580 us. Best GFLOPs: 180.9095
2024-05-19 20:30:37 [INFO] [task_scheduler.cc:131] [Task #29: fused_nn_contrib_conv2d_NCHWc_add_nn_relu_8] Trial #74: GFLOPs: 181.9965. Time: 1131.4627 us. Best GFLOPs: 181.9965
2024-05-19 20:30:37 [INFO] [task_scheduler.cc:131] [Task #29: fused_nn_contrib_conv2d_NCHWc_add_nn_relu_8] Trial #75: GFLOPs: 125.2216. Time: 1644.4636 us. Best GFLOPs: 181.9965
2024-05-19 20:30:37 [INFO] [task_scheduler.cc:131] [Task #29: fused_nn_contrib_conv2d_NCHWc_add_nn_relu_8] Trial #76: GFLOPs: 160.0404. Time: 1286.6896 us. Best GFLOPs: 181.9965
2024-05-19 20:30:37 [INFO] [task_scheduler.cc:131] [Task #29: fused_nn_contrib_conv2d_NCHWc_add_nn_relu_8] Trial #77: GFLOPs: 131.6621. Time: 1564.0210 us. Best GFLOPs: 181.9965
2024-05-19 20:30:37 [INFO] [task_scheduler.cc:131] [Task #29: fused_nn_contrib_conv2d_NCHWc_add_nn_relu_8] Trial #78: GFLOPs: 164.2231. Time: 1253.9179 us. Best GFLOPs: 181.9965
2024-05-19 20:30:37 [INFO] [task_scheduler.cc:131] [Task #29: fused_nn_contrib_conv2d_NCHWc_add_nn_relu_8] Trial #79: GFLOPs: 122.3889. Time: 1682.5238 us. Best GFLOPs: 181.9965
2024-05-19 20:30:37 [INFO] [task_scheduler.cc:131] [Task #29: fused_nn_contrib_conv2d_NCHWc_add_nn_relu_8] Trial #80: GFLOPs: 162.7852. Time: 1264.9938 us. Best GFLOPs: 181.9965
2024-05-19 20:30:37 [INFO] [task_scheduler.cc:131] [Task #29: fused_nn_contrib_conv2d_NCHWc_add_nn_relu_8] Trial #81: GFLOPs: 105.7652. Time: 1946.9762 us. Best GFLOPs: 181.9965
2024-05-19 20:30:37 [INFO] [task_scheduler.cc:131] [Task #29: fused_nn_contrib_conv2d_NCHWc_add_nn_relu_8] Trial #82: GFLOPs: 196.7901. Time: 1046.4060 us. Best GFLOPs: 196.7901
2024-05-19 20:30:37 [INFO] [task_scheduler.cc:131] [Task #29: fused_nn_contrib_conv2d_NCHWc_add_nn_relu_8] Trial #83: GFLOPs: 105.6596. Time: 1948.9211 us. Best GFLOPs: 196.7901
2024-05-19 20:30:37 [INFO] [task_scheduler.cc:131] [Task #29: fused_nn_contrib_conv2d_NCHWc_add_nn_relu_8] Trial #84: GFLOPs: 148.9259. Time: 1382.7169 us. Best GFLOPs: 196.7901
2024-05-19 20:30:37 [INFO] [task_scheduler.cc:131] [Task #29: fused_nn_contrib_conv2d_NCHWc_add_nn_relu_8] Trial #85: GFLOPs: 204.9427. Time: 1004.7798 us. Best GFLOPs: 204.9427
2024-05-19 20:30:37 [INFO] [task_scheduler.cc:131] [Task #29: fused_nn_contrib_conv2d_NCHWc_add_nn_relu_8] Trial #86: GFLOPs: 154.9284. Time: 1329.1450 us. Best GFLOPs: 204.9427
2024-05-19 20:30:37 [INFO] [task_scheduler.cc:131] [Task #29: fused_nn_contrib_conv2d_NCHWc_add_nn_relu_8] Trial #87: GFLOPs: 96.4678. Time: 2134.6221 us. Best GFLOPs: 204.9427
2024-05-19 20:30:37 [INFO] [task_scheduler.cc:131] [Task #29: fused_nn_contrib_conv2d_NCHWc_add_nn_relu_8] Trial #88: GFLOPs: 118.5969. Time: 1736.3206 us. Best GFLOPs: 204.9427
2024-05-19 20:30:37 [INFO] [task_scheduler.cc:131] [Task #29: fused_nn_contrib_conv2d_NCHWc_add_nn_relu_8] Trial #89: GFLOPs: 137.2119. Time: 1500.7615 us. Best GFLOPs: 204.9427
2024-05-19 20:30:37 [INFO] [task_scheduler.cc:131] [Task #29: fused_nn_contrib_conv2d_NCHWc_add_nn_relu_8] Trial #90: GFLOPs: 137.8898. Time: 1493.3835 us. Best GFLOPs: 204.9427
2024-05-19 20:30:37 [INFO] [task_scheduler.cc:131] [Task #29: fused_nn_contrib_conv2d_NCHWc_add_nn_relu_8] Trial #91: GFLOPs: 130.0042. Time: 1583.9668 us. Best GFLOPs: 204.9427
2024-05-19 20:30:37 [INFO] [task_scheduler.cc:131] [Task #29: fused_nn_contrib_conv2d_NCHWc_add_nn_relu_8] Trial #92: GFLOPs: 127.0207. Time: 1621.1714 us. Best GFLOPs: 204.9427
2024-05-19 20:30:37 [INFO] [task_scheduler.cc:131] [Task #29: fused_nn_contrib_conv2d_NCHWc_add_nn_relu_8] Trial #93: GFLOPs: 114.7011. Time: 1795.2951 us. Best GFLOPs: 204.9427
2024-05-19 20:30:37 [INFO] [task_scheduler.cc:131] [Task #29: fused_nn_contrib_conv2d_NCHWc_add_nn_relu_8] Trial #94: GFLOPs: 127.4860. Time: 1615.2539 us. Best GFLOPs: 204.9427
2024-05-19 20:30:37 [INFO] [task_scheduler.cc:131] [Task #29: fused_nn_contrib_conv2d_NCHWc_add_nn_relu_8] Trial #95: GFLOPs: 143.1246. Time: 1438.7628 us. Best GFLOPs: 204.9427
2024-05-19 20:30:37 [INFO] [task_scheduler.cc:131] [Task #29: fused_nn_contrib_conv2d_NCHWc_add_nn_relu_8] Trial #96: GFLOPs: 102.7492. Time: 2004.1261 us. Best GFLOPs: 204.9427
2024-05-19 20:30:37 [INFO] [task_scheduler.cc:131] [Task #29: fused_nn_contrib_conv2d_NCHWc_add_nn_relu_8] Trial #97: GFLOPs: 151.6410. Time: 1357.9592 us. Best GFLOPs: 204.9427
2024-05-19 20:30:37 [INFO] [task_scheduler.cc:131] [Task #29: fused_nn_contrib_conv2d_NCHWc_add_nn_relu_8] Trial #98: GFLOPs: 136.0974. Time: 1513.0505 us. Best GFLOPs: 204.9427
2024-05-19 20:30:37 [INFO] [task_scheduler.cc:131] [Task #29: fused_nn_contrib_conv2d_NCHWc_add_nn_relu_8] Trial #99: GFLOPs: 171.4350. Time: 1201.1686 us. Best GFLOPs: 204.9427
2024-05-19 20:30:37 [INFO] [task_scheduler.cc:131] [Task #29: fused_nn_contrib_conv2d_NCHWc_add_nn_relu_8] Trial #100: GFLOPs: 191.9558. Time: 1072.7591 us. Best GFLOPs: 204.9427
2024-05-19 20:30:37 [INFO] [task_scheduler.cc:131] [Task #29: fused_nn_contrib_conv2d_NCHWc_add_nn_relu_8] Trial #101: GFLOPs: 163.7473. Time: 1257.5615 us. Best GFLOPs: 204.9427
2024-05-19 20:30:37 [INFO] [task_scheduler.cc:131] [Task #29: fused_nn_contrib_conv2d_NCHWc_add_nn_relu_8] Trial #102: GFLOPs: 192.4237. Time: 1070.1505 us. Best GFLOPs: 204.9427
2024-05-19 20:30:37 [INFO] [task_scheduler.cc:131] [Task #29: fused_nn_contrib_conv2d_NCHWc_add_nn_relu_8] Trial #103: GFLOPs: 113.5863. Time: 1812.9151 us. Best GFLOPs: 204.9427
2024-05-19 20:30:37 [INFO] [task_scheduler.cc:131] [Task #29: fused_nn_contrib_conv2d_NCHWc_add_nn_relu_8] Trial #104: GFLOPs: 105.0893. Time: 1959.4976 us. Best GFLOPs: 204.9427
2024-05-19 20:30:37 [INFO] [task_scheduler.cc:131] [Task #29: fused_nn_contrib_conv2d_NCHWc_add_nn_relu_8] Trial #105: GFLOPs: 141.0928. Time: 1459.4816 us. Best GFLOPs: 204.9427
2024-05-19 20:30:37 [INFO] [task_scheduler.cc:131] [Task #29: fused_nn_contrib_conv2d_NCHWc_add_nn_relu_8] Trial #106: GFLOPs: 130.9542. Time: 1572.4758 us. Best GFLOPs: 204.9427
2024-05-19 20:30:37 [INFO] [task_scheduler.cc:131] [Task #29: fused_nn_contrib_conv2d_NCHWc_add_nn_relu_8] Trial #107: GFLOPs: 154.9732. Time: 1328.7608 us. Best GFLOPs: 204.9427
2024-05-19 20:30:37 [INFO] [task_scheduler.cc:131] [Task #29: fused_nn_contrib_conv2d_NCHWc_add_nn_relu_8] Trial #108: GFLOPs: 117.2982. Time: 1755.5449 us. Best GFLOPs: 204.9427
2024-05-19 20:30:37 [INFO] [task_scheduler.cc:131] [Task #29: fused_nn_contrib_conv2d_NCHWc_add_nn_relu_8] Trial #109: GFLOPs: 157.6779. Time: 1305.9683 us. Best GFLOPs: 204.9427
2024-05-19 20:30:37 [INFO] [task_scheduler.cc:131] [Task #29: fused_nn_contrib_conv2d_NCHWc_add_nn_relu_8] Trial #110: GFLOPs: 160.6716. Time: 1281.6346 us. Best GFLOPs: 204.9427
2024-05-19 20:30:37 [INFO] [task_scheduler.cc:131] [Task #29: fused_nn_contrib_conv2d_NCHWc_add_nn_relu_8] Trial #111: GFLOPs: 163.0937. Time: 1262.6015 us. Best GFLOPs: 204.9427
2024-05-19 20:30:37 [INFO] [task_scheduler.cc:131] [Task #29: fused_nn_contrib_conv2d_NCHWc_add_nn_relu_8] Trial #112: GFLOPs: 119.2803. Time: 1726.3728 us. Best GFLOPs: 204.9427
2024-05-19 20:30:37 [INFO] [task_scheduler.cc:131] [Task #29: fused_nn_contrib_conv2d_NCHWc_add_nn_relu_8] Trial #113: GFLOPs: 151.2745. Time: 1361.2489 us. Best GFLOPs: 204.9427
2024-05-19 20:30:37 [INFO] [task_scheduler.cc:131] [Task #29: fused_nn_contrib_conv2d_NCHWc_add_nn_relu_8] Trial #114: GFLOPs: 67.0624. Time: 3070.6089 us. Best GFLOPs: 204.9427
2024-05-19 20:30:37 [INFO] [task_scheduler.cc:131] [Task #29: fused_nn_contrib_conv2d_NCHWc_add_nn_relu_8] Trial #115: GFLOPs: 89.6620. Time: 2296.6500 us. Best GFLOPs: 204.9427
2024-05-19 20:30:37 [INFO] [task_scheduler.cc:131] [Task #29: fused_nn_contrib_conv2d_NCHWc_add_nn_relu_8] Trial #116: GFLOPs: 162.4113. Time: 1267.9062 us. Best GFLOPs: 204.9427
2024-05-19 20:30:37 [INFO] [task_scheduler.cc:131] [Task #29: fused_nn_contrib_conv2d_NCHWc_add_nn_relu_8] Trial #117: GFLOPs: 136.6602. Time: 1506.8203 us. Best GFLOPs: 204.9427
2024-05-19 20:30:37 [INFO] [task_scheduler.cc:131] [Task #29: fused_nn_contrib_conv2d_NCHWc_add_nn_relu_8] Trial #118: GFLOPs: 68.1275. Time: 3022.6028 us. Best GFLOPs: 204.9427
2024-05-19 20:30:37 [INFO] [task_scheduler.cc:131] [Task #29: fused_nn_contrib_conv2d_NCHWc_add_nn_relu_8] Trial #119: GFLOPs: 204.4400. Time: 1007.2505 us. Best GFLOPs: 204.9427
2024-05-19 20:30:37 [INFO] [task_scheduler.cc:131] [Task #29: fused_nn_contrib_conv2d_NCHWc_add_nn_relu_8] Trial #120: GFLOPs: 114.8753. Time: 1792.5722 us. Best GFLOPs: 204.9427
2024-05-19 20:30:37 [INFO] [task_scheduler.cc:131] [Task #29: fused_nn_contrib_conv2d_NCHWc_add_nn_relu_8] Trial #121: GFLOPs: 146.1894. Time: 1408.5992 us. Best GFLOPs: 204.9427
2024-05-19 20:30:37 [INFO] [task_scheduler.cc:131] [Task #29: fused_nn_contrib_conv2d_NCHWc_add_nn_relu_8] Trial #122: GFLOPs: 135.4259. Time: 1520.5531 us. Best GFLOPs: 204.9427
2024-05-19 20:30:37 [INFO] [task_scheduler.cc:131] [Task #29: fused_nn_contrib_conv2d_NCHWc_add_nn_relu_8] Trial #123: GFLOPs: 173.2123. Time: 1188.8432 us. Best GFLOPs: 204.9427
2024-05-19 20:30:37 [INFO] [task_scheduler.cc:131] [Task #29: fused_nn_contrib_conv2d_NCHWc_add_nn_relu_8] Trial #124: GFLOPs: 143.5437. Time: 1434.5620 us. Best GFLOPs: 204.9427
2024-05-19 20:30:37 [INFO] [task_scheduler.cc:131] [Task #29: fused_nn_contrib_conv2d_NCHWc_add_nn_relu_8] Trial #125: GFLOPs: 73.3236. Time: 2808.4051 us. Best GFLOPs: 204.9427
2024-05-19 20:30:37 [INFO] [task_scheduler.cc:131] [Task #29: fused_nn_contrib_conv2d_NCHWc_add_nn_relu_8] Trial #126: GFLOPs: 20.0163. Time: 10287.7500 us. Best GFLOPs: 204.9427
2024-05-19 20:30:37 [INFO] [task_scheduler.cc:131] [Task #29: fused_nn_contrib_conv2d_NCHWc_add_nn_relu_8] Trial #127: GFLOPs: 14.2581. Time: 14442.4471 us. Best GFLOPs: 204.9427
2024-05-19 20:30:37 [INFO] [task_scheduler.cc:131] [Task #29: fused_nn_contrib_conv2d_NCHWc_add_nn_relu_8] Trial #128: GFLOPs: 54.2861. Time: 3793.2779 us. Best GFLOPs: 204.9427
2024-05-19 21:15:41 [INFO] [evolutionary_search.cc:713] Generating candidates......
2024-05-19 21:15:41 [INFO] [evolutionary_search.cc:715] Picked top 102 candidate(s) from database
2024-05-19 21:15:42 [INFO] [evolutionary_search.cc:533] Sample-Init-Population summary:
Postproc #0 [meta_schedule.DisallowDynamicLoop(0xf2206d8)]: 0 failure(s)
Postproc #1 [meta_schedule.RewriteParallelVectorizeUnroll(0xf432ac8)]: 0 failure(s)
Postproc #2 [meta_schedule.RewriteReductionBlock(0xbd4c9f8)]: 0 failure(s)
Postproc #3 [meta_schedule.RewriteLayout(0x160f6238)]: 0 failure(s)
2024-05-19 21:15:42 [INFO] [evolutionary_search.cc:723] Sampled 410 candidate(s)
2024-05-19 21:15:45 [INFO] [evolutionary_search.cc:621] Evolve iter #0 done. Summary:
Postproc #0 [meta_schedule.DisallowDynamicLoop(0xf2206d8)]: 0 failure(s)
Postproc #1 [meta_schedule.RewriteParallelVectorizeUnroll(0xf432ac8)]: 0 failure(s)
Postproc #2 [meta_schedule.RewriteReductionBlock(0xbd4c9f8)]: 0 failure(s)
Postproc #3 [meta_schedule.RewriteLayout(0x160f6238)]: 0 failure(s)
2024-05-19 21:15:47 [INFO] [evolutionary_search.cc:621] Evolve iter #1 done. Summary:
Postproc #0 [meta_schedule.DisallowDynamicLoop(0xf2206d8)]: 0 failure(s)
Postproc #1 [meta_schedule.RewriteParallelVectorizeUnroll(0xf432ac8)]: 0 failure(s)
Postproc #2 [meta_schedule.RewriteReductionBlock(0xbd4c9f8)]: 0 failure(s)
Postproc #3 [meta_schedule.RewriteLayout(0x160f6238)]: 0 failure(s)
2024-05-19 21:15:50 [INFO] [evolutionary_search.cc:621] Evolve iter #2 done. Summary:
Postproc #0 [meta_schedule.DisallowDynamicLoop(0xf2206d8)]: 0 failure(s)
Postproc #1 [meta_schedule.RewriteParallelVectorizeUnroll(0xf432ac8)]: 0 failure(s)
Postproc #2 [meta_schedule.RewriteReductionBlock(0xbd4c9f8)]: 0 failure(s)
Postproc #3 [meta_schedule.RewriteLayout(0x160f6238)]: 0 failure(s)
2024-05-19 21:15:53 [INFO] [evolutionary_search.cc:621] Evolve iter #3 done. Summary:
Postproc #0 [meta_schedule.DisallowDynamicLoop(0xf2206d8)]: 0 failure(s)
Postproc #1 [meta_schedule.RewriteParallelVectorizeUnroll(0xf432ac8)]: 0 failure(s)
Postproc #2 [meta_schedule.RewriteReductionBlock(0xbd4c9f8)]: 0 failure(s)
Postproc #3 [meta_schedule.RewriteLayout(0x160f6238)]: 0 failure(s)
2024-05-19 21:15:54 [INFO] [evolutionary_search.cc:649] Scores of the best 64 candidates:
[1 : 16]:	0.9488  0.9255  0.9152  0.9060  0.9009  0.8938  0.8853  0.8819  0.8772  0.8772  0.8723  0.8669  0.8581  0.8578  0.8556  0.8548
[17 : 32]:	0.8538  0.8515  0.8496  0.8474  0.8445  0.8408  0.8368  0.8308  0.8308  0.8305  0.8300  0.8290  0.8290  0.8229  0.8225  0.8186
[33 : 48]:	0.8170  0.8161  0.8154  0.8148  0.8144  0.8142  0.8137  0.8115  0.8114  0.8087  0.8079  0.8077  0.8058  0.8032  0.8020  0.8020
[49 : 64]:	0.8016  0.8016  0.8015  0.8015  0.8014  0.8010  0.8009  0.7982  0.7982  0.7982  0.7979  0.7974  0.7973  0.7969  0.7968  0.7956
2024-05-19 21:15:54 [INFO] [evolutionary_search.cc:727] Got 64 candidate(s) with evolutionary search
2024-05-19 21:15:54 [INFO] [evolutionary_search.cc:730] Sending 64 candidates(s) for measurement
2024-05-19 21:17:29 [INFO] [task_scheduler.cc:131] [Task #29: fused_nn_contrib_conv2d_NCHWc_add_nn_relu_8] Trial #129: GFLOPs: 211.9856. Time: 971.3974 us. Best GFLOPs: 211.9856
2024-05-19 21:17:29 [INFO] [task_scheduler.cc:131] [Task #29: fused_nn_contrib_conv2d_NCHWc_add_nn_relu_8] Trial #130: GFLOPs: 193.7874. Time: 1062.6199 us. Best GFLOPs: 211.9856
2024-05-19 21:17:29 [INFO] [task_scheduler.cc:131] [Task #29: fused_nn_contrib_conv2d_NCHWc_add_nn_relu_8] Trial #131: GFLOPs: 182.0615. Time: 1131.0587 us. Best GFLOPs: 211.9856
2024-05-19 21:17:29 [INFO] [task_scheduler.cc:131] [Task #29: fused_nn_contrib_conv2d_NCHWc_add_nn_relu_8] Trial #132: GFLOPs: 188.7923. Time: 1090.7345 us. Best GFLOPs: 211.9856
2024-05-19 21:17:29 [INFO] [task_scheduler.cc:131] [Task #29: fused_nn_contrib_conv2d_NCHWc_add_nn_relu_8] Trial #133: GFLOPs: 189.1653. Time: 1088.5841 us. Best GFLOPs: 211.9856
2024-05-19 21:17:29 [INFO] [task_scheduler.cc:131] [Task #29: fused_nn_contrib_conv2d_NCHWc_add_nn_relu_8] Trial #134: GFLOPs: 190.2688. Time: 1082.2702 us. Best GFLOPs: 211.9856
2024-05-19 21:17:29 [INFO] [task_scheduler.cc:131] [Task #29: fused_nn_contrib_conv2d_NCHWc_add_nn_relu_8] Trial #135: GFLOPs: 154.7588. Time: 1330.6014 us. Best GFLOPs: 211.9856
2024-05-19 21:17:29 [INFO] [task_scheduler.cc:131] [Task #29: fused_nn_contrib_conv2d_NCHWc_add_nn_relu_8] Trial #136: GFLOPs: 131.5647. Time: 1565.1791 us. Best GFLOPs: 211.9856
2024-05-19 21:17:29 [INFO] [task_scheduler.cc:131] [Task #29: fused_nn_contrib_conv2d_NCHWc_add_nn_relu_8] Trial #137: GFLOPs: 164.8196. Time: 1249.3799 us. Best GFLOPs: 211.9856
2024-05-19 21:17:29 [INFO] [task_scheduler.cc:131] [Task #29: fused_nn_contrib_conv2d_NCHWc_add_nn_relu_8] Trial #138: GFLOPs: 119.7377. Time: 1719.7777 us. Best GFLOPs: 211.9856
2024-05-19 21:17:29 [INFO] [task_scheduler.cc:131] [Task #29: fused_nn_contrib_conv2d_NCHWc_add_nn_relu_8] Trial #139: GFLOPs: 205.8652. Time: 1000.2771 us. Best GFLOPs: 211.9856
2024-05-19 21:17:29 [INFO] [task_scheduler.cc:131] [Task #29: fused_nn_contrib_conv2d_NCHWc_add_nn_relu_8] Trial #140: GFLOPs: 185.8307. Time: 1108.1178 us. Best GFLOPs: 211.9856
2024-05-19 21:17:29 [INFO] [task_scheduler.cc:131] [Task #29: fused_nn_contrib_conv2d_NCHWc_add_nn_relu_8] Trial #141: GFLOPs: 183.7791. Time: 1120.4882 us. Best GFLOPs: 211.9856
2024-05-19 21:17:29 [INFO] [task_scheduler.cc:131] [Task #29: fused_nn_contrib_conv2d_NCHWc_add_nn_relu_8] Trial #142: GFLOPs: 164.0269. Time: 1255.4178 us. Best GFLOPs: 211.9856
2024-05-19 21:17:29 [INFO] [task_scheduler.cc:131] [Task #29: fused_nn_contrib_conv2d_NCHWc_add_nn_relu_8] Trial #143: GFLOPs: 128.1959. Time: 1606.3101 us. Best GFLOPs: 211.9856
2024-05-19 21:17:29 [INFO] [task_scheduler.cc:131] [Task #29: fused_nn_contrib_conv2d_NCHWc_add_nn_relu_8] Trial #144: GFLOPs: 99.3329. Time: 2073.0523 us. Best GFLOPs: 211.9856
2024-05-19 21:17:29 [INFO] [task_scheduler.cc:131] [Task #29: fused_nn_contrib_conv2d_NCHWc_add_nn_relu_8] Trial #145: GFLOPs: 184.3908. Time: 1116.7711 us. Best GFLOPs: 211.9856
2024-05-19 21:17:29 [INFO] [task_scheduler.cc:131] [Task #29: fused_nn_contrib_conv2d_NCHWc_add_nn_relu_8] Trial #146: GFLOPs: 171.0756. Time: 1203.6915 us. Best GFLOPs: 211.9856
2024-05-19 21:17:29 [INFO] [task_scheduler.cc:131] [Task #29: fused_nn_contrib_conv2d_NCHWc_add_nn_relu_8] Trial #147: GFLOPs: 161.8319. Time: 1272.4456 us. Best GFLOPs: 211.9856
2024-05-19 21:17:29 [INFO] [task_scheduler.cc:131] [Task #29: fused_nn_contrib_conv2d_NCHWc_add_nn_relu_8] Trial #148: GFLOPs: 175.5291. Time: 1173.1519 us. Best GFLOPs: 211.9856
2024-05-19 21:17:29 [INFO] [task_scheduler.cc:131] [Task #29: fused_nn_contrib_conv2d_NCHWc_add_nn_relu_8] Trial #149: GFLOPs: 191.9849. Time: 1072.5964 us. Best GFLOPs: 211.9856
2024-05-19 21:17:29 [INFO] [task_scheduler.cc:131] [Task #29: fused_nn_contrib_conv2d_NCHWc_add_nn_relu_8] Trial #150: GFLOPs: 168.5484. Time: 1221.7402 us. Best GFLOPs: 211.9856
2024-05-19 21:17:29 [INFO] [task_scheduler.cc:131] [Task #29: fused_nn_contrib_conv2d_NCHWc_add_nn_relu_8] Trial #151: GFLOPs: 166.1175. Time: 1239.6185 us. Best GFLOPs: 211.9856
2024-05-19 21:17:29 [INFO] [task_scheduler.cc:131] [Task #29: fused_nn_contrib_conv2d_NCHWc_add_nn_relu_8] Trial #152: GFLOPs: 123.7915. Time: 1663.4605 us. Best GFLOPs: 211.9856
2024-05-19 21:17:29 [INFO] [task_scheduler.cc:131] [Task #29: fused_nn_contrib_conv2d_NCHWc_add_nn_relu_8] Trial #153: GFLOPs: 174.4715. Time: 1180.2634 us. Best GFLOPs: 211.9856
2024-05-19 21:17:29 [INFO] [task_scheduler.cc:131] [Task #29: fused_nn_contrib_conv2d_NCHWc_add_nn_relu_8] Trial #154: GFLOPs: 134.8505. Time: 1527.0417 us. Best GFLOPs: 211.9856
2024-05-19 21:17:29 [INFO] [task_scheduler.cc:131] [Task #29: fused_nn_contrib_conv2d_NCHWc_add_nn_relu_8] Trial #155: GFLOPs: 180.2910. Time: 1142.1662 us. Best GFLOPs: 211.9856
2024-05-19 21:17:29 [INFO] [task_scheduler.cc:131] [Task #29: fused_nn_contrib_conv2d_NCHWc_add_nn_relu_8] Trial #156: GFLOPs: 138.3352. Time: 1488.5748 us. Best GFLOPs: 211.9856
2024-05-19 21:17:29 [INFO] [task_scheduler.cc:131] [Task #29: fused_nn_contrib_conv2d_NCHWc_add_nn_relu_8] Trial #157: GFLOPs: 168.1789. Time: 1224.4244 us. Best GFLOPs: 211.9856
2024-05-19 21:17:29 [INFO] [task_scheduler.cc:131] [Task #29: fused_nn_contrib_conv2d_NCHWc_add_nn_relu_8] Trial #158: GFLOPs: 221.4439. Time: 929.9074 us. Best GFLOPs: 221.4439
2024-05-19 21:17:29 [INFO] [task_scheduler.cc:131] [Task #29: fused_nn_contrib_conv2d_NCHWc_add_nn_relu_8] Trial #159: GFLOPs: 172.0707. Time: 1196.7306 us. Best GFLOPs: 221.4439
2024-05-19 21:17:29 [INFO] [task_scheduler.cc:131] [Task #29: fused_nn_contrib_conv2d_NCHWc_add_nn_relu_8] Trial #160: GFLOPs: 126.0404. Time: 1633.7801 us. Best GFLOPs: 221.4439
2024-05-19 21:17:29 [INFO] [task_scheduler.cc:131] [Task #29: fused_nn_contrib_conv2d_NCHWc_add_nn_relu_8] Trial #161: GFLOPs: 118.8705. Time: 1732.3245 us. Best GFLOPs: 221.4439
2024-05-19 21:17:29 [INFO] [task_scheduler.cc:131] [Task #29: fused_nn_contrib_conv2d_NCHWc_add_nn_relu_8] Trial #162: GFLOPs: 181.0628. Time: 1137.2978 us. Best GFLOPs: 221.4439
2024-05-19 21:17:29 [INFO] [task_scheduler.cc:131] [Task #29: fused_nn_contrib_conv2d_NCHWc_add_nn_relu_8] Trial #163: GFLOPs: 166.3910. Time: 1237.5809 us. Best GFLOPs: 221.4439
2024-05-19 21:17:29 [INFO] [task_scheduler.cc:131] [Task #29: fused_nn_contrib_conv2d_NCHWc_add_nn_relu_8] Trial #164: GFLOPs: 127.3187. Time: 1617.3767 us. Best GFLOPs: 221.4439
2024-05-19 21:17:29 [INFO] [task_scheduler.cc:131] [Task #29: fused_nn_contrib_conv2d_NCHWc_add_nn_relu_8] Trial #165: GFLOPs: 124.8997. Time: 1648.7011 us. Best GFLOPs: 221.4439
2024-05-19 21:17:29 [INFO] [task_scheduler.cc:131] [Task #29: fused_nn_contrib_conv2d_NCHWc_add_nn_relu_8] Trial #166: GFLOPs: 129.9747. Time: 1584.3261 us. Best GFLOPs: 221.4439
2024-05-19 21:17:29 [INFO] [task_scheduler.cc:131] [Task #29: fused_nn_contrib_conv2d_NCHWc_add_nn_relu_8] Trial #167: GFLOPs: 144.8915. Time: 1421.2172 us. Best GFLOPs: 221.4439
2024-05-19 21:17:29 [INFO] [task_scheduler.cc:131] [Task #29: fused_nn_contrib_conv2d_NCHWc_add_nn_relu_8] Trial #168: GFLOPs: 158.2839. Time: 1300.9678 us. Best GFLOPs: 221.4439
2024-05-19 21:17:29 [INFO] [task_scheduler.cc:131] [Task #29: fused_nn_contrib_conv2d_NCHWc_add_nn_relu_8] Trial #169: GFLOPs: 123.2829. Time: 1670.3234 us. Best GFLOPs: 221.4439
2024-05-19 21:17:29 [INFO] [task_scheduler.cc:131] [Task #29: fused_nn_contrib_conv2d_NCHWc_add_nn_relu_8] Trial #170: GFLOPs: 160.0060. Time: 1286.9658 us. Best GFLOPs: 221.4439
2024-05-19 21:17:29 [INFO] [task_scheduler.cc:131] [Task #29: fused_nn_contrib_conv2d_NCHWc_add_nn_relu_8] Trial #171: GFLOPs: 103.7309. Time: 1985.1596 us. Best GFLOPs: 221.4439
2024-05-19 21:17:29 [INFO] [task_scheduler.cc:131] [Task #29: fused_nn_contrib_conv2d_NCHWc_add_nn_relu_8] Trial #172: GFLOPs: 193.6243. Time: 1063.5150 us. Best GFLOPs: 221.4439
2024-05-19 21:17:29 [INFO] [task_scheduler.cc:131] [Task #29: fused_nn_contrib_conv2d_NCHWc_add_nn_relu_8] Trial #173: GFLOPs: 107.7225. Time: 1911.6005 us. Best GFLOPs: 221.4439
2024-05-19 21:17:29 [INFO] [task_scheduler.cc:131] [Task #29: fused_nn_contrib_conv2d_NCHWc_add_nn_relu_8] Trial #174: GFLOPs: 123.8381. Time: 1662.8351 us. Best GFLOPs: 221.4439
2024-05-19 21:17:29 [INFO] [task_scheduler.cc:131] [Task #29: fused_nn_contrib_conv2d_NCHWc_add_nn_relu_8] Trial #175: GFLOPs: 128.7394. Time: 1599.5284 us. Best GFLOPs: 221.4439
2024-05-19 21:17:29 [INFO] [task_scheduler.cc:131] [Task #29: fused_nn_contrib_conv2d_NCHWc_add_nn_relu_8] Trial #176: GFLOPs: 107.6484. Time: 1912.9156 us. Best GFLOPs: 221.4439
2024-05-19 21:17:29 [INFO] [task_scheduler.cc:131] [Task #29: fused_nn_contrib_conv2d_NCHWc_add_nn_relu_8] Trial #177: GFLOPs: 110.4148. Time: 1864.9887 us. Best GFLOPs: 221.4439
2024-05-19 21:17:29 [INFO] [task_scheduler.cc:131] [Task #29: fused_nn_contrib_conv2d_NCHWc_add_nn_relu_8] Trial #178: GFLOPs: 134.9510. Time: 1525.9047 us. Best GFLOPs: 221.4439
2024-05-19 21:17:29 [INFO] [task_scheduler.cc:131] [Task #29: fused_nn_contrib_conv2d_NCHWc_add_nn_relu_8] Trial #179: GFLOPs: 136.0806. Time: 1513.2382 us. Best GFLOPs: 221.4439
2024-05-19 21:17:29 [INFO] [task_scheduler.cc:131] [Task #29: fused_nn_contrib_conv2d_NCHWc_add_nn_relu_8] Trial #180: GFLOPs: 140.4534. Time: 1466.1253 us. Best GFLOPs: 221.4439
2024-05-19 21:17:29 [INFO] [task_scheduler.cc:131] [Task #29: fused_nn_contrib_conv2d_NCHWc_add_nn_relu_8] Trial #181: GFLOPs: 112.1890. Time: 1835.4941 us. Best GFLOPs: 221.4439
2024-05-19 21:17:29 [INFO] [task_scheduler.cc:131] [Task #29: fused_nn_contrib_conv2d_NCHWc_add_nn_relu_8] Trial #182: GFLOPs: 83.4558. Time: 2467.4414 us. Best GFLOPs: 221.4439
2024-05-19 21:17:29 [INFO] [task_scheduler.cc:131] [Task #29: fused_nn_contrib_conv2d_NCHWc_add_nn_relu_8] Trial #183: GFLOPs: 100.8167. Time: 2042.5410 us. Best GFLOPs: 221.4439
2024-05-19 21:17:29 [INFO] [task_scheduler.cc:131] [Task #29: fused_nn_contrib_conv2d_NCHWc_add_nn_relu_8] Trial #184: GFLOPs: 108.8974. Time: 1890.9752 us. Best GFLOPs: 221.4439
2024-05-19 21:17:29 [INFO] [task_scheduler.cc:131] [Task #29: fused_nn_contrib_conv2d_NCHWc_add_nn_relu_8] Trial #185: GFLOPs: 123.9104. Time: 1661.8646 us. Best GFLOPs: 221.4439
2024-05-19 21:17:29 [INFO] [task_scheduler.cc:131] [Task #29: fused_nn_contrib_conv2d_NCHWc_add_nn_relu_8] Trial #186: GFLOPs: 133.0086. Time: 1548.1878 us. Best GFLOPs: 221.4439
2024-05-19 21:17:29 [INFO] [task_scheduler.cc:131] [Task #29: fused_nn_contrib_conv2d_NCHWc_add_nn_relu_8] Trial #187: GFLOPs: 143.3700. Time: 1436.2996 us. Best GFLOPs: 221.4439
2024-05-19 21:17:29 [INFO] [task_scheduler.cc:131] [Task #29: fused_nn_contrib_conv2d_NCHWc_add_nn_relu_8] Trial #188: GFLOPs: 120.4357. Time: 1709.8113 us. Best GFLOPs: 221.4439
2024-05-19 21:17:29 [INFO] [task_scheduler.cc:131] [Task #29: fused_nn_contrib_conv2d_NCHWc_add_nn_relu_8] Trial #189: GFLOPs: 177.0976. Time: 1162.7616 us. Best GFLOPs: 221.4439
2024-05-19 21:17:29 [INFO] [task_scheduler.cc:131] [Task #29: fused_nn_contrib_conv2d_NCHWc_add_nn_relu_8] Trial #190: GFLOPs: 10.9710. Time: 18769.6521 us. Best GFLOPs: 221.4439
2024-05-19 21:17:29 [INFO] [task_scheduler.cc:131] [Task #29: fused_nn_contrib_conv2d_NCHWc_add_nn_relu_8] Trial #191: GFLOPs: 11.7515. Time: 17523.1161 us. Best GFLOPs: 221.4439
2024-05-19 21:17:29 [INFO] [task_scheduler.cc:131] [Task #29: fused_nn_contrib_conv2d_NCHWc_add_nn_relu_8] Trial #192: GFLOPs: 29.9703. Time: 6870.8805 us. Best GFLOPs: 221.4439
2024-05-19 21:44:07 [INFO] [evolutionary_search.cc:713] Generating candidates......
2024-05-19 21:44:07 [INFO] [evolutionary_search.cc:715] Picked top 102 candidate(s) from database
2024-05-19 21:44:08 [INFO] [evolutionary_search.cc:533] Sample-Init-Population summary:
Postproc #0 [meta_schedule.DisallowDynamicLoop(0xf2206d8)]: 0 failure(s)
Postproc #1 [meta_schedule.RewriteParallelVectorizeUnroll(0xf432ac8)]: 0 failure(s)
Postproc #2 [meta_schedule.RewriteReductionBlock(0xbd4c9f8)]: 0 failure(s)
Postproc #3 [meta_schedule.RewriteLayout(0x160f6238)]: 0 failure(s)
2024-05-19 21:44:08 [INFO] [evolutionary_search.cc:723] Sampled 410 candidate(s)
2024-05-19 21:44:11 [INFO] [evolutionary_search.cc:621] Evolve iter #0 done. Summary:
Postproc #0 [meta_schedule.DisallowDynamicLoop(0xf2206d8)]: 0 failure(s)
Postproc #1 [meta_schedule.RewriteParallelVectorizeUnroll(0xf432ac8)]: 0 failure(s)
Postproc #2 [meta_schedule.RewriteReductionBlock(0xbd4c9f8)]: 0 failure(s)
Postproc #3 [meta_schedule.RewriteLayout(0x160f6238)]: 0 failure(s)
2024-05-19 21:44:14 [INFO] [evolutionary_search.cc:621] Evolve iter #1 done. Summary:
Postproc #0 [meta_schedule.DisallowDynamicLoop(0xf2206d8)]: 0 failure(s)
Postproc #1 [meta_schedule.RewriteParallelVectorizeUnroll(0xf432ac8)]: 0 failure(s)
Postproc #2 [meta_schedule.RewriteReductionBlock(0xbd4c9f8)]: 0 failure(s)
Postproc #3 [meta_schedule.RewriteLayout(0x160f6238)]: 0 failure(s)
2024-05-19 21:44:17 [INFO] [evolutionary_search.cc:621] Evolve iter #2 done. Summary:
Postproc #0 [meta_schedule.DisallowDynamicLoop(0xf2206d8)]: 0 failure(s)
Postproc #1 [meta_schedule.RewriteParallelVectorizeUnroll(0xf432ac8)]: 0 failure(s)
Postproc #2 [meta_schedule.RewriteReductionBlock(0xbd4c9f8)]: 0 failure(s)
Postproc #3 [meta_schedule.RewriteLayout(0x160f6238)]: 0 failure(s)
2024-05-19 21:44:19 [INFO] [evolutionary_search.cc:621] Evolve iter #3 done. Summary:
Postproc #0 [meta_schedule.DisallowDynamicLoop(0xf2206d8)]: 0 failure(s)
Postproc #1 [meta_schedule.RewriteParallelVectorizeUnroll(0xf432ac8)]: 0 failure(s)
Postproc #2 [meta_schedule.RewriteReductionBlock(0xbd4c9f8)]: 0 failure(s)
Postproc #3 [meta_schedule.RewriteLayout(0x160f6238)]: 0 failure(s)
2024-05-19 21:44:21 [INFO] [evolutionary_search.cc:649] Scores of the best 64 candidates:
[1 : 16]:	0.8894  0.8716  0.8509  0.8402  0.8278  0.8193  0.8187  0.8150  0.8144  0.8141  0.8099  0.8099  0.8088  0.8086  0.8074  0.8051
[17 : 32]:	0.8044  0.8043  0.8036  0.8029  0.8016  0.8016  0.8008  0.8003  0.7999  0.7999  0.7987  0.7974  0.7942  0.7929  0.7872  0.7871
[33 : 48]:	0.7860  0.7860  0.7857  0.7845  0.7834  0.7832  0.7790  0.7784  0.7784  0.7780  0.7773  0.7768  0.7766  0.7762  0.7754  0.7754
[49 : 64]:	0.7753  0.7692  0.7677  0.7672  0.7653  0.7653  0.7637  0.7636  0.7635  0.7620  0.7602  0.7601  0.7590  0.7588  0.7587  0.7581
2024-05-19 21:44:21 [INFO] [evolutionary_search.cc:727] Got 64 candidate(s) with evolutionary search
2024-05-19 21:44:21 [INFO] [evolutionary_search.cc:730] Sending 64 candidates(s) for measurement
2024-05-19 21:45:58 [INFO] [task_scheduler.cc:131] [Task #29: fused_nn_contrib_conv2d_NCHWc_add_nn_relu_8] Trial #193: GFLOPs: 208.7448. Time: 986.4787 us. Best GFLOPs: 221.4439
2024-05-19 21:45:58 [INFO] [task_scheduler.cc:131] [Task #29: fused_nn_contrib_conv2d_NCHWc_add_nn_relu_8] Trial #194: GFLOPs: 182.9970. Time: 1125.2770 us. Best GFLOPs: 221.4439
2024-05-19 21:45:58 [INFO] [task_scheduler.cc:131] [Task #29: fused_nn_contrib_conv2d_NCHWc_add_nn_relu_8] Trial #195: GFLOPs: 185.9167. Time: 1107.6052 us. Best GFLOPs: 221.4439
2024-05-19 21:45:58 [INFO] [task_scheduler.cc:131] [Task #29: fused_nn_contrib_conv2d_NCHWc_add_nn_relu_8] Trial #196: GFLOPs: 204.9975. Time: 1004.5115 us. Best GFLOPs: 221.4439
2024-05-19 21:45:58 [INFO] [task_scheduler.cc:131] [Task #29: fused_nn_contrib_conv2d_NCHWc_add_nn_relu_8] Trial #197: GFLOPs: 149.5245. Time: 1377.1810 us. Best GFLOPs: 221.4439
2024-05-19 21:45:58 [INFO] [task_scheduler.cc:131] [Task #29: fused_nn_contrib_conv2d_NCHWc_add_nn_relu_8] Trial #198: GFLOPs: 206.2076. Time: 998.6162 us. Best GFLOPs: 221.4439
2024-05-19 21:45:58 [INFO] [task_scheduler.cc:131] [Task #29: fused_nn_contrib_conv2d_NCHWc_add_nn_relu_8] Trial #199: GFLOPs: 109.6665. Time: 1877.7136 us. Best GFLOPs: 221.4439
2024-05-19 21:45:58 [INFO] [task_scheduler.cc:131] [Task #29: fused_nn_contrib_conv2d_NCHWc_add_nn_relu_8] Trial #200: GFLOPs: 207.4298. Time: 992.7327 us. Best GFLOPs: 221.4439
2024-05-19 21:45:58 [INFO] [task_scheduler.cc:131] [Task #29: fused_nn_contrib_conv2d_NCHWc_add_nn_relu_8] Trial #201: GFLOPs: 170.4796. Time: 1207.9000 us. Best GFLOPs: 221.4439
2024-05-19 21:45:58 [INFO] [task_scheduler.cc:131] [Task #29: fused_nn_contrib_conv2d_NCHWc_add_nn_relu_8] Trial #202: GFLOPs: 187.2483. Time: 1099.7286 us. Best GFLOPs: 221.4439
2024-05-19 21:45:58 [INFO] [task_scheduler.cc:131] [Task #29: fused_nn_contrib_conv2d_NCHWc_add_nn_relu_8] Trial #203: GFLOPs: 172.6916. Time: 1192.4279 us. Best GFLOPs: 221.4439
2024-05-19 21:45:58 [INFO] [task_scheduler.cc:131] [Task #29: fused_nn_contrib_conv2d_NCHWc_add_nn_relu_8] Trial #204: GFLOPs: 156.6880. Time: 1314.2191 us. Best GFLOPs: 221.4439
2024-05-19 21:45:58 [INFO] [task_scheduler.cc:131] [Task #29: fused_nn_contrib_conv2d_NCHWc_add_nn_relu_8] Trial #205: GFLOPs: 181.1330. Time: 1136.8568 us. Best GFLOPs: 221.4439
2024-05-19 21:45:58 [INFO] [task_scheduler.cc:131] [Task #29: fused_nn_contrib_conv2d_NCHWc_add_nn_relu_8] Trial #206: GFLOPs: 170.9763. Time: 1204.3908 us. Best GFLOPs: 221.4439
2024-05-19 21:45:58 [INFO] [task_scheduler.cc:131] [Task #29: fused_nn_contrib_conv2d_NCHWc_add_nn_relu_8] Trial #207: GFLOPs: 115.5517. Time: 1782.0798 us. Best GFLOPs: 221.4439
2024-05-19 21:45:58 [INFO] [task_scheduler.cc:131] [Task #29: fused_nn_contrib_conv2d_NCHWc_add_nn_relu_8] Trial #208: GFLOPs: 158.7457. Time: 1297.1832 us. Best GFLOPs: 221.4439
2024-05-19 21:45:58 [INFO] [task_scheduler.cc:131] [Task #29: fused_nn_contrib_conv2d_NCHWc_add_nn_relu_8] Trial #209: GFLOPs: 186.5324. Time: 1103.9491 us. Best GFLOPs: 221.4439
2024-05-19 21:45:58 [INFO] [task_scheduler.cc:131] [Task #29: fused_nn_contrib_conv2d_NCHWc_add_nn_relu_8] Trial #210: GFLOPs: 164.4534. Time: 1252.1618 us. Best GFLOPs: 221.4439
2024-05-19 21:45:58 [INFO] [task_scheduler.cc:131] [Task #29: fused_nn_contrib_conv2d_NCHWc_add_nn_relu_8] Trial #211: GFLOPs: 159.7437. Time: 1289.0797 us. Best GFLOPs: 221.4439
2024-05-19 21:45:58 [INFO] [task_scheduler.cc:131] [Task #29: fused_nn_contrib_conv2d_NCHWc_add_nn_relu_8] Trial #212: GFLOPs: 146.9725. Time: 1401.0942 us. Best GFLOPs: 221.4439
2024-05-19 21:45:58 [INFO] [task_scheduler.cc:131] [Task #29: fused_nn_contrib_conv2d_NCHWc_add_nn_relu_8] Trial #213: GFLOPs: 190.1014. Time: 1083.2238 us. Best GFLOPs: 221.4439
2024-05-19 21:45:58 [INFO] [task_scheduler.cc:131] [Task #29: fused_nn_contrib_conv2d_NCHWc_add_nn_relu_8] Trial #214: GFLOPs: 167.5671. Time: 1228.8949 us. Best GFLOPs: 221.4439
2024-05-19 21:45:58 [INFO] [task_scheduler.cc:131] [Task #29: fused_nn_contrib_conv2d_NCHWc_add_nn_relu_8] Trial #215: GFLOPs: 173.7837. Time: 1184.9342 us. Best GFLOPs: 221.4439
2024-05-19 21:45:58 [INFO] [task_scheduler.cc:131] [Task #29: fused_nn_contrib_conv2d_NCHWc_add_nn_relu_8] Trial #216: GFLOPs: 186.2278. Time: 1105.7548 us. Best GFLOPs: 221.4439
2024-05-19 21:45:58 [INFO] [task_scheduler.cc:131] [Task #29: fused_nn_contrib_conv2d_NCHWc_add_nn_relu_8] Trial #217: GFLOPs: 124.4863. Time: 1654.1763 us. Best GFLOPs: 221.4439
2024-05-19 21:45:58 [INFO] [task_scheduler.cc:131] [Task #29: fused_nn_contrib_conv2d_NCHWc_add_nn_relu_8] Trial #218: GFLOPs: 128.6272. Time: 1600.9232 us. Best GFLOPs: 221.4439
2024-05-19 21:45:58 [INFO] [task_scheduler.cc:131] [Task #29: fused_nn_contrib_conv2d_NCHWc_add_nn_relu_8] Trial #219: GFLOPs: 149.3054. Time: 1379.2019 us. Best GFLOPs: 221.4439
2024-05-19 21:45:58 [INFO] [task_scheduler.cc:131] [Task #29: fused_nn_contrib_conv2d_NCHWc_add_nn_relu_8] Trial #220: GFLOPs: 157.7347. Time: 1305.4975 us. Best GFLOPs: 221.4439
2024-05-19 21:45:58 [INFO] [task_scheduler.cc:131] [Task #29: fused_nn_contrib_conv2d_NCHWc_add_nn_relu_8] Trial #221: GFLOPs: 112.5189. Time: 1830.1123 us. Best GFLOPs: 221.4439
2024-05-19 21:45:58 [INFO] [task_scheduler.cc:131] [Task #29: fused_nn_contrib_conv2d_NCHWc_add_nn_relu_8] Trial #222: GFLOPs: 163.0464. Time: 1262.9672 us. Best GFLOPs: 221.4439
2024-05-19 21:45:58 [INFO] [task_scheduler.cc:131] [Task #29: fused_nn_contrib_conv2d_NCHWc_add_nn_relu_8] Trial #223: GFLOPs: 160.0541. Time: 1286.5797 us. Best GFLOPs: 221.4439
2024-05-19 21:45:58 [INFO] [task_scheduler.cc:131] [Task #29: fused_nn_contrib_conv2d_NCHWc_add_nn_relu_8] Trial #224: GFLOPs: 158.2943. Time: 1300.8829 us. Best GFLOPs: 221.4439
2024-05-19 21:45:58 [INFO] [task_scheduler.cc:131] [Task #29: fused_nn_contrib_conv2d_NCHWc_add_nn_relu_8] Trial #225: GFLOPs: 176.9833. Time: 1163.5124 us. Best GFLOPs: 221.4439
2024-05-19 21:45:58 [INFO] [task_scheduler.cc:131] [Task #29: fused_nn_contrib_conv2d_NCHWc_add_nn_relu_8] Trial #226: GFLOPs: 183.5586. Time: 1121.8344 us. Best GFLOPs: 221.4439
2024-05-19 21:45:58 [INFO] [task_scheduler.cc:131] [Task #29: fused_nn_contrib_conv2d_NCHWc_add_nn_relu_8] Trial #227: GFLOPs: 111.7283. Time: 1843.0635 us. Best GFLOPs: 221.4439
2024-05-19 21:45:58 [INFO] [task_scheduler.cc:131] [Task #29: fused_nn_contrib_conv2d_NCHWc_add_nn_relu_8] Trial #228: GFLOPs: 122.8475. Time: 1676.2431 us. Best GFLOPs: 221.4439
2024-05-19 21:45:58 [INFO] [task_scheduler.cc:131] [Task #29: fused_nn_contrib_conv2d_NCHWc_add_nn_relu_8] Trial #229: GFLOPs: 197.6348. Time: 1041.9333 us. Best GFLOPs: 221.4439
2024-05-19 21:45:58 [INFO] [task_scheduler.cc:131] [Task #29: fused_nn_contrib_conv2d_NCHWc_add_nn_relu_8] Trial #230: GFLOPs: 136.5421. Time: 1508.1229 us. Best GFLOPs: 221.4439
2024-05-19 21:45:58 [INFO] [task_scheduler.cc:131] [Task #29: fused_nn_contrib_conv2d_NCHWc_add_nn_relu_8] Trial #231: GFLOPs: 166.9622. Time: 1233.3467 us. Best GFLOPs: 221.4439
2024-05-19 21:45:58 [INFO] [task_scheduler.cc:131] [Task #29: fused_nn_contrib_conv2d_NCHWc_add_nn_relu_8] Trial #232: GFLOPs: 163.1378. Time: 1262.2602 us. Best GFLOPs: 221.4439
2024-05-19 21:45:58 [INFO] [task_scheduler.cc:131] [Task #29: fused_nn_contrib_conv2d_NCHWc_add_nn_relu_8] Trial #233: GFLOPs: 135.1479. Time: 1523.6807 us. Best GFLOPs: 221.4439
2024-05-19 21:45:58 [INFO] [task_scheduler.cc:131] [Task #29: fused_nn_contrib_conv2d_NCHWc_add_nn_relu_8] Trial #234: GFLOPs: 108.2390. Time: 1902.4776 us. Best GFLOPs: 221.4439
2024-05-19 21:45:58 [INFO] [task_scheduler.cc:131] [Task #29: fused_nn_contrib_conv2d_NCHWc_add_nn_relu_8] Trial #235: GFLOPs: 161.2444. Time: 1277.0823 us. Best GFLOPs: 221.4439
2024-05-19 21:45:58 [INFO] [task_scheduler.cc:131] [Task #29: fused_nn_contrib_conv2d_NCHWc_add_nn_relu_8] Trial #236: GFLOPs: 176.8406. Time: 1164.4513 us. Best GFLOPs: 221.4439
2024-05-19 21:45:58 [INFO] [task_scheduler.cc:131] [Task #29: fused_nn_contrib_conv2d_NCHWc_add_nn_relu_8] Trial #237: GFLOPs: 113.3522. Time: 1816.6588 us. Best GFLOPs: 221.4439
2024-05-19 21:45:58 [INFO] [task_scheduler.cc:131] [Task #29: fused_nn_contrib_conv2d_NCHWc_add_nn_relu_8] Trial #238: GFLOPs: 163.8678. Time: 1256.6371 us. Best GFLOPs: 221.4439
2024-05-19 21:45:58 [INFO] [task_scheduler.cc:131] [Task #29: fused_nn_contrib_conv2d_NCHWc_add_nn_relu_8] Trial #239: GFLOPs: 161.1073. Time: 1278.1688 us. Best GFLOPs: 221.4439
2024-05-19 21:45:58 [INFO] [task_scheduler.cc:131] [Task #29: fused_nn_contrib_conv2d_NCHWc_add_nn_relu_8] Trial #240: GFLOPs: 114.4072. Time: 1799.9074 us. Best GFLOPs: 221.4439
2024-05-19 21:45:58 [INFO] [task_scheduler.cc:131] [Task #29: fused_nn_contrib_conv2d_NCHWc_add_nn_relu_8] Trial #241: GFLOPs: 163.3620. Time: 1260.5278 us. Best GFLOPs: 221.4439
2024-05-19 21:45:58 [INFO] [task_scheduler.cc:131] [Task #29: fused_nn_contrib_conv2d_NCHWc_add_nn_relu_8] Trial #242: GFLOPs: 175.5985. Time: 1172.6883 us. Best GFLOPs: 221.4439
2024-05-19 21:45:58 [INFO] [task_scheduler.cc:131] [Task #29: fused_nn_contrib_conv2d_NCHWc_add_nn_relu_8] Trial #243: GFLOPs: 108.7867. Time: 1892.8996 us. Best GFLOPs: 221.4439
2024-05-19 21:45:58 [INFO] [task_scheduler.cc:131] [Task #29: fused_nn_contrib_conv2d_NCHWc_add_nn_relu_8] Trial #244: GFLOPs: 112.2541. Time: 1834.4307 us. Best GFLOPs: 221.4439
2024-05-19 21:45:58 [INFO] [task_scheduler.cc:131] [Task #29: fused_nn_contrib_conv2d_NCHWc_add_nn_relu_8] Trial #245: GFLOPs: 125.3055. Time: 1643.3620 us. Best GFLOPs: 221.4439
2024-05-19 21:45:58 [INFO] [task_scheduler.cc:131] [Task #29: fused_nn_contrib_conv2d_NCHWc_add_nn_relu_8] Trial #246: GFLOPs: 127.1616. Time: 1619.3750 us. Best GFLOPs: 221.4439
2024-05-19 21:45:58 [INFO] [task_scheduler.cc:131] [Task #29: fused_nn_contrib_conv2d_NCHWc_add_nn_relu_8] Trial #247: GFLOPs: 105.6553. Time: 1949.0018 us. Best GFLOPs: 221.4439
2024-05-19 21:45:58 [INFO] [task_scheduler.cc:131] [Task #29: fused_nn_contrib_conv2d_NCHWc_add_nn_relu_8] Trial #248: GFLOPs: 164.7375. Time: 1250.0024 us. Best GFLOPs: 221.4439
2024-05-19 21:45:58 [INFO] [task_scheduler.cc:131] [Task #29: fused_nn_contrib_conv2d_NCHWc_add_nn_relu_8] Trial #249: GFLOPs: 199.2097. Time: 1033.6960 us. Best GFLOPs: 221.4439
2024-05-19 21:45:58 [INFO] [task_scheduler.cc:131] [Task #29: fused_nn_contrib_conv2d_NCHWc_add_nn_relu_8] Trial #250: GFLOPs: 149.6122. Time: 1376.3741 us. Best GFLOPs: 221.4439
2024-05-19 21:45:58 [INFO] [task_scheduler.cc:131] [Task #29: fused_nn_contrib_conv2d_NCHWc_add_nn_relu_8] Trial #251: GFLOPs: 139.7920. Time: 1473.0621 us. Best GFLOPs: 221.4439
2024-05-19 21:45:58 [INFO] [task_scheduler.cc:131] [Task #29: fused_nn_contrib_conv2d_NCHWc_add_nn_relu_8] Trial #252: GFLOPs: 173.8387. Time: 1184.5596 us. Best GFLOPs: 221.4439
2024-05-19 21:45:58 [INFO] [task_scheduler.cc:131] [Task #29: fused_nn_contrib_conv2d_NCHWc_add_nn_relu_8] Trial #253: GFLOPs: 106.0550. Time: 1941.6552 us. Best GFLOPs: 221.4439
2024-05-19 21:45:58 [INFO] [task_scheduler.cc:131] [Task #29: fused_nn_contrib_conv2d_NCHWc_add_nn_relu_8] Trial #254: GFLOPs: 35.4097. Time: 5815.4233 us. Best GFLOPs: 221.4439
2024-05-19 21:45:58 [INFO] [task_scheduler.cc:131] [Task #29: fused_nn_contrib_conv2d_NCHWc_add_nn_relu_8] Trial #255: GFLOPs: 19.5287. Time: 10544.5839 us. Best GFLOPs: 221.4439
2024-05-19 21:45:58 [INFO] [task_scheduler.cc:131] [Task #29: fused_nn_contrib_conv2d_NCHWc_add_nn_relu_8] Trial #256: GFLOPs: 14.4782. Time: 14222.8750 us. Best GFLOPs: 221.4439
