2024-05-19 18:48:37 [INFO] [task_scheduler.cc:160] Initializing Task #10: "fused_nn_contrib_conv2d_NCHWc_add_nn_relu_1"
2024-05-19 18:48:37 [INFO] [task_scheduler.cc:35] 
# from tvm.script import ir as I
# from tvm.script import tir as T

@I.ir_module
class Module:
    @T.prim_func
    def main(p0: T.Buffer((T.int64(1), T.int64(4), T.int64(56), T.int64(56), T.int64(16)), "float32"), p1: T.Buffer((T.int64(4), T.int64(4), T.int64(1), T.int64(1), T.int64(16), T.int64(16)), "float32"), p2: T.Buffer((T.int64(1), T.int64(4), T.int64(1), T.int64(1), T.int64(16)), "float32"), T_relu: T.Buffer((T.int64(1), T.int64(4), T.int64(56), T.int64(56), T.int64(16)), "float32")):
        T.func_attr({"tir.noalias": T.bool(True)})
        # with T.block("root"):
        conv2d_NCHWc = T.alloc_buffer((T.int64(1), T.int64(4), T.int64(56), T.int64(56), T.int64(16)))
        T_add = T.alloc_buffer((T.int64(1), T.int64(4), T.int64(56), T.int64(56), T.int64(16)))
        for n, oc_chunk, oh, ow, oc_block, ic, kh, kw in T.grid(T.int64(1), T.int64(4), T.int64(56), T.int64(56), T.int64(16), T.int64(64), T.int64(1), T.int64(1)):
            with T.block("conv2d_NCHWc"):
                v_n, v_oc_chunk, v_oh, v_ow, v_oc_block, v_ic, v_kh, v_kw = T.axis.remap("SSSSSRRR", [n, oc_chunk, oh, ow, oc_block, ic, kh, kw])
                T.reads(p0[v_n, v_ic // T.int64(16), v_oh + v_kh, v_ow + v_kw, v_ic % T.int64(16)], p1[v_oc_chunk, v_ic // T.int64(16), v_kh, v_kw, v_ic % T.int64(16), v_oc_block])
                T.writes(conv2d_NCHWc[v_n, v_oc_chunk, v_oh, v_ow, v_oc_block])
                with T.init():
                    conv2d_NCHWc[v_n, v_oc_chunk, v_oh, v_ow, v_oc_block] = T.float32(0)
                conv2d_NCHWc[v_n, v_oc_chunk, v_oh, v_ow, v_oc_block] = conv2d_NCHWc[v_n, v_oc_chunk, v_oh, v_ow, v_oc_block] + p0[v_n, v_ic // T.int64(16), v_oh + v_kh, v_ow + v_kw, v_ic % T.int64(16)] * p1[v_oc_chunk, v_ic // T.int64(16), v_kh, v_kw, v_ic % T.int64(16), v_oc_block]
        for ax0, ax1, ax2, ax3, ax4 in T.grid(T.int64(1), T.int64(4), T.int64(56), T.int64(56), T.int64(16)):
            with T.block("T_add"):
                v_ax0, v_ax1, v_ax2, v_ax3, v_ax4 = T.axis.remap("SSSSS", [ax0, ax1, ax2, ax3, ax4])
                T.reads(conv2d_NCHWc[v_ax0, v_ax1, v_ax2, v_ax3, v_ax4], p2[v_ax0, v_ax1, T.int64(0), T.int64(0), v_ax4])
                T.writes(T_add[v_ax0, v_ax1, v_ax2, v_ax3, v_ax4])
                T_add[v_ax0, v_ax1, v_ax2, v_ax3, v_ax4] = conv2d_NCHWc[v_ax0, v_ax1, v_ax2, v_ax3, v_ax4] + p2[v_ax0, v_ax1, T.int64(0), T.int64(0), v_ax4]
        for ax0, ax1, ax2, ax3, ax4 in T.grid(T.int64(1), T.int64(4), T.int64(56), T.int64(56), T.int64(16)):
            with T.block("T_relu"):
                v_ax0, v_ax1, v_ax2, v_ax3, v_ax4 = T.axis.remap("SSSSS", [ax0, ax1, ax2, ax3, ax4])
                T.reads(T_add[v_ax0, v_ax1, v_ax2, v_ax3, v_ax4])
                T.writes(T_relu[v_ax0, v_ax1, v_ax2, v_ax3, v_ax4])
                T_relu[v_ax0, v_ax1, v_ax2, v_ax3, v_ax4] = T.max(T_add[v_ax0, v_ax1, v_ax2, v_ax3, v_ax4], T.float32(0))
2024-05-19 18:48:37 [INFO] [task_scheduler.cc:164] Total 3 design space(s) generated
2024-05-19 18:48:37 [INFO] [task_scheduler.cc:170] Design space #0:
# from tvm.script import ir as I
# from tvm.script import tir as T

@I.ir_module
class Module:
    @T.prim_func
    def main(p0: T.Buffer((T.int64(1), T.int64(4), T.int64(56), T.int64(56), T.int64(16)), "float32"), p1: T.Buffer((T.int64(4), T.int64(4), T.int64(1), T.int64(1), T.int64(16), T.int64(16)), "float32"), p2: T.Buffer((T.int64(1), T.int64(4), T.int64(1), T.int64(1), T.int64(16)), "float32"), T_relu: T.Buffer((T.int64(1), T.int64(4), T.int64(56), T.int64(56), T.int64(16)), "float32")):
        T.func_attr({"tir.noalias": T.bool(True)})
        with T.block("root"):
            T.reads()
            T.writes()
            T.block_attr({"meta_schedule.parallel": 96, "meta_schedule.unroll_explicit": 512, "meta_schedule.vectorize": 64})
            conv2d_NCHWc = T.alloc_buffer((T.int64(1), T.int64(4), T.int64(56), T.int64(56), T.int64(16)))
            for n_0, oc_chunk_0, oh_0, ow_0, oc_block_0, n_1, oc_chunk_1, oh_1, ow_1, oc_block_1, ic_0, kh_0, kw_0, n_2, oc_chunk_2, oh_2, ow_2, oc_block_2, ic_1, kh_1, kw_1, n_3, oc_chunk_3, oh_3, ow_3, oc_block_3 in T.grid(T.int64(1), T.int64(1), T.int64(1), T.int64(1), T.int64(2), T.int64(1), T.int64(1), T.int64(7), T.int64(2), T.int64(1), T.int64(16), T.int64(1), T.int64(1), T.int64(1), T.int64(2), T.int64(2), T.int64(28), T.int64(4), T.int64(4), T.int64(1), T.int64(1), T.int64(1), T.int64(2), T.int64(4), T.int64(1), T.int64(2)):
                with T.block("conv2d_NCHWc"):
                    v_n = T.axis.spatial(T.int64(1), n_0 + n_1 + n_2 + n_3)
                    v_oc_chunk = T.axis.spatial(T.int64(4), oc_chunk_0 * T.int64(4) + oc_chunk_1 * T.int64(4) + oc_chunk_2 * T.int64(2) + oc_chunk_3)
                    v_oh = T.axis.spatial(T.int64(56), oh_0 * T.int64(56) + oh_1 * T.int64(8) + oh_2 * T.int64(4) + oh_3)
                    v_ow = T.axis.spatial(T.int64(56), ow_0 * T.int64(56) + ow_1 * T.int64(28) + ow_2 + ow_3)
                    v_oc_block = T.axis.spatial(T.int64(16), oc_block_0 * T.int64(8) + oc_block_1 * T.int64(8) + oc_block_2 * T.int64(2) + oc_block_3)
                    v_ic = T.axis.reduce(T.int64(64), ic_0 * T.int64(4) + ic_1)
                    v_kh = T.axis.reduce(T.int64(1), kh_0 + kh_1)
                    v_kw = T.axis.reduce(T.int64(1), kw_0 + kw_1)
                    T.reads(p0[v_n, v_ic // T.int64(16), v_oh + v_kh, v_ow + v_kw, v_ic % T.int64(16)], p1[v_oc_chunk, v_ic // T.int64(16), v_kh, v_kw, v_ic % T.int64(16), v_oc_block])
                    T.writes(conv2d_NCHWc[v_n, v_oc_chunk, v_oh, v_ow, v_oc_block])
                    T.block_attr({"meta_schedule.tiling_structure": "SSRSRS"})
                    with T.init():
                        conv2d_NCHWc[v_n, v_oc_chunk, v_oh, v_ow, v_oc_block] = T.float32(0)
                    conv2d_NCHWc[v_n, v_oc_chunk, v_oh, v_ow, v_oc_block] = conv2d_NCHWc[v_n, v_oc_chunk, v_oh, v_ow, v_oc_block] + p0[v_n, v_ic // T.int64(16), v_oh + v_kh, v_ow + v_kw, v_ic % T.int64(16)] * p1[v_oc_chunk, v_ic // T.int64(16), v_kh, v_kw, v_ic % T.int64(16), v_oc_block]
            for ax0, ax1, ax2, ax3, ax4 in T.grid(T.int64(1), T.int64(4), T.int64(56), T.int64(56), T.int64(16)):
                with T.block("T_relu"):
                    v_ax0, v_ax1, v_ax2, v_ax3, v_ax4 = T.axis.remap("SSSSS", [ax0, ax1, ax2, ax3, ax4])
                    T.reads(conv2d_NCHWc[v_ax0, v_ax1, v_ax2, v_ax3, v_ax4], p2[v_ax0, v_ax1, T.int64(0), T.int64(0), v_ax4])
                    T.writes(T_relu[v_ax0, v_ax1, v_ax2, v_ax3, v_ax4])
                    T_relu[v_ax0, v_ax1, v_ax2, v_ax3, v_ax4] = T.max(conv2d_NCHWc[v_ax0, v_ax1, v_ax2, v_ax3, v_ax4] + p2[v_ax0, v_ax1, T.int64(0), T.int64(0), v_ax4], T.float32(0))
b0 = sch.get_block(name="conv2d_NCHWc", func_name="main")
b1 = sch.get_block(name="T_add", func_name="main")
b2 = sch.get_block(name="root", func_name="main")
sch.compute_inline(block=b1)
sch.annotate(block_or_loop=b0, ann_key="meta_schedule.tiling_structure", ann_val="SSRSRS")
l3, l4, l5, l6, l7, l8, l9, l10 = sch.get_loops(block=b0)
v11, v12, v13, v14 = sch.sample_perfect_tile(loop=l3, n=4, max_innermost_factor=64, decision=[1, 1, 1, 1])
l15, l16, l17, l18 = sch.split(loop=l3, factors=[v11, v12, v13, v14], preserve_unit_iters=True, disable_predication=False)
v19, v20, v21, v22 = sch.sample_perfect_tile(loop=l4, n=4, max_innermost_factor=64, decision=[1, 1, 2, 2])
l23, l24, l25, l26 = sch.split(loop=l4, factors=[v19, v20, v21, v22], preserve_unit_iters=True, disable_predication=False)
v27, v28, v29, v30 = sch.sample_perfect_tile(loop=l5, n=4, max_innermost_factor=64, decision=[1, 7, 2, 4])
l31, l32, l33, l34 = sch.split(loop=l5, factors=[v27, v28, v29, v30], preserve_unit_iters=True, disable_predication=False)
v35, v36, v37, v38 = sch.sample_perfect_tile(loop=l6, n=4, max_innermost_factor=64, decision=[1, 2, 28, 1])
l39, l40, l41, l42 = sch.split(loop=l6, factors=[v35, v36, v37, v38], preserve_unit_iters=True, disable_predication=False)
v43, v44, v45, v46 = sch.sample_perfect_tile(loop=l7, n=4, max_innermost_factor=64, decision=[2, 1, 4, 2])
l47, l48, l49, l50 = sch.split(loop=l7, factors=[v43, v44, v45, v46], preserve_unit_iters=True, disable_predication=False)
v51, v52 = sch.sample_perfect_tile(loop=l8, n=2, max_innermost_factor=64, decision=[16, 4])
l53, l54 = sch.split(loop=l8, factors=[v51, v52], preserve_unit_iters=True, disable_predication=False)
v55, v56 = sch.sample_perfect_tile(loop=l9, n=2, max_innermost_factor=64, decision=[1, 1])
l57, l58 = sch.split(loop=l9, factors=[v55, v56], preserve_unit_iters=True, disable_predication=False)
v59, v60 = sch.sample_perfect_tile(loop=l10, n=2, max_innermost_factor=64, decision=[1, 1])
l61, l62 = sch.split(loop=l10, factors=[v59, v60], preserve_unit_iters=True, disable_predication=False)
sch.reorder(l15, l23, l31, l39, l47, l16, l24, l32, l40, l48, l53, l57, l61, l17, l25, l33, l41, l49, l54, l58, l62, l18, l26, l34, l42, l50)
sch.annotate(block_or_loop=b2, ann_key="meta_schedule.parallel", ann_val=96)
sch.annotate(block_or_loop=b2, ann_key="meta_schedule.vectorize", ann_val=64)
v63 = sch.sample_categorical(candidates=[0, 16, 64, 512], probs=[0.25, 0.25, 0.25, 0.25], decision=3)
sch.annotate(block_or_loop=b2, ann_key="meta_schedule.unroll_explicit", ann_val=v63)
2024-05-19 18:48:37 [INFO] [task_scheduler.cc:170] Design space #1:
# from tvm.script import ir as I
# from tvm.script import tir as T

@I.ir_module
class Module:
    @T.prim_func
    def main(p0: T.Buffer((T.int64(1), T.int64(4), T.int64(56), T.int64(56), T.int64(16)), "float32"), p1: T.Buffer((T.int64(4), T.int64(4), T.int64(1), T.int64(1), T.int64(16), T.int64(16)), "float32"), p2: T.Buffer((T.int64(1), T.int64(4), T.int64(1), T.int64(1), T.int64(16)), "float32"), T_relu: T.Buffer((T.int64(1), T.int64(4), T.int64(56), T.int64(56), T.int64(16)), "float32")):
        T.func_attr({"tir.noalias": T.bool(True)})
        with T.block("root"):
            T.reads()
            T.writes()
            T.block_attr({"meta_schedule.parallel": 96, "meta_schedule.unroll_explicit": 16, "meta_schedule.vectorize": 64})
            conv2d_NCHWc = T.alloc_buffer((T.int64(1), T.int64(4), T.int64(56), T.int64(56), T.int64(16)))
            for n_0, oc_chunk_0, oh_0, ow_0, oc_block_0, n_1, oc_chunk_1, oh_1, ow_1, oc_block_1 in T.grid(T.int64(1), T.int64(1), T.int64(1), T.int64(1), T.int64(2), T.int64(1), T.int64(1), T.int64(7), T.int64(2), T.int64(1)):
                for ic_0, kh_0, kw_0, n_2, oc_chunk_2, oh_2, ow_2, oc_block_2, ic_1, kh_1, kw_1, n_3, oc_chunk_3, oh_3, ow_3, oc_block_3 in T.grid(T.int64(16), T.int64(1), T.int64(1), T.int64(1), T.int64(2), T.int64(2), T.int64(28), T.int64(4), T.int64(4), T.int64(1), T.int64(1), T.int64(1), T.int64(2), T.int64(4), T.int64(1), T.int64(2)):
                    with T.block("conv2d_NCHWc"):
                        v_n = T.axis.spatial(T.int64(1), n_0 + n_1 + n_2 + n_3)
                        v_oc_chunk = T.axis.spatial(T.int64(4), oc_chunk_0 * T.int64(4) + oc_chunk_1 * T.int64(4) + oc_chunk_2 * T.int64(2) + oc_chunk_3)
                        v_oh = T.axis.spatial(T.int64(56), oh_0 * T.int64(56) + oh_1 * T.int64(8) + oh_2 * T.int64(4) + oh_3)
                        v_ow = T.axis.spatial(T.int64(56), ow_0 * T.int64(56) + ow_1 * T.int64(28) + ow_2 + ow_3)
                        v_oc_block = T.axis.spatial(T.int64(16), oc_block_0 * T.int64(8) + oc_block_1 * T.int64(8) + oc_block_2 * T.int64(2) + oc_block_3)
                        v_ic = T.axis.reduce(T.int64(64), ic_0 * T.int64(4) + ic_1)
                        v_kh = T.axis.reduce(T.int64(1), kh_0 + kh_1)
                        v_kw = T.axis.reduce(T.int64(1), kw_0 + kw_1)
                        T.reads(p0[v_n, v_ic // T.int64(16), v_oh + v_kh, v_ow + v_kw, v_ic % T.int64(16)], p1[v_oc_chunk, v_ic // T.int64(16), v_kh, v_kw, v_ic % T.int64(16), v_oc_block])
                        T.writes(conv2d_NCHWc[v_n, v_oc_chunk, v_oh, v_ow, v_oc_block])
                        T.block_attr({"meta_schedule.tiling_structure": "SSRSRS"})
                        with T.init():
                            conv2d_NCHWc[v_n, v_oc_chunk, v_oh, v_ow, v_oc_block] = T.float32(0)
                        conv2d_NCHWc[v_n, v_oc_chunk, v_oh, v_ow, v_oc_block] = conv2d_NCHWc[v_n, v_oc_chunk, v_oh, v_ow, v_oc_block] + p0[v_n, v_ic // T.int64(16), v_oh + v_kh, v_ow + v_kw, v_ic % T.int64(16)] * p1[v_oc_chunk, v_ic // T.int64(16), v_kh, v_kw, v_ic % T.int64(16), v_oc_block]
                for ax0, ax1, ax2, ax3, ax4 in T.grid(T.int64(1), T.int64(4), T.int64(8), T.int64(28), T.int64(8)):
                    with T.block("T_relu"):
                        v_ax0, v_ax1 = T.axis.remap("SS", [ax0, ax1])
                        v_ax2 = T.axis.spatial(T.int64(56), oh_1 * T.int64(8) + ax2)
                        v_ax3 = T.axis.spatial(T.int64(56), ow_1 * T.int64(28) + ax3)
                        v_ax4 = T.axis.spatial(T.int64(16), oc_block_0 * T.int64(8) + ax4)
                        T.reads(conv2d_NCHWc[v_ax0, v_ax1, v_ax2, v_ax3, v_ax4], p2[v_ax0, v_ax1, T.int64(0), T.int64(0), v_ax4])
                        T.writes(T_relu[v_ax0, v_ax1, v_ax2, v_ax3, v_ax4])
                        T_relu[v_ax0, v_ax1, v_ax2, v_ax3, v_ax4] = T.max(conv2d_NCHWc[v_ax0, v_ax1, v_ax2, v_ax3, v_ax4] + p2[v_ax0, v_ax1, T.int64(0), T.int64(0), v_ax4], T.float32(0))
b0 = sch.get_block(name="conv2d_NCHWc", func_name="main")
b1 = sch.get_block(name="T_add", func_name="main")
b2 = sch.get_block(name="root", func_name="main")
sch.compute_inline(block=b1)
sch.annotate(block_or_loop=b0, ann_key="meta_schedule.tiling_structure", ann_val="SSRSRS")
l3, l4, l5, l6, l7, l8, l9, l10 = sch.get_loops(block=b0)
v11, v12, v13, v14 = sch.sample_perfect_tile(loop=l3, n=4, max_innermost_factor=64, decision=[1, 1, 1, 1])
l15, l16, l17, l18 = sch.split(loop=l3, factors=[v11, v12, v13, v14], preserve_unit_iters=True, disable_predication=False)
v19, v20, v21, v22 = sch.sample_perfect_tile(loop=l4, n=4, max_innermost_factor=64, decision=[1, 1, 2, 2])
l23, l24, l25, l26 = sch.split(loop=l4, factors=[v19, v20, v21, v22], preserve_unit_iters=True, disable_predication=False)
v27, v28, v29, v30 = sch.sample_perfect_tile(loop=l5, n=4, max_innermost_factor=64, decision=[1, 7, 2, 4])
l31, l32, l33, l34 = sch.split(loop=l5, factors=[v27, v28, v29, v30], preserve_unit_iters=True, disable_predication=False)
v35, v36, v37, v38 = sch.sample_perfect_tile(loop=l6, n=4, max_innermost_factor=64, decision=[1, 2, 28, 1])
l39, l40, l41, l42 = sch.split(loop=l6, factors=[v35, v36, v37, v38], preserve_unit_iters=True, disable_predication=False)
v43, v44, v45, v46 = sch.sample_perfect_tile(loop=l7, n=4, max_innermost_factor=64, decision=[2, 1, 4, 2])
l47, l48, l49, l50 = sch.split(loop=l7, factors=[v43, v44, v45, v46], preserve_unit_iters=True, disable_predication=False)
v51, v52 = sch.sample_perfect_tile(loop=l8, n=2, max_innermost_factor=64, decision=[16, 4])
l53, l54 = sch.split(loop=l8, factors=[v51, v52], preserve_unit_iters=True, disable_predication=False)
v55, v56 = sch.sample_perfect_tile(loop=l9, n=2, max_innermost_factor=64, decision=[1, 1])
l57, l58 = sch.split(loop=l9, factors=[v55, v56], preserve_unit_iters=True, disable_predication=False)
v59, v60 = sch.sample_perfect_tile(loop=l10, n=2, max_innermost_factor=64, decision=[1, 1])
l61, l62 = sch.split(loop=l10, factors=[v59, v60], preserve_unit_iters=True, disable_predication=False)
sch.reorder(l15, l23, l31, l39, l47, l16, l24, l32, l40, l48, l53, l57, l61, l17, l25, l33, l41, l49, l54, l58, l62, l18, l26, l34, l42, l50)
b63, = sch.get_consumers(block=b0)
sch.reverse_compute_at(block=b63, loop=l48, preserve_unit_loops=True, index=-1)
sch.annotate(block_or_loop=b2, ann_key="meta_schedule.parallel", ann_val=96)
sch.annotate(block_or_loop=b2, ann_key="meta_schedule.vectorize", ann_val=64)
v64 = sch.sample_categorical(candidates=[0, 16, 64, 512], probs=[0.25, 0.25, 0.25, 0.25], decision=1)
sch.annotate(block_or_loop=b2, ann_key="meta_schedule.unroll_explicit", ann_val=v64)
2024-05-19 18:48:37 [INFO] [task_scheduler.cc:170] Design space #2:
# from tvm.script import ir as I
# from tvm.script import tir as T

@I.ir_module
class Module:
    @T.prim_func
    def main(p0: T.Buffer((T.int64(1), T.int64(4), T.int64(56), T.int64(56), T.int64(16)), "float32"), p1: T.Buffer((T.int64(4), T.int64(4), T.int64(1), T.int64(1), T.int64(16), T.int64(16)), "float32"), p2: T.Buffer((T.int64(1), T.int64(4), T.int64(1), T.int64(1), T.int64(16)), "float32"), T_relu: T.Buffer((T.int64(1), T.int64(4), T.int64(56), T.int64(56), T.int64(16)), "float32")):
        T.func_attr({"tir.noalias": T.bool(True)})
        with T.block("root"):
            T.reads()
            T.writes()
            T.block_attr({"meta_schedule.parallel": 96, "meta_schedule.unroll_explicit": 512, "meta_schedule.vectorize": 64})
            conv2d_NCHWc = T.alloc_buffer((T.int64(1), T.int64(4), T.int64(56), T.int64(56), T.int64(16)))
            for n_0, oc_chunk_0, oh_0, ow_0, oc_block_0 in T.grid(T.int64(1), T.int64(1), T.int64(1), T.int64(1), T.int64(2)):
                for n_1, oc_chunk_1, oh_1, ow_1, oc_block_1, ic_0, kh_0, kw_0, n_2, oc_chunk_2, oh_2, ow_2, oc_block_2, ic_1, kh_1, kw_1, n_3, oc_chunk_3, oh_3, ow_3, oc_block_3 in T.grid(T.int64(1), T.int64(1), T.int64(7), T.int64(2), T.int64(1), T.int64(16), T.int64(1), T.int64(1), T.int64(1), T.int64(2), T.int64(2), T.int64(28), T.int64(4), T.int64(4), T.int64(1), T.int64(1), T.int64(1), T.int64(2), T.int64(4), T.int64(1), T.int64(2)):
                    with T.block("conv2d_NCHWc"):
                        v_n = T.axis.spatial(T.int64(1), n_0 + n_1 + n_2 + n_3)
                        v_oc_chunk = T.axis.spatial(T.int64(4), oc_chunk_0 * T.int64(4) + oc_chunk_1 * T.int64(4) + oc_chunk_2 * T.int64(2) + oc_chunk_3)
                        v_oh = T.axis.spatial(T.int64(56), oh_0 * T.int64(56) + oh_1 * T.int64(8) + oh_2 * T.int64(4) + oh_3)
                        v_ow = T.axis.spatial(T.int64(56), ow_0 * T.int64(56) + ow_1 * T.int64(28) + ow_2 + ow_3)
                        v_oc_block = T.axis.spatial(T.int64(16), oc_block_0 * T.int64(8) + oc_block_1 * T.int64(8) + oc_block_2 * T.int64(2) + oc_block_3)
                        v_ic = T.axis.reduce(T.int64(64), ic_0 * T.int64(4) + ic_1)
                        v_kh = T.axis.reduce(T.int64(1), kh_0 + kh_1)
                        v_kw = T.axis.reduce(T.int64(1), kw_0 + kw_1)
                        T.reads(p0[v_n, v_ic // T.int64(16), v_oh + v_kh, v_ow + v_kw, v_ic % T.int64(16)], p1[v_oc_chunk, v_ic // T.int64(16), v_kh, v_kw, v_ic % T.int64(16), v_oc_block])
                        T.writes(conv2d_NCHWc[v_n, v_oc_chunk, v_oh, v_ow, v_oc_block])
                        T.block_attr({"meta_schedule.tiling_structure": "SSRSRS"})
                        with T.init():
                            conv2d_NCHWc[v_n, v_oc_chunk, v_oh, v_ow, v_oc_block] = T.float32(0)
                        conv2d_NCHWc[v_n, v_oc_chunk, v_oh, v_ow, v_oc_block] = conv2d_NCHWc[v_n, v_oc_chunk, v_oh, v_ow, v_oc_block] + p0[v_n, v_ic // T.int64(16), v_oh + v_kh, v_ow + v_kw, v_ic % T.int64(16)] * p1[v_oc_chunk, v_ic // T.int64(16), v_kh, v_kw, v_ic % T.int64(16), v_oc_block]
                for ax0, ax1, ax2, ax3, ax4 in T.grid(T.int64(1), T.int64(4), T.int64(56), T.int64(56), T.int64(8)):
                    with T.block("T_relu"):
                        v_ax0, v_ax1, v_ax2, v_ax3 = T.axis.remap("SSSS", [ax0, ax1, ax2, ax3])
                        v_ax4 = T.axis.spatial(T.int64(16), oc_block_0 * T.int64(8) + ax4)
                        T.reads(conv2d_NCHWc[v_ax0, v_ax1, v_ax2, v_ax3, v_ax4], p2[v_ax0, v_ax1, T.int64(0), T.int64(0), v_ax4])
                        T.writes(T_relu[v_ax0, v_ax1, v_ax2, v_ax3, v_ax4])
                        T_relu[v_ax0, v_ax1, v_ax2, v_ax3, v_ax4] = T.max(conv2d_NCHWc[v_ax0, v_ax1, v_ax2, v_ax3, v_ax4] + p2[v_ax0, v_ax1, T.int64(0), T.int64(0), v_ax4], T.float32(0))
b0 = sch.get_block(name="conv2d_NCHWc", func_name="main")
b1 = sch.get_block(name="T_add", func_name="main")
b2 = sch.get_block(name="root", func_name="main")
sch.compute_inline(block=b1)
sch.annotate(block_or_loop=b0, ann_key="meta_schedule.tiling_structure", ann_val="SSRSRS")
l3, l4, l5, l6, l7, l8, l9, l10 = sch.get_loops(block=b0)
v11, v12, v13, v14 = sch.sample_perfect_tile(loop=l3, n=4, max_innermost_factor=64, decision=[1, 1, 1, 1])
l15, l16, l17, l18 = sch.split(loop=l3, factors=[v11, v12, v13, v14], preserve_unit_iters=True, disable_predication=False)
v19, v20, v21, v22 = sch.sample_perfect_tile(loop=l4, n=4, max_innermost_factor=64, decision=[1, 1, 2, 2])
l23, l24, l25, l26 = sch.split(loop=l4, factors=[v19, v20, v21, v22], preserve_unit_iters=True, disable_predication=False)
v27, v28, v29, v30 = sch.sample_perfect_tile(loop=l5, n=4, max_innermost_factor=64, decision=[1, 7, 2, 4])
l31, l32, l33, l34 = sch.split(loop=l5, factors=[v27, v28, v29, v30], preserve_unit_iters=True, disable_predication=False)
v35, v36, v37, v38 = sch.sample_perfect_tile(loop=l6, n=4, max_innermost_factor=64, decision=[1, 2, 28, 1])
l39, l40, l41, l42 = sch.split(loop=l6, factors=[v35, v36, v37, v38], preserve_unit_iters=True, disable_predication=False)
v43, v44, v45, v46 = sch.sample_perfect_tile(loop=l7, n=4, max_innermost_factor=64, decision=[2, 1, 4, 2])
l47, l48, l49, l50 = sch.split(loop=l7, factors=[v43, v44, v45, v46], preserve_unit_iters=True, disable_predication=False)
v51, v52 = sch.sample_perfect_tile(loop=l8, n=2, max_innermost_factor=64, decision=[16, 4])
l53, l54 = sch.split(loop=l8, factors=[v51, v52], preserve_unit_iters=True, disable_predication=False)
v55, v56 = sch.sample_perfect_tile(loop=l9, n=2, max_innermost_factor=64, decision=[1, 1])
l57, l58 = sch.split(loop=l9, factors=[v55, v56], preserve_unit_iters=True, disable_predication=False)
v59, v60 = sch.sample_perfect_tile(loop=l10, n=2, max_innermost_factor=64, decision=[1, 1])
l61, l62 = sch.split(loop=l10, factors=[v59, v60], preserve_unit_iters=True, disable_predication=False)
sch.reorder(l15, l23, l31, l39, l47, l16, l24, l32, l40, l48, l53, l57, l61, l17, l25, l33, l41, l49, l54, l58, l62, l18, l26, l34, l42, l50)
b63, = sch.get_consumers(block=b0)
sch.reverse_compute_at(block=b63, loop=l47, preserve_unit_loops=True, index=-1)
sch.annotate(block_or_loop=b2, ann_key="meta_schedule.parallel", ann_val=96)
sch.annotate(block_or_loop=b2, ann_key="meta_schedule.vectorize", ann_val=64)
v64 = sch.sample_categorical(candidates=[0, 16, 64, 512], probs=[0.25, 0.25, 0.25, 0.25], decision=3)
sch.annotate(block_or_loop=b2, ann_key="meta_schedule.unroll_explicit", ann_val=v64)
2024-05-19 19:00:36 [INFO] [evolutionary_search.cc:713] Generating candidates......
2024-05-19 19:00:36 [INFO] [evolutionary_search.cc:715] Picked top 0 candidate(s) from database
2024-05-19 19:00:37 [INFO] [evolutionary_search.cc:533] Sample-Init-Population summary:
Postproc #0 [meta_schedule.DisallowDynamicLoop(0x12058918)]: 0 failure(s)
Postproc #1 [meta_schedule.RewriteParallelVectorizeUnroll(0xfb199e8)]: 0 failure(s)
Postproc #2 [meta_schedule.RewriteReductionBlock(0x10dafe78)]: 0 failure(s)
Postproc #3 [meta_schedule.RewriteLayout(0xef34f58)]: 0 failure(s)
2024-05-19 19:00:37 [INFO] [evolutionary_search.cc:723] Sampled 512 candidate(s)
2024-05-19 19:00:38 [INFO] [evolutionary_search.cc:621] Evolve iter #0 done. Summary:
Postproc #0 [meta_schedule.DisallowDynamicLoop(0x12058918)]: 0 failure(s)
Postproc #1 [meta_schedule.RewriteParallelVectorizeUnroll(0xfb199e8)]: 0 failure(s)
Postproc #2 [meta_schedule.RewriteReductionBlock(0x10dafe78)]: 0 failure(s)
Postproc #3 [meta_schedule.RewriteLayout(0xef34f58)]: 0 failure(s)
2024-05-19 19:00:39 [INFO] [evolutionary_search.cc:621] Evolve iter #1 done. Summary:
Postproc #0 [meta_schedule.DisallowDynamicLoop(0x12058918)]: 0 failure(s)
Postproc #1 [meta_schedule.RewriteParallelVectorizeUnroll(0xfb199e8)]: 0 failure(s)
Postproc #2 [meta_schedule.RewriteReductionBlock(0x10dafe78)]: 0 failure(s)
Postproc #3 [meta_schedule.RewriteLayout(0xef34f58)]: 0 failure(s)
2024-05-19 19:00:40 [INFO] [evolutionary_search.cc:621] Evolve iter #2 done. Summary:
Postproc #0 [meta_schedule.DisallowDynamicLoop(0x12058918)]: 0 failure(s)
Postproc #1 [meta_schedule.RewriteParallelVectorizeUnroll(0xfb199e8)]: 0 failure(s)
Postproc #2 [meta_schedule.RewriteReductionBlock(0x10dafe78)]: 0 failure(s)
Postproc #3 [meta_schedule.RewriteLayout(0xef34f58)]: 0 failure(s)
2024-05-19 19:00:42 [INFO] [evolutionary_search.cc:621] Evolve iter #3 done. Summary:
Postproc #0 [meta_schedule.DisallowDynamicLoop(0x12058918)]: 0 failure(s)
Postproc #1 [meta_schedule.RewriteParallelVectorizeUnroll(0xfb199e8)]: 0 failure(s)
Postproc #2 [meta_schedule.RewriteReductionBlock(0x10dafe78)]: 0 failure(s)
Postproc #3 [meta_schedule.RewriteLayout(0xef34f58)]: 0 failure(s)
2024-05-19 19:00:42 [INFO] [evolutionary_search.cc:649] Scores of the best 64 candidates:
[1 : 16]:	0.9987  0.9983  0.9981  0.9965  0.9964  0.9964  0.9958  0.9958  0.9956  0.9945  0.9940  0.9937  0.9914  0.9904  0.9904  0.9898
[17 : 32]:	0.9894  0.9894  0.9891  0.9885  0.9881  0.9878  0.9878  0.9876  0.9873  0.9873  0.9870  0.9870  0.9867  0.9866  0.9862  0.9853
[33 : 48]:	0.9844  0.9842  0.9837  0.9830  0.9817  0.9808  0.9804  0.9804  0.9803  0.9800  0.9797  0.9794  0.9791  0.9780  0.9777  0.9773
[49 : 64]:	0.9760  0.9759  0.9757  0.9743  0.9735  0.9735  0.9699  0.9695  0.9689  0.9686  0.9677  0.9669  0.9668  0.9668  0.9660  0.9657
2024-05-19 19:00:42 [INFO] [evolutionary_search.cc:727] Got 64 candidate(s) with evolutionary search
2024-05-19 19:00:42 [INFO] [evolutionary_search.cc:730] Sending 64 candidates(s) for measurement
2024-05-19 19:42:17 [INFO] [task_scheduler.cc:131] [Task #10: fused_nn_contrib_conv2d_NCHWc_add_nn_relu_1] Trial #1: GFLOPs: 120.5067. Time: 216.5150 us. Best GFLOPs: 120.5067
2024-05-19 19:42:17 [INFO] [task_scheduler.cc:131] [Task #10: fused_nn_contrib_conv2d_NCHWc_add_nn_relu_1] Trial #2: GFLOPs: 18.6316. Time: 1400.3879 us. Best GFLOPs: 120.5067
2024-05-19 19:42:17 [INFO] [task_scheduler.cc:131] [Task #10: fused_nn_contrib_conv2d_NCHWc_add_nn_relu_1] Trial #3: GFLOPs: 36.8486. Time: 708.0733 us. Best GFLOPs: 120.5067
2024-05-19 19:42:17 [INFO] [task_scheduler.cc:131] [Task #10: fused_nn_contrib_conv2d_NCHWc_add_nn_relu_1] Trial #4: GFLOPs: 42.7496. Time: 610.3336 us. Best GFLOPs: 120.5067
2024-05-19 19:42:17 [INFO] [task_scheduler.cc:131] [Task #10: fused_nn_contrib_conv2d_NCHWc_add_nn_relu_1] Trial #5: GFLOPs: 15.1577. Time: 1721.3430 us. Best GFLOPs: 120.5067
2024-05-19 19:42:17 [INFO] [task_scheduler.cc:131] [Task #10: fused_nn_contrib_conv2d_NCHWc_add_nn_relu_1] Trial #6: GFLOPs: 42.2127. Time: 618.0969 us. Best GFLOPs: 120.5067
2024-05-19 19:42:17 [INFO] [task_scheduler.cc:131] [Task #10: fused_nn_contrib_conv2d_NCHWc_add_nn_relu_1] Trial #7: GFLOPs: 11.1131. Time: 2347.8076 us. Best GFLOPs: 120.5067
2024-05-19 19:42:17 [INFO] [task_scheduler.cc:131] [Task #10: fused_nn_contrib_conv2d_NCHWc_add_nn_relu_1] Trial #8: GFLOPs: 15.2383. Time: 1712.2386 us. Best GFLOPs: 120.5067
2024-05-19 19:42:17 [INFO] [task_scheduler.cc:131] [Task #10: fused_nn_contrib_conv2d_NCHWc_add_nn_relu_1] Trial #9: GFLOPs: 39.4000. Time: 662.2205 us. Best GFLOPs: 120.5067
2024-05-19 19:42:17 [INFO] [task_scheduler.cc:131] [Task #10: fused_nn_contrib_conv2d_NCHWc_add_nn_relu_1] Trial #10: GFLOPs: 98.5557. Time: 264.7389 us. Best GFLOPs: 120.5067
2024-05-19 19:42:17 [INFO] [task_scheduler.cc:131] [Task #10: fused_nn_contrib_conv2d_NCHWc_add_nn_relu_1] Trial #11: GFLOPs: 16.9890. Time: 1535.7869 us. Best GFLOPs: 120.5067
2024-05-19 19:42:17 [INFO] [task_scheduler.cc:131] [Task #10: fused_nn_contrib_conv2d_NCHWc_add_nn_relu_1] Trial #12: GFLOPs: 21.3945. Time: 1219.5407 us. Best GFLOPs: 120.5067
2024-05-19 19:42:17 [INFO] [task_scheduler.cc:131] [Task #10: fused_nn_contrib_conv2d_NCHWc_add_nn_relu_1] Trial #13: GFLOPs: 24.9919. Time: 1043.9990 us. Best GFLOPs: 120.5067
2024-05-19 19:42:17 [INFO] [task_scheduler.cc:131] [Task #10: fused_nn_contrib_conv2d_NCHWc_add_nn_relu_1] Trial #14: GFLOPs: 25.4051. Time: 1027.0172 us. Best GFLOPs: 120.5067
2024-05-19 19:42:17 [INFO] [task_scheduler.cc:131] [Task #10: fused_nn_contrib_conv2d_NCHWc_add_nn_relu_1] Trial #15: GFLOPs: 16.2515. Time: 1605.4814 us. Best GFLOPs: 120.5067
2024-05-19 19:42:17 [INFO] [task_scheduler.cc:131] [Task #10: fused_nn_contrib_conv2d_NCHWc_add_nn_relu_1] Trial #16: GFLOPs: 21.0605. Time: 1238.8815 us. Best GFLOPs: 120.5067
2024-05-19 19:42:17 [INFO] [task_scheduler.cc:131] [Task #10: fused_nn_contrib_conv2d_NCHWc_add_nn_relu_1] Trial #17: GFLOPs: 37.8540. Time: 689.2671 us. Best GFLOPs: 120.5067
2024-05-19 19:42:17 [INFO] [task_scheduler.cc:131] [Task #10: fused_nn_contrib_conv2d_NCHWc_add_nn_relu_1] Trial #18: GFLOPs: 26.5601. Time: 982.3580 us. Best GFLOPs: 120.5067
2024-05-19 19:42:17 [INFO] [task_scheduler.cc:131] [Task #10: fused_nn_contrib_conv2d_NCHWc_add_nn_relu_1] Trial #19: GFLOPs: 93.6358. Time: 278.6491 us. Best GFLOPs: 120.5067
2024-05-19 19:42:17 [INFO] [task_scheduler.cc:131] [Task #10: fused_nn_contrib_conv2d_NCHWc_add_nn_relu_1] Trial #20: GFLOPs: 62.8177. Time: 415.3530 us. Best GFLOPs: 120.5067
2024-05-19 19:42:17 [INFO] [task_scheduler.cc:131] [Task #10: fused_nn_contrib_conv2d_NCHWc_add_nn_relu_1] Trial #21: GFLOPs: 83.7262. Time: 311.6291 us. Best GFLOPs: 120.5067
2024-05-19 19:42:17 [INFO] [task_scheduler.cc:131] [Task #10: fused_nn_contrib_conv2d_NCHWc_add_nn_relu_1] Trial #22: GFLOPs: 7.2278. Time: 3609.8765 us. Best GFLOPs: 120.5067
2024-05-19 19:42:17 [INFO] [task_scheduler.cc:131] [Task #10: fused_nn_contrib_conv2d_NCHWc_add_nn_relu_1] Trial #23: GFLOPs: 7.6462. Time: 3412.3695 us. Best GFLOPs: 120.5067
2024-05-19 19:42:17 [INFO] [task_scheduler.cc:131] [Task #10: fused_nn_contrib_conv2d_NCHWc_add_nn_relu_1] Trial #24: GFLOPs: 23.5979. Time: 1105.6715 us. Best GFLOPs: 120.5067
2024-05-19 19:42:17 [INFO] [task_scheduler.cc:131] [Task #10: fused_nn_contrib_conv2d_NCHWc_add_nn_relu_1] Trial #25: GFLOPs: 68.0168. Time: 383.6038 us. Best GFLOPs: 120.5067
2024-05-19 19:42:17 [INFO] [task_scheduler.cc:131] [Task #10: fused_nn_contrib_conv2d_NCHWc_add_nn_relu_1] Trial #26: GFLOPs: 27.8959. Time: 935.3187 us. Best GFLOPs: 120.5067
2024-05-19 19:42:17 [INFO] [task_scheduler.cc:131] [Task #10: fused_nn_contrib_conv2d_NCHWc_add_nn_relu_1] Trial #27: GFLOPs: 12.7648. Time: 2044.0210 us. Best GFLOPs: 120.5067
2024-05-19 19:42:17 [INFO] [task_scheduler.cc:131] [Task #10: fused_nn_contrib_conv2d_NCHWc_add_nn_relu_1] Trial #28: GFLOPs: 29.2300. Time: 892.6294 us. Best GFLOPs: 120.5067
2024-05-19 19:42:17 [INFO] [task_scheduler.cc:131] [Task #10: fused_nn_contrib_conv2d_NCHWc_add_nn_relu_1] Trial #29: GFLOPs: 34.7985. Time: 749.7892 us. Best GFLOPs: 120.5067
2024-05-19 19:42:17 [INFO] [task_scheduler.cc:131] [Task #10: fused_nn_contrib_conv2d_NCHWc_add_nn_relu_1] Trial #30: GFLOPs: 8.9787. Time: 2905.9294 us. Best GFLOPs: 120.5067
2024-05-19 19:42:17 [INFO] [task_scheduler.cc:131] [Task #10: fused_nn_contrib_conv2d_NCHWc_add_nn_relu_1] Trial #31: GFLOPs: 19.1348. Time: 1363.5638 us. Best GFLOPs: 120.5067
2024-05-19 19:42:17 [INFO] [task_scheduler.cc:131] [Task #10: fused_nn_contrib_conv2d_NCHWc_add_nn_relu_1] Trial #32: GFLOPs: 44.9680. Time: 580.2239 us. Best GFLOPs: 120.5067
2024-05-19 19:42:17 [INFO] [task_scheduler.cc:131] [Task #10: fused_nn_contrib_conv2d_NCHWc_add_nn_relu_1] Trial #33: GFLOPs: 43.3369. Time: 602.0631 us. Best GFLOPs: 120.5067
2024-05-19 19:42:17 [INFO] [task_scheduler.cc:131] [Task #10: fused_nn_contrib_conv2d_NCHWc_add_nn_relu_1] Trial #34: GFLOPs: 8.8953. Time: 2933.1710 us. Best GFLOPs: 120.5067
2024-05-19 19:42:17 [INFO] [task_scheduler.cc:131] [Task #10: fused_nn_contrib_conv2d_NCHWc_add_nn_relu_1] Trial #35: GFLOPs: 30.3574. Time: 859.4786 us. Best GFLOPs: 120.5067
2024-05-19 19:42:17 [INFO] [task_scheduler.cc:131] [Task #10: fused_nn_contrib_conv2d_NCHWc_add_nn_relu_1] Trial #36: GFLOPs: 43.9039. Time: 594.2865 us. Best GFLOPs: 120.5067
2024-05-19 19:42:17 [INFO] [task_scheduler.cc:131] [Task #10: fused_nn_contrib_conv2d_NCHWc_add_nn_relu_1] Trial #37: GFLOPs: 32.5348. Time: 801.9579 us. Best GFLOPs: 120.5067
2024-05-19 19:42:17 [INFO] [task_scheduler.cc:131] [Task #10: fused_nn_contrib_conv2d_NCHWc_add_nn_relu_1] Trial #38: GFLOPs: 8.6207. Time: 3026.5971 us. Best GFLOPs: 120.5067
2024-05-19 19:42:17 [INFO] [task_scheduler.cc:131] [Task #10: fused_nn_contrib_conv2d_NCHWc_add_nn_relu_1] Trial #39: GFLOPs: 38.8409. Time: 671.7532 us. Best GFLOPs: 120.5067
2024-05-19 19:42:17 [INFO] [task_scheduler.cc:131] [Task #10: fused_nn_contrib_conv2d_NCHWc_add_nn_relu_1] Trial #40: GFLOPs: 8.6769. Time: 3007.0048 us. Best GFLOPs: 120.5067
2024-05-19 19:42:17 [INFO] [task_scheduler.cc:131] [Task #10: fused_nn_contrib_conv2d_NCHWc_add_nn_relu_1] Trial #41: GFLOPs: 25.4179. Time: 1026.5029 us. Best GFLOPs: 120.5067
2024-05-19 19:42:17 [INFO] [task_scheduler.cc:131] [Task #10: fused_nn_contrib_conv2d_NCHWc_add_nn_relu_1] Trial #42: GFLOPs: 75.3041. Time: 346.4819 us. Best GFLOPs: 120.5067
2024-05-19 19:42:17 [INFO] [task_scheduler.cc:131] [Task #10: fused_nn_contrib_conv2d_NCHWc_add_nn_relu_1] Trial #43: GFLOPs: 25.4030. Time: 1027.1047 us. Best GFLOPs: 120.5067
2024-05-19 19:42:17 [INFO] [task_scheduler.cc:131] [Task #10: fused_nn_contrib_conv2d_NCHWc_add_nn_relu_1] Trial #44: GFLOPs: 34.1443. Time: 764.1538 us. Best GFLOPs: 120.5067
2024-05-19 19:42:17 [INFO] [task_scheduler.cc:131] [Task #10: fused_nn_contrib_conv2d_NCHWc_add_nn_relu_1] Trial #45: GFLOPs: 9.3116. Time: 2802.0453 us. Best GFLOPs: 120.5067
2024-05-19 19:42:17 [INFO] [task_scheduler.cc:131] [Task #10: fused_nn_contrib_conv2d_NCHWc_add_nn_relu_1] Trial #46: GFLOPs: 14.1982. Time: 1837.6590 us. Best GFLOPs: 120.5067
2024-05-19 19:42:17 [INFO] [task_scheduler.cc:131] [Task #10: fused_nn_contrib_conv2d_NCHWc_add_nn_relu_1] Trial #47: GFLOPs: 30.1393. Time: 865.6973 us. Best GFLOPs: 120.5067
2024-05-19 19:42:17 [INFO] [task_scheduler.cc:131] [Task #10: fused_nn_contrib_conv2d_NCHWc_add_nn_relu_1] Trial #48: GFLOPs: 5.6842. Time: 4590.1836 us. Best GFLOPs: 120.5067
2024-05-19 19:42:17 [INFO] [task_scheduler.cc:131] [Task #10: fused_nn_contrib_conv2d_NCHWc_add_nn_relu_1] Trial #49: GFLOPs: 21.0093. Time: 1241.9044 us. Best GFLOPs: 120.5067
2024-05-19 19:42:17 [INFO] [task_scheduler.cc:131] [Task #10: fused_nn_contrib_conv2d_NCHWc_add_nn_relu_1] Trial #50: GFLOPs: 15.6682. Time: 1665.2557 us. Best GFLOPs: 120.5067
2024-05-19 19:42:17 [INFO] [task_scheduler.cc:131] [Task #10: fused_nn_contrib_conv2d_NCHWc_add_nn_relu_1] Trial #51: GFLOPs: 15.5178. Time: 1681.3907 us. Best GFLOPs: 120.5067
2024-05-19 19:42:17 [INFO] [task_scheduler.cc:131] [Task #10: fused_nn_contrib_conv2d_NCHWc_add_nn_relu_1] Trial #52: GFLOPs: 38.3817. Time: 679.7906 us. Best GFLOPs: 120.5067
2024-05-19 19:42:17 [INFO] [task_scheduler.cc:131] [Task #10: fused_nn_contrib_conv2d_NCHWc_add_nn_relu_1] Trial #53: GFLOPs: 24.0549. Time: 1084.6662 us. Best GFLOPs: 120.5067
2024-05-19 19:42:17 [INFO] [task_scheduler.cc:131] [Task #10: fused_nn_contrib_conv2d_NCHWc_add_nn_relu_1] Trial #54: GFLOPs: 21.4845. Time: 1214.4343 us. Best GFLOPs: 120.5067
2024-05-19 19:42:17 [INFO] [task_scheduler.cc:131] [Task #10: fused_nn_contrib_conv2d_NCHWc_add_nn_relu_1] Trial #55: GFLOPs: 26.9300. Time: 968.8644 us. Best GFLOPs: 120.5067
2024-05-19 19:42:17 [INFO] [task_scheduler.cc:131] [Task #10: fused_nn_contrib_conv2d_NCHWc_add_nn_relu_1] Trial #56: GFLOPs: 36.5531. Time: 713.7985 us. Best GFLOPs: 120.5067
2024-05-19 19:42:17 [INFO] [task_scheduler.cc:131] [Task #10: fused_nn_contrib_conv2d_NCHWc_add_nn_relu_1] Trial #57: GFLOPs: 30.8026. Time: 847.0564 us. Best GFLOPs: 120.5067
2024-05-19 19:42:17 [INFO] [task_scheduler.cc:131] [Task #10: fused_nn_contrib_conv2d_NCHWc_add_nn_relu_1] Trial #58: GFLOPs: 62.5356. Time: 417.2269 us. Best GFLOPs: 120.5067
2024-05-19 19:42:17 [INFO] [task_scheduler.cc:131] [Task #10: fused_nn_contrib_conv2d_NCHWc_add_nn_relu_1] Trial #59: GFLOPs: 49.0481. Time: 531.9576 us. Best GFLOPs: 120.5067
2024-05-19 19:42:17 [INFO] [task_scheduler.cc:131] [Task #10: fused_nn_contrib_conv2d_NCHWc_add_nn_relu_1] Trial #60: GFLOPs: 65.5001. Time: 398.3430 us. Best GFLOPs: 120.5067
2024-05-19 19:42:17 [INFO] [task_scheduler.cc:131] [Task #10: fused_nn_contrib_conv2d_NCHWc_add_nn_relu_1] Trial #61: GFLOPs: 24.0994. Time: 1082.6640 us. Best GFLOPs: 120.5067
2024-05-19 19:42:17 [INFO] [task_scheduler.cc:131] [Task #10: fused_nn_contrib_conv2d_NCHWc_add_nn_relu_1] Trial #62: GFLOPs: 19.8114. Time: 1316.9958 us. Best GFLOPs: 120.5067
2024-05-19 19:42:17 [INFO] [task_scheduler.cc:131] [Task #10: fused_nn_contrib_conv2d_NCHWc_add_nn_relu_1] Trial #63: GFLOPs: 19.9456. Time: 1308.1315 us. Best GFLOPs: 120.5067
2024-05-19 19:42:17 [INFO] [task_scheduler.cc:131] [Task #10: fused_nn_contrib_conv2d_NCHWc_add_nn_relu_1] Trial #64: GFLOPs: 22.9758. Time: 1135.6090 us. Best GFLOPs: 120.5067
2024-05-19 21:51:52 [INFO] [evolutionary_search.cc:713] Generating candidates......
2024-05-19 21:51:52 [INFO] [evolutionary_search.cc:715] Picked top 64 candidate(s) from database
2024-05-19 21:51:53 [INFO] [evolutionary_search.cc:533] Sample-Init-Population summary:
Postproc #0 [meta_schedule.DisallowDynamicLoop(0x12058918)]: 0 failure(s)
Postproc #1 [meta_schedule.RewriteParallelVectorizeUnroll(0xfb199e8)]: 0 failure(s)
Postproc #2 [meta_schedule.RewriteReductionBlock(0x10dafe78)]: 0 failure(s)
Postproc #3 [meta_schedule.RewriteLayout(0xef34f58)]: 0 failure(s)
2024-05-19 21:51:53 [INFO] [evolutionary_search.cc:723] Sampled 448 candidate(s)
2024-05-19 21:51:56 [INFO] [evolutionary_search.cc:621] Evolve iter #0 done. Summary:
Postproc #0 [meta_schedule.DisallowDynamicLoop(0x12058918)]: 0 failure(s)
Postproc #1 [meta_schedule.RewriteParallelVectorizeUnroll(0xfb199e8)]: 0 failure(s)
Postproc #2 [meta_schedule.RewriteReductionBlock(0x10dafe78)]: 0 failure(s)
Postproc #3 [meta_schedule.RewriteLayout(0xef34f58)]: 0 failure(s)
2024-05-19 21:51:58 [INFO] [evolutionary_search.cc:621] Evolve iter #1 done. Summary:
Postproc #0 [meta_schedule.DisallowDynamicLoop(0x12058918)]: 0 failure(s)
Postproc #1 [meta_schedule.RewriteParallelVectorizeUnroll(0xfb199e8)]: 0 failure(s)
Postproc #2 [meta_schedule.RewriteReductionBlock(0x10dafe78)]: 0 failure(s)
Postproc #3 [meta_schedule.RewriteLayout(0xef34f58)]: 0 failure(s)
2024-05-19 21:52:01 [INFO] [evolutionary_search.cc:621] Evolve iter #2 done. Summary:
Postproc #0 [meta_schedule.DisallowDynamicLoop(0x12058918)]: 0 failure(s)
Postproc #1 [meta_schedule.RewriteParallelVectorizeUnroll(0xfb199e8)]: 0 failure(s)
Postproc #2 [meta_schedule.RewriteReductionBlock(0x10dafe78)]: 0 failure(s)
Postproc #3 [meta_schedule.RewriteLayout(0xef34f58)]: 0 failure(s)
2024-05-19 21:52:04 [INFO] [evolutionary_search.cc:621] Evolve iter #3 done. Summary:
Postproc #0 [meta_schedule.DisallowDynamicLoop(0x12058918)]: 0 failure(s)
Postproc #1 [meta_schedule.RewriteParallelVectorizeUnroll(0xfb199e8)]: 0 failure(s)
Postproc #2 [meta_schedule.RewriteReductionBlock(0x10dafe78)]: 0 failure(s)
Postproc #3 [meta_schedule.RewriteLayout(0xef34f58)]: 0 failure(s)
2024-05-19 21:52:05 [INFO] [evolutionary_search.cc:649] Scores of the best 64 candidates:
[1 : 16]:	0.8794  0.8772  0.8300  0.8236  0.8118  0.8096  0.8083  0.8005  0.7970  0.7966  0.7966  0.7939  0.7844  0.7835  0.7813  0.7797
[17 : 32]:	0.7787  0.7787  0.7780  0.7736  0.7735  0.7724  0.7618  0.7613  0.7604  0.7602  0.7575  0.7530  0.7530  0.7529  0.7495  0.7491
[33 : 48]:	0.7489  0.7459  0.7447  0.7429  0.7421  0.7392  0.7390  0.7375  0.7369  0.7359  0.7356  0.7353  0.7350  0.7334  0.7323  0.7307
[49 : 64]:	0.7303  0.7300  0.7290  0.7286  0.7281  0.7278  0.7278  0.7269  0.7261  0.7246  0.7246  0.7231  0.7204  0.7203  0.7183  0.7176
2024-05-19 21:52:05 [INFO] [evolutionary_search.cc:727] Got 64 candidate(s) with evolutionary search
2024-05-19 21:52:05 [INFO] [evolutionary_search.cc:730] Sending 63 candidates(s) for measurement
2024-05-19 21:53:41 [INFO] [task_scheduler.cc:131] [Task #10: fused_nn_contrib_conv2d_NCHWc_add_nn_relu_1] Trial #65: GFLOPs: 110.1772. Time: 236.8142 us. Best GFLOPs: 120.5067
2024-05-19 21:53:41 [INFO] [task_scheduler.cc:131] [Task #10: fused_nn_contrib_conv2d_NCHWc_add_nn_relu_1] Trial #66: GFLOPs: 95.1741. Time: 274.1452 us. Best GFLOPs: 120.5067
2024-05-19 21:53:41 [INFO] [task_scheduler.cc:131] [Task #10: fused_nn_contrib_conv2d_NCHWc_add_nn_relu_1] Trial #67: GFLOPs: 116.2774. Time: 224.3902 us. Best GFLOPs: 120.5067
2024-05-19 21:53:41 [INFO] [task_scheduler.cc:131] [Task #10: fused_nn_contrib_conv2d_NCHWc_add_nn_relu_1] Trial #68: GFLOPs: 158.8464. Time: 164.2563 us. Best GFLOPs: 158.8464
2024-05-19 21:53:41 [INFO] [task_scheduler.cc:131] [Task #10: fused_nn_contrib_conv2d_NCHWc_add_nn_relu_1] Trial #69: GFLOPs: 134.9924. Time: 193.2814 us. Best GFLOPs: 158.8464
2024-05-19 21:53:41 [INFO] [task_scheduler.cc:131] [Task #10: fused_nn_contrib_conv2d_NCHWc_add_nn_relu_1] Trial #70: GFLOPs: 152.3088. Time: 171.3067 us. Best GFLOPs: 158.8464
2024-05-19 21:53:41 [INFO] [task_scheduler.cc:131] [Task #10: fused_nn_contrib_conv2d_NCHWc_add_nn_relu_1] Trial #71: GFLOPs: 183.6172. Time: 142.0973 us. Best GFLOPs: 183.6172
2024-05-19 21:53:41 [INFO] [task_scheduler.cc:131] [Task #10: fused_nn_contrib_conv2d_NCHWc_add_nn_relu_1] Trial #72: GFLOPs: 81.5890. Time: 319.7919 us. Best GFLOPs: 183.6172
2024-05-19 21:53:41 [INFO] [task_scheduler.cc:131] [Task #10: fused_nn_contrib_conv2d_NCHWc_add_nn_relu_1] Trial #73: GFLOPs: 105.3083. Time: 247.7632 us. Best GFLOPs: 183.6172
2024-05-19 21:53:41 [INFO] [task_scheduler.cc:131] [Task #10: fused_nn_contrib_conv2d_NCHWc_add_nn_relu_1] Trial #74: GFLOPs: 147.8272. Time: 176.5002 us. Best GFLOPs: 183.6172
2024-05-19 21:53:41 [INFO] [task_scheduler.cc:131] [Task #10: fused_nn_contrib_conv2d_NCHWc_add_nn_relu_1] Trial #75: GFLOPs: 150.0606. Time: 173.8732 us. Best GFLOPs: 183.6172
2024-05-19 21:53:41 [INFO] [task_scheduler.cc:131] [Task #10: fused_nn_contrib_conv2d_NCHWc_add_nn_relu_1] Trial #76: GFLOPs: 137.4336. Time: 189.8482 us. Best GFLOPs: 183.6172
2024-05-19 21:53:41 [INFO] [task_scheduler.cc:131] [Task #10: fused_nn_contrib_conv2d_NCHWc_add_nn_relu_1] Trial #77: GFLOPs: 175.1049. Time: 149.0051 us. Best GFLOPs: 183.6172
2024-05-19 21:53:41 [INFO] [task_scheduler.cc:131] [Task #10: fused_nn_contrib_conv2d_NCHWc_add_nn_relu_1] Trial #78: GFLOPs: 113.4312. Time: 230.0208 us. Best GFLOPs: 183.6172
2024-05-19 21:53:41 [INFO] [task_scheduler.cc:131] [Task #10: fused_nn_contrib_conv2d_NCHWc_add_nn_relu_1] Trial #79: GFLOPs: 164.2150. Time: 158.8863 us. Best GFLOPs: 183.6172
2024-05-19 21:53:41 [INFO] [task_scheduler.cc:131] [Task #10: fused_nn_contrib_conv2d_NCHWc_add_nn_relu_1] Trial #80: GFLOPs: 101.9267. Time: 255.9832 us. Best GFLOPs: 183.6172
2024-05-19 21:53:41 [INFO] [task_scheduler.cc:131] [Task #10: fused_nn_contrib_conv2d_NCHWc_add_nn_relu_1] Trial #81: GFLOPs: 65.3918. Time: 399.0032 us. Best GFLOPs: 183.6172
2024-05-19 21:53:41 [INFO] [task_scheduler.cc:131] [Task #10: fused_nn_contrib_conv2d_NCHWc_add_nn_relu_1] Trial #82: GFLOPs: 86.4397. Time: 301.8464 us. Best GFLOPs: 183.6172
2024-05-19 21:53:41 [INFO] [task_scheduler.cc:131] [Task #10: fused_nn_contrib_conv2d_NCHWc_add_nn_relu_1] Trial #83: GFLOPs: 154.6347. Time: 168.7301 us. Best GFLOPs: 183.6172
2024-05-19 21:53:41 [INFO] [task_scheduler.cc:131] [Task #10: fused_nn_contrib_conv2d_NCHWc_add_nn_relu_1] Trial #84: GFLOPs: 131.5673. Time: 198.3131 us. Best GFLOPs: 183.6172
2024-05-19 21:53:41 [INFO] [task_scheduler.cc:131] [Task #10: fused_nn_contrib_conv2d_NCHWc_add_nn_relu_1] Trial #85: GFLOPs: 102.4979. Time: 254.5567 us. Best GFLOPs: 183.6172
2024-05-19 21:53:41 [INFO] [task_scheduler.cc:131] [Task #10: fused_nn_contrib_conv2d_NCHWc_add_nn_relu_1] Trial #86: GFLOPs: 109.6557. Time: 237.9404 us. Best GFLOPs: 183.6172
2024-05-19 21:53:41 [INFO] [task_scheduler.cc:131] [Task #10: fused_nn_contrib_conv2d_NCHWc_add_nn_relu_1] Trial #87: GFLOPs: 97.9089. Time: 266.4878 us. Best GFLOPs: 183.6172
2024-05-19 21:53:41 [INFO] [task_scheduler.cc:131] [Task #10: fused_nn_contrib_conv2d_NCHWc_add_nn_relu_1] Trial #88: GFLOPs: 76.4931. Time: 341.0962 us. Best GFLOPs: 183.6172
2024-05-19 21:53:41 [INFO] [task_scheduler.cc:131] [Task #10: fused_nn_contrib_conv2d_NCHWc_add_nn_relu_1] Trial #89: GFLOPs: 154.1167. Time: 169.2972 us. Best GFLOPs: 183.6172
2024-05-19 21:53:41 [INFO] [task_scheduler.cc:131] [Task #10: fused_nn_contrib_conv2d_NCHWc_add_nn_relu_1] Trial #90: GFLOPs: 136.8367. Time: 190.6763 us. Best GFLOPs: 183.6172
2024-05-19 21:53:41 [INFO] [task_scheduler.cc:131] [Task #10: fused_nn_contrib_conv2d_NCHWc_add_nn_relu_1] Trial #91: GFLOPs: 151.8289. Time: 171.8482 us. Best GFLOPs: 183.6172
2024-05-19 21:53:41 [INFO] [task_scheduler.cc:131] [Task #10: fused_nn_contrib_conv2d_NCHWc_add_nn_relu_1] Trial #92: GFLOPs: 110.4020. Time: 236.3319 us. Best GFLOPs: 183.6172
2024-05-19 21:53:41 [INFO] [task_scheduler.cc:131] [Task #10: fused_nn_contrib_conv2d_NCHWc_add_nn_relu_1] Trial #93: GFLOPs: 137.4786. Time: 189.7860 us. Best GFLOPs: 183.6172
2024-05-19 21:53:41 [INFO] [task_scheduler.cc:131] [Task #10: fused_nn_contrib_conv2d_NCHWc_add_nn_relu_1] Trial #94: GFLOPs: 160.8063. Time: 162.2544 us. Best GFLOPs: 183.6172
2024-05-19 21:53:41 [INFO] [task_scheduler.cc:131] [Task #10: fused_nn_contrib_conv2d_NCHWc_add_nn_relu_1] Trial #95: GFLOPs: 136.8382. Time: 190.6742 us. Best GFLOPs: 183.6172
2024-05-19 21:53:41 [INFO] [task_scheduler.cc:131] [Task #10: fused_nn_contrib_conv2d_NCHWc_add_nn_relu_1] Trial #96: GFLOPs: 104.8946. Time: 248.7403 us. Best GFLOPs: 183.6172
2024-05-19 21:53:41 [INFO] [task_scheduler.cc:131] [Task #10: fused_nn_contrib_conv2d_NCHWc_add_nn_relu_1] Trial #97: GFLOPs: 141.7547. Time: 184.0611 us. Best GFLOPs: 183.6172
2024-05-19 21:53:41 [INFO] [task_scheduler.cc:131] [Task #10: fused_nn_contrib_conv2d_NCHWc_add_nn_relu_1] Trial #98: GFLOPs: 108.3617. Time: 240.7818 us. Best GFLOPs: 183.6172
2024-05-19 21:53:41 [INFO] [task_scheduler.cc:131] [Task #10: fused_nn_contrib_conv2d_NCHWc_add_nn_relu_1] Trial #99: GFLOPs: 82.3055. Time: 317.0083 us. Best GFLOPs: 183.6172
2024-05-19 21:53:41 [INFO] [task_scheduler.cc:131] [Task #10: fused_nn_contrib_conv2d_NCHWc_add_nn_relu_1] Trial #100: GFLOPs: 132.8161. Time: 196.4484 us. Best GFLOPs: 183.6172
2024-05-19 21:53:41 [INFO] [task_scheduler.cc:131] [Task #10: fused_nn_contrib_conv2d_NCHWc_add_nn_relu_1] Trial #101: GFLOPs: 95.0741. Time: 274.4336 us. Best GFLOPs: 183.6172
2024-05-19 21:53:41 [INFO] [task_scheduler.cc:131] [Task #10: fused_nn_contrib_conv2d_NCHWc_add_nn_relu_1] Trial #102: GFLOPs: 112.0631. Time: 232.8289 us. Best GFLOPs: 183.6172
2024-05-19 21:53:41 [INFO] [task_scheduler.cc:131] [Task #10: fused_nn_contrib_conv2d_NCHWc_add_nn_relu_1] Trial #103: GFLOPs: 84.7543. Time: 307.8489 us. Best GFLOPs: 183.6172
2024-05-19 21:53:41 [INFO] [task_scheduler.cc:131] [Task #10: fused_nn_contrib_conv2d_NCHWc_add_nn_relu_1] Trial #104: GFLOPs: 78.2676. Time: 333.3629 us. Best GFLOPs: 183.6172
2024-05-19 21:53:41 [INFO] [task_scheduler.cc:131] [Task #10: fused_nn_contrib_conv2d_NCHWc_add_nn_relu_1] Trial #105: GFLOPs: 93.9548. Time: 277.7028 us. Best GFLOPs: 183.6172
2024-05-19 21:53:41 [INFO] [task_scheduler.cc:131] [Task #10: fused_nn_contrib_conv2d_NCHWc_add_nn_relu_1] Trial #106: GFLOPs: 136.7304. Time: 190.8246 us. Best GFLOPs: 183.6172
2024-05-19 21:53:41 [INFO] [task_scheduler.cc:131] [Task #10: fused_nn_contrib_conv2d_NCHWc_add_nn_relu_1] Trial #107: GFLOPs: 172.9591. Time: 150.8537 us. Best GFLOPs: 183.6172
2024-05-19 21:53:41 [INFO] [task_scheduler.cc:131] [Task #10: fused_nn_contrib_conv2d_NCHWc_add_nn_relu_1] Trial #108: GFLOPs: 158.5146. Time: 164.6001 us. Best GFLOPs: 183.6172
2024-05-19 21:53:41 [INFO] [task_scheduler.cc:131] [Task #10: fused_nn_contrib_conv2d_NCHWc_add_nn_relu_1] Trial #109: GFLOPs: 96.2616. Time: 271.0482 us. Best GFLOPs: 183.6172
2024-05-19 21:53:41 [INFO] [task_scheduler.cc:131] [Task #10: fused_nn_contrib_conv2d_NCHWc_add_nn_relu_1] Trial #110: GFLOPs: 101.9465. Time: 255.9336 us. Best GFLOPs: 183.6172
2024-05-19 21:53:41 [INFO] [task_scheduler.cc:131] [Task #10: fused_nn_contrib_conv2d_NCHWc_add_nn_relu_1] Trial #111: GFLOPs: 112.0721. Time: 232.8102 us. Best GFLOPs: 183.6172
2024-05-19 21:53:41 [INFO] [task_scheduler.cc:131] [Task #10: fused_nn_contrib_conv2d_NCHWc_add_nn_relu_1] Trial #112: GFLOPs: 140.7447. Time: 185.3819 us. Best GFLOPs: 183.6172
2024-05-19 21:53:41 [INFO] [task_scheduler.cc:131] [Task #10: fused_nn_contrib_conv2d_NCHWc_add_nn_relu_1] Trial #113: GFLOPs: 128.0687. Time: 203.7307 us. Best GFLOPs: 183.6172
2024-05-19 21:53:41 [INFO] [task_scheduler.cc:131] [Task #10: fused_nn_contrib_conv2d_NCHWc_add_nn_relu_1] Trial #114: GFLOPs: 123.4295. Time: 211.3880 us. Best GFLOPs: 183.6172
2024-05-19 21:53:41 [INFO] [task_scheduler.cc:131] [Task #10: fused_nn_contrib_conv2d_NCHWc_add_nn_relu_1] Trial #115: GFLOPs: 173.0879. Time: 150.7414 us. Best GFLOPs: 183.6172
2024-05-19 21:53:41 [INFO] [task_scheduler.cc:131] [Task #10: fused_nn_contrib_conv2d_NCHWc_add_nn_relu_1] Trial #116: GFLOPs: 124.0869. Time: 210.2681 us. Best GFLOPs: 183.6172
2024-05-19 21:53:41 [INFO] [task_scheduler.cc:131] [Task #10: fused_nn_contrib_conv2d_NCHWc_add_nn_relu_1] Trial #117: GFLOPs: 112.8583. Time: 231.1884 us. Best GFLOPs: 183.6172
2024-05-19 21:53:41 [INFO] [task_scheduler.cc:131] [Task #10: fused_nn_contrib_conv2d_NCHWc_add_nn_relu_1] Trial #118: GFLOPs: 159.6225. Time: 163.4577 us. Best GFLOPs: 183.6172
2024-05-19 21:53:41 [INFO] [task_scheduler.cc:131] [Task #10: fused_nn_contrib_conv2d_NCHWc_add_nn_relu_1] Trial #119: GFLOPs: 127.0808. Time: 205.3144 us. Best GFLOPs: 183.6172
2024-05-19 21:53:41 [INFO] [task_scheduler.cc:131] [Task #10: fused_nn_contrib_conv2d_NCHWc_add_nn_relu_1] Trial #120: GFLOPs: 140.9330. Time: 185.1343 us. Best GFLOPs: 183.6172
2024-05-19 21:53:41 [INFO] [task_scheduler.cc:131] [Task #10: fused_nn_contrib_conv2d_NCHWc_add_nn_relu_1] Trial #121: GFLOPs: 108.0037. Time: 241.5798 us. Best GFLOPs: 183.6172
2024-05-19 21:53:41 [INFO] [task_scheduler.cc:131] [Task #10: fused_nn_contrib_conv2d_NCHWc_add_nn_relu_1] Trial #122: GFLOPs: 149.5530. Time: 174.4633 us. Best GFLOPs: 183.6172
2024-05-19 21:53:41 [INFO] [task_scheduler.cc:131] [Task #10: fused_nn_contrib_conv2d_NCHWc_add_nn_relu_1] Trial #123: GFLOPs: 174.2928. Time: 149.6994 us. Best GFLOPs: 183.6172
2024-05-19 21:53:41 [INFO] [task_scheduler.cc:131] [Task #10: fused_nn_contrib_conv2d_NCHWc_add_nn_relu_1] Trial #124: GFLOPs: 136.5552. Time: 191.0694 us. Best GFLOPs: 183.6172
2024-05-19 21:53:41 [INFO] [task_scheduler.cc:131] [Task #10: fused_nn_contrib_conv2d_NCHWc_add_nn_relu_1] Trial #125: GFLOPs: 179.1221. Time: 145.6633 us. Best GFLOPs: 183.6172
2024-05-19 21:53:41 [INFO] [task_scheduler.cc:131] [Task #10: fused_nn_contrib_conv2d_NCHWc_add_nn_relu_1] Trial #126: GFLOPs: 7.3012. Time: 3573.6025 us. Best GFLOPs: 183.6172
2024-05-19 21:53:41 [INFO] [task_scheduler.cc:131] [Task #10: fused_nn_contrib_conv2d_NCHWc_add_nn_relu_1] Trial #127: GFLOPs: 11.1967. Time: 2330.2811 us. Best GFLOPs: 183.6172
2024-05-19 21:58:20 [INFO] [evolutionary_search.cc:713] Generating candidates......
2024-05-19 21:58:21 [INFO] [evolutionary_search.cc:715] Picked top 102 candidate(s) from database
2024-05-19 21:58:22 [INFO] [evolutionary_search.cc:533] Sample-Init-Population summary:
Postproc #0 [meta_schedule.DisallowDynamicLoop(0x12058918)]: 0 failure(s)
Postproc #1 [meta_schedule.RewriteParallelVectorizeUnroll(0xfb199e8)]: 0 failure(s)
Postproc #2 [meta_schedule.RewriteReductionBlock(0x10dafe78)]: 0 failure(s)
Postproc #3 [meta_schedule.RewriteLayout(0xef34f58)]: 0 failure(s)
2024-05-19 21:58:22 [INFO] [evolutionary_search.cc:723] Sampled 410 candidate(s)
2024-05-19 21:58:24 [INFO] [evolutionary_search.cc:621] Evolve iter #0 done. Summary:
Postproc #0 [meta_schedule.DisallowDynamicLoop(0x12058918)]: 0 failure(s)
Postproc #1 [meta_schedule.RewriteParallelVectorizeUnroll(0xfb199e8)]: 0 failure(s)
Postproc #2 [meta_schedule.RewriteReductionBlock(0x10dafe78)]: 0 failure(s)
Postproc #3 [meta_schedule.RewriteLayout(0xef34f58)]: 0 failure(s)
2024-05-19 21:58:27 [INFO] [evolutionary_search.cc:621] Evolve iter #1 done. Summary:
Postproc #0 [meta_schedule.DisallowDynamicLoop(0x12058918)]: 0 failure(s)
Postproc #1 [meta_schedule.RewriteParallelVectorizeUnroll(0xfb199e8)]: 0 failure(s)
Postproc #2 [meta_schedule.RewriteReductionBlock(0x10dafe78)]: 0 failure(s)
Postproc #3 [meta_schedule.RewriteLayout(0xef34f58)]: 0 failure(s)
2024-05-19 21:58:30 [INFO] [evolutionary_search.cc:621] Evolve iter #2 done. Summary:
Postproc #0 [meta_schedule.DisallowDynamicLoop(0x12058918)]: 0 failure(s)
Postproc #1 [meta_schedule.RewriteParallelVectorizeUnroll(0xfb199e8)]: 0 failure(s)
Postproc #2 [meta_schedule.RewriteReductionBlock(0x10dafe78)]: 0 failure(s)
Postproc #3 [meta_schedule.RewriteLayout(0xef34f58)]: 0 failure(s)
2024-05-19 21:58:32 [INFO] [evolutionary_search.cc:621] Evolve iter #3 done. Summary:
Postproc #0 [meta_schedule.DisallowDynamicLoop(0x12058918)]: 0 failure(s)
Postproc #1 [meta_schedule.RewriteParallelVectorizeUnroll(0xfb199e8)]: 0 failure(s)
Postproc #2 [meta_schedule.RewriteReductionBlock(0x10dafe78)]: 0 failure(s)
Postproc #3 [meta_schedule.RewriteLayout(0xef34f58)]: 0 failure(s)
2024-05-19 21:58:34 [INFO] [evolutionary_search.cc:649] Scores of the best 64 candidates:
[1 : 16]:	0.8842  0.8842  0.8772  0.8394  0.8374  0.8222  0.8201  0.8162  0.8162  0.8122  0.8108  0.8081  0.8068  0.8016  0.8005  0.7983
[17 : 32]:	0.7975  0.7975  0.7956  0.7938  0.7935  0.7933  0.7933  0.7909  0.7905  0.7885  0.7847  0.7846  0.7843  0.7843  0.7835  0.7832
[33 : 48]:	0.7814  0.7814  0.7813  0.7797  0.7797  0.7796  0.7796  0.7787  0.7787  0.7765  0.7762  0.7745  0.7744  0.7744  0.7739  0.7732
[49 : 64]:	0.7726  0.7710  0.7709  0.7700  0.7699  0.7697  0.7697  0.7694  0.7694  0.7684  0.7681  0.7675  0.7673  0.7671  0.7670  0.7669
2024-05-19 21:58:34 [INFO] [evolutionary_search.cc:727] Got 64 candidate(s) with evolutionary search
2024-05-19 21:58:34 [INFO] [evolutionary_search.cc:730] Sending 64 candidates(s) for measurement
2024-05-19 22:00:14 [INFO] [task_scheduler.cc:131] [Task #10: fused_nn_contrib_conv2d_NCHWc_add_nn_relu_1] Trial #128: GFLOPs: 61.5579. Time: 423.8534 us. Best GFLOPs: 183.6172
2024-05-19 22:00:14 [INFO] [task_scheduler.cc:131] [Task #10: fused_nn_contrib_conv2d_NCHWc_add_nn_relu_1] Trial #129: GFLOPs: 60.6583. Time: 430.1392 us. Best GFLOPs: 183.6172
2024-05-19 22:00:14 [INFO] [task_scheduler.cc:131] [Task #10: fused_nn_contrib_conv2d_NCHWc_add_nn_relu_1] Trial #130: GFLOPs: 60.0529. Time: 434.4756 us. Best GFLOPs: 183.6172
2024-05-19 22:00:14 [INFO] [task_scheduler.cc:131] [Task #10: fused_nn_contrib_conv2d_NCHWc_add_nn_relu_1] Trial #131: GFLOPs: 75.0014. Time: 347.8805 us. Best GFLOPs: 183.6172
2024-05-19 22:00:14 [INFO] [task_scheduler.cc:131] [Task #10: fused_nn_contrib_conv2d_NCHWc_add_nn_relu_1] Trial #132: GFLOPs: 96.9253. Time: 269.1922 us. Best GFLOPs: 183.6172
2024-05-19 22:00:14 [INFO] [task_scheduler.cc:131] [Task #10: fused_nn_contrib_conv2d_NCHWc_add_nn_relu_1] Trial #133: GFLOPs: 140.4410. Time: 185.7827 us. Best GFLOPs: 183.6172
2024-05-19 22:00:14 [INFO] [task_scheduler.cc:131] [Task #10: fused_nn_contrib_conv2d_NCHWc_add_nn_relu_1] Trial #134: GFLOPs: 133.7434. Time: 195.0865 us. Best GFLOPs: 183.6172
2024-05-19 22:00:14 [INFO] [task_scheduler.cc:131] [Task #10: fused_nn_contrib_conv2d_NCHWc_add_nn_relu_1] Trial #135: GFLOPs: 130.5572. Time: 199.8473 us. Best GFLOPs: 183.6172
2024-05-19 22:00:14 [INFO] [task_scheduler.cc:131] [Task #10: fused_nn_contrib_conv2d_NCHWc_add_nn_relu_1] Trial #136: GFLOPs: 137.7582. Time: 189.4009 us. Best GFLOPs: 183.6172
2024-05-19 22:00:14 [INFO] [task_scheduler.cc:131] [Task #10: fused_nn_contrib_conv2d_NCHWc_add_nn_relu_1] Trial #137: GFLOPs: 106.7291. Time: 244.4650 us. Best GFLOPs: 183.6172
2024-05-19 22:00:14 [INFO] [task_scheduler.cc:131] [Task #10: fused_nn_contrib_conv2d_NCHWc_add_nn_relu_1] Trial #138: GFLOPs: 133.2867. Time: 195.7549 us. Best GFLOPs: 183.6172
2024-05-19 22:00:14 [INFO] [task_scheduler.cc:131] [Task #10: fused_nn_contrib_conv2d_NCHWc_add_nn_relu_1] Trial #139: GFLOPs: 114.7408. Time: 227.3954 us. Best GFLOPs: 183.6172
2024-05-19 22:00:14 [INFO] [task_scheduler.cc:131] [Task #10: fused_nn_contrib_conv2d_NCHWc_add_nn_relu_1] Trial #140: GFLOPs: 154.2131. Time: 169.1913 us. Best GFLOPs: 183.6172
2024-05-19 22:00:14 [INFO] [task_scheduler.cc:131] [Task #10: fused_nn_contrib_conv2d_NCHWc_add_nn_relu_1] Trial #141: GFLOPs: 157.3475. Time: 165.8210 us. Best GFLOPs: 183.6172
2024-05-19 22:00:14 [INFO] [task_scheduler.cc:131] [Task #10: fused_nn_contrib_conv2d_NCHWc_add_nn_relu_1] Trial #142: GFLOPs: 85.1636. Time: 306.3693 us. Best GFLOPs: 183.6172
2024-05-19 22:00:14 [INFO] [task_scheduler.cc:131] [Task #10: fused_nn_contrib_conv2d_NCHWc_add_nn_relu_1] Trial #143: GFLOPs: 155.4171. Time: 167.8806 us. Best GFLOPs: 183.6172
2024-05-19 22:00:14 [INFO] [task_scheduler.cc:131] [Task #10: fused_nn_contrib_conv2d_NCHWc_add_nn_relu_1] Trial #144: GFLOPs: 80.8745. Time: 322.6173 us. Best GFLOPs: 183.6172
2024-05-19 22:00:14 [INFO] [task_scheduler.cc:131] [Task #10: fused_nn_contrib_conv2d_NCHWc_add_nn_relu_1] Trial #145: GFLOPs: 83.3935. Time: 312.8723 us. Best GFLOPs: 183.6172
2024-05-19 22:00:14 [INFO] [task_scheduler.cc:131] [Task #10: fused_nn_contrib_conv2d_NCHWc_add_nn_relu_1] Trial #146: GFLOPs: 115.0362. Time: 226.8113 us. Best GFLOPs: 183.6172
2024-05-19 22:00:14 [INFO] [task_scheduler.cc:131] [Task #10: fused_nn_contrib_conv2d_NCHWc_add_nn_relu_1] Trial #147: GFLOPs: 131.5028. Time: 198.4104 us. Best GFLOPs: 183.6172
2024-05-19 22:00:14 [INFO] [task_scheduler.cc:131] [Task #10: fused_nn_contrib_conv2d_NCHWc_add_nn_relu_1] Trial #148: GFLOPs: 161.1376. Time: 161.9207 us. Best GFLOPs: 183.6172
2024-05-19 22:00:14 [INFO] [task_scheduler.cc:131] [Task #10: fused_nn_contrib_conv2d_NCHWc_add_nn_relu_1] Trial #149: GFLOPs: 66.9634. Time: 389.6383 us. Best GFLOPs: 183.6172
2024-05-19 22:00:14 [INFO] [task_scheduler.cc:131] [Task #10: fused_nn_contrib_conv2d_NCHWc_add_nn_relu_1] Trial #150: GFLOPs: 156.6589. Time: 166.5499 us. Best GFLOPs: 183.6172
2024-05-19 22:00:14 [INFO] [task_scheduler.cc:131] [Task #10: fused_nn_contrib_conv2d_NCHWc_add_nn_relu_1] Trial #151: GFLOPs: 82.5623. Time: 316.0224 us. Best GFLOPs: 183.6172
2024-05-19 22:00:14 [INFO] [task_scheduler.cc:131] [Task #10: fused_nn_contrib_conv2d_NCHWc_add_nn_relu_1] Trial #152: GFLOPs: 151.2838. Time: 172.4673 us. Best GFLOPs: 183.6172
2024-05-19 22:00:14 [INFO] [task_scheduler.cc:131] [Task #10: fused_nn_contrib_conv2d_NCHWc_add_nn_relu_1] Trial #153: GFLOPs: 97.1855. Time: 268.4715 us. Best GFLOPs: 183.6172
2024-05-19 22:00:14 [INFO] [task_scheduler.cc:131] [Task #10: fused_nn_contrib_conv2d_NCHWc_add_nn_relu_1] Trial #154: GFLOPs: 167.1192. Time: 156.1252 us. Best GFLOPs: 183.6172
2024-05-19 22:00:14 [INFO] [task_scheduler.cc:131] [Task #10: fused_nn_contrib_conv2d_NCHWc_add_nn_relu_1] Trial #155: GFLOPs: 157.8585. Time: 165.2842 us. Best GFLOPs: 183.6172
2024-05-19 22:00:14 [INFO] [task_scheduler.cc:131] [Task #10: fused_nn_contrib_conv2d_NCHWc_add_nn_relu_1] Trial #156: GFLOPs: 112.7834. Time: 231.3417 us. Best GFLOPs: 183.6172
2024-05-19 22:00:14 [INFO] [task_scheduler.cc:131] [Task #10: fused_nn_contrib_conv2d_NCHWc_add_nn_relu_1] Trial #157: GFLOPs: 113.7587. Time: 229.3585 us. Best GFLOPs: 183.6172
2024-05-19 22:00:14 [INFO] [task_scheduler.cc:131] [Task #10: fused_nn_contrib_conv2d_NCHWc_add_nn_relu_1] Trial #158: GFLOPs: 159.5427. Time: 163.5394 us. Best GFLOPs: 183.6172
2024-05-19 22:00:14 [INFO] [task_scheduler.cc:131] [Task #10: fused_nn_contrib_conv2d_NCHWc_add_nn_relu_1] Trial #159: GFLOPs: 141.4525. Time: 184.4543 us. Best GFLOPs: 183.6172
2024-05-19 22:00:14 [INFO] [task_scheduler.cc:131] [Task #10: fused_nn_contrib_conv2d_NCHWc_add_nn_relu_1] Trial #160: GFLOPs: 114.9352. Time: 227.0107 us. Best GFLOPs: 183.6172
2024-05-19 22:00:14 [INFO] [task_scheduler.cc:131] [Task #10: fused_nn_contrib_conv2d_NCHWc_add_nn_relu_1] Trial #161: GFLOPs: 95.1555. Time: 274.1987 us. Best GFLOPs: 183.6172
2024-05-19 22:00:14 [INFO] [task_scheduler.cc:131] [Task #10: fused_nn_contrib_conv2d_NCHWc_add_nn_relu_1] Trial #162: GFLOPs: 182.2995. Time: 143.1244 us. Best GFLOPs: 183.6172
2024-05-19 22:00:14 [INFO] [task_scheduler.cc:131] [Task #10: fused_nn_contrib_conv2d_NCHWc_add_nn_relu_1] Trial #163: GFLOPs: 96.0053. Time: 271.7717 us. Best GFLOPs: 183.6172
2024-05-19 22:00:14 [INFO] [task_scheduler.cc:131] [Task #10: fused_nn_contrib_conv2d_NCHWc_add_nn_relu_1] Trial #164: GFLOPs: 60.5896. Time: 430.6272 us. Best GFLOPs: 183.6172
2024-05-19 22:00:14 [INFO] [task_scheduler.cc:131] [Task #10: fused_nn_contrib_conv2d_NCHWc_add_nn_relu_1] Trial #165: GFLOPs: 160.3762. Time: 162.6894 us. Best GFLOPs: 183.6172
2024-05-19 22:00:14 [INFO] [task_scheduler.cc:131] [Task #10: fused_nn_contrib_conv2d_NCHWc_add_nn_relu_1] Trial #166: GFLOPs: 111.5903. Time: 233.8152 us. Best GFLOPs: 183.6172
2024-05-19 22:00:14 [INFO] [task_scheduler.cc:131] [Task #10: fused_nn_contrib_conv2d_NCHWc_add_nn_relu_1] Trial #167: GFLOPs: 57.7814. Time: 451.5554 us. Best GFLOPs: 183.6172
2024-05-19 22:00:14 [INFO] [task_scheduler.cc:131] [Task #10: fused_nn_contrib_conv2d_NCHWc_add_nn_relu_1] Trial #168: GFLOPs: 62.3025. Time: 418.7879 us. Best GFLOPs: 183.6172
2024-05-19 22:00:14 [INFO] [task_scheduler.cc:131] [Task #10: fused_nn_contrib_conv2d_NCHWc_add_nn_relu_1] Trial #169: GFLOPs: 157.8033. Time: 165.3421 us. Best GFLOPs: 183.6172
2024-05-19 22:00:14 [INFO] [task_scheduler.cc:131] [Task #10: fused_nn_contrib_conv2d_NCHWc_add_nn_relu_1] Trial #170: GFLOPs: 133.6331. Time: 195.2474 us. Best GFLOPs: 183.6172
2024-05-19 22:00:14 [INFO] [task_scheduler.cc:131] [Task #10: fused_nn_contrib_conv2d_NCHWc_add_nn_relu_1] Trial #171: GFLOPs: 143.6974. Time: 181.5726 us. Best GFLOPs: 183.6172
2024-05-19 22:00:14 [INFO] [task_scheduler.cc:131] [Task #10: fused_nn_contrib_conv2d_NCHWc_add_nn_relu_1] Trial #172: GFLOPs: 67.0658. Time: 389.0436 us. Best GFLOPs: 183.6172
2024-05-19 22:00:14 [INFO] [task_scheduler.cc:131] [Task #10: fused_nn_contrib_conv2d_NCHWc_add_nn_relu_1] Trial #173: GFLOPs: 65.2316. Time: 399.9831 us. Best GFLOPs: 183.6172
2024-05-19 22:00:14 [INFO] [task_scheduler.cc:131] [Task #10: fused_nn_contrib_conv2d_NCHWc_add_nn_relu_1] Trial #174: GFLOPs: 171.2355. Time: 152.3722 us. Best GFLOPs: 183.6172
2024-05-19 22:00:14 [INFO] [task_scheduler.cc:131] [Task #10: fused_nn_contrib_conv2d_NCHWc_add_nn_relu_1] Trial #175: GFLOPs: 183.0175. Time: 142.5630 us. Best GFLOPs: 183.6172
2024-05-19 22:00:14 [INFO] [task_scheduler.cc:131] [Task #10: fused_nn_contrib_conv2d_NCHWc_add_nn_relu_1] Trial #176: GFLOPs: 156.9051. Time: 166.2886 us. Best GFLOPs: 183.6172
2024-05-19 22:00:14 [INFO] [task_scheduler.cc:131] [Task #10: fused_nn_contrib_conv2d_NCHWc_add_nn_relu_1] Trial #177: GFLOPs: 171.9933. Time: 151.7008 us. Best GFLOPs: 183.6172
2024-05-19 22:00:14 [INFO] [task_scheduler.cc:131] [Task #10: fused_nn_contrib_conv2d_NCHWc_add_nn_relu_1] Trial #178: GFLOPs: 131.6992. Time: 198.1145 us. Best GFLOPs: 183.6172
2024-05-19 22:00:14 [INFO] [task_scheduler.cc:131] [Task #10: fused_nn_contrib_conv2d_NCHWc_add_nn_relu_1] Trial #179: GFLOPs: 138.6437. Time: 188.1911 us. Best GFLOPs: 183.6172
2024-05-19 22:00:14 [INFO] [task_scheduler.cc:131] [Task #10: fused_nn_contrib_conv2d_NCHWc_add_nn_relu_1] Trial #180: GFLOPs: 146.6318. Time: 177.9390 us. Best GFLOPs: 183.6172
2024-05-19 22:00:14 [INFO] [task_scheduler.cc:131] [Task #10: fused_nn_contrib_conv2d_NCHWc_add_nn_relu_1] Trial #181: GFLOPs: 107.3893. Time: 242.9620 us. Best GFLOPs: 183.6172
2024-05-19 22:00:14 [INFO] [task_scheduler.cc:131] [Task #10: fused_nn_contrib_conv2d_NCHWc_add_nn_relu_1] Trial #182: GFLOPs: 108.9591. Time: 239.4616 us. Best GFLOPs: 183.6172
2024-05-19 22:00:14 [INFO] [task_scheduler.cc:131] [Task #10: fused_nn_contrib_conv2d_NCHWc_add_nn_relu_1] Trial #183: GFLOPs: 93.2081. Time: 279.9277 us. Best GFLOPs: 183.6172
2024-05-19 22:00:14 [INFO] [task_scheduler.cc:131] [Task #10: fused_nn_contrib_conv2d_NCHWc_add_nn_relu_1] Trial #184: GFLOPs: 66.7206. Time: 391.0567 us. Best GFLOPs: 183.6172
2024-05-19 22:00:14 [INFO] [task_scheduler.cc:131] [Task #10: fused_nn_contrib_conv2d_NCHWc_add_nn_relu_1] Trial #185: GFLOPs: 162.3424. Time: 160.7191 us. Best GFLOPs: 183.6172
2024-05-19 22:00:14 [INFO] [task_scheduler.cc:131] [Task #10: fused_nn_contrib_conv2d_NCHWc_add_nn_relu_1] Trial #186: GFLOPs: 147.3596. Time: 177.0601 us. Best GFLOPs: 183.6172
2024-05-19 22:00:14 [INFO] [task_scheduler.cc:131] [Task #10: fused_nn_contrib_conv2d_NCHWc_add_nn_relu_1] Trial #187: GFLOPs: 155.0893. Time: 168.2354 us. Best GFLOPs: 183.6172
2024-05-19 22:00:14 [INFO] [task_scheduler.cc:131] [Task #10: fused_nn_contrib_conv2d_NCHWc_add_nn_relu_1] Trial #188: GFLOPs: 165.0073. Time: 158.1235 us. Best GFLOPs: 183.6172
2024-05-19 22:00:14 [INFO] [task_scheduler.cc:131] [Task #10: fused_nn_contrib_conv2d_NCHWc_add_nn_relu_1] Trial #189: GFLOPs: 20.5648. Time: 1268.7483 us. Best GFLOPs: 183.6172
2024-05-19 22:00:14 [INFO] [task_scheduler.cc:131] [Task #10: fused_nn_contrib_conv2d_NCHWc_add_nn_relu_1] Trial #190: GFLOPs: 56.2154. Time: 464.1351 us. Best GFLOPs: 183.6172
2024-05-19 22:00:14 [INFO] [task_scheduler.cc:131] [Task #10: fused_nn_contrib_conv2d_NCHWc_add_nn_relu_1] Trial #191: GFLOPs: 20.5798. Time: 1267.8191 us. Best GFLOPs: 183.6172
2024-05-19 22:02:27 [INFO] [evolutionary_search.cc:713] Generating candidates......
2024-05-19 22:02:27 [INFO] [evolutionary_search.cc:715] Picked top 102 candidate(s) from database
2024-05-19 22:02:28 [INFO] [evolutionary_search.cc:533] Sample-Init-Population summary:
Postproc #0 [meta_schedule.DisallowDynamicLoop(0x12058918)]: 0 failure(s)
Postproc #1 [meta_schedule.RewriteParallelVectorizeUnroll(0xfb199e8)]: 0 failure(s)
Postproc #2 [meta_schedule.RewriteReductionBlock(0x10dafe78)]: 0 failure(s)
Postproc #3 [meta_schedule.RewriteLayout(0xef34f58)]: 0 failure(s)
2024-05-19 22:02:28 [INFO] [evolutionary_search.cc:723] Sampled 410 candidate(s)
2024-05-19 22:02:31 [INFO] [evolutionary_search.cc:621] Evolve iter #0 done. Summary:
Postproc #0 [meta_schedule.DisallowDynamicLoop(0x12058918)]: 0 failure(s)
Postproc #1 [meta_schedule.RewriteParallelVectorizeUnroll(0xfb199e8)]: 0 failure(s)
Postproc #2 [meta_schedule.RewriteReductionBlock(0x10dafe78)]: 0 failure(s)
Postproc #3 [meta_schedule.RewriteLayout(0xef34f58)]: 0 failure(s)
2024-05-19 22:02:33 [INFO] [evolutionary_search.cc:621] Evolve iter #1 done. Summary:
Postproc #0 [meta_schedule.DisallowDynamicLoop(0x12058918)]: 0 failure(s)
Postproc #1 [meta_schedule.RewriteParallelVectorizeUnroll(0xfb199e8)]: 0 failure(s)
Postproc #2 [meta_schedule.RewriteReductionBlock(0x10dafe78)]: 0 failure(s)
Postproc #3 [meta_schedule.RewriteLayout(0xef34f58)]: 0 failure(s)
2024-05-19 22:02:36 [INFO] [evolutionary_search.cc:621] Evolve iter #2 done. Summary:
Postproc #0 [meta_schedule.DisallowDynamicLoop(0x12058918)]: 0 failure(s)
Postproc #1 [meta_schedule.RewriteParallelVectorizeUnroll(0xfb199e8)]: 0 failure(s)
Postproc #2 [meta_schedule.RewriteReductionBlock(0x10dafe78)]: 0 failure(s)
Postproc #3 [meta_schedule.RewriteLayout(0xef34f58)]: 0 failure(s)
2024-05-19 22:02:39 [INFO] [evolutionary_search.cc:621] Evolve iter #3 done. Summary:
Postproc #0 [meta_schedule.DisallowDynamicLoop(0x12058918)]: 0 failure(s)
Postproc #1 [meta_schedule.RewriteParallelVectorizeUnroll(0xfb199e8)]: 0 failure(s)
Postproc #2 [meta_schedule.RewriteReductionBlock(0x10dafe78)]: 0 failure(s)
Postproc #3 [meta_schedule.RewriteLayout(0xef34f58)]: 0 failure(s)
2024-05-19 22:02:41 [INFO] [evolutionary_search.cc:649] Scores of the best 64 candidates:
[1 : 16]:	0.8822  0.8794  0.8794  0.8785  0.8598  0.8597  0.8573  0.8505  0.8485  0.8450  0.8320  0.8311  0.8293  0.8281  0.8274  0.8228
[17 : 32]:	0.8225  0.8222  0.8207  0.8205  0.8190  0.8173  0.8168  0.8162  0.8152  0.8152  0.8127  0.8110  0.8110  0.8106  0.8087  0.8060
[33 : 48]:	0.8060  0.8055  0.8049  0.8036  0.8021  0.8014  0.8011  0.8005  0.8001  0.7980  0.7961  0.7946  0.7939  0.7938  0.7938  0.7933
[49 : 64]:	0.7933  0.7933  0.7918  0.7909  0.7892  0.7883  0.7869  0.7868  0.7854  0.7853  0.7845  0.7843  0.7843  0.7843  0.7842  0.7835
2024-05-19 22:02:41 [INFO] [evolutionary_search.cc:727] Got 64 candidate(s) with evolutionary search
2024-05-19 22:02:41 [INFO] [evolutionary_search.cc:730] Sending 64 candidates(s) for measurement
2024-05-19 22:04:19 [INFO] [task_scheduler.cc:131] [Task #10: fused_nn_contrib_conv2d_NCHWc_add_nn_relu_1] Trial #192: GFLOPs: 135.2144. Time: 192.9640 us. Best GFLOPs: 183.6172
2024-05-19 22:04:19 [INFO] [task_scheduler.cc:131] [Task #10: fused_nn_contrib_conv2d_NCHWc_add_nn_relu_1] Trial #193: GFLOPs: 102.4501. Time: 254.6753 us. Best GFLOPs: 183.6172
2024-05-19 22:04:19 [INFO] [task_scheduler.cc:131] [Task #10: fused_nn_contrib_conv2d_NCHWc_add_nn_relu_1] Trial #194: GFLOPs: 105.7610. Time: 246.7026 us. Best GFLOPs: 183.6172
2024-05-19 22:04:19 [INFO] [task_scheduler.cc:131] [Task #10: fused_nn_contrib_conv2d_NCHWc_add_nn_relu_1] Trial #195: GFLOPs: 103.7470. Time: 251.4918 us. Best GFLOPs: 183.6172
2024-05-19 22:04:19 [INFO] [task_scheduler.cc:131] [Task #10: fused_nn_contrib_conv2d_NCHWc_add_nn_relu_1] Trial #196: GFLOPs: 122.5232. Time: 212.9516 us. Best GFLOPs: 183.6172
2024-05-19 22:04:19 [INFO] [task_scheduler.cc:131] [Task #10: fused_nn_contrib_conv2d_NCHWc_add_nn_relu_1] Trial #197: GFLOPs: 96.1758. Time: 271.2900 us. Best GFLOPs: 183.6172
2024-05-19 22:04:19 [INFO] [task_scheduler.cc:131] [Task #10: fused_nn_contrib_conv2d_NCHWc_add_nn_relu_1] Trial #198: GFLOPs: 101.5342. Time: 256.9726 us. Best GFLOPs: 183.6172
2024-05-19 22:04:19 [INFO] [task_scheduler.cc:131] [Task #10: fused_nn_contrib_conv2d_NCHWc_add_nn_relu_1] Trial #199: GFLOPs: 98.6936. Time: 264.3690 us. Best GFLOPs: 183.6172
2024-05-19 22:04:19 [INFO] [task_scheduler.cc:131] [Task #10: fused_nn_contrib_conv2d_NCHWc_add_nn_relu_1] Trial #200: GFLOPs: 172.2390. Time: 151.4844 us. Best GFLOPs: 183.6172
2024-05-19 22:04:19 [INFO] [task_scheduler.cc:131] [Task #10: fused_nn_contrib_conv2d_NCHWc_add_nn_relu_1] Trial #201: GFLOPs: 115.6755. Time: 225.5579 us. Best GFLOPs: 183.6172
2024-05-19 22:04:19 [INFO] [task_scheduler.cc:131] [Task #10: fused_nn_contrib_conv2d_NCHWc_add_nn_relu_1] Trial #202: GFLOPs: 137.7958. Time: 189.3492 us. Best GFLOPs: 183.6172
2024-05-19 22:04:19 [INFO] [task_scheduler.cc:131] [Task #10: fused_nn_contrib_conv2d_NCHWc_add_nn_relu_1] Trial #203: GFLOPs: 113.6382. Time: 229.6016 us. Best GFLOPs: 183.6172
2024-05-19 22:04:19 [INFO] [task_scheduler.cc:131] [Task #10: fused_nn_contrib_conv2d_NCHWc_add_nn_relu_1] Trial #204: GFLOPs: 166.7514. Time: 156.4696 us. Best GFLOPs: 183.6172
2024-05-19 22:04:19 [INFO] [task_scheduler.cc:131] [Task #10: fused_nn_contrib_conv2d_NCHWc_add_nn_relu_1] Trial #205: GFLOPs: 111.7905. Time: 233.3965 us. Best GFLOPs: 183.6172
2024-05-19 22:04:19 [INFO] [task_scheduler.cc:131] [Task #10: fused_nn_contrib_conv2d_NCHWc_add_nn_relu_1] Trial #206: GFLOPs: 113.2719. Time: 230.3442 us. Best GFLOPs: 183.6172
2024-05-19 22:04:19 [INFO] [task_scheduler.cc:131] [Task #10: fused_nn_contrib_conv2d_NCHWc_add_nn_relu_1] Trial #207: GFLOPs: 155.7529. Time: 167.5187 us. Best GFLOPs: 183.6172
2024-05-19 22:04:19 [INFO] [task_scheduler.cc:131] [Task #10: fused_nn_contrib_conv2d_NCHWc_add_nn_relu_1] Trial #208: GFLOPs: 148.9533. Time: 175.1657 us. Best GFLOPs: 183.6172
2024-05-19 22:04:19 [INFO] [task_scheduler.cc:131] [Task #10: fused_nn_contrib_conv2d_NCHWc_add_nn_relu_1] Trial #209: GFLOPs: 139.0879. Time: 187.5901 us. Best GFLOPs: 183.6172
2024-05-19 22:04:19 [INFO] [task_scheduler.cc:131] [Task #10: fused_nn_contrib_conv2d_NCHWc_add_nn_relu_1] Trial #210: GFLOPs: 139.5329. Time: 186.9919 us. Best GFLOPs: 183.6172
2024-05-19 22:04:19 [INFO] [task_scheduler.cc:131] [Task #10: fused_nn_contrib_conv2d_NCHWc_add_nn_relu_1] Trial #211: GFLOPs: 151.8490. Time: 171.8255 us. Best GFLOPs: 183.6172
2024-05-19 22:04:19 [INFO] [task_scheduler.cc:131] [Task #10: fused_nn_contrib_conv2d_NCHWc_add_nn_relu_1] Trial #212: GFLOPs: 166.7222. Time: 156.4969 us. Best GFLOPs: 183.6172
2024-05-19 22:04:19 [INFO] [task_scheduler.cc:131] [Task #10: fused_nn_contrib_conv2d_NCHWc_add_nn_relu_1] Trial #213: GFLOPs: 161.7858. Time: 161.2720 us. Best GFLOPs: 183.6172
2024-05-19 22:04:19 [INFO] [task_scheduler.cc:131] [Task #10: fused_nn_contrib_conv2d_NCHWc_add_nn_relu_1] Trial #214: GFLOPs: 191.1243. Time: 136.5160 us. Best GFLOPs: 191.1243
2024-05-19 22:04:19 [INFO] [task_scheduler.cc:131] [Task #10: fused_nn_contrib_conv2d_NCHWc_add_nn_relu_1] Trial #215: GFLOPs: 136.2747. Time: 191.4627 us. Best GFLOPs: 191.1243
2024-05-19 22:04:19 [INFO] [task_scheduler.cc:131] [Task #10: fused_nn_contrib_conv2d_NCHWc_add_nn_relu_1] Trial #216: GFLOPs: 111.8320. Time: 233.3099 us. Best GFLOPs: 191.1243
2024-05-19 22:04:19 [INFO] [task_scheduler.cc:131] [Task #10: fused_nn_contrib_conv2d_NCHWc_add_nn_relu_1] Trial #217: GFLOPs: 113.4342. Time: 230.0146 us. Best GFLOPs: 191.1243
2024-05-19 22:04:19 [INFO] [task_scheduler.cc:131] [Task #10: fused_nn_contrib_conv2d_NCHWc_add_nn_relu_1] Trial #218: GFLOPs: 177.4500. Time: 147.0359 us. Best GFLOPs: 191.1243
2024-05-19 22:04:19 [INFO] [task_scheduler.cc:131] [Task #10: fused_nn_contrib_conv2d_NCHWc_add_nn_relu_1] Trial #219: GFLOPs: 112.1000. Time: 232.7522 us. Best GFLOPs: 191.1243
2024-05-19 22:04:19 [INFO] [task_scheduler.cc:131] [Task #10: fused_nn_contrib_conv2d_NCHWc_add_nn_relu_1] Trial #220: GFLOPs: 103.7136. Time: 251.5729 us. Best GFLOPs: 191.1243
2024-05-19 22:04:19 [INFO] [task_scheduler.cc:131] [Task #10: fused_nn_contrib_conv2d_NCHWc_add_nn_relu_1] Trial #221: GFLOPs: 108.6639. Time: 240.1122 us. Best GFLOPs: 191.1243
2024-05-19 22:04:19 [INFO] [task_scheduler.cc:131] [Task #10: fused_nn_contrib_conv2d_NCHWc_add_nn_relu_1] Trial #222: GFLOPs: 144.2652. Time: 180.8580 us. Best GFLOPs: 191.1243
2024-05-19 22:04:19 [INFO] [task_scheduler.cc:131] [Task #10: fused_nn_contrib_conv2d_NCHWc_add_nn_relu_1] Trial #223: GFLOPs: 101.6715. Time: 256.6258 us. Best GFLOPs: 191.1243
2024-05-19 22:04:19 [INFO] [task_scheduler.cc:131] [Task #10: fused_nn_contrib_conv2d_NCHWc_add_nn_relu_1] Trial #224: GFLOPs: 156.0493. Time: 167.2005 us. Best GFLOPs: 191.1243
2024-05-19 22:04:19 [INFO] [task_scheduler.cc:131] [Task #10: fused_nn_contrib_conv2d_NCHWc_add_nn_relu_1] Trial #225: GFLOPs: 143.0598. Time: 182.3819 us. Best GFLOPs: 191.1243
2024-05-19 22:04:19 [INFO] [task_scheduler.cc:131] [Task #10: fused_nn_contrib_conv2d_NCHWc_add_nn_relu_1] Trial #226: GFLOPs: 113.8996. Time: 229.0747 us. Best GFLOPs: 191.1243
2024-05-19 22:04:19 [INFO] [task_scheduler.cc:131] [Task #10: fused_nn_contrib_conv2d_NCHWc_add_nn_relu_1] Trial #227: GFLOPs: 140.8532. Time: 185.2390 us. Best GFLOPs: 191.1243
2024-05-19 22:04:19 [INFO] [task_scheduler.cc:131] [Task #10: fused_nn_contrib_conv2d_NCHWc_add_nn_relu_1] Trial #228: GFLOPs: 150.6384. Time: 173.2063 us. Best GFLOPs: 191.1243
2024-05-19 22:04:19 [INFO] [task_scheduler.cc:131] [Task #10: fused_nn_contrib_conv2d_NCHWc_add_nn_relu_1] Trial #229: GFLOPs: 129.0854. Time: 202.1260 us. Best GFLOPs: 191.1243
2024-05-19 22:04:19 [INFO] [task_scheduler.cc:131] [Task #10: fused_nn_contrib_conv2d_NCHWc_add_nn_relu_1] Trial #230: GFLOPs: 135.9915. Time: 191.8614 us. Best GFLOPs: 191.1243
2024-05-19 22:04:19 [INFO] [task_scheduler.cc:131] [Task #10: fused_nn_contrib_conv2d_NCHWc_add_nn_relu_1] Trial #231: GFLOPs: 185.4299. Time: 140.7083 us. Best GFLOPs: 191.1243
2024-05-19 22:04:19 [INFO] [task_scheduler.cc:131] [Task #10: fused_nn_contrib_conv2d_NCHWc_add_nn_relu_1] Trial #232: GFLOPs: 155.4602. Time: 167.8341 us. Best GFLOPs: 191.1243
2024-05-19 22:04:19 [INFO] [task_scheduler.cc:131] [Task #10: fused_nn_contrib_conv2d_NCHWc_add_nn_relu_1] Trial #233: GFLOPs: 132.4537. Time: 196.9860 us. Best GFLOPs: 191.1243
2024-05-19 22:04:19 [INFO] [task_scheduler.cc:131] [Task #10: fused_nn_contrib_conv2d_NCHWc_add_nn_relu_1] Trial #234: GFLOPs: 86.1888. Time: 302.7253 us. Best GFLOPs: 191.1243
2024-05-19 22:04:19 [INFO] [task_scheduler.cc:131] [Task #10: fused_nn_contrib_conv2d_NCHWc_add_nn_relu_1] Trial #235: GFLOPs: 152.2580. Time: 171.3638 us. Best GFLOPs: 191.1243
2024-05-19 22:04:19 [INFO] [task_scheduler.cc:131] [Task #10: fused_nn_contrib_conv2d_NCHWc_add_nn_relu_1] Trial #236: GFLOPs: 131.3186. Time: 198.6887 us. Best GFLOPs: 191.1243
2024-05-19 22:04:19 [INFO] [task_scheduler.cc:131] [Task #10: fused_nn_contrib_conv2d_NCHWc_add_nn_relu_1] Trial #237: GFLOPs: 124.6917. Time: 209.2483 us. Best GFLOPs: 191.1243
2024-05-19 22:04:19 [INFO] [task_scheduler.cc:131] [Task #10: fused_nn_contrib_conv2d_NCHWc_add_nn_relu_1] Trial #238: GFLOPs: 127.7710. Time: 204.2053 us. Best GFLOPs: 191.1243
2024-05-19 22:04:19 [INFO] [task_scheduler.cc:131] [Task #10: fused_nn_contrib_conv2d_NCHWc_add_nn_relu_1] Trial #239: GFLOPs: 89.0512. Time: 292.9946 us. Best GFLOPs: 191.1243
2024-05-19 22:04:19 [INFO] [task_scheduler.cc:131] [Task #10: fused_nn_contrib_conv2d_NCHWc_add_nn_relu_1] Trial #240: GFLOPs: 75.8056. Time: 344.1901 us. Best GFLOPs: 191.1243
2024-05-19 22:04:19 [INFO] [task_scheduler.cc:131] [Task #10: fused_nn_contrib_conv2d_NCHWc_add_nn_relu_1] Trial #241: GFLOPs: 145.1613. Time: 179.7415 us. Best GFLOPs: 191.1243
2024-05-19 22:04:19 [INFO] [task_scheduler.cc:131] [Task #10: fused_nn_contrib_conv2d_NCHWc_add_nn_relu_1] Trial #242: GFLOPs: 149.1988. Time: 174.8776 us. Best GFLOPs: 191.1243
2024-05-19 22:04:19 [INFO] [task_scheduler.cc:131] [Task #10: fused_nn_contrib_conv2d_NCHWc_add_nn_relu_1] Trial #243: GFLOPs: 92.3633. Time: 282.4878 us. Best GFLOPs: 191.1243
2024-05-19 22:04:19 [INFO] [task_scheduler.cc:131] [Task #10: fused_nn_contrib_conv2d_NCHWc_add_nn_relu_1] Trial #244: GFLOPs: 112.1477. Time: 232.6531 us. Best GFLOPs: 191.1243
2024-05-19 22:04:19 [INFO] [task_scheduler.cc:131] [Task #10: fused_nn_contrib_conv2d_NCHWc_add_nn_relu_1] Trial #245: GFLOPs: 62.5038. Time: 417.4391 us. Best GFLOPs: 191.1243
2024-05-19 22:04:19 [INFO] [task_scheduler.cc:131] [Task #10: fused_nn_contrib_conv2d_NCHWc_add_nn_relu_1] Trial #246: GFLOPs: 131.9780. Time: 197.6960 us. Best GFLOPs: 191.1243
2024-05-19 22:04:19 [INFO] [task_scheduler.cc:131] [Task #10: fused_nn_contrib_conv2d_NCHWc_add_nn_relu_1] Trial #247: GFLOPs: 141.0027. Time: 185.0427 us. Best GFLOPs: 191.1243
2024-05-19 22:04:19 [INFO] [task_scheduler.cc:131] [Task #10: fused_nn_contrib_conv2d_NCHWc_add_nn_relu_1] Trial #248: GFLOPs: 146.5086. Time: 178.0887 us. Best GFLOPs: 191.1243
2024-05-19 22:04:19 [INFO] [task_scheduler.cc:131] [Task #10: fused_nn_contrib_conv2d_NCHWc_add_nn_relu_1] Trial #249: GFLOPs: 108.2786. Time: 240.9666 us. Best GFLOPs: 191.1243
2024-05-19 22:04:19 [INFO] [task_scheduler.cc:131] [Task #10: fused_nn_contrib_conv2d_NCHWc_add_nn_relu_1] Trial #250: GFLOPs: 104.6638. Time: 249.2889 us. Best GFLOPs: 191.1243
2024-05-19 22:04:19 [INFO] [task_scheduler.cc:131] [Task #10: fused_nn_contrib_conv2d_NCHWc_add_nn_relu_1] Trial #251: GFLOPs: 112.6146. Time: 231.6887 us. Best GFLOPs: 191.1243
2024-05-19 22:04:19 [INFO] [task_scheduler.cc:131] [Task #10: fused_nn_contrib_conv2d_NCHWc_add_nn_relu_1] Trial #252: GFLOPs: 100.8039. Time: 258.8344 us. Best GFLOPs: 191.1243
2024-05-19 22:04:19 [INFO] [task_scheduler.cc:131] [Task #10: fused_nn_contrib_conv2d_NCHWc_add_nn_relu_1] Trial #253: GFLOPs: 34.6032. Time: 754.0195 us. Best GFLOPs: 191.1243
2024-05-19 22:04:19 [INFO] [task_scheduler.cc:131] [Task #10: fused_nn_contrib_conv2d_NCHWc_add_nn_relu_1] Trial #254: GFLOPs: 17.3988. Time: 1499.6159 us. Best GFLOPs: 191.1243
2024-05-19 22:04:19 [INFO] [task_scheduler.cc:131] [Task #10: fused_nn_contrib_conv2d_NCHWc_add_nn_relu_1] Trial #255: GFLOPs: 20.8722. Time: 1250.0606 us. Best GFLOPs: 191.1243
2024-05-19 22:04:27 [INFO] [evolutionary_search.cc:713] Generating candidates......
2024-05-19 22:04:28 [INFO] [evolutionary_search.cc:715] Picked top 102 candidate(s) from database
2024-05-19 22:04:29 [INFO] [evolutionary_search.cc:533] Sample-Init-Population summary:
Postproc #0 [meta_schedule.DisallowDynamicLoop(0x12058918)]: 0 failure(s)
Postproc #1 [meta_schedule.RewriteParallelVectorizeUnroll(0xfb199e8)]: 0 failure(s)
Postproc #2 [meta_schedule.RewriteReductionBlock(0x10dafe78)]: 0 failure(s)
Postproc #3 [meta_schedule.RewriteLayout(0xef34f58)]: 0 failure(s)
2024-05-19 22:04:29 [INFO] [evolutionary_search.cc:723] Sampled 410 candidate(s)
2024-05-19 22:04:32 [INFO] [evolutionary_search.cc:621] Evolve iter #0 done. Summary:
Postproc #0 [meta_schedule.DisallowDynamicLoop(0x12058918)]: 0 failure(s)
Postproc #1 [meta_schedule.RewriteParallelVectorizeUnroll(0xfb199e8)]: 0 failure(s)
Postproc #2 [meta_schedule.RewriteReductionBlock(0x10dafe78)]: 0 failure(s)
Postproc #3 [meta_schedule.RewriteLayout(0xef34f58)]: 0 failure(s)
2024-05-19 22:04:34 [INFO] [evolutionary_search.cc:621] Evolve iter #1 done. Summary:
Postproc #0 [meta_schedule.DisallowDynamicLoop(0x12058918)]: 0 failure(s)
Postproc #1 [meta_schedule.RewriteParallelVectorizeUnroll(0xfb199e8)]: 0 failure(s)
Postproc #2 [meta_schedule.RewriteReductionBlock(0x10dafe78)]: 0 failure(s)
Postproc #3 [meta_schedule.RewriteLayout(0xef34f58)]: 0 failure(s)
2024-05-19 22:04:37 [INFO] [evolutionary_search.cc:621] Evolve iter #2 done. Summary:
Postproc #0 [meta_schedule.DisallowDynamicLoop(0x12058918)]: 0 failure(s)
Postproc #1 [meta_schedule.RewriteParallelVectorizeUnroll(0xfb199e8)]: 0 failure(s)
Postproc #2 [meta_schedule.RewriteReductionBlock(0x10dafe78)]: 0 failure(s)
Postproc #3 [meta_schedule.RewriteLayout(0xef34f58)]: 0 failure(s)
2024-05-19 22:04:40 [INFO] [evolutionary_search.cc:621] Evolve iter #3 done. Summary:
Postproc #0 [meta_schedule.DisallowDynamicLoop(0x12058918)]: 0 failure(s)
Postproc #1 [meta_schedule.RewriteParallelVectorizeUnroll(0xfb199e8)]: 0 failure(s)
Postproc #2 [meta_schedule.RewriteReductionBlock(0x10dafe78)]: 0 failure(s)
Postproc #3 [meta_schedule.RewriteLayout(0xef34f58)]: 0 failure(s)
2024-05-19 22:04:41 [INFO] [evolutionary_search.cc:649] Scores of the best 1 candidates:
[1 : 1]:	0.9100
2024-05-19 22:04:42 [INFO] [evolutionary_search.cc:727] Got 1 candidate(s) with evolutionary search
2024-05-19 22:04:42 [INFO] [evolutionary_search.cc:730] Sending 1 candidates(s) for measurement
2024-05-19 22:04:44 [INFO] [task_scheduler.cc:131] [Task #10: fused_nn_contrib_conv2d_NCHWc_add_nn_relu_1] Trial #256: GFLOPs: 136.1209. Time: 191.6791 us. Best GFLOPs: 191.1243
