2024-05-19 18:48:38 [INFO] [task_scheduler.cc:160] Initializing Task #45: "fused_nn_contrib_conv2d_NCHWc_add_nn_relu_15"
2024-05-19 18:48:38 [INFO] [task_scheduler.cc:35] 
# from tvm.script import ir as I
# from tvm.script import tir as T

@I.ir_module
class Module:
    @T.prim_func
    def main(p0: T.Buffer((T.int64(1), T.int64(1), T.int64(7), T.int64(7), T.int64(512)), "float32"), p1: T.Buffer((T.int64(16), T.int64(1), T.int64(3), T.int64(3), T.int64(512), T.int64(32)), "float32"), p2: T.Buffer((T.int64(1), T.int64(16), T.int64(1), T.int64(1), T.int64(32)), "float32"), T_relu: T.Buffer((T.int64(1), T.int64(16), T.int64(7), T.int64(7), T.int64(32)), "float32")):
        T.func_attr({"tir.noalias": T.bool(True)})
        # with T.block("root"):
        data_pad = T.alloc_buffer((T.int64(1), T.int64(1), T.int64(9), T.int64(9), T.int64(512)))
        conv2d_NCHWc = T.alloc_buffer((T.int64(1), T.int64(16), T.int64(7), T.int64(7), T.int64(32)))
        T_add = T.alloc_buffer((T.int64(1), T.int64(16), T.int64(7), T.int64(7), T.int64(32)))
        for i0, i1, i2, i3, i4 in T.grid(T.int64(1), T.int64(1), T.int64(9), T.int64(9), T.int64(512)):
            with T.block("data_pad"):
                v_i0, v_i1, v_i2, v_i3, v_i4 = T.axis.remap("SSSSS", [i0, i1, i2, i3, i4])
                T.reads(p0[v_i0, v_i1, v_i2 - T.int64(1), v_i3 - T.int64(1), v_i4])
                T.writes(data_pad[v_i0, v_i1, v_i2, v_i3, v_i4])
                data_pad[v_i0, v_i1, v_i2, v_i3, v_i4] = T.if_then_else(T.int64(1) <= v_i2 and v_i2 < T.int64(8) and T.int64(1) <= v_i3 and v_i3 < T.int64(8), p0[v_i0, v_i1, v_i2 - T.int64(1), v_i3 - T.int64(1), v_i4], T.float32(0))
        for n, oc_chunk, oh, ow, oc_block, ic, kh, kw in T.grid(T.int64(1), T.int64(16), T.int64(7), T.int64(7), T.int64(32), T.int64(512), T.int64(3), T.int64(3)):
            with T.block("conv2d_NCHWc"):
                v_n, v_oc_chunk, v_oh, v_ow, v_oc_block, v_ic, v_kh, v_kw = T.axis.remap("SSSSSRRR", [n, oc_chunk, oh, ow, oc_block, ic, kh, kw])
                T.reads(data_pad[v_n, v_ic // T.int64(512), v_oh + v_kh, v_ow + v_kw, v_ic % T.int64(512)], p1[v_oc_chunk, v_ic // T.int64(512), v_kh, v_kw, v_ic % T.int64(512), v_oc_block])
                T.writes(conv2d_NCHWc[v_n, v_oc_chunk, v_oh, v_ow, v_oc_block])
                with T.init():
                    conv2d_NCHWc[v_n, v_oc_chunk, v_oh, v_ow, v_oc_block] = T.float32(0)
                conv2d_NCHWc[v_n, v_oc_chunk, v_oh, v_ow, v_oc_block] = conv2d_NCHWc[v_n, v_oc_chunk, v_oh, v_ow, v_oc_block] + data_pad[v_n, v_ic // T.int64(512), v_oh + v_kh, v_ow + v_kw, v_ic % T.int64(512)] * p1[v_oc_chunk, v_ic // T.int64(512), v_kh, v_kw, v_ic % T.int64(512), v_oc_block]
        for ax0, ax1, ax2, ax3, ax4 in T.grid(T.int64(1), T.int64(16), T.int64(7), T.int64(7), T.int64(32)):
            with T.block("T_add"):
                v_ax0, v_ax1, v_ax2, v_ax3, v_ax4 = T.axis.remap("SSSSS", [ax0, ax1, ax2, ax3, ax4])
                T.reads(conv2d_NCHWc[v_ax0, v_ax1, v_ax2, v_ax3, v_ax4], p2[v_ax0, v_ax1, T.int64(0), T.int64(0), v_ax4])
                T.writes(T_add[v_ax0, v_ax1, v_ax2, v_ax3, v_ax4])
                T_add[v_ax0, v_ax1, v_ax2, v_ax3, v_ax4] = conv2d_NCHWc[v_ax0, v_ax1, v_ax2, v_ax3, v_ax4] + p2[v_ax0, v_ax1, T.int64(0), T.int64(0), v_ax4]
        for ax0, ax1, ax2, ax3, ax4 in T.grid(T.int64(1), T.int64(16), T.int64(7), T.int64(7), T.int64(32)):
            with T.block("T_relu"):
                v_ax0, v_ax1, v_ax2, v_ax3, v_ax4 = T.axis.remap("SSSSS", [ax0, ax1, ax2, ax3, ax4])
                T.reads(T_add[v_ax0, v_ax1, v_ax2, v_ax3, v_ax4])
                T.writes(T_relu[v_ax0, v_ax1, v_ax2, v_ax3, v_ax4])
                T_relu[v_ax0, v_ax1, v_ax2, v_ax3, v_ax4] = T.max(T_add[v_ax0, v_ax1, v_ax2, v_ax3, v_ax4], T.float32(0))
2024-05-19 18:48:38 [INFO] [task_scheduler.cc:164] Total 3 design space(s) generated
2024-05-19 18:48:38 [INFO] [task_scheduler.cc:170] Design space #0:
# from tvm.script import ir as I
# from tvm.script import tir as T

@I.ir_module
class Module:
    @T.prim_func
    def main(p0: T.Buffer((T.int64(1), T.int64(1), T.int64(7), T.int64(7), T.int64(512)), "float32"), p1: T.Buffer((T.int64(16), T.int64(1), T.int64(3), T.int64(3), T.int64(512), T.int64(32)), "float32"), p2: T.Buffer((T.int64(1), T.int64(16), T.int64(1), T.int64(1), T.int64(32)), "float32"), T_relu: T.Buffer((T.int64(1), T.int64(16), T.int64(7), T.int64(7), T.int64(32)), "float32")):
        T.func_attr({"tir.noalias": T.bool(True)})
        with T.block("root"):
            T.reads()
            T.writes()
            T.block_attr({"meta_schedule.parallel": 96, "meta_schedule.unroll_explicit": 16, "meta_schedule.vectorize": 64})
            data_pad = T.alloc_buffer((T.int64(1), T.int64(1), T.int64(9), T.int64(9), T.int64(512)))
            conv2d_NCHWc = T.alloc_buffer((T.int64(1), T.int64(16), T.int64(7), T.int64(7), T.int64(32)))
            for n_0, oc_chunk_0, oh_0, ow_0, oc_block_0, n_1, oc_chunk_1 in T.grid(T.int64(1), T.int64(1), T.int64(7), T.int64(7), T.int64(1), T.int64(1), T.int64(4)):
                for ax0, ax1, ax2, ax3, ax4 in T.grid(T.int64(1), T.int64(1), T.int64(3), T.int64(3), T.int64(512)):
                    with T.block("data_pad"):
                        v_i0, v_i1 = T.axis.remap("SS", [ax0, ax1])
                        v_i2 = T.axis.spatial(T.int64(9), oh_0 + ax2)
                        v_i3 = T.axis.spatial(T.int64(9), ow_0 + ax3)
                        v_i4 = T.axis.spatial(T.int64(512), ax4)
                        T.reads(p0[v_i0, v_i1, v_i2 - T.int64(1), v_i3 - T.int64(1), v_i4])
                        T.writes(data_pad[v_i0, v_i1, v_i2, v_i3, v_i4])
                        data_pad[v_i0, v_i1, v_i2, v_i3, v_i4] = T.if_then_else(T.int64(1) <= v_i2 and v_i2 < T.int64(8) and T.int64(1) <= v_i3 and v_i3 < T.int64(8), p0[v_i0, v_i1, v_i2 - T.int64(1), v_i3 - T.int64(1), v_i4], T.float32(0))
                for oh_1, ow_1, oc_block_1, ic_0, kh_0, kw_0, n_2, oc_chunk_2, oh_2, ow_2, oc_block_2, ic_1, kh_1, kw_1, n_3, oc_chunk_3, oh_3, ow_3, oc_block_3 in T.grid(T.int64(1), T.int64(1), T.int64(1), T.int64(128), T.int64(3), T.int64(1), T.int64(1), T.int64(4), T.int64(1), T.int64(1), T.int64(2), T.int64(4), T.int64(1), T.int64(3), T.int64(1), T.int64(1), T.int64(1), T.int64(1), T.int64(16)):
                    with T.block("conv2d_NCHWc"):
                        v_n = T.axis.spatial(T.int64(1), n_0 + n_1 + n_2 + n_3)
                        v_oc_chunk = T.axis.spatial(T.int64(16), oc_chunk_0 * T.int64(16) + oc_chunk_1 * T.int64(4) + oc_chunk_2 + oc_chunk_3)
                        v_oh = T.axis.spatial(T.int64(7), oh_0 + oh_1 + oh_2 + oh_3)
                        v_ow = T.axis.spatial(T.int64(7), ow_0 + ow_1 + ow_2 + ow_3)
                        v_oc_block = T.axis.spatial(T.int64(32), oc_block_0 * T.int64(32) + oc_block_1 * T.int64(32) + oc_block_2 * T.int64(16) + oc_block_3)
                        v_ic = T.axis.reduce(T.int64(512), ic_0 * T.int64(4) + ic_1)
                        v_kh = T.axis.reduce(T.int64(3), kh_0 + kh_1)
                        v_kw = T.axis.reduce(T.int64(3), kw_0 * T.int64(3) + kw_1)
                        T.reads(data_pad[v_n, v_ic // T.int64(512), v_oh + v_kh, v_ow + v_kw, v_ic % T.int64(512)], p1[v_oc_chunk, v_ic // T.int64(512), v_kh, v_kw, v_ic % T.int64(512), v_oc_block])
                        T.writes(conv2d_NCHWc[v_n, v_oc_chunk, v_oh, v_ow, v_oc_block])
                        T.block_attr({"meta_schedule.tiling_structure": "SSRSRS"})
                        with T.init():
                            conv2d_NCHWc[v_n, v_oc_chunk, v_oh, v_ow, v_oc_block] = T.float32(0)
                        conv2d_NCHWc[v_n, v_oc_chunk, v_oh, v_ow, v_oc_block] = conv2d_NCHWc[v_n, v_oc_chunk, v_oh, v_ow, v_oc_block] + data_pad[v_n, v_ic // T.int64(512), v_oh + v_kh, v_ow + v_kw, v_ic % T.int64(512)] * p1[v_oc_chunk, v_ic // T.int64(512), v_kh, v_kw, v_ic % T.int64(512), v_oc_block]
            for ax0, ax1, ax2, ax3, ax4 in T.grid(T.int64(1), T.int64(16), T.int64(7), T.int64(7), T.int64(32)):
                with T.block("T_relu"):
                    v_ax0, v_ax1, v_ax2, v_ax3, v_ax4 = T.axis.remap("SSSSS", [ax0, ax1, ax2, ax3, ax4])
                    T.reads(conv2d_NCHWc[v_ax0, v_ax1, v_ax2, v_ax3, v_ax4], p2[v_ax0, v_ax1, T.int64(0), T.int64(0), v_ax4])
                    T.writes(T_relu[v_ax0, v_ax1, v_ax2, v_ax3, v_ax4])
                    T_relu[v_ax0, v_ax1, v_ax2, v_ax3, v_ax4] = T.max(conv2d_NCHWc[v_ax0, v_ax1, v_ax2, v_ax3, v_ax4] + p2[v_ax0, v_ax1, T.int64(0), T.int64(0), v_ax4], T.float32(0))
b0 = sch.get_block(name="data_pad", func_name="main")
b1 = sch.get_block(name="conv2d_NCHWc", func_name="main")
b2 = sch.get_block(name="T_add", func_name="main")
b3 = sch.get_block(name="root", func_name="main")
sch.compute_inline(block=b2)
sch.annotate(block_or_loop=b1, ann_key="meta_schedule.tiling_structure", ann_val="SSRSRS")
l4, l5, l6, l7, l8, l9, l10, l11 = sch.get_loops(block=b1)
v12, v13, v14, v15 = sch.sample_perfect_tile(loop=l4, n=4, max_innermost_factor=64, decision=[1, 1, 1, 1])
l16, l17, l18, l19 = sch.split(loop=l4, factors=[v12, v13, v14, v15], preserve_unit_iters=True, disable_predication=False)
v20, v21, v22, v23 = sch.sample_perfect_tile(loop=l5, n=4, max_innermost_factor=64, decision=[1, 4, 4, 1])
l24, l25, l26, l27 = sch.split(loop=l5, factors=[v20, v21, v22, v23], preserve_unit_iters=True, disable_predication=False)
v28, v29, v30, v31 = sch.sample_perfect_tile(loop=l6, n=4, max_innermost_factor=64, decision=[7, 1, 1, 1])
l32, l33, l34, l35 = sch.split(loop=l6, factors=[v28, v29, v30, v31], preserve_unit_iters=True, disable_predication=False)
v36, v37, v38, v39 = sch.sample_perfect_tile(loop=l7, n=4, max_innermost_factor=64, decision=[7, 1, 1, 1])
l40, l41, l42, l43 = sch.split(loop=l7, factors=[v36, v37, v38, v39], preserve_unit_iters=True, disable_predication=False)
v44, v45, v46, v47 = sch.sample_perfect_tile(loop=l8, n=4, max_innermost_factor=64, decision=[1, 1, 2, 16])
l48, l49, l50, l51 = sch.split(loop=l8, factors=[v44, v45, v46, v47], preserve_unit_iters=True, disable_predication=False)
v52, v53 = sch.sample_perfect_tile(loop=l9, n=2, max_innermost_factor=64, decision=[128, 4])
l54, l55 = sch.split(loop=l9, factors=[v52, v53], preserve_unit_iters=True, disable_predication=False)
v56, v57 = sch.sample_perfect_tile(loop=l10, n=2, max_innermost_factor=64, decision=[3, 1])
l58, l59 = sch.split(loop=l10, factors=[v56, v57], preserve_unit_iters=True, disable_predication=False)
v60, v61 = sch.sample_perfect_tile(loop=l11, n=2, max_innermost_factor=64, decision=[1, 3])
l62, l63 = sch.split(loop=l11, factors=[v60, v61], preserve_unit_iters=True, disable_predication=False)
sch.reorder(l16, l24, l32, l40, l48, l17, l25, l33, l41, l49, l54, l58, l62, l18, l26, l34, l42, l50, l55, l59, l63, l19, l27, l35, l43, l51)
sch.annotate(block_or_loop=b3, ann_key="meta_schedule.parallel", ann_val=96)
sch.annotate(block_or_loop=b3, ann_key="meta_schedule.vectorize", ann_val=64)
v64 = sch.sample_categorical(candidates=[0, 16, 64, 512], probs=[0.25, 0.25, 0.25, 0.25], decision=1)
sch.annotate(block_or_loop=b3, ann_key="meta_schedule.unroll_explicit", ann_val=v64)
l65 = sch.sample_compute_location(block=b0, decision=6)
sch.compute_at(block=b0, loop=l65, preserve_unit_loops=True, index=-1)
2024-05-19 18:48:38 [INFO] [task_scheduler.cc:170] Design space #1:
# from tvm.script import ir as I
# from tvm.script import tir as T

@I.ir_module
class Module:
    @T.prim_func
    def main(p0: T.Buffer((T.int64(1), T.int64(1), T.int64(7), T.int64(7), T.int64(512)), "float32"), p1: T.Buffer((T.int64(16), T.int64(1), T.int64(3), T.int64(3), T.int64(512), T.int64(32)), "float32"), p2: T.Buffer((T.int64(1), T.int64(16), T.int64(1), T.int64(1), T.int64(32)), "float32"), T_relu: T.Buffer((T.int64(1), T.int64(16), T.int64(7), T.int64(7), T.int64(32)), "float32")):
        T.func_attr({"tir.noalias": T.bool(True)})
        with T.block("root"):
            T.reads()
            T.writes()
            T.block_attr({"meta_schedule.parallel": 96, "meta_schedule.unroll_explicit": 16, "meta_schedule.vectorize": 64})
            data_pad = T.alloc_buffer((T.int64(1), T.int64(1), T.int64(9), T.int64(9), T.int64(512)))
            conv2d_NCHWc = T.alloc_buffer((T.int64(1), T.int64(16), T.int64(7), T.int64(7), T.int64(32)))
            for n_0, oc_chunk_0, oh_0 in T.grid(T.int64(1), T.int64(1), T.int64(7)):
                for ax0, ax1, ax2, ax3, ax4 in T.grid(T.int64(1), T.int64(1), T.int64(3), T.int64(9), T.int64(512)):
                    with T.block("data_pad"):
                        v_i0, v_i1 = T.axis.remap("SS", [ax0, ax1])
                        v_i2 = T.axis.spatial(T.int64(9), oh_0 + ax2)
                        v_i3, v_i4 = T.axis.remap("SS", [ax3, ax4])
                        T.reads(p0[v_i0, v_i1, v_i2 - T.int64(1), v_i3 - T.int64(1), v_i4])
                        T.writes(data_pad[v_i0, v_i1, v_i2, v_i3, v_i4])
                        data_pad[v_i0, v_i1, v_i2, v_i3, v_i4] = T.if_then_else(T.int64(1) <= v_i2 and v_i2 < T.int64(8) and T.int64(1) <= v_i3 and v_i3 < T.int64(8), p0[v_i0, v_i1, v_i2 - T.int64(1), v_i3 - T.int64(1), v_i4], T.float32(0))
                for ow_0, oc_block_0, n_1, oc_chunk_1, oh_1, ow_1, oc_block_1 in T.grid(T.int64(7), T.int64(1), T.int64(1), T.int64(4), T.int64(1), T.int64(1), T.int64(1)):
                    for ic_0, kh_0, kw_0, n_2, oc_chunk_2, oh_2, ow_2, oc_block_2, ic_1, kh_1, kw_1, n_3, oc_chunk_3, oh_3, ow_3, oc_block_3 in T.grid(T.int64(128), T.int64(3), T.int64(1), T.int64(1), T.int64(4), T.int64(1), T.int64(1), T.int64(2), T.int64(4), T.int64(1), T.int64(3), T.int64(1), T.int64(1), T.int64(1), T.int64(1), T.int64(16)):
                        with T.block("conv2d_NCHWc"):
                            v_n = T.axis.spatial(T.int64(1), n_0 + n_1 + n_2 + n_3)
                            v_oc_chunk = T.axis.spatial(T.int64(16), oc_chunk_0 * T.int64(16) + oc_chunk_1 * T.int64(4) + oc_chunk_2 + oc_chunk_3)
                            v_oh = T.axis.spatial(T.int64(7), oh_0 + oh_1 + oh_2 + oh_3)
                            v_ow = T.axis.spatial(T.int64(7), ow_0 + ow_1 + ow_2 + ow_3)
                            v_oc_block = T.axis.spatial(T.int64(32), oc_block_0 * T.int64(32) + oc_block_1 * T.int64(32) + oc_block_2 * T.int64(16) + oc_block_3)
                            v_ic = T.axis.reduce(T.int64(512), ic_0 * T.int64(4) + ic_1)
                            v_kh = T.axis.reduce(T.int64(3), kh_0 + kh_1)
                            v_kw = T.axis.reduce(T.int64(3), kw_0 * T.int64(3) + kw_1)
                            T.reads(data_pad[v_n, v_ic // T.int64(512), v_oh + v_kh, v_ow + v_kw, v_ic % T.int64(512)], p1[v_oc_chunk, v_ic // T.int64(512), v_kh, v_kw, v_ic % T.int64(512), v_oc_block])
                            T.writes(conv2d_NCHWc[v_n, v_oc_chunk, v_oh, v_ow, v_oc_block])
                            T.block_attr({"meta_schedule.tiling_structure": "SSRSRS"})
                            with T.init():
                                conv2d_NCHWc[v_n, v_oc_chunk, v_oh, v_ow, v_oc_block] = T.float32(0)
                            conv2d_NCHWc[v_n, v_oc_chunk, v_oh, v_ow, v_oc_block] = conv2d_NCHWc[v_n, v_oc_chunk, v_oh, v_ow, v_oc_block] + data_pad[v_n, v_ic // T.int64(512), v_oh + v_kh, v_ow + v_kw, v_ic % T.int64(512)] * p1[v_oc_chunk, v_ic // T.int64(512), v_kh, v_kw, v_ic % T.int64(512), v_oc_block]
                    for ax0, ax1, ax2, ax3, ax4 in T.grid(T.int64(1), T.int64(4), T.int64(1), T.int64(1), T.int64(32)):
                        with T.block("T_relu"):
                            v_ax0 = T.axis.spatial(T.int64(1), ax0)
                            v_ax1 = T.axis.spatial(T.int64(16), oc_chunk_1 * T.int64(4) + ax1)
                            v_ax2 = T.axis.spatial(T.int64(7), oh_0 + ax2)
                            v_ax3 = T.axis.spatial(T.int64(7), ow_0 + ax3)
                            v_ax4 = T.axis.spatial(T.int64(32), ax4)
                            T.reads(conv2d_NCHWc[v_ax0, v_ax1, v_ax2, v_ax3, v_ax4], p2[v_ax0, v_ax1, T.int64(0), T.int64(0), v_ax4])
                            T.writes(T_relu[v_ax0, v_ax1, v_ax2, v_ax3, v_ax4])
                            T_relu[v_ax0, v_ax1, v_ax2, v_ax3, v_ax4] = T.max(conv2d_NCHWc[v_ax0, v_ax1, v_ax2, v_ax3, v_ax4] + p2[v_ax0, v_ax1, T.int64(0), T.int64(0), v_ax4], T.float32(0))
b0 = sch.get_block(name="data_pad", func_name="main")
b1 = sch.get_block(name="conv2d_NCHWc", func_name="main")
b2 = sch.get_block(name="T_add", func_name="main")
b3 = sch.get_block(name="root", func_name="main")
sch.compute_inline(block=b2)
sch.annotate(block_or_loop=b1, ann_key="meta_schedule.tiling_structure", ann_val="SSRSRS")
l4, l5, l6, l7, l8, l9, l10, l11 = sch.get_loops(block=b1)
v12, v13, v14, v15 = sch.sample_perfect_tile(loop=l4, n=4, max_innermost_factor=64, decision=[1, 1, 1, 1])
l16, l17, l18, l19 = sch.split(loop=l4, factors=[v12, v13, v14, v15], preserve_unit_iters=True, disable_predication=False)
v20, v21, v22, v23 = sch.sample_perfect_tile(loop=l5, n=4, max_innermost_factor=64, decision=[1, 4, 4, 1])
l24, l25, l26, l27 = sch.split(loop=l5, factors=[v20, v21, v22, v23], preserve_unit_iters=True, disable_predication=False)
v28, v29, v30, v31 = sch.sample_perfect_tile(loop=l6, n=4, max_innermost_factor=64, decision=[7, 1, 1, 1])
l32, l33, l34, l35 = sch.split(loop=l6, factors=[v28, v29, v30, v31], preserve_unit_iters=True, disable_predication=False)
v36, v37, v38, v39 = sch.sample_perfect_tile(loop=l7, n=4, max_innermost_factor=64, decision=[7, 1, 1, 1])
l40, l41, l42, l43 = sch.split(loop=l7, factors=[v36, v37, v38, v39], preserve_unit_iters=True, disable_predication=False)
v44, v45, v46, v47 = sch.sample_perfect_tile(loop=l8, n=4, max_innermost_factor=64, decision=[1, 1, 2, 16])
l48, l49, l50, l51 = sch.split(loop=l8, factors=[v44, v45, v46, v47], preserve_unit_iters=True, disable_predication=False)
v52, v53 = sch.sample_perfect_tile(loop=l9, n=2, max_innermost_factor=64, decision=[128, 4])
l54, l55 = sch.split(loop=l9, factors=[v52, v53], preserve_unit_iters=True, disable_predication=False)
v56, v57 = sch.sample_perfect_tile(loop=l10, n=2, max_innermost_factor=64, decision=[3, 1])
l58, l59 = sch.split(loop=l10, factors=[v56, v57], preserve_unit_iters=True, disable_predication=False)
v60, v61 = sch.sample_perfect_tile(loop=l11, n=2, max_innermost_factor=64, decision=[1, 3])
l62, l63 = sch.split(loop=l11, factors=[v60, v61], preserve_unit_iters=True, disable_predication=False)
sch.reorder(l16, l24, l32, l40, l48, l17, l25, l33, l41, l49, l54, l58, l62, l18, l26, l34, l42, l50, l55, l59, l63, l19, l27, l35, l43, l51)
b64, = sch.get_consumers(block=b1)
sch.reverse_compute_at(block=b64, loop=l49, preserve_unit_loops=True, index=-1)
sch.annotate(block_or_loop=b3, ann_key="meta_schedule.parallel", ann_val=96)
sch.annotate(block_or_loop=b3, ann_key="meta_schedule.vectorize", ann_val=64)
v65 = sch.sample_categorical(candidates=[0, 16, 64, 512], probs=[0.25, 0.25, 0.25, 0.25], decision=1)
sch.annotate(block_or_loop=b3, ann_key="meta_schedule.unroll_explicit", ann_val=v65)
l66 = sch.sample_compute_location(block=b0, decision=2)
sch.compute_at(block=b0, loop=l66, preserve_unit_loops=True, index=-1)
2024-05-19 18:48:38 [INFO] [task_scheduler.cc:170] Design space #2:
# from tvm.script import ir as I
# from tvm.script import tir as T

@I.ir_module
class Module:
    @T.prim_func
    def main(p0: T.Buffer((T.int64(1), T.int64(1), T.int64(7), T.int64(7), T.int64(512)), "float32"), p1: T.Buffer((T.int64(16), T.int64(1), T.int64(3), T.int64(3), T.int64(512), T.int64(32)), "float32"), p2: T.Buffer((T.int64(1), T.int64(16), T.int64(1), T.int64(1), T.int64(32)), "float32"), T_relu: T.Buffer((T.int64(1), T.int64(16), T.int64(7), T.int64(7), T.int64(32)), "float32")):
        T.func_attr({"tir.noalias": T.bool(True)})
        with T.block("root"):
            T.reads()
            T.writes()
            T.block_attr({"meta_schedule.parallel": 96, "meta_schedule.unroll_explicit": 16, "meta_schedule.vectorize": 64})
            data_pad = T.alloc_buffer((T.int64(1), T.int64(1), T.int64(9), T.int64(9), T.int64(512)))
            conv2d_NCHWc = T.alloc_buffer((T.int64(1), T.int64(16), T.int64(7), T.int64(7), T.int64(32)))
            for n_0, oc_chunk_0, oh_0 in T.grid(T.int64(1), T.int64(1), T.int64(7)):
                for ax0, ax1, ax2, ax3, ax4 in T.grid(T.int64(1), T.int64(1), T.int64(3), T.int64(9), T.int64(512)):
                    with T.block("data_pad"):
                        v_i0, v_i1 = T.axis.remap("SS", [ax0, ax1])
                        v_i2 = T.axis.spatial(T.int64(9), oh_0 + ax2)
                        v_i3, v_i4 = T.axis.remap("SS", [ax3, ax4])
                        T.reads(p0[v_i0, v_i1, v_i2 - T.int64(1), v_i3 - T.int64(1), v_i4])
                        T.writes(data_pad[v_i0, v_i1, v_i2, v_i3, v_i4])
                        data_pad[v_i0, v_i1, v_i2, v_i3, v_i4] = T.if_then_else(T.int64(1) <= v_i2 and v_i2 < T.int64(8) and T.int64(1) <= v_i3 and v_i3 < T.int64(8), p0[v_i0, v_i1, v_i2 - T.int64(1), v_i3 - T.int64(1), v_i4], T.float32(0))
                for ow_0, oc_block_0 in T.grid(T.int64(7), T.int64(1)):
                    for n_1, oc_chunk_1, oh_1, ow_1, oc_block_1, ic_0, kh_0, kw_0, n_2, oc_chunk_2, oh_2, ow_2, oc_block_2, ic_1, kh_1, kw_1, n_3, oc_chunk_3, oh_3, ow_3, oc_block_3 in T.grid(T.int64(1), T.int64(4), T.int64(1), T.int64(1), T.int64(1), T.int64(128), T.int64(3), T.int64(1), T.int64(1), T.int64(4), T.int64(1), T.int64(1), T.int64(2), T.int64(4), T.int64(1), T.int64(3), T.int64(1), T.int64(1), T.int64(1), T.int64(1), T.int64(16)):
                        with T.block("conv2d_NCHWc"):
                            v_n = T.axis.spatial(T.int64(1), n_0 + n_1 + n_2 + n_3)
                            v_oc_chunk = T.axis.spatial(T.int64(16), oc_chunk_0 * T.int64(16) + oc_chunk_1 * T.int64(4) + oc_chunk_2 + oc_chunk_3)
                            v_oh = T.axis.spatial(T.int64(7), oh_0 + oh_1 + oh_2 + oh_3)
                            v_ow = T.axis.spatial(T.int64(7), ow_0 + ow_1 + ow_2 + ow_3)
                            v_oc_block = T.axis.spatial(T.int64(32), oc_block_0 * T.int64(32) + oc_block_1 * T.int64(32) + oc_block_2 * T.int64(16) + oc_block_3)
                            v_ic = T.axis.reduce(T.int64(512), ic_0 * T.int64(4) + ic_1)
                            v_kh = T.axis.reduce(T.int64(3), kh_0 + kh_1)
                            v_kw = T.axis.reduce(T.int64(3), kw_0 * T.int64(3) + kw_1)
                            T.reads(data_pad[v_n, v_ic // T.int64(512), v_oh + v_kh, v_ow + v_kw, v_ic % T.int64(512)], p1[v_oc_chunk, v_ic // T.int64(512), v_kh, v_kw, v_ic % T.int64(512), v_oc_block])
                            T.writes(conv2d_NCHWc[v_n, v_oc_chunk, v_oh, v_ow, v_oc_block])
                            T.block_attr({"meta_schedule.tiling_structure": "SSRSRS"})
                            with T.init():
                                conv2d_NCHWc[v_n, v_oc_chunk, v_oh, v_ow, v_oc_block] = T.float32(0)
                            conv2d_NCHWc[v_n, v_oc_chunk, v_oh, v_ow, v_oc_block] = conv2d_NCHWc[v_n, v_oc_chunk, v_oh, v_ow, v_oc_block] + data_pad[v_n, v_ic // T.int64(512), v_oh + v_kh, v_ow + v_kw, v_ic % T.int64(512)] * p1[v_oc_chunk, v_ic // T.int64(512), v_kh, v_kw, v_ic % T.int64(512), v_oc_block]
                    for ax0, ax1, ax2, ax3, ax4 in T.grid(T.int64(1), T.int64(16), T.int64(1), T.int64(1), T.int64(32)):
                        with T.block("T_relu"):
                            v_ax0, v_ax1 = T.axis.remap("SS", [ax0, ax1])
                            v_ax2 = T.axis.spatial(T.int64(7), oh_0 + ax2)
                            v_ax3 = T.axis.spatial(T.int64(7), ow_0 + ax3)
                            v_ax4 = T.axis.spatial(T.int64(32), ax4)
                            T.reads(conv2d_NCHWc[v_ax0, v_ax1, v_ax2, v_ax3, v_ax4], p2[v_ax0, v_ax1, T.int64(0), T.int64(0), v_ax4])
                            T.writes(T_relu[v_ax0, v_ax1, v_ax2, v_ax3, v_ax4])
                            T_relu[v_ax0, v_ax1, v_ax2, v_ax3, v_ax4] = T.max(conv2d_NCHWc[v_ax0, v_ax1, v_ax2, v_ax3, v_ax4] + p2[v_ax0, v_ax1, T.int64(0), T.int64(0), v_ax4], T.float32(0))
b0 = sch.get_block(name="data_pad", func_name="main")
b1 = sch.get_block(name="conv2d_NCHWc", func_name="main")
b2 = sch.get_block(name="T_add", func_name="main")
b3 = sch.get_block(name="root", func_name="main")
sch.compute_inline(block=b2)
sch.annotate(block_or_loop=b1, ann_key="meta_schedule.tiling_structure", ann_val="SSRSRS")
l4, l5, l6, l7, l8, l9, l10, l11 = sch.get_loops(block=b1)
v12, v13, v14, v15 = sch.sample_perfect_tile(loop=l4, n=4, max_innermost_factor=64, decision=[1, 1, 1, 1])
l16, l17, l18, l19 = sch.split(loop=l4, factors=[v12, v13, v14, v15], preserve_unit_iters=True, disable_predication=False)
v20, v21, v22, v23 = sch.sample_perfect_tile(loop=l5, n=4, max_innermost_factor=64, decision=[1, 4, 4, 1])
l24, l25, l26, l27 = sch.split(loop=l5, factors=[v20, v21, v22, v23], preserve_unit_iters=True, disable_predication=False)
v28, v29, v30, v31 = sch.sample_perfect_tile(loop=l6, n=4, max_innermost_factor=64, decision=[7, 1, 1, 1])
l32, l33, l34, l35 = sch.split(loop=l6, factors=[v28, v29, v30, v31], preserve_unit_iters=True, disable_predication=False)
v36, v37, v38, v39 = sch.sample_perfect_tile(loop=l7, n=4, max_innermost_factor=64, decision=[7, 1, 1, 1])
l40, l41, l42, l43 = sch.split(loop=l7, factors=[v36, v37, v38, v39], preserve_unit_iters=True, disable_predication=False)
v44, v45, v46, v47 = sch.sample_perfect_tile(loop=l8, n=4, max_innermost_factor=64, decision=[1, 1, 2, 16])
l48, l49, l50, l51 = sch.split(loop=l8, factors=[v44, v45, v46, v47], preserve_unit_iters=True, disable_predication=False)
v52, v53 = sch.sample_perfect_tile(loop=l9, n=2, max_innermost_factor=64, decision=[128, 4])
l54, l55 = sch.split(loop=l9, factors=[v52, v53], preserve_unit_iters=True, disable_predication=False)
v56, v57 = sch.sample_perfect_tile(loop=l10, n=2, max_innermost_factor=64, decision=[3, 1])
l58, l59 = sch.split(loop=l10, factors=[v56, v57], preserve_unit_iters=True, disable_predication=False)
v60, v61 = sch.sample_perfect_tile(loop=l11, n=2, max_innermost_factor=64, decision=[1, 3])
l62, l63 = sch.split(loop=l11, factors=[v60, v61], preserve_unit_iters=True, disable_predication=False)
sch.reorder(l16, l24, l32, l40, l48, l17, l25, l33, l41, l49, l54, l58, l62, l18, l26, l34, l42, l50, l55, l59, l63, l19, l27, l35, l43, l51)
b64, = sch.get_consumers(block=b1)
sch.reverse_compute_at(block=b64, loop=l48, preserve_unit_loops=True, index=-1)
sch.annotate(block_or_loop=b3, ann_key="meta_schedule.parallel", ann_val=96)
sch.annotate(block_or_loop=b3, ann_key="meta_schedule.vectorize", ann_val=64)
v65 = sch.sample_categorical(candidates=[0, 16, 64, 512], probs=[0.25, 0.25, 0.25, 0.25], decision=1)
sch.annotate(block_or_loop=b3, ann_key="meta_schedule.unroll_explicit", ann_val=v65)
l66 = sch.sample_compute_location(block=b0, decision=2)
sch.compute_at(block=b0, loop=l66, preserve_unit_loops=True, index=-1)
2024-05-19 19:33:52 [INFO] [evolutionary_search.cc:713] Generating candidates......
2024-05-19 19:33:52 [INFO] [evolutionary_search.cc:715] Picked top 0 candidate(s) from database
2024-05-19 19:33:54 [INFO] [evolutionary_search.cc:533] Sample-Init-Population summary:
Postproc #0 [meta_schedule.DisallowDynamicLoop(0xe9bfc28)]: 0 failure(s)
Postproc #1 [meta_schedule.RewriteParallelVectorizeUnroll(0xcedc968)]: 0 failure(s)
Postproc #2 [meta_schedule.RewriteReductionBlock(0xb8b9728)]: 0 failure(s)
Postproc #3 [meta_schedule.RewriteLayout(0xea2fb28)]: 0 failure(s)
2024-05-19 19:33:54 [INFO] [evolutionary_search.cc:723] Sampled 512 candidate(s)
2024-05-19 19:33:57 [INFO] [evolutionary_search.cc:621] Evolve iter #0 done. Summary:
Postproc #0 [meta_schedule.DisallowDynamicLoop(0xe9bfc28)]: 0 failure(s)
Postproc #1 [meta_schedule.RewriteParallelVectorizeUnroll(0xcedc968)]: 0 failure(s)
Postproc #2 [meta_schedule.RewriteReductionBlock(0xb8b9728)]: 0 failure(s)
Postproc #3 [meta_schedule.RewriteLayout(0xea2fb28)]: 0 failure(s)
2024-05-19 19:33:59 [INFO] [evolutionary_search.cc:621] Evolve iter #1 done. Summary:
Postproc #0 [meta_schedule.DisallowDynamicLoop(0xe9bfc28)]: 0 failure(s)
Postproc #1 [meta_schedule.RewriteParallelVectorizeUnroll(0xcedc968)]: 0 failure(s)
Postproc #2 [meta_schedule.RewriteReductionBlock(0xb8b9728)]: 0 failure(s)
Postproc #3 [meta_schedule.RewriteLayout(0xea2fb28)]: 0 failure(s)
2024-05-19 19:34:02 [INFO] [evolutionary_search.cc:621] Evolve iter #2 done. Summary:
Postproc #0 [meta_schedule.DisallowDynamicLoop(0xe9bfc28)]: 0 failure(s)
Postproc #1 [meta_schedule.RewriteParallelVectorizeUnroll(0xcedc968)]: 0 failure(s)
Postproc #2 [meta_schedule.RewriteReductionBlock(0xb8b9728)]: 0 failure(s)
Postproc #3 [meta_schedule.RewriteLayout(0xea2fb28)]: 0 failure(s)
2024-05-19 19:34:04 [INFO] [evolutionary_search.cc:621] Evolve iter #3 done. Summary:
Postproc #0 [meta_schedule.DisallowDynamicLoop(0xe9bfc28)]: 0 failure(s)
Postproc #1 [meta_schedule.RewriteParallelVectorizeUnroll(0xcedc968)]: 0 failure(s)
Postproc #2 [meta_schedule.RewriteReductionBlock(0xb8b9728)]: 0 failure(s)
Postproc #3 [meta_schedule.RewriteLayout(0xea2fb28)]: 0 failure(s)
2024-05-19 19:34:04 [INFO] [evolutionary_search.cc:649] Scores of the best 64 candidates:
[1 : 16]:	1.0000  0.9995  0.9995  0.9993  0.9990  0.9987  0.9979  0.9974  0.9967  0.9963  0.9963  0.9962  0.9948  0.9947  0.9946  0.9937
[17 : 32]:	0.9933  0.9916  0.9915  0.9908  0.9903  0.9903  0.9894  0.9888  0.9886  0.9885  0.9880  0.9879  0.9873  0.9870  0.9867  0.9865
[33 : 48]:	0.9857  0.9854  0.9849  0.9846  0.9840  0.9840  0.9833  0.9831  0.9808  0.9804  0.9802  0.9796  0.9787  0.9786  0.9782  0.9770
[49 : 64]:	0.9768  0.9768  0.9760  0.9759  0.9746  0.9737  0.9734  0.9734  0.9731  0.9729  0.9725  0.9724  0.9723  0.9720  0.9716  0.9715
2024-05-19 19:34:04 [INFO] [evolutionary_search.cc:727] Got 64 candidate(s) with evolutionary search
2024-05-19 19:34:04 [INFO] [evolutionary_search.cc:730] Sending 64 candidates(s) for measurement
2024-05-19 19:42:24 [INFO] [task_scheduler.cc:131] [Task #45: fused_nn_contrib_conv2d_NCHWc_add_nn_relu_15] Trial #1: GFLOPs: 19.1736. Time: 12061.4485 us. Best GFLOPs: 19.1736
2024-05-19 19:42:24 [INFO] [task_scheduler.cc:131] [Task #45: fused_nn_contrib_conv2d_NCHWc_add_nn_relu_15] Trial #2: GFLOPs: 3.1828. Time: 72659.9290 us. Best GFLOPs: 19.1736
2024-05-19 19:42:24 [INFO] [task_scheduler.cc:131] [Task #45: fused_nn_contrib_conv2d_NCHWc_add_nn_relu_15] Trial #3: GFLOPs: 2.0049. Time: 115349.1765 us. Best GFLOPs: 19.1736
2024-05-19 19:42:24 [INFO] [task_scheduler.cc:131] [Task #45: fused_nn_contrib_conv2d_NCHWc_add_nn_relu_15] Trial #4: GFLOPs: 12.7542. Time: 18132.0949 us. Best GFLOPs: 19.1736
2024-05-19 19:42:24 [INFO] [task_scheduler.cc:131] [Task #45: fused_nn_contrib_conv2d_NCHWc_add_nn_relu_15] Trial #5: GFLOPs: 0.1802. Time: 1283134.7170 us. Best GFLOPs: 19.1736
2024-05-19 19:42:24 [INFO] [task_scheduler.cc:131] [Task #45: fused_nn_contrib_conv2d_NCHWc_add_nn_relu_15] Trial #6: GFLOPs: 10.2825. Time: 22490.8617 us. Best GFLOPs: 19.1736
2024-05-19 19:42:24 [INFO] [task_scheduler.cc:131] [Task #45: fused_nn_contrib_conv2d_NCHWc_add_nn_relu_15] Trial #7: GFLOPs: 14.8157. Time: 15609.2048 us. Best GFLOPs: 19.1736
2024-05-19 19:42:24 [INFO] [task_scheduler.cc:131] [Task #45: fused_nn_contrib_conv2d_NCHWc_add_nn_relu_15] Trial #8: GFLOPs: 23.9781. Time: 9644.6640 us. Best GFLOPs: 23.9781
2024-05-19 19:42:24 [INFO] [task_scheduler.cc:131] [Task #45: fused_nn_contrib_conv2d_NCHWc_add_nn_relu_15] Trial #9: GFLOPs: 7.0543. Time: 32783.0243 us. Best GFLOPs: 23.9781
2024-05-19 19:42:24 [INFO] [task_scheduler.cc:131] [Task #45: fused_nn_contrib_conv2d_NCHWc_add_nn_relu_15] Trial #10: GFLOPs: 30.9027. Time: 7483.5307 us. Best GFLOPs: 30.9027
2024-05-19 19:42:24 [INFO] [task_scheduler.cc:131] [Task #45: fused_nn_contrib_conv2d_NCHWc_add_nn_relu_15] Trial #11: GFLOPs: 28.2900. Time: 8174.6705 us. Best GFLOPs: 30.9027
2024-05-19 19:42:24 [INFO] [task_scheduler.cc:131] [Task #45: fused_nn_contrib_conv2d_NCHWc_add_nn_relu_15] Trial #12: GFLOPs: 8.2047. Time: 28186.4775 us. Best GFLOPs: 30.9027
2024-05-19 19:42:24 [INFO] [task_scheduler.cc:131] [Task #45: fused_nn_contrib_conv2d_NCHWc_add_nn_relu_15] Trial #13: GFLOPs: 1.5734. Time: 146980.0300 us. Best GFLOPs: 30.9027
2024-05-19 19:42:24 [INFO] [task_scheduler.cc:131] [Task #45: fused_nn_contrib_conv2d_NCHWc_add_nn_relu_15] Trial #14: GFLOPs: 5.3309. Time: 43381.4842 us. Best GFLOPs: 30.9027
2024-05-19 19:42:24 [INFO] [task_scheduler.cc:131] [Task #45: fused_nn_contrib_conv2d_NCHWc_add_nn_relu_15] Trial #15: GFLOPs: 14.3376. Time: 16129.6796 us. Best GFLOPs: 30.9027
2024-05-19 19:42:24 [INFO] [task_scheduler.cc:131] [Task #45: fused_nn_contrib_conv2d_NCHWc_add_nn_relu_15] Trial #16: GFLOPs: 17.2589. Time: 13399.5501 us. Best GFLOPs: 30.9027
2024-05-19 19:42:24 [INFO] [task_scheduler.cc:131] [Task #45: fused_nn_contrib_conv2d_NCHWc_add_nn_relu_15] Trial #17: GFLOPs: 21.2592. Time: 10878.1533 us. Best GFLOPs: 30.9027
2024-05-19 19:42:24 [INFO] [task_scheduler.cc:131] [Task #45: fused_nn_contrib_conv2d_NCHWc_add_nn_relu_15] Trial #18: GFLOPs: 18.9545. Time: 12200.8727 us. Best GFLOPs: 30.9027
2024-05-19 19:42:24 [INFO] [task_scheduler.cc:131] [Task #45: fused_nn_contrib_conv2d_NCHWc_add_nn_relu_15] Trial #19: GFLOPs: 0.5178. Time: 446589.0110 us. Best GFLOPs: 30.9027
2024-05-19 19:42:24 [INFO] [task_scheduler.cc:131] [Task #45: fused_nn_contrib_conv2d_NCHWc_add_nn_relu_15] Trial #20: GFLOPs: 1.0783. Time: 214462.9925 us. Best GFLOPs: 30.9027
2024-05-19 19:42:24 [INFO] [task_scheduler.cc:131] [Task #45: fused_nn_contrib_conv2d_NCHWc_add_nn_relu_15] Trial #21: GFLOPs: 8.0115. Time: 28866.2811 us. Best GFLOPs: 30.9027
2024-05-19 19:42:24 [INFO] [task_scheduler.cc:131] [Task #45: fused_nn_contrib_conv2d_NCHWc_add_nn_relu_15] Trial #22: GFLOPs: 13.4202. Time: 17232.3191 us. Best GFLOPs: 30.9027
2024-05-19 19:42:24 [INFO] [task_scheduler.cc:131] [Task #45: fused_nn_contrib_conv2d_NCHWc_add_nn_relu_15] Trial #23: GFLOPs: 21.7330. Time: 10641.0186 us. Best GFLOPs: 30.9027
2024-05-19 19:42:24 [INFO] [task_scheduler.cc:131] [Task #45: fused_nn_contrib_conv2d_NCHWc_add_nn_relu_15] Trial #24: GFLOPs: 19.1336. Time: 12086.6221 us. Best GFLOPs: 30.9027
2024-05-19 19:42:24 [INFO] [task_scheduler.cc:131] [Task #45: fused_nn_contrib_conv2d_NCHWc_add_nn_relu_15] Trial #25: GFLOPs: 37.2614. Time: 6206.4467 us. Best GFLOPs: 37.2614
2024-05-19 19:42:24 [INFO] [task_scheduler.cc:131] [Task #45: fused_nn_contrib_conv2d_NCHWc_add_nn_relu_15] Trial #26: GFLOPs: 1.7199. Time: 134463.5355 us. Best GFLOPs: 37.2614
2024-05-19 19:42:24 [INFO] [task_scheduler.cc:131] [Task #45: fused_nn_contrib_conv2d_NCHWc_add_nn_relu_15] Trial #27: GFLOPs: 5.8538. Time: 39505.9633 us. Best GFLOPs: 37.2614
2024-05-19 19:42:24 [INFO] [task_scheduler.cc:131] [Task #45: fused_nn_contrib_conv2d_NCHWc_add_nn_relu_15] Trial #28: GFLOPs: 10.4045. Time: 22227.0030 us. Best GFLOPs: 37.2614
2024-05-19 19:42:24 [INFO] [task_scheduler.cc:131] [Task #45: fused_nn_contrib_conv2d_NCHWc_add_nn_relu_15] Trial #29: GFLOPs: 7.4021. Time: 31242.4839 us. Best GFLOPs: 37.2614
2024-05-19 19:42:24 [INFO] [task_scheduler.cc:131] [Task #45: fused_nn_contrib_conv2d_NCHWc_add_nn_relu_15] Trial #30: GFLOPs: 27.2923. Time: 8473.4920 us. Best GFLOPs: 37.2614
2024-05-19 19:42:24 [INFO] [task_scheduler.cc:131] [Task #45: fused_nn_contrib_conv2d_NCHWc_add_nn_relu_15] Trial #31: GFLOPs: 102.4290. Time: 2257.7717 us. Best GFLOPs: 102.4290
2024-05-19 19:42:24 [INFO] [task_scheduler.cc:131] [Task #45: fused_nn_contrib_conv2d_NCHWc_add_nn_relu_15] Trial #32: GFLOPs: 41.2219. Time: 5610.1510 us. Best GFLOPs: 102.4290
2024-05-19 19:42:24 [INFO] [task_scheduler.cc:131] [Task #45: fused_nn_contrib_conv2d_NCHWc_add_nn_relu_15] Trial #33: GFLOPs: 0.5503. Time: 420214.8230 us. Best GFLOPs: 102.4290
2024-05-19 19:42:24 [INFO] [task_scheduler.cc:131] [Task #45: fused_nn_contrib_conv2d_NCHWc_add_nn_relu_15] Trial #34: GFLOPs: 77.9799. Time: 2965.6500 us. Best GFLOPs: 102.4290
2024-05-19 19:42:24 [INFO] [task_scheduler.cc:131] [Task #45: fused_nn_contrib_conv2d_NCHWc_add_nn_relu_15] Trial #35: GFLOPs: 8.6257. Time: 26810.6135 us. Best GFLOPs: 102.4290
2024-05-19 19:42:24 [INFO] [task_scheduler.cc:131] [Task #45: fused_nn_contrib_conv2d_NCHWc_add_nn_relu_15] Trial #36: GFLOPs: 36.2736. Time: 6375.4752 us. Best GFLOPs: 102.4290
2024-05-19 19:42:24 [INFO] [task_scheduler.cc:131] [Task #45: fused_nn_contrib_conv2d_NCHWc_add_nn_relu_15] Trial #37: GFLOPs: 4.9583. Time: 46641.6782 us. Best GFLOPs: 102.4290
2024-05-19 19:42:24 [INFO] [task_scheduler.cc:131] [Task #45: fused_nn_contrib_conv2d_NCHWc_add_nn_relu_15] Trial #38: GFLOPs: 1.2781. Time: 180937.2840 us. Best GFLOPs: 102.4290
2024-05-19 19:42:24 [INFO] [task_scheduler.cc:131] [Task #45: fused_nn_contrib_conv2d_NCHWc_add_nn_relu_15] Trial #39: GFLOPs: 14.4782. Time: 15973.0807 us. Best GFLOPs: 102.4290
2024-05-19 19:42:24 [INFO] [task_scheduler.cc:131] [Task #45: fused_nn_contrib_conv2d_NCHWc_add_nn_relu_15] Trial #40: GFLOPs: 7.5765. Time: 30523.5838 us. Best GFLOPs: 102.4290
2024-05-19 19:42:24 [INFO] [task_scheduler.cc:131] [Task #45: fused_nn_contrib_conv2d_NCHWc_add_nn_relu_15] Trial #41: GFLOPs: 19.1155. Time: 12098.1105 us. Best GFLOPs: 102.4290
2024-05-19 19:42:24 [INFO] [task_scheduler.cc:131] [Task #45: fused_nn_contrib_conv2d_NCHWc_add_nn_relu_15] Trial #42: GFLOPs: 14.0760. Time: 16429.4451 us. Best GFLOPs: 102.4290
2024-05-19 19:42:24 [INFO] [task_scheduler.cc:131] [Task #45: fused_nn_contrib_conv2d_NCHWc_add_nn_relu_15] Trial #43: GFLOPs: 1.9906. Time: 116174.7727 us. Best GFLOPs: 102.4290
2024-05-19 19:42:24 [INFO] [task_scheduler.cc:131] [Task #45: fused_nn_contrib_conv2d_NCHWc_add_nn_relu_15] Trial #44: GFLOPs: 50.9349. Time: 4540.3250 us. Best GFLOPs: 102.4290
2024-05-19 19:42:24 [INFO] [task_scheduler.cc:131] [Task #45: fused_nn_contrib_conv2d_NCHWc_add_nn_relu_15] Trial #45: GFLOPs: 1.0193. Time: 226889.5760 us. Best GFLOPs: 102.4290
2024-05-19 19:42:24 [INFO] [task_scheduler.cc:131] [Task #45: fused_nn_contrib_conv2d_NCHWc_add_nn_relu_15] Trial #46: GFLOPs: 31.4645. Time: 7349.9140 us. Best GFLOPs: 102.4290
2024-05-19 19:42:24 [INFO] [task_scheduler.cc:131] [Task #45: fused_nn_contrib_conv2d_NCHWc_add_nn_relu_15] Trial #47: GFLOPs: 0.8913. Time: 259468.5270 us. Best GFLOPs: 102.4290
2024-05-19 19:42:24 [INFO] [task_scheduler.cc:131] [Task #45: fused_nn_contrib_conv2d_NCHWc_add_nn_relu_15] Trial #48: GFLOPs: 16.8018. Time: 13764.0656 us. Best GFLOPs: 102.4290
2024-05-19 19:42:24 [INFO] [task_scheduler.cc:131] [Task #45: fused_nn_contrib_conv2d_NCHWc_add_nn_relu_15] Trial #49: GFLOPs: 7.4020. Time: 31243.1829 us. Best GFLOPs: 102.4290
2024-05-19 19:42:24 [INFO] [task_scheduler.cc:131] [Task #45: fused_nn_contrib_conv2d_NCHWc_add_nn_relu_15] Trial #50: GFLOPs: 7.5282. Time: 30719.1639 us. Best GFLOPs: 102.4290
2024-05-19 19:42:24 [INFO] [task_scheduler.cc:131] [Task #45: fused_nn_contrib_conv2d_NCHWc_add_nn_relu_15] Trial #51: GFLOPs: 9.7553. Time: 23706.2917 us. Best GFLOPs: 102.4290
2024-05-19 19:42:24 [INFO] [task_scheduler.cc:131] [Task #45: fused_nn_contrib_conv2d_NCHWc_add_nn_relu_15] Trial #52: GFLOPs: 61.0120. Time: 3790.4206 us. Best GFLOPs: 102.4290
2024-05-19 19:42:24 [INFO] [task_scheduler.cc:131] [Task #45: fused_nn_contrib_conv2d_NCHWc_add_nn_relu_15] Trial #53: GFLOPs: 34.5229. Time: 6698.7753 us. Best GFLOPs: 102.4290
2024-05-19 19:42:24 [INFO] [task_scheduler.cc:131] [Task #45: fused_nn_contrib_conv2d_NCHWc_add_nn_relu_15] Trial #54: GFLOPs: 6.3888. Time: 36197.8207 us. Best GFLOPs: 102.4290
2024-05-19 19:42:24 [INFO] [task_scheduler.cc:131] [Task #45: fused_nn_contrib_conv2d_NCHWc_add_nn_relu_15] Trial #55: GFLOPs: 10.2788. Time: 22498.7509 us. Best GFLOPs: 102.4290
2024-05-19 19:42:24 [INFO] [task_scheduler.cc:131] [Task #45: fused_nn_contrib_conv2d_NCHWc_add_nn_relu_15] Trial #56: GFLOPs: 14.5393. Time: 15905.9756 us. Best GFLOPs: 102.4290
2024-05-19 19:42:24 [INFO] [task_scheduler.cc:131] [Task #45: fused_nn_contrib_conv2d_NCHWc_add_nn_relu_15] Trial #57: GFLOPs: 29.8635. Time: 7743.9355 us. Best GFLOPs: 102.4290
2024-05-19 19:42:24 [INFO] [task_scheduler.cc:131] [Task #45: fused_nn_contrib_conv2d_NCHWc_add_nn_relu_15] Trial #58: GFLOPs: 43.1069. Time: 5364.8305 us. Best GFLOPs: 102.4290
2024-05-19 19:42:24 [INFO] [task_scheduler.cc:131] [Task #45: fused_nn_contrib_conv2d_NCHWc_add_nn_relu_15] Trial #59: GFLOPs: 5.1976. Time: 44494.0990 us. Best GFLOPs: 102.4290
2024-05-19 19:42:24 [INFO] [task_scheduler.cc:131] [Task #45: fused_nn_contrib_conv2d_NCHWc_add_nn_relu_15] Trial #60: GFLOPs: 2.8500. Time: 81143.4303 us. Best GFLOPs: 102.4290
2024-05-19 19:42:24 [INFO] [task_scheduler.cc:131] [Task #45: fused_nn_contrib_conv2d_NCHWc_add_nn_relu_15] Trial #61: GFLOPs: 0.7778. Time: 297330.1825 us. Best GFLOPs: 102.4290
2024-05-19 19:42:24 [INFO] [task_scheduler.cc:131] [Task #45: fused_nn_contrib_conv2d_NCHWc_add_nn_relu_15] Trial #62: GFLOPs: 6.0440. Time: 38262.9198 us. Best GFLOPs: 102.4290
2024-05-19 19:42:24 [INFO] [task_scheduler.cc:131] [Task #45: fused_nn_contrib_conv2d_NCHWc_add_nn_relu_15] Trial #63: GFLOPs: 3.7053. Time: 62414.2747 us. Best GFLOPs: 102.4290
2024-05-19 19:42:24 [INFO] [task_scheduler.cc:131] [Task #45: fused_nn_contrib_conv2d_NCHWc_add_nn_relu_15] Trial #64: GFLOPs: 0.9280. Time: 249206.1850 us. Best GFLOPs: 102.4290
2024-05-19 19:44:26 [INFO] [evolutionary_search.cc:713] Generating candidates......
2024-05-19 19:44:26 [INFO] [evolutionary_search.cc:715] Picked top 64 candidate(s) from database
2024-05-19 19:44:28 [INFO] [evolutionary_search.cc:533] Sample-Init-Population summary:
Postproc #0 [meta_schedule.DisallowDynamicLoop(0xe9bfc28)]: 0 failure(s)
Postproc #1 [meta_schedule.RewriteParallelVectorizeUnroll(0xcedc968)]: 0 failure(s)
Postproc #2 [meta_schedule.RewriteReductionBlock(0xb8b9728)]: 0 failure(s)
Postproc #3 [meta_schedule.RewriteLayout(0xea2fb28)]: 0 failure(s)
2024-05-19 19:44:28 [INFO] [evolutionary_search.cc:723] Sampled 448 candidate(s)
2024-05-19 19:44:32 [INFO] [evolutionary_search.cc:621] Evolve iter #0 done. Summary:
Postproc #0 [meta_schedule.DisallowDynamicLoop(0xe9bfc28)]: 0 failure(s)
Postproc #1 [meta_schedule.RewriteParallelVectorizeUnroll(0xcedc968)]: 0 failure(s)
Postproc #2 [meta_schedule.RewriteReductionBlock(0xb8b9728)]: 0 failure(s)
Postproc #3 [meta_schedule.RewriteLayout(0xea2fb28)]: 0 failure(s)
2024-05-19 19:44:37 [INFO] [evolutionary_search.cc:621] Evolve iter #1 done. Summary:
Postproc #0 [meta_schedule.DisallowDynamicLoop(0xe9bfc28)]: 0 failure(s)
Postproc #1 [meta_schedule.RewriteParallelVectorizeUnroll(0xcedc968)]: 0 failure(s)
Postproc #2 [meta_schedule.RewriteReductionBlock(0xb8b9728)]: 0 failure(s)
Postproc #3 [meta_schedule.RewriteLayout(0xea2fb28)]: 0 failure(s)
2024-05-19 19:44:42 [INFO] [evolutionary_search.cc:621] Evolve iter #2 done. Summary:
Postproc #0 [meta_schedule.DisallowDynamicLoop(0xe9bfc28)]: 0 failure(s)
Postproc #1 [meta_schedule.RewriteParallelVectorizeUnroll(0xcedc968)]: 0 failure(s)
Postproc #2 [meta_schedule.RewriteReductionBlock(0xb8b9728)]: 0 failure(s)
Postproc #3 [meta_schedule.RewriteLayout(0xea2fb28)]: 0 failure(s)
2024-05-19 19:44:46 [INFO] [evolutionary_search.cc:621] Evolve iter #3 done. Summary:
Postproc #0 [meta_schedule.DisallowDynamicLoop(0xe9bfc28)]: 0 failure(s)
Postproc #1 [meta_schedule.RewriteParallelVectorizeUnroll(0xcedc968)]: 0 failure(s)
Postproc #2 [meta_schedule.RewriteReductionBlock(0xb8b9728)]: 0 failure(s)
Postproc #3 [meta_schedule.RewriteLayout(0xea2fb28)]: 0 failure(s)
2024-05-19 19:44:49 [INFO] [evolutionary_search.cc:649] Scores of the best 64 candidates:
[1 : 16]:	0.9623  0.9623  0.8944  0.8756  0.8706  0.8706  0.8652  0.8587  0.8570  0.8519  0.8421  0.8421  0.8421  0.8421  0.8405  0.8405
[17 : 32]:	0.8362  0.8362  0.8362  0.8362  0.8362  0.8362  0.8362  0.8338  0.8284  0.8269  0.8264  0.8258  0.8251  0.8251  0.8251  0.8251
[33 : 48]:	0.8248  0.8185  0.8185  0.8121  0.8074  0.8024  0.8024  0.8014  0.8007  0.7866  0.7814  0.7810  0.7771  0.7768  0.7768  0.7759
[49 : 64]:	0.7753  0.7747  0.7729  0.7723  0.7723  0.7666  0.7666  0.7644  0.7634  0.7634  0.7628  0.7623  0.7610  0.7594  0.7578  0.7570
2024-05-19 19:44:49 [INFO] [evolutionary_search.cc:727] Got 64 candidate(s) with evolutionary search
2024-05-19 19:44:49 [INFO] [evolutionary_search.cc:730] Sending 64 candidates(s) for measurement
2024-05-19 19:46:43 [INFO] [task_scheduler.cc:131] [Task #45: fused_nn_contrib_conv2d_NCHWc_add_nn_relu_15] Trial #65: GFLOPs: 86.9132. Time: 2660.8298 us. Best GFLOPs: 102.4290
2024-05-19 19:46:43 [INFO] [task_scheduler.cc:131] [Task #45: fused_nn_contrib_conv2d_NCHWc_add_nn_relu_15] Trial #66: GFLOPs: 89.9877. Time: 2569.9212 us. Best GFLOPs: 102.4290
2024-05-19 19:46:43 [INFO] [task_scheduler.cc:131] [Task #45: fused_nn_contrib_conv2d_NCHWc_add_nn_relu_15] Trial #67: GFLOPs: 39.5644. Time: 5845.1870 us. Best GFLOPs: 102.4290
2024-05-19 19:46:43 [INFO] [task_scheduler.cc:131] [Task #45: fused_nn_contrib_conv2d_NCHWc_add_nn_relu_15] Trial #68: GFLOPs: 68.0815. Time: 3396.8298 us. Best GFLOPs: 102.4290
2024-05-19 19:46:43 [INFO] [task_scheduler.cc:131] [Task #45: fused_nn_contrib_conv2d_NCHWc_add_nn_relu_15] Trial #69: GFLOPs: 76.5288. Time: 3021.8850 us. Best GFLOPs: 102.4290
2024-05-19 19:46:43 [INFO] [task_scheduler.cc:131] [Task #45: fused_nn_contrib_conv2d_NCHWc_add_nn_relu_15] Trial #70: GFLOPs: 67.4137. Time: 3430.4783 us. Best GFLOPs: 102.4290
2024-05-19 19:46:43 [INFO] [task_scheduler.cc:131] [Task #45: fused_nn_contrib_conv2d_NCHWc_add_nn_relu_15] Trial #71: GFLOPs: 83.4422. Time: 2771.5132 us. Best GFLOPs: 102.4290
2024-05-19 19:46:43 [INFO] [task_scheduler.cc:131] [Task #45: fused_nn_contrib_conv2d_NCHWc_add_nn_relu_15] Trial #72: GFLOPs: 41.0290. Time: 5636.5335 us. Best GFLOPs: 102.4290
2024-05-19 19:46:43 [INFO] [task_scheduler.cc:131] [Task #45: fused_nn_contrib_conv2d_NCHWc_add_nn_relu_15] Trial #73: GFLOPs: 47.6372. Time: 4854.6306 us. Best GFLOPs: 102.4290
2024-05-19 19:46:43 [INFO] [task_scheduler.cc:131] [Task #45: fused_nn_contrib_conv2d_NCHWc_add_nn_relu_15] Trial #74: GFLOPs: 107.6707. Time: 2147.8562 us. Best GFLOPs: 107.6707
2024-05-19 19:46:43 [INFO] [task_scheduler.cc:131] [Task #45: fused_nn_contrib_conv2d_NCHWc_add_nn_relu_15] Trial #75: GFLOPs: 9.7826. Time: 23639.9885 us. Best GFLOPs: 107.6707
2024-05-19 19:46:43 [INFO] [task_scheduler.cc:131] [Task #45: fused_nn_contrib_conv2d_NCHWc_add_nn_relu_15] Trial #76: GFLOPs: 9.5976. Time: 24095.6619 us. Best GFLOPs: 107.6707
2024-05-19 19:46:43 [INFO] [task_scheduler.cc:131] [Task #45: fused_nn_contrib_conv2d_NCHWc_add_nn_relu_15] Trial #77: GFLOPs: 47.4706. Time: 4871.6749 us. Best GFLOPs: 107.6707
2024-05-19 19:46:43 [INFO] [task_scheduler.cc:131] [Task #45: fused_nn_contrib_conv2d_NCHWc_add_nn_relu_15] Trial #78: GFLOPs: 9.4824. Time: 24388.4052 us. Best GFLOPs: 107.6707
2024-05-19 19:46:43 [INFO] [task_scheduler.cc:131] [Task #45: fused_nn_contrib_conv2d_NCHWc_add_nn_relu_15] Trial #79: GFLOPs: 38.4457. Time: 6015.2713 us. Best GFLOPs: 107.6707
2024-05-19 19:46:43 [INFO] [task_scheduler.cc:131] [Task #45: fused_nn_contrib_conv2d_NCHWc_add_nn_relu_15] Trial #80: GFLOPs: 34.9627. Time: 6614.5070 us. Best GFLOPs: 107.6707
2024-05-19 19:46:43 [INFO] [task_scheduler.cc:131] [Task #45: fused_nn_contrib_conv2d_NCHWc_add_nn_relu_15] Trial #81: GFLOPs: 40.1747. Time: 5756.3841 us. Best GFLOPs: 107.6707
2024-05-19 19:46:43 [INFO] [task_scheduler.cc:131] [Task #45: fused_nn_contrib_conv2d_NCHWc_add_nn_relu_15] Trial #82: GFLOPs: 36.4983. Time: 6336.2199 us. Best GFLOPs: 107.6707
2024-05-19 19:46:43 [INFO] [task_scheduler.cc:131] [Task #45: fused_nn_contrib_conv2d_NCHWc_add_nn_relu_15] Trial #83: GFLOPs: 74.8288. Time: 3090.5382 us. Best GFLOPs: 107.6707
2024-05-19 19:46:43 [INFO] [task_scheduler.cc:131] [Task #45: fused_nn_contrib_conv2d_NCHWc_add_nn_relu_15] Trial #84: GFLOPs: 74.0316. Time: 3123.8175 us. Best GFLOPs: 107.6707
2024-05-19 19:46:43 [INFO] [task_scheduler.cc:131] [Task #45: fused_nn_contrib_conv2d_NCHWc_add_nn_relu_15] Trial #85: GFLOPs: 66.2042. Time: 3493.1496 us. Best GFLOPs: 107.6707
2024-05-19 19:46:43 [INFO] [task_scheduler.cc:131] [Task #45: fused_nn_contrib_conv2d_NCHWc_add_nn_relu_15] Trial #86: GFLOPs: 77.9312. Time: 2967.5051 us. Best GFLOPs: 107.6707
2024-05-19 19:46:43 [INFO] [task_scheduler.cc:131] [Task #45: fused_nn_contrib_conv2d_NCHWc_add_nn_relu_15] Trial #87: GFLOPs: 70.0802. Time: 3299.9499 us. Best GFLOPs: 107.6707
2024-05-19 19:46:43 [INFO] [task_scheduler.cc:131] [Task #45: fused_nn_contrib_conv2d_NCHWc_add_nn_relu_15] Trial #88: GFLOPs: 85.6603. Time: 2699.7478 us. Best GFLOPs: 107.6707
2024-05-19 19:46:43 [INFO] [task_scheduler.cc:131] [Task #45: fused_nn_contrib_conv2d_NCHWc_add_nn_relu_15] Trial #89: GFLOPs: 58.7860. Time: 3933.9522 us. Best GFLOPs: 107.6707
2024-05-19 19:46:43 [INFO] [task_scheduler.cc:131] [Task #45: fused_nn_contrib_conv2d_NCHWc_add_nn_relu_15] Trial #90: GFLOPs: 46.4130. Time: 4982.6860 us. Best GFLOPs: 107.6707
2024-05-19 19:46:43 [INFO] [task_scheduler.cc:131] [Task #45: fused_nn_contrib_conv2d_NCHWc_add_nn_relu_15] Trial #91: GFLOPs: 88.7393. Time: 2606.0753 us. Best GFLOPs: 107.6707
2024-05-19 19:46:43 [INFO] [task_scheduler.cc:131] [Task #45: fused_nn_contrib_conv2d_NCHWc_add_nn_relu_15] Trial #92: GFLOPs: 116.2530. Time: 1989.2919 us. Best GFLOPs: 116.2530
2024-05-19 19:46:43 [INFO] [task_scheduler.cc:131] [Task #45: fused_nn_contrib_conv2d_NCHWc_add_nn_relu_15] Trial #93: GFLOPs: 9.8771. Time: 23413.9807 us. Best GFLOPs: 116.2530
2024-05-19 19:46:43 [INFO] [task_scheduler.cc:131] [Task #45: fused_nn_contrib_conv2d_NCHWc_add_nn_relu_15] Trial #94: GFLOPs: 9.7400. Time: 23743.3641 us. Best GFLOPs: 116.2530
2024-05-19 19:46:43 [INFO] [task_scheduler.cc:131] [Task #45: fused_nn_contrib_conv2d_NCHWc_add_nn_relu_15] Trial #95: GFLOPs: 72.8161. Time: 3175.9618 us. Best GFLOPs: 116.2530
2024-05-19 19:46:43 [INFO] [task_scheduler.cc:131] [Task #45: fused_nn_contrib_conv2d_NCHWc_add_nn_relu_15] Trial #96: GFLOPs: 68.8301. Time: 3359.8830 us. Best GFLOPs: 116.2530
2024-05-19 19:46:43 [INFO] [task_scheduler.cc:131] [Task #45: fused_nn_contrib_conv2d_NCHWc_add_nn_relu_15] Trial #97: GFLOPs: 50.9745. Time: 4536.8042 us. Best GFLOPs: 116.2530
2024-05-19 19:46:43 [INFO] [task_scheduler.cc:131] [Task #45: fused_nn_contrib_conv2d_NCHWc_add_nn_relu_15] Trial #98: GFLOPs: 81.0308. Time: 2853.9901 us. Best GFLOPs: 116.2530
2024-05-19 19:46:43 [INFO] [task_scheduler.cc:131] [Task #45: fused_nn_contrib_conv2d_NCHWc_add_nn_relu_15] Trial #99: GFLOPs: 81.7614. Time: 2828.4884 us. Best GFLOPs: 116.2530
2024-05-19 19:46:43 [INFO] [task_scheduler.cc:131] [Task #45: fused_nn_contrib_conv2d_NCHWc_add_nn_relu_15] Trial #100: GFLOPs: 77.9747. Time: 2965.8507 us. Best GFLOPs: 116.2530
2024-05-19 19:46:43 [INFO] [task_scheduler.cc:131] [Task #45: fused_nn_contrib_conv2d_NCHWc_add_nn_relu_15] Trial #101: GFLOPs: 45.4770. Time: 5085.2386 us. Best GFLOPs: 116.2530
2024-05-19 19:46:43 [INFO] [task_scheduler.cc:131] [Task #45: fused_nn_contrib_conv2d_NCHWc_add_nn_relu_15] Trial #102: GFLOPs: 57.0105. Time: 4056.4677 us. Best GFLOPs: 116.2530
2024-05-19 19:46:43 [INFO] [task_scheduler.cc:131] [Task #45: fused_nn_contrib_conv2d_NCHWc_add_nn_relu_15] Trial #103: GFLOPs: 49.2123. Time: 4699.2565 us. Best GFLOPs: 116.2530
2024-05-19 19:46:43 [INFO] [task_scheduler.cc:131] [Task #45: fused_nn_contrib_conv2d_NCHWc_add_nn_relu_15] Trial #104: GFLOPs: 75.1527. Time: 3077.2192 us. Best GFLOPs: 116.2530
2024-05-19 19:46:43 [INFO] [task_scheduler.cc:131] [Task #45: fused_nn_contrib_conv2d_NCHWc_add_nn_relu_15] Trial #105: GFLOPs: 64.3509. Time: 3593.7518 us. Best GFLOPs: 116.2530
2024-05-19 19:46:43 [INFO] [task_scheduler.cc:131] [Task #45: fused_nn_contrib_conv2d_NCHWc_add_nn_relu_15] Trial #106: GFLOPs: 68.6954. Time: 3366.4747 us. Best GFLOPs: 116.2530
2024-05-19 19:46:43 [INFO] [task_scheduler.cc:131] [Task #45: fused_nn_contrib_conv2d_NCHWc_add_nn_relu_15] Trial #107: GFLOPs: 37.8787. Time: 6105.3160 us. Best GFLOPs: 116.2530
2024-05-19 19:46:43 [INFO] [task_scheduler.cc:131] [Task #45: fused_nn_contrib_conv2d_NCHWc_add_nn_relu_15] Trial #108: GFLOPs: 71.7120. Time: 3224.8594 us. Best GFLOPs: 116.2530
2024-05-19 19:46:43 [INFO] [task_scheduler.cc:131] [Task #45: fused_nn_contrib_conv2d_NCHWc_add_nn_relu_15] Trial #109: GFLOPs: 40.6856. Time: 5684.1010 us. Best GFLOPs: 116.2530
2024-05-19 19:46:43 [INFO] [task_scheduler.cc:131] [Task #45: fused_nn_contrib_conv2d_NCHWc_add_nn_relu_15] Trial #110: GFLOPs: 71.1695. Time: 3249.4412 us. Best GFLOPs: 116.2530
2024-05-19 19:46:43 [INFO] [task_scheduler.cc:131] [Task #45: fused_nn_contrib_conv2d_NCHWc_add_nn_relu_15] Trial #111: GFLOPs: 97.8111. Time: 2364.3644 us. Best GFLOPs: 116.2530
2024-05-19 19:46:43 [INFO] [task_scheduler.cc:131] [Task #45: fused_nn_contrib_conv2d_NCHWc_add_nn_relu_15] Trial #112: GFLOPs: 75.2440. Time: 3073.4832 us. Best GFLOPs: 116.2530
2024-05-19 19:46:43 [INFO] [task_scheduler.cc:131] [Task #45: fused_nn_contrib_conv2d_NCHWc_add_nn_relu_15] Trial #113: GFLOPs: 65.6351. Time: 3523.4394 us. Best GFLOPs: 116.2530
2024-05-19 19:46:43 [INFO] [task_scheduler.cc:131] [Task #45: fused_nn_contrib_conv2d_NCHWc_add_nn_relu_15] Trial #114: GFLOPs: 33.5498. Time: 6893.0780 us. Best GFLOPs: 116.2530
2024-05-19 19:46:43 [INFO] [task_scheduler.cc:131] [Task #45: fused_nn_contrib_conv2d_NCHWc_add_nn_relu_15] Trial #115: GFLOPs: 67.3125. Time: 3435.6356 us. Best GFLOPs: 116.2530
2024-05-19 19:46:43 [INFO] [task_scheduler.cc:131] [Task #45: fused_nn_contrib_conv2d_NCHWc_add_nn_relu_15] Trial #116: GFLOPs: 79.4580. Time: 2910.4849 us. Best GFLOPs: 116.2530
2024-05-19 19:46:43 [INFO] [task_scheduler.cc:131] [Task #45: fused_nn_contrib_conv2d_NCHWc_add_nn_relu_15] Trial #117: GFLOPs: 63.4760. Time: 3643.2840 us. Best GFLOPs: 116.2530
2024-05-19 19:46:43 [INFO] [task_scheduler.cc:131] [Task #45: fused_nn_contrib_conv2d_NCHWc_add_nn_relu_15] Trial #118: GFLOPs: 33.7733. Time: 6847.4474 us. Best GFLOPs: 116.2530
2024-05-19 19:46:43 [INFO] [task_scheduler.cc:131] [Task #45: fused_nn_contrib_conv2d_NCHWc_add_nn_relu_15] Trial #119: GFLOPs: 41.4758. Time: 5575.8062 us. Best GFLOPs: 116.2530
2024-05-19 19:46:43 [INFO] [task_scheduler.cc:131] [Task #45: fused_nn_contrib_conv2d_NCHWc_add_nn_relu_15] Trial #120: GFLOPs: 40.5179. Time: 5707.6259 us. Best GFLOPs: 116.2530
2024-05-19 19:46:43 [INFO] [task_scheduler.cc:131] [Task #45: fused_nn_contrib_conv2d_NCHWc_add_nn_relu_15] Trial #121: GFLOPs: 69.5116. Time: 3326.9427 us. Best GFLOPs: 116.2530
2024-05-19 19:46:43 [INFO] [task_scheduler.cc:131] [Task #45: fused_nn_contrib_conv2d_NCHWc_add_nn_relu_15] Trial #122: GFLOPs: 92.6353. Time: 2496.4689 us. Best GFLOPs: 116.2530
2024-05-19 19:46:43 [INFO] [task_scheduler.cc:131] [Task #45: fused_nn_contrib_conv2d_NCHWc_add_nn_relu_15] Trial #123: GFLOPs: 56.1099. Time: 4121.5718 us. Best GFLOPs: 116.2530
2024-05-19 19:46:43 [INFO] [task_scheduler.cc:131] [Task #45: fused_nn_contrib_conv2d_NCHWc_add_nn_relu_15] Trial #124: GFLOPs: 69.8817. Time: 3309.3219 us. Best GFLOPs: 116.2530
2024-05-19 19:46:43 [INFO] [task_scheduler.cc:131] [Task #45: fused_nn_contrib_conv2d_NCHWc_add_nn_relu_15] Trial #125: GFLOPs: 6.1399. Time: 37665.2663 us. Best GFLOPs: 116.2530
2024-05-19 19:46:43 [INFO] [task_scheduler.cc:131] [Task #45: fused_nn_contrib_conv2d_NCHWc_add_nn_relu_15] Trial #126: GFLOPs: 4.1195. Time: 56138.8412 us. Best GFLOPs: 116.2530
2024-05-19 19:46:43 [INFO] [task_scheduler.cc:131] [Task #45: fused_nn_contrib_conv2d_NCHWc_add_nn_relu_15] Trial #127: GFLOPs: 2.5719. Time: 89918.3632 us. Best GFLOPs: 116.2530
2024-05-19 19:46:43 [INFO] [task_scheduler.cc:131] [Task #45: fused_nn_contrib_conv2d_NCHWc_add_nn_relu_15] Trial #128: GFLOPs: 35.5841. Time: 6498.9972 us. Best GFLOPs: 116.2530
2024-05-19 20:08:29 [INFO] [evolutionary_search.cc:713] Generating candidates......
2024-05-19 20:08:29 [INFO] [evolutionary_search.cc:715] Picked top 102 candidate(s) from database
2024-05-19 20:08:31 [INFO] [evolutionary_search.cc:533] Sample-Init-Population summary:
Postproc #0 [meta_schedule.DisallowDynamicLoop(0xe9bfc28)]: 0 failure(s)
Postproc #1 [meta_schedule.RewriteParallelVectorizeUnroll(0xcedc968)]: 0 failure(s)
Postproc #2 [meta_schedule.RewriteReductionBlock(0xb8b9728)]: 0 failure(s)
Postproc #3 [meta_schedule.RewriteLayout(0xea2fb28)]: 0 failure(s)
2024-05-19 20:08:31 [INFO] [evolutionary_search.cc:723] Sampled 410 candidate(s)
2024-05-19 20:08:35 [INFO] [evolutionary_search.cc:621] Evolve iter #0 done. Summary:
Postproc #0 [meta_schedule.DisallowDynamicLoop(0xe9bfc28)]: 0 failure(s)
Postproc #1 [meta_schedule.RewriteParallelVectorizeUnroll(0xcedc968)]: 0 failure(s)
Postproc #2 [meta_schedule.RewriteReductionBlock(0xb8b9728)]: 0 failure(s)
Postproc #3 [meta_schedule.RewriteLayout(0xea2fb28)]: 0 failure(s)
2024-05-19 20:08:40 [INFO] [evolutionary_search.cc:621] Evolve iter #1 done. Summary:
Postproc #0 [meta_schedule.DisallowDynamicLoop(0xe9bfc28)]: 0 failure(s)
Postproc #1 [meta_schedule.RewriteParallelVectorizeUnroll(0xcedc968)]: 0 failure(s)
Postproc #2 [meta_schedule.RewriteReductionBlock(0xb8b9728)]: 0 failure(s)
Postproc #3 [meta_schedule.RewriteLayout(0xea2fb28)]: 0 failure(s)
2024-05-19 20:08:44 [INFO] [evolutionary_search.cc:621] Evolve iter #2 done. Summary:
Postproc #0 [meta_schedule.DisallowDynamicLoop(0xe9bfc28)]: 0 failure(s)
Postproc #1 [meta_schedule.RewriteParallelVectorizeUnroll(0xcedc968)]: 0 failure(s)
Postproc #2 [meta_schedule.RewriteReductionBlock(0xb8b9728)]: 0 failure(s)
Postproc #3 [meta_schedule.RewriteLayout(0xea2fb28)]: 0 failure(s)
2024-05-19 20:08:49 [INFO] [evolutionary_search.cc:621] Evolve iter #3 done. Summary:
Postproc #0 [meta_schedule.DisallowDynamicLoop(0xe9bfc28)]: 0 failure(s)
Postproc #1 [meta_schedule.RewriteParallelVectorizeUnroll(0xcedc968)]: 0 failure(s)
Postproc #2 [meta_schedule.RewriteReductionBlock(0xb8b9728)]: 0 failure(s)
Postproc #3 [meta_schedule.RewriteLayout(0xea2fb28)]: 0 failure(s)
2024-05-19 20:08:51 [INFO] [evolutionary_search.cc:649] Scores of the best 64 candidates:
[1 : 16]:	1.0002  0.9569  0.9266  0.9266  0.9231  0.8829  0.8829  0.8829  0.8829  0.8634  0.8624  0.8481  0.8476  0.8476  0.8243  0.8243
[17 : 32]:	0.8109  0.7969  0.7957  0.7947  0.7868  0.7853  0.7844  0.7821  0.7807  0.7807  0.7807  0.7805  0.7781  0.7779  0.7761  0.7761
[33 : 48]:	0.7752  0.7748  0.7634  0.7556  0.7555  0.7554  0.7538  0.7530  0.7525  0.7525  0.7525  0.7525  0.7525  0.7525  0.7525  0.7525
[49 : 64]:	0.7524  0.7521  0.7499  0.7479  0.7479  0.7452  0.7423  0.7410  0.7400  0.7395  0.7389  0.7379  0.7362  0.7362  0.7359  0.7326
2024-05-19 20:08:51 [INFO] [evolutionary_search.cc:727] Got 64 candidate(s) with evolutionary search
2024-05-19 20:08:51 [INFO] [evolutionary_search.cc:730] Sending 64 candidates(s) for measurement
2024-05-19 20:10:32 [INFO] [task_scheduler.cc:131] [Task #45: fused_nn_contrib_conv2d_NCHWc_add_nn_relu_15] Trial #129: GFLOPs: 120.8251. Time: 1914.0159 us. Best GFLOPs: 120.8251
2024-05-19 20:10:32 [INFO] [task_scheduler.cc:131] [Task #45: fused_nn_contrib_conv2d_NCHWc_add_nn_relu_15] Trial #130: GFLOPs: 119.6005. Time: 1933.6134 us. Best GFLOPs: 120.8251
2024-05-19 20:10:32 [INFO] [task_scheduler.cc:131] [Task #45: fused_nn_contrib_conv2d_NCHWc_add_nn_relu_15] Trial #131: GFLOPs: 118.9165. Time: 1944.7361 us. Best GFLOPs: 120.8251
2024-05-19 20:10:32 [INFO] [task_scheduler.cc:131] [Task #45: fused_nn_contrib_conv2d_NCHWc_add_nn_relu_15] Trial #132: GFLOPs: 126.4594. Time: 1828.7382 us. Best GFLOPs: 126.4594
2024-05-19 20:10:32 [INFO] [task_scheduler.cc:131] [Task #45: fused_nn_contrib_conv2d_NCHWc_add_nn_relu_15] Trial #133: GFLOPs: 113.0230. Time: 2046.1419 us. Best GFLOPs: 126.4594
2024-05-19 20:10:32 [INFO] [task_scheduler.cc:131] [Task #45: fused_nn_contrib_conv2d_NCHWc_add_nn_relu_15] Trial #134: GFLOPs: 97.8699. Time: 2362.9451 us. Best GFLOPs: 126.4594
2024-05-19 20:10:32 [INFO] [task_scheduler.cc:131] [Task #45: fused_nn_contrib_conv2d_NCHWc_add_nn_relu_15] Trial #135: GFLOPs: 106.5465. Time: 2170.5183 us. Best GFLOPs: 126.4594
2024-05-19 20:10:32 [INFO] [task_scheduler.cc:131] [Task #45: fused_nn_contrib_conv2d_NCHWc_add_nn_relu_15] Trial #136: GFLOPs: 114.2505. Time: 2024.1599 us. Best GFLOPs: 126.4594
2024-05-19 20:10:32 [INFO] [task_scheduler.cc:131] [Task #45: fused_nn_contrib_conv2d_NCHWc_add_nn_relu_15] Trial #137: GFLOPs: 84.1597. Time: 2747.8857 us. Best GFLOPs: 126.4594
2024-05-19 20:10:32 [INFO] [task_scheduler.cc:131] [Task #45: fused_nn_contrib_conv2d_NCHWc_add_nn_relu_15] Trial #138: GFLOPs: 58.3513. Time: 3963.2579 us. Best GFLOPs: 126.4594
2024-05-19 20:10:32 [INFO] [task_scheduler.cc:131] [Task #45: fused_nn_contrib_conv2d_NCHWc_add_nn_relu_15] Trial #139: GFLOPs: 114.2166. Time: 2024.7606 us. Best GFLOPs: 126.4594
2024-05-19 20:10:32 [INFO] [task_scheduler.cc:131] [Task #45: fused_nn_contrib_conv2d_NCHWc_add_nn_relu_15] Trial #140: GFLOPs: 115.3906. Time: 2004.1596 us. Best GFLOPs: 126.4594
2024-05-19 20:10:32 [INFO] [task_scheduler.cc:131] [Task #45: fused_nn_contrib_conv2d_NCHWc_add_nn_relu_15] Trial #141: GFLOPs: 82.0755. Time: 2817.6656 us. Best GFLOPs: 126.4594
2024-05-19 20:10:32 [INFO] [task_scheduler.cc:131] [Task #45: fused_nn_contrib_conv2d_NCHWc_add_nn_relu_15] Trial #142: GFLOPs: 81.8682. Time: 2824.7980 us. Best GFLOPs: 126.4594
2024-05-19 20:10:32 [INFO] [task_scheduler.cc:131] [Task #45: fused_nn_contrib_conv2d_NCHWc_add_nn_relu_15] Trial #143: GFLOPs: 98.1410. Time: 2356.4174 us. Best GFLOPs: 126.4594
2024-05-19 20:10:32 [INFO] [task_scheduler.cc:131] [Task #45: fused_nn_contrib_conv2d_NCHWc_add_nn_relu_15] Trial #144: GFLOPs: 102.0268. Time: 2266.6720 us. Best GFLOPs: 126.4594
2024-05-19 20:10:32 [INFO] [task_scheduler.cc:131] [Task #45: fused_nn_contrib_conv2d_NCHWc_add_nn_relu_15] Trial #145: GFLOPs: 110.4065. Time: 2094.6338 us. Best GFLOPs: 126.4594
2024-05-19 20:10:32 [INFO] [task_scheduler.cc:131] [Task #45: fused_nn_contrib_conv2d_NCHWc_add_nn_relu_15] Trial #146: GFLOPs: 100.5539. Time: 2299.8722 us. Best GFLOPs: 126.4594
2024-05-19 20:10:32 [INFO] [task_scheduler.cc:131] [Task #45: fused_nn_contrib_conv2d_NCHWc_add_nn_relu_15] Trial #147: GFLOPs: 117.9253. Time: 1961.0826 us. Best GFLOPs: 126.4594
2024-05-19 20:10:32 [INFO] [task_scheduler.cc:131] [Task #45: fused_nn_contrib_conv2d_NCHWc_add_nn_relu_15] Trial #148: GFLOPs: 75.6035. Time: 3058.8698 us. Best GFLOPs: 126.4594
2024-05-19 20:10:32 [INFO] [task_scheduler.cc:131] [Task #45: fused_nn_contrib_conv2d_NCHWc_add_nn_relu_15] Trial #149: GFLOPs: 110.6061. Time: 2090.8535 us. Best GFLOPs: 126.4594
2024-05-19 20:10:32 [INFO] [task_scheduler.cc:131] [Task #45: fused_nn_contrib_conv2d_NCHWc_add_nn_relu_15] Trial #150: GFLOPs: 108.9989. Time: 2121.6833 us. Best GFLOPs: 126.4594
2024-05-19 20:10:32 [INFO] [task_scheduler.cc:131] [Task #45: fused_nn_contrib_conv2d_NCHWc_add_nn_relu_15] Trial #151: GFLOPs: 114.8515. Time: 2013.5674 us. Best GFLOPs: 126.4594
2024-05-19 20:10:32 [INFO] [task_scheduler.cc:131] [Task #45: fused_nn_contrib_conv2d_NCHWc_add_nn_relu_15] Trial #152: GFLOPs: 46.2872. Time: 4996.2243 us. Best GFLOPs: 126.4594
2024-05-19 20:10:32 [INFO] [task_scheduler.cc:131] [Task #45: fused_nn_contrib_conv2d_NCHWc_add_nn_relu_15] Trial #153: GFLOPs: 88.9558. Time: 2599.7312 us. Best GFLOPs: 126.4594
2024-05-19 20:10:32 [INFO] [task_scheduler.cc:131] [Task #45: fused_nn_contrib_conv2d_NCHWc_add_nn_relu_15] Trial #154: GFLOPs: 97.9075. Time: 2362.0367 us. Best GFLOPs: 126.4594
2024-05-19 20:10:32 [INFO] [task_scheduler.cc:131] [Task #45: fused_nn_contrib_conv2d_NCHWc_add_nn_relu_15] Trial #155: GFLOPs: 178.0819. Time: 1298.6223 us. Best GFLOPs: 178.0819
2024-05-19 20:10:32 [INFO] [task_scheduler.cc:131] [Task #45: fused_nn_contrib_conv2d_NCHWc_add_nn_relu_15] Trial #156: GFLOPs: 79.3880. Time: 2913.0498 us. Best GFLOPs: 178.0819
2024-05-19 20:10:32 [INFO] [task_scheduler.cc:131] [Task #45: fused_nn_contrib_conv2d_NCHWc_add_nn_relu_15] Trial #157: GFLOPs: 121.6547. Time: 1900.9641 us. Best GFLOPs: 178.0819
2024-05-19 20:10:32 [INFO] [task_scheduler.cc:131] [Task #45: fused_nn_contrib_conv2d_NCHWc_add_nn_relu_15] Trial #158: GFLOPs: 107.8397. Time: 2144.4907 us. Best GFLOPs: 178.0819
2024-05-19 20:10:32 [INFO] [task_scheduler.cc:131] [Task #45: fused_nn_contrib_conv2d_NCHWc_add_nn_relu_15] Trial #159: GFLOPs: 113.4229. Time: 2038.9292 us. Best GFLOPs: 178.0819
2024-05-19 20:10:32 [INFO] [task_scheduler.cc:131] [Task #45: fused_nn_contrib_conv2d_NCHWc_add_nn_relu_15] Trial #160: GFLOPs: 83.9435. Time: 2754.9636 us. Best GFLOPs: 178.0819
2024-05-19 20:10:32 [INFO] [task_scheduler.cc:131] [Task #45: fused_nn_contrib_conv2d_NCHWc_add_nn_relu_15] Trial #161: GFLOPs: 143.6482. Time: 1609.9131 us. Best GFLOPs: 178.0819
2024-05-19 20:10:32 [INFO] [task_scheduler.cc:131] [Task #45: fused_nn_contrib_conv2d_NCHWc_add_nn_relu_15] Trial #162: GFLOPs: 76.4352. Time: 3025.5855 us. Best GFLOPs: 178.0819
2024-05-19 20:10:32 [INFO] [task_scheduler.cc:131] [Task #45: fused_nn_contrib_conv2d_NCHWc_add_nn_relu_15] Trial #163: GFLOPs: 117.8827. Time: 1961.7902 us. Best GFLOPs: 178.0819
2024-05-19 20:10:32 [INFO] [task_scheduler.cc:131] [Task #45: fused_nn_contrib_conv2d_NCHWc_add_nn_relu_15] Trial #164: GFLOPs: 115.4636. Time: 2002.8920 us. Best GFLOPs: 178.0819
2024-05-19 20:10:32 [INFO] [task_scheduler.cc:131] [Task #45: fused_nn_contrib_conv2d_NCHWc_add_nn_relu_15] Trial #165: GFLOPs: 95.9531. Time: 2410.1493 us. Best GFLOPs: 178.0819
2024-05-19 20:10:32 [INFO] [task_scheduler.cc:131] [Task #45: fused_nn_contrib_conv2d_NCHWc_add_nn_relu_15] Trial #166: GFLOPs: 65.8609. Time: 3511.3595 us. Best GFLOPs: 178.0819
2024-05-19 20:10:32 [INFO] [task_scheduler.cc:131] [Task #45: fused_nn_contrib_conv2d_NCHWc_add_nn_relu_15] Trial #167: GFLOPs: 94.8422. Time: 2438.3784 us. Best GFLOPs: 178.0819
2024-05-19 20:10:32 [INFO] [task_scheduler.cc:131] [Task #45: fused_nn_contrib_conv2d_NCHWc_add_nn_relu_15] Trial #168: GFLOPs: 88.3095. Time: 2618.7576 us. Best GFLOPs: 178.0819
2024-05-19 20:10:32 [INFO] [task_scheduler.cc:131] [Task #45: fused_nn_contrib_conv2d_NCHWc_add_nn_relu_15] Trial #169: GFLOPs: 106.5642. Time: 2170.1593 us. Best GFLOPs: 178.0819
2024-05-19 20:10:32 [INFO] [task_scheduler.cc:131] [Task #45: fused_nn_contrib_conv2d_NCHWc_add_nn_relu_15] Trial #170: GFLOPs: 176.7082. Time: 1308.7181 us. Best GFLOPs: 178.0819
2024-05-19 20:10:32 [INFO] [task_scheduler.cc:131] [Task #45: fused_nn_contrib_conv2d_NCHWc_add_nn_relu_15] Trial #171: GFLOPs: 166.5494. Time: 1388.5443 us. Best GFLOPs: 178.0819
2024-05-19 20:10:32 [INFO] [task_scheduler.cc:131] [Task #45: fused_nn_contrib_conv2d_NCHWc_add_nn_relu_15] Trial #172: GFLOPs: 71.5598. Time: 3231.7192 us. Best GFLOPs: 178.0819
2024-05-19 20:10:32 [INFO] [task_scheduler.cc:131] [Task #45: fused_nn_contrib_conv2d_NCHWc_add_nn_relu_15] Trial #173: GFLOPs: 86.5358. Time: 2672.4329 us. Best GFLOPs: 178.0819
2024-05-19 20:10:32 [INFO] [task_scheduler.cc:131] [Task #45: fused_nn_contrib_conv2d_NCHWc_add_nn_relu_15] Trial #174: GFLOPs: 118.5586. Time: 1950.6073 us. Best GFLOPs: 178.0819
2024-05-19 20:10:32 [INFO] [task_scheduler.cc:131] [Task #45: fused_nn_contrib_conv2d_NCHWc_add_nn_relu_15] Trial #175: GFLOPs: 105.6307. Time: 2189.3368 us. Best GFLOPs: 178.0819
2024-05-19 20:10:32 [INFO] [task_scheduler.cc:131] [Task #45: fused_nn_contrib_conv2d_NCHWc_add_nn_relu_15] Trial #176: GFLOPs: 90.9517. Time: 2542.6801 us. Best GFLOPs: 178.0819
2024-05-19 20:10:32 [INFO] [task_scheduler.cc:131] [Task #45: fused_nn_contrib_conv2d_NCHWc_add_nn_relu_15] Trial #177: GFLOPs: 31.9687. Time: 7233.9774 us. Best GFLOPs: 178.0819
2024-05-19 20:10:32 [INFO] [task_scheduler.cc:131] [Task #45: fused_nn_contrib_conv2d_NCHWc_add_nn_relu_15] Trial #178: GFLOPs: 68.3293. Time: 3384.5077 us. Best GFLOPs: 178.0819
2024-05-19 20:10:32 [INFO] [task_scheduler.cc:131] [Task #45: fused_nn_contrib_conv2d_NCHWc_add_nn_relu_15] Trial #179: GFLOPs: 105.0677. Time: 2201.0673 us. Best GFLOPs: 178.0819
2024-05-19 20:10:32 [INFO] [task_scheduler.cc:131] [Task #45: fused_nn_contrib_conv2d_NCHWc_add_nn_relu_15] Trial #180: GFLOPs: 83.5826. Time: 2766.8582 us. Best GFLOPs: 178.0819
2024-05-19 20:10:32 [INFO] [task_scheduler.cc:131] [Task #45: fused_nn_contrib_conv2d_NCHWc_add_nn_relu_15] Trial #181: GFLOPs: 66.7358. Time: 3465.3253 us. Best GFLOPs: 178.0819
2024-05-19 20:10:32 [INFO] [task_scheduler.cc:131] [Task #45: fused_nn_contrib_conv2d_NCHWc_add_nn_relu_15] Trial #182: GFLOPs: 96.5847. Time: 2394.3876 us. Best GFLOPs: 178.0819
2024-05-19 20:10:32 [INFO] [task_scheduler.cc:131] [Task #45: fused_nn_contrib_conv2d_NCHWc_add_nn_relu_15] Trial #183: GFLOPs: 81.2846. Time: 2845.0784 us. Best GFLOPs: 178.0819
2024-05-19 20:10:32 [INFO] [task_scheduler.cc:131] [Task #45: fused_nn_contrib_conv2d_NCHWc_add_nn_relu_15] Trial #184: GFLOPs: 90.0916. Time: 2566.9571 us. Best GFLOPs: 178.0819
2024-05-19 20:10:32 [INFO] [task_scheduler.cc:131] [Task #45: fused_nn_contrib_conv2d_NCHWc_add_nn_relu_15] Trial #185: GFLOPs: 100.2683. Time: 2306.4237 us. Best GFLOPs: 178.0819
2024-05-19 20:10:32 [INFO] [task_scheduler.cc:131] [Task #45: fused_nn_contrib_conv2d_NCHWc_add_nn_relu_15] Trial #186: GFLOPs: 95.3928. Time: 2424.3039 us. Best GFLOPs: 178.0819
2024-05-19 20:10:32 [INFO] [task_scheduler.cc:131] [Task #45: fused_nn_contrib_conv2d_NCHWc_add_nn_relu_15] Trial #187: GFLOPs: 112.1637. Time: 2061.8186 us. Best GFLOPs: 178.0819
2024-05-19 20:10:32 [INFO] [task_scheduler.cc:131] [Task #45: fused_nn_contrib_conv2d_NCHWc_add_nn_relu_15] Trial #188: GFLOPs: 123.8049. Time: 1867.9490 us. Best GFLOPs: 178.0819
2024-05-19 20:10:32 [INFO] [task_scheduler.cc:131] [Task #45: fused_nn_contrib_conv2d_NCHWc_add_nn_relu_15] Trial #189: GFLOPs: 47.9401. Time: 4823.9563 us. Best GFLOPs: 178.0819
2024-05-19 20:10:32 [INFO] [task_scheduler.cc:131] [Task #45: fused_nn_contrib_conv2d_NCHWc_add_nn_relu_15] Trial #190: GFLOPs: 7.6097. Time: 30390.3464 us. Best GFLOPs: 178.0819
2024-05-19 20:10:32 [INFO] [task_scheduler.cc:131] [Task #45: fused_nn_contrib_conv2d_NCHWc_add_nn_relu_15] Trial #191: GFLOPs: 1.0568. Time: 218837.7570 us. Best GFLOPs: 178.0819
2024-05-19 20:10:32 [INFO] [task_scheduler.cc:131] [Task #45: fused_nn_contrib_conv2d_NCHWc_add_nn_relu_15] Trial #192: GFLOPs: 19.1592. Time: 12070.4802 us. Best GFLOPs: 178.0819
2024-05-19 20:47:11 [INFO] [evolutionary_search.cc:713] Generating candidates......
2024-05-19 20:47:12 [INFO] [evolutionary_search.cc:715] Picked top 102 candidate(s) from database
2024-05-19 20:47:14 [INFO] [evolutionary_search.cc:533] Sample-Init-Population summary:
Postproc #0 [meta_schedule.DisallowDynamicLoop(0xe9bfc28)]: 0 failure(s)
Postproc #1 [meta_schedule.RewriteParallelVectorizeUnroll(0xcedc968)]: 0 failure(s)
Postproc #2 [meta_schedule.RewriteReductionBlock(0xb8b9728)]: 0 failure(s)
Postproc #3 [meta_schedule.RewriteLayout(0xea2fb28)]: 0 failure(s)
2024-05-19 20:47:14 [INFO] [evolutionary_search.cc:723] Sampled 410 candidate(s)
2024-05-19 20:47:18 [INFO] [evolutionary_search.cc:621] Evolve iter #0 done. Summary:
Postproc #0 [meta_schedule.DisallowDynamicLoop(0xe9bfc28)]: 0 failure(s)
Postproc #1 [meta_schedule.RewriteParallelVectorizeUnroll(0xcedc968)]: 0 failure(s)
Postproc #2 [meta_schedule.RewriteReductionBlock(0xb8b9728)]: 0 failure(s)
Postproc #3 [meta_schedule.RewriteLayout(0xea2fb28)]: 0 failure(s)
2024-05-19 20:47:23 [INFO] [evolutionary_search.cc:621] Evolve iter #1 done. Summary:
Postproc #0 [meta_schedule.DisallowDynamicLoop(0xe9bfc28)]: 0 failure(s)
Postproc #1 [meta_schedule.RewriteParallelVectorizeUnroll(0xcedc968)]: 0 failure(s)
Postproc #2 [meta_schedule.RewriteReductionBlock(0xb8b9728)]: 0 failure(s)
Postproc #3 [meta_schedule.RewriteLayout(0xea2fb28)]: 0 failure(s)
2024-05-19 20:47:27 [INFO] [evolutionary_search.cc:621] Evolve iter #2 done. Summary:
Postproc #0 [meta_schedule.DisallowDynamicLoop(0xe9bfc28)]: 0 failure(s)
Postproc #1 [meta_schedule.RewriteParallelVectorizeUnroll(0xcedc968)]: 0 failure(s)
Postproc #2 [meta_schedule.RewriteReductionBlock(0xb8b9728)]: 0 failure(s)
Postproc #3 [meta_schedule.RewriteLayout(0xea2fb28)]: 0 failure(s)
2024-05-19 20:47:32 [INFO] [evolutionary_search.cc:621] Evolve iter #3 done. Summary:
Postproc #0 [meta_schedule.DisallowDynamicLoop(0xe9bfc28)]: 0 failure(s)
Postproc #1 [meta_schedule.RewriteParallelVectorizeUnroll(0xcedc968)]: 0 failure(s)
Postproc #2 [meta_schedule.RewriteReductionBlock(0xb8b9728)]: 0 failure(s)
Postproc #3 [meta_schedule.RewriteLayout(0xea2fb28)]: 0 failure(s)
2024-05-19 20:47:34 [INFO] [evolutionary_search.cc:649] Scores of the best 64 candidates:
[1 : 16]:	0.8483  0.8483  0.8480  0.8279  0.8115  0.8069  0.7992  0.7992  0.7992  0.7992  0.7992  0.7992  0.7992  0.7992  0.7992  0.7973
[17 : 32]:	0.7920  0.7842  0.7729  0.7728  0.7706  0.7662  0.7648  0.7578  0.7563  0.7563  0.7563  0.7563  0.7515  0.7475  0.7475  0.7412
[33 : 48]:	0.7408  0.7362  0.7350  0.7314  0.7311  0.7304  0.7289  0.7234  0.7234  0.7234  0.7234  0.7234  0.7234  0.7234  0.7234  0.7234
[49 : 64]:	0.7234  0.7234  0.7234  0.7234  0.7234  0.7234  0.7234  0.7234  0.7234  0.7229  0.7222  0.7190  0.7184  0.7141  0.7134  0.7119
2024-05-19 20:47:34 [INFO] [evolutionary_search.cc:727] Got 64 candidate(s) with evolutionary search
2024-05-19 20:47:35 [INFO] [evolutionary_search.cc:730] Sending 64 candidates(s) for measurement
2024-05-19 20:49:16 [INFO] [task_scheduler.cc:131] [Task #45: fused_nn_contrib_conv2d_NCHWc_add_nn_relu_15] Trial #193: GFLOPs: 174.2494. Time: 1327.1849 us. Best GFLOPs: 178.0819
2024-05-19 20:49:16 [INFO] [task_scheduler.cc:131] [Task #45: fused_nn_contrib_conv2d_NCHWc_add_nn_relu_15] Trial #194: GFLOPs: 106.3551. Time: 2174.4258 us. Best GFLOPs: 178.0819
2024-05-19 20:49:16 [INFO] [task_scheduler.cc:131] [Task #45: fused_nn_contrib_conv2d_NCHWc_add_nn_relu_15] Trial #195: GFLOPs: 60.6723. Time: 3811.6443 us. Best GFLOPs: 178.0819
2024-05-19 20:49:16 [INFO] [task_scheduler.cc:131] [Task #45: fused_nn_contrib_conv2d_NCHWc_add_nn_relu_15] Trial #196: GFLOPs: 105.7251. Time: 2187.3812 us. Best GFLOPs: 178.0819
2024-05-19 20:49:16 [INFO] [task_scheduler.cc:131] [Task #45: fused_nn_contrib_conv2d_NCHWc_add_nn_relu_15] Trial #197: GFLOPs: 168.0325. Time: 1376.2887 us. Best GFLOPs: 178.0819
2024-05-19 20:49:16 [INFO] [task_scheduler.cc:131] [Task #45: fused_nn_contrib_conv2d_NCHWc_add_nn_relu_15] Trial #198: GFLOPs: 57.4282. Time: 4026.9638 us. Best GFLOPs: 178.0819
2024-05-19 20:49:16 [INFO] [task_scheduler.cc:131] [Task #45: fused_nn_contrib_conv2d_NCHWc_add_nn_relu_15] Trial #199: GFLOPs: 112.5681. Time: 2054.4121 us. Best GFLOPs: 178.0819
2024-05-19 20:49:16 [INFO] [task_scheduler.cc:131] [Task #45: fused_nn_contrib_conv2d_NCHWc_add_nn_relu_15] Trial #200: GFLOPs: 113.0174. Time: 2046.2438 us. Best GFLOPs: 178.0819
2024-05-19 20:49:16 [INFO] [task_scheduler.cc:131] [Task #45: fused_nn_contrib_conv2d_NCHWc_add_nn_relu_15] Trial #201: GFLOPs: 89.6792. Time: 2578.7617 us. Best GFLOPs: 178.0819
2024-05-19 20:49:16 [INFO] [task_scheduler.cc:131] [Task #45: fused_nn_contrib_conv2d_NCHWc_add_nn_relu_15] Trial #202: GFLOPs: 86.1161. Time: 2685.4593 us. Best GFLOPs: 178.0819
2024-05-19 20:49:16 [INFO] [task_scheduler.cc:131] [Task #45: fused_nn_contrib_conv2d_NCHWc_add_nn_relu_15] Trial #203: GFLOPs: 152.0301. Time: 1521.1540 us. Best GFLOPs: 178.0819
2024-05-19 20:49:16 [INFO] [task_scheduler.cc:131] [Task #45: fused_nn_contrib_conv2d_NCHWc_add_nn_relu_15] Trial #204: GFLOPs: 163.4626. Time: 1414.7654 us. Best GFLOPs: 178.0819
2024-05-19 20:49:16 [INFO] [task_scheduler.cc:131] [Task #45: fused_nn_contrib_conv2d_NCHWc_add_nn_relu_15] Trial #205: GFLOPs: 87.0129. Time: 2657.7791 us. Best GFLOPs: 178.0819
2024-05-19 20:49:16 [INFO] [task_scheduler.cc:131] [Task #45: fused_nn_contrib_conv2d_NCHWc_add_nn_relu_15] Trial #206: GFLOPs: 63.4651. Time: 3643.9118 us. Best GFLOPs: 178.0819
2024-05-19 20:49:16 [INFO] [task_scheduler.cc:131] [Task #45: fused_nn_contrib_conv2d_NCHWc_add_nn_relu_15] Trial #207: GFLOPs: 85.6558. Time: 2699.8884 us. Best GFLOPs: 178.0819
2024-05-19 20:49:16 [INFO] [task_scheduler.cc:131] [Task #45: fused_nn_contrib_conv2d_NCHWc_add_nn_relu_15] Trial #208: GFLOPs: 171.4875. Time: 1348.5601 us. Best GFLOPs: 178.0819
2024-05-19 20:49:16 [INFO] [task_scheduler.cc:131] [Task #45: fused_nn_contrib_conv2d_NCHWc_add_nn_relu_15] Trial #209: GFLOPs: 122.9359. Time: 1881.1529 us. Best GFLOPs: 178.0819
2024-05-19 20:49:16 [INFO] [task_scheduler.cc:131] [Task #45: fused_nn_contrib_conv2d_NCHWc_add_nn_relu_15] Trial #210: GFLOPs: 125.2732. Time: 1846.0553 us. Best GFLOPs: 178.0819
2024-05-19 20:49:16 [INFO] [task_scheduler.cc:131] [Task #45: fused_nn_contrib_conv2d_NCHWc_add_nn_relu_15] Trial #211: GFLOPs: 157.3300. Time: 1469.9118 us. Best GFLOPs: 178.0819
2024-05-19 20:49:16 [INFO] [task_scheduler.cc:131] [Task #45: fused_nn_contrib_conv2d_NCHWc_add_nn_relu_15] Trial #212: GFLOPs: 170.6454. Time: 1355.2148 us. Best GFLOPs: 178.0819
2024-05-19 20:49:16 [INFO] [task_scheduler.cc:131] [Task #45: fused_nn_contrib_conv2d_NCHWc_add_nn_relu_15] Trial #213: GFLOPs: 74.9340. Time: 3086.1969 us. Best GFLOPs: 178.0819
2024-05-19 20:49:16 [INFO] [task_scheduler.cc:131] [Task #45: fused_nn_contrib_conv2d_NCHWc_add_nn_relu_15] Trial #214: GFLOPs: 53.8623. Time: 4293.5601 us. Best GFLOPs: 178.0819
2024-05-19 20:49:16 [INFO] [task_scheduler.cc:131] [Task #45: fused_nn_contrib_conv2d_NCHWc_add_nn_relu_15] Trial #215: GFLOPs: 61.6956. Time: 3748.4231 us. Best GFLOPs: 178.0819
2024-05-19 20:49:16 [INFO] [task_scheduler.cc:131] [Task #45: fused_nn_contrib_conv2d_NCHWc_add_nn_relu_15] Trial #216: GFLOPs: 161.6626. Time: 1430.5176 us. Best GFLOPs: 178.0819
2024-05-19 20:49:16 [INFO] [task_scheduler.cc:131] [Task #45: fused_nn_contrib_conv2d_NCHWc_add_nn_relu_15] Trial #217: GFLOPs: 85.8171. Time: 2694.8152 us. Best GFLOPs: 178.0819
2024-05-19 20:49:16 [INFO] [task_scheduler.cc:131] [Task #45: fused_nn_contrib_conv2d_NCHWc_add_nn_relu_15] Trial #218: GFLOPs: 97.7084. Time: 2366.8517 us. Best GFLOPs: 178.0819
2024-05-19 20:49:16 [INFO] [task_scheduler.cc:131] [Task #45: fused_nn_contrib_conv2d_NCHWc_add_nn_relu_15] Trial #219: GFLOPs: 65.1191. Time: 3551.3562 us. Best GFLOPs: 178.0819
2024-05-19 20:49:16 [INFO] [task_scheduler.cc:131] [Task #45: fused_nn_contrib_conv2d_NCHWc_add_nn_relu_15] Trial #220: GFLOPs: 85.2698. Time: 2712.1118 us. Best GFLOPs: 178.0819
2024-05-19 20:49:16 [INFO] [task_scheduler.cc:131] [Task #45: fused_nn_contrib_conv2d_NCHWc_add_nn_relu_15] Trial #221: GFLOPs: 78.0244. Time: 2963.9595 us. Best GFLOPs: 178.0819
2024-05-19 20:49:16 [INFO] [task_scheduler.cc:131] [Task #45: fused_nn_contrib_conv2d_NCHWc_add_nn_relu_15] Trial #222: GFLOPs: 138.2130. Time: 1673.2226 us. Best GFLOPs: 178.0819
2024-05-19 20:49:16 [INFO] [task_scheduler.cc:131] [Task #45: fused_nn_contrib_conv2d_NCHWc_add_nn_relu_15] Trial #223: GFLOPs: 112.2079. Time: 2061.0058 us. Best GFLOPs: 178.0819
2024-05-19 20:49:16 [INFO] [task_scheduler.cc:131] [Task #45: fused_nn_contrib_conv2d_NCHWc_add_nn_relu_15] Trial #224: GFLOPs: 159.5759. Time: 1449.2237 us. Best GFLOPs: 178.0819
2024-05-19 20:49:16 [INFO] [task_scheduler.cc:131] [Task #45: fused_nn_contrib_conv2d_NCHWc_add_nn_relu_15] Trial #225: GFLOPs: 154.0134. Time: 1501.5653 us. Best GFLOPs: 178.0819
2024-05-19 20:49:16 [INFO] [task_scheduler.cc:131] [Task #45: fused_nn_contrib_conv2d_NCHWc_add_nn_relu_15] Trial #226: GFLOPs: 91.0027. Time: 2541.2560 us. Best GFLOPs: 178.0819
2024-05-19 20:49:16 [INFO] [task_scheduler.cc:131] [Task #45: fused_nn_contrib_conv2d_NCHWc_add_nn_relu_15] Trial #227: GFLOPs: 111.1540. Time: 2080.5479 us. Best GFLOPs: 178.0819
2024-05-19 20:49:16 [INFO] [task_scheduler.cc:131] [Task #45: fused_nn_contrib_conv2d_NCHWc_add_nn_relu_15] Trial #228: GFLOPs: 53.6066. Time: 4314.0413 us. Best GFLOPs: 178.0819
2024-05-19 20:49:16 [INFO] [task_scheduler.cc:131] [Task #45: fused_nn_contrib_conv2d_NCHWc_add_nn_relu_15] Trial #229: GFLOPs: 50.6934. Time: 4561.9581 us. Best GFLOPs: 178.0819
2024-05-19 20:49:16 [INFO] [task_scheduler.cc:131] [Task #45: fused_nn_contrib_conv2d_NCHWc_add_nn_relu_15] Trial #230: GFLOPs: 164.1704. Time: 1408.6656 us. Best GFLOPs: 178.0819
2024-05-19 20:49:16 [INFO] [task_scheduler.cc:131] [Task #45: fused_nn_contrib_conv2d_NCHWc_add_nn_relu_15] Trial #231: GFLOPs: 90.6392. Time: 2551.4487 us. Best GFLOPs: 178.0819
2024-05-19 20:49:16 [INFO] [task_scheduler.cc:131] [Task #45: fused_nn_contrib_conv2d_NCHWc_add_nn_relu_15] Trial #232: GFLOPs: 77.2781. Time: 2992.5849 us. Best GFLOPs: 178.0819
2024-05-19 20:49:16 [INFO] [task_scheduler.cc:131] [Task #45: fused_nn_contrib_conv2d_NCHWc_add_nn_relu_15] Trial #233: GFLOPs: 75.1387. Time: 3077.7889 us. Best GFLOPs: 178.0819
2024-05-19 20:49:16 [INFO] [task_scheduler.cc:131] [Task #45: fused_nn_contrib_conv2d_NCHWc_add_nn_relu_15] Trial #234: GFLOPs: 105.1318. Time: 2199.7260 us. Best GFLOPs: 178.0819
2024-05-19 20:49:16 [INFO] [task_scheduler.cc:131] [Task #45: fused_nn_contrib_conv2d_NCHWc_add_nn_relu_15] Trial #235: GFLOPs: 113.3693. Time: 2039.8932 us. Best GFLOPs: 178.0819
2024-05-19 20:49:16 [INFO] [task_scheduler.cc:131] [Task #45: fused_nn_contrib_conv2d_NCHWc_add_nn_relu_15] Trial #236: GFLOPs: 107.9713. Time: 2141.8762 us. Best GFLOPs: 178.0819
2024-05-19 20:49:16 [INFO] [task_scheduler.cc:131] [Task #45: fused_nn_contrib_conv2d_NCHWc_add_nn_relu_15] Trial #237: GFLOPs: 71.9836. Time: 3212.6929 us. Best GFLOPs: 178.0819
2024-05-19 20:49:16 [INFO] [task_scheduler.cc:131] [Task #45: fused_nn_contrib_conv2d_NCHWc_add_nn_relu_15] Trial #238: GFLOPs: 90.9765. Time: 2541.9885 us. Best GFLOPs: 178.0819
2024-05-19 20:49:16 [INFO] [task_scheduler.cc:131] [Task #45: fused_nn_contrib_conv2d_NCHWc_add_nn_relu_15] Trial #239: GFLOPs: 52.5987. Time: 4396.7078 us. Best GFLOPs: 178.0819
2024-05-19 20:49:16 [INFO] [task_scheduler.cc:131] [Task #45: fused_nn_contrib_conv2d_NCHWc_add_nn_relu_15] Trial #240: GFLOPs: 58.5171. Time: 3952.0305 us. Best GFLOPs: 178.0819
2024-05-19 20:49:16 [INFO] [task_scheduler.cc:131] [Task #45: fused_nn_contrib_conv2d_NCHWc_add_nn_relu_15] Trial #241: GFLOPs: 75.1278. Time: 3078.2368 us. Best GFLOPs: 178.0819
2024-05-19 20:49:16 [INFO] [task_scheduler.cc:131] [Task #45: fused_nn_contrib_conv2d_NCHWc_add_nn_relu_15] Trial #242: GFLOPs: 114.1657. Time: 2025.6632 us. Best GFLOPs: 178.0819
2024-05-19 20:49:16 [INFO] [task_scheduler.cc:131] [Task #45: fused_nn_contrib_conv2d_NCHWc_add_nn_relu_15] Trial #243: GFLOPs: 100.5253. Time: 2300.5264 us. Best GFLOPs: 178.0819
2024-05-19 20:49:16 [INFO] [task_scheduler.cc:131] [Task #45: fused_nn_contrib_conv2d_NCHWc_add_nn_relu_15] Trial #244: GFLOPs: 70.0348. Time: 3302.0889 us. Best GFLOPs: 178.0819
2024-05-19 20:49:16 [INFO] [task_scheduler.cc:131] [Task #45: fused_nn_contrib_conv2d_NCHWc_add_nn_relu_15] Trial #245: GFLOPs: 152.8487. Time: 1513.0073 us. Best GFLOPs: 178.0819
2024-05-19 20:49:16 [INFO] [task_scheduler.cc:131] [Task #45: fused_nn_contrib_conv2d_NCHWc_add_nn_relu_15] Trial #246: GFLOPs: 61.2782. Time: 3773.9535 us. Best GFLOPs: 178.0819
2024-05-19 20:49:16 [INFO] [task_scheduler.cc:131] [Task #45: fused_nn_contrib_conv2d_NCHWc_add_nn_relu_15] Trial #247: GFLOPs: 74.6780. Time: 3096.7800 us. Best GFLOPs: 178.0819
2024-05-19 20:49:16 [INFO] [task_scheduler.cc:131] [Task #45: fused_nn_contrib_conv2d_NCHWc_add_nn_relu_15] Trial #248: GFLOPs: 75.1640. Time: 3076.7532 us. Best GFLOPs: 178.0819
2024-05-19 20:49:16 [INFO] [task_scheduler.cc:131] [Task #45: fused_nn_contrib_conv2d_NCHWc_add_nn_relu_15] Trial #249: GFLOPs: 65.4025. Time: 3535.9690 us. Best GFLOPs: 178.0819
2024-05-19 20:49:16 [INFO] [task_scheduler.cc:131] [Task #45: fused_nn_contrib_conv2d_NCHWc_add_nn_relu_15] Trial #250: GFLOPs: 130.9348. Time: 1766.2312 us. Best GFLOPs: 178.0819
2024-05-19 20:49:16 [INFO] [task_scheduler.cc:131] [Task #45: fused_nn_contrib_conv2d_NCHWc_add_nn_relu_15] Trial #251: GFLOPs: 82.4833. Time: 2803.7336 us. Best GFLOPs: 178.0819
2024-05-19 20:49:16 [INFO] [task_scheduler.cc:131] [Task #45: fused_nn_contrib_conv2d_NCHWc_add_nn_relu_15] Trial #252: GFLOPs: 88.8833. Time: 2601.8508 us. Best GFLOPs: 178.0819
2024-05-19 20:49:16 [INFO] [task_scheduler.cc:131] [Task #45: fused_nn_contrib_conv2d_NCHWc_add_nn_relu_15] Trial #253: GFLOPs: 117.9708. Time: 1960.3254 us. Best GFLOPs: 178.0819
2024-05-19 20:49:16 [INFO] [task_scheduler.cc:131] [Task #45: fused_nn_contrib_conv2d_NCHWc_add_nn_relu_15] Trial #254: GFLOPs: 132.4877. Time: 1745.5297 us. Best GFLOPs: 178.0819
2024-05-19 20:49:16 [INFO] [task_scheduler.cc:131] [Task #45: fused_nn_contrib_conv2d_NCHWc_add_nn_relu_15] Trial #255: GFLOPs: 9.3961. Time: 24612.4649 us. Best GFLOPs: 178.0819
2024-05-19 20:49:16 [INFO] [task_scheduler.cc:131] [Task #45: fused_nn_contrib_conv2d_NCHWc_add_nn_relu_15] Trial #256: GFLOPs: 1.1551. Time: 200217.0600 us. Best GFLOPs: 178.0819
