2024-05-19 18:48:37 [INFO] [task_scheduler.cc:160] Initializing Task #15: "fused_nn_contrib_conv2d_NCHWc_add_nn_relu_3"
2024-05-19 18:48:37 [INFO] [task_scheduler.cc:35] 
# from tvm.script import ir as I
# from tvm.script import tir as T

@I.ir_module
class Module:
    @T.prim_func
    def main(p0: T.Buffer((T.int64(1), T.int64(1), T.int64(56), T.int64(56), T.int64(64)), "float32"), p1: T.Buffer((T.int64(2), T.int64(1), T.int64(3), T.int64(3), T.int64(64), T.int64(32)), "float32"), p2: T.Buffer((T.int64(1), T.int64(2), T.int64(1), T.int64(1), T.int64(32)), "float32"), T_relu: T.Buffer((T.int64(1), T.int64(2), T.int64(56), T.int64(56), T.int64(32)), "float32")):
        T.func_attr({"tir.noalias": T.bool(True)})
        # with T.block("root"):
        data_pad = T.alloc_buffer((T.int64(1), T.int64(1), T.int64(58), T.int64(58), T.int64(64)))
        conv2d_NCHWc = T.alloc_buffer((T.int64(1), T.int64(2), T.int64(56), T.int64(56), T.int64(32)))
        T_add = T.alloc_buffer((T.int64(1), T.int64(2), T.int64(56), T.int64(56), T.int64(32)))
        for i0, i1, i2, i3, i4 in T.grid(T.int64(1), T.int64(1), T.int64(58), T.int64(58), T.int64(64)):
            with T.block("data_pad"):
                v_i0, v_i1, v_i2, v_i3, v_i4 = T.axis.remap("SSSSS", [i0, i1, i2, i3, i4])
                T.reads(p0[v_i0, v_i1, v_i2 - T.int64(1), v_i3 - T.int64(1), v_i4])
                T.writes(data_pad[v_i0, v_i1, v_i2, v_i3, v_i4])
                data_pad[v_i0, v_i1, v_i2, v_i3, v_i4] = T.if_then_else(T.int64(1) <= v_i2 and v_i2 < T.int64(57) and T.int64(1) <= v_i3 and v_i3 < T.int64(57), p0[v_i0, v_i1, v_i2 - T.int64(1), v_i3 - T.int64(1), v_i4], T.float32(0))
        for n, oc_chunk, oh, ow, oc_block, ic, kh, kw in T.grid(T.int64(1), T.int64(2), T.int64(56), T.int64(56), T.int64(32), T.int64(64), T.int64(3), T.int64(3)):
            with T.block("conv2d_NCHWc"):
                v_n, v_oc_chunk, v_oh, v_ow, v_oc_block, v_ic, v_kh, v_kw = T.axis.remap("SSSSSRRR", [n, oc_chunk, oh, ow, oc_block, ic, kh, kw])
                T.reads(data_pad[v_n, v_ic // T.int64(64), v_oh + v_kh, v_ow + v_kw, v_ic % T.int64(64)], p1[v_oc_chunk, v_ic // T.int64(64), v_kh, v_kw, v_ic % T.int64(64), v_oc_block])
                T.writes(conv2d_NCHWc[v_n, v_oc_chunk, v_oh, v_ow, v_oc_block])
                with T.init():
                    conv2d_NCHWc[v_n, v_oc_chunk, v_oh, v_ow, v_oc_block] = T.float32(0)
                conv2d_NCHWc[v_n, v_oc_chunk, v_oh, v_ow, v_oc_block] = conv2d_NCHWc[v_n, v_oc_chunk, v_oh, v_ow, v_oc_block] + data_pad[v_n, v_ic // T.int64(64), v_oh + v_kh, v_ow + v_kw, v_ic % T.int64(64)] * p1[v_oc_chunk, v_ic // T.int64(64), v_kh, v_kw, v_ic % T.int64(64), v_oc_block]
        for ax0, ax1, ax2, ax3, ax4 in T.grid(T.int64(1), T.int64(2), T.int64(56), T.int64(56), T.int64(32)):
            with T.block("T_add"):
                v_ax0, v_ax1, v_ax2, v_ax3, v_ax4 = T.axis.remap("SSSSS", [ax0, ax1, ax2, ax3, ax4])
                T.reads(conv2d_NCHWc[v_ax0, v_ax1, v_ax2, v_ax3, v_ax4], p2[v_ax0, v_ax1, T.int64(0), T.int64(0), v_ax4])
                T.writes(T_add[v_ax0, v_ax1, v_ax2, v_ax3, v_ax4])
                T_add[v_ax0, v_ax1, v_ax2, v_ax3, v_ax4] = conv2d_NCHWc[v_ax0, v_ax1, v_ax2, v_ax3, v_ax4] + p2[v_ax0, v_ax1, T.int64(0), T.int64(0), v_ax4]
        for ax0, ax1, ax2, ax3, ax4 in T.grid(T.int64(1), T.int64(2), T.int64(56), T.int64(56), T.int64(32)):
            with T.block("T_relu"):
                v_ax0, v_ax1, v_ax2, v_ax3, v_ax4 = T.axis.remap("SSSSS", [ax0, ax1, ax2, ax3, ax4])
                T.reads(T_add[v_ax0, v_ax1, v_ax2, v_ax3, v_ax4])
                T.writes(T_relu[v_ax0, v_ax1, v_ax2, v_ax3, v_ax4])
                T_relu[v_ax0, v_ax1, v_ax2, v_ax3, v_ax4] = T.max(T_add[v_ax0, v_ax1, v_ax2, v_ax3, v_ax4], T.float32(0))
2024-05-19 18:48:37 [INFO] [task_scheduler.cc:164] Total 3 design space(s) generated
2024-05-19 18:48:37 [INFO] [task_scheduler.cc:170] Design space #0:
# from tvm.script import ir as I
# from tvm.script import tir as T

@I.ir_module
class Module:
    @T.prim_func
    def main(p0: T.Buffer((T.int64(1), T.int64(1), T.int64(56), T.int64(56), T.int64(64)), "float32"), p1: T.Buffer((T.int64(2), T.int64(1), T.int64(3), T.int64(3), T.int64(64), T.int64(32)), "float32"), p2: T.Buffer((T.int64(1), T.int64(2), T.int64(1), T.int64(1), T.int64(32)), "float32"), T_relu: T.Buffer((T.int64(1), T.int64(2), T.int64(56), T.int64(56), T.int64(32)), "float32")):
        T.func_attr({"tir.noalias": T.bool(True)})
        with T.block("root"):
            T.reads()
            T.writes()
            T.block_attr({"meta_schedule.parallel": 96, "meta_schedule.unroll_explicit": 64, "meta_schedule.vectorize": 64})
            data_pad = T.alloc_buffer((T.int64(1), T.int64(1), T.int64(58), T.int64(58), T.int64(64)))
            conv2d_NCHWc = T.alloc_buffer((T.int64(1), T.int64(2), T.int64(56), T.int64(56), T.int64(32)))
            for n_0, oc_chunk_0, oh_0, ow_0, oc_block_0, n_1, oc_chunk_1, oh_1, ow_1, oc_block_1, ic_0, kh_0 in T.grid(T.int64(1), T.int64(1), T.int64(1), T.int64(2), T.int64(1), T.int64(1), T.int64(2), T.int64(4), T.int64(2), T.int64(2), T.int64(32), T.int64(3)):
                for ax0, ax1, ax2, ax3, ax4 in T.grid(T.int64(1), T.int64(1), T.int64(14), T.int64(16), T.int64(2)):
                    with T.block("data_pad"):
                        v_i0, v_i1 = T.axis.remap("SS", [ax0, ax1])
                        v_i2 = T.axis.spatial(T.int64(58), oh_1 * T.int64(14) + kh_0 + ax2)
                        v_i3 = T.axis.spatial(T.int64(58), ow_0 * T.int64(28) + ow_1 * T.int64(14) + ax3)
                        v_i4 = T.axis.spatial(T.int64(64), ic_0 * T.int64(2) + ax4)
                        T.reads(p0[v_i0, v_i1, v_i2 - T.int64(1), v_i3 - T.int64(1), v_i4])
                        T.writes(data_pad[v_i0, v_i1, v_i2, v_i3, v_i4])
                        data_pad[v_i0, v_i1, v_i2, v_i3, v_i4] = T.if_then_else(T.int64(1) <= v_i2 and v_i2 < T.int64(57) and T.int64(1) <= v_i3 and v_i3 < T.int64(57), p0[v_i0, v_i1, v_i2 - T.int64(1), v_i3 - T.int64(1), v_i4], T.float32(0))
                for kw_0, n_2, oc_chunk_2, oh_2, ow_2, oc_block_2, ic_1, kh_1, kw_1, n_3, oc_chunk_3, oh_3, ow_3, oc_block_3 in T.grid(T.int64(1), T.int64(1), T.int64(1), T.int64(1), T.int64(1), T.int64(2), T.int64(2), T.int64(1), T.int64(3), T.int64(1), T.int64(1), T.int64(14), T.int64(14), T.int64(8)):
                    with T.block("conv2d_NCHWc"):
                        v_n = T.axis.spatial(T.int64(1), n_0 + n_1 + n_2 + n_3)
                        v_oc_chunk = T.axis.spatial(T.int64(2), oc_chunk_0 * T.int64(2) + oc_chunk_1 + oc_chunk_2 + oc_chunk_3)
                        v_oh = T.axis.spatial(T.int64(56), oh_0 * T.int64(56) + oh_1 * T.int64(14) + oh_2 * T.int64(14) + oh_3)
                        v_ow = T.axis.spatial(T.int64(56), ow_0 * T.int64(28) + ow_1 * T.int64(14) + ow_2 * T.int64(14) + ow_3)
                        v_oc_block = T.axis.spatial(T.int64(32), oc_block_0 * T.int64(32) + oc_block_1 * T.int64(16) + oc_block_2 * T.int64(8) + oc_block_3)
                        v_ic = T.axis.reduce(T.int64(64), ic_0 * T.int64(2) + ic_1)
                        v_kh = T.axis.reduce(T.int64(3), kh_0 + kh_1)
                        v_kw = T.axis.reduce(T.int64(3), kw_0 * T.int64(3) + kw_1)
                        T.reads(data_pad[v_n, v_ic // T.int64(64), v_oh + v_kh, v_ow + v_kw, v_ic % T.int64(64)], p1[v_oc_chunk, v_ic // T.int64(64), v_kh, v_kw, v_ic % T.int64(64), v_oc_block])
                        T.writes(conv2d_NCHWc[v_n, v_oc_chunk, v_oh, v_ow, v_oc_block])
                        T.block_attr({"meta_schedule.tiling_structure": "SSRSRS"})
                        with T.init():
                            conv2d_NCHWc[v_n, v_oc_chunk, v_oh, v_ow, v_oc_block] = T.float32(0)
                        conv2d_NCHWc[v_n, v_oc_chunk, v_oh, v_ow, v_oc_block] = conv2d_NCHWc[v_n, v_oc_chunk, v_oh, v_ow, v_oc_block] + data_pad[v_n, v_ic // T.int64(64), v_oh + v_kh, v_ow + v_kw, v_ic % T.int64(64)] * p1[v_oc_chunk, v_ic // T.int64(64), v_kh, v_kw, v_ic % T.int64(64), v_oc_block]
            for ax0, ax1, ax2, ax3, ax4 in T.grid(T.int64(1), T.int64(2), T.int64(56), T.int64(56), T.int64(32)):
                with T.block("T_relu"):
                    v_ax0, v_ax1, v_ax2, v_ax3, v_ax4 = T.axis.remap("SSSSS", [ax0, ax1, ax2, ax3, ax4])
                    T.reads(conv2d_NCHWc[v_ax0, v_ax1, v_ax2, v_ax3, v_ax4], p2[v_ax0, v_ax1, T.int64(0), T.int64(0), v_ax4])
                    T.writes(T_relu[v_ax0, v_ax1, v_ax2, v_ax3, v_ax4])
                    T_relu[v_ax0, v_ax1, v_ax2, v_ax3, v_ax4] = T.max(conv2d_NCHWc[v_ax0, v_ax1, v_ax2, v_ax3, v_ax4] + p2[v_ax0, v_ax1, T.int64(0), T.int64(0), v_ax4], T.float32(0))
b0 = sch.get_block(name="data_pad", func_name="main")
b1 = sch.get_block(name="conv2d_NCHWc", func_name="main")
b2 = sch.get_block(name="T_add", func_name="main")
b3 = sch.get_block(name="root", func_name="main")
sch.compute_inline(block=b2)
sch.annotate(block_or_loop=b1, ann_key="meta_schedule.tiling_structure", ann_val="SSRSRS")
l4, l5, l6, l7, l8, l9, l10, l11 = sch.get_loops(block=b1)
v12, v13, v14, v15 = sch.sample_perfect_tile(loop=l4, n=4, max_innermost_factor=64, decision=[1, 1, 1, 1])
l16, l17, l18, l19 = sch.split(loop=l4, factors=[v12, v13, v14, v15], preserve_unit_iters=True, disable_predication=False)
v20, v21, v22, v23 = sch.sample_perfect_tile(loop=l5, n=4, max_innermost_factor=64, decision=[1, 2, 1, 1])
l24, l25, l26, l27 = sch.split(loop=l5, factors=[v20, v21, v22, v23], preserve_unit_iters=True, disable_predication=False)
v28, v29, v30, v31 = sch.sample_perfect_tile(loop=l6, n=4, max_innermost_factor=64, decision=[1, 4, 1, 14])
l32, l33, l34, l35 = sch.split(loop=l6, factors=[v28, v29, v30, v31], preserve_unit_iters=True, disable_predication=False)
v36, v37, v38, v39 = sch.sample_perfect_tile(loop=l7, n=4, max_innermost_factor=64, decision=[2, 2, 1, 14])
l40, l41, l42, l43 = sch.split(loop=l7, factors=[v36, v37, v38, v39], preserve_unit_iters=True, disable_predication=False)
v44, v45, v46, v47 = sch.sample_perfect_tile(loop=l8, n=4, max_innermost_factor=64, decision=[1, 2, 2, 8])
l48, l49, l50, l51 = sch.split(loop=l8, factors=[v44, v45, v46, v47], preserve_unit_iters=True, disable_predication=False)
v52, v53 = sch.sample_perfect_tile(loop=l9, n=2, max_innermost_factor=64, decision=[32, 2])
l54, l55 = sch.split(loop=l9, factors=[v52, v53], preserve_unit_iters=True, disable_predication=False)
v56, v57 = sch.sample_perfect_tile(loop=l10, n=2, max_innermost_factor=64, decision=[3, 1])
l58, l59 = sch.split(loop=l10, factors=[v56, v57], preserve_unit_iters=True, disable_predication=False)
v60, v61 = sch.sample_perfect_tile(loop=l11, n=2, max_innermost_factor=64, decision=[1, 3])
l62, l63 = sch.split(loop=l11, factors=[v60, v61], preserve_unit_iters=True, disable_predication=False)
sch.reorder(l16, l24, l32, l40, l48, l17, l25, l33, l41, l49, l54, l58, l62, l18, l26, l34, l42, l50, l55, l59, l63, l19, l27, l35, l43, l51)
sch.annotate(block_or_loop=b3, ann_key="meta_schedule.parallel", ann_val=96)
sch.annotate(block_or_loop=b3, ann_key="meta_schedule.vectorize", ann_val=64)
v64 = sch.sample_categorical(candidates=[0, 16, 64, 512], probs=[0.25, 0.25, 0.25, 0.25], decision=2)
sch.annotate(block_or_loop=b3, ann_key="meta_schedule.unroll_explicit", ann_val=v64)
l65 = sch.sample_compute_location(block=b0, decision=11)
sch.compute_at(block=b0, loop=l65, preserve_unit_loops=True, index=-1)
2024-05-19 18:48:37 [INFO] [task_scheduler.cc:170] Design space #1:
# from tvm.script import ir as I
# from tvm.script import tir as T

@I.ir_module
class Module:
    @T.prim_func
    def main(p0: T.Buffer((T.int64(1), T.int64(1), T.int64(56), T.int64(56), T.int64(64)), "float32"), p1: T.Buffer((T.int64(2), T.int64(1), T.int64(3), T.int64(3), T.int64(64), T.int64(32)), "float32"), p2: T.Buffer((T.int64(1), T.int64(2), T.int64(1), T.int64(1), T.int64(32)), "float32"), T_relu: T.Buffer((T.int64(1), T.int64(2), T.int64(56), T.int64(56), T.int64(32)), "float32")):
        T.func_attr({"tir.noalias": T.bool(True)})
        with T.block("root"):
            T.reads()
            T.writes()
            T.block_attr({"meta_schedule.parallel": 96, "meta_schedule.unroll_explicit": 64, "meta_schedule.vectorize": 64})
            data_pad = T.alloc_buffer((T.int64(1), T.int64(1), T.int64(58), T.int64(58), T.int64(64)))
            conv2d_NCHWc = T.alloc_buffer((T.int64(1), T.int64(2), T.int64(56), T.int64(56), T.int64(32)))
            for n_0, oc_chunk_0, oh_0, ow_0, oc_block_0, n_1, oc_chunk_1, oh_1, ow_1, oc_block_1 in T.grid(T.int64(1), T.int64(1), T.int64(1), T.int64(2), T.int64(1), T.int64(1), T.int64(2), T.int64(4), T.int64(2), T.int64(2)):
                for ic_0, kh_0 in T.grid(T.int64(32), T.int64(3)):
                    for ax0, ax1, ax2, ax3, ax4 in T.grid(T.int64(1), T.int64(1), T.int64(14), T.int64(16), T.int64(2)):
                        with T.block("data_pad"):
                            v_i0, v_i1 = T.axis.remap("SS", [ax0, ax1])
                            v_i2 = T.axis.spatial(T.int64(58), oh_1 * T.int64(14) + kh_0 + ax2)
                            v_i3 = T.axis.spatial(T.int64(58), ow_0 * T.int64(28) + ow_1 * T.int64(14) + ax3)
                            v_i4 = T.axis.spatial(T.int64(64), ic_0 * T.int64(2) + ax4)
                            T.reads(p0[v_i0, v_i1, v_i2 - T.int64(1), v_i3 - T.int64(1), v_i4])
                            T.writes(data_pad[v_i0, v_i1, v_i2, v_i3, v_i4])
                            data_pad[v_i0, v_i1, v_i2, v_i3, v_i4] = T.if_then_else(T.int64(1) <= v_i2 and v_i2 < T.int64(57) and T.int64(1) <= v_i3 and v_i3 < T.int64(57), p0[v_i0, v_i1, v_i2 - T.int64(1), v_i3 - T.int64(1), v_i4], T.float32(0))
                    for kw_0, n_2, oc_chunk_2, oh_2, ow_2, oc_block_2, ic_1, kh_1, kw_1, n_3, oc_chunk_3, oh_3, ow_3, oc_block_3 in T.grid(T.int64(1), T.int64(1), T.int64(1), T.int64(1), T.int64(1), T.int64(2), T.int64(2), T.int64(1), T.int64(3), T.int64(1), T.int64(1), T.int64(14), T.int64(14), T.int64(8)):
                        with T.block("conv2d_NCHWc"):
                            v_n = T.axis.spatial(T.int64(1), n_0 + n_1 + n_2 + n_3)
                            v_oc_chunk = T.axis.spatial(T.int64(2), oc_chunk_0 * T.int64(2) + oc_chunk_1 + oc_chunk_2 + oc_chunk_3)
                            v_oh = T.axis.spatial(T.int64(56), oh_0 * T.int64(56) + oh_1 * T.int64(14) + oh_2 * T.int64(14) + oh_3)
                            v_ow = T.axis.spatial(T.int64(56), ow_0 * T.int64(28) + ow_1 * T.int64(14) + ow_2 * T.int64(14) + ow_3)
                            v_oc_block = T.axis.spatial(T.int64(32), oc_block_0 * T.int64(32) + oc_block_1 * T.int64(16) + oc_block_2 * T.int64(8) + oc_block_3)
                            v_ic = T.axis.reduce(T.int64(64), ic_0 * T.int64(2) + ic_1)
                            v_kh = T.axis.reduce(T.int64(3), kh_0 + kh_1)
                            v_kw = T.axis.reduce(T.int64(3), kw_0 * T.int64(3) + kw_1)
                            T.reads(data_pad[v_n, v_ic // T.int64(64), v_oh + v_kh, v_ow + v_kw, v_ic % T.int64(64)], p1[v_oc_chunk, v_ic // T.int64(64), v_kh, v_kw, v_ic % T.int64(64), v_oc_block])
                            T.writes(conv2d_NCHWc[v_n, v_oc_chunk, v_oh, v_ow, v_oc_block])
                            T.block_attr({"meta_schedule.tiling_structure": "SSRSRS"})
                            with T.init():
                                conv2d_NCHWc[v_n, v_oc_chunk, v_oh, v_ow, v_oc_block] = T.float32(0)
                            conv2d_NCHWc[v_n, v_oc_chunk, v_oh, v_ow, v_oc_block] = conv2d_NCHWc[v_n, v_oc_chunk, v_oh, v_ow, v_oc_block] + data_pad[v_n, v_ic // T.int64(64), v_oh + v_kh, v_ow + v_kw, v_ic % T.int64(64)] * p1[v_oc_chunk, v_ic // T.int64(64), v_kh, v_kw, v_ic % T.int64(64), v_oc_block]
                for ax0, ax1, ax2, ax3, ax4 in T.grid(T.int64(1), T.int64(1), T.int64(14), T.int64(14), T.int64(16)):
                    with T.block("T_relu"):
                        v_ax0 = T.axis.spatial(T.int64(1), ax0)
                        v_ax1 = T.axis.spatial(T.int64(2), oc_chunk_1 + ax1)
                        v_ax2 = T.axis.spatial(T.int64(56), oh_1 * T.int64(14) + ax2)
                        v_ax3 = T.axis.spatial(T.int64(56), ow_0 * T.int64(28) + ow_1 * T.int64(14) + ax3)
                        v_ax4 = T.axis.spatial(T.int64(32), oc_block_1 * T.int64(16) + ax4)
                        T.reads(conv2d_NCHWc[v_ax0, v_ax1, v_ax2, v_ax3, v_ax4], p2[v_ax0, v_ax1, T.int64(0), T.int64(0), v_ax4])
                        T.writes(T_relu[v_ax0, v_ax1, v_ax2, v_ax3, v_ax4])
                        T_relu[v_ax0, v_ax1, v_ax2, v_ax3, v_ax4] = T.max(conv2d_NCHWc[v_ax0, v_ax1, v_ax2, v_ax3, v_ax4] + p2[v_ax0, v_ax1, T.int64(0), T.int64(0), v_ax4], T.float32(0))
b0 = sch.get_block(name="data_pad", func_name="main")
b1 = sch.get_block(name="conv2d_NCHWc", func_name="main")
b2 = sch.get_block(name="T_add", func_name="main")
b3 = sch.get_block(name="root", func_name="main")
sch.compute_inline(block=b2)
sch.annotate(block_or_loop=b1, ann_key="meta_schedule.tiling_structure", ann_val="SSRSRS")
l4, l5, l6, l7, l8, l9, l10, l11 = sch.get_loops(block=b1)
v12, v13, v14, v15 = sch.sample_perfect_tile(loop=l4, n=4, max_innermost_factor=64, decision=[1, 1, 1, 1])
l16, l17, l18, l19 = sch.split(loop=l4, factors=[v12, v13, v14, v15], preserve_unit_iters=True, disable_predication=False)
v20, v21, v22, v23 = sch.sample_perfect_tile(loop=l5, n=4, max_innermost_factor=64, decision=[1, 2, 1, 1])
l24, l25, l26, l27 = sch.split(loop=l5, factors=[v20, v21, v22, v23], preserve_unit_iters=True, disable_predication=False)
v28, v29, v30, v31 = sch.sample_perfect_tile(loop=l6, n=4, max_innermost_factor=64, decision=[1, 4, 1, 14])
l32, l33, l34, l35 = sch.split(loop=l6, factors=[v28, v29, v30, v31], preserve_unit_iters=True, disable_predication=False)
v36, v37, v38, v39 = sch.sample_perfect_tile(loop=l7, n=4, max_innermost_factor=64, decision=[2, 2, 1, 14])
l40, l41, l42, l43 = sch.split(loop=l7, factors=[v36, v37, v38, v39], preserve_unit_iters=True, disable_predication=False)
v44, v45, v46, v47 = sch.sample_perfect_tile(loop=l8, n=4, max_innermost_factor=64, decision=[1, 2, 2, 8])
l48, l49, l50, l51 = sch.split(loop=l8, factors=[v44, v45, v46, v47], preserve_unit_iters=True, disable_predication=False)
v52, v53 = sch.sample_perfect_tile(loop=l9, n=2, max_innermost_factor=64, decision=[32, 2])
l54, l55 = sch.split(loop=l9, factors=[v52, v53], preserve_unit_iters=True, disable_predication=False)
v56, v57 = sch.sample_perfect_tile(loop=l10, n=2, max_innermost_factor=64, decision=[3, 1])
l58, l59 = sch.split(loop=l10, factors=[v56, v57], preserve_unit_iters=True, disable_predication=False)
v60, v61 = sch.sample_perfect_tile(loop=l11, n=2, max_innermost_factor=64, decision=[1, 3])
l62, l63 = sch.split(loop=l11, factors=[v60, v61], preserve_unit_iters=True, disable_predication=False)
sch.reorder(l16, l24, l32, l40, l48, l17, l25, l33, l41, l49, l54, l58, l62, l18, l26, l34, l42, l50, l55, l59, l63, l19, l27, l35, l43, l51)
b64, = sch.get_consumers(block=b1)
sch.reverse_compute_at(block=b64, loop=l49, preserve_unit_loops=True, index=-1)
sch.annotate(block_or_loop=b3, ann_key="meta_schedule.parallel", ann_val=96)
sch.annotate(block_or_loop=b3, ann_key="meta_schedule.vectorize", ann_val=64)
v65 = sch.sample_categorical(candidates=[0, 16, 64, 512], probs=[0.25, 0.25, 0.25, 0.25], decision=2)
sch.annotate(block_or_loop=b3, ann_key="meta_schedule.unroll_explicit", ann_val=v65)
l66 = sch.sample_compute_location(block=b0, decision=11)
sch.compute_at(block=b0, loop=l66, preserve_unit_loops=True, index=-1)
2024-05-19 18:48:37 [INFO] [task_scheduler.cc:170] Design space #2:
# from tvm.script import ir as I
# from tvm.script import tir as T

@I.ir_module
class Module:
    @T.prim_func
    def main(p0: T.Buffer((T.int64(1), T.int64(1), T.int64(56), T.int64(56), T.int64(64)), "float32"), p1: T.Buffer((T.int64(2), T.int64(1), T.int64(3), T.int64(3), T.int64(64), T.int64(32)), "float32"), p2: T.Buffer((T.int64(1), T.int64(2), T.int64(1), T.int64(1), T.int64(32)), "float32"), T_relu: T.Buffer((T.int64(1), T.int64(2), T.int64(56), T.int64(56), T.int64(32)), "float32")):
        T.func_attr({"tir.noalias": T.bool(True)})
        with T.block("root"):
            T.reads()
            T.writes()
            T.block_attr({"meta_schedule.parallel": 96, "meta_schedule.unroll_explicit": 0, "meta_schedule.vectorize": 64})
            data_pad = T.alloc_buffer((T.int64(1), T.int64(1), T.int64(58), T.int64(58), T.int64(64)))
            conv2d_NCHWc = T.alloc_buffer((T.int64(1), T.int64(2), T.int64(56), T.int64(56), T.int64(32)))
            for n_0, oc_chunk_0, oh_0, ow_0, oc_block_0 in T.grid(T.int64(1), T.int64(1), T.int64(1), T.int64(2), T.int64(1)):
                for n_1, oc_chunk_1 in T.grid(T.int64(1), T.int64(2)):
                    for ax0, ax1, ax2, ax3, ax4 in T.grid(T.int64(1), T.int64(1), T.int64(58), T.int64(30), T.int64(64)):
                        with T.block("data_pad"):
                            v_i0, v_i1, v_i2 = T.axis.remap("SSS", [ax0, ax1, ax2])
                            v_i3 = T.axis.spatial(T.int64(58), ow_0 * T.int64(28) + ax3)
                            v_i4 = T.axis.spatial(T.int64(64), ax4)
                            T.reads(p0[v_i0, v_i1, v_i2 - T.int64(1), v_i3 - T.int64(1), v_i4])
                            T.writes(data_pad[v_i0, v_i1, v_i2, v_i3, v_i4])
                            data_pad[v_i0, v_i1, v_i2, v_i3, v_i4] = T.if_then_else(T.int64(1) <= v_i2 and v_i2 < T.int64(57) and T.int64(1) <= v_i3 and v_i3 < T.int64(57), p0[v_i0, v_i1, v_i2 - T.int64(1), v_i3 - T.int64(1), v_i4], T.float32(0))
                    for oh_1, ow_1, oc_block_1, ic_0, kh_0, kw_0, n_2, oc_chunk_2, oh_2, ow_2, oc_block_2, ic_1, kh_1, kw_1, n_3, oc_chunk_3, oh_3, ow_3, oc_block_3 in T.grid(T.int64(4), T.int64(2), T.int64(2), T.int64(32), T.int64(3), T.int64(1), T.int64(1), T.int64(1), T.int64(1), T.int64(1), T.int64(2), T.int64(2), T.int64(1), T.int64(3), T.int64(1), T.int64(1), T.int64(14), T.int64(14), T.int64(8)):
                        with T.block("conv2d_NCHWc"):
                            v_n = T.axis.spatial(T.int64(1), n_0 + n_1 + n_2 + n_3)
                            v_oc_chunk = T.axis.spatial(T.int64(2), oc_chunk_0 * T.int64(2) + oc_chunk_1 + oc_chunk_2 + oc_chunk_3)
                            v_oh = T.axis.spatial(T.int64(56), oh_0 * T.int64(56) + oh_1 * T.int64(14) + oh_2 * T.int64(14) + oh_3)
                            v_ow = T.axis.spatial(T.int64(56), ow_0 * T.int64(28) + ow_1 * T.int64(14) + ow_2 * T.int64(14) + ow_3)
                            v_oc_block = T.axis.spatial(T.int64(32), oc_block_0 * T.int64(32) + oc_block_1 * T.int64(16) + oc_block_2 * T.int64(8) + oc_block_3)
                            v_ic = T.axis.reduce(T.int64(64), ic_0 * T.int64(2) + ic_1)
                            v_kh = T.axis.reduce(T.int64(3), kh_0 + kh_1)
                            v_kw = T.axis.reduce(T.int64(3), kw_0 * T.int64(3) + kw_1)
                            T.reads(data_pad[v_n, v_ic // T.int64(64), v_oh + v_kh, v_ow + v_kw, v_ic % T.int64(64)], p1[v_oc_chunk, v_ic // T.int64(64), v_kh, v_kw, v_ic % T.int64(64), v_oc_block])
                            T.writes(conv2d_NCHWc[v_n, v_oc_chunk, v_oh, v_ow, v_oc_block])
                            T.block_attr({"meta_schedule.tiling_structure": "SSRSRS"})
                            with T.init():
                                conv2d_NCHWc[v_n, v_oc_chunk, v_oh, v_ow, v_oc_block] = T.float32(0)
                            conv2d_NCHWc[v_n, v_oc_chunk, v_oh, v_ow, v_oc_block] = conv2d_NCHWc[v_n, v_oc_chunk, v_oh, v_ow, v_oc_block] + data_pad[v_n, v_ic // T.int64(64), v_oh + v_kh, v_ow + v_kw, v_ic % T.int64(64)] * p1[v_oc_chunk, v_ic // T.int64(64), v_kh, v_kw, v_ic % T.int64(64), v_oc_block]
                for ax0, ax1, ax2, ax3, ax4 in T.grid(T.int64(1), T.int64(2), T.int64(56), T.int64(28), T.int64(32)):
                    with T.block("T_relu"):
                        v_ax0, v_ax1, v_ax2 = T.axis.remap("SSS", [ax0, ax1, ax2])
                        v_ax3 = T.axis.spatial(T.int64(56), ow_0 * T.int64(28) + ax3)
                        v_ax4 = T.axis.spatial(T.int64(32), ax4)
                        T.reads(conv2d_NCHWc[v_ax0, v_ax1, v_ax2, v_ax3, v_ax4], p2[v_ax0, v_ax1, T.int64(0), T.int64(0), v_ax4])
                        T.writes(T_relu[v_ax0, v_ax1, v_ax2, v_ax3, v_ax4])
                        T_relu[v_ax0, v_ax1, v_ax2, v_ax3, v_ax4] = T.max(conv2d_NCHWc[v_ax0, v_ax1, v_ax2, v_ax3, v_ax4] + p2[v_ax0, v_ax1, T.int64(0), T.int64(0), v_ax4], T.float32(0))
b0 = sch.get_block(name="data_pad", func_name="main")
b1 = sch.get_block(name="conv2d_NCHWc", func_name="main")
b2 = sch.get_block(name="T_add", func_name="main")
b3 = sch.get_block(name="root", func_name="main")
sch.compute_inline(block=b2)
sch.annotate(block_or_loop=b1, ann_key="meta_schedule.tiling_structure", ann_val="SSRSRS")
l4, l5, l6, l7, l8, l9, l10, l11 = sch.get_loops(block=b1)
v12, v13, v14, v15 = sch.sample_perfect_tile(loop=l4, n=4, max_innermost_factor=64, decision=[1, 1, 1, 1])
l16, l17, l18, l19 = sch.split(loop=l4, factors=[v12, v13, v14, v15], preserve_unit_iters=True, disable_predication=False)
v20, v21, v22, v23 = sch.sample_perfect_tile(loop=l5, n=4, max_innermost_factor=64, decision=[1, 2, 1, 1])
l24, l25, l26, l27 = sch.split(loop=l5, factors=[v20, v21, v22, v23], preserve_unit_iters=True, disable_predication=False)
v28, v29, v30, v31 = sch.sample_perfect_tile(loop=l6, n=4, max_innermost_factor=64, decision=[1, 4, 1, 14])
l32, l33, l34, l35 = sch.split(loop=l6, factors=[v28, v29, v30, v31], preserve_unit_iters=True, disable_predication=False)
v36, v37, v38, v39 = sch.sample_perfect_tile(loop=l7, n=4, max_innermost_factor=64, decision=[2, 2, 1, 14])
l40, l41, l42, l43 = sch.split(loop=l7, factors=[v36, v37, v38, v39], preserve_unit_iters=True, disable_predication=False)
v44, v45, v46, v47 = sch.sample_perfect_tile(loop=l8, n=4, max_innermost_factor=64, decision=[1, 2, 2, 8])
l48, l49, l50, l51 = sch.split(loop=l8, factors=[v44, v45, v46, v47], preserve_unit_iters=True, disable_predication=False)
v52, v53 = sch.sample_perfect_tile(loop=l9, n=2, max_innermost_factor=64, decision=[32, 2])
l54, l55 = sch.split(loop=l9, factors=[v52, v53], preserve_unit_iters=True, disable_predication=False)
v56, v57 = sch.sample_perfect_tile(loop=l10, n=2, max_innermost_factor=64, decision=[3, 1])
l58, l59 = sch.split(loop=l10, factors=[v56, v57], preserve_unit_iters=True, disable_predication=False)
v60, v61 = sch.sample_perfect_tile(loop=l11, n=2, max_innermost_factor=64, decision=[1, 3])
l62, l63 = sch.split(loop=l11, factors=[v60, v61], preserve_unit_iters=True, disable_predication=False)
sch.reorder(l16, l24, l32, l40, l48, l17, l25, l33, l41, l49, l54, l58, l62, l18, l26, l34, l42, l50, l55, l59, l63, l19, l27, l35, l43, l51)
b64, = sch.get_consumers(block=b1)
sch.reverse_compute_at(block=b64, loop=l48, preserve_unit_loops=True, index=-1)
sch.annotate(block_or_loop=b3, ann_key="meta_schedule.parallel", ann_val=96)
sch.annotate(block_or_loop=b3, ann_key="meta_schedule.vectorize", ann_val=64)
v65 = sch.sample_categorical(candidates=[0, 16, 64, 512], probs=[0.25, 0.25, 0.25, 0.25], decision=0)
sch.annotate(block_or_loop=b3, ann_key="meta_schedule.unroll_explicit", ann_val=v65)
l66 = sch.sample_compute_location(block=b0, decision=6)
sch.compute_at(block=b0, loop=l66, preserve_unit_loops=True, index=-1)
2024-05-19 19:04:25 [INFO] [evolutionary_search.cc:713] Generating candidates......
2024-05-19 19:04:25 [INFO] [evolutionary_search.cc:715] Picked top 0 candidate(s) from database
2024-05-19 19:04:27 [INFO] [evolutionary_search.cc:533] Sample-Init-Population summary:
Postproc #0 [meta_schedule.DisallowDynamicLoop(0xce71468)]: 0 failure(s)
Postproc #1 [meta_schedule.RewriteParallelVectorizeUnroll(0xbc3fd68)]: 0 failure(s)
Postproc #2 [meta_schedule.RewriteReductionBlock(0x11078458)]: 0 failure(s)
Postproc #3 [meta_schedule.RewriteLayout(0xd6218f8)]: 0 failure(s)
2024-05-19 19:04:27 [INFO] [evolutionary_search.cc:723] Sampled 512 candidate(s)
2024-05-19 19:04:30 [INFO] [evolutionary_search.cc:621] Evolve iter #0 done. Summary:
Postproc #0 [meta_schedule.DisallowDynamicLoop(0xce71468)]: 0 failure(s)
Postproc #1 [meta_schedule.RewriteParallelVectorizeUnroll(0xbc3fd68)]: 0 failure(s)
Postproc #2 [meta_schedule.RewriteReductionBlock(0x11078458)]: 0 failure(s)
Postproc #3 [meta_schedule.RewriteLayout(0xd6218f8)]: 0 failure(s)
2024-05-19 19:04:32 [INFO] [evolutionary_search.cc:621] Evolve iter #1 done. Summary:
Postproc #0 [meta_schedule.DisallowDynamicLoop(0xce71468)]: 0 failure(s)
Postproc #1 [meta_schedule.RewriteParallelVectorizeUnroll(0xbc3fd68)]: 0 failure(s)
Postproc #2 [meta_schedule.RewriteReductionBlock(0x11078458)]: 0 failure(s)
Postproc #3 [meta_schedule.RewriteLayout(0xd6218f8)]: 0 failure(s)
2024-05-19 19:04:34 [INFO] [evolutionary_search.cc:621] Evolve iter #2 done. Summary:
Postproc #0 [meta_schedule.DisallowDynamicLoop(0xce71468)]: 0 failure(s)
Postproc #1 [meta_schedule.RewriteParallelVectorizeUnroll(0xbc3fd68)]: 0 failure(s)
Postproc #2 [meta_schedule.RewriteReductionBlock(0x11078458)]: 0 failure(s)
Postproc #3 [meta_schedule.RewriteLayout(0xd6218f8)]: 0 failure(s)
2024-05-19 19:04:37 [INFO] [evolutionary_search.cc:621] Evolve iter #3 done. Summary:
Postproc #0 [meta_schedule.DisallowDynamicLoop(0xce71468)]: 0 failure(s)
Postproc #1 [meta_schedule.RewriteParallelVectorizeUnroll(0xbc3fd68)]: 0 failure(s)
Postproc #2 [meta_schedule.RewriteReductionBlock(0x11078458)]: 0 failure(s)
Postproc #3 [meta_schedule.RewriteLayout(0xd6218f8)]: 0 failure(s)
2024-05-19 19:04:37 [INFO] [evolutionary_search.cc:649] Scores of the best 64 candidates:
[1 : 16]:	0.9999  0.9998  0.9994  0.9988  0.9978  0.9969  0.9956  0.9950  0.9947  0.9945  0.9940  0.9937  0.9932  0.9923  0.9912  0.9910
[17 : 32]:	0.9906  0.9905  0.9896  0.9890  0.9890  0.9889  0.9888  0.9883  0.9883  0.9883  0.9868  0.9865  0.9860  0.9860  0.9859  0.9855
[33 : 48]:	0.9839  0.9838  0.9836  0.9836  0.9834  0.9819  0.9818  0.9816  0.9813  0.9807  0.9803  0.9797  0.9787  0.9787  0.9787  0.9780
[49 : 64]:	0.9779  0.9774  0.9770  0.9768  0.9763  0.9759  0.9752  0.9748  0.9745  0.9744  0.9736  0.9736  0.9735  0.9732  0.9730  0.9721
2024-05-19 19:04:37 [INFO] [evolutionary_search.cc:727] Got 64 candidate(s) with evolutionary search
2024-05-19 19:04:37 [INFO] [evolutionary_search.cc:730] Sending 64 candidates(s) for measurement
2024-05-19 19:42:18 [INFO] [task_scheduler.cc:131] [Task #15: fused_nn_contrib_conv2d_NCHWc_add_nn_relu_3] Trial #1: GFLOPs: 27.0066. Time: 8576.1457 us. Best GFLOPs: 27.0066
2024-05-19 19:42:18 [INFO] [task_scheduler.cc:131] [Task #15: fused_nn_contrib_conv2d_NCHWc_add_nn_relu_3] Trial #2: GFLOPs: 9.4638. Time: 24473.4068 us. Best GFLOPs: 27.0066
2024-05-19 19:42:18 [INFO] [task_scheduler.cc:131] [Task #15: fused_nn_contrib_conv2d_NCHWc_add_nn_relu_3] Trial #3: GFLOPs: 99.2772. Time: 2332.9876 us. Best GFLOPs: 99.2772
2024-05-19 19:42:18 [INFO] [task_scheduler.cc:131] [Task #15: fused_nn_contrib_conv2d_NCHWc_add_nn_relu_3] Trial #4: GFLOPs: 48.8462. Time: 4741.6688 us. Best GFLOPs: 99.2772
2024-05-19 19:42:18 [INFO] [task_scheduler.cc:131] [Task #15: fused_nn_contrib_conv2d_NCHWc_add_nn_relu_3] Trial #5: GFLOPs: 25.8656. Time: 8954.4583 us. Best GFLOPs: 99.2772
2024-05-19 19:42:18 [INFO] [task_scheduler.cc:131] [Task #15: fused_nn_contrib_conv2d_NCHWc_add_nn_relu_3] Trial #6: GFLOPs: 23.0891. Time: 10031.2250 us. Best GFLOPs: 99.2772
2024-05-19 19:42:18 [INFO] [task_scheduler.cc:131] [Task #15: fused_nn_contrib_conv2d_NCHWc_add_nn_relu_3] Trial #7: GFLOPs: 60.2659. Time: 3843.1752 us. Best GFLOPs: 99.2772
2024-05-19 19:42:18 [INFO] [task_scheduler.cc:131] [Task #15: fused_nn_contrib_conv2d_NCHWc_add_nn_relu_3] Trial #8: GFLOPs: 38.4181. Time: 6028.7367 us. Best GFLOPs: 99.2772
2024-05-19 19:42:18 [INFO] [task_scheduler.cc:131] [Task #15: fused_nn_contrib_conv2d_NCHWc_add_nn_relu_3] Trial #9: GFLOPs: 18.3257. Time: 12638.7005 us. Best GFLOPs: 99.2772
2024-05-19 19:42:18 [INFO] [task_scheduler.cc:131] [Task #15: fused_nn_contrib_conv2d_NCHWc_add_nn_relu_3] Trial #10: GFLOPs: 58.0011. Time: 3993.2444 us. Best GFLOPs: 99.2772
2024-05-19 19:42:18 [INFO] [task_scheduler.cc:131] [Task #15: fused_nn_contrib_conv2d_NCHWc_add_nn_relu_3] Trial #11: GFLOPs: 154.6855. Time: 1497.3120 us. Best GFLOPs: 154.6855
2024-05-19 19:42:18 [INFO] [task_scheduler.cc:131] [Task #15: fused_nn_contrib_conv2d_NCHWc_add_nn_relu_3] Trial #12: GFLOPs: 124.7024. Time: 1857.3214 us. Best GFLOPs: 154.6855
2024-05-19 19:42:18 [INFO] [task_scheduler.cc:131] [Task #15: fused_nn_contrib_conv2d_NCHWc_add_nn_relu_3] Trial #13: GFLOPs: 7.6719. Time: 30189.5697 us. Best GFLOPs: 154.6855
2024-05-19 19:42:18 [INFO] [task_scheduler.cc:131] [Task #15: fused_nn_contrib_conv2d_NCHWc_add_nn_relu_3] Trial #14: GFLOPs: 28.2977. Time: 8184.8547 us. Best GFLOPs: 154.6855
2024-05-19 19:42:18 [INFO] [task_scheduler.cc:131] [Task #15: fused_nn_contrib_conv2d_NCHWc_add_nn_relu_3] Trial #15: GFLOPs: 8.1099. Time: 28559.1298 us. Best GFLOPs: 154.6855
2024-05-19 19:42:18 [INFO] [task_scheduler.cc:131] [Task #15: fused_nn_contrib_conv2d_NCHWc_add_nn_relu_3] Trial #16: GFLOPs: 4.7035. Time: 49242.2782 us. Best GFLOPs: 154.6855
2024-05-19 19:42:18 [INFO] [task_scheduler.cc:131] [Task #15: fused_nn_contrib_conv2d_NCHWc_add_nn_relu_3] Trial #17: GFLOPs: 205.4235. Time: 1127.4876 us. Best GFLOPs: 205.4235
2024-05-19 19:42:18 [INFO] [task_scheduler.cc:131] [Task #15: fused_nn_contrib_conv2d_NCHWc_add_nn_relu_3] Trial #18: GFLOPs: 22.4345. Time: 10323.9337 us. Best GFLOPs: 205.4235
2024-05-19 19:42:18 [INFO] [task_scheduler.cc:131] [Task #15: fused_nn_contrib_conv2d_NCHWc_add_nn_relu_3] Trial #19: GFLOPs: 7.7526. Time: 29875.5834 us. Best GFLOPs: 205.4235
2024-05-19 19:42:18 [INFO] [task_scheduler.cc:131] [Task #15: fused_nn_contrib_conv2d_NCHWc_add_nn_relu_3] Trial #20: GFLOPs: 27.9574. Time: 8284.4748 us. Best GFLOPs: 205.4235
2024-05-19 19:42:18 [INFO] [task_scheduler.cc:131] [Task #15: fused_nn_contrib_conv2d_NCHWc_add_nn_relu_3] Trial #21: GFLOPs: 93.4966. Time: 2477.2269 us. Best GFLOPs: 205.4235
2024-05-19 19:42:18 [INFO] [task_scheduler.cc:131] [Task #15: fused_nn_contrib_conv2d_NCHWc_add_nn_relu_3] Trial #22: GFLOPs: 17.4298. Time: 13288.3116 us. Best GFLOPs: 205.4235
2024-05-19 19:42:18 [INFO] [task_scheduler.cc:131] [Task #15: fused_nn_contrib_conv2d_NCHWc_add_nn_relu_3] Trial #23: GFLOPs: 57.3197. Time: 4040.7092 us. Best GFLOPs: 205.4235
2024-05-19 19:42:18 [INFO] [task_scheduler.cc:131] [Task #15: fused_nn_contrib_conv2d_NCHWc_add_nn_relu_3] Trial #24: GFLOPs: 20.2267. Time: 11450.8185 us. Best GFLOPs: 205.4235
2024-05-19 19:42:18 [INFO] [task_scheduler.cc:131] [Task #15: fused_nn_contrib_conv2d_NCHWc_add_nn_relu_3] Trial #25: GFLOPs: 29.3960. Time: 7879.0560 us. Best GFLOPs: 205.4235
2024-05-19 19:42:18 [INFO] [task_scheduler.cc:131] [Task #15: fused_nn_contrib_conv2d_NCHWc_add_nn_relu_3] Trial #26: GFLOPs: 12.2978. Time: 18833.7082 us. Best GFLOPs: 205.4235
2024-05-19 19:42:18 [INFO] [task_scheduler.cc:131] [Task #15: fused_nn_contrib_conv2d_NCHWc_add_nn_relu_3] Trial #27: GFLOPs: 43.7721. Time: 5291.3236 us. Best GFLOPs: 205.4235
2024-05-19 19:42:18 [INFO] [task_scheduler.cc:131] [Task #15: fused_nn_contrib_conv2d_NCHWc_add_nn_relu_3] Trial #28: GFLOPs: 37.9147. Time: 6108.7721 us. Best GFLOPs: 205.4235
2024-05-19 19:42:18 [INFO] [task_scheduler.cc:131] [Task #15: fused_nn_contrib_conv2d_NCHWc_add_nn_relu_3] Trial #29: GFLOPs: 32.1403. Time: 7206.2936 us. Best GFLOPs: 205.4235
2024-05-19 19:42:18 [INFO] [task_scheduler.cc:131] [Task #15: fused_nn_contrib_conv2d_NCHWc_add_nn_relu_3] Trial #30: GFLOPs: 85.1327. Time: 2720.6045 us. Best GFLOPs: 205.4235
2024-05-19 19:42:18 [INFO] [task_scheduler.cc:131] [Task #15: fused_nn_contrib_conv2d_NCHWc_add_nn_relu_3] Trial #31: GFLOPs: 23.1621. Time: 9999.6170 us. Best GFLOPs: 205.4235
2024-05-19 19:42:18 [INFO] [task_scheduler.cc:131] [Task #15: fused_nn_contrib_conv2d_NCHWc_add_nn_relu_3] Trial #32: GFLOPs: 21.5534. Time: 10745.9780 us. Best GFLOPs: 205.4235
2024-05-19 19:42:18 [INFO] [task_scheduler.cc:131] [Task #15: fused_nn_contrib_conv2d_NCHWc_add_nn_relu_3] Trial #33: GFLOPs: 32.1227. Time: 7210.2478 us. Best GFLOPs: 205.4235
2024-05-19 19:42:18 [INFO] [task_scheduler.cc:131] [Task #15: fused_nn_contrib_conv2d_NCHWc_add_nn_relu_3] Trial #34: GFLOPs: 23.3515. Time: 9918.5295 us. Best GFLOPs: 205.4235
2024-05-19 19:42:18 [INFO] [task_scheduler.cc:131] [Task #15: fused_nn_contrib_conv2d_NCHWc_add_nn_relu_3] Trial #35: GFLOPs: 28.2161. Time: 8208.5294 us. Best GFLOPs: 205.4235
2024-05-19 19:42:18 [INFO] [task_scheduler.cc:131] [Task #15: fused_nn_contrib_conv2d_NCHWc_add_nn_relu_3] Trial #36: GFLOPs: 37.0063. Time: 6258.7371 us. Best GFLOPs: 205.4235
2024-05-19 19:42:18 [INFO] [task_scheduler.cc:131] [Task #15: fused_nn_contrib_conv2d_NCHWc_add_nn_relu_3] Trial #37: GFLOPs: 45.2183. Time: 5122.0912 us. Best GFLOPs: 205.4235
2024-05-19 19:42:18 [INFO] [task_scheduler.cc:131] [Task #15: fused_nn_contrib_conv2d_NCHWc_add_nn_relu_3] Trial #38: GFLOPs: 19.5506. Time: 11846.8127 us. Best GFLOPs: 205.4235
2024-05-19 19:42:18 [INFO] [task_scheduler.cc:131] [Task #15: fused_nn_contrib_conv2d_NCHWc_add_nn_relu_3] Trial #39: GFLOPs: 172.1724. Time: 1345.2354 us. Best GFLOPs: 205.4235
2024-05-19 19:42:18 [INFO] [task_scheduler.cc:131] [Task #15: fused_nn_contrib_conv2d_NCHWc_add_nn_relu_3] Trial #40: GFLOPs: 9.4229. Time: 24579.6141 us. Best GFLOPs: 205.4235
2024-05-19 19:42:18 [INFO] [task_scheduler.cc:131] [Task #15: fused_nn_contrib_conv2d_NCHWc_add_nn_relu_3] Trial #41: GFLOPs: 21.7021. Time: 10672.3380 us. Best GFLOPs: 205.4235
2024-05-19 19:42:18 [INFO] [task_scheduler.cc:131] [Task #15: fused_nn_contrib_conv2d_NCHWc_add_nn_relu_3] Trial #42: GFLOPs: 86.3738. Time: 2681.5121 us. Best GFLOPs: 205.4235
2024-05-19 19:42:18 [INFO] [task_scheduler.cc:131] [Task #15: fused_nn_contrib_conv2d_NCHWc_add_nn_relu_3] Trial #43: GFLOPs: 49.7317. Time: 4657.2386 us. Best GFLOPs: 205.4235
2024-05-19 19:42:18 [INFO] [task_scheduler.cc:131] [Task #15: fused_nn_contrib_conv2d_NCHWc_add_nn_relu_3] Trial #44: GFLOPs: 11.5888. Time: 19985.8001 us. Best GFLOPs: 205.4235
2024-05-19 19:42:18 [INFO] [task_scheduler.cc:131] [Task #15: fused_nn_contrib_conv2d_NCHWc_add_nn_relu_3] Trial #45: GFLOPs: 200.2658. Time: 1156.5252 us. Best GFLOPs: 205.4235
2024-05-19 19:42:18 [INFO] [task_scheduler.cc:131] [Task #15: fused_nn_contrib_conv2d_NCHWc_add_nn_relu_3] Trial #46: GFLOPs: 9.0764. Time: 25518.0659 us. Best GFLOPs: 205.4235
2024-05-19 19:42:18 [INFO] [task_scheduler.cc:131] [Task #15: fused_nn_contrib_conv2d_NCHWc_add_nn_relu_3] Trial #47: GFLOPs: 74.4283. Time: 3111.8852 us. Best GFLOPs: 205.4235
2024-05-19 19:42:18 [INFO] [task_scheduler.cc:131] [Task #15: fused_nn_contrib_conv2d_NCHWc_add_nn_relu_3] Trial #48: GFLOPs: 33.5742. Time: 6898.5193 us. Best GFLOPs: 205.4235
2024-05-19 19:42:18 [INFO] [task_scheduler.cc:131] [Task #15: fused_nn_contrib_conv2d_NCHWc_add_nn_relu_3] Trial #49: GFLOPs: 11.4239. Time: 20274.4169 us. Best GFLOPs: 205.4235
2024-05-19 19:42:18 [INFO] [task_scheduler.cc:131] [Task #15: fused_nn_contrib_conv2d_NCHWc_add_nn_relu_3] Trial #50: GFLOPs: 52.2336. Time: 4434.1638 us. Best GFLOPs: 205.4235
2024-05-19 19:42:18 [INFO] [task_scheduler.cc:131] [Task #15: fused_nn_contrib_conv2d_NCHWc_add_nn_relu_3] Trial #51: GFLOPs: 161.4255. Time: 1434.7948 us. Best GFLOPs: 205.4235
2024-05-19 19:42:18 [INFO] [task_scheduler.cc:131] [Task #15: fused_nn_contrib_conv2d_NCHWc_add_nn_relu_3] Trial #52: GFLOPs: 11.2357. Time: 20613.9810 us. Best GFLOPs: 205.4235
2024-05-19 19:42:18 [INFO] [task_scheduler.cc:131] [Task #15: fused_nn_contrib_conv2d_NCHWc_add_nn_relu_3] Trial #53: GFLOPs: 95.3225. Time: 2429.7766 us. Best GFLOPs: 205.4235
2024-05-19 19:42:18 [INFO] [task_scheduler.cc:131] [Task #15: fused_nn_contrib_conv2d_NCHWc_add_nn_relu_3] Trial #54: GFLOPs: 82.7641. Time: 2798.4648 us. Best GFLOPs: 205.4235
2024-05-19 19:42:18 [INFO] [task_scheduler.cc:131] [Task #15: fused_nn_contrib_conv2d_NCHWc_add_nn_relu_3] Trial #55: GFLOPs: 25.0413. Time: 9249.2226 us. Best GFLOPs: 205.4235
2024-05-19 19:42:18 [INFO] [task_scheduler.cc:131] [Task #15: fused_nn_contrib_conv2d_NCHWc_add_nn_relu_3] Trial #56: GFLOPs: 77.1865. Time: 3000.6842 us. Best GFLOPs: 205.4235
2024-05-19 19:42:18 [INFO] [task_scheduler.cc:131] [Task #15: fused_nn_contrib_conv2d_NCHWc_add_nn_relu_3] Trial #57: GFLOPs: 30.7472. Time: 7532.7946 us. Best GFLOPs: 205.4235
2024-05-19 19:42:18 [INFO] [task_scheduler.cc:131] [Task #15: fused_nn_contrib_conv2d_NCHWc_add_nn_relu_3] Trial #58: GFLOPs: 53.3992. Time: 4337.3724 us. Best GFLOPs: 205.4235
2024-05-19 19:42:18 [INFO] [task_scheduler.cc:131] [Task #15: fused_nn_contrib_conv2d_NCHWc_add_nn_relu_3] Trial #59: GFLOPs: 34.9331. Time: 6630.1666 us. Best GFLOPs: 205.4235
2024-05-19 19:42:18 [INFO] [task_scheduler.cc:131] [Task #15: fused_nn_contrib_conv2d_NCHWc_add_nn_relu_3] Trial #60: GFLOPs: 62.6426. Time: 3697.3646 us. Best GFLOPs: 205.4235
2024-05-19 19:42:18 [INFO] [task_scheduler.cc:131] [Task #15: fused_nn_contrib_conv2d_NCHWc_add_nn_relu_3] Trial #61: GFLOPs: 28.4596. Time: 8138.3008 us. Best GFLOPs: 205.4235
2024-05-19 19:42:18 [INFO] [task_scheduler.cc:131] [Task #15: fused_nn_contrib_conv2d_NCHWc_add_nn_relu_3] Trial #62: GFLOPs: 141.3343. Time: 1638.7559 us. Best GFLOPs: 205.4235
2024-05-19 19:42:18 [INFO] [task_scheduler.cc:131] [Task #15: fused_nn_contrib_conv2d_NCHWc_add_nn_relu_3] Trial #63: GFLOPs: 35.9048. Time: 6450.7279 us. Best GFLOPs: 205.4235
2024-05-19 19:42:18 [INFO] [task_scheduler.cc:131] [Task #15: fused_nn_contrib_conv2d_NCHWc_add_nn_relu_3] Trial #64: GFLOPs: 31.2279. Time: 7416.8349 us. Best GFLOPs: 205.4235
2024-05-19 19:46:43 [INFO] [evolutionary_search.cc:713] Generating candidates......
2024-05-19 19:46:44 [INFO] [evolutionary_search.cc:715] Picked top 64 candidate(s) from database
2024-05-19 19:46:46 [INFO] [evolutionary_search.cc:533] Sample-Init-Population summary:
Postproc #0 [meta_schedule.DisallowDynamicLoop(0xce71468)]: 0 failure(s)
Postproc #1 [meta_schedule.RewriteParallelVectorizeUnroll(0xbc3fd68)]: 0 failure(s)
Postproc #2 [meta_schedule.RewriteReductionBlock(0x11078458)]: 0 failure(s)
Postproc #3 [meta_schedule.RewriteLayout(0xd6218f8)]: 0 failure(s)
2024-05-19 19:46:46 [INFO] [evolutionary_search.cc:723] Sampled 448 candidate(s)
2024-05-19 19:46:51 [INFO] [evolutionary_search.cc:621] Evolve iter #0 done. Summary:
Postproc #0 [meta_schedule.DisallowDynamicLoop(0xce71468)]: 0 failure(s)
Postproc #1 [meta_schedule.RewriteParallelVectorizeUnroll(0xbc3fd68)]: 0 failure(s)
Postproc #2 [meta_schedule.RewriteReductionBlock(0x11078458)]: 0 failure(s)
Postproc #3 [meta_schedule.RewriteLayout(0xd6218f8)]: 0 failure(s)
2024-05-19 19:46:56 [INFO] [evolutionary_search.cc:621] Evolve iter #1 done. Summary:
Postproc #0 [meta_schedule.DisallowDynamicLoop(0xce71468)]: 0 failure(s)
Postproc #1 [meta_schedule.RewriteParallelVectorizeUnroll(0xbc3fd68)]: 0 failure(s)
Postproc #2 [meta_schedule.RewriteReductionBlock(0x11078458)]: 0 failure(s)
Postproc #3 [meta_schedule.RewriteLayout(0xd6218f8)]: 0 failure(s)
2024-05-19 19:47:02 [INFO] [evolutionary_search.cc:621] Evolve iter #2 done. Summary:
Postproc #0 [meta_schedule.DisallowDynamicLoop(0xce71468)]: 0 failure(s)
Postproc #1 [meta_schedule.RewriteParallelVectorizeUnroll(0xbc3fd68)]: 0 failure(s)
Postproc #2 [meta_schedule.RewriteReductionBlock(0x11078458)]: 0 failure(s)
Postproc #3 [meta_schedule.RewriteLayout(0xd6218f8)]: 0 failure(s)
2024-05-19 19:47:07 [INFO] [evolutionary_search.cc:621] Evolve iter #3 done. Summary:
Postproc #0 [meta_schedule.DisallowDynamicLoop(0xce71468)]: 0 failure(s)
Postproc #1 [meta_schedule.RewriteParallelVectorizeUnroll(0xbc3fd68)]: 0 failure(s)
Postproc #2 [meta_schedule.RewriteReductionBlock(0x11078458)]: 0 failure(s)
Postproc #3 [meta_schedule.RewriteLayout(0xd6218f8)]: 0 failure(s)
2024-05-19 19:47:10 [INFO] [evolutionary_search.cc:649] Scores of the best 64 candidates:
[1 : 16]:	0.9584  0.9584  0.9584  0.9584  0.9584  0.9584  0.9374  0.9367  0.9340  0.9340  0.9217  0.9129  0.8926  0.8926  0.8819  0.8760
[17 : 32]:	0.8738  0.8682  0.8682  0.8643  0.8639  0.8614  0.8599  0.8585  0.8585  0.8565  0.8543  0.8527  0.8525  0.8523  0.8508  0.8508
[33 : 48]:	0.8466  0.8464  0.8435  0.8427  0.8418  0.8418  0.8412  0.8382  0.8376  0.8376  0.8376  0.8343  0.8330  0.8315  0.8296  0.8289
[49 : 64]:	0.8289  0.8282  0.8262  0.8262  0.8262  0.8262  0.8202  0.8198  0.8184  0.8180  0.8150  0.8109  0.8105  0.8100  0.8098  0.8096
2024-05-19 19:47:10 [INFO] [evolutionary_search.cc:727] Got 64 candidate(s) with evolutionary search
2024-05-19 19:47:10 [INFO] [evolutionary_search.cc:730] Sending 64 candidates(s) for measurement
2024-05-19 19:48:46 [INFO] [task_scheduler.cc:131] [Task #15: fused_nn_contrib_conv2d_NCHWc_add_nn_relu_3] Trial #65: GFLOPs: 167.0504. Time: 1386.4824 us. Best GFLOPs: 205.4235
2024-05-19 19:48:46 [INFO] [task_scheduler.cc:131] [Task #15: fused_nn_contrib_conv2d_NCHWc_add_nn_relu_3] Trial #66: GFLOPs: 166.6671. Time: 1389.6709 us. Best GFLOPs: 205.4235
2024-05-19 19:48:46 [INFO] [task_scheduler.cc:131] [Task #15: fused_nn_contrib_conv2d_NCHWc_add_nn_relu_3] Trial #67: GFLOPs: 173.9258. Time: 1331.6734 us. Best GFLOPs: 205.4235
2024-05-19 19:48:46 [INFO] [task_scheduler.cc:131] [Task #15: fused_nn_contrib_conv2d_NCHWc_add_nn_relu_3] Trial #68: GFLOPs: 201.0316. Time: 1152.1194 us. Best GFLOPs: 205.4235
2024-05-19 19:48:46 [INFO] [task_scheduler.cc:131] [Task #15: fused_nn_contrib_conv2d_NCHWc_add_nn_relu_3] Trial #69: GFLOPs: 114.9596. Time: 2014.7295 us. Best GFLOPs: 205.4235
2024-05-19 19:48:46 [INFO] [task_scheduler.cc:131] [Task #15: fused_nn_contrib_conv2d_NCHWc_add_nn_relu_3] Trial #70: GFLOPs: 121.5033. Time: 1906.2233 us. Best GFLOPs: 205.4235
2024-05-19 19:48:46 [INFO] [task_scheduler.cc:131] [Task #15: fused_nn_contrib_conv2d_NCHWc_add_nn_relu_3] Trial #71: GFLOPs: 129.4450. Time: 1789.2728 us. Best GFLOPs: 205.4235
2024-05-19 19:48:46 [INFO] [task_scheduler.cc:131] [Task #15: fused_nn_contrib_conv2d_NCHWc_add_nn_relu_3] Trial #72: GFLOPs: 158.1524. Time: 1464.4890 us. Best GFLOPs: 205.4235
2024-05-19 19:48:46 [INFO] [task_scheduler.cc:131] [Task #15: fused_nn_contrib_conv2d_NCHWc_add_nn_relu_3] Trial #73: GFLOPs: 146.7660. Time: 1578.1070 us. Best GFLOPs: 205.4235
2024-05-19 19:48:46 [INFO] [task_scheduler.cc:131] [Task #15: fused_nn_contrib_conv2d_NCHWc_add_nn_relu_3] Trial #74: GFLOPs: 109.8104. Time: 2109.2026 us. Best GFLOPs: 205.4235
2024-05-19 19:48:46 [INFO] [task_scheduler.cc:131] [Task #15: fused_nn_contrib_conv2d_NCHWc_add_nn_relu_3] Trial #75: GFLOPs: 150.7136. Time: 1536.7716 us. Best GFLOPs: 205.4235
2024-05-19 19:48:46 [INFO] [task_scheduler.cc:131] [Task #15: fused_nn_contrib_conv2d_NCHWc_add_nn_relu_3] Trial #76: GFLOPs: 158.5123. Time: 1461.1637 us. Best GFLOPs: 205.4235
2024-05-19 19:48:46 [INFO] [task_scheduler.cc:131] [Task #15: fused_nn_contrib_conv2d_NCHWc_add_nn_relu_3] Trial #77: GFLOPs: 155.5092. Time: 1489.3811 us. Best GFLOPs: 205.4235
2024-05-19 19:48:46 [INFO] [task_scheduler.cc:131] [Task #15: fused_nn_contrib_conv2d_NCHWc_add_nn_relu_3] Trial #78: GFLOPs: 181.1420. Time: 1278.6232 us. Best GFLOPs: 205.4235
2024-05-19 19:48:46 [INFO] [task_scheduler.cc:131] [Task #15: fused_nn_contrib_conv2d_NCHWc_add_nn_relu_3] Trial #79: GFLOPs: 225.8846. Time: 1025.3572 us. Best GFLOPs: 225.8846
2024-05-19 19:48:46 [INFO] [task_scheduler.cc:131] [Task #15: fused_nn_contrib_conv2d_NCHWc_add_nn_relu_3] Trial #80: GFLOPs: 172.7372. Time: 1340.8367 us. Best GFLOPs: 225.8846
2024-05-19 19:48:46 [INFO] [task_scheduler.cc:131] [Task #15: fused_nn_contrib_conv2d_NCHWc_add_nn_relu_3] Trial #81: GFLOPs: 123.3368. Time: 1877.8862 us. Best GFLOPs: 225.8846
2024-05-19 19:48:46 [INFO] [task_scheduler.cc:131] [Task #15: fused_nn_contrib_conv2d_NCHWc_add_nn_relu_3] Trial #82: GFLOPs: 198.7823. Time: 1165.1561 us. Best GFLOPs: 225.8846
2024-05-19 19:48:46 [INFO] [task_scheduler.cc:131] [Task #15: fused_nn_contrib_conv2d_NCHWc_add_nn_relu_3] Trial #83: GFLOPs: 191.5941. Time: 1208.8703 us. Best GFLOPs: 225.8846
2024-05-19 19:48:46 [INFO] [task_scheduler.cc:131] [Task #15: fused_nn_contrib_conv2d_NCHWc_add_nn_relu_3] Trial #84: GFLOPs: 150.5078. Time: 1538.8732 us. Best GFLOPs: 225.8846
2024-05-19 19:48:46 [INFO] [task_scheduler.cc:131] [Task #15: fused_nn_contrib_conv2d_NCHWc_add_nn_relu_3] Trial #85: GFLOPs: 193.4335. Time: 1197.3749 us. Best GFLOPs: 225.8846
2024-05-19 19:48:46 [INFO] [task_scheduler.cc:131] [Task #15: fused_nn_contrib_conv2d_NCHWc_add_nn_relu_3] Trial #86: GFLOPs: 209.8821. Time: 1103.5361 us. Best GFLOPs: 225.8846
2024-05-19 19:48:46 [INFO] [task_scheduler.cc:131] [Task #15: fused_nn_contrib_conv2d_NCHWc_add_nn_relu_3] Trial #87: GFLOPs: 211.6317. Time: 1094.4129 us. Best GFLOPs: 225.8846
2024-05-19 19:48:46 [INFO] [task_scheduler.cc:131] [Task #15: fused_nn_contrib_conv2d_NCHWc_add_nn_relu_3] Trial #88: GFLOPs: 139.6936. Time: 1658.0031 us. Best GFLOPs: 225.8846
2024-05-19 19:48:46 [INFO] [task_scheduler.cc:131] [Task #15: fused_nn_contrib_conv2d_NCHWc_add_nn_relu_3] Trial #89: GFLOPs: 135.7571. Time: 1706.0801 us. Best GFLOPs: 225.8846
2024-05-19 19:48:46 [INFO] [task_scheduler.cc:131] [Task #15: fused_nn_contrib_conv2d_NCHWc_add_nn_relu_3] Trial #90: GFLOPs: 177.8788. Time: 1302.0796 us. Best GFLOPs: 225.8846
2024-05-19 19:48:46 [INFO] [task_scheduler.cc:131] [Task #15: fused_nn_contrib_conv2d_NCHWc_add_nn_relu_3] Trial #91: GFLOPs: 173.5596. Time: 1334.4838 us. Best GFLOPs: 225.8846
2024-05-19 19:48:46 [INFO] [task_scheduler.cc:131] [Task #15: fused_nn_contrib_conv2d_NCHWc_add_nn_relu_3] Trial #92: GFLOPs: 167.7724. Time: 1380.5158 us. Best GFLOPs: 225.8846
2024-05-19 19:48:46 [INFO] [task_scheduler.cc:131] [Task #15: fused_nn_contrib_conv2d_NCHWc_add_nn_relu_3] Trial #93: GFLOPs: 166.1603. Time: 1393.9093 us. Best GFLOPs: 225.8846
2024-05-19 19:48:46 [INFO] [task_scheduler.cc:131] [Task #15: fused_nn_contrib_conv2d_NCHWc_add_nn_relu_3] Trial #94: GFLOPs: 213.3033. Time: 1085.8359 us. Best GFLOPs: 225.8846
2024-05-19 19:48:46 [INFO] [task_scheduler.cc:131] [Task #15: fused_nn_contrib_conv2d_NCHWc_add_nn_relu_3] Trial #95: GFLOPs: 164.1359. Time: 1411.1017 us. Best GFLOPs: 225.8846
2024-05-19 19:48:46 [INFO] [task_scheduler.cc:131] [Task #15: fused_nn_contrib_conv2d_NCHWc_add_nn_relu_3] Trial #96: GFLOPs: 214.0099. Time: 1082.2511 us. Best GFLOPs: 225.8846
2024-05-19 19:48:46 [INFO] [task_scheduler.cc:131] [Task #15: fused_nn_contrib_conv2d_NCHWc_add_nn_relu_3] Trial #97: GFLOPs: 180.7405. Time: 1281.4637 us. Best GFLOPs: 225.8846
2024-05-19 19:48:46 [INFO] [task_scheduler.cc:131] [Task #15: fused_nn_contrib_conv2d_NCHWc_add_nn_relu_3] Trial #98: GFLOPs: 199.0860. Time: 1163.3785 us. Best GFLOPs: 225.8846
2024-05-19 19:48:46 [INFO] [task_scheduler.cc:131] [Task #15: fused_nn_contrib_conv2d_NCHWc_add_nn_relu_3] Trial #99: GFLOPs: 134.7046. Time: 1719.4099 us. Best GFLOPs: 225.8846
2024-05-19 19:48:46 [INFO] [task_scheduler.cc:131] [Task #15: fused_nn_contrib_conv2d_NCHWc_add_nn_relu_3] Trial #100: GFLOPs: 77.5879. Time: 2985.1627 us. Best GFLOPs: 225.8846
2024-05-19 19:48:46 [INFO] [task_scheduler.cc:131] [Task #15: fused_nn_contrib_conv2d_NCHWc_add_nn_relu_3] Trial #101: GFLOPs: 157.6049. Time: 1469.5765 us. Best GFLOPs: 225.8846
2024-05-19 19:48:46 [INFO] [task_scheduler.cc:131] [Task #15: fused_nn_contrib_conv2d_NCHWc_add_nn_relu_3] Trial #102: GFLOPs: 169.5949. Time: 1365.6803 us. Best GFLOPs: 225.8846
2024-05-19 19:48:46 [INFO] [task_scheduler.cc:131] [Task #15: fused_nn_contrib_conv2d_NCHWc_add_nn_relu_3] Trial #103: GFLOPs: 172.4649. Time: 1342.9538 us. Best GFLOPs: 225.8846
2024-05-19 19:48:46 [INFO] [task_scheduler.cc:131] [Task #15: fused_nn_contrib_conv2d_NCHWc_add_nn_relu_3] Trial #104: GFLOPs: 150.6227. Time: 1537.6995 us. Best GFLOPs: 225.8846
2024-05-19 19:48:46 [INFO] [task_scheduler.cc:131] [Task #15: fused_nn_contrib_conv2d_NCHWc_add_nn_relu_3] Trial #105: GFLOPs: 172.0100. Time: 1346.5057 us. Best GFLOPs: 225.8846
2024-05-19 19:48:46 [INFO] [task_scheduler.cc:131] [Task #15: fused_nn_contrib_conv2d_NCHWc_add_nn_relu_3] Trial #106: GFLOPs: 170.3828. Time: 1359.3648 us. Best GFLOPs: 225.8846
2024-05-19 19:48:46 [INFO] [task_scheduler.cc:131] [Task #15: fused_nn_contrib_conv2d_NCHWc_add_nn_relu_3] Trial #107: GFLOPs: 170.4933. Time: 1358.4840 us. Best GFLOPs: 225.8846
2024-05-19 19:48:46 [INFO] [task_scheduler.cc:131] [Task #15: fused_nn_contrib_conv2d_NCHWc_add_nn_relu_3] Trial #108: GFLOPs: 153.7970. Time: 1505.9620 us. Best GFLOPs: 225.8846
2024-05-19 19:48:46 [INFO] [task_scheduler.cc:131] [Task #15: fused_nn_contrib_conv2d_NCHWc_add_nn_relu_3] Trial #109: GFLOPs: 83.2579. Time: 2781.8665 us. Best GFLOPs: 225.8846
2024-05-19 19:48:46 [INFO] [task_scheduler.cc:131] [Task #15: fused_nn_contrib_conv2d_NCHWc_add_nn_relu_3] Trial #110: GFLOPs: 131.6345. Time: 1759.5109 us. Best GFLOPs: 225.8846
2024-05-19 19:48:46 [INFO] [task_scheduler.cc:131] [Task #15: fused_nn_contrib_conv2d_NCHWc_add_nn_relu_3] Trial #111: GFLOPs: 175.3964. Time: 1320.5083 us. Best GFLOPs: 225.8846
2024-05-19 19:48:46 [INFO] [task_scheduler.cc:131] [Task #15: fused_nn_contrib_conv2d_NCHWc_add_nn_relu_3] Trial #112: GFLOPs: 127.7467. Time: 1813.0597 us. Best GFLOPs: 225.8846
2024-05-19 19:48:46 [INFO] [task_scheduler.cc:131] [Task #15: fused_nn_contrib_conv2d_NCHWc_add_nn_relu_3] Trial #113: GFLOPs: 170.7835. Time: 1356.1757 us. Best GFLOPs: 225.8846
2024-05-19 19:48:46 [INFO] [task_scheduler.cc:131] [Task #15: fused_nn_contrib_conv2d_NCHWc_add_nn_relu_3] Trial #114: GFLOPs: 191.4977. Time: 1209.4790 us. Best GFLOPs: 225.8846
2024-05-19 19:48:46 [INFO] [task_scheduler.cc:131] [Task #15: fused_nn_contrib_conv2d_NCHWc_add_nn_relu_3] Trial #115: GFLOPs: 178.1437. Time: 1300.1437 us. Best GFLOPs: 225.8846
2024-05-19 19:48:46 [INFO] [task_scheduler.cc:131] [Task #15: fused_nn_contrib_conv2d_NCHWc_add_nn_relu_3] Trial #116: GFLOPs: 179.4407. Time: 1290.7463 us. Best GFLOPs: 225.8846
2024-05-19 19:48:46 [INFO] [task_scheduler.cc:131] [Task #15: fused_nn_contrib_conv2d_NCHWc_add_nn_relu_3] Trial #117: GFLOPs: 181.5194. Time: 1275.9649 us. Best GFLOPs: 225.8846
2024-05-19 19:48:46 [INFO] [task_scheduler.cc:131] [Task #15: fused_nn_contrib_conv2d_NCHWc_add_nn_relu_3] Trial #118: GFLOPs: 175.1704. Time: 1322.2119 us. Best GFLOPs: 225.8846
2024-05-19 19:48:46 [INFO] [task_scheduler.cc:131] [Task #15: fused_nn_contrib_conv2d_NCHWc_add_nn_relu_3] Trial #119: GFLOPs: 195.9445. Time: 1182.0305 us. Best GFLOPs: 225.8846
2024-05-19 19:48:46 [INFO] [task_scheduler.cc:131] [Task #15: fused_nn_contrib_conv2d_NCHWc_add_nn_relu_3] Trial #120: GFLOPs: 178.5019. Time: 1297.5349 us. Best GFLOPs: 225.8846
2024-05-19 19:48:46 [INFO] [task_scheduler.cc:131] [Task #15: fused_nn_contrib_conv2d_NCHWc_add_nn_relu_3] Trial #121: GFLOPs: 178.0684. Time: 1300.6937 us. Best GFLOPs: 225.8846
2024-05-19 19:48:46 [INFO] [task_scheduler.cc:131] [Task #15: fused_nn_contrib_conv2d_NCHWc_add_nn_relu_3] Trial #122: GFLOPs: 202.9861. Time: 1141.0260 us. Best GFLOPs: 225.8846
2024-05-19 19:48:46 [INFO] [task_scheduler.cc:131] [Task #15: fused_nn_contrib_conv2d_NCHWc_add_nn_relu_3] Trial #123: GFLOPs: 92.4108. Time: 2506.3351 us. Best GFLOPs: 225.8846
2024-05-19 19:48:46 [INFO] [task_scheduler.cc:131] [Task #15: fused_nn_contrib_conv2d_NCHWc_add_nn_relu_3] Trial #124: GFLOPs: 110.5468. Time: 2095.1530 us. Best GFLOPs: 225.8846
2024-05-19 19:48:46 [INFO] [task_scheduler.cc:131] [Task #15: fused_nn_contrib_conv2d_NCHWc_add_nn_relu_3] Trial #125: GFLOPs: 140.5952. Time: 1647.3705 us. Best GFLOPs: 225.8846
2024-05-19 19:48:46 [INFO] [task_scheduler.cc:131] [Task #15: fused_nn_contrib_conv2d_NCHWc_add_nn_relu_3] Trial #126: GFLOPs: 17.0129. Time: 13613.9598 us. Best GFLOPs: 225.8846
2024-05-19 19:48:46 [INFO] [task_scheduler.cc:131] [Task #15: fused_nn_contrib_conv2d_NCHWc_add_nn_relu_3] Trial #127: GFLOPs: 46.3877. Time: 4992.9754 us. Best GFLOPs: 225.8846
2024-05-19 19:48:46 [INFO] [task_scheduler.cc:131] [Task #15: fused_nn_contrib_conv2d_NCHWc_add_nn_relu_3] Trial #128: GFLOPs: 36.5573. Time: 6335.6074 us. Best GFLOPs: 225.8846
2024-05-19 20:16:00 [INFO] [evolutionary_search.cc:713] Generating candidates......
2024-05-19 20:16:01 [INFO] [evolutionary_search.cc:715] Picked top 102 candidate(s) from database
2024-05-19 20:16:03 [INFO] [evolutionary_search.cc:533] Sample-Init-Population summary:
Postproc #0 [meta_schedule.DisallowDynamicLoop(0xce71468)]: 0 failure(s)
Postproc #1 [meta_schedule.RewriteParallelVectorizeUnroll(0xbc3fd68)]: 0 failure(s)
Postproc #2 [meta_schedule.RewriteReductionBlock(0x11078458)]: 0 failure(s)
Postproc #3 [meta_schedule.RewriteLayout(0xd6218f8)]: 0 failure(s)
2024-05-19 20:16:03 [INFO] [evolutionary_search.cc:723] Sampled 410 candidate(s)
2024-05-19 20:16:08 [INFO] [evolutionary_search.cc:621] Evolve iter #0 done. Summary:
Postproc #0 [meta_schedule.DisallowDynamicLoop(0xce71468)]: 0 failure(s)
Postproc #1 [meta_schedule.RewriteParallelVectorizeUnroll(0xbc3fd68)]: 0 failure(s)
Postproc #2 [meta_schedule.RewriteReductionBlock(0x11078458)]: 0 failure(s)
Postproc #3 [meta_schedule.RewriteLayout(0xd6218f8)]: 0 failure(s)
2024-05-19 20:16:13 [INFO] [evolutionary_search.cc:621] Evolve iter #1 done. Summary:
Postproc #0 [meta_schedule.DisallowDynamicLoop(0xce71468)]: 0 failure(s)
Postproc #1 [meta_schedule.RewriteParallelVectorizeUnroll(0xbc3fd68)]: 0 failure(s)
Postproc #2 [meta_schedule.RewriteReductionBlock(0x11078458)]: 0 failure(s)
Postproc #3 [meta_schedule.RewriteLayout(0xd6218f8)]: 0 failure(s)
2024-05-19 20:16:18 [INFO] [evolutionary_search.cc:621] Evolve iter #2 done. Summary:
Postproc #0 [meta_schedule.DisallowDynamicLoop(0xce71468)]: 0 failure(s)
Postproc #1 [meta_schedule.RewriteParallelVectorizeUnroll(0xbc3fd68)]: 0 failure(s)
Postproc #2 [meta_schedule.RewriteReductionBlock(0x11078458)]: 0 failure(s)
Postproc #3 [meta_schedule.RewriteLayout(0xd6218f8)]: 0 failure(s)
2024-05-19 20:16:23 [INFO] [evolutionary_search.cc:621] Evolve iter #3 done. Summary:
Postproc #0 [meta_schedule.DisallowDynamicLoop(0xce71468)]: 0 failure(s)
Postproc #1 [meta_schedule.RewriteParallelVectorizeUnroll(0xbc3fd68)]: 0 failure(s)
Postproc #2 [meta_schedule.RewriteReductionBlock(0x11078458)]: 0 failure(s)
Postproc #3 [meta_schedule.RewriteLayout(0xd6218f8)]: 0 failure(s)
2024-05-19 20:16:26 [INFO] [evolutionary_search.cc:649] Scores of the best 64 candidates:
[1 : 16]:	1.0341  1.0180  1.0147  1.0133  0.9532  0.9532  0.9495  0.9408  0.9408  0.9383  0.9383  0.9347  0.9347  0.9347  0.9347  0.9316
[17 : 32]:	0.9279  0.9137  0.9103  0.9089  0.9072  0.9026  0.9020  0.8998  0.8970  0.8956  0.8918  0.8902  0.8859  0.8858  0.8858  0.8810
[33 : 48]:	0.8680  0.8577  0.8465  0.8446  0.8443  0.8430  0.8412  0.8412  0.8412  0.8400  0.8397  0.8387  0.8347  0.8323  0.8316  0.8316
[49 : 64]:	0.8316  0.8316  0.8316  0.8316  0.8314  0.8314  0.8303  0.8303  0.8260  0.8243  0.8234  0.8233  0.8233  0.8228  0.8228  0.8228
2024-05-19 20:16:26 [INFO] [evolutionary_search.cc:727] Got 64 candidate(s) with evolutionary search
2024-05-19 20:16:26 [INFO] [evolutionary_search.cc:730] Sending 64 candidates(s) for measurement
2024-05-19 20:17:57 [INFO] [task_scheduler.cc:131] [Task #15: fused_nn_contrib_conv2d_NCHWc_add_nn_relu_3] Trial #129: GFLOPs: 237.1889. Time: 976.4894 us. Best GFLOPs: 237.1889
2024-05-19 20:17:57 [INFO] [task_scheduler.cc:131] [Task #15: fused_nn_contrib_conv2d_NCHWc_add_nn_relu_3] Trial #130: GFLOPs: 214.9311. Time: 1077.6126 us. Best GFLOPs: 237.1889
2024-05-19 20:17:57 [INFO] [task_scheduler.cc:131] [Task #15: fused_nn_contrib_conv2d_NCHWc_add_nn_relu_3] Trial #131: GFLOPs: 222.1784. Time: 1042.4616 us. Best GFLOPs: 237.1889
2024-05-19 20:17:57 [INFO] [task_scheduler.cc:131] [Task #15: fused_nn_contrib_conv2d_NCHWc_add_nn_relu_3] Trial #132: GFLOPs: 227.0025. Time: 1020.3078 us. Best GFLOPs: 237.1889
2024-05-19 20:17:57 [INFO] [task_scheduler.cc:131] [Task #15: fused_nn_contrib_conv2d_NCHWc_add_nn_relu_3] Trial #133: GFLOPs: 227.8085. Time: 1016.6978 us. Best GFLOPs: 237.1889
2024-05-19 20:17:57 [INFO] [task_scheduler.cc:131] [Task #15: fused_nn_contrib_conv2d_NCHWc_add_nn_relu_3] Trial #134: GFLOPs: 230.2846. Time: 1005.7662 us. Best GFLOPs: 237.1889
2024-05-19 20:17:57 [INFO] [task_scheduler.cc:131] [Task #15: fused_nn_contrib_conv2d_NCHWc_add_nn_relu_3] Trial #135: GFLOPs: 238.8918. Time: 969.5285 us. Best GFLOPs: 238.8918
2024-05-19 20:17:57 [INFO] [task_scheduler.cc:131] [Task #15: fused_nn_contrib_conv2d_NCHWc_add_nn_relu_3] Trial #136: GFLOPs: 168.0889. Time: 1377.9162 us. Best GFLOPs: 238.8918
2024-05-19 20:17:57 [INFO] [task_scheduler.cc:131] [Task #15: fused_nn_contrib_conv2d_NCHWc_add_nn_relu_3] Trial #137: GFLOPs: 171.2882. Time: 1352.1797 us. Best GFLOPs: 238.8918
2024-05-19 20:17:57 [INFO] [task_scheduler.cc:131] [Task #15: fused_nn_contrib_conv2d_NCHWc_add_nn_relu_3] Trial #138: GFLOPs: 172.2194. Time: 1344.8683 us. Best GFLOPs: 238.8918
2024-05-19 20:17:57 [INFO] [task_scheduler.cc:131] [Task #15: fused_nn_contrib_conv2d_NCHWc_add_nn_relu_3] Trial #139: GFLOPs: 232.5964. Time: 995.7695 us. Best GFLOPs: 238.8918
2024-05-19 20:17:57 [INFO] [task_scheduler.cc:131] [Task #15: fused_nn_contrib_conv2d_NCHWc_add_nn_relu_3] Trial #140: GFLOPs: 217.1753. Time: 1066.4767 us. Best GFLOPs: 238.8918
2024-05-19 20:17:57 [INFO] [task_scheduler.cc:131] [Task #15: fused_nn_contrib_conv2d_NCHWc_add_nn_relu_3] Trial #141: GFLOPs: 228.4164. Time: 1013.9921 us. Best GFLOPs: 238.8918
2024-05-19 20:17:57 [INFO] [task_scheduler.cc:131] [Task #15: fused_nn_contrib_conv2d_NCHWc_add_nn_relu_3] Trial #142: GFLOPs: 170.4338. Time: 1358.9581 us. Best GFLOPs: 238.8918
2024-05-19 20:17:57 [INFO] [task_scheduler.cc:131] [Task #15: fused_nn_contrib_conv2d_NCHWc_add_nn_relu_3] Trial #143: GFLOPs: 170.2534. Time: 1360.3985 us. Best GFLOPs: 238.8918
2024-05-19 20:17:57 [INFO] [task_scheduler.cc:131] [Task #15: fused_nn_contrib_conv2d_NCHWc_add_nn_relu_3] Trial #144: GFLOPs: 222.8708. Time: 1039.2226 us. Best GFLOPs: 238.8918
2024-05-19 20:17:57 [INFO] [task_scheduler.cc:131] [Task #15: fused_nn_contrib_conv2d_NCHWc_add_nn_relu_3] Trial #145: GFLOPs: 207.6757. Time: 1115.2601 us. Best GFLOPs: 238.8918
2024-05-19 20:17:57 [INFO] [task_scheduler.cc:131] [Task #15: fused_nn_contrib_conv2d_NCHWc_add_nn_relu_3] Trial #146: GFLOPs: 134.3847. Time: 1723.5034 us. Best GFLOPs: 238.8918
2024-05-19 20:17:57 [INFO] [task_scheduler.cc:131] [Task #15: fused_nn_contrib_conv2d_NCHWc_add_nn_relu_3] Trial #147: GFLOPs: 195.9834. Time: 1181.7958 us. Best GFLOPs: 238.8918
2024-05-19 20:17:57 [INFO] [task_scheduler.cc:131] [Task #15: fused_nn_contrib_conv2d_NCHWc_add_nn_relu_3] Trial #148: GFLOPs: 136.0506. Time: 1702.3992 us. Best GFLOPs: 238.8918
2024-05-19 20:17:57 [INFO] [task_scheduler.cc:131] [Task #15: fused_nn_contrib_conv2d_NCHWc_add_nn_relu_3] Trial #149: GFLOPs: 192.0572. Time: 1205.9551 us. Best GFLOPs: 238.8918
2024-05-19 20:17:57 [INFO] [task_scheduler.cc:131] [Task #15: fused_nn_contrib_conv2d_NCHWc_add_nn_relu_3] Trial #150: GFLOPs: 239.8629. Time: 965.6033 us. Best GFLOPs: 239.8629
2024-05-19 20:17:57 [INFO] [task_scheduler.cc:131] [Task #15: fused_nn_contrib_conv2d_NCHWc_add_nn_relu_3] Trial #151: GFLOPs: 215.8075. Time: 1073.2364 us. Best GFLOPs: 239.8629
2024-05-19 20:17:57 [INFO] [task_scheduler.cc:131] [Task #15: fused_nn_contrib_conv2d_NCHWc_add_nn_relu_3] Trial #152: GFLOPs: 229.2664. Time: 1010.2326 us. Best GFLOPs: 239.8629
2024-05-19 20:17:57 [INFO] [task_scheduler.cc:131] [Task #15: fused_nn_contrib_conv2d_NCHWc_add_nn_relu_3] Trial #153: GFLOPs: 230.8973. Time: 1003.0971 us. Best GFLOPs: 239.8629
2024-05-19 20:17:57 [INFO] [task_scheduler.cc:131] [Task #15: fused_nn_contrib_conv2d_NCHWc_add_nn_relu_3] Trial #154: GFLOPs: 152.1753. Time: 1522.0107 us. Best GFLOPs: 239.8629
2024-05-19 20:17:57 [INFO] [task_scheduler.cc:131] [Task #15: fused_nn_contrib_conv2d_NCHWc_add_nn_relu_3] Trial #155: GFLOPs: 212.9584. Time: 1087.5947 us. Best GFLOPs: 239.8629
2024-05-19 20:17:57 [INFO] [task_scheduler.cc:131] [Task #15: fused_nn_contrib_conv2d_NCHWc_add_nn_relu_3] Trial #156: GFLOPs: 203.8541. Time: 1136.1677 us. Best GFLOPs: 239.8629
2024-05-19 20:17:57 [INFO] [task_scheduler.cc:131] [Task #15: fused_nn_contrib_conv2d_NCHWc_add_nn_relu_3] Trial #157: GFLOPs: 205.8233. Time: 1125.2976 us. Best GFLOPs: 239.8629
2024-05-19 20:17:57 [INFO] [task_scheduler.cc:131] [Task #15: fused_nn_contrib_conv2d_NCHWc_add_nn_relu_3] Trial #158: GFLOPs: 180.1717. Time: 1285.5093 us. Best GFLOPs: 239.8629
2024-05-19 20:17:57 [INFO] [task_scheduler.cc:131] [Task #15: fused_nn_contrib_conv2d_NCHWc_add_nn_relu_3] Trial #159: GFLOPs: 176.0373. Time: 1315.7007 us. Best GFLOPs: 239.8629
2024-05-19 20:17:57 [INFO] [task_scheduler.cc:131] [Task #15: fused_nn_contrib_conv2d_NCHWc_add_nn_relu_3] Trial #160: GFLOPs: 173.5698. Time: 1334.4052 us. Best GFLOPs: 239.8629
2024-05-19 20:17:57 [INFO] [task_scheduler.cc:131] [Task #15: fused_nn_contrib_conv2d_NCHWc_add_nn_relu_3] Trial #161: GFLOPs: 237.2910. Time: 976.0692 us. Best GFLOPs: 239.8629
2024-05-19 20:17:57 [INFO] [task_scheduler.cc:131] [Task #15: fused_nn_contrib_conv2d_NCHWc_add_nn_relu_3] Trial #162: GFLOPs: 144.8936. Time: 1598.5000 us. Best GFLOPs: 239.8629
2024-05-19 20:17:57 [INFO] [task_scheduler.cc:131] [Task #15: fused_nn_contrib_conv2d_NCHWc_add_nn_relu_3] Trial #163: GFLOPs: 139.0744. Time: 1665.3844 us. Best GFLOPs: 239.8629
2024-05-19 20:17:57 [INFO] [task_scheduler.cc:131] [Task #15: fused_nn_contrib_conv2d_NCHWc_add_nn_relu_3] Trial #164: GFLOPs: 194.4105. Time: 1191.3574 us. Best GFLOPs: 239.8629
2024-05-19 20:17:57 [INFO] [task_scheduler.cc:131] [Task #15: fused_nn_contrib_conv2d_NCHWc_add_nn_relu_3] Trial #165: GFLOPs: 164.5666. Time: 1407.4087 us. Best GFLOPs: 239.8629
2024-05-19 20:17:57 [INFO] [task_scheduler.cc:131] [Task #15: fused_nn_contrib_conv2d_NCHWc_add_nn_relu_3] Trial #166: GFLOPs: 142.5326. Time: 1624.9782 us. Best GFLOPs: 239.8629
2024-05-19 20:17:57 [INFO] [task_scheduler.cc:131] [Task #15: fused_nn_contrib_conv2d_NCHWc_add_nn_relu_3] Trial #167: GFLOPs: 206.0807. Time: 1123.8918 us. Best GFLOPs: 239.8629
2024-05-19 20:17:57 [INFO] [task_scheduler.cc:131] [Task #15: fused_nn_contrib_conv2d_NCHWc_add_nn_relu_3] Trial #168: GFLOPs: 206.7832. Time: 1120.0736 us. Best GFLOPs: 239.8629
2024-05-19 20:17:57 [INFO] [task_scheduler.cc:131] [Task #15: fused_nn_contrib_conv2d_NCHWc_add_nn_relu_3] Trial #169: GFLOPs: 204.8668. Time: 1130.5513 us. Best GFLOPs: 239.8629
2024-05-19 20:17:57 [INFO] [task_scheduler.cc:131] [Task #15: fused_nn_contrib_conv2d_NCHWc_add_nn_relu_3] Trial #170: GFLOPs: 114.6646. Time: 2019.9115 us. Best GFLOPs: 239.8629
2024-05-19 20:17:57 [INFO] [task_scheduler.cc:131] [Task #15: fused_nn_contrib_conv2d_NCHWc_add_nn_relu_3] Trial #171: GFLOPs: 161.9198. Time: 1430.4148 us. Best GFLOPs: 239.8629
2024-05-19 20:17:57 [INFO] [task_scheduler.cc:131] [Task #15: fused_nn_contrib_conv2d_NCHWc_add_nn_relu_3] Trial #172: GFLOPs: 182.6208. Time: 1268.2693 us. Best GFLOPs: 239.8629
2024-05-19 20:17:57 [INFO] [task_scheduler.cc:131] [Task #15: fused_nn_contrib_conv2d_NCHWc_add_nn_relu_3] Trial #173: GFLOPs: 195.0839. Time: 1187.2449 us. Best GFLOPs: 239.8629
2024-05-19 20:17:57 [INFO] [task_scheduler.cc:131] [Task #15: fused_nn_contrib_conv2d_NCHWc_add_nn_relu_3] Trial #174: GFLOPs: 124.5972. Time: 1858.8888 us. Best GFLOPs: 239.8629
2024-05-19 20:17:57 [INFO] [task_scheduler.cc:131] [Task #15: fused_nn_contrib_conv2d_NCHWc_add_nn_relu_3] Trial #175: GFLOPs: 186.8174. Time: 1239.7795 us. Best GFLOPs: 239.8629
2024-05-19 20:17:57 [INFO] [task_scheduler.cc:131] [Task #15: fused_nn_contrib_conv2d_NCHWc_add_nn_relu_3] Trial #176: GFLOPs: 173.6761. Time: 1333.5884 us. Best GFLOPs: 239.8629
2024-05-19 20:17:57 [INFO] [task_scheduler.cc:131] [Task #15: fused_nn_contrib_conv2d_NCHWc_add_nn_relu_3] Trial #177: GFLOPs: 191.8480. Time: 1207.2702 us. Best GFLOPs: 239.8629
2024-05-19 20:17:57 [INFO] [task_scheduler.cc:131] [Task #15: fused_nn_contrib_conv2d_NCHWc_add_nn_relu_3] Trial #178: GFLOPs: 207.5418. Time: 1115.9794 us. Best GFLOPs: 239.8629
2024-05-19 20:17:57 [INFO] [task_scheduler.cc:131] [Task #15: fused_nn_contrib_conv2d_NCHWc_add_nn_relu_3] Trial #179: GFLOPs: 220.4201. Time: 1050.7773 us. Best GFLOPs: 239.8629
2024-05-19 20:17:57 [INFO] [task_scheduler.cc:131] [Task #15: fused_nn_contrib_conv2d_NCHWc_add_nn_relu_3] Trial #180: GFLOPs: 173.5520. Time: 1334.5419 us. Best GFLOPs: 239.8629
2024-05-19 20:17:57 [INFO] [task_scheduler.cc:131] [Task #15: fused_nn_contrib_conv2d_NCHWc_add_nn_relu_3] Trial #181: GFLOPs: 172.5345. Time: 1342.4122 us. Best GFLOPs: 239.8629
2024-05-19 20:17:57 [INFO] [task_scheduler.cc:131] [Task #15: fused_nn_contrib_conv2d_NCHWc_add_nn_relu_3] Trial #182: GFLOPs: 165.4186. Time: 1400.1595 us. Best GFLOPs: 239.8629
2024-05-19 20:17:57 [INFO] [task_scheduler.cc:131] [Task #15: fused_nn_contrib_conv2d_NCHWc_add_nn_relu_3] Trial #183: GFLOPs: 156.0460. Time: 1484.2572 us. Best GFLOPs: 239.8629
2024-05-19 20:17:57 [INFO] [task_scheduler.cc:131] [Task #15: fused_nn_contrib_conv2d_NCHWc_add_nn_relu_3] Trial #184: GFLOPs: 215.8311. Time: 1073.1186 us. Best GFLOPs: 239.8629
2024-05-19 20:17:57 [INFO] [task_scheduler.cc:131] [Task #15: fused_nn_contrib_conv2d_NCHWc_add_nn_relu_3] Trial #185: GFLOPs: 194.2929. Time: 1192.0784 us. Best GFLOPs: 239.8629
2024-05-19 20:17:57 [INFO] [task_scheduler.cc:131] [Task #15: fused_nn_contrib_conv2d_NCHWc_add_nn_relu_3] Trial #186: GFLOPs: 158.2816. Time: 1463.2932 us. Best GFLOPs: 239.8629
2024-05-19 20:17:57 [INFO] [task_scheduler.cc:131] [Task #15: fused_nn_contrib_conv2d_NCHWc_add_nn_relu_3] Trial #187: GFLOPs: 182.8006. Time: 1267.0224 us. Best GFLOPs: 239.8629
2024-05-19 20:17:57 [INFO] [task_scheduler.cc:131] [Task #15: fused_nn_contrib_conv2d_NCHWc_add_nn_relu_3] Trial #188: GFLOPs: 173.1203. Time: 1337.8697 us. Best GFLOPs: 239.8629
2024-05-19 20:17:57 [INFO] [task_scheduler.cc:131] [Task #15: fused_nn_contrib_conv2d_NCHWc_add_nn_relu_3] Trial #189: GFLOPs: 187.3729. Time: 1236.1039 us. Best GFLOPs: 239.8629
2024-05-19 20:17:57 [INFO] [task_scheduler.cc:131] [Task #15: fused_nn_contrib_conv2d_NCHWc_add_nn_relu_3] Trial #190: GFLOPs: 94.9561. Time: 2439.1535 us. Best GFLOPs: 239.8629
2024-05-19 20:17:57 [INFO] [task_scheduler.cc:131] [Task #15: fused_nn_contrib_conv2d_NCHWc_add_nn_relu_3] Trial #191: GFLOPs: 14.6228. Time: 15839.1212 us. Best GFLOPs: 239.8629
2024-05-19 20:17:57 [INFO] [task_scheduler.cc:131] [Task #15: fused_nn_contrib_conv2d_NCHWc_add_nn_relu_3] Trial #192: GFLOPs: 35.4993. Time: 6524.4136 us. Best GFLOPs: 239.8629
2024-05-19 20:38:04 [INFO] [evolutionary_search.cc:713] Generating candidates......
2024-05-19 20:38:05 [INFO] [evolutionary_search.cc:715] Picked top 102 candidate(s) from database
2024-05-19 20:38:07 [INFO] [evolutionary_search.cc:533] Sample-Init-Population summary:
Postproc #0 [meta_schedule.DisallowDynamicLoop(0xce71468)]: 0 failure(s)
Postproc #1 [meta_schedule.RewriteParallelVectorizeUnroll(0xbc3fd68)]: 0 failure(s)
Postproc #2 [meta_schedule.RewriteReductionBlock(0x11078458)]: 0 failure(s)
Postproc #3 [meta_schedule.RewriteLayout(0xd6218f8)]: 0 failure(s)
2024-05-19 20:38:07 [INFO] [evolutionary_search.cc:723] Sampled 410 candidate(s)
2024-05-19 20:38:12 [INFO] [evolutionary_search.cc:621] Evolve iter #0 done. Summary:
Postproc #0 [meta_schedule.DisallowDynamicLoop(0xce71468)]: 0 failure(s)
Postproc #1 [meta_schedule.RewriteParallelVectorizeUnroll(0xbc3fd68)]: 0 failure(s)
Postproc #2 [meta_schedule.RewriteReductionBlock(0x11078458)]: 0 failure(s)
Postproc #3 [meta_schedule.RewriteLayout(0xd6218f8)]: 0 failure(s)
2024-05-19 20:38:17 [INFO] [evolutionary_search.cc:621] Evolve iter #1 done. Summary:
Postproc #0 [meta_schedule.DisallowDynamicLoop(0xce71468)]: 0 failure(s)
Postproc #1 [meta_schedule.RewriteParallelVectorizeUnroll(0xbc3fd68)]: 0 failure(s)
Postproc #2 [meta_schedule.RewriteReductionBlock(0x11078458)]: 0 failure(s)
Postproc #3 [meta_schedule.RewriteLayout(0xd6218f8)]: 0 failure(s)
2024-05-19 20:38:23 [INFO] [evolutionary_search.cc:621] Evolve iter #2 done. Summary:
Postproc #0 [meta_schedule.DisallowDynamicLoop(0xce71468)]: 0 failure(s)
Postproc #1 [meta_schedule.RewriteParallelVectorizeUnroll(0xbc3fd68)]: 0 failure(s)
Postproc #2 [meta_schedule.RewriteReductionBlock(0x11078458)]: 0 failure(s)
Postproc #3 [meta_schedule.RewriteLayout(0xd6218f8)]: 0 failure(s)
2024-05-19 20:38:28 [INFO] [evolutionary_search.cc:621] Evolve iter #3 done. Summary:
Postproc #0 [meta_schedule.DisallowDynamicLoop(0xce71468)]: 0 failure(s)
Postproc #1 [meta_schedule.RewriteParallelVectorizeUnroll(0xbc3fd68)]: 0 failure(s)
Postproc #2 [meta_schedule.RewriteReductionBlock(0x11078458)]: 0 failure(s)
Postproc #3 [meta_schedule.RewriteLayout(0xd6218f8)]: 0 failure(s)
2024-05-19 20:38:31 [INFO] [evolutionary_search.cc:649] Scores of the best 64 candidates:
[1 : 16]:	1.0440  1.0033  1.0018  0.9977  0.9717  0.9628  0.9628  0.9628  0.9628  0.9621  0.9595  0.9587  0.9572  0.9476  0.9476  0.9460
[17 : 32]:	0.9459  0.9445  0.9344  0.9342  0.9339  0.9330  0.9318  0.9318  0.9318  0.9318  0.9287  0.9278  0.9264  0.9234  0.9234  0.9234
[33 : 48]:	0.9234  0.9234  0.9234  0.9234  0.9223  0.9223  0.9216  0.9205  0.9200  0.9200  0.9174  0.9174  0.9174  0.9174  0.9174  0.9173
[49 : 64]:	0.9165  0.9149  0.9149  0.9125  0.9092  0.9087  0.9087  0.9047  0.9018  0.8995  0.8980  0.8980  0.8953  0.8941  0.8923  0.8921
2024-05-19 20:38:31 [INFO] [evolutionary_search.cc:727] Got 64 candidate(s) with evolutionary search
2024-05-19 20:38:31 [INFO] [evolutionary_search.cc:730] Sending 64 candidates(s) for measurement
2024-05-19 20:39:59 [INFO] [task_scheduler.cc:131] [Task #15: fused_nn_contrib_conv2d_NCHWc_add_nn_relu_3] Trial #193: GFLOPs: 237.2514. Time: 976.2321 us. Best GFLOPs: 239.8629
2024-05-19 20:39:59 [INFO] [task_scheduler.cc:131] [Task #15: fused_nn_contrib_conv2d_NCHWc_add_nn_relu_3] Trial #194: GFLOPs: 226.5653. Time: 1022.2769 us. Best GFLOPs: 239.8629
2024-05-19 20:39:59 [INFO] [task_scheduler.cc:131] [Task #15: fused_nn_contrib_conv2d_NCHWc_add_nn_relu_3] Trial #195: GFLOPs: 153.9950. Time: 1504.0253 us. Best GFLOPs: 239.8629
2024-05-19 20:39:59 [INFO] [task_scheduler.cc:131] [Task #15: fused_nn_contrib_conv2d_NCHWc_add_nn_relu_3] Trial #196: GFLOPs: 179.4825. Time: 1290.4455 us. Best GFLOPs: 239.8629
2024-05-19 20:39:59 [INFO] [task_scheduler.cc:131] [Task #15: fused_nn_contrib_conv2d_NCHWc_add_nn_relu_3] Trial #197: GFLOPs: 237.7477. Time: 974.1940 us. Best GFLOPs: 239.8629
2024-05-19 20:39:59 [INFO] [task_scheduler.cc:131] [Task #15: fused_nn_contrib_conv2d_NCHWc_add_nn_relu_3] Trial #198: GFLOPs: 165.2555. Time: 1401.5417 us. Best GFLOPs: 239.8629
2024-05-19 20:39:59 [INFO] [task_scheduler.cc:131] [Task #15: fused_nn_contrib_conv2d_NCHWc_add_nn_relu_3] Trial #199: GFLOPs: 238.2492. Time: 972.1437 us. Best GFLOPs: 239.8629
2024-05-19 20:39:59 [INFO] [task_scheduler.cc:131] [Task #15: fused_nn_contrib_conv2d_NCHWc_add_nn_relu_3] Trial #200: GFLOPs: 165.5607. Time: 1398.9573 us. Best GFLOPs: 239.8629
2024-05-19 20:39:59 [INFO] [task_scheduler.cc:131] [Task #15: fused_nn_contrib_conv2d_NCHWc_add_nn_relu_3] Trial #201: GFLOPs: 171.9697. Time: 1346.8213 us. Best GFLOPs: 239.8629
2024-05-19 20:39:59 [INFO] [task_scheduler.cc:131] [Task #15: fused_nn_contrib_conv2d_NCHWc_add_nn_relu_3] Trial #202: GFLOPs: 178.9242. Time: 1294.4719 us. Best GFLOPs: 239.8629
2024-05-19 20:39:59 [INFO] [task_scheduler.cc:131] [Task #15: fused_nn_contrib_conv2d_NCHWc_add_nn_relu_3] Trial #203: GFLOPs: 210.4830. Time: 1100.3851 us. Best GFLOPs: 239.8629
2024-05-19 20:39:59 [INFO] [task_scheduler.cc:131] [Task #15: fused_nn_contrib_conv2d_NCHWc_add_nn_relu_3] Trial #204: GFLOPs: 230.2673. Time: 1005.8417 us. Best GFLOPs: 239.8629
2024-05-19 20:39:59 [INFO] [task_scheduler.cc:131] [Task #15: fused_nn_contrib_conv2d_NCHWc_add_nn_relu_3] Trial #205: GFLOPs: 235.2502. Time: 984.5364 us. Best GFLOPs: 239.8629
2024-05-19 20:39:59 [INFO] [task_scheduler.cc:131] [Task #15: fused_nn_contrib_conv2d_NCHWc_add_nn_relu_3] Trial #206: GFLOPs: 223.4530. Time: 1036.5151 us. Best GFLOPs: 239.8629
2024-05-19 20:39:59 [INFO] [task_scheduler.cc:131] [Task #15: fused_nn_contrib_conv2d_NCHWc_add_nn_relu_3] Trial #207: GFLOPs: 222.6942. Time: 1040.0471 us. Best GFLOPs: 239.8629
2024-05-19 20:39:59 [INFO] [task_scheduler.cc:131] [Task #15: fused_nn_contrib_conv2d_NCHWc_add_nn_relu_3] Trial #208: GFLOPs: 223.5201. Time: 1036.2039 us. Best GFLOPs: 239.8629
2024-05-19 20:39:59 [INFO] [task_scheduler.cc:131] [Task #15: fused_nn_contrib_conv2d_NCHWc_add_nn_relu_3] Trial #209: GFLOPs: 135.1250. Time: 1714.0600 us. Best GFLOPs: 239.8629
2024-05-19 20:39:59 [INFO] [task_scheduler.cc:131] [Task #15: fused_nn_contrib_conv2d_NCHWc_add_nn_relu_3] Trial #210: GFLOPs: 200.8574. Time: 1153.1187 us. Best GFLOPs: 239.8629
2024-05-19 20:39:59 [INFO] [task_scheduler.cc:131] [Task #15: fused_nn_contrib_conv2d_NCHWc_add_nn_relu_3] Trial #211: GFLOPs: 168.3260. Time: 1375.9749 us. Best GFLOPs: 239.8629
2024-05-19 20:39:59 [INFO] [task_scheduler.cc:131] [Task #15: fused_nn_contrib_conv2d_NCHWc_add_nn_relu_3] Trial #212: GFLOPs: 193.5815. Time: 1196.4595 us. Best GFLOPs: 239.8629
2024-05-19 20:39:59 [INFO] [task_scheduler.cc:131] [Task #15: fused_nn_contrib_conv2d_NCHWc_add_nn_relu_3] Trial #213: GFLOPs: 216.4094. Time: 1070.2514 us. Best GFLOPs: 239.8629
2024-05-19 20:39:59 [INFO] [task_scheduler.cc:131] [Task #15: fused_nn_contrib_conv2d_NCHWc_add_nn_relu_3] Trial #214: GFLOPs: 229.2968. Time: 1010.0987 us. Best GFLOPs: 239.8629
2024-05-19 20:39:59 [INFO] [task_scheduler.cc:131] [Task #15: fused_nn_contrib_conv2d_NCHWc_add_nn_relu_3] Trial #215: GFLOPs: 176.5630. Time: 1311.7833 us. Best GFLOPs: 239.8629
2024-05-19 20:39:59 [INFO] [task_scheduler.cc:131] [Task #15: fused_nn_contrib_conv2d_NCHWc_add_nn_relu_3] Trial #216: GFLOPs: 168.7586. Time: 1372.4483 us. Best GFLOPs: 239.8629
2024-05-19 20:39:59 [INFO] [task_scheduler.cc:131] [Task #15: fused_nn_contrib_conv2d_NCHWc_add_nn_relu_3] Trial #217: GFLOPs: 239.1291. Time: 968.5664 us. Best GFLOPs: 239.8629
2024-05-19 20:39:59 [INFO] [task_scheduler.cc:131] [Task #15: fused_nn_contrib_conv2d_NCHWc_add_nn_relu_3] Trial #218: GFLOPs: 174.2858. Time: 1328.9229 us. Best GFLOPs: 239.8629
2024-05-19 20:39:59 [INFO] [task_scheduler.cc:131] [Task #15: fused_nn_contrib_conv2d_NCHWc_add_nn_relu_3] Trial #219: GFLOPs: 189.6567. Time: 1221.2195 us. Best GFLOPs: 239.8629
2024-05-19 20:39:59 [INFO] [task_scheduler.cc:131] [Task #15: fused_nn_contrib_conv2d_NCHWc_add_nn_relu_3] Trial #220: GFLOPs: 218.2580. Time: 1061.1862 us. Best GFLOPs: 239.8629
2024-05-19 20:39:59 [INFO] [task_scheduler.cc:131] [Task #15: fused_nn_contrib_conv2d_NCHWc_add_nn_relu_3] Trial #221: GFLOPs: 123.8008. Time: 1870.8480 us. Best GFLOPs: 239.8629
2024-05-19 20:39:59 [INFO] [task_scheduler.cc:131] [Task #15: fused_nn_contrib_conv2d_NCHWc_add_nn_relu_3] Trial #222: GFLOPs: 227.9534. Time: 1016.0516 us. Best GFLOPs: 239.8629
2024-05-19 20:39:59 [INFO] [task_scheduler.cc:131] [Task #15: fused_nn_contrib_conv2d_NCHWc_add_nn_relu_3] Trial #223: GFLOPs: 171.7321. Time: 1348.6847 us. Best GFLOPs: 239.8629
2024-05-19 20:39:59 [INFO] [task_scheduler.cc:131] [Task #15: fused_nn_contrib_conv2d_NCHWc_add_nn_relu_3] Trial #224: GFLOPs: 145.0121. Time: 1597.1936 us. Best GFLOPs: 239.8629
2024-05-19 20:39:59 [INFO] [task_scheduler.cc:131] [Task #15: fused_nn_contrib_conv2d_NCHWc_add_nn_relu_3] Trial #225: GFLOPs: 171.4317. Time: 1351.0480 us. Best GFLOPs: 239.8629
2024-05-19 20:39:59 [INFO] [task_scheduler.cc:131] [Task #15: fused_nn_contrib_conv2d_NCHWc_add_nn_relu_3] Trial #226: GFLOPs: 170.9415. Time: 1354.9225 us. Best GFLOPs: 239.8629
2024-05-19 20:39:59 [INFO] [task_scheduler.cc:131] [Task #15: fused_nn_contrib_conv2d_NCHWc_add_nn_relu_3] Trial #227: GFLOPs: 223.9602. Time: 1034.1675 us. Best GFLOPs: 239.8629
2024-05-19 20:39:59 [INFO] [task_scheduler.cc:131] [Task #15: fused_nn_contrib_conv2d_NCHWc_add_nn_relu_3] Trial #228: GFLOPs: 213.7206. Time: 1083.7161 us. Best GFLOPs: 239.8629
2024-05-19 20:39:59 [INFO] [task_scheduler.cc:131] [Task #15: fused_nn_contrib_conv2d_NCHWc_add_nn_relu_3] Trial #229: GFLOPs: 165.9283. Time: 1395.8584 us. Best GFLOPs: 239.8629
2024-05-19 20:39:59 [INFO] [task_scheduler.cc:131] [Task #15: fused_nn_contrib_conv2d_NCHWc_add_nn_relu_3] Trial #230: GFLOPs: 194.5677. Time: 1190.3951 us. Best GFLOPs: 239.8629
2024-05-19 20:39:59 [INFO] [task_scheduler.cc:131] [Task #15: fused_nn_contrib_conv2d_NCHWc_add_nn_relu_3] Trial #231: GFLOPs: 168.3956. Time: 1375.4069 us. Best GFLOPs: 239.8629
2024-05-19 20:39:59 [INFO] [task_scheduler.cc:131] [Task #15: fused_nn_contrib_conv2d_NCHWc_add_nn_relu_3] Trial #232: GFLOPs: 162.6476. Time: 1424.0142 us. Best GFLOPs: 239.8629
2024-05-19 20:39:59 [INFO] [task_scheduler.cc:131] [Task #15: fused_nn_contrib_conv2d_NCHWc_add_nn_relu_3] Trial #233: GFLOPs: 215.9704. Time: 1072.4267 us. Best GFLOPs: 239.8629
2024-05-19 20:39:59 [INFO] [task_scheduler.cc:131] [Task #15: fused_nn_contrib_conv2d_NCHWc_add_nn_relu_3] Trial #234: GFLOPs: 214.8773. Time: 1077.8822 us. Best GFLOPs: 239.8629
2024-05-19 20:39:59 [INFO] [task_scheduler.cc:131] [Task #15: fused_nn_contrib_conv2d_NCHWc_add_nn_relu_3] Trial #235: GFLOPs: 164.9162. Time: 1404.4246 us. Best GFLOPs: 239.8629
2024-05-19 20:39:59 [INFO] [task_scheduler.cc:131] [Task #15: fused_nn_contrib_conv2d_NCHWc_add_nn_relu_3] Trial #236: GFLOPs: 166.6667. Time: 1389.6741 us. Best GFLOPs: 239.8629
2024-05-19 20:39:59 [INFO] [task_scheduler.cc:131] [Task #15: fused_nn_contrib_conv2d_NCHWc_add_nn_relu_3] Trial #237: GFLOPs: 139.3245. Time: 1662.3950 us. Best GFLOPs: 239.8629
2024-05-19 20:39:59 [INFO] [task_scheduler.cc:131] [Task #15: fused_nn_contrib_conv2d_NCHWc_add_nn_relu_3] Trial #238: GFLOPs: 165.8836. Time: 1396.2348 us. Best GFLOPs: 239.8629
2024-05-19 20:39:59 [INFO] [task_scheduler.cc:131] [Task #15: fused_nn_contrib_conv2d_NCHWc_add_nn_relu_3] Trial #239: GFLOPs: 166.3137. Time: 1392.6239 us. Best GFLOPs: 239.8629
2024-05-19 20:39:59 [INFO] [task_scheduler.cc:131] [Task #15: fused_nn_contrib_conv2d_NCHWc_add_nn_relu_3] Trial #240: GFLOPs: 183.5759. Time: 1261.6709 us. Best GFLOPs: 239.8629
2024-05-19 20:39:59 [INFO] [task_scheduler.cc:131] [Task #15: fused_nn_contrib_conv2d_NCHWc_add_nn_relu_3] Trial #241: GFLOPs: 211.4767. Time: 1095.2147 us. Best GFLOPs: 239.8629
2024-05-19 20:39:59 [INFO] [task_scheduler.cc:131] [Task #15: fused_nn_contrib_conv2d_NCHWc_add_nn_relu_3] Trial #242: GFLOPs: 138.3397. Time: 1674.2299 us. Best GFLOPs: 239.8629
2024-05-19 20:39:59 [INFO] [task_scheduler.cc:131] [Task #15: fused_nn_contrib_conv2d_NCHWc_add_nn_relu_3] Trial #243: GFLOPs: 228.0616. Time: 1015.5697 us. Best GFLOPs: 239.8629
2024-05-19 20:39:59 [INFO] [task_scheduler.cc:131] [Task #15: fused_nn_contrib_conv2d_NCHWc_add_nn_relu_3] Trial #244: GFLOPs: 155.6076. Time: 1488.4389 us. Best GFLOPs: 239.8629
2024-05-19 20:39:59 [INFO] [task_scheduler.cc:131] [Task #15: fused_nn_contrib_conv2d_NCHWc_add_nn_relu_3] Trial #245: GFLOPs: 229.3239. Time: 1009.9793 us. Best GFLOPs: 239.8629
2024-05-19 20:39:59 [INFO] [task_scheduler.cc:131] [Task #15: fused_nn_contrib_conv2d_NCHWc_add_nn_relu_3] Trial #246: GFLOPs: 165.7000. Time: 1397.7813 us. Best GFLOPs: 239.8629
2024-05-19 20:39:59 [INFO] [task_scheduler.cc:131] [Task #15: fused_nn_contrib_conv2d_NCHWc_add_nn_relu_3] Trial #247: GFLOPs: 226.9696. Time: 1020.4555 us. Best GFLOPs: 239.8629
2024-05-19 20:39:59 [INFO] [task_scheduler.cc:131] [Task #15: fused_nn_contrib_conv2d_NCHWc_add_nn_relu_3] Trial #248: GFLOPs: 119.5523. Time: 1937.3310 us. Best GFLOPs: 239.8629
2024-05-19 20:39:59 [INFO] [task_scheduler.cc:131] [Task #15: fused_nn_contrib_conv2d_NCHWc_add_nn_relu_3] Trial #249: GFLOPs: 233.5656. Time: 991.6376 us. Best GFLOPs: 239.8629
2024-05-19 20:39:59 [INFO] [task_scheduler.cc:131] [Task #15: fused_nn_contrib_conv2d_NCHWc_add_nn_relu_3] Trial #250: GFLOPs: 224.9080. Time: 1029.8094 us. Best GFLOPs: 239.8629
2024-05-19 20:39:59 [INFO] [task_scheduler.cc:131] [Task #15: fused_nn_contrib_conv2d_NCHWc_add_nn_relu_3] Trial #251: GFLOPs: 166.7497. Time: 1388.9827 us. Best GFLOPs: 239.8629
2024-05-19 20:39:59 [INFO] [task_scheduler.cc:131] [Task #15: fused_nn_contrib_conv2d_NCHWc_add_nn_relu_3] Trial #252: GFLOPs: 194.8806. Time: 1188.4836 us. Best GFLOPs: 239.8629
2024-05-19 20:39:59 [INFO] [task_scheduler.cc:131] [Task #15: fused_nn_contrib_conv2d_NCHWc_add_nn_relu_3] Trial #253: GFLOPs: 216.6769. Time: 1068.9301 us. Best GFLOPs: 239.8629
2024-05-19 20:39:59 [INFO] [task_scheduler.cc:131] [Task #15: fused_nn_contrib_conv2d_NCHWc_add_nn_relu_3] Trial #254: GFLOPs: 32.1921. Time: 7194.6947 us. Best GFLOPs: 239.8629
2024-05-19 20:39:59 [INFO] [task_scheduler.cc:131] [Task #15: fused_nn_contrib_conv2d_NCHWc_add_nn_relu_3] Trial #255: GFLOPs: 40.4324. Time: 5728.3904 us. Best GFLOPs: 239.8629
2024-05-19 20:39:59 [INFO] [task_scheduler.cc:131] [Task #15: fused_nn_contrib_conv2d_NCHWc_add_nn_relu_3] Trial #256: GFLOPs: 6.5137. Time: 35557.5452 us. Best GFLOPs: 239.8629
